21
 energy: -31.165607047568 gnorm: 0.056407311560 xtb: 6.7.1 (edcfbbe)
C           -4.03501000056300       -0.21565700572400       -0.69794176217600
C           -2.84773594385000       -0.71913434980200        0.09943456966600
O           -1.68743141810500        0.01186370381400       -0.31558527296300
C           -0.53994969906000       -0.34462824342100        0.32801585402200
O           -0.45799996003700       -1.20708811997400        1.19130076363200
C            0.60439382635500        0.48361827606400       -0.18607564318600
C            1.90075312692500        0.11076745191500        0.51184522162500
O            2.94726996520500        0.92793365059500       -0.01661794150800
C            4.19779736969800        0.63323730256600        0.59318185411000
H           -4.18332200107000        0.85668030554300       -0.53302030138800
H           -3.86453091050000       -0.35216527259400       -1.77097750167600
H           -4.94837746876400       -0.74629195400100       -0.41499007823000
H           -2.69947308104500       -1.78772349449700       -0.09241695794200
H           -3.02419058904200       -0.55638742088800        1.16856879891900
H            0.38505322698000        1.54393225017500       -0.01821286837600
H            0.70626704232300        0.32589775857300       -1.26556598034700
H            1.81691025268000        0.27832940528100        1.59239838064200
H            2.13966191267500       -0.94553459208400        0.33907418170700
H            4.95734394025500        1.28461091431600        0.15271400973400
H            4.15368522845200        0.82544581410800        1.66950491579800
H            4.47888518048700       -0.40770637996300        0.40666941860300
21
 energy: -31.168117936701 gnorm: 0.016709865170 xtb: 6.7.1 (edcfbbe)
C           -4.03756182775481       -0.20761552850801       -0.70645135751011
C           -2.85670917339640       -0.71932412213773        0.09730868814366
O           -1.68695540211605       -0.00032531031278       -0.30356010341842
C           -0.54489959930555       -0.34145001776794        0.32363750513418
O           -0.47351790680733       -1.19168087421042        1.17226011191381
C            0.60898385520836        0.48271456627092       -0.18401099725423
C            1.91014936048651        0.11255874611672        0.51251565772458
O            2.95290324890284        0.92236886328096       -0.00973331816097
C            4.19677770423721        0.63360384503013        0.59256137704742
H           -4.18408761154455        0.85725897235252       -0.53014510506639
H           -3.86436945955205       -0.35510357776071       -1.77170401489902
H           -4.93990623516511       -0.74136323964329       -0.41762111564597
H           -2.69331435088259       -1.78731780725393       -0.08007634245333
H           -3.01518880410974       -0.56676339433838        1.16986773178589
H            0.38754365613224        1.54001442387449       -0.02363721755419
H            0.70623545816288        0.33154389048462       -1.26119616353172
H            1.81847049698637        0.27392519933731        1.59464291808847
H            2.14059534734757       -0.94756250291823        0.34375258928034
H            4.93469405762647        1.29415488052070        0.13756180752227
H            4.15825070234678        0.81882985572088        1.67108503131729
H            4.48190648319596       -0.40846686813584        0.41424597820243
21
 energy: -31.168401562007 gnorm: 0.006978507286 xtb: 6.7.1 (edcfbbe)
C           -4.03436238877838       -0.20387731895822       -0.70927790706334
C           -2.85737682816270       -0.71918605170059        0.09700165238550
O           -1.68302246637687       -0.00440982274280       -0.29855866377636
C           -0.54678833152262       -0.34028452265730        0.32201335568599
O           -0.48056089859239       -1.18947165185226        1.16828931062694
C            0.61025861365133        0.48500257656791       -0.18591683632282
C            1.91058873577857        0.11161122746194        0.51355403326001
O            2.94998023447358        0.91602060252991       -0.00428714313478
C            4.19237736526365        0.63469032491128        0.59036728332290
H           -4.17733472806383        0.85780444209556       -0.52839450866698
H           -3.85747825220436       -0.35508442690492       -1.77049252361542
H           -4.93380962426544       -0.73830426944029       -0.41903792437224
H           -2.69215854713600       -1.78826581300349       -0.07564046367930
H           -3.01321401234209       -0.57081782613591        1.17112245816864
H            0.38989233963732        1.54170968924972       -0.02702978226146
H            0.70798684274488        0.33550366877203       -1.26226978189134
H            1.81311717040161        0.26888896591907        1.59735034864102
H            2.13502973672684       -0.95179454269139        0.34728368518487
H            4.91769976095485        1.30056313596372        0.12692797353404
H            4.16316229659023        0.81697250602968        1.67100566442768
H            4.48601298122082       -0.40727089341165        0.41729343021249
21
 energy: -31.168435329980 gnorm: 0.002401205264 xtb: 6.7.1 (edcfbbe)
C           -4.03193604180830       -0.20239424017225       -0.71010131589276
C           -2.85712907975384       -0.71980037628315        0.09766524270194
O           -1.68189499255704       -0.00542689456547       -0.29727513313546
C           -0.54776851399972       -0.34054923837830        0.32201936244909
O           -0.48073313939238       -1.19073997435664        1.16948359813067
C            0.60998959440090        0.48521357801340       -0.18619208749851
C            1.90965029200495        0.11047297960132        0.51442389457529
O            2.94742730636720        0.91308478575259       -0.00207782641636
C            4.19065756046354        0.63619291480674        0.58845712336802
H           -4.17284957447068        0.85914564147965       -0.52866244254218
H           -3.85302224530352       -0.35363393605617       -1.77064834501660
H           -4.93250360499975       -0.73579992571743       -0.42114680197835
H           -2.69253772445532       -1.78928252672462       -0.07482378574529
H           -3.01361327213036       -0.57175887187007        1.17201680367464
H            0.39031276975714        1.54191871123884       -0.02657328440925
H            0.70854810640380        0.33517867876870       -1.26236012612879
H            1.80911549968997        0.26588695489386        1.59894127094924
H            2.13094891620328       -0.95449678182826        0.34918161944346
H            4.91205766639693        1.30382829298734        0.12228667540528
H            4.16627601817770        0.81836988043918        1.66996322586302
H            4.48900445900449       -0.40540965202727        0.41672599286889
21
 energy: -31.168442755428 gnorm: 0.000552555990 xtb: 6.7.1 (edcfbbe)
C           -4.03044749347044       -0.20135551816974       -0.71073230171999
C           -2.85744251917513       -0.72057984168529        0.09834556955678
O           -1.68168744827677       -0.00637774763657       -0.29629313866813
C           -0.54842380728487       -0.34143562500186        0.32271633927875
O           -0.47940129583490       -1.19193807636844        1.17099650455710
C            0.60961218863613        0.48428263683554       -0.18538015314565
C            1.90916923175078        0.10921412618408        0.51552926537355
O            2.94549120101914        0.91160287030890       -0.00112942011219
C            4.18992204962332        0.63773872969746        0.58675822194238
H           -4.16957324679585        0.86065292860301       -0.52944922550927
H           -3.84978662002953       -0.35197354673072       -1.77127806845988
H           -4.93299637652571       -0.73303292495409       -0.42397534584089
H           -2.69370840661239       -1.79012811356869       -0.07469675384103
H           -3.01488526883255       -0.57222067603832        1.17253706385097
H            0.39019678499739        1.54101488526107       -0.02517169585654
H            0.70857198999111        0.33374424957250       -1.26150196287096
H            1.80730564074582        0.26377652959877        1.60035771914347
H            2.12909350436445       -0.95643483642019        0.35077462511714
H            4.90948068067503        1.30637498825260        0.11913627522388
H            4.16837412342277        0.82048871475006        1.66856164862813
H            4.49113508761119       -0.40341375248809        0.41519849401837
21
 energy: -31.168444728456 gnorm: 0.000661174754 xtb: 6.7.1 (edcfbbe)
C           -4.02955926506964       -0.20022501547885       -0.71160748778132
C           -2.85833858443260       -0.72128483953621        0.09880318064955
O           -1.68180161134399       -0.00762590185519       -0.29510372848720
C           -0.54893187467258       -0.34295529984241        0.32406936704163
O           -0.47847942067851       -1.19330181400433        1.17256563422587
C            0.60926400765955        0.48263021943495       -0.18385615279429
C            1.90919880997545        0.10800663700043        0.51671601851492
O            2.94415972268203        0.91111340184661       -0.00099438911261
C            4.18975494154981        0.63924724361273        0.58524210936984
H           -4.16714086534674        0.86222447501281       -0.53042312531767
H           -3.84737125869746       -0.35033889600966       -1.77218692919826
H           -4.93391966251168       -0.73013639081674       -0.42704116590720
H           -2.69546484246039       -1.79079232785015       -0.07469968522533
H           -3.01669247491176       -0.57269253149591        1.17273136101474
H            0.38998128295925        1.53941388948656       -0.02356368179510
H            0.70838199395996        0.33204655779826       -1.25999301869825
H            1.80748509370761        0.26247347637432        1.60159707552887
H            2.12925265413030       -0.95766122029301        0.35209253249659
H            4.90808128708373        1.30867212899945        0.11653280235902
H            4.16966691256996        0.82263002593453        1.66698083467626
H            4.49247315384671       -0.40144381831616        0.41344210910594
21
 energy: -31.168445779915 gnorm: 0.000279037746 xtb: 6.7.1 (edcfbbe)
C           -4.02926740638248       -0.19945985614142       -0.71227950858034
C           -2.85902162320090       -0.72151838664382        0.09885524673977
O           -1.68182122559273       -0.00846243938205       -0.29429190173793
C           -0.54910051945728       -0.34411190718390        0.32515553077435
O           -0.47869852786533       -1.19431705913567        1.17350054907953
C            0.60909238757176        0.48151275499157       -0.18280908070431
C            1.90942928742668        0.10747435690061        0.51729513362610
O            2.94375574004749        0.91129065590707       -0.00127156468505
C            4.18986135789639        0.64001859670474        0.58451627149440
H           -4.16613924523418        0.86306265407263       -0.53096516241003
H           -3.84636515857454       -0.34951892298066       -1.77274729500455
H           -4.93427528830665       -0.72863116075320       -0.42860227620825
H           -2.69665825887337       -1.79104746500236       -0.07471765559497
H           -3.01787560904663       -0.57298675864506        1.17267348803331
H            0.38978990942251        1.53832310443317       -0.02270873720359
H            0.70814950598738        0.33111152802518       -1.25897869522039
H            1.80849848526368        0.26223547599344        1.60212315206415
H            2.13027431751501       -0.95793086404938        0.35258623511432
H            4.90756371289147        1.30979684232709        0.11530127620068
H            4.16999951508041        0.82362171345094        1.66610920778323
H            4.49280864343031       -0.40046286288691        0.41255944710553
21
 energy: -31.168446542983 gnorm: 0.000173992109 xtb: 6.7.1 (edcfbbe)
C           -4.02889039383230       -0.19863292815090       -0.71298990831410
C           -2.85954274596814       -0.72163772640082        0.09883751883637
O           -1.68169979352773       -0.00923309711816       -0.29350819025170
C           -0.54922367509504       -0.34523776912703        0.32622297372030
O           -0.47938830480884       -1.19548376833172        1.17446230502964
C            0.60892844184206        0.48048420735398       -0.18184683646227
C            1.90963392449336        0.10702756356908        0.51778419843959
O            2.94339765762984        0.91142232941751       -0.00149234640563
C            4.18995917398381        0.64079880426202        0.58377956226347
H           -4.16512605554251        0.86387646596192       -0.53149557753572
H           -3.84535144029616       -0.34870880854443       -1.77328102308295
H           -4.93436183120653       -0.72729057281507       -0.42993320127090
H           -2.69773219808201       -1.79126810077700       -0.07474023584828
H           -3.01893964998550       -0.57324482445122        1.17261272499804
H            0.38942554842530        1.53726315300052       -0.02183411123281
H            0.70776821989559        0.33011614076848       -1.25803804992640
H            1.80939909241774        0.26203405622148        1.60260216570837
H            2.13118770551338       -0.95818095948394        0.35301540601255
H            4.90690481350447        1.31093094418063        0.11402415179982
H            4.17042631609027        0.82450528814466        1.66531606977752
H            4.49322519454792       -0.39954039767799        0.41180606441107
