21
 energy: -32.503649965761 gnorm: 0.069237908690 xtb: 6.7.1 (edcfbbe)
C            3.43242604585900        0.16048227632500        0.26811064769100
C            2.07676221297900       -0.33046197274600       -0.14587403008000
O            1.87547302780100       -1.05997884898400       -1.10706819020900
O            1.13222446126900        0.18451858013300        0.73371892437200
C           -0.17691023209200       -0.21013033869800        0.43877068266200
C           -0.62309079078300       -1.44955161775500        0.90180986154800
C           -1.93748177756300       -1.83834649893100        0.65439707597000
C           -2.79595767290000       -0.98561154828900       -0.03982909525200
C           -2.34538937706900        0.26148742811100       -0.48338587228100
C           -1.02899969890400        0.67253266456100       -0.23756094641500
C           -0.54663063132000        2.00793384836800       -0.71903699801400
H            3.65843399072300       -0.18411698972500        1.28030340150600
H            4.18710645797500       -0.24251973979100       -0.41335993864300
H            3.46298494123800        1.25168115699900        0.21584723597700
H            0.04752020992200       -2.11035872074700        1.44201281803600
H           -2.29275906424500       -2.80584159255400        0.99873477179100
H           -3.82022135063000       -1.29201741066600       -0.23756410558200
H           -3.03269499076800        0.90965630674900       -1.02252613082200
H           -1.37408934687800        2.62337562266100       -1.08755035183700
H            0.16937629922700        1.87758559012700       -1.53655748949500
H           -0.06808271384100        2.55968180484900        0.09660772907600
21
 energy: -32.508455151618 gnorm: 0.019869280091 xtb: 6.7.1 (edcfbbe)
C            3.43870871757352        0.15890141891033        0.26258899932282
C            2.07502404747507       -0.32303488688030       -0.14424769230202
O            1.85050561077876       -1.04115462542535       -1.07871383304965
O            1.13058202963969        0.17794671944008        0.70279591721368
C           -0.18983516804588       -0.20720533621200        0.44136300526738
C           -0.63141372798313       -1.44307942685184        0.89132006255680
C           -1.93814576891468       -1.83132781350571        0.64900433871712
C           -2.79182015442259       -0.98393447209905       -0.03764125548991
C           -2.34345359326578        0.25272170283873       -0.47541560660499
C           -1.03643554006041        0.66579984598371       -0.24067626484887
C           -0.54534248144263        1.99889532718024       -0.71632806675540
H            3.65359438174115       -0.16624501515003        1.27846497310150
H            4.18839115480100       -0.24555602253804       -0.41589843384072
H            3.46596266381363        1.24600884503385        0.22923765837832
H            0.04619768402663       -2.09767250698703        1.42110411268092
H           -2.28870599973192       -2.79389307312962        0.99415693501003
H           -3.81115952281923       -1.28704528718216       -0.23364925994289
H           -3.02193704689889        0.90384777876135       -1.00948630472004
H           -1.37155109814206        2.60493735640958       -1.08698116609090
H            0.17591293877637        1.87034649547594       -1.52446166448296
H           -0.05507912689861        2.54074297592431        0.09346354587877
21
 energy: -32.508975268618 gnorm: 0.008001913576 xtb: 6.7.1 (edcfbbe)
C            3.43897056853390        0.16338301250947        0.26480505371883
C            2.07323782903317       -0.31933105290804       -0.14408207785343
O            1.83579607026652       -1.03621732162264       -1.07262753615640
O            1.13127046416813        0.17474778211958        0.68422973348280
C           -0.19326037326953       -0.20889460841918        0.43704852773334
C           -0.63278446618225       -1.44348567555437        0.88253795488280
C           -1.94018192817391       -1.82908533063113        0.64973480920775
C           -2.79427682048077       -0.98140311621367       -0.03161055023786
C           -2.34604404069141        0.25264372810976       -0.46643624250436
C           -1.03995662080083        0.66364801540196       -0.24198824657295
C           -0.54133132531026        1.99293693562109       -0.71774485205856
H            3.64889923234255       -0.15523070148770        1.28263597816450
H            4.18371305850015       -0.24275559037127       -0.41305842346756
H            3.46513691592306        1.24973570482792        0.23891601684872
H            0.05221110968566       -2.09509412793425        1.40356416593153
H           -2.28590590995481       -2.79224328526133        0.99186469858024
H           -3.81174341252293       -1.28318733192666       -0.22865059949663
H           -3.01860199073804        0.90759950974603       -1.00007570514355
H           -1.36371962651551        2.59918347737639       -1.08858258349591
H            0.18180211842352        1.85823781743775       -1.52218774512175
H           -0.04323085223640        2.52481215917729        0.09170762355746
21
 energy: -32.509031640881 gnorm: 0.003038980090 xtb: 6.7.1 (edcfbbe)
C            3.43815795583759        0.16699893970739        0.26731881753985
C            2.07332539717787       -0.31780417655945       -0.14407329078694
O            1.83805326699871       -1.03820321510555       -1.07317052783973
O            1.13045549703624        0.17476254959066        0.67875179044779
C           -0.19391583698588       -0.21099235948759        0.43324735106323
C           -0.63223030885715       -1.44643516759041        0.87707625054959
C           -1.94115030747009       -1.83059449851692        0.64831447300892
C           -2.79750094714954       -0.98006037211707       -0.02756250233940
C           -2.34914975721414        0.25432878171088       -0.46254367319477
C           -1.04154657103200        0.66340038148844       -0.24267349010229
C           -0.53829896902541        1.99032632904412       -0.71982595255511
H            3.64481092954701       -0.15106862045147        1.28614321811918
H            4.18441619712336       -0.23858841798333       -0.40849114559773
H            3.46196565320102        1.25350393534123        0.24120493226782
H            0.05640266337825       -2.09853161999508        1.39282954970990
H           -2.28571290979620       -2.79399464407064        0.99088187293050
H           -3.81669150450292       -1.27927304775778       -0.21984042867076
H           -3.02170256009859        0.91304043851939       -0.99212067014381
H           -1.35726316531409        2.60008722239737       -1.09129264748013
H            0.18460213773701        1.85015596958853       -1.52383768501176
H           -0.03702686059102        2.51894159224425        0.08966375808469
21
 energy: -32.509074693257 gnorm: 0.002261989879 xtb: 6.7.1 (edcfbbe)
C            3.43706088810739        0.17299947142967        0.27132399160983
C            2.07519131901878       -0.31859803132667       -0.14326075139337
O            1.84853868420630       -1.04452486239608       -1.07274596847342
O            1.12877182632109        0.17388406757228        0.67094602719563
C           -0.19472529644612       -0.21524214852197        0.42579947453781
C           -0.63150104718871       -1.45187781299655        0.86766807289638
C           -1.94316198351676       -1.83248158250028        0.64601602440322
C           -2.80305957110323       -0.97663918799353       -0.01965744491660
C           -2.35462131821412        0.25801608692017       -0.45568465871724
C           -1.04405101065407        0.66299523523464       -0.24390397067150
C           -0.53418795137673        1.98657501489826       -0.72318429814177
H            3.63992901026202       -0.14317067156532        1.29172268092604
H            4.18753593851511       -0.23092321738133       -0.40049426734114
H            3.45571632000707        1.25970661134272        0.24257901159473
H            0.06135396672287       -2.10580613607551        1.37573292836505
H           -2.28636632930411       -2.79693711709619        0.98746653958375
H           -3.82502754542965       -1.27207808282039       -0.20430517164396
H           -3.02819223002670        0.92140738526469       -0.97892199971092
H           -1.34821114375064        2.60206127074522       -1.09562934167959
H            0.18766327068753        1.83857804932328       -1.52717190846275
H           -0.02865579683726        2.51205565793991        0.08570503003889
21
 energy: -32.509095380773 gnorm: 0.002983691418 xtb: 6.7.1 (edcfbbe)
C            3.43683737193801        0.17729612438400        0.27444035057477
C            2.07785198879371       -0.32049198183300       -0.14331689057459
O            1.85917984848457       -1.05167058948905       -1.07102843913605
O            1.12780515885231        0.17248557387219        0.66507852153920
C           -0.19515149458497       -0.21856263978413        0.42010239998531
C           -0.63113405924588       -1.45610198689804        0.86013247505236
C           -1.94470677758976       -1.83351070675344        0.64364590263747
C           -2.80678620281155       -0.97356462568100       -0.01387275959309
C           -2.35835595349460        0.26111594652561       -0.45029628542971
C           -1.04569584103859        0.66257080085066       -0.24466205361453
C           -0.53212914489047        1.98397909505116       -0.72578647369167
H            3.63779856949912       -0.13595806568848        1.29619046964200
H            4.19118134119142       -0.22525740394698       -0.39393406338768
H            3.45135547153207        1.26402809153137        0.24289274140761
H            0.06345489037292       -2.11234453970058        1.36279225916421
H           -2.28786853294158       -2.79842280020962        0.98408788426869
H           -3.83105031903038       -1.26571362618355       -0.19169640311053
H           -3.03349967942239        0.92735641640617       -0.96802653050065
H           -1.34363795633820        2.60241128058106       -1.09895245579452
H            0.18880586436005        1.83164206304307       -1.52988516480666
H           -0.02425454363574        2.50871357391959        0.08209451536715
21
 energy: -32.509114423936 gnorm: 0.002075730736 xtb: 6.7.1 (edcfbbe)
C            3.43722846707127        0.18144788079129        0.27753031903629
C            2.08182841180146       -0.32454373205505       -0.14320086349762
O            1.87101810421240       -1.06048469989500       -1.06836053963052
O            1.12739173611282        0.17018266135685        0.65921599438535
C           -0.19515650641472       -0.22198014840121        0.41436615109284
C           -0.63094874778642       -1.46024504843770        0.85242970932537
C           -1.94644517453922       -1.83398384937144        0.64128575780523
C           -2.81032501178578       -0.96981242051432       -0.00777668791758
C           -2.36154606573239        0.26458025022668       -0.44458361581515
C           -1.04680661444438        0.66196566391498       -0.24544176490015
C           -0.53098058367978        1.98166074044220       -0.72856535935245
H            3.63731191319815       -0.12842366676318        1.30040251470989
H            4.19582170962957       -0.21865536532341       -0.38769554142105
H            3.44653408214572        1.26820461979734        0.24362870306385
H            0.06419837888164       -2.11970623653609        1.34984081991005
H           -2.29018574377811       -2.79931927241759        0.98004224950598
H           -3.83663117906504       -1.25872217723632       -0.17907464288379
H           -3.03855498576634        0.93306875054735       -0.95672801324128
H           -1.34124624726099        2.60131651089156       -1.10263972804586
H            0.18923679059075        1.82640380632128       -1.53266278255822
H           -0.02174273339050        2.50704573265880        0.07798732042794
21
 energy: -32.509129494347 gnorm: 0.001018762846 xtb: 6.7.1 (edcfbbe)
C            3.43823176536657        0.18570551950676        0.28116445371333
C            2.08721162926410       -0.32936386214423       -0.14373180256815
O            1.88424733371631       -1.07250020422656       -1.06403774966333
O            1.12753631821870        0.16743617934937        0.65200748368582
C           -0.19455745671037       -0.22573149269452        0.40765775276216
C           -0.63049327600547       -1.46477123276814        0.84328710415103
C           -1.94819693622741       -1.83435389834254        0.63847479012481
C           -2.81415901162639       -0.96538115156495       -0.00085863059000
C           -2.36469774660215        0.26864558491188       -0.43781169999430
C           -1.04761370041207        0.66123463108344       -0.24639498191263
C           -0.53064353069952        1.97950071255278       -0.73201082117405
H            3.63682752302303       -0.12023736172574        1.30545072610920
H            4.20200472190050       -0.21112810156382       -0.38025266279715
H            3.44101886582766        1.27241435513284        0.24504681221206
H            0.06484714260158       -2.12837455639301        1.33468591742051
H           -2.29284119935366       -2.79998384170480        0.97543458690057
H           -3.84276632416762       -1.25037363534273       -0.16457944902175
H           -3.04384591548591        0.93978049293839       -0.94333325644394
H           -1.34063714552832        2.59898204060432       -1.10710810280944
H            0.18904735351743        1.82205296778292       -1.53602971547348
H           -0.02052041061685        2.50644685460535        0.07293924536785
21
 energy: -32.509138315789 gnorm: 0.000790131212 xtb: 6.7.1 (edcfbbe)
C            3.43956728806943        0.18921170963999        0.28456201462853
C            2.09341897033117       -0.33664435968595       -0.14284183830313
O            1.89654743972369       -1.08799311559541       -1.05718033945904
O            1.12822838410977        0.16515065970998        0.64412937162921
C           -0.19330650134892       -0.22880191775079        0.40047542496581
C           -0.62956770536548       -1.46846761578264        0.83393284452489
C           -1.94929597829852       -1.83448813563703        0.63564530475608
C           -2.81758051578544       -0.96112294001022        0.00573440173403
C           -2.36738018034663        0.27260991466195       -0.43127013743236
C           -1.04808428979626        0.66083691888557       -0.24780002590619
C           -0.53161891307371        1.97851938643609       -0.73558851184921
H            3.63667109443052       -0.11282600763503        1.31023587242080
H            4.20863100853149       -0.20365533644890       -0.37303611221262
H            3.43456064125623        1.27583829882412        0.24643222373943
H            0.06614350994565       -2.13614039947626        1.31921625456694
H           -2.29439025412427       -2.80047660712738        0.97100350614740
H           -3.84825393581340       -1.24236567013328       -0.15066451343735
H           -3.04844760837587        0.94669277212378       -0.93006467964401
H           -1.34234383606016        2.59647341793535       -1.11157010122401
H            0.18800349601617        1.82020179819668       -1.53942827749268
H           -0.02150211402532        2.50744722886639        0.06807731784663
21
 energy: -32.509144106933 gnorm: 0.000584106037 xtb: 6.7.1 (edcfbbe)
C            3.44024179954407        0.18893239927044        0.28566528967426
C            2.09576934511625       -0.33975123580403       -0.14231722176054
O            1.90032598229776       -1.09849915453398       -1.05097981940989
O            1.12867915151335        0.16637501792452        0.63986119429537
C           -0.19247136540661       -0.22853905374968        0.39739472942980
C           -0.62827014529262       -1.46867094194319        0.83015843185934
C           -1.94842106023062       -1.83440963609093        0.63439262093660
C           -2.81806234420085       -0.96020246287863        0.00754454726066
C           -2.36827850866617        0.27376880648987       -0.42924506574841
C           -1.04857645856984        0.66156352589979       -0.24846840828225
C           -0.53369423763782        1.97979882641004       -0.73666302038892
H            3.63616508030957       -0.11106825358062        1.31226974370907
H            4.21123242918883       -0.20336150500398       -0.36982928623631
H            3.43268432347123        1.27534201057032        0.24584666578418
H            0.06807950563809       -2.13711470048816        1.31342858920076
H           -2.29288788947067       -2.80064675221851        0.96964518587160
H           -3.84916520764707       -1.24071588534389       -0.14652031811277
H           -3.04992479138133        0.94877503223380       -0.92591332716060
H           -1.34533553636241        2.59632718904477       -1.11291203097850
H            0.18638938857183        1.82237132885894       -1.54028741371477
H           -0.02447946078481        2.50972544493013        0.06692891377049
21
 energy: -32.509160725288 gnorm: 0.001689007906 xtb: 6.7.1 (edcfbbe)
C            3.44187999805368        0.18585855372386        0.28736383160594
C            2.10047012033549       -0.35015129636665       -0.13805809035226
O            1.90637377216341       -1.12607167813094       -1.03290997371213
O            1.12967185236085        0.17219431232358        0.62972604090557
C           -0.19058591973601       -0.22530378560875        0.39084775609576
C           -0.62425137430287       -1.46658001699131        0.82290974603977
C           -1.94458293558391       -1.83372337773328        0.63173857251202
C           -2.81768910976995       -0.95952860524053        0.00960014643412
C           -2.37019108741655        0.27549912373601       -0.42664939061041
C           -1.05033355938732        0.66461916786950       -0.25039704294975
C           -0.54046676395368        1.98511851164140       -0.73828708375312
H            3.63698347198695       -0.11012850468876        1.31540952878453
H            4.21581207895177       -0.20548141574744       -0.36475904733301
H            3.42899060105921        1.27191904259695        0.24416448555489
H            0.07447290717965       -2.13525271265262        1.30248949765323
H           -2.28635800148898       -2.80077138682324        0.96738569372684
H           -3.84909288104012       -1.24014378231399       -0.14072203827294
H           -3.05331086567924        0.95171492782596       -0.91961230417596
H           -1.35465512373645        2.59770527780346       -1.11529239231565
H            0.18152347816813        1.83123011774095       -1.54097332015302
H           -0.03466065816394        2.51727752703285        0.06602538431472
21
 energy: -32.509184247223 gnorm: 0.011442899528 xtb: 6.7.1 (edcfbbe)
C            3.44811392610705        0.17361402730176        0.29442801090329
C            2.11580743830627       -0.38559286062654       -0.12317585405489
O            1.92943203051758       -1.22432813877470       -0.96699937866109
O            1.13221302136267        0.19606932535654        0.59154958404240
C           -0.18507259071767       -0.21233366737589        0.36711510359098
C           -0.60888760019611       -1.45834536302959        0.79678669690778
C           -1.92996733735716       -1.83098479668315        0.62210810623071
C           -2.81641790628863       -0.95727051644624        0.01726207540519
C           -2.37903121683419        0.28200662015169       -0.41742025882204
C           -1.05866313830169        0.67665921967964       -0.25718617105485
C           -0.56509406328343        2.00436489398389       -0.74387648774506
H            3.64198500776349       -0.10893268141331        1.32701312136566
H            4.23096512892321       -0.21571590470045       -0.34739434295520
H            3.41894073581948        1.25863437339266        0.24003765052382
H            0.09922634702496       -2.12705736838835        1.26305136596334
H           -2.26152762297255       -2.80138313207245        0.95851756345773
H           -3.84873445633351       -1.24003012143820       -0.12018106667779
H           -3.06911475386094        0.96069253435355       -0.89748577309310
H           -1.38693235233923        2.60431673674515       -1.12451881746216
H            0.16383380967498        1.86160215699435       -1.54262725670325
H           -0.07107440701447        2.54401466298665        0.06299612883773
21
 energy: -32.509218383659 gnorm: 0.006679283712 xtb: 6.7.1 (edcfbbe)
C            3.44804840288952        0.17239181457908        0.29434307460819
C            2.11411767265353       -0.38304857902755       -0.12295556450056
O            1.92602870348232       -1.21473872580920       -0.97005587251871
O            1.13225524736818        0.19522019186268        0.59319730987005
C           -0.18547055232874       -0.21212927352771        0.36843001112667
C           -0.60921727590510       -1.45782932105619        0.79870348310712
C           -1.92989497864510       -1.83099251788684        0.62283610776996
C           -2.81568013345937       -0.95818910349463        0.01606702667257
C           -2.37850726408193        0.28111835125376       -0.41866247693072
C           -1.05857876430015        0.67656491765355       -0.25696666646634
C           -0.56466699056266        2.00408784821628       -0.74356042570840
H            3.64237264509849       -0.11133786255696        1.32646574776177
H            4.22913054171434       -0.21805707764192       -0.34880679562266
H            3.42123554068811        1.25737434961197        0.24062808994271
H            0.09884189684436       -2.12545318692999        1.26631012941344
H           -2.26147784344714       -2.80116928000134        0.95969810660672
H           -3.84764820165177       -1.24171156741711       -0.12255303349203
H           -3.06842930305679        0.95906976331635       -0.89993278267732
H           -1.38610763324794        2.60466116210151       -1.12385186963185
H            0.16378674039669        1.86103327984534       -1.54260996709077
H           -0.07013845044873        2.54313481690595        0.06327636775936
21
 energy: -32.509277132499 gnorm: 0.004979715146 xtb: 6.7.1 (edcfbbe)
C            3.45175961225035        0.16258670601748        0.29884587996796
C            2.11910062696028       -0.39806708479188       -0.11363772922408
O            1.93354390620785       -1.25238526016192       -0.93639923285924
O            1.13358798793850        0.20824891863087        0.57256768136898
C           -0.18356292460229       -0.20371789589882        0.35659057634380
C           -0.60077710645036       -1.45151527421836        0.78728025762059
C           -1.92093967506232       -1.82918214691156        0.61857938419903
C           -2.81326556050233       -0.95871514597740        0.01836099229316
C           -2.38316080131755        0.28329840176934       -0.41573256811766
C           -1.06391770551532        0.68364804339689       -0.26084027028927
C           -0.57844154918469        2.01477223698386       -0.74615955829425
H            3.64679574513602       -0.11576616327055        1.33245363702828
H            4.23358278159403       -0.23041711620756       -0.34141465005310
H            3.42222190356120        1.24690695412289        0.23958856246427
H            0.11274756454889       -2.11709553417857        1.24929791284575
H           -2.24656415151065       -2.80108918973413        0.95615168246324
H           -3.84491933068856       -1.24572392935119       -0.11493766338157
H           -3.07789274431176        0.96041057376481       -0.89133155391113
H           -1.40320028030800        2.60957780467878       -1.12803870237419
H            0.15306614142644        1.87736752928738       -1.54332751049873
H           -0.08976444016963        2.55685757204668        0.06210287240739
21
 energy: -32.509298573117 gnorm: 0.019642876591 xtb: 6.7.1 (edcfbbe)
C            3.46544781119644        0.12969867436566        0.31591691382982
C            2.13826778182555       -0.45411430409664       -0.08074328876722
O            1.96796607768349       -1.40297017972328       -0.80778095767007
O            1.13780001096212        0.25793682950344        0.49227928044878
C           -0.17703832378962       -0.17336603946007        0.31065395248887
C           -0.56945636656904       -1.42931626316942        0.74276335598554
C           -1.88850166991503       -1.82238872279067        0.60181221901997
C           -2.80586299356786       -0.95891479992414        0.02915142216436
C           -2.40211775174597        0.29303563485114       -0.40287924978313
C           -1.08459369437137        0.70957019005789       -0.27550318343199
C           -0.62866131508681        2.05326747490232       -0.75570068059379
H            3.66278081545675       -0.12778579825506        1.35518507465251
H            4.25121387580329       -0.27431624345057       -0.31241442488304
H            3.42721179335831        1.21195619869540        0.23509155085598
H            0.16347917437267       -2.08924695128045        1.18260027278093
H           -2.19288762174909       -2.80105152180000        0.94035164686909
H           -3.83664193588304       -1.25864531763671       -0.08349254643686
H           -3.11624224036594        0.96636562242622       -0.85581847108528
H           -1.46509953223151        2.62755562484439       -1.14397951659034
H            0.11443491419307        1.93609568745373       -1.54534583174706
H           -0.16149880957637        2.60663420448390        0.05785246189217
21
 energy: -32.509444386950 gnorm: 0.002339743515 xtb: 6.7.1 (edcfbbe)
C            3.46082350859734        0.14096495924477        0.31153163567149
C            2.12656926247934       -0.42578429390702       -0.09493103499565
O            1.95538340750529       -1.33408980110933       -0.85865330622308
O            1.13554923688745        0.24018719617647        0.51945912513352
C           -0.18158674792674       -0.18361260735649        0.32750275413398
C           -0.58088205141338       -1.43612410943202        0.76172702555355
C           -1.89993573520013       -1.82413808793157        0.60889619472016
C           -2.80785715209349       -0.95923482131500        0.02526914847263
C           -2.39664117854984        0.28914368701602       -0.40877417265335
C           -1.07880468577404        0.70012105542694       -0.27072869584960
C           -0.60988355962687        2.03796188284037       -0.75149664417530
H            3.65802103650081       -0.12693065690055        1.34730995397367
H            4.24062348468061       -0.26745092839994       -0.32338478201562
H            3.43897572986687        1.22460175823074        0.23898981633531
H            0.14419613786167       -2.09753676576090        1.21080690763931
H           -2.21264469801424       -2.80061354061732        0.94541373097999
H           -3.83805283885004       -1.25768609254413       -0.09703794103635
H           -3.10720883542809        0.95938944006610       -0.87044309556893
H           -1.44056061495987        2.62207442141687       -1.13744126439237
H            0.12794508005685        1.91238386527910       -1.54391106069633
H           -0.13402878659943        2.58637343957395        0.05989570499221
21
 energy: -32.509502183483 gnorm: 0.001366341143 xtb: 6.7.1 (edcfbbe)
C            3.46481758197971        0.13346784980445        0.31654895630402
C            2.13053977765705       -0.43824983844942       -0.08659981729595
O            1.96646781033729       -1.37066840046408       -0.82443533124409
O            1.13644137848953        0.25256844106274        0.49641589280264
C           -0.18061172176468       -0.17639782604925        0.31442956888321
C           -0.57276537651681       -1.43086605991687        0.74970591218313
C           -1.89181202397482       -1.82231742457550        0.60429708825015
C           -2.80620342304616       -0.95906099118064        0.02829243877539
C           -2.40248234132820        0.29210144569359       -0.40503917796090
C           -1.08495257566036        0.70660856536688       -0.27470009162977
C           -0.62250525177015        2.04709026449122       -0.75403179524909
H            3.66263655598891       -0.12980660213629        1.35349751989839
H            4.24423426977475       -0.28037455727061       -0.31595314371637
H            3.44442730492523        1.21690347355332        0.23831570953400
H            0.15650747924901       -2.09107765552575        1.19347095643246
H           -2.19984572212425       -2.80019613625945        0.94101840445574
H           -3.83636890804989       -1.26103746173233       -0.08797129351053
H           -3.11948786651543        0.96013358694196       -0.86012507818123
H           -1.45548241559187        2.62701966622725       -1.14171480077546
H            0.11832916932503        1.92630965491951       -1.54427594846228
H           -0.15188370138385        2.59785000549635        0.05885403050577
21
 energy: -32.509213209012 gnorm: 0.024100808692 xtb: 6.7.1 (edcfbbe)
C            3.47801276981324        0.11133550873932        0.33280982841468
C            2.14508369153651       -0.48161114252214       -0.05739503011228
O            2.00575335377391       -1.49405899326229       -0.70674384486400
O            1.14003812908057        0.28996236694697        0.41783532153458
C           -0.17688449342646       -0.15529435933072        0.26894670091356
C           -0.54700600127622       -1.41533773382552        0.70807680935494
C           -1.86689985626541       -1.81610707172285        0.58932815396342
C           -2.80230307446681       -0.95685499562068        0.04027461971301
C           -2.42145952492950        0.30248078949575       -0.39162488682876
C           -1.10420317142203        0.72663899336102       -0.28879307334467
C           -0.66300837597690        2.07615218010656       -0.76300422526617
H            3.67923092632462       -0.13561128306080        1.37377042971449
H            4.25707288153213       -0.31745935660630       -0.29170576164918
H            3.45795397450530        1.19392928548531        0.23547403248027
H            0.19575075767607       -2.07363158639051        1.13239777793972
H           -2.15999338500585       -2.79872999334257        0.92608130753876
H           -3.83250889667666       -1.26893437359051       -0.05533520930088
H           -3.15906780781575        0.96496793818640       -0.82294536317610
H           -1.50358538475641        2.64213531593762       -1.15656214371137
H            0.08798381413462        1.97133849310707       -1.54592472743630
H           -0.20996032635895        2.63469001790599        0.05503928412158
21
 energy: -32.509533832744 gnorm: 0.006813716992 xtb: 6.7.1 (edcfbbe)
C            3.47224760560519        0.12219666759541        0.32566302761504
C            2.13834844749152       -0.46056708897028       -0.07099973872997
O            1.98842869138731       -1.43255684924270       -0.76340368657005
O            1.13861525895390        0.27051075181925        0.45495989178803
C           -0.17865826890455       -0.16622508539868        0.28977692180111
C           -0.55941211218056       -1.42342859037859        0.72714741574830
C           -1.87918600237502       -1.81910345785050        0.59633047419213
C           -2.80449023004457       -0.95754959761465        0.03500847540388
C           -2.41257949473643        0.29782045208867       -0.39756885110539
C           -1.09495207826276        0.71675011099724       -0.28232268418013
C           -0.64373701908212        2.06190832337061       -0.75935924432191
H            3.67197186780345       -0.13295349942093        1.36461552606809
H            4.25113145528285       -0.29950827864498       -0.30303883382904
H            3.45246736418960        1.20527266432508        0.23764642686479
H            0.17640157435375       -2.08315510390915        1.16069275298461
H           -2.17994515476384       -2.79913355325264        0.93344397378069
H           -3.83499955296889       -1.26425874531946       -0.06939469195325
H           -3.14081113915117        0.96289226613762       -0.83937726205429
H           -1.48080174630944        2.63450037383591       -1.15020909617913
H            0.10243534172133        1.94961011197731       -1.54577165025918
H           -0.18247480800950        2.61697812785257        0.05616085293495
21
 energy: -32.509494374563 gnorm: 0.005223501237 xtb: 6.7.1 (edcfbbe)
C            3.46646835535455        0.13308590831037        0.31849230047015
C            2.13159925632757       -0.43948832427666       -0.08462988112783
O            1.97107349573829       -1.37100273243411       -0.82013705446973
O            1.13718538632573        0.25104151619955        0.49214988781151
C           -0.18043827782792       -0.17717017094298        0.31065082653798
C           -0.57184253535373       -1.43153001247481        0.74625843801891
C           -1.89149495350664       -1.82210544763682        0.60334423627468
C           -2.80668096821846       -0.95824851249723        0.02972479710454
C           -2.40368319026025        0.29315003204768       -0.40352955906348
C           -1.08568632550428        0.70684474434599       -0.27583899420058
C           -0.62442697686625        2.04764060745000       -0.75569785125531
H            3.66470000726435       -0.13027413596780        1.35543515318757
H            4.24517417586574       -0.28151871151940       -0.31440279189358
H            3.44696202506961        1.21664406257066        0.23980254921316
H            0.15701713265765       -2.09269151697624        1.18904595883765
H           -2.19993256551793       -2.79953955004426        0.94081658563590
H           -3.83749195465643       -1.25958019371960       -0.08349428496649
H           -3.12251714340572        0.96081227617271       -0.85584944434469
H           -1.45796926897669        2.62685709238968       -1.14383553497818
H            0.11692114715500        1.92784296752603       -1.54560466962618
H           -0.15493682166414        2.59923010147430        0.05729933283324
21
 energy: -32.509550648251 gnorm: 0.002116916600 xtb: 6.7.1 (edcfbbe)
C            3.46926874303564        0.12906003104431        0.32175724037405
C            2.13631632153286       -0.45257969630333       -0.07648453858207
O            1.98199943139547       -1.40929537477132       -0.78536534902600
O            1.13817424082597        0.26055599612500        0.47027913145476
C           -0.17914816278594       -0.17249922153745        0.29816118042059
C           -0.56569713343392       -1.42816068372373        0.73454187077618
C           -1.88577691540719       -1.82055234546602        0.59927601832937
C           -2.80628759312963       -0.95707689097414        0.03347968841587
C           -2.40830169404682        0.29609499211556       -0.39949093422991
C           -1.09016377604760        0.71160466943535       -0.27967433228909
C           -0.63408000119969        2.05481745640760       -0.75773821935846
H            3.66871539235520       -0.12873818312889        1.36004309807559
H            4.24914876629319       -0.28754705054608       -0.30831608720851
H            3.44630195335614        1.21215890055782        0.23757253277915
H            0.16685371047909       -2.08944052400674        1.17123015754366
H           -2.19016951094300       -2.79946775540088        0.93628180283303
H           -3.83716484786821       -1.26017313307124       -0.07421071517820
H           -3.13144691656662        0.96371903941094       -0.84517378346967
H           -1.46942218520221        2.63028544529715       -1.14744278630998
H            0.11010929919055        1.93907110447024       -1.54554627512131
H           -0.16922912183322        2.60816322406293        0.05682029977018
21
 energy: -32.509565758630 gnorm: 0.000927188135 xtb: 6.7.1 (edcfbbe)
C            3.46896674999592        0.13067360517484        0.32012354936673
C            2.13731189774738       -0.45398238089478       -0.07557801939979
O            1.98333727860929       -1.41595415583837       -0.77618736016310
O            1.13832666249611        0.26015851516897        0.46780651541458
C           -0.17881865659096       -0.17341458348136        0.29690182696414
C           -0.56617399855059       -1.42889542421055        0.73345920844449
C           -1.88636643478581       -1.82085192474426        0.59848710959866
C           -2.80666400985472       -0.95684463217842        0.03318993651211
C           -2.40797309544874        0.29630881916750       -0.39938817846332
C           -1.08966123051014        0.71109812537722       -0.28023224370265
C           -0.63359047285181        2.05484157386242       -0.75697080785886
H            3.66804833135834       -0.12328793068566        1.35945171414789
H            4.24990502409004       -0.28639432601591       -0.30801680608783
H            3.44357602702408        1.21314671154527        0.23218203144123
H            0.16606524895225       -2.09077470107091        1.16973769511485
H           -2.19099951853052       -2.79970046562472        0.93555284216297
H           -3.83769502359869       -1.25904721176126       -0.07391754487167
H           -3.13045359998520        0.96520958594586       -0.84410097108172
H           -1.46912251159225        2.63062905666706       -1.14557155369793
H            0.11041574643491        1.93997188945539       -1.54511321372554
H           -0.16843441440884        2.60710985413878        0.05818426988402
21
 energy: -32.509603825075 gnorm: 0.001745592776 xtb: 6.7.1 (edcfbbe)
C            3.46793733357247        0.13867080795935        0.31346607322659
C            2.14190463624792       -0.46488647394858       -0.06672281243088
O            1.99037082298547       -1.44639497608666       -0.73903772996624
O            1.13882810398039        0.25710857091522        0.45843078554595
C           -0.17764509648393       -0.17765901630891        0.29139554696120
C           -0.56820578562492       -1.43238770441678        0.72807384284261
C           -1.88927528238780       -1.82155572658345        0.59505051225952
C           -2.80883512756393       -0.95505536258791        0.03232949039137
C           -2.40737737956102        0.29790015975427       -0.39860678351165
C           -1.08803064272665        0.70940522451819       -0.28200147101037
C           -0.63152009780353        2.05485505619198       -0.75407104043044
H            3.67050458691010       -0.10054193397743        1.35585857092421
H            4.25231263858967       -0.27789481552111       -0.30991840392795
H            3.43035970267793        1.21923349775364        0.21214059186754
H            0.16248937112427       -2.09680705994005        1.16302665044517
H           -2.19508677184807       -2.79999607372267        0.93240644153874
H           -3.84061185389573       -1.25388764608331       -0.07300347689068
H           -3.12740179454896        0.97143628188265       -0.84008830902991
H           -1.46746885537696        2.63255743174946       -1.13830762128605
H            0.11148432177997        1.94325030857129       -1.54367927494596
H           -0.16473283004666        2.60264944987794        0.06325841742650
21
 energy: -32.509640752026 gnorm: 0.002794144385 xtb: 6.7.1 (edcfbbe)
C            3.46758078226367        0.14746549460127        0.30724252612641
C            2.14712415606055       -0.47914904703245       -0.05530257085905
O            2.00169109813332       -1.48480503357685       -0.69485312412738
O            1.13884410377026        0.25418441213173        0.44636215870606
C           -0.17718802491924       -0.18188551223188        0.28557651987943
C           -0.56998687170112       -1.43629307947746        0.72119945862944
C           -1.89252736885790       -1.82165032727584        0.59065823200780
C           -2.81178481146243       -0.95233147245865        0.03158566247837
C           -2.40844326509420        0.30058003826348       -0.39728886612305
C           -1.08787998345023        0.70870518002304       -0.28258005550173
C           -0.62985680399274        2.05513541591218       -0.75059694340468
H            3.67950269675178       -0.07330661653817        1.35236440539086
H            4.25448565735636       -0.26861376517010       -0.31331875961360
H            3.41508308281995        1.22613112086713        0.18970843905181
H            0.15927772711680       -2.10383628414297        1.15366634542756
H           -2.19969018019883       -2.79983019721804        0.92750299532273
H           -3.84456157781834       -1.24842113446051       -0.07216731617284
H           -3.12724957229083        0.97761300953874       -0.83555871449860
H           -1.46545369654165        2.63595265717409       -1.13082615448856
H            0.11175590012138        1.94590041308130       -1.54175084924940
H           -0.16072304806653        2.59845472798715        0.06837661101769
21
 energy: -32.509666865411 gnorm: 0.003941804146 xtb: 6.7.1 (edcfbbe)
C            3.46770130174441        0.15512102769362        0.30222898727836
C            2.15195803501923       -0.49384739140910       -0.04107089022510
O            2.01475204481863       -1.51861627862927       -0.65256421149061
O            1.13854343834352        0.25129442992282        0.43509642050335
C           -0.17722774844642       -0.18575029029529        0.27977338165355
C           -0.57153354218416       -1.43999783556296        0.71418989775579
C           -1.89563162508736       -1.82147521729206        0.58624658158072
C           -2.81468623123366       -0.94943821715954        0.03111746935017
C           -2.41018608693547        0.30367136329861       -0.39581995344989
C           -1.08847358960740        0.70857991964136       -0.28294275077651
C           -0.62858564114724        2.05547950430441       -0.74766316939649
H            3.69187896110545       -0.04847452804877        1.34858380376378
H            4.25533045330572       -0.25979507489419       -0.31853797732922
H            3.40017682133777        1.23169673786284        0.16985700837505
H            0.15650180934278       -2.11055100143203        1.14380208501640
H           -2.20417495631874       -2.79949876376855        0.92222814090734
H           -3.84838133115692       -1.24356050422047       -0.07105193471978
H           -3.12892044899987        0.98302077253141       -0.83079522554511
H           -1.46356695354665        2.63948795717868       -1.12457992212480
H            0.11146524325701        1.94749497775645       -1.54034531578826
H           -0.15693995361057        2.59515841251927        0.07224757466049
21
 energy: -32.509682792707 gnorm: 0.003829422461 xtb: 6.7.1 (edcfbbe)
C            3.46803128014419        0.15911507150124        0.30036704413841
C            2.15482016623596       -0.50183726779269       -0.03209790624558
O            2.02464253358032       -1.53840468859185       -0.62492285813415
O            1.13822475123336        0.25010829602758        0.42685296900155
C           -0.17755990468700       -0.18779503671696        0.27592649937275
C           -0.57201705855148       -1.44233459100977        0.70894970225763
C           -1.89724194929589       -1.82133567453830        0.58303417986784
C           -2.81651193128888       -0.94744944980972        0.03136733683476
C           -2.41194509429367        0.30609183063530       -0.39419319973506
C           -1.08957758585772        0.70907040169619       -0.28273162299796
C           -0.62832408614093        2.05581417844594       -0.74626252596511
H            3.70088832020635       -0.03322377110820        1.34676005799423
H            4.25490521413341       -0.25624393007411       -0.32148523771870
H            3.39222442355276        1.23391084172487        0.15835134704513
H            0.15552689346533       -2.11490314083683        1.13594757512395
H           -2.20658404374747       -2.79942374273855        0.91804359451956
H           -3.85079661312674       -1.24078587296548       -0.06938973774026
H           -3.13161901575403        0.98613927930631       -0.82661814716639
H           -1.46280976686996        2.64192651076164       -1.12131199437187
H            0.11037442214802        1.94780824885387       -1.54013513143568
H           -0.15465095508591        2.59375250722679        0.07354805535421
21
 energy: -32.509699010593 gnorm: 0.001668578047 xtb: 6.7.1 (edcfbbe)
C            3.46869247190053        0.16073742325124        0.30074747720725
C            2.15643120475506       -0.50583009806804       -0.02510243640299
O            2.03309528114240       -1.54933367297860       -0.60463619732326
O            1.13790435671889        0.25012695011870        0.41978597781670
C           -0.17810591228601       -0.18861938637211        0.27252554141138
C           -0.57168580952424       -1.44372523912106        0.70420443958121
C           -1.89774830020645       -1.82125977737075        0.58031784048749
C           -2.81767143649915       -0.94596469538420        0.03242645354935
C           -2.41389414777883        0.30831274577061       -0.39210505398160
C           -1.09114700141672        0.71005267190415       -0.28260011121376
C           -0.62904236618959        2.05634379900176       -0.74619059856634
H            3.70799057906708       -0.02432781236334        1.34613207779399
H            4.25344307905407       -0.25658173897139       -0.32295888433283
H            3.38935034281603        1.23387247681706        0.15235770323215
H            0.15603911697181       -2.11784486717089        1.12806311354489
H           -2.20730417165021       -2.79977100923689        0.91387097975427
H           -3.85232768384112       -1.23927575495001       -0.06652263445759
H           -3.13553651996101        0.98810532368254       -0.82165143981544
H           -1.46327608607704        2.64376872314213       -1.12002992837931
H            0.10815707554698        1.94739194145850       -1.54130474545513
H           -0.15336407254240        2.59382199683792        0.07267042554884
21
 energy: -32.509708384925 gnorm: 0.003208746293 xtb: 6.7.1 (edcfbbe)
C            3.46951266165676        0.16476342995657        0.29934850537618
C            2.15953520514649       -0.51330652922983       -0.01430943693818
O            2.04519330769272       -1.57537959224028       -0.56384481975841
O            1.13782650566666        0.25082008736777        0.40548747247917
C           -0.17831547990336       -0.19009226851907        0.26500223409443
C           -0.57122703737846       -1.44568641870357        0.69580804534426
C           -1.89829706121839       -1.82158144956589        0.57545226982713
C           -2.81938652764424       -0.94395812397520        0.03386918825723
C           -2.41631195859599        0.31158191676529       -0.38872678092224
C           -1.09288730099910        0.71109143675198       -0.28403660505537
C           -0.63044748019761        2.05792098423364       -0.74561494380928
H            3.71519466462834       -0.00766218632364        1.34504996284728
H            4.25268755591858       -0.25692589571043       -0.32355812943468
H            3.38466841057386        1.23556912424230        0.13859390337669
H            0.15685975044278       -2.12233257399238        1.11458900695673
H           -2.20769104888263       -2.80091803237882        0.90685738438551
H           -3.85457831981775       -1.23634354244437       -0.06146203076476
H           -3.14006051148612        0.99273963881912       -0.81243850748482
H           -1.46500975963611        2.64705489629551       -1.11604955446967
H            0.10451405239848        1.94930714498458       -1.54291849347327
H           -0.15177962836484        2.59333795366405        0.07290132916535
21
 energy: -32.509716772296 gnorm: 0.001537053177 xtb: 6.7.1 (edcfbbe)
C            3.47016350018672        0.16416678482433        0.29996555753218
C            2.15982432430759       -0.51357193434932       -0.01220785330432
O            2.04616508833114       -1.57712916429425       -0.55694726658278
O            1.13819290074770        0.25157099842887        0.40192305778656
C           -0.17809469478542       -0.18974444957086        0.26232139485383
C           -0.57042529223414       -1.44550456222695        0.69325468009056
C           -1.89744913705330       -1.82187419602559        0.57430932330547
C           -2.81937546713650       -0.94390442708929        0.03485961940692
C           -2.41682937029709        0.31205312757509       -0.38741658264218
C           -1.09332167618064        0.71153160818908       -0.28507971863530
C           -0.63196405800947        2.05879757886574       -0.74666298605455
H            3.71457492166318       -0.00819857151337        1.34582661394673
H            4.25305418287330       -0.25927846795362       -0.32190481337610
H            3.38689463684581        1.23478816590130        0.13835552754819
H            0.15819242689591       -2.12217050253687        1.11095842637296
H           -2.20607870221580       -2.80154327524659        0.90544777795320
H           -3.85463736326553       -1.23604454453539       -0.05881792969332
H           -3.14122437163987        0.99369008113227       -0.80910126102533
H           -1.46724561088619        2.64746891248156       -1.11599335709448
H            0.10233803258239        1.95077476073017       -1.54468868572592
H           -0.15275427072975        2.59412207721101        0.07159847533697
21
 energy: -32.509725593812 gnorm: 0.001246790974 xtb: 6.7.1 (edcfbbe)
C            3.47162423220934        0.16461177176251        0.29947347946049
C            2.16289355595312       -0.51960508870749       -0.00532158784290
O            2.05141521924861       -1.59282745870048       -0.53078971512589
O            1.13940222773700        0.25224376145975        0.38967310657111
C           -0.17699473084847       -0.19016222190168        0.25417848407496
C           -0.56891246878311       -1.44597139177097        0.68565864719760
C           -1.89631887104849       -1.82209198963154        0.57114925360947
C           -2.82021502466173       -0.94296865920106        0.03677093111870
C           -2.41826351159126        0.31342859687013       -0.38468409322450
C           -1.09412398862167        0.71225098516505       -0.28781301558566
C           -0.63545869805743        2.06114017807720       -0.74782576209162
H            3.71502184530508       -0.00222771291625        1.34722810768504
H            4.25626730231505       -0.26096903198846       -0.31822818193686
H            3.38619955124430        1.23435349736617        0.13178589774851
H            0.16039451838002       -2.12327005105426        1.10103370003487
H           -2.20345422305221       -2.80215059260820        0.90243923848405
H           -3.85602912448890       -1.23369546369283       -0.05298714335726
H           -3.14319390831228        0.99743639943507       -0.80150625081385
H           -1.47250959754079        2.64952263302694       -1.11325067760922
H            0.09713811402975        1.95629116311154       -1.54779778570981
H           -0.15488241941590        2.59466067589621        0.07081336731206
21
 energy: -32.509724590971 gnorm: 0.002023481081 xtb: 6.7.1 (edcfbbe)
C            3.47311252892542        0.16505233646116        0.29898854262212
C            2.16603329346244       -0.52574786927125        0.00165791618400
O            2.05679109050499       -1.60884645561284       -0.50413978284506
O            1.14063649604566        0.25293844039195        0.37714861513612
C           -0.17587127157111       -0.19058292567373        0.24587306068187
C           -0.56736354423817       -1.44644305186172        0.67791582587108
C           -1.89516273237258       -1.82230509386712        0.56793742211068
C           -2.82106916703884       -0.94201192108360        0.03872401712816
C           -2.41973092916106        0.31483107552849       -0.38190097332923
C           -1.09494774023255        0.71298877421224       -0.29059735881147
C           -0.63902974854269        2.06353230061853       -0.74900626200425
H            3.71546728863559        0.00386211055865        1.34867234034743
H            4.25955173328879       -0.26270840287503       -0.31445433909380
H            3.38549019792325        1.23389159388774        0.12509915220906
H            0.16264866148960       -2.12439242297260        1.09090420083982
H           -2.20077533612335       -2.80275987953497        0.89938532370108
H           -3.85744668126471       -1.23130561170072       -0.04703897037484
H           -3.14521258682380        1.00124839699712       -0.79376991753575
H           -1.47788609882290        2.65162009358278       -1.11044975449186
H            0.09182565074501        1.96192007083893       -1.55096441892520
H           -0.15706110482895        2.59521844137332        0.07001536057931
21
 energy: -32.509729108615 gnorm: 0.001203580366 xtb: 6.7.1 (edcfbbe)
C            3.47289118487154        0.16439946032349        0.29980817432892
C            2.16628168348083       -0.52493875765181       -0.00090042230420
O            2.05719558657548       -1.60699819055334       -0.50874957949113
O            1.14062698844448        0.25285857603021        0.37722185269625
C           -0.17585143776928       -0.19045371579830        0.24671147255719
C           -0.56736116414465       -1.44627004807648        0.67893944541369
C           -1.89525245666247       -1.82179773175881        0.56888060762342
C           -2.82095681304241       -0.94193668452191        0.03869681230513
C           -2.41974576402547        0.31464678304562       -0.38239946831511
C           -1.09501313756884        0.71300380273131       -0.29016183709003
C           -0.63892683705004        2.06333316653136       -0.74865057121275
H            3.71525767193353        0.00312335655344        1.34913189611013
H            4.25968639548574       -0.26266412283114       -0.31392121808127
H            3.38507899977098        1.23307325974088        0.12668513699262
H            0.16260047801551       -2.12440422707072        1.09174516359721
H           -2.20111095343214       -2.80208706006782        0.90061464201787
H           -3.85729869356808       -1.23170427042770       -0.04761684211640
H           -3.14527624338300        1.00046269029844       -0.79522512363267
H           -1.47763372812106        2.65144948103208       -1.11059667003522
H            0.09199963759361        1.96145223184786       -1.55043508614143
H           -0.15719139740422        2.59545200062069        0.07022161477707
21
 energy: -32.509731103520 gnorm: 0.000499344189 xtb: 6.7.1 (edcfbbe)
C            3.47292539181446        0.16361723114116        0.30151525919610
C            2.16805619491470       -0.52651614782701       -0.00288455544105
O            2.06046210261904       -1.60934796751176       -0.50864709538825
O            1.14090810081819        0.25240052904114        0.37264262367829
C           -0.17540408589235       -0.19061079378370        0.24505884160981
C           -0.56687351222860       -1.44633087391449        0.67791891367578
C           -1.89518041546570       -1.82081932207177        0.56963736385249
C           -2.82107335154109       -0.94126865446040        0.03944903010038
C           -2.42027687021938        0.31503278176563       -0.38239339128623
C           -1.09538329911047        0.71324009373541       -0.29043241421959
C           -0.63979122917518        2.06373297851920       -0.74832378748405
H            3.71537737914238        0.00429582828347        1.35054673004328
H            4.26110585036818       -0.26238826200129       -0.31163148672954
H            3.38325000577896        1.23165084040315        0.12742745780777
H            0.16318475821068       -2.12526190498111        1.08918632792961
H           -2.20130930314685       -2.80068811949120        0.90247358585816
H           -3.85751828587078       -1.23155479629576       -0.04628838807258
H           -3.14625675560565        1.00038435520034       -0.79530268281536
H           -1.47885964347883        2.65190864675996       -1.10974045352229
H            0.09060148314303        1.96244712548821       -1.55057310980648
H           -0.15794451507466        2.59607643199817        0.07036123101305
21
 energy: -32.509731640492 gnorm: 0.000226187833 xtb: 6.7.1 (edcfbbe)
C            3.47313708862651        0.16370182106666        0.30158907300234
C            2.16836085161684       -0.52721349782904       -0.00200759261235
O            2.06087296353852       -1.61091696928121       -0.50575644451104
O            1.14106913355989        0.25232777585373        0.37099559019125
C           -0.17519338156234       -0.19073794410218        0.24367633156542
C           -0.56658001077307       -1.44648371602411        0.67657229329068
C           -1.89496106672522       -1.82093673938393        0.56920259572818
C           -2.82117346020739       -0.94112471611862        0.03994754988536
C           -2.42041538481450        0.31525632421208       -0.38187265896951
C           -1.09544187902315        0.71329240214709       -0.29092724331283
C           -0.64025040072101        2.06403003245045       -0.74869695755621
H            3.71475939687103        0.00460563975712        1.35096712981945
H            4.26172345934180       -0.26256798266641       -0.31076069425021
H            3.38348001622235        1.23172285328869        0.12691474830442
H            0.16359730140025       -2.12540594123762        1.08758659974513
H           -2.20091216742327       -2.80079547260655        0.90222239112923
H           -3.85768427569690       -1.23116162208342       -0.04499800707895
H           -3.14652187459895        1.00092949002693       -0.79398199196255
H           -1.47959161459989        2.65211640365410       -1.10953186029841
H            0.08995576053372        1.96326259379431       -1.55120255786629
H           -0.15823045556517        2.59609926507926        0.07006170575616
