29
 energy: -40.348500020592 gnorm: 0.047851781455 xtb: 6.7.1 (edcfbbe)
O           -0.26332602163800       -1.62809688089400       -2.04327236073000
C           -0.29982859831300       -0.93856490260900       -1.02630921593700
C           -1.43239259205000       -1.14743605036200       -0.09404616173400
C           -2.20742023034100       -0.06575233058900        0.34117060428600
C           -3.28767965578600       -0.28808192874100        1.19591344423700
C           -3.60110554482600       -1.58700262020900        1.60042653986200
C           -2.84342729103300       -2.66768382694100        1.14512002187200
C           -1.76232392655600       -2.45072723565200        0.29018655985700
N            0.65042735380300        0.04679084364900       -0.72476355064600
C            1.04096692782100        0.33038503403600        0.65948723851600
C            1.64787818808300        1.72228134751800        0.80223673541500
C            2.79157325986500        1.92991923584700       -0.18572493637200
C            2.32485379663500        1.64155367441200       -1.60885000699600
C            1.69999168541600        0.25430022557200       -1.72015579748300
H           -1.97679022712100        0.94308364020700        0.00880288195200
H           -3.89150805247600        0.54836914458900        1.53870699042600
H           -4.44687660388100       -1.75957027126800        2.26191197141500
H           -3.10107809303500       -3.67945919817000        1.44807359210600
H           -1.18177724734800       -3.29212870242700       -0.08081000505000
H            0.19899488458300        0.22988304194600        1.34691728373100
H            1.77144614284400       -0.43538124080300        0.94989889408400
H            2.00897922107500        1.86793188945200        1.82622582344800
H            0.87266750150500        2.47719561897700        0.62078864862500
H            3.62623162493400        1.26620986006800        0.07064733991500
H            3.16262154219000        2.95836555544200       -0.11597135284200
H            3.16728776770400        1.72756591318500       -2.30386726974800
H            1.58484174546800        2.39657863929500       -1.90272907533400
H            2.45795326947300       -0.52483548875600       -1.57227715767200
H            1.28881917247200        0.12430701286400       -2.72773767923600
29
 energy: -40.353052325811 gnorm: 0.015033101855 xtb: 6.7.1 (edcfbbe)
O           -0.24887276764204       -1.57277596056660       -2.06047188129398
C           -0.28654193921457       -0.92854927789353       -1.02364816961625
C           -1.41129962467906       -1.13351193761635       -0.06942571741933
C           -2.19132490355375       -0.06483745220313        0.36630274293400
C           -3.28158756506635       -0.29227946522764        1.19174207280658
C           -3.59460754917372       -1.58308553986867        1.59017877743019
C           -2.83784180970593       -2.65235194104227        1.13618714684262
C           -1.75570387600805       -2.43124691749246        0.29863043295516
N            0.64206074618030        0.04577196147464       -0.72643700474144
C            1.04082698294764        0.31897410091263        0.64770974338911
C            1.63283011638028        1.71816247837563        0.78925434520028
C            2.78828011604747        1.92353662536628       -0.18434762773938
C            2.30840781100173        1.63753221232324       -1.60250103082865
C            1.70355376623824        0.24124751725323       -1.70536285365666
H           -1.96298170894554        0.93829254617506        0.03311652895582
H           -3.88609533839800        0.53862504053516        1.52995295352788
H           -4.43513807111902       -1.75670708527344        2.24920780314714
H           -3.09234170828328       -3.66023472121340        1.43591953847103
H           -1.17440060467004       -3.26361780490946       -0.07354502704868
H            0.17874310080634        0.21265154875184        1.30921222978594
H            1.79159868163439       -0.42703981425750        0.95193841909604
H            1.98222408768042        1.85373927341758        1.81602351759354
H            0.85707652927223        2.46527250871219        0.59929203715717
H            3.61392943678367        1.25265836808481        0.07159961690366
H            3.15940960971899        2.94922800357387       -0.11394310664042
H            3.14394508412468        1.71359209569974       -2.30246119040321
H            1.56240211220078        2.38326899155826       -1.89238000114337
H            2.48236597443278       -0.52159875627150       -1.56325065590172
H            1.27108331047640        0.09528340125977       -2.69849363979609
29
 energy: -40.354004064255 gnorm: 0.005603965828 xtb: 6.7.1 (edcfbbe)
O           -0.25646274143512       -1.53036773979556       -2.08606314125575
C           -0.28296512370972       -0.91690788268594       -1.03326885729929
C           -1.39843155423907       -1.12139484142106       -0.06083177926256
C           -2.17826128580519       -0.05756067002534        0.37950568128966
C           -3.26857332581650       -0.28790075336976        1.19818414847105
C           -3.58545470119999       -1.57751912304490        1.58898741294159
C           -2.82550977831565       -2.64188098504779        1.13670960756558
C           -1.74440016507116       -2.41716724862664        0.30462741144809
N            0.64768419717667        0.03383172883470       -0.72726630993396
C            1.03901485056591        0.30838932473339        0.64234978394721
C            1.61506763878950        1.71525295149618        0.78566924114864
C            2.77541263657739        1.91732405216720       -0.18294114425168
C            2.29790695912335        1.63258267670695       -1.60210375707844
C            1.71176985395165        0.22849187092333       -1.69856091193723
H           -1.94098720139372        0.94595443204847        0.05888330374201
H           -3.87769403409192        0.54031280193016        1.52831215762430
H           -4.43333352792708       -1.75371425068572        2.23425295720688
H           -3.08419164764706       -3.65005303203636        1.42421277789045
H           -1.16068231439652       -3.24361589636349       -0.07061703724427
H            0.16931524025030        0.19076850158807        1.29148398601958
H            1.80368901476308       -0.42194386583493        0.95353958876492
H            1.95052629799405        1.85287789182164        1.81559635952171
H            0.83675428197153        2.45230408969364        0.57947284687197
H            3.59360094981131        1.24056014744246        0.07415440626225
H            3.14990094519259        2.93991779714597       -0.11041466563674
H            3.12697865561832        1.71251214623320       -2.30715408589516
H            1.54003795106812        2.36599831362718       -1.88435616463709
H            2.50350445909018       -0.51934124688905       -1.54645977937830
H            1.27578346857176        0.06228880907194       -2.68590403693845
29
 energy: -40.354549640913 gnorm: 0.006964450814 xtb: 6.7.1 (edcfbbe)
O           -0.28570635128033       -1.49103095287341       -2.11796322064894
C           -0.28654454112712       -0.90708969974647       -1.04729672396786
C           -1.39227214444322       -1.11162896026528       -0.06011519258739
C           -2.16645508001164       -0.04800073769385        0.38952229935195
C           -3.25767183212013       -0.28067279469461        1.20496558480589
C           -3.58006675394170       -1.57176201297278        1.58660695974711
C           -2.81709360968946       -2.63445364876127        1.13560495171106
C           -1.73653713618395       -2.40722889880802        0.30505013102453
N            0.66258663339892        0.01286590844188       -0.72652981108873
C            1.04071666103269        0.29508904137859        0.64164402304485
C            1.59588789119653        1.71213316692506        0.78047637286202
C            2.76227771048515        1.91521652497644       -0.18106059266100
C            2.28845140845092        1.62836522562177       -1.60124399058447
C            1.72706632148646        0.21388084852639       -1.69335096861219
H           -1.92304362605213        0.95701233652332        0.07791054244185
H           -3.86491056156476        0.54744427560575        1.53720970664829
H           -4.43092042862044       -1.74938733580974        2.22640113155003
H           -3.07382237552142       -3.64316351225018        1.42070368605154
H           -1.14871829593413       -3.22989604366051       -0.07128181181390
H            0.16961931815651        0.16472593240787        1.28559977690884
H            1.81726413925312       -0.42037322623550        0.95834501936575
H            1.91826354675658        1.86096527532870        1.81218434842751
H            0.81091554513386        2.43664927822237        0.55768787231725
H            3.57597628228494        1.23516579359798        0.07924434352196
H            3.13808062339741        2.93648273192477       -0.10678601283019
H            3.11316741203704        1.72187700456300       -2.30846383700763
H            1.51548970453567        2.34712137961245       -1.87857181070733
H            2.53087864105840       -0.51814447842692       -1.52696307564980
H            1.29712089729325        0.02783757818011       -2.67952970165405
29
 energy: -40.355353555130 gnorm: 0.011198562587 xtb: 6.7.1 (edcfbbe)
O           -0.35566331549393       -1.41468769699674       -2.17713626419479
C           -0.30137152536670       -0.88475919110769       -1.07614078971381
C           -1.38977128572853       -1.09383772286463       -0.06711944794495
C           -2.15404060437452       -0.02992732809690        0.39943536036770
C           -3.24130370586227       -0.26661800061943        1.21864525762819
C           -3.56852448377019       -1.56089356216592        1.58783447159517
C           -2.80286525911324       -2.62178741637927        1.13512343959858
C           -1.72587520588870       -2.39034184792643        0.30123063634261
N            0.69846303261479       -0.03433697951847       -0.72368167925194
C            1.05078602200110        0.26680351443904        0.64367003878795
C            1.56185775442437        1.70418863282848        0.77156341132775
C            2.73669823850811        1.91637300511143       -0.17822896426771
C            2.27401421454209        1.61945635477312       -1.60063327485817
C            1.76360579495563        0.18370448087811       -1.68318252223847
H           -1.90296789455967        0.97833621512643        0.10236333953364
H           -3.84235975123072        0.56181626604003        1.56170920311861
H           -4.42415039500706       -1.74168525282966        2.21992172975823
H           -3.05513426491173       -3.63209458404600        1.41833925821766
H           -1.13323984026796       -3.20838231321824       -0.07883506070592
H            0.18124464161094        0.11148622050532        1.28288890776647
H            1.84902466376385       -0.41994360055482        0.97046990954635
H            1.86048342410618        1.88178088829533        1.80576233603421
H            0.75987538371577        2.40117892609723        0.51864699172956
H            3.54792671711674        1.23686500109880        0.08972157616452
H            3.10933237992639        2.93797950445757       -0.10162152431287
H            3.09177261614388        1.74616834340140       -2.31063727970632
H            1.47026980634111        2.30756225079430       -1.87195532561797
H            2.59107099205924       -0.51603185231092       -1.48833691637361
H            1.35084184921205       -0.03837225557369       -2.66981681836371
29
 energy: -40.355848860886 gnorm: 0.011141845711 xtb: 6.7.1 (edcfbbe)
O           -0.40585248934741       -1.35327321861775       -2.21291271915330
C           -0.31512975676753       -0.86220823460885       -1.09762551072578
C           -1.39423788684159       -1.07751881938237       -0.08025150136221
C           -2.15230807065100       -0.01418340215558        0.39928082833804
C           -3.23106579694993       -0.25414682897819        1.23022911127710
C           -3.55706207147897       -1.55097774930849        1.59331383113221
C           -2.79323475503789       -2.61063448102678        1.13275672399805
C           -1.72164629434231       -2.37572582302090        0.29126762489561
N            0.73004208415627       -0.07596095825053       -0.72106597327781
C            1.06297180905427        0.24038631842206        0.64672596549412
C            1.53497590994416        1.69345331985250        0.76513563812879
C            2.71332618380301        1.92201254818220       -0.17666892177423
C            2.26376891417278        1.60964510143756       -1.60068016210642
C            1.79646152494440        0.15725663456111       -1.67454648675456
H           -1.90111935201539        0.99625474899228        0.10890220686809
H           -3.82475414486521        0.57414388951433        1.58862338538555
H           -4.40967010630942       -1.73451522054348        2.22901067333661
H           -3.04011502104282       -3.62237374525741        1.41758963913826
H           -1.12889310731305       -3.19229608593707       -0.09358079744101
H            0.19787637912943        0.06227020470230        1.28570359980802
H            1.87865967386916       -0.42246078324991        0.97889895127587
H            1.81671698917133        1.89547027542957        1.79989453227105
H            0.71646219650389        2.36523696574409        0.49374331288425
H            3.53077220676898        1.25263593577078        0.09923553803990
H            3.07412590370925        2.94797482225055       -0.10000381906162
H            3.07744413741119        1.76491846024863       -2.31041276197204
H            1.43677231800208        2.27068941414619       -1.87340743692287
H            2.64201704712834       -0.51433569730673       -1.45606695530120
H            1.40269557466105       -0.09173759197247       -2.66308851645154
29
 energy: -40.356275221220 gnorm: 0.008044287899 xtb: 6.7.1 (edcfbbe)
O           -0.43344975226431       -1.30398271587822       -2.23286075153559
C           -0.32050233885516       -0.84713651654951       -1.10750512762524
C           -1.40023208866844       -1.06524608173845       -0.09430555503777
C           -2.15534124132075       -0.00261455636591        0.39259748354304
C           -3.22452113356666       -0.24360877941785        1.23804913303592
C           -3.54479237646187       -1.54132527017028        1.60299022208579
C           -2.78813975932851       -2.60086529222975        1.12926600987695
C           -1.72370857650929       -2.36494237751810        0.27693630534563
N            0.75279948271312       -0.10935871683114       -0.71758640128676
C            1.07614979515115        0.21813781030692        0.65048290990663
C            1.51554783378487        1.68121679802809        0.76288027108735
C            2.69146506284312        1.93121590443924       -0.17643282283649
C            2.25706630884424        1.59896290844214       -1.60135019866862
C            1.82023257044111        0.13700322593962       -1.66671880739624
H           -1.91054785403859        1.00839419129748        0.09959833339908
H           -3.81226381305961        0.58409349265063        1.60976161413257
H           -4.38873622145828       -1.72626865736201        2.25098930604721
H           -3.03193783471084       -3.61341931185290        1.41635875903501
H           -1.13594111175313       -3.18320555710285       -0.11321232220149
H            0.21721030155395        0.02046479806021        1.29223573269433
H            1.90494454126801       -0.42637930042221        0.98251034739774
H            1.78887899571332        1.89935687557422        1.79622649083545
H            0.68274886037347        2.33202455903490        0.48564451565772
H            3.52397524120962        1.28226295158355        0.10769607700811
H            3.03060769852833        2.96573644964058       -0.10371045212738
H            3.07037350293276        1.77151349253361       -2.30722345976493
H            1.41780089434012        2.23920717920109       -1.88384900233194
H            2.67603967297132       -0.51336592085742       -1.43207862869882
H            1.44427333879406       -0.12787158279812       -2.65738998161038
29
 energy: -40.356682742396 gnorm: 0.008795959520 xtb: 6.7.1 (edcfbbe)
O           -0.46352511431010       -1.23680772349385       -2.26230388141667
C           -0.32439018034883       -0.82877932803328       -1.11899504725949
C           -1.40305394249689       -1.05107296377393       -0.10633344429437
C           -2.15639644421876        0.00983967342497        0.38583065183727
C           -3.21534705644960       -0.23100509761079        1.24557943620006
C           -3.52749180789165       -1.52831013789976        1.61706984490558
C           -2.78211890917505       -2.58781850832304        1.12571318355915
C           -1.72673821142906       -2.35196589898225        0.26091019817590
N            0.77765576020517       -0.14878664241563       -0.71263601647897
C            1.09433497506118        0.18921060782333        0.65529197031306
C            1.49252984787842        1.66357758530627        0.76252596379362
C            2.66188148752455        1.94568643033860       -0.17658335656580
C            2.24909606921719        1.58402714913138       -1.60168695967415
C            1.84729379477243        0.11180668677922       -1.65536091023445
H           -1.92189881049358        1.02060681656785        0.08437271302532
H           -3.79907886787080        0.59545472936219        1.62614573357577
H           -4.35782978886002       -1.71382935642342        2.28388892065523
H           -3.02616312769670       -3.60078360498539        1.41226303879574
H           -1.15002485913553       -3.17354865237289       -0.13892034453107
H            0.24109639949353       -0.03096966657072        1.29848842024170
H            1.93959940971496       -0.43313022404959        0.98548255089510
H            1.75950168930180        1.89614252897928        1.79396749097645
H            0.64145842406220        2.28883396853371        0.48295250800155
H            3.51996756994333        1.33227842251661        0.11859459867831
H            2.96266801641880        2.99450816765017       -0.11339929220075
H            3.06571206918863        1.76862057081655       -2.29979617571263
H            1.39915337744037        2.20054802084974       -1.90250653499552
H            2.71316721358938       -0.51522328155344       -1.40326723943260
H            1.48894101603181       -0.16911027195445       -2.64728802086647
29
 energy: -40.356879695139 gnorm: 0.013558564596 xtb: 6.7.1 (edcfbbe)
O           -0.46604102850368       -1.18783723208293       -2.27323225229123
C           -0.32655432511928       -0.80890063309563       -1.12975751393745
C           -1.40510835002814       -1.03767401246174       -0.11767729604388
C           -2.15885006112763        0.02101978201323        0.37611275702848
C           -3.20592094496790       -0.21854396435022        1.25072978024432
C           -3.50887102562522       -1.51477446580937        1.63224376339672
C           -2.77582344508070       -2.57429649360367        1.12324127647042
C           -1.72995061960988       -2.33908714687232        0.24665444070417
N            0.79372524887574       -0.17931777835646       -0.71026056896670
C            1.10884708636438        0.16184730595274        0.65808932818219
C            1.47290940209988        1.64230705860167        0.76543451752546
C            2.63074009330499        1.96082905236823       -0.17764579747887
C            2.24262519665398        1.56960540011535       -1.60230121127224
C            1.86706749949514        0.09145830718564       -1.64568370738623
H           -1.93298599222313        1.03171612841704        0.06667284356915
H           -3.78688150160982        0.60692532874325        1.63574220070401
H           -4.32338904035510       -1.70020799951453        2.31968698129615
H           -3.02292816524806       -3.58739530195271        1.40652517770734
H           -1.16681393363064       -3.16451231323101       -0.16426963447051
H            0.26168297281452       -0.07745332597294        1.30310857458062
H            1.96731013678961       -0.44309746370272        0.98129887508837
H            1.74050605620971        1.87772890779888        1.79505904441772
H            0.60616568366441        2.24676249793066        0.49376822966171
H            3.51819449182797        1.39131480162257        0.12718235704197
H            2.88414179103933        3.02506437418454       -0.12665784508889
H            3.06749203602015        1.75609486862329       -2.28935397412407
H            1.38936791400861        2.16781846269764       -1.92627438559553
H            2.73763592079630       -0.51867222635325       -1.38013391816374
H            1.52170690263169       -0.19872191925792       -2.63830204283262
29
 energy: -40.357048901211 gnorm: 0.012097874301 xtb: 6.7.1 (edcfbbe)
O           -0.49986263446524       -1.11084260828917       -2.31499438376504
C           -0.32977790352010       -0.79006738500456       -1.14638863481764
C           -1.40387090562682       -1.02289399340838       -0.12722773214225
C           -2.15272333706176        0.03494638088584        0.37500203011579
C           -3.19161789431421       -0.20448235333820        1.25829338238898
C           -3.49109545627975       -1.50059128320906        1.64218649845736
C           -2.76536516949093       -2.55946021713303        1.12256336426412
C           -1.72914938711919       -2.32419040812192        0.23531345513826
N            0.81887807836356       -0.22051442638243       -0.70453797937472
C            1.12435660452531        0.13025166904789        0.66260566865876
C            1.44621322675086        1.62380654864181        0.76510074416077
C            2.59659936196528        1.97289473549968       -0.17808363848434
C            2.23243068788188        1.55530481729606       -1.60263466135863
C            1.89302144912555        0.06525507136106       -1.63359649585466
H           -1.92890117759041        1.04606214911546        0.06502472607619
H           -3.77004722331358        0.62079075711416        1.64626858209325
H           -4.29740662538766       -1.68647473772196        2.33822414942591
H           -3.01216887359905       -3.57257418535638        1.40460395514842
H           -1.17120564098031       -3.14974994380272       -0.18119793871813
H            0.28137022183952       -0.13069114445724        1.30593325070155
H            2.00102367634493       -0.45078035028779        0.98497873938966
H            1.70706455636551        1.87107849425710        1.79467315245040
H            0.56105007350419        2.20252735034754        0.48905375574326
H            3.50321137833179        1.43840772495009        0.13645130584888
H            2.81159232748723        3.04700249827560       -0.13652019037755
H            3.06233291802382        1.75250465936322       -2.28209904447155
H            1.36676773567268        2.12919477283244       -1.94337876981858
H            2.77701931222845       -0.52094781402449       -1.34968268292671
H            1.56026061980569       -0.24576677881347       -2.62593460798491
29
 energy: -40.357150461674 gnorm: 0.005125601943 xtb: 6.7.1 (edcfbbe)
O           -0.48511256538559       -1.12995884853095       -2.30582123517439
C           -0.32476228292498       -0.79774827240308       -1.14198547112947
C           -1.40172777057288       -1.02672878974482       -0.12487847168138
C           -2.14940481305378        0.03263358660865        0.37688675531472
C           -3.19156621058613       -0.20637198172836        1.25523790214007
C           -3.49478222843354       -1.50259925903107        1.63658580653305
C           -2.76539204806756       -2.56181827166061        1.12407895972221
C           -1.72714237887080       -2.32711600715822        0.24006927155465
N            0.81015242886425       -0.20972149364168       -0.70622323598997
C            1.11719451443326        0.13769780409822        0.66072855320855
C            1.45077094498189        1.62701870202725        0.76608092764900
C            2.60083757911509        1.96722531099928       -0.17806117133545
C            2.23360231477954        1.55908996793321       -1.60235429906726
C            1.88270696477923        0.07346379045791       -1.63744446865068
H           -1.92112856170369        1.04343930959336        0.06989379131308
H           -3.77011362315957        0.62012676967250        1.64094181729287
H           -4.30529819670913       -1.68768923185275        2.32587349201686
H           -3.01056608793357       -3.57446892506506        1.40860232837092
H           -1.16439333828958       -3.15105069714188       -0.17223129476440
H            0.27400576336943       -0.11682941402631        1.30417968682962
H            1.98858021289399       -0.44938316799030        0.98306159067745
H            1.71472876354616        1.86797968469208        1.79657680983978
H            0.57121703374413        2.21302063682041        0.49312523752109
H            3.49738766075196        1.42473885527529        0.13320005632750
H            2.82494277314779        3.03454594686180       -0.13392127316758
H            3.06394623637226        1.75195363010789       -2.28274849833517
H            1.37351433941843        2.14025031675021       -1.93949769153392
H            2.76271405250950       -0.52033569087313       -1.36064390003044
H            1.54508852245115       -0.23136426141267       -2.62931197548446
29
 energy: -40.357206038347 gnorm: 0.002729095040 xtb: 6.7.1 (edcfbbe)
O           -0.48947973223250       -1.11157098872001       -2.31356942163260
C           -0.32720784542880       -0.78918888393671       -1.15096579238173
C           -1.40179042936607       -1.01909927104593       -0.13061338331830
C           -2.14612068683201        0.04042233054339        0.37600716726703
C           -3.18496616037199       -0.19925003621689        1.25797120965385
C           -3.48819683227942       -1.49596931874679        1.63844603102553
C           -2.75945180634352       -2.55489074669319        1.12422360675314
C           -1.72413466511868       -2.31939611249264        0.23698203206640
N            0.81895265165452       -0.22474859651105       -0.70650193398105
C            1.12018651934420        0.12439533473468        0.66065577715822
C            1.43903468785543        1.61785916798939        0.76562590203234
C            2.58715779818466        1.97033672218904       -0.17706133397896
C            2.22900327012845        1.55345697954403       -1.60135752968233
C            1.89172572706937        0.06386025460340       -1.63508840740731
H           -1.91607621689748        1.05147798504903        0.07136824449097
H           -3.76062123911413        0.62771303898273        1.64768244130735
H           -4.29657914339381       -1.68124771552227        2.32988614406937
H           -3.00212748240386       -3.56770062168182        1.41025353447449
H           -1.16127767527839       -3.14232942941986       -0.17755537099235
H            0.27888508116790       -0.13848927520902        1.30332262094091
H            1.99731288283671       -0.45414567807587        0.98307653889711
H            1.70056747513734        1.86174780199326        1.79646650638288
H            0.55253400087712        2.19433361247298        0.49279758353555
H            3.49026810850582        1.44212095662485        0.13860194653883
H            2.79377511254500        3.04130276208447       -0.13580530592443
H            3.06088990619919        1.75229363658611       -2.27871440315419
H            1.36424231090345        2.12511865260811       -1.94486833738511
H            2.77530090735073       -0.52285947634160       -1.35443651703704
H            1.55819347476805       -0.24555308575470       -2.62682954975172
29
 energy: -40.357244144769 gnorm: 0.001784554489 xtb: 6.7.1 (edcfbbe)
O           -0.49696557797593       -1.07889957924741       -2.32802514510372
C           -0.32602004491887       -0.78149105504465       -1.15893284426549
C           -1.40031926804931       -1.01056517586469       -0.13755771470627
C           -2.14005463271978        0.04992941440651        0.37371756263741
C           -3.17474577288883       -0.18909752551116        1.26059992687980
C           -3.47810435584892       -1.48573040133944        1.64184206896833
C           -2.75209562914981       -2.54528583747352        1.12472950169369
C           -1.72109172184415       -2.31045409115709        0.23224876345136
N            0.83037095185443       -0.24683730016492       -0.70543480631542
C            1.12528954291607        0.10581466166854        0.66149898625435
C            1.42279590065006        1.60422311469500        0.76606423751629
C            2.56621013496110        1.97527781669387       -0.17624141410364
C            2.22248768415304        1.54518602160722       -1.60064307456499
C            1.90248229662804        0.05152107700690       -1.63132417160595
H           -1.90831860361351        1.06087195971653        0.07003532119839
H           -3.74675919791486        0.63872595189714        1.65405835832133
H           -4.28369706488612       -1.67021820569857        2.33671563681667
H           -2.99264171684611       -3.55790479927355        1.41313440030421
H           -1.15905568663613       -3.13302701041972       -0.18449656634703
H            0.28765488214364       -0.16903809130476        1.30391952497300
H            2.01034984568680       -0.46036448003601        0.98338928129345
H            1.68154702693629        1.85160509369875        1.79693761909397
H            0.52731916112348        2.16743948390835        0.49452074190744
H            3.48051206221366        1.46964661701035        0.14596673774665
H            2.74657826919320        3.05196025035996       -0.14028668045327
H            3.05686505530066        1.75101157309159       -2.27317256742529
H            1.35315138791613        2.10419666796093       -1.95382737812905
H            2.79095490519499       -0.52508800898157       -1.34615658724827
H            1.57530016588809       -0.26340814256753       -2.62327971882110
29
 energy: -40.357255393543 gnorm: 0.001159503574 xtb: 6.7.1 (edcfbbe)
O           -0.50024780277460       -1.06369041858362       -2.33396529432406
C           -0.32455336676156       -0.77830889911920       -1.16238788557424
C           -1.39807914305459       -1.00631578484061       -0.14004468524626
C           -2.13539074335368        0.05505752840967        0.37201890536808
C           -3.16860053828438       -0.18302860785767        1.26089891933861
C           -3.47236651009608       -1.47913472280143        1.64309248836491
C           -2.74751699053196       -2.53966923933499        1.12605896451813
C           -1.71777489347299       -2.30596291786536        0.23179373433780
N            0.83667900655664       -0.25878982681095       -0.70586010959849
C            1.12802933302586        0.09573745945804        0.66118458622211
C            1.41361983063357        1.59609766353072        0.76692958753313
C            2.55373676770486        1.97621366002720       -0.17531892922433
C            2.21756878211828        1.54219645477029       -1.60006173860638
C            1.90788296043062        0.04629688336603       -1.63065863812770
H           -1.90325878083398        1.06541271364343        0.06710823133697
H           -3.73880051139871        0.64519187435952        1.65564786218505
H           -4.27807598208730       -1.66250305826936        2.33853851681213
H           -2.98729448235838       -3.55200244545312        1.41624601644056
H           -1.15545342616492       -3.12854364844055       -0.18486754224078
H            0.29231501731998       -0.18579172288193        1.30297701447078
H            2.01674594269540       -0.46362969800005        0.98384422172685
H            1.66984811963966        1.84521315783468        1.79784579827170
H            0.51458601234923        2.15255999937634        0.49499357375399
H            3.47173892878509        1.48063148450653        0.14905759190278
H            2.72379123632061        3.05336314408279       -0.14100297549047
H            3.05185487970989        1.75388810690607       -2.27037128069068
H            1.34572550433724        2.09467417448479       -1.95568223320131
H            2.79961795208590       -0.52522323945731       -1.34464405074913
H            1.58367289692765       -0.26994007540293       -2.62337064954294
29
 energy: -40.357261579315 gnorm: 0.000820766817 xtb: 6.7.1 (edcfbbe)
O           -0.50014740394707       -1.06118335031872       -2.33353528708979
C           -0.32308832936839       -0.77824061480194       -1.16211521308046
C           -1.39666135840746       -1.00570128171742       -0.14008828050380
C           -2.13422394298104        0.05625748864514        0.36988613241385
C           -3.16723612121199       -0.18050148487405        1.25962451245916
C           -3.47081524833248       -1.47601023550731        1.64338055053309
C           -2.74645783826334       -2.53743545902277        1.12737802958449
C           -1.71631517736720       -2.30509608156106        0.23319910051504
N            0.83959643111085       -0.26297177141735       -0.70620412695569
C            1.13090949537296        0.09145513611470        0.66105227751040
C            1.41116280349513        1.59243661932207        0.76714158599950
C            2.55050336894667        1.97645889644389       -0.17434501339730
C            2.21503617237865        1.54234680353870       -1.59916945218084
C            1.90927692373324        0.04606071311765       -1.63153412430535
H           -1.90274335732725        1.06617270589010        0.06300247963826
H           -3.73727610228479        0.64795486959748        1.65382537916181
H           -4.27668103709564       -1.65835258323819        2.33926996289296
H           -2.98703401563917       -3.54938864159926        1.41831436697165
H           -1.15410837082547       -3.12841919695649       -0.18201313590912
H            0.29624150170937       -0.19342355126602        1.30288421778773
H            2.02121847485809       -0.46541255004277        0.98304401243685
H            1.66558149352300        1.84283735502969        1.79800457590405
H            0.51010338608711        2.14554251961815        0.49433375531677
H            3.47011347748272        1.48328411117478        0.14967699058906
H            2.71755771058600        3.05426392002389       -0.13963081206640
H            3.04773573890558        1.75827803768731       -2.26967234031994
H            1.34067297505420        2.09175105461363       -1.95365852003002
H            2.80187702158923       -0.52418820820359       -1.34732938761134
H            1.58520132768588       -0.26877522065323       -2.62472223629774
29
 energy: -40.357267978688 gnorm: 0.000785616433 xtb: 6.7.1 (edcfbbe)
O           -0.50180475943053       -1.05759428801985       -2.33408839281069
C           -0.32178086424739       -0.77777319920060       -1.16225706755946
C           -1.39441517150367       -1.00554718035441       -0.13925201798892
C           -2.13336273794934        0.05706502971369        0.36724275944324
C           -3.16685343977356       -0.17780007602351        1.25705189510607
C           -3.46992569467763       -1.47253495841001        1.64328927956655
C           -2.74520175981113       -2.53489889273436        1.12988584377370
C           -1.71396531910709       -2.30437259410481        0.23655036791381
N            0.84404614986154       -0.26796946853509       -0.70666320325501
C            1.13526814180269        0.08654584007255        0.66094512826873
C            1.40881186662025        1.58840034921072        0.76757003405860
C            2.54726834959943        1.97602548491612       -0.17304201648501
C            2.21095205423204        1.54395189610175       -1.59824757964605
C            1.91131937845407        0.04639207236698       -1.63303053967996
H           -1.90306590627247        1.06642162744079        0.05752296848624
H           -3.73753525455185        0.65116467406312        1.64914563238560
H           -4.27592143888640       -1.65361373301587        2.33932823569336
H           -2.98672911313441       -3.54621010684857        1.42223516038157
H           -1.15160559179705       -3.12878344203836       -0.17596935480927
H            0.30210567615657       -0.20269302063619        1.30286651800546
H            2.02812470977054       -0.46697427932465        0.98145590115422
H            1.66014762636059        1.84080480902330        1.79855057578775
H            0.50597405088245        2.13743784578596        0.49273994578353
H            3.46705853470814        1.48255253022633        0.14921530223061
H            2.71417661554255        3.05363392619085       -0.13617039784037
H            3.04081705145950        1.76550790346355       -2.27005033176033
H            1.33313154891991        2.08996515770121       -1.94929634245503
H            2.80629389352573       -0.52147105002080       -1.35089229245777
H            1.58667140271387       -0.26763285737286       -2.62663601132429
29
 energy: -40.357267596865 gnorm: 0.001489425986 xtb: 6.7.1 (edcfbbe)
O           -0.50344053539713       -1.05409293404707       -2.33462495971352
C           -0.32052413654899       -0.77729632454316       -1.16240234900291
C           -1.39223067746384       -1.00538709785044       -0.13843424879162
C           -2.13252929350972        0.05785495613758        0.36467583491579
C           -3.16648048288757       -0.17517322515861        1.25456155663588
C           -3.46905114183212       -1.46915650501547        1.64320399899707
C           -2.74397864112705       -2.53243203021284        1.13231707450791
C           -1.71167676185217       -2.30366485228803        0.23980697538452
N            0.84839496628507       -0.27284004730705       -0.70711302235681
C            1.13951520704919        0.08177233344030        0.66084171475436
C            1.40651953512690        1.58447571951586        0.76797783723181
C            2.54411963076988        1.97559943528042       -0.17177231358470
C            2.20698172653700        1.54551071327799       -1.59734698077267
C            1.91332984984741        0.04670516085803       -1.63448526969149
H           -1.90340292213727        1.06666962092291        0.05218731138475
H           -3.73778254839833        0.65427887667058        1.64462458493838
H           -4.27516796199023       -1.64900919100765        2.33939635007153
H           -2.98644246556761       -3.54312046499460        1.42602530587045
H           -1.14917520518677       -3.12913336704354       -0.17009793474632
H            0.30780706296004       -0.21170411332866        1.30284000979532
H            2.03484503658709       -0.46848896056891        0.97992830162335
H            1.65483310406875        1.83885122903290        1.79907362109365
H            0.50195422387397        2.12954880652636        0.49115240898587
H            3.46406657109800        1.48182492040959        0.14876775468969
H            2.71090625181093        3.05300466717767       -0.13280092312778
H            3.03407962702188        1.77256094412945       -2.27041363874050
H            1.32578441146008        2.08821141845585       -1.94504113799047
H            2.81061498983639       -0.51883631924882       -1.35434346997555
H            1.58813057903362       -0.26653336958370       -2.62850439241911
29
 energy: -40.357273133285 gnorm: 0.000842494964 xtb: 6.7.1 (edcfbbe)
O           -0.50134535798703       -1.05714709813783       -2.33375530440090
C           -0.31927060621929       -0.77956956954269       -1.16154107041705
C           -1.39179289809952       -1.00673080014570       -0.13807063407987
C           -2.13252967636015        0.05707069643484        0.36386025566148
C           -3.16741708792067       -0.17520987846359        1.25260997285715
C           -3.47040127228618       -1.46894025216532        1.64260302429071
C           -2.74416354182429       -2.53244248684199        1.13375619910904
C           -1.71149245942590       -2.30435884634484        0.24138903272792
N            0.84718420971115       -0.27161619700765       -0.70712387446858
C            1.13962238992543        0.08177481803483        0.66071722749395
C            1.40779143721431        1.58422068540722        0.76881466095803
C            2.54515146689540        1.97547655236088       -0.17159175298797
C            2.20634118237211        1.54682197530095       -1.59734307782219
C            1.91116688743826        0.04851471756456       -1.63539583066706
H           -1.90250558575058        1.06565183260830        0.05126723385083
H           -3.73939674082141        0.65489507779107        1.64053355713037
H           -4.27722728709261       -1.64838729965612        2.33778687667603
H           -2.98596249851321       -3.54284837253411        1.42897924223227
H           -1.14814134858413       -3.13003434125812       -0.16722624996280
H            0.30870327026322       -0.21186528956116        1.30344867171691
H            2.03513628874624       -0.46900942418600        0.97808153541686
H            1.65735966711437        1.83708587164653        1.79996832616193
H            0.50333704455909        2.12985831563326        0.49360267594402
H            3.46564206267476        1.48101495607838        0.14803276694485
H            2.71193100828612        3.05329647591536       -0.13176299839400
H            3.03336851270668        1.77279984634636       -2.27112207714740
H            1.32591580788036        2.09092235009710       -1.94414503126758
H            2.80849358648468       -0.51762487842912       -1.35744818001637
H            1.58450153808014       -0.26361943730843       -2.62892517757370
29
 energy: -40.357276610315 gnorm: 0.000575967201 xtb: 6.7.1 (edcfbbe)
O           -0.50095657625956       -1.05766112817920       -2.33439880838785
C           -0.31897954512702       -0.78062731342230       -1.16225809533182
C           -1.39151548154292       -1.00701733417305       -0.13838867190782
C           -2.13258109064639        0.05729876877077        0.36223257581332
C           -3.16809918350546       -0.17437867817857        1.25012888511220
C           -3.47107248924682       -1.46771053719908        1.64215500874750
C           -2.74301961044242       -2.53134055772892        1.13613015613444
C           -1.71042633331908       -2.30392526998742        0.24335332233829
N            0.84723608845395       -0.27239785221000       -0.70722822454140
C            1.14058060379976        0.07956995053049        0.66049637686770
C            1.40797189096949        1.58246473889518        0.77033281470447
C            2.54404041754699        1.97597887722676       -0.17127352506343
C            2.20487007095965        1.54776616238215       -1.59726807982077
C            1.91006827678820        0.04930127419136       -1.63619633026504
H           -1.90172719378087        1.06544836448078        0.04903419232103
H           -3.74084658851686        0.65633960553241        1.63580454329031
H           -4.27867569211947       -1.64667225204199        2.33655253953387
H           -2.98327665833344       -3.54147830115960        1.43357228684764
H           -1.14592476741842       -3.12974711049975       -0.16381519737416
H            0.31082020006194       -0.21556466115818        1.30391888759661
H            2.03711919260389       -0.47054188900297        0.97603204791821
H            1.65954286284651        1.83352818047496        1.80151245024714
H            0.50245371658429        2.12767521001516        0.49750485870740
H            3.46587486091787        1.48247030525533        0.14721559321702
H            2.70923457651542        3.05422419224482       -0.13068260260283
H            3.03227274493841        1.77343483999593       -2.27115215226222
H            1.32434616547126        2.09219985425447       -1.94390686196896
H            2.80812602703264       -0.51619358287640       -1.36011184398793
H            1.58254351423583       -0.26244385679615       -2.62929614591602
29
 energy: -40.357279899127 gnorm: 0.000784648764 xtb: 6.7.1 (edcfbbe)
O           -0.50050072477850       -1.06082342599683       -2.33376320111014
C           -0.31835657337340       -0.78284263256436       -1.16191689895998
C           -1.39058018207869       -1.00846496393214       -0.13748873291531
C           -2.13325092505284        0.05658333402989        0.35936862493866
C           -3.17002455432225       -0.17377363142997        1.24601731648580
C           -3.47248721949003       -1.46634470347465        1.64115109502642
C           -2.74206588705778       -2.53053831444590        1.13967286754766
C           -1.70845813361206       -2.30452977926796        0.24768701818067
N            0.84686462911564       -0.27171302305345       -0.70805666106661
C            1.14200412439681        0.07794159296110        0.65977501188917
C            1.40987388604687        1.58046336127749        0.77229834144256
C            2.54415947312156        1.97555909812835       -0.17070764648027
C            2.20252292599600        1.55039896416267       -1.59695284192114
C            1.90805699664739        0.05182475046530       -1.63818737177700
H           -1.90245926569335        1.06401984733546        0.04387215912223
H           -3.74443400085603        0.65754826133693        1.62809994786591
H           -4.28138267023225       -1.64422763402785        2.33435225969394
H           -2.98113204519800       -3.54014076146790        1.43991640460622
H           -1.14255778766775       -3.13095851255538       -0.15646947929724
H            0.31346079577461       -0.21842394963266        1.30399490014784
H            2.03908242318436       -0.47233320049703        0.97296530454551
H            1.66382496960771        1.82890266947026        1.80354433715432
H            0.50420224875128        2.12647254913793        0.50270668696300
H            3.46629206097406        1.48095474451085        0.14511738696126
H            2.70985742334158        3.05357096644024       -0.12810523575885
H            3.02926857276620        1.77672568680847       -2.27155315428520
H            1.32200518199076        2.09611210587758       -1.94143000136561
H            2.80721313345136       -0.51341062795082       -1.36463964971460
H            1.57900112371412       -0.25855277200869       -2.63126878795230
29
 energy: -40.357284418173 gnorm: 0.000629600496 xtb: 6.7.1 (edcfbbe)
O           -0.50157840233473       -1.06262784205422       -2.33381926852281
C           -0.31771880909652       -0.78515565071735       -1.16185921535457
C           -1.38912022284187       -1.00996310758039       -0.13642714127278
C           -2.13447745846273        0.05610125853450        0.35432124555782
C           -3.17266788715425       -0.17207435867348        1.23989556857367
C           -3.47362787963486       -1.46339241746137        1.64012445508071
C           -2.74008656327302       -2.52857882624853        1.14526030898894
C           -1.70509384792677       -2.30486911027265        0.25426488502910
N            0.84770788205689       -0.27247995877484       -0.70942812659050
C            1.14541695846340        0.07356510356837        0.65871981650529
C            1.41182879295997        1.57619224688027        0.77530741203448
C            2.54303515368235        1.97540960323905       -0.16966887676374
C            2.19900327068654        1.55367785171933       -1.59640606315571
C            1.90638272699586        0.05481687165484       -1.64098451455804
H           -1.90474186526637        1.06242278326780        0.03447079105260
H           -3.74960325012050        0.65988979793133        1.61686388808549
H           -4.28410095163832       -1.63951685292570        2.33195394006548
H           -2.97783539325456       -3.53727681250201        1.44957982768362
H           -1.13702744595329       -3.13227950860775       -0.14477108506616
H            0.31852250509026       -0.22581419828577        1.30378583194483
H            2.04407983547145       -0.47626057606847        0.96837347245576
H            1.66901387419567        1.82144919346964        1.80672782259023
H            0.50457827440798        2.12227949944051        0.51055755737961
H            3.46680955296233        1.48136110629109        0.14247212296624
H            2.70724601568194        3.05358110336499       -0.12447783029213
H            3.02424529363255        1.78282342044428       -2.27201032406523
H            1.31733935082491        2.09971006794806       -1.93770250509038
H            2.80692990526300       -0.50967869217912       -1.37097981409049
H            1.57554058405009       -0.25331199576549       -2.63414418120436
29
 energy: -40.357285933015 gnorm: 0.000224173998 xtb: 6.7.1 (edcfbbe)
O           -0.50212184427612       -1.06282199956286       -2.33389667385921
C           -0.31809460540357       -0.78460153163356       -1.16229662279075
C           -1.38913577323061       -1.00986206301889       -0.13673779146264
C           -2.13500801734728        0.05611152006426        0.35319564113790
C           -3.17284267898415       -0.17180096416164        1.23931318215680
C           -3.47302861912265       -1.46292693095008        1.64034805393631
C           -2.73944516669844       -2.52819671040350        1.14590964362763
C           -1.70450417042064       -2.30473187171754        0.25480076792166
N            0.84772042119538       -0.27237940008365       -0.71011167785942
C            1.14531723231237        0.07296300682741        0.65831956632153
C            1.41223020847425        1.57538257718009        0.77550082852151
C            2.54304427035562        1.97544011800447       -0.16932365896216
C            2.19895282850336        1.55375968574598       -1.59599795718600
C            1.90682796005679        0.05482444336565       -1.64128102687348
H           -1.90620517516381        1.06231871443854        0.03232696009337
H           -3.74980524840263        0.66001965357159        1.61631386108147
H           -4.28298950837043       -1.63884113691774        2.33282414975881
H           -2.97727508574607       -3.53670235292774        1.45073667066860
H           -1.13623147749194       -3.13219289626248       -0.14363547284250
H            0.31779393847356       -0.22610017336856        1.30285879259942
H            2.04337020325163       -0.47806620251340        0.96821095313574
H            1.66942479054079        1.82035519892516        1.80692974846867
H            0.50507491546662        2.12208238468240        0.51118257167028
H            3.46696518977175        1.48230650200167        0.14273582865625
H            2.70637472963325        3.05354143885050       -0.12409481562260
H            3.02358397399197        1.78422897183327       -2.27155958625936
H            1.31659884737872        2.09886686420336       -1.93684526600996
H            2.80718999990805       -0.51011524746414       -1.37091572328911
H            1.57621786081164       -0.25286159907161       -2.63481094677180
29
 energy: -40.357286968460 gnorm: 0.000266067209 xtb: 6.7.1 (edcfbbe)
O           -0.50254863166398       -1.06258912696462       -2.33460933739256
C           -0.31811823205367       -0.78492719240789       -1.16298336354994
C           -1.38921602566437       -1.00979926100232       -0.13741648753948
C           -2.13578673395648        0.05620559328471        0.35128517135834
C           -3.17306035072836       -0.17121074768737        1.23831980083858
C           -3.47211960034710       -1.46208669392921        1.64085223886648
C           -2.73834582946811       -2.52752951755429        1.14707524974709
C           -1.70370151444393       -2.30449053070694        0.25554695634319
N            0.84774708188073       -0.27257161839142       -0.71091973050352
C            1.14504736616519        0.07211385398479        0.65784642315440
C            1.41259827338228        1.57419362869625        0.77618490924006
C            2.54287952176072        1.97518636607130       -0.16886094432327
C            2.19858837605842        1.55409698931820       -1.59567613328501
C            1.90709644904092        0.05509544020217       -1.64163115168353
H           -1.90803715844771        1.06221689670694        0.02901998063977
H           -3.75040794005184        0.66053030225613        1.61475292841796
H           -4.28158783052420       -1.63773686623821        2.33401505661028
H           -2.97583079994936       -3.53577143459024        1.45301177352968
H           -1.13486146422456       -3.13203615959660       -0.14179797081112
H            0.31699619422499       -0.22678738099365        1.30183946599680
H            2.04252244909269       -0.47988037525886        0.96793555723952
H            1.67015887031891        1.81827098840098        1.80774415289209
H            0.50527137951086        2.12129186280573        0.51285631943277
H            3.46727576530831        1.48284457307393        0.14259087773985
H            2.70518372108743        3.05337229706707       -0.12341630863546
H            3.02253083761176        1.78587667753865       -2.27148683949766
H            1.31538830318925        2.09845151380648       -1.93557849571621
H            2.80735028857196       -0.51000725728881       -1.37103288447032
H            1.57698723378667       -0.25232282096596       -2.63546721467182
29
 energy: -40.357288197778 gnorm: 0.000341629987 xtb: 6.7.1 (edcfbbe)
O           -0.50284720220414       -1.06202269967575       -2.33587197512127
C           -0.31833944824513       -0.78481221591345       -1.16413831547915
C           -1.38934606785154       -1.00957959381127       -0.13838951618588
C           -2.13705826744780        0.05641498205650        0.34843549089609
C           -3.17366988990202       -0.17046293662750        1.23644821256162
C           -3.47104138613355       -1.46097755682758        1.64141088359637
C           -2.73641628217627       -2.52655274124560        1.14909499025532
C           -1.70221152769177       -2.30397655156866        0.25695720533612
N            0.84756281548738       -0.27273583706563       -0.71187022285933
C            1.14471076339009        0.07071484624145        0.65732089748617
C            1.41298798309042        1.57247818588788        0.77712556534450
C            2.54257359816660        1.97480561390883       -0.16822853680712
C            2.19766486185019        1.55453838767380       -1.59518556383669
C            1.90710798336188        0.05542928738575       -1.64208638294326
H           -1.91062163407190        1.06212317379317        0.02425389650897
H           -3.75164851890488        0.66129682337743        1.61182030546162
H           -4.27981712969506       -1.63630078923154        2.33550204377860
H           -2.97297578900609       -3.53447690490861        1.45680700109348
H           -1.13260679068295       -3.13161572421975       -0.13910214863476
H            0.31615342679789       -0.22808490252201        1.30070844574489
H            2.04160245999540       -0.48225007675691        0.96739169818165
H            1.67154656958808        1.81499072471675        1.80882415883747
H            0.50552216427092        2.12022515419688        0.51547030131483
H            3.46751829944437        1.48288255148323        0.14228606581675
H            2.70404820896474        3.05313515938560       -0.12210996743620
H            3.02091053586522        1.78754287545869       -2.27140212834319
H            1.31370114847878        2.09847178736565       -1.93388923999726
H            2.80744166238462       -0.50949013456843       -1.37139763138862
H            1.57754745234392       -0.25171088835196       -2.63618553321475
29
 energy: -40.357290031479 gnorm: 0.000322047581 xtb: 6.7.1 (edcfbbe)
O           -0.50322814673416       -1.06062853946419       -2.33795602373404
C           -0.31869960378181       -0.78467003905080       -1.16593443618989
C           -1.38966010847018       -1.00926068410923       -0.14001378756644
C           -2.13902373174760        0.05678721294622        0.34406607693446
C           -3.17469078867601       -0.16937591227217        1.23335733133081
C           -3.46945666629393       -1.45925990234810        1.64226749151193
C           -2.73324463236911       -2.52495431121917        1.15249255610515
C           -1.69994578241305       -2.30309921805633        0.25914017970732
N            0.84719705875516       -0.27324491308304       -0.71305520965833
C            1.14436367522882        0.06837917118650        0.65661410745924
C            1.41337067025077        1.56986701237655        0.77873546367613
C            2.54186257441401        1.97390739651287       -0.16727338593933
C            2.19614073884963        1.55535595101882       -1.59456195110692
C            1.90672339397554        0.05610826831003       -1.64275877124354
H           -1.91449267402353        1.06194903630739        0.01683812715803
H           -3.75396129038628        0.66247116900626        1.60657625973933
H           -4.27742941503890       -1.63409184167361        2.33741153236204
H           -2.96778503893969       -3.53239886588176        1.46334232770602
H           -1.12888589677103       -3.13083251720479       -0.13469018096382
H            0.31542928755655       -0.23059749291822        1.29940450021878
H            2.04077207155804       -0.48555180015386        0.96619137722935
H            1.67356690812094        1.81014809400889        1.81057883877295
H            0.50574417801391        2.11844842508441        0.51955605631445
H            3.46744072499553        1.48216735805069        0.14182736149822
H            2.70270975269090        3.05230760183335       -0.11981874569409
H            3.01860436143151        1.78988732565419       -2.27126268521141
H            1.31141440192069        2.09900375370214       -1.93174406635977
H            2.80743105286877       -0.50820300458803       -1.37218571198291
H            1.57773292448196       -0.25061873433800       -2.63714463210673
29
 energy: -40.357292376002 gnorm: 0.000240839834 xtb: 6.7.1 (edcfbbe)
O           -0.50409946312293       -1.05817948437635       -2.34094122361876
C           -0.31934697662262       -0.78421871306432       -1.16850155284276
C           -1.38999929507883       -1.00872287454247       -0.14216399825563
C           -2.14198072008722        0.05738878515353        0.33777327979301
C           -3.17651462181417       -0.16785891013937        1.22855828556101
C           -3.46739402417393       -1.45678330775877        1.64334867443625
C           -2.72844014860044       -2.52252777860140        1.15775594423397
C           -1.69633729938768       -2.30167667593930        0.26274072243242
N            0.84678323006223       -0.27420472628364       -0.71468204699455
C            1.14413568188215        0.06481010877787        0.65555317006489
C            1.41356776980539        1.56605139474298        0.78077940260496
C            2.54088286828893        1.97258066562535       -0.16567550804952
C            2.19397032163024        1.55659867037058       -1.59339925555616
C            1.90599234002982        0.05714448879524       -1.64397069133153
H           -1.91999159413522        1.06171159336459        0.00625696629546
H           -3.75772144935916        0.66410454424869        1.59859136888050
H           -4.27426079190300       -1.63087220093363        2.33994019687397
H           -2.95974331749962       -3.52929413982656        1.47326231189572
H           -1.12327989445360       -3.12954467011805       -0.12797876326285
H            0.31512111745733       -0.23501878232111        1.29784298765694
H            2.04038662850778       -0.48986761045514        0.96402050352360
H            1.67558284267017        1.80344291515041        1.81284185696193
H            0.50553333707358        2.11528751492002        0.52467036417794
H            3.46707494316142        1.48054782262004        0.14139197879625
H            2.70129903892263        3.05099806990316       -0.11607059748604
H            3.01564233221928        1.79303114360185       -2.27045635612958
H            1.30852416234520        2.10022183891541       -1.92874135066885
H            2.80726620387428       -0.50648589208079       -1.37403322978570
H            1.57734677777543       -0.24866379011180       -2.63871344023990
29
 energy: -40.357295054917 gnorm: 0.000257437514 xtb: 6.7.1 (edcfbbe)
O           -0.50579043850840       -1.05429999638918       -2.34459581047231
C           -0.32027416441687       -0.78326250302631       -1.17163930443701
C           -1.39030201592386       -1.00788293915163       -0.14459263895591
C           -2.14585404274426        0.05820901716041        0.32984535316777
C           -3.17901377104693       -0.16589322737745        1.22241204562410
C           -3.46479722556131       -1.45354241403802        1.64480339373906
C           -2.72211856948041       -2.51924785141526        1.16482832748705
C           -1.69146173065676       -2.29965123343804        0.26776936431755
N            0.84654769793345       -0.27571573065198       -0.71682400723148
C            1.14437020058943        0.05988720503929        0.65408054094433
C            1.41338004122597        1.56095747942354        0.78335048149825
C            2.53941223170384        1.97052337239993       -0.16335426425538
C            2.19161057341606        1.55824789302687       -1.59192965530877
C            1.90506751307624        0.05862168518332       -1.64583881992911
H           -1.92742450764230        1.06137549909217       -0.00752345079508
H           -3.76324171749922        0.66606485382257        1.58779648202739
H           -4.27056777076476       -1.62667991527065        2.34287213157194
H           -2.94905418866203       -3.52509781883414        1.48647006804167
H           -1.11541106438582       -3.12763375010232       -0.11840159343054
H            0.31561753657836       -0.24163733648226        1.29590129985298
H            2.04082682007525       -0.49536648629655        0.96077892651125
H            1.67677863914454        1.79522282699167        1.81578868895921
H            0.50488537784782        2.11065298477276        0.53012576851706
H            3.46613274910154        1.47800173795676        0.14153646721922
H            2.69946378245134        3.04887794385369       -0.11081859831005
H            3.01247388984239        1.79711107324576       -2.26921103769152
H            1.30538997848327        2.10197597646707       -1.92503486000658
H            2.80707103972222       -0.50454131312830       -1.37752630198188
H            1.57628313556867       -0.24527703319665       -2.64106899670618
29
 energy: -40.357298299579 gnorm: 0.000366704002 xtb: 6.7.1 (edcfbbe)
O           -0.50888797074114       -1.04817114439416       -2.34931127933520
C           -0.32151284448115       -0.78190674707564       -1.17562472591420
C           -1.39052614449976       -1.00657981793913       -0.14742626510576
C           -2.15136267374040        0.05930718480560        0.31915731611231
C           -3.18289309314209       -0.16328245747480        1.21387964251092
C           -3.46156396750010       -1.44912130905563        1.64661228871768
C           -2.71338406381086       -2.51458986103454        1.17472200666421
C           -1.68441381669931       -2.29664095431410        0.27524230933321
N            0.84662185796835       -0.27823420455419       -0.71988196071821
C            1.14508118703458        0.05290144650841        0.65189844695493
C            1.41273025930214        1.55381579506815        0.78630968650436
C            2.53766380657087        1.96778625648975       -0.15980757540335
C            2.18878012334147        1.56041684902838       -1.58950353998216
C            1.90380491616796        0.06062082818252       -1.64880654928479
H           -1.93782405931330        1.06088334279097       -0.02602484804233
H           -3.77119292437602        0.66849887483550        1.57317162830322
H           -4.26590617554578       -1.62099486128336        2.34661386804773
H           -2.93448836035333       -3.51912556465732        1.50454019812757
H           -1.10417303176358       -3.12469999362558       -0.10456296624649
H            0.31708107475996       -0.25172987582404        1.29327495678295
H            2.04235025276201       -0.50244979470671        0.95587116304765
H            1.67691084731582        1.78460578705404        1.81930756612090
H            0.50336886332370        2.10333436005972        0.53600909135584
H            3.46494296739835        1.47458623161858        0.14239975720526
H            2.69721743226946        3.04602429940601       -0.10334457881106
H            3.00881500906442        1.80264786837395       -2.26660801694351
H            1.30178161328029        2.10452287548231       -1.91987714923397
H            2.80672085670137       -0.50240677893905       -1.38345687483522
H            1.57425805817355       -0.24001863518853       -2.64477359596543
29
 energy: -40.357301575186 gnorm: 0.000420805803 xtb: 6.7.1 (edcfbbe)
O           -0.51339081336382       -1.03994787191394       -2.35428555365870
C           -0.32311780548133       -0.77943273784770       -1.17982868878814
C           -1.39060136024554       -1.00467339564082       -0.15000505419361
C           -2.15797800168106        0.06054550499048        0.30736416307980
C           -3.18775326306309       -0.16053528231048        1.20440543517697
C           -3.45818997796925       -1.44425687800241        1.64859017392904
C           -2.70339578225878       -2.50912672809161        1.18600224246691
C           -1.67590229580086       -2.29275574689673        0.28435802002756
N            0.84716717263500       -0.28126008761731       -0.72348627894776
C            1.14661665605733        0.04475171867616        0.64930233548074
C            1.41162373798145        1.54555242203809        0.78953501401418
C            2.53559745938905        1.96427229510325       -0.15558784043235
C            2.18628056541613        1.56271301727889       -1.58683077273212
C            1.90261232519468        0.06284683706857       -1.65248777286315
H           -1.95052077852381        1.06027555536526       -0.04682567897856
H           -3.78126482540609        0.67068999020391        1.55640620651728
H           -4.26123573966441       -1.61491777645917        2.35036308227206
H           -2.91780729213692       -3.51206424628407        1.52505680571539
H           -1.09039563466273       -3.12063738520211       -0.08779075456210
H            0.31976623853428       -0.26392384670578        1.29025422387848
H            2.04515676744325       -0.51034544459734        0.94993312118998
H            1.67553141534992        1.77299306909767        1.82333799896427
H            0.50122284374253        2.09430171157767        0.54131565229135
H            3.46338971524562        1.47046238400571        0.14403328006020
H            2.69444647624982        3.04235996850989       -0.09472682084831
H            3.00563300656195        1.80857884979281       -2.26347087303594
H            1.29857394593623        2.10749154446099       -1.91421203952941
H            2.80640966191758       -0.50073180244969       -1.39139938391431
H            1.57152558207037       -0.23322563851302       -2.64932024261265
29
 energy: -40.357304132884 gnorm: 0.000306609342 xtb: 6.7.1 (edcfbbe)
O           -0.51845371556506       -1.03095438172721       -2.35818161327712
C           -0.32463822785989       -0.77675971190235       -1.18298045040101
C           -1.39066977709385       -1.00252016040420       -0.15162130485716
C           -2.16428302206282        0.06159797297728        0.29757750056722
C           -3.19282704823996       -0.15855015540274        1.19624858426836
C           -3.45575756451358       -1.44037205765995        1.65012126333624
C           -2.69457228347756       -2.50423187101714        1.19585943041308
C           -1.66817415431633       -2.28881734622538        0.29271143555412
N            0.84803316559113       -0.28433482520200       -0.72658984375630
C            1.14846349012217        0.03742361093988        0.64700980638904
C            1.41065224870788        1.53820023885263        0.79175868805706
C            2.53419108437985        1.96133753626845       -0.15181029030685
C            2.18471992371891        1.56438228795604       -1.58431667515348
C            1.90160037097639        0.06459710390713       -1.65590898287915
H           -1.96255673077221        1.05970582140767       -0.06428284087435
H           -3.79116453473324        0.67178325507264        1.54199249570401
H           -4.25796608602064       -1.61037199400173        2.35300556451714
H           -2.90322395250289       -3.50571607017476        1.54253491204421
H           -1.07747498814719       -3.11613119389955       -0.07241274172318
H            0.32292649890756       -0.27530382992434        1.28773297405779
H            2.04846317793467       -0.51699024461619        0.94443034421626
H            1.67357020114431        1.76351526013170        1.82623804143220
H            0.49927417114177        2.08582207873282        0.54450140342882
H            3.46230112248279        1.46716211252330        0.14605564609145
H            2.69229245922734        3.03930190964328       -0.08733133399299
H            3.00378012339182        1.81325123898120       -2.26015542740296
H            1.29666520518351        2.10984446417662       -1.90956913837346
H            2.80609031234618       -0.49979830819114       -1.39912234362888
H            1.56873852951644       -0.22707274158471       -2.65349510348294
29
 energy: -40.357305803765 gnorm: 0.000173408822 xtb: 6.7.1 (edcfbbe)
O           -0.52311255090216       -1.02251959418358       -2.36065560172024
C           -0.32611063849731       -0.77346168960648       -1.18493626361717
C           -1.39079273527132       -1.00019690752509       -0.15226860029451
C           -2.16967469149362        0.06252170652232        0.29086697030529
C           -3.19741309849325       -0.15758518794020        1.19052392952787
C           -3.45454533205929       -1.43816168843711        1.65092046605916
C           -2.68809781794574       -2.50077257869056        1.20269542143975
C           -1.66203745031283       -2.28535016662725        0.29915530664655
N            0.84894061610713       -0.28657895687987       -0.72874535066137
C            1.15030317988225        0.03225425445756        0.64539743917170
C            1.41009828471435        1.53299030503826        0.79332008264526
C            2.53338865216815        1.95882625992581       -0.14927295752559
C            2.18418025986474        1.56514433822413       -1.58275941448623
C            1.90118125567853        0.06546421795401       -1.65833883915998
H           -1.97250580889819        1.05958786008005       -0.07616524118057
H           -3.79964567246644        0.67168435284451        1.53184556689823
H           -4.25622465522577       -1.60823227604314        2.35441009770393
H           -2.89229617967212       -3.50127933713364        1.55468323456697
H           -1.06725596457878       -3.11182412645366       -0.06104973963559
H            0.32581960284867       -0.28335104478997        1.28606119687262
H            2.05143622845863       -0.52155184797743        0.94048203215318
H            1.67194341124991        1.75708627123051        1.82833682500389
H            0.49788274176286        2.07945922979678        0.54631327136291
H            3.46186465200400        1.46474578383006        0.14745511092118
H            2.69068619637115        3.03671055818231       -0.08250492296971
H            3.00322237332948        1.81582379737343       -2.25788990643386
H            1.29606490654760        2.11132398913240       -1.90667932267907
H            2.80595801008222       -0.49993945344205       -1.40478980822698
H            1.56674222421472       -0.22281806922485       -2.65641098272044
29
 energy: -40.357307191723 gnorm: 0.000193614964 xtb: 6.7.1 (edcfbbe)
O           -0.52694599584786       -1.01508493104155       -2.36173398516266
C           -0.32736924810785       -0.77031967460650       -1.18556523267071
C           -1.39117476822587       -0.99798572781485       -0.15212236919620
C           -2.17354773420977        0.06328827321327        0.28794929438515
C           -3.20098685946056       -0.15766912491251        1.18781678576258
C           -3.45436448442543       -1.43779994494936        1.65123679938209
C           -2.68435348769248       -2.49908081371344        1.20610211308716
C           -1.65846960367390       -2.28275004001614        0.30260214154749
N            0.84962810147370       -0.28801293308936       -0.72961604187891
C            1.15161313249326        0.02947519494569        0.64473902877338
C            1.41026589071794        1.53023021445213        0.79374546432811
C            2.53347190330382        1.95754791988770       -0.14821292580212
C            2.18458195034786        1.56492509536695       -1.58208331534975
C            1.90112623091489        0.06540010979562       -1.65949090337257
H           -1.97962475824374        1.05997073562999       -0.08174506360632
H           -3.80609463677005        0.67048802847003        1.52662716805578
H           -4.25610229907130       -1.60868807875109        2.35446840621976
H           -2.88577455086393       -3.49923094629512        1.56051242991641
H           -1.06055383595350       -3.10820271017925       -0.05467344558175
H            0.32771734008318       -0.28757501113613        1.28545526661669
H            2.05334886004210       -0.52400033642006        0.93853116928217
H            1.67143971030854        1.75408127381258        1.82896670535967
H            0.49771253625992        2.07614564951306        0.54658118652847
H            3.46204866446630        1.46363103780310        0.14829006890627
H            2.69027932354980        3.03544206288294       -0.08056710184920
H            3.00383143655270        1.81614735877921       -2.25671685349826
H            1.29662457159151        2.11150853312472       -1.90573653387303
H            2.80590038642274       -0.50069776982412       -1.40759939798200
H            1.56577222348550       -0.22118344529021       -2.65776085836051
29
 energy: -40.357309478561 gnorm: 0.000287237507 xtb: 6.7.1 (edcfbbe)
O           -0.53348247094062       -1.00149017334488       -2.36342963979601
C           -0.32976916480637       -0.76414054050991       -1.18645352558957
C           -1.39213671539918       -0.99371207300934       -0.15182126959057
C           -2.18052155720453        0.06489538334090        0.28374832064973
C           -3.20745820496294       -0.15827013090759        1.18377026800522
C           -3.45451505210710       -1.43812345564254        1.65135898537137
C           -2.67830351971484       -2.49690459933935        1.21085861475947
C           -1.65260593105176       -2.27829054748876        0.30773397049970
N            0.85061374231976       -0.29013752833416       -0.73060378415980
C            1.15349506594640        0.02570506260558        0.64399078411334
C            1.41101491779104        1.52645255394940        0.79441464719882
C            2.53403903892590        1.95523257781040       -0.14707894159810
C            2.18549060414993        1.56397329911315       -1.58145811575334
C            1.90133630819806        0.06463531186726       -1.66079580346480
H           -1.99167351649291        1.06132898240431       -0.08919958596803
H           -3.81694124974675        0.66787205529691        1.51950112622534
H           -4.25602824813647       -1.61091873811600        2.35442190079316
H           -2.87504562232428       -3.49686005305376        1.56849316259917
H           -1.04992681911962       -3.10184322383178       -0.04586126466438
H            0.33020659786306       -0.29279207070520        1.28479072665755
H            2.05579069404317       -0.52761365977361        0.93623092281730
H            1.67170528682858        1.74992941913922        1.82983827927669
H            0.49798740085615        2.07173516470192        0.54734400882342
H            3.46294747015419        1.46181023254720        0.14908416499581
H            2.69001666965809        3.03316503153790       -0.07853542564490
H            3.00508128909704        1.81563256381815       -2.25547940685788
H            1.29783122731516        2.11114977970062       -1.90494392486579
H            2.80594463413470       -0.50245066646922       -1.41062245754686
H            1.56490712419365       -0.21996995766957       -2.65929673731886
29
 energy: -40.357312500728 gnorm: 0.000440175253 xtb: 6.7.1 (edcfbbe)
O           -0.54352338780836       -0.97890401394164       -2.36651924604697
C           -0.33387550069851       -0.75362724374854       -1.18816517434729
C           -1.39410934635956       -0.98655936137853       -0.15188947558831
C           -2.19178230475703        0.06759772872234        0.27731825040242
C           -3.21740131439415       -0.15951523085673        1.17799569193231
C           -3.45429476828132       -1.43904875962342        1.65178904968235
C           -2.66859832570542       -2.49358334807171        1.21772941279777
C           -1.64362316711857       -2.27093991222399        0.31481048047530
N            0.85177888554456       -0.29334235038344       -0.73179618827269
C            1.15575724451844        0.02012767936087        0.64314028242324
C            1.41266751313108        1.52078242053368        0.79556434017699
C            2.53509483951914        1.95158915140615       -0.14579305061597
C            2.18666820745341        1.56204465288577       -1.58070726335604
C            1.90177605659398        0.06289665129955       -1.66224232804258
H           -2.01131779870507        1.06372154759604       -0.10094772302978
H           -3.83444832419231        0.66324172467610        1.50852578194077
H           -4.25538761523492       -1.61514349864540        2.35453183803679
H           -2.85717633233435       -3.49336506193481        1.58064844064541
H           -1.03309756105891       -3.09128160051204       -0.03310661352723
H            0.33290301590742       -0.29965715105201        1.28391314974629
H            2.05838028881092       -0.53345665237904        0.93356722746988
H            1.67358333595941        1.74310358154814        1.83119072133045
H            0.49909361424867        2.06569535804059        0.54953021379782
H            3.46451185417255        1.45860697783319        0.14947925915560
H            2.69015133320659        3.02959947967840       -0.07598687647233
H            3.00653906986515        1.81423430513253       -2.25419826122688
H            1.29930745470257        2.11001075745983       -1.90371212922948
H            2.80609918572381       -0.50525153630895       -1.41365266090156
H            1.56432384675832       -0.21957629547564       -2.66101714938909
29
 energy: -40.357315402317 gnorm: 0.000619592726 xtb: 6.7.1 (edcfbbe)
O           -0.55584535317454       -0.94876875933172       -2.37080918689937
C           -0.33938276150295       -0.73956261829534       -1.19069429412818
C           -1.39718137582015       -0.97697251391385       -0.15272857304721
C           -2.20724032356005        0.07101405518431        0.26827813688446
C           -3.23091943334677       -0.16156544849862        1.16985630378759
C           -3.45367879585999       -1.44050812991887        1.65237798490339
C           -2.65508305023896       -2.48903545241577        1.22690539552990
C           -1.63173432600297       -2.26087161511827        0.32355087355145
N            0.85277628863938       -0.29738980178304       -0.73305926814150
C            1.15795350506179        0.01323136167902        0.64224352408492
C            1.41526942574947        1.51366899150246        0.79730011184148
C            2.53670252460988        1.94641297990036       -0.14443890590453
C            2.18777872773707        1.55932767204816       -1.57995870862691
C            1.90222177580818        0.06041156778040       -1.66356749928493
H           -2.03753034197320        1.06656479491334       -0.11650546980216
H           -3.85712676329950        0.65652314168704        1.49467896351804
H           -4.25355936106665       -1.62100997613732        2.35540865376524
H           -2.83279000067937       -3.48851393239447        1.59623022291524
H           -1.01141240993187       -3.07670018818488       -0.01780238369799
H            0.33521000099099       -0.30723007709020        1.28284929949168
H            2.06039206659762       -0.54138528902323        0.93081137124144
H            1.67754001980165        1.73393049904146        1.83304064230388
H            0.50134652846333        2.05898044307188        0.55345451798370
H            3.46665647826098        1.45354482892934        0.14946382878401
H            2.69113314255911        3.02442914815042       -0.07292135376804
H            3.00763778423697        1.81221256528929       -2.25326823123916
H            1.30048690449670        2.10794276644382       -1.90205232032484
H            2.80623320221439       -0.50850138345524       -1.41601271862416
H            1.56414592069702       -0.22017963042327       -2.66263091713021
29
 energy: -40.357317601108 gnorm: 0.000341137174 xtb: 6.7.1 (edcfbbe)
O           -0.56293316013710       -0.92874994134167       -2.37383822799319
C           -0.34319707344941       -0.72994966893663       -1.19272961248285
C           -1.39970773637472       -0.97053439583807       -0.15412600374621
C           -2.21774018461045        0.07305145926163        0.26197770366978
C           -3.23938640152624       -0.16333018340583        1.16485842955773
C           -3.45262451198310       -1.44166555614227        1.65300492197954
C           -2.64606480001667       -2.48584903141546        1.23233254852068
C           -1.62415226967062       -2.25386058761163        0.32834221645166
N            0.85271810570859       -0.29965945685219       -0.73374275234185
C            1.15843343686353        0.00920051248669        0.64180200799328
C            1.41746805405425        1.50930918139449        0.79861655631125
C            2.53816966763628        1.94274636113082       -0.14379695935802
C            2.18800686034672        1.55733734666078       -1.57943994555318
C            1.90237321147376        0.05848875552170       -1.66393812945909
H           -2.05561921584241        1.06799598724823       -0.12763681868137
H           -3.87218421468254        0.65136235557642        1.48556140506831
H           -4.25115316941453       -1.62510177566480        2.35678688197287
H           -2.81552632644466       -3.48495973305531        1.60670221961258
H           -0.99727147302347       -3.06640194831481       -0.00887509018825
H            0.33524453022441       -0.31063962906449        1.28216923181954
H            2.06012135599602       -0.54679765977629        0.92972411788325
H            1.68156525613543        1.72757288075880        1.83433048442020
H            0.50357509148326        2.05566210268313        0.55711143771096
H            3.46834824506811        1.44927375993373        0.14861088549493
H            2.69294998275467        3.02065749571708       -0.07110214289936
H            3.00740236188474        1.81075361645976       -2.25314642128415
H            1.30052661511397        2.10632529094963       -1.90038937447159
H            2.80610850443602       -0.51058501691198       -1.41599124423505
H            1.56454925746369       -0.22165252181424       -2.66317832580517
29
 energy: -40.357319089144 gnorm: 0.000238602941 xtb: 6.7.1 (edcfbbe)
O           -0.56641429323175       -0.91731561524775       -2.37634133974274
C           -0.34566696416160       -0.72444127970061       -1.19455109811076
C           -1.40166809971237       -0.96695848373272       -0.15589055517975
C           -2.22454327438729        0.07392313370420        0.25716853308239
C           -3.24459754123777       -0.16455821125259        1.16119916719446
C           -3.45109862783241       -1.44221510042241        1.65399757030408
C           -2.63961763906703       -2.48371680238118        1.23639185027848
C           -1.61951891478238       -2.24965318797493        0.33086243810766
N            0.85186349220158       -0.30043104195223       -0.73426286866452
C            1.15773958786236        0.00708991313301        0.64153469463905
C            1.41913426806571        1.50680699358894        0.79967276779945
C            2.53936496991315        1.94020783963651       -0.14333896552536
C            2.18793306784240        1.55631449166729       -1.57901481931042
C            1.90215423712267        0.05757809974923       -1.66389193160883
H           -2.06712146105495        1.06820200361748       -0.13570247861147
H           -3.88092354274154        0.64802347266013        1.47988829463805
H           -4.24836891281819       -1.62715691726533        2.35874930734301
H           -2.80421868216737       -3.48235310921789        1.61350141372726
H           -0.98892912111041       -3.06013544968758       -0.00415605739035
H            0.33374126766217       -0.31153233176921        1.28149407674912
H            2.05833268659977       -0.55062750424575        0.92943677208606
H            1.68478804244507        1.72325421116553        1.83536747177462
H            0.50579138461977        2.05480268185536        0.56000411211434
H            3.46923069780665        1.44543623336055        0.14785731918510
H            2.69536832341995        3.01787207621926       -0.06957270065960
H            3.00658016124462        1.81029901611586       -2.25343563457644
H            1.30003305889280        2.10538411574807       -1.89859435081425
H            2.80559995891864       -0.51149736080082       -1.41503343600216
H            1.56503186915528       -0.22260188693322       -2.66333955285922
29
 energy: -40.357319999503 gnorm: 0.000180237113 xtb: 6.7.1 (edcfbbe)
O           -0.56810471603960       -0.91234908123619       -2.37816417756606
C           -0.34708315859414       -0.72206171866245       -1.19597712450188
C           -1.40281042495715       -0.96551798828490       -0.15725999634815
C           -2.22821743463482        0.07410812176860        0.25394631641954
C           -3.24706576282464       -0.16511880096824        1.15910260846390
C           -3.44999156395976       -1.44220973650744        1.65465514861909
C           -2.63614072199030       -2.48249977460938        1.23871299636743
C           -1.61699766617625       -2.24771437976881        0.33228168099103
N            0.85097747037337       -0.30034457585322       -0.73490314072237
C            1.15686968705950        0.00611730762005        0.64113758704758
C            1.42000622551246        1.50547428744288        0.80028948576775
C            2.54042158834517        1.93854059038892       -0.14264484627532
C            2.18785754703256        1.55614525560798       -1.57841466844360
C            1.90174633733362        0.05755752831796       -1.66407075911130
H           -2.07364700437332        1.06785465147620       -0.14138310071613
H           -3.88550425802531        0.64641853602186        1.47630814217456
H           -4.24606720989571       -1.62758089653128        2.36064086383340
H           -2.79738182026132       -3.48073112258885        1.61857672911540
H           -0.98432997183265       -3.05725056827354       -0.00122716958665
H            0.33226079629020       -0.31169694412375        1.28072060098649
H            2.05663365811966       -0.55290731983601        0.92906160576263
H            1.68632261193652        1.72071361475880        1.83604937948552
H            0.50714510818732        2.05465484867559        0.56150826445732
H            3.46987076613196        1.44248697092899        0.14774956156324
H            2.69760823492710        3.01595647824701       -0.06793951195880
H            3.00600421412606        1.81056732037778       -2.25323727117828
H            1.29975622266781        2.10550971550751       -1.89692618813671
H            2.80488752779622       -0.51184415627050       -1.41486192851513
H            1.56497371719302       -0.22227816398837       -2.66373108802724
