21
 energy: -26.484064058049 gnorm: 0.045639704366 xtb: 6.7.1 (edcfbbe)
C           -1.60172375877100       -1.46131188767100       -0.75965717017900
C           -0.79210546714100       -0.86938791148100        0.38361067242500
N            0.16511714764800        0.13268029580600       -0.08808266256400
C            1.47098823625700       -0.34863890497900       -0.53850748682900
C            2.47721681134100       -0.40085127211900        0.60064052516600
C           -0.07050118566000        1.50273208755300       -0.10489148632100
C           -1.42543500396600        1.98079779634700        0.35344735066700
O            0.77943850439500        2.31870752481500       -0.46429839039700
H           -2.31759051599900       -2.19538920503200       -0.37727003329200
H           -2.15858633763200       -0.68639308239600       -1.29553441420600
H           -0.95374938233100       -1.96436088508900       -1.48448666031300
H           -0.24114977650200       -1.66003058080300        0.90508213682800
H           -1.47123155231500       -0.42478075636600        1.11619011774000
H            1.85195628474000        0.31329599944000       -1.32443035816000
H            1.35077858058800       -1.34110498901700       -0.98609097831500
H            3.44467612194700       -0.76019769840500        0.23682415841700
H            2.62438252138700        0.58969386082300        1.04324061179600
H            2.13946404441100       -1.07381294869300        1.39527799999300
H           -1.52230817186300        3.04914153597000        0.13590142289300
H           -2.22387213471600        1.45999242868800       -0.17947383534400
H           -1.52576496581900        1.83921859261000        1.43250847999400
21
 energy: -26.486728691219 gnorm: 0.013937910092 xtb: 6.7.1 (edcfbbe)
C           -1.59935444747908       -1.45781676349328       -0.76356466341976
C           -0.78862917381211       -0.85287993278921        0.37751403530885
N            0.16384479715842        0.14053398310443       -0.08599166346706
C            1.46260383779383       -0.34164941351827       -0.53064309280174
C            2.47363285631706       -0.40276918219344        0.60671927712812
C           -0.06333035235112        1.48801506308540       -0.10524857595318
C           -1.42295758719018        1.96517504742712        0.35131072378981
O            0.78946024650234        2.27388131198237       -0.47788433774073
H           -2.30760854056907       -2.18922758141857       -0.37629114743746
H           -2.15558826464413       -0.68641694363826       -1.29378194197702
H           -0.95097798357641       -1.95742826089229       -1.48226892753625
H           -0.22779552770545       -1.64259148924678        0.88769222001527
H           -1.45986149854559       -0.40338143835960        1.11188780160776
H            1.82692005372374        0.33937856394967       -1.30557687548375
H            1.33163060528446       -1.33245105102345       -0.97622489946929
H            3.43407100700614       -0.75876260558935        0.23703980980844
H            2.61428193991951        0.58938286851483        1.03270165497412
H            2.13725642917568       -1.07415164899518        1.39735207488386
H           -1.49767845622924        3.02992092051117        0.13368538864867
H           -2.22802979054305        1.44565789997497       -0.16447895584224
H           -1.53189015023676        1.82758065260874        1.42605209496258
21
 energy: -26.486977069839 gnorm: 0.003898747550 xtb: 6.7.1 (edcfbbe)
C           -1.59759774899527       -1.45374276618498       -0.76480280668857
C           -0.78360024371903       -0.84977446211050        0.37865726744860
N            0.16234815456367        0.14242739736734       -0.08379510738671
C            1.45742257527146       -0.34033278197579       -0.52967818439952
C            2.46866302702255       -0.40184393011069        0.61017584423207
C           -0.06198478327132        1.47995486811380       -0.11251866230830
C           -1.42149870063334        1.96068394354478        0.35022038330749
O            0.79384653661310        2.25627564804583       -0.48993787643522
H           -2.30070828926695       -2.18525790672690       -0.37449921831305
H           -2.15415195291785       -0.68260423567364       -1.29147866966208
H           -0.94669242662792       -1.94926896506353       -1.48080055001788
H           -0.22109389628341       -1.64204319380772        0.88232373561364
H           -1.45415730143498       -0.40317575418592        1.11358530807413
H            1.81815622447951        0.35106218982828       -1.29546062643701
H            1.32406199140692       -1.32884605347787       -0.97677286895084
H            3.42533140210457       -0.75850717073364        0.23809517951547
H            2.60663432348463        0.59094905619987        1.02996582529025
H            2.13023483935227       -1.07220434339569        1.39801684153931
H           -1.48767693118010        3.02410844353524        0.13426577526874
H           -2.22813244967081        1.44163044507770       -0.15964548254448
H           -1.52940435029869        1.82050957173505        1.42408389285299
21
 energy: -26.487001232976 gnorm: 0.001454463356 xtb: 6.7.1 (edcfbbe)
C           -1.59705682760165       -1.45276166410291       -0.76466856336753
C           -0.78165075896564       -0.85031496164235        0.38027663562003
N            0.16244217867355        0.14271334528380       -0.08131876629340
C            1.45675564176333       -0.34013423797867       -0.53014778489923
C            2.46718157871831       -0.40304874700420        0.61135845224538
C           -0.06207331001684        1.47932148116864       -0.11415741271753
C           -1.42162270166628        1.96138558905070        0.34990182020285
O            0.79130077141404        2.25574313809965       -0.49965444795662
H           -2.29874306271592       -2.18571523288745       -0.37518346788140
H           -2.15413034047548       -0.68013984712026       -1.28828384023414
H           -0.94550498048085       -1.94499429039431       -1.48218971284304
H           -0.21875011269919       -1.64439806598444        0.88021850165393
H           -1.45225161360963       -0.40730352376371        1.11728108997255
H            1.81826820919886        0.35390721025575       -1.29263975632005
H            1.32385765990911       -1.32728225031207       -0.97913708948792
H            3.42358024833445       -0.76083657684263        0.24024245396959
H            2.60447067492320        0.59019020169776        1.02978664794537
H            2.12634822189383       -1.07215307416684        1.39899711714501
H           -1.48765851811255        3.02442128832408        0.13412872460150
H           -2.22815620365364        1.44137891878325       -0.15881525876105
H           -1.52660675483200        1.82002129953722        1.42400465740474
21
 energy: -26.487023263713 gnorm: 0.003562692609 xtb: 6.7.1 (edcfbbe)
C           -1.59624778328979       -1.44940599373333       -0.76382303248313
C           -0.77674096663329       -0.85135624420401        0.38361216240511
N            0.16337570665614        0.14348837355737       -0.07752124405360
C            1.45747700826201       -0.33909528674841       -0.53041011310495
C            2.46487314055256       -0.40695716059501        0.61533672137074
C           -0.06630343847795        1.47825484215707       -0.12685355124628
C           -1.42241470062213        1.96223793379719        0.34988861643029
O            0.77999060030802        2.25669341991894       -0.52788825996242
H           -2.29391507313189       -2.18688420364790       -0.37643453611403
H           -2.15632693353855       -0.67362844432007       -1.27939697959487
H           -0.94430770372985       -1.93346782153507       -1.48658379252767
H           -0.21217002661425       -1.64881273373730        0.87561760500858
H           -1.44695358313122       -0.41590485747369        1.12585356577529
H            1.82131268757450        0.35996042647799       -1.28619955000395
H            1.32572621459552       -1.32300169523654       -0.98473454120823
H            3.42090354194267       -0.76962577017517        0.24845396490251
H            2.60320721045747        0.58664811014225        1.03220708875842
H            2.11651928510353       -1.07282138179800        1.40233494423595
H           -1.48914950773958        3.02538413556103        0.13787079156841
H           -2.23117774696463        1.44302370052049       -0.15579550452999
H           -1.51767793158028        1.81527065107320        1.42446564437285
21
 energy: -26.487034145782 gnorm: 0.002681016709 xtb: 6.7.1 (edcfbbe)
C           -1.59650120751735       -1.44783403237114       -0.76319828200462
C           -0.77572998622055       -0.85109650725731        0.38358631750087
N            0.16458952513186        0.14404129859274       -0.07714606877610
C            1.45892406952959       -0.33815327626080       -0.52990379786646
C            2.46511525155138       -0.40842502746581        0.61642700185768
C           -0.06761353061143        1.47848368441246       -0.12914750644592
C           -1.42320381790952        1.96120665439963        0.34956111447543
O            0.77560135068936        2.25717609441869       -0.53510406403780
H           -2.29312406376906       -2.18656221540466       -0.37609933378179
H           -2.15819725268256       -0.67197536761162       -1.27696119535458
H           -0.94552055936764       -1.93056765969279       -1.48775355739738
H           -0.21051745074643       -1.64878217076868        0.87447136433171
H           -1.44493166374900       -0.41598366479806        1.12701617388549
H            1.82326645664047        0.36176235922799       -1.28479327215188
H            1.32712062548000       -1.32142476642101       -0.98615175402914
H            3.42083161444767       -0.77290986452523        0.25034296516023
H            2.60568173198104        0.58438723234807        1.03468990110830
H            2.11503648854261       -1.07426808752918        1.40276990169011
H           -1.49061268153732        3.02470585367618        0.13870132048020
H           -2.23321692526185        1.44290833279760       -0.15529946173409
H           -1.51699797462227        1.81331113023395        1.42399223308875
21
 energy: -26.487056167767 gnorm: 0.000647539014 xtb: 6.7.1 (edcfbbe)
C           -1.59684143399876       -1.44135070421671       -0.76059472138152
C           -0.77179435612118       -0.84989373599938        0.38409307202327
N            0.16870216502914        0.14640208175973       -0.07624983013663
C            1.46404252853480       -0.33408109836783       -0.52723035379092
C            2.46614018902227       -0.41468467054089        0.62074909731836
C           -0.07389944489573        1.47914310302338       -0.14129546609918
C           -1.42656717030164        1.95703000362990        0.34811379356526
O            0.75944213392509        2.25843456840219       -0.56332075209091
H           -2.28920720883722       -2.18483859350266       -0.37431744505311
H           -2.16475656785052       -0.66501193327870       -1.26692389487440
H           -0.94943451120279       -1.91841013784260       -1.49228525151563
H           -0.20452021231064       -1.64892409345452        0.87041304221382
H           -1.43689675404642       -0.41574132576272        1.13188467628033
H            1.83041966812852        0.36968477788699       -1.27803793609888
H            1.33231769568119       -1.31471822286735       -0.99092923922774
H            3.42023747951800       -0.78600513121334        0.25661041432843
H            2.61525820876812        0.57499564036882        1.04421588992233
H            2.10959460938083       -1.08065409801099        1.40433715041163
H           -1.49613800108904        3.02204284844953        0.14305449479764
H           -2.24098695411315        1.44277205704603       -0.15423769166605
H           -1.51511206322185        1.80380866449213        1.42195095107291
21
 energy: -26.487060274493 gnorm: 0.000583067212 xtb: 6.7.1 (edcfbbe)
C           -1.59678800653099       -1.43717686712371       -0.75845640509651
C           -0.76852922034438       -0.84933734413129        0.38549314872940
N            0.17094062435669        0.14814537079294       -0.07505650592002
C            1.46636075838880       -0.33121761658187       -0.52606150975252
C            2.46595695970436       -0.41936598958537        0.62347174063823
C           -0.07750506785661        1.47943997254695       -0.14837466075223
C           -1.42880718877967        1.95512376407717        0.34641441119355
O            0.75035344719829        2.25889769056979       -0.58096815232491
H           -2.28601933577441       -2.18399929217240       -0.37292443970051
H           -2.16845370311277       -0.66002041800886       -1.25928168830401
H           -0.95109836464866       -1.90937502247955       -1.49483842437663
H           -0.19983638492878       -1.64985807260873        0.86761732499957
H           -1.43107841417742       -0.41710607347567        1.13663923307847
H            1.83468109464891        0.37649945294015       -1.27229467383347
H            1.33507153574838       -1.30935900243727       -0.99545992982595
H            3.41895022366544       -0.79370393655381        0.25959775136248
H            2.61887786361028        0.56807005625037        1.05072086522923
H            2.10549808590598       -1.08630754410561        1.40442241464459
H           -1.49970712272138        3.02071786272885        0.14495113629687
H           -2.24413898484330        1.44204860861423       -0.15551660698447
H           -1.51472879950973        1.79788440074467        1.41990497069785
21
 energy: -26.487062136151 gnorm: 0.000371817783 xtb: 6.7.1 (edcfbbe)
C           -1.59669779678722       -1.43648601159746       -0.75729473259488
C           -0.76739447654653       -0.84901906402820        0.38630147577531
N            0.17121891429276        0.14892720070993       -0.07502290061412
C            1.46654859604004       -0.33006413603435       -0.52617420009596
C            2.46563520243585       -0.42132924115120        0.62384834916291
C           -0.07820533236454        1.47978394344936       -0.14956500744955
C           -1.42960247229444        1.95514403631483        0.34514048795539
O            0.74943987339048        2.25929655716258       -0.58222291277621
H           -2.28484414209473       -2.18419080922348       -0.37174146471700
H           -2.16941530510381       -0.65922584319842       -1.25655825650527
H           -0.95132333433560       -1.90713193178603       -1.49481265987172
H           -0.19808355928786       -1.64981413654345        0.86704104420557
H           -1.42923834004747       -0.41769200963180        1.13850851313675
H            1.83591138811124        0.37940749066788       -1.27004873064938
H            1.33552612713381       -1.30691257706524       -0.99796912045535
H            3.41861952887960       -0.79468719459178        0.25919948071182
H            2.61803547553531        0.56501510803736        1.05352620530140
H            2.10473209735513       -1.09016469399278        1.40286842665404
H           -1.50068064715894        3.02076964214241        0.14474231911204
H           -2.24389458548301        1.44187784119621       -0.15816901845475
H           -1.51628721167105        1.79649582916460        1.41840270216798
21
 energy: -26.487064216873 gnorm: 0.000365625164 xtb: 6.7.1 (edcfbbe)
C           -1.59653757126930       -1.43626492586433       -0.75577439949320
C           -0.76615977270116       -0.84846122963774        0.38708196830529
N            0.17147250471998        0.14996928059442       -0.07531500408306
C            1.46676757812311       -0.32858445597866       -0.52662446545461
C            2.46506821273376       -0.42402127520857        0.62405477876960
C           -0.07837843388150        1.48077962751097       -0.14985610876903
C           -1.43052945385759        1.95535150470113        0.34353094085603
O            0.74942656082479        2.26078214688246       -0.58196636878799
H           -2.28325498650459       -2.18494719268331       -0.36967378082583
H           -2.17080000604161       -0.65937746355892       -1.25375782473615
H           -0.95149447437994       -1.90563183644744       -1.49432855307380
H           -0.19592411438796       -1.64911390190585        0.86676071955054
H           -1.42733203582319       -0.41776574770445        1.14021092476138
H            1.83742646822067        0.38315511858542       -1.26752732681874
H            1.33576137530886       -1.30371649794422       -1.00175042037981
H            3.41861176239052       -0.79475930047948        0.25832371684792
H            2.61593694732345        0.56068917599254        1.05801464456691
H            2.10425926593942       -1.09658200278760        1.39988185351237
H           -1.50185119027766        3.02098033263145        0.14380972444304
H           -2.24355690166993        1.44175214059035       -0.16162218609523
H           -1.51891173479109        1.79576650271280        1.41652716690338
21
 energy: -26.487066467453 gnorm: 0.000377961281 xtb: 6.7.1 (edcfbbe)
C           -1.59634981351216       -1.43642998564171       -0.75377433916818
C           -0.76478204154297       -0.84740327133615        0.38754937772333
N            0.17184135276501        0.15138389964658       -0.07625006937401
C            1.46737667172281       -0.32656483480834       -0.52731611760857
C            2.46431272736597       -0.42754795776175        0.62411644436476
C           -0.07847587957665        1.48220856309251       -0.14987646757173
C           -1.43170178568568        1.95563056130751        0.34147293513756
O            0.74966773760143        2.26297243426056       -0.57980765719681
H           -2.28115007259044       -2.18615481631226       -0.36625551467390
H           -2.17284621884827       -0.66055586067621       -1.25072938562584
H           -0.95194416879965       -1.90489477437356       -1.49344546611311
H           -0.19339626447671       -1.64747438529079        0.86673254392558
H           -1.42521489394525       -0.41678806914127        1.14137281983019
H            1.83956485160501        0.38795407691225       -1.26473632498423
H            1.33626551865801       -1.29965857329532       -1.00668359415216
H            3.41897542352088       -0.79418608939806        0.25713298550454
H            2.61292819995653        0.55474887770362        1.06443831996282
H            2.10401764442293       -1.10569510402954        1.39534173669158
H           -1.50336773566997        3.02139664784333        0.14241126161125
H           -2.24337466250125        1.44189964123238       -0.16582192873213
H           -1.52234659047056        1.79515902006721        1.41412844044811
21
 energy: -26.487068216782 gnorm: 0.000247571699 xtb: 6.7.1 (edcfbbe)
C           -1.59591358784199       -1.43640148826247       -0.75152466234924
C           -0.76299896209527       -0.84609671137242        0.38813259530557
N            0.17244605814020        0.15314484220554       -0.07689897869764
C            1.46833262846764       -0.32400928163536       -0.52798609427983
C            2.46343580308595       -0.43194890588654        0.62430110378987
C           -0.07870372662964        1.48387096620327       -0.15004180049522
C           -1.43323952641623        1.95583395682247        0.33921678504389
O            0.74891829436162        2.26565802885371       -0.57930980619625
H           -2.27837074701331       -2.18744063284402       -0.36239337202504
H           -2.17513144316291       -0.66172583948235       -1.24719663950417
H           -0.95235509067478       -1.90374518443351       -1.49267296585278
H           -0.19043941262659       -1.64564805271126        0.86683927794684
H           -1.42273339707785       -0.41566871698992        1.14273013172333
H            1.84214807705530        0.39396260449682       -1.26124748054793
H            1.33692584521436       -1.29457006125695       -1.01262356942152
H            3.41939397966355       -0.79412844034228        0.25617127945432
H            2.60979153223323        0.54720707957347        1.07240485950809
H            2.10335040701483       -1.11665647468948        1.38984267869830
H           -1.50544584791767        3.02161042865624        0.14026265954758
H           -2.24367180248204        1.44168650631614       -0.16963054422682
H           -1.52573908129938        1.79506537677986        1.41162454257770
21
 energy: -26.487068963283 gnorm: 0.000126397881 xtb: 6.7.1 (edcfbbe)
C           -1.59533236279813       -1.43603840445497       -0.74963250375667
C           -0.76138307957357       -0.84492057069637        0.38872397397278
N            0.17315268450512        0.15476058321208       -0.07719727976518
C            1.46936955399663       -0.32168039066894       -0.52829443917396
C            2.46278757924284       -0.43604186301434        0.62465454572635
C           -0.07951589824167        1.48524771953808       -0.15123536195786
C           -1.43477939403822        1.95588658931261        0.33739625232551
O            0.74714033134685        2.26790647576055       -0.58059982566844
H           -2.27586143861104       -2.18831146916487       -0.35942893532079
H           -2.17681358661036       -0.66223313250204       -1.24404099182717
H           -0.95243939679778       -1.90221351561076       -1.49212684575757
H           -0.18788279053390       -1.64406817974915        0.86700648278818
H           -1.42050952933765       -0.41469827435965        1.14402255211264
H            1.84457311303683        0.39930911235430       -1.25789668585831
H            1.33771046512178       -1.28993741773121       -1.01766665222081
H            3.41957121805186       -0.79510124876340        0.25552314125863
H            2.60799583729318        0.54026914323881        1.07938937018147
H            2.10252086223771       -1.12605912401478        1.38535129963780
H           -1.50781699537172        3.02164001505558        0.13829575942277
H           -2.24452031702722        1.44113938945550       -0.17197253160563
H           -1.52796685589249        1.79514456280391        1.40972867548531
