32
 energy: -37.773546439496 gnorm: 0.065478079300 xtb: 6.7.1 (edcfbbe)
C            5.72871339888500        0.37115426145400        0.35734839989600
C            4.56684248149100       -0.26719425750500        0.54590423640300
C            3.96877416642800       -1.23320080976300       -0.43724152767800
C            2.66959053425700       -0.72783919412700       -1.07321295560800
C            1.50917545192600       -0.61339526696200       -0.07990295115000
C            0.21695835472400       -0.19368892084000       -0.78439043296600
C           -0.94379749498300       -0.07783394665700        0.20506220350500
C           -2.23499109962600        0.34291006452000       -0.49878366364600
C           -3.39554144106500        0.45783439302500        0.49006828867800
C           -4.68283034077700        0.87881858689900       -0.21133256742800
C           -5.84909612440200        1.00024355763600        0.73966565566200
O           -5.79289479827400        0.78683797979000        1.94595275633200
H            6.11629909157500        1.05185745419400        1.10919509753700
H            6.31713630994700        0.23301430757200       -0.54434644808000
H            4.02155183375900       -0.09907662890600        1.47221264739800
H            3.78771533912400       -2.18719585818900        0.07225790870800
H            4.68697820509700       -1.44340943044900       -1.23977106106800
H            2.84384616937500        0.24415697936700       -1.55169730110000
H            2.38639969055400       -1.42581496189600       -1.87115650705300
H            1.74898835771700        0.12129035289300        0.69707721308200
H            1.35752958487400       -1.57776303474800        0.41988789676400
H            0.36910720534800        0.76931270194700       -1.28687239627900
H           -0.03404269400200       -0.92738997625800       -1.56005252247900
H           -0.69307372672300        0.65530790481800        0.98136027576000
H           -1.09600202863200       -1.04109822530600        0.70700491967800
H           -2.08278912831800        1.30651718791000       -1.00009313541100
H           -2.48555681754900       -0.38982280806700       -1.27552770575800
H           -3.14534168928800        1.18681002047500        1.27096802869100
H           -3.54781468270400       -0.50431118474400        0.99494100956200
H           -4.55288201571400        1.85124697902700       -0.69840111967400
H           -4.95828785807300        0.14656528383700       -0.97792176550000
H           -6.80066423495400        1.30515648905200        0.27085935973700
32
 energy: -37.775914177869 gnorm: 0.014231031640 xtb: 6.7.1 (edcfbbe)
C            5.71713479890014        0.36676734642249        0.35630895161557
C            4.57275344779281       -0.27010593916570        0.53984582518138
C            3.97779836946374       -1.23442204842041       -0.43774016567447
C            2.67630578563087       -0.73087831834036       -1.07076757958734
C            1.51674299224836       -0.61322363904233       -0.08401003605102
C            0.22255338896810       -0.19541516575362       -0.77828522359883
C           -0.94324007596457       -0.07657960626128        0.19973645963575
C           -2.23644936709028        0.34258155755925       -0.49340229186826
C           -3.39780254545214        0.45842267343758        0.48973747354545
C           -4.68952576288583        0.87867250427176       -0.20110983955297
C           -5.84762648995831        0.99825100559003        0.74658571329831
O           -5.79837168255397        0.79055285873719        1.93018753673293
H            6.10573080002721        1.04787991489696        1.09680513979939
H            6.30820527523141        0.22855199582945       -0.53529595491858
H            4.01492068388753       -0.10274484433617        1.45283176749277
H            3.77874739472884       -2.18201339741896        0.07432492637628
H            4.70191475815355       -1.43172879224750       -1.23390810712320
H            2.85581853172483        0.24271920709471       -1.53583461440825
H            2.38817347924949       -1.42507519027232       -1.86663664380639
H            1.75826063361893        0.12157316796094        0.68737383979198
H            1.36356623387457       -1.57613738306654        0.41142506208720
H            0.37458584651444        0.76570238852032       -1.27737370023430
H           -0.02836658503404       -0.92844711232970       -1.55031141052443
H           -0.69442769612589        0.65620055876927        0.97197828744600
H           -1.09660065019402       -1.03749946415513        0.69817702704797
H           -2.08242226770714        1.30429927136536       -0.99133116329791
H           -2.48461975096647       -0.39043870773031       -1.26651348893242
H           -3.15246123514154        1.18833718223605        1.26522048326501
H           -3.55441863587603       -0.50076987946825        0.98952077895488
H           -4.56453338643341        1.84616050592629       -0.69584491236177
H           -4.96645328211952        0.15498108424496       -0.97312513214838
H           -6.79589300651466        1.30382626514497        0.27049282833264
32
 energy: -37.776082682805 gnorm: 0.002827624549 xtb: 6.7.1 (edcfbbe)
C            5.70940557729587        0.36577643070326        0.35614198358244
C            4.56838938112240       -0.27117998127365        0.53816648838933
C            3.97670498720045       -1.23739415715750       -0.43737879291362
C            2.67643697936666       -0.72844416347034       -1.07187708148999
C            1.51910930767441       -0.61272568336961       -0.08285407519535
C            0.22487698673928       -0.19510294111658       -0.77731631573964
C           -0.94092957630818       -0.07676076294358        0.20121934376079
C           -2.23419996176611        0.34220598749256       -0.49297902643161
C           -3.39532930180026        0.45783524837572        0.48998251527650
C           -4.68931354876993        0.87823562502248       -0.19872573612794
C           -5.84294791528844        0.99637066637492        0.75191916352505
O           -5.80065186148080        0.79056304393843        1.93079494732837
H            6.09957227255478        1.05243688632277        1.08807283108978
H            6.30445152321653        0.22353098818249       -0.53082274699692
H            4.00220449306631       -0.10605805397996        1.44510584435600
H            3.77205561115276       -2.18266289828661        0.07479737186559
H            4.70194941637192       -1.43088608347099       -1.23124225138822
H            2.86093252497061        0.24588552555191       -1.53099941488809
H            2.38917982152379       -1.42045614155324       -1.86822789082186
H            1.76215019007305        0.12220891735548        0.68643354831182
H            1.36713554193332       -1.57564043842991        0.41141430225049
H            0.37738308411902        0.76562088079847       -1.27539577844633
H           -0.02490088912825       -0.92854939280540       -1.54830577942831
H           -0.69284110522346        0.65635410059505        0.97214568758339
H           -1.09452220173079       -1.03731998265180        0.69843084927181
H           -2.08114853000788        1.30385623026742       -0.98960268479275
H           -2.48293857058888       -0.39088985793570       -1.26472873605243
H           -3.15247449418306        1.18857724136009        1.26367704193209
H           -3.55433567575517       -0.50047045132518        0.98793069506294
H           -4.56774389752477        1.84452290987006       -0.69699521756868
H           -4.96849835667051        0.15810418149657       -0.97350713741071
H           -6.78916181215769        1.30245612606137        0.26378788862107
32
 energy: -37.776109672744 gnorm: 0.001206163705 xtb: 6.7.1 (edcfbbe)
C            5.70504617142251        0.36580171978516        0.35681859915918
C            4.56499085550451       -0.27286770163703        0.53871103659882
C            3.97667317626307       -1.24069335054251       -0.43748192379647
C            2.67757350081164       -0.72736419701993       -1.07294466423165
C            1.52085555330877       -0.61200225824628       -0.08312735093204
C            0.22610282335432       -0.19457375423556       -0.77701088742511
C           -0.93940690672315       -0.07659887084142        0.20218441681004
C           -2.23276682475515        0.34215293674667       -0.49265141071793
C           -3.39368867707561        0.45745383039378        0.49056190374919
C           -4.68885609151133        0.87765300399529       -0.19729518308198
C           -5.84228557683526        0.99480038700847        0.75350934771938
O           -5.80419859640960        0.79105714968779        1.93275817662033
H            6.09500137324700        1.05808594970786        1.08359889229041
H            6.30200964638386        0.22077539336941       -0.52885632934544
H            3.99238845755232       -0.10675800486545        1.44147413030909
H            3.76840408528316       -2.18483524015585        0.07416392325527
H            4.70222963378955       -1.43473743650965       -1.23027048949325
H            2.86508197782511        0.24789598777993       -1.52805523447380
H            2.38965977412423       -1.41635182824094       -1.87113475284677
H            1.76418584228324        0.12303543450301        0.68563484247189
H            1.36967647996254       -1.57498545486296        0.41084130036650
H            0.37858619563898        0.76618308420224       -1.27462538151640
H           -0.02341052425966       -0.92822969933556       -1.54762566267629
H           -0.69141580149123        0.65674695295876        0.97265990917005
H           -1.09275068249837       -1.03720957458472        0.69896484520324
H           -2.07976438005873        1.30379049102421       -0.98891645729542
H           -2.48118045082107       -0.39123868298081       -1.26397140336512
H           -3.15135747807364        1.18855197628429        1.26377687097839
H           -3.55296932060236       -0.50088568486014        0.98787374581422
H           -4.56881638728143        1.84404680009228       -0.69616534869273
H           -4.96883066355709        0.15820188470701       -0.97268383095743
H           -6.78676718480418        1.30309875667165        0.25834620684685
32
 energy: -37.776113658343 gnorm: 0.001503554332 xtb: 6.7.1 (edcfbbe)
C            5.69912135728045        0.36766517923355        0.35681776227674
C            4.56038076806688       -0.27373420323868        0.53928292904185
C            3.97617034842705       -1.24445562014813       -0.43720668911993
C            2.67919726384698       -0.72618946514549       -1.07443945811245
C            1.52245136817499       -0.61125851917880       -0.08437274037946
C            0.22721607464168       -0.19400108999703       -0.77761034338028
C           -0.93739910806276       -0.07642272315843        0.20287437623875
C           -2.23126650904212        0.34194755954784       -0.49176887640789
C           -3.39185140660044        0.45692760704636        0.49198102169313
C           -4.68748306191990        0.87748581656924       -0.19547716383725
C           -5.84206711718835        0.99713895821508        0.75383587185841
O           -5.80904048020075        0.79103819928800        1.93324814230516
H            6.08913512698115        1.06406788802730        1.08004297337607
H            6.29887021420732        0.21693138378400       -0.52679458097355
H            3.98313969558910       -0.10773784091984        1.43906102519834
H            3.76450959018354       -2.18770127711304        0.07401248764542
H            4.70261884170816       -1.44067828270279       -1.22845827018128
H            2.87040344481292        0.25020406148474       -1.52540965742113
H            2.39034095231273       -1.41121495545762       -1.87555423437833
H            1.76550481113788        0.12415922332525        0.68415095542198
H            1.37206015091622       -1.57423312532035        0.40991998573207
H            0.37931279841330        0.76695349332167       -1.27499782369605
H           -0.02265551934667       -0.92771055122905       -1.54803321982249
H           -0.68910330263387        0.65712537629828        0.97311073188104
H           -1.09008438603140       -1.03711126618551        0.69975422341734
H           -2.07827510965312        1.30356706156983       -0.98809515879164
H           -2.47930345315916       -0.39168861761641       -1.26297820929703
H           -3.14903370965234        1.18811909285007        1.26507816087667
H           -3.55075761419386       -0.50164475709169        0.98916763204804
H           -4.56742049188317        1.84410062931991       -0.69404835822128
H           -4.96830699807798        0.15781363364405       -0.97054340200197
H           -6.78638453905750        1.30053713097669        0.25251174352604
32
 energy: -37.776115740322 gnorm: 0.001267187094 xtb: 6.7.1 (edcfbbe)
C            5.69763030904699        0.36716672685134        0.35743531440708
C            4.55929586410558       -0.27493388695867        0.54013781482779
C            3.97556264352400       -1.24582798569449       -0.43665541307236
C            2.68002280081352       -0.72565282775774       -1.07509364018879
C            1.52275886540584       -0.61079269700121       -0.08557763553621
C            0.22738778050486       -0.19365628548450       -0.77846193782854
C           -0.93653521773071       -0.07609895683174        0.20281526973008
C           -2.23086920200534        0.34212521122713       -0.49098337390201
C           -3.39127175639097        0.45680145942110        0.49308122106339
C           -4.68673103476539        0.87636441836437       -0.19504912294650
C           -5.84340951073768        0.99315694862981        0.75228235085140
O           -5.81013794980928        0.79250367969623        1.93276511389414
H            6.08577319135853        1.06655722437131        1.07894189369896
H            6.29622598337947        0.21707060663411       -0.52705921559724
H            3.98100024541288       -0.10811510234083        1.43900505184436
H            3.76230321927953       -2.18878928775124        0.07450242978822
H            4.70281078760326       -1.44362615845850       -1.22693399749359
H            2.87289833572529        0.25115493551584       -1.52462265727776
H            2.39085450437631       -1.40900900940908       -1.87764722547244
H            1.76546787396330        0.12476657597168        0.68305812065401
H            1.37252257623891       -1.57374610976254        0.40897105085310
H            0.37920593915419        0.76735906937818       -1.27596761911020
H           -0.02298809797051       -0.92730154043843       -1.54886065549551
H           -0.68774277334005        0.65745979508700        0.97299967634825
H           -1.08870687439734       -1.03680622953817        0.70000097986935
H           -2.07816532930619        1.30374851071499       -0.98753927998257
H           -2.47888314408401       -0.39157216328330       -1.26224410575577
H           -3.14841474861736        1.18794665572583        1.26638854100293
H           -3.54939793233831       -0.50199718742429        0.99033995932303
H           -4.56700804080403        1.84332980143142       -0.69304423470698
H           -4.96610547358341        0.15612805448288       -0.96997634056046
H           -6.78535383401491        1.30428575463053        0.25205350328589
32
 energy: -37.776119272437 gnorm: 0.000395377464 xtb: 6.7.1 (edcfbbe)
C            5.69877191041123        0.36684932680240        0.35729231014739
C            4.56059905136582       -0.27508699598511        0.54027053568294
C            3.97527003749134       -1.24491616591095       -0.43626114530815
C            2.67979512479518       -0.72594886633557       -1.07481740998566
C            1.52210850917689       -0.61080828980216       -0.08600923806396
C            0.22686992644452       -0.19380387307701       -0.77892873479394
C           -0.93694430952436       -0.07608016030945        0.20232132094691
C           -2.23144459189980        0.34206243929391       -0.49079370548321
C           -3.39179611410626        0.45688939752086        0.49327463343222
C           -4.68649515350165        0.87682303178395       -0.19548112796766
C           -5.84266935950092        0.99517953859586        0.75222548079989
O           -5.80857391195950        0.79172848117122        1.93198772941901
H            6.08647517671005        1.06447766965144        1.08034872805279
H            6.29575471591316        0.21943168612584       -0.52828610641731
H            3.98447028400657       -0.10839126592463        1.44048949612734
H            3.76238598274019       -2.18793370636155        0.07532552848038
H            4.70277268220577       -1.44264950738405       -1.22646067882261
H            2.87203747807804        0.25055666493688       -1.52532928829878
H            2.39111677467476       -1.41022157563666       -1.87683649121258
H            1.76472691424645        0.12463488330153        0.68278225914548
H            1.37159030492146       -1.57375298255527        0.40845291650050
H            0.37864088547291        0.76708861915826       -1.27669732514353
H           -0.02366333548272       -0.92744881104321       -1.54929954002156
H           -0.68784811872587        0.65747685933457        0.97241661972564
H           -1.08895104209098       -1.03671010664801        0.69972154690259
H           -2.07900886341414        1.30372425537666       -0.98739237354259
H           -2.47987123068490       -0.39149411557567       -1.26207576505807
H           -3.14888370285651        1.18797824169409        1.26658293335740
H           -3.55015758354552       -0.50173515415637        0.99075011610534
H           -4.56566198963871        1.84338834483237       -0.69375472020402
H           -4.96556871189804        0.15659906144179       -0.97044660454139
H           -6.78584773982750        1.30209307568302        0.25368993655421
32
 energy: -37.776116701084 gnorm: 0.001042180274 xtb: 6.7.1 (edcfbbe)
C            5.69870720349816        0.36825314884483        0.35631241539246
C            4.56122730333985       -0.27468800910983        0.54022219270542
C            3.97469669374935       -1.24409088720711       -0.43572887232331
C            2.67947054500730       -0.72624636912813       -1.07473935911726
C            1.52137459938422       -0.61079251652940       -0.08659286264900
C            0.22635878265465       -0.19385428873851       -0.77973239306809
C           -0.93713419517947       -0.07581335677228        0.20177869555696
C           -2.23184439653524        0.34210383527953       -0.49060446189594
C           -3.39214481427497        0.45682322242035        0.49350861619950
C           -4.68627245439539        0.87672419985573       -0.19589009828055
C           -5.84233179008775        0.99475216494939        0.75192931112654
O           -5.80662072530940        0.79169588443043        1.93173725876132
H            6.08738733281760        1.06163889796786        1.08254723143613
H            6.29544937385608        0.22191656936541       -0.52935747103258
H            3.98871595159712       -0.10999649799298        1.44313531375246
H            3.76214962706787       -2.18705020208795        0.07644053184167
H            4.70243579049165       -1.44190811687943       -1.22578520688054
H            2.87107017908825        0.24990950202602       -1.52638202897788
H            2.39156626329117       -1.41166160981626       -1.87611970761182
H            1.76395316497005        0.12445903208318        0.68242360086758
H            1.37044061868990       -1.57376061946159        0.40768208374296
H            0.37802889231667        0.76683644176915       -1.27793648371992
H           -0.02442538896617       -0.92765910225182       -1.54991578618970
H           -0.68772872214387        0.65802309569989        0.97150720490798
H           -1.08871700258780       -1.03628137033874        0.69964880221113
H           -2.07996457420129        1.30396570542799       -0.98703568115482
H           -2.48069353181384       -0.39120925629924       -1.26198819131784
H           -3.14920638811480        1.18793099660810        1.26671923702771
H           -3.55094365828419       -0.50153910125340        0.99129274342765
H           -4.56454414083989        1.84286753851336       -0.69463885227388
H           -4.96481885027332        0.15646775021359       -0.97095877834900
H           -6.78564168881553        1.30218331841088        0.25558283239970
32
 energy: -37.776120002129 gnorm: 0.000229555252 xtb: 6.7.1 (edcfbbe)
C            5.69668317132347        0.36831156735745        0.35669393585962
C            4.55941348494161       -0.27508545831845        0.54031563578234
C            3.97491246596002       -1.24568738647325       -0.43597755451623
C            2.68009263757490       -0.72573062172738       -1.07523065432687
C            1.52231216348471       -0.61062646727204       -0.08654607969718
C            0.22705043318695       -0.19365633894734       -0.77940528688157
C           -0.93640517986988       -0.07589639016484        0.20229704099225
C           -2.23110362807666        0.34205623099772       -0.49051456701914
C           -3.39131513337425        0.45682499433600        0.49371817299310
C           -4.68610340371985        0.87667249534570       -0.19505142610904
C           -5.84242275217719        0.99510635668116        0.75239039213799
O           -5.80908902674539        0.79173381673713        1.93218473670820
H            6.08522427975916        1.06491795162585        1.08020268270757
H            6.29476399486186        0.21934272275695       -0.52800835921210
H            3.98357426665086       -0.10980687844371        1.44097105675653
H            3.76108251373173       -2.18830506984837        0.07581674639762
H            4.70272454205676       -1.44393783345201       -1.22567568651673
H            2.87317071355418        0.25094748502857       -1.52494612447422
H            2.39150756444499       -1.40939759592508       -1.87772547705192
H            1.76489934634320        0.12487400171995        0.68215474994591
H            1.37184901391305       -1.57356181221414        0.40791371331250
H            0.37867555683155        0.76717661302482       -1.27729262066818
H           -0.02364015700949       -0.92743612506554       -1.54956095136941
H           -0.68706904446320        0.65778878615818        0.97215577769054
H           -1.08817831209542       -1.03647835494461        0.69980322688617
H           -2.07893586761416        1.30372267538546       -0.98712771267230
H           -2.47967128763940       -0.39158407115710       -1.26163808798603
H           -3.14855761003850        1.18800735388235        1.26693150869628
H           -3.54969493031013       -0.50177007457896        0.99115221231003
H           -4.56533305621468        1.84318646510065       -0.69349299386638
H           -4.96503811879766        0.15651723179158       -0.97016964583599
H           -6.78537864047620        1.30177373060232        0.25272347554167
32
 energy: -37.776120485494 gnorm: 0.000226216428 xtb: 6.7.1 (edcfbbe)
C            5.69623364479964        0.36786056596109        0.35714613776976
C            4.55939801435862       -0.27630023504667        0.54114315965674
C            3.97452653743990       -1.24630704498434       -0.43552633588914
C            2.68040800963791       -0.72557119072429       -1.07554117818240
C            1.52234538274317       -0.61038173810848       -0.08720251672137
C            0.22708167191961       -0.19348187754085       -0.78004011289170
C           -0.93602575350468       -0.07558180869738        0.20207398738403
C           -2.23095638460079        0.34214972700985       -0.49031523442664
C           -3.39101564981727        0.45679325956562        0.49412024689274
C           -4.68575721140452        0.87649791766819       -0.19480979520149
C           -5.84230230627480        0.99486610826667        0.75233906127394
O           -5.80902676795841        0.79169926039421        1.93224506934654
H            6.08347403271114        1.06604188284639        1.07996535296089
H            6.29281006184343        0.22144542702127       -0.52893253154572
H            3.98384778479433       -0.11119926509011        1.44209191138068
H            3.75964362761381       -2.18867455023687        0.07627244710946
H            4.70264193439232       -1.44529235684567       -1.22475967097075
H            2.87410170037107        0.25116320736823       -1.52487947712798
H            2.39193141427583       -1.40888315223830       -1.87839390570722
H            1.76486800723389        0.12507594742067        0.68157717469588
H            1.37175783481043       -1.57332462080871        0.40721990038501
H            0.37858328381299        0.76726300702660       -1.27814302623530
H           -0.02383749935319       -0.92738952545072       -1.55001642049266
H           -0.68641826524481        0.65827936727910        0.97168526675015
H           -1.08747614411488       -1.03608585313145        0.69985073291520
H           -2.07910526219724        1.30384627839731       -0.98699123009238
H           -2.47966918678447       -0.39153553727719       -1.26135520064591
H           -3.14822786988152        1.18803993058530        1.26726065179980
H           -3.54936726863101       -0.50175539997068        0.99166701312161
H           -4.56484959834851        1.84295895739306       -0.69333310050166
H           -4.96445663448573        0.15627259353244       -0.96996256763492
H           -6.78516114015928        1.30151071841473        0.25260602733986
