22
 energy: -28.110293258487 gnorm: 0.027919110863 xtb: 6.7.1 (edcfbbe)
C           -3.21281436183500        0.61194093910600        0.04153208962000
C           -1.96389863959500       -0.15466274451600       -0.37237116048800
O           -2.10518753324600       -1.51567745545700        0.02515487041800
C           -0.71054877169400        0.43073116230100        0.28468798919200
C            0.56624456449600       -0.28619403953900       -0.16757793025300
C            1.80592613480600        0.32890334173700        0.47863139199400
C            3.07908801804900       -0.38055242391600        0.03696959920400
O            4.20743646980300        0.23334482644700        0.64600220435300
H           -3.14717935037500        1.66531941134300       -0.24713906850600
H           -3.36876946517900        0.55220182785300        1.12431253319700
H           -4.10204404139600        0.17784602056700       -0.42819190249900
H           -1.86057471019700       -0.12921224705000       -1.46303020546000
H           -2.90101147375100       -1.86717626098300       -0.40977535535700
H           -0.63378067547400        1.49809837572100        0.04464615448700
H           -0.79278034590300        0.34213524420900        1.37549388805200
H            0.65294131371500       -0.22526441335600       -1.25920924031500
H            0.51099640095800       -1.34958464303400        0.09388212034900
H            1.87810994124900        1.39411606648300        0.22606381850100
H            1.72465292923200        0.28457469113900        1.57185462601100
H            3.06523402999100       -1.43849612140200        0.31815614719800
H            3.20511727338400       -0.31534832162200       -1.04819915421900
H            4.10284229296200        0.14295676397000        1.60866063759700
22
 energy: -28.112018251625 gnorm: 0.012477170552 xtb: 6.7.1 (edcfbbe)
C           -3.22217243750827        0.61974705618572        0.03917645682023
C           -1.97262690550920       -0.15588074395642       -0.36757256198591
O           -2.08137105835069       -1.51867679882302        0.02572673337516
C           -0.71778632615351        0.42123261193460        0.28490320139405
C            0.55935240064864       -0.28385329762551       -0.16910573800526
C            1.79878300633222        0.32476729357772        0.47828134504698
C            3.08535952000484       -0.37523724697522        0.05360673070428
O            4.23250289600114        0.21995631546931        0.63569594808739
H           -3.14503908213655        1.66655029107303       -0.24799227376519
H           -3.35838594327751        0.56064098846074        1.11906247633992
H           -4.10743893120411        0.19479187509633       -0.43755659591245
H           -1.85622293298206       -0.11151964510090       -1.46101931711688
H           -2.87483002081269       -1.88204019490841       -0.38817899360046
H           -0.65323504304375        1.48434454105483        0.04026089641775
H           -0.81485690204487        0.32643803697130        1.36939555579070
H            0.64862430145532       -0.21643514649290       -1.25688221881149
H            0.49102194349305       -1.34201942452971        0.09261673193968
H            1.87704841926108        1.38413719313950        0.21558076909860
H            1.70785430294615        0.26676341202430        1.56855854348624
H            3.04489591392100       -1.44020467519583        0.31819876394920
H            3.22156260804393       -0.29725914755331       -1.02716521461306
H            4.13696027091583        0.15375670617485        1.59496281443652
22
 energy: -28.112272712916 gnorm: 0.005119268690 xtb: 6.7.1 (edcfbbe)
C           -3.22014288999748        0.61862473582006        0.03791065918618
C           -1.96880442012291       -0.15868595318114       -0.36962721887300
O           -2.06734106169728       -1.51828183335407        0.02489889152073
C           -0.71745326776040        0.42331531017846        0.28696682151546
C            0.55722452142183       -0.28196378490893       -0.16910754966988
C            1.79335585926330        0.32649101582527        0.48426404473699
C            3.08080568937019       -0.37644215728933        0.05666732060120
O            4.23266253069476        0.20890098402109        0.62779813725517
H           -3.13324135019935        1.66116970869052       -0.25300309151654
H           -3.35166103418217        0.56378176912091        1.11614901828274
H           -4.10388219505281        0.19962049698058       -0.44176092272889
H           -1.85198410709633       -0.10712019794877       -1.46567370463342
H           -2.86294851456290       -1.88974256626286       -0.37059136739285
H           -0.65915935154050        1.48585080295336        0.04384900862452
H           -0.82078601264368        0.32125231658898        1.36841726945103
H            0.64609458042533       -0.20755223969838       -1.25518025836822
H            0.48272436217039       -1.33920159159992        0.08853246366026
H            1.87123104391099        1.38364418024757        0.21902549498747
H            1.69706843872047        0.26135730943204        1.57283787826146
H            3.02793015063810       -1.44457637414094        0.31449132339616
H            3.22183763782483       -0.29058000935527       -1.02287322141719
H            4.14646939041558        0.16013807788176        1.58656305619663
22
 energy: -28.112332780185 gnorm: 0.001931095761 xtb: 6.7.1 (edcfbbe)
C           -3.22002738638519        0.61699817761202        0.03492446157265
C           -1.96720109545558       -0.16114094509246       -0.37096202751630
O           -2.05990745202528       -1.51814801936066        0.02413486812874
C           -0.71816749720602        0.42586097570762        0.28794931421135
C            0.55738670680056       -0.27718759970633       -0.16858281501904
C            1.79324650576930        0.32795124128838        0.48876485415508
C            3.07861077769910       -0.37816797026999        0.05640179309066
O            4.23320488643669        0.19883076528036        0.62376143526252
H           -3.12812175733824        1.65841411385126       -0.25873231961277
H           -3.35147241044613        0.56436303909747        1.11272524013810
H           -4.10324357240136        0.19922008317111       -0.44528721743761
H           -1.85078218153395       -0.10782775213736       -1.46767658770106
H           -2.85979854628624       -1.89482643631726       -0.35678536051426
H           -0.66210897166361        1.48871211463250        0.04741203691518
H           -0.82306360560946        0.31973287863562        1.36848155531766
H            0.64703289309053       -0.19773335369348       -1.25400060106795
H            0.48121637556477       -1.33512213738949        0.08426832634442
H            1.87092273121254        1.38525774581328        0.22677569745738
H            1.69613593898958        0.25805202680924        1.57635729966953
H            3.01829180958378       -1.44716260313567        0.31077734104431
H            3.21617937425442       -0.28922258676116       -1.02347324284176
H            4.15166647694976        0.16314624196598        1.58332000147916
22
 energy: -28.112361236540 gnorm: 0.002244953593 xtb: 6.7.1 (edcfbbe)
C           -3.22084136774562        0.61375321649907        0.02935779934106
C           -1.96525828322928       -0.16359006887533       -0.37205766208342
O           -2.05233484235614       -1.51752347884401        0.02504632585197
C           -0.71927446559522        0.42961712176739        0.28922714516924
C            0.55875587678660       -0.26881245443833       -0.16846988898325
C            1.79505687080732        0.32969074307053        0.49481199045522
C            3.07601164748700       -0.38083686256147        0.05497152557865
O            4.23521100052766        0.18470468852598        0.61888859062115
H           -3.12752812440959        1.65461519204825       -0.26745937482099
H           -3.35591266252716        0.56418750889231        1.10711405818880
H           -4.10273689678265        0.19423236029809       -0.45180062761543
H           -1.84790691927241       -0.11106456625695       -1.46870850696805
H           -2.86020633418378       -1.89805033048193       -0.33617453817837
H           -0.66642234492200        1.49331106939317        0.05188628964239
H           -0.82451635757775        0.31999484972457        1.36962063580157
H            0.65101027495425       -0.18151171479249       -1.25332892843510
H            0.48265332739137       -1.32894010880074        0.07608167868012
H            1.87515263698804        1.38890769131181        0.24112848314480
H            1.69864036876886        0.25243519373734        1.58173951411767
H            3.00844818593549       -1.45031752334991        0.30508698429712
H            3.20627251136315       -0.28950022171391       -1.02583425393179
H            4.15572589759181        0.16469769484756        1.57942681320265
22
 energy: -28.112370700983 gnorm: 0.001605344170 xtb: 6.7.1 (edcfbbe)
C           -3.22139417385313        0.61258962246279        0.02755870437768
C           -1.96473927261234       -0.16354363712873       -0.37146544658833
O           -2.05170570293151       -1.51739997837505        0.02691347310534
C           -0.71931209099735        0.43075211789009        0.28960898345457
C            0.55921019055095       -0.26624995476625       -0.16884177962694
C            1.79589200844012        0.32951840282524        0.49601124339165
C            3.07565216108453       -0.38154039691343        0.05441180655245
O            4.23616619749228        0.18224512359238        0.61803483058645
H           -3.13035495968834        1.65349363887153       -0.26984934777895
H           -3.35825919449159        0.56380150179301        1.10534828029875
H           -4.10221690767510        0.19092310956327       -0.45425795200031
H           -1.84625217965904       -0.11241400536326       -1.46790640813825
H           -2.86164965552114       -1.89652196287318       -0.33079483595389
H           -0.66752382742970        1.49463582735027        0.05243270673116
H           -0.82380675514202        0.32111837846939        1.37019486032407
H            0.65217754337623       -0.17644061143341       -1.25351710774114
H            0.48329042791412       -1.32712786524109        0.07305373109290
H            1.87770422223715        1.38953147803280        0.24522899243184
H            1.69951300687373        0.24995195689136        1.58296035017321
H            3.00783817609036       -1.45111779427039        0.30363550131362
H            3.20480347191928       -0.28964410305530       -1.02651731946950
H            4.15496731402247        0.16343915167896        1.57831078653962
22
 energy: -28.112386061955 gnorm: 0.001202365136 xtb: 6.7.1 (edcfbbe)
C           -3.22313072302776        0.60795826640513        0.02086959017169
C           -1.96213017688380       -0.16317528968808       -0.36927724012958
O           -2.04799335600687       -1.51682108012414        0.03525976528324
C           -0.71899539939434        0.43568301433518        0.29100756554457
C            0.56050813310163       -0.25623956988213       -0.17183883604429
C            1.79833211670804        0.32782971779404        0.50067713204610
C            3.07425722401237       -0.38462367201911        0.05270348142991
O            4.23903203547535        0.17420217514498        0.61517616112819
H           -3.14012719907806        1.64862221056591       -0.27967460183206
H           -3.36579498645075        0.56269051087826        1.09858041556764
H           -4.09941369311494        0.17794809589650       -0.46340073363170
H           -1.83939260011081       -0.11818085113940       -1.46535218111679
H           -2.86722717611906       -1.88995220409674       -0.30686131801199
H           -0.67215303625529        1.50022477286189        0.05469397637171
H           -0.82053349920626        0.32509363670401        1.37201557794246
H            0.65593476057122       -0.15458047947395       -1.25545181679367
H            0.48349577232821       -1.32004274277407        0.05804399755583
H            1.88657743605792        1.39062028561933        0.26150627723841
H            1.70070340008950        0.23775195510119        1.58722257059321
H            3.00596261023949       -1.45487070952328        0.29837887483883
H            3.20042370478441       -0.28957461641614       -1.02837142390722
H            4.15166465227974        0.15943657383160        1.57464681883152
22
 energy: -28.112365850466 gnorm: 0.003522809500 xtb: 6.7.1 (edcfbbe)
C           -3.22486018978332        0.60335248119961        0.01422370115754
C           -1.95953977870073       -0.16279800098478       -0.36710098705336
O           -2.04432331314659       -1.51624580325409        0.04353379163723
C           -0.71868078778291        0.44057324082821        0.29240263073146
C            0.56180375801735       -0.24629615913233       -0.17480161801940
C            1.80076820846300        0.32616122428703        0.50530604418409
C            3.07287032752839       -0.38769303280830        0.05100818775429
O            4.24189935899999        0.16619607902999        0.61232101830805
H           -3.14988186570663        1.64378840161764       -0.28940939274570
H           -3.37330688076412        0.56156236257060        1.09185871891340
H           -4.09662670755626        0.16503700891994       -0.47249904455401
H           -1.83256507025133       -0.12388428695752       -1.46280675523623
H           -2.87278951792530       -1.88339908992091       -0.28312337649387
H           -0.67674980905293        1.50576923718360        0.05693659986957
H           -0.81728021871890        0.32905050279521        1.37383490021707
H            0.65967700612060       -0.13288969021612       -1.25736452137790
H            0.48372844266662       -1.31300670990210        0.04316989131485
H            1.89542355787712        1.39171550202106        0.27765921093900
H            1.70191206404381        0.22566518248209        1.59146038177832
H            3.00409681701095       -1.45859952025134        0.29317364026241
H            3.19606559822418       -0.28953645152858       -1.03021488922949
H            4.14835900043694        0.15547752202208        1.57098592071869
22
 energy: -28.112386430174 gnorm: 0.001512689555 xtb: 6.7.1 (edcfbbe)
C           -3.22384173236765        0.60615076128093        0.01792799800169
C           -1.96100466847283       -0.16336751775907       -0.36831148815172
O           -2.04575297489155       -1.51659194095880        0.03958295658248
C           -0.71890563793430        0.43805141682508        0.29146950674527
C            0.56082925611387       -0.25183731191012       -0.17357331953259
C            1.79897887416336        0.32678973546774        0.50291726927141
C            3.07372900475693       -0.38568153434403        0.05194044667184
O            4.23978804377610        0.17117201702375        0.61438513027210
H           -3.14301097024638        1.64630943921684       -0.28488535142232
H           -3.36826394905358        0.56311104322944        1.09550406555548
H           -4.09829558345307        0.17300323114028       -0.46698901624937
H           -1.83674813154154       -0.12145486170952       -1.46439253401629
H           -2.86876563093208       -1.88800480493228       -0.29517600226258
H           -0.67433881802570        1.50282650567346        0.05574201753421
H           -0.81930006811032        0.32656401435514        1.37246381355086
H            0.65722316700349       -0.14422729225734       -1.25652861937615
H            0.48257811223881       -1.31682565571423        0.05041006729814
H            1.88947296779559        1.39062144740839        0.26912158528303
H            1.70033172713065        0.23123839146171        1.58896235409102
H            3.00517609804403       -1.45646220822695        0.29540890806322
H            3.19890593419420       -0.28831703795019       -1.02905427806787
H            4.15121497981189        0.15693216268073        1.57362854323416
22
 energy: -28.112391057178 gnorm: 0.000517620608 xtb: 6.7.1 (edcfbbe)
C           -3.22298918524211        0.60857611963485        0.02049852204827
C           -1.96225912470174       -0.16436316980459       -0.36913554799343
O           -2.04656025548831       -1.51684734476820        0.03832281305927
C           -0.71914926510264        0.43626966281911        0.29025182723074
C            0.55999924469079       -0.25571492858409       -0.17373250109541
C            1.79715492746648        0.32681324157136        0.50147754612547
C            3.07453402489784       -0.38349151464876        0.05255633813669
O            4.23770672890931        0.17560815011189        0.61693440756007
H           -3.13675535632227        1.64803649178532       -0.28319923473457
H           -3.36379936555939        0.56606593893506        1.09806626417343
H           -4.09974372922079        0.17932727890954       -0.46226093469247
H           -1.84052974047161       -0.12145259490911       -1.46564009536248
H           -2.86541046605649       -1.89238935396224       -0.30162650564279
H           -0.67298083343360        1.50070363528149        0.05442450572127
H           -0.82056361081578        0.32454850819767        1.37087275998469
H            0.65556255984859       -0.15095533850114       -1.25676084482473
H            0.48103032365588       -1.31956626235022        0.05340499053744
H            1.88415664077793        1.38959939038042        0.26461270502095
H            1.69817804809248        0.23308826453923        1.58708675214404
H            3.00652240537713       -1.45451538726627        0.29566677661507
H            3.20159640039841       -0.28521919461913       -1.02804174429608
H            4.15429962829984        0.15587840724879        1.57677525336055
22
 energy: -28.112393117393 gnorm: 0.000288247182 xtb: 6.7.1 (edcfbbe)
C           -3.22325629552920        0.60803568381443        0.01918054034928
C           -1.96202885060497       -0.16467059843659       -0.36854572972493
O           -2.04632785660117       -1.51674848738482        0.04107433416304
C           -0.71913156147640        0.43704224729843        0.29007244865938
C            0.56027685297194       -0.25383593108553       -0.17483954865226
C            1.79737968544747        0.32624183957716        0.50246071812913
C            3.07447515320856       -0.38345411750796        0.05213787582606
O            4.23795596346004        0.17480974873254        0.61719124058597
H           -3.13815069915308        1.64715129929524       -0.28597170571790
H           -3.36479562287225        0.56710433233146        1.09680169416561
H           -4.09949429817554        0.17722624990593       -0.46336594718165
H           -1.83979482526901       -0.12370628013607       -1.46501560888888
H           -2.86633612689495       -1.89170072906123       -0.29640453448467
H           -0.67402834497321        1.50156504810319        0.05427428796118
H           -0.81967530225352        0.32526767726096        1.37081584542894
H            0.65656883172215       -0.14633413647298       -1.25756070118948
H            0.48106193432029       -1.31829714161002        0.04955035883208
H            1.88526383501721        1.38972103871532        0.26862405153226
H            1.69791761696963        0.22969184968403        1.58784896477977
H            3.00673946822962       -1.45481222705657        0.29367371191675
H            3.20130972746414       -0.28360926956765       -1.02834598007381
H            4.15407071499220        0.15331190360170        1.57689773666015
22
 energy: -28.112395771598 gnorm: 0.000282641709 xtb: 6.7.1 (edcfbbe)
C           -3.22343479693376        0.60779630505400        0.01755825957328
C           -1.96199159805657       -0.16554678492923       -0.36772545817545
O           -2.04620213636260       -1.51660208635750        0.04592406382864
C           -0.71914752416508        0.43790554601026        0.28924128799525
C            0.56058596966627       -0.25151218939764       -0.17700320473317
C            1.79720822120339        0.32533513851160        0.50389202727102
C            3.07452962488406       -0.38262279842738        0.05162860380703
O            4.23789823449996        0.17465022048947        0.61839080932618
H           -3.13920220617185        1.64606801030462       -0.29068277708389
H           -3.36519274094021        0.57011606430014        1.09534299427467
H           -4.09947124778551        0.17492924708441       -0.46375597322570
H           -1.83962666061282       -0.12797253953799       -1.46427648895486
H           -2.86718476545974       -1.89182638079696       -0.28886620989044
H           -0.67565721612586        1.50248867122082        0.05331788432804
H           -0.81827311220568        0.32613552538245        1.37016771017102
H            0.65814299821662       -0.13983213633846       -1.25921776797646
H            0.48082129870741       -1.31684471296246        0.04329303191322
H            1.88581154526826        1.38991098333730        0.27487772906244
H            1.69684621460600        0.22406008602754        1.58880094899921
H            3.00743137971282       -1.45466800904372        0.29005466036990
H            3.20150122833696       -0.27962895338450       -1.02851755404082
H            4.15460728971786        0.14766079345419        1.57810947623690
22
 energy: -28.112398105552 gnorm: 0.000302413217 xtb: 6.7.1 (edcfbbe)
C           -3.22357023136591        0.60782551236163        0.01601794091390
C           -1.96214408174314       -0.16677561611478       -0.36678691366550
O           -2.04627417538781       -1.51645215027658        0.05133694520282
C           -0.71921345526676        0.43865714607775        0.28818311082337
C            0.56087886715291       -0.24934376390493       -0.17916088601424
C            1.79685661003350        0.32446874416525        0.50541446462908
C            3.07470949934547       -0.38121603780391        0.05096285430258
O            4.23760968691949        0.17461566788615        0.62018708890061
H           -3.13959525896450        1.64492246376500       -0.29621114214100
H           -3.36490717838161        0.57423200275440        1.09399874023861
H           -4.09975727552310        0.17304085289081       -0.46332686515265
H           -1.83992086103140       -0.13284343176034       -1.46348194022401
H           -2.86742536010586       -1.89277621107298       -0.28171696953151
H           -0.67728284247242        1.50320001077493        0.05188715947533
H           -0.81701164724301        0.32708574270972        1.36925121128887
H            0.65976997930749       -0.13368757229080       -1.26082600542065
H            0.48055644982301       -1.31543837470704        0.03720798731373
H            1.88558058608316        1.39009141155912        0.28135913662186
H            1.69547168826416        0.21820913719048        1.58973273677461
H            3.00805535840595       -1.45415399363201        0.28542597310034
H            3.20201739167033       -0.27412468056813       -1.02876041844040
H            4.15559625047998        0.14046313999723        1.57985984408026
22
 energy: -28.112399876750 gnorm: 0.000195647996 xtb: 6.7.1 (edcfbbe)
C           -3.22348714777450        0.60807799002181        0.01475386250920
C           -1.96226735019675       -0.16798121963085       -0.36602724800100
O           -2.04625500615498       -1.51629827344886        0.05618352541977
C           -0.71929980965062        0.43920594451042        0.28732539497203
C            0.56102099199172       -0.24786920833712       -0.18074733747313
C            1.79638788384724        0.32389595575681        0.50669510770922
C            3.07479735712843       -0.37958752724549        0.05020953955900
O            4.23724380323169        0.17419410099310        0.62219286566251
H           -3.13959484590589        1.64395567564680       -0.30153250444590
H           -3.36412927361074        0.57859761656304        1.09292715354737
H           -4.09995377595909        0.17150356698036       -0.46239034158799
H           -1.84024254809441       -0.13723678092061       -1.46286140452867
H           -2.86708800047368       -1.89410552960948       -0.27612347822192
H           -0.67864193341017        1.50364595316214        0.05043836200859
H           -0.81610555576925        0.32805585995390        1.36852408133850
H            0.66097125600810       -0.12922092551186       -1.26198562331902
H            0.48029110962913       -1.31453153461965        0.03267839124677
H            1.88486497538080        1.39040013135188        0.28690045227014
H            1.69446293237966        0.21328123269159        1.59048762147839
H            3.00822965156302       -1.45351621248551        0.28019523169452
H            3.20257225268263       -0.26804013461917       -1.02901287562437
H            4.15622303315761        0.13357331879771        1.58172327686198
22
 energy: -28.112401414466 gnorm: 0.000159617572 xtb: 6.7.1 (edcfbbe)
C           -3.22350311629771        0.60838332965438        0.01354507988709
C           -1.96243698475113       -0.16907725545884       -0.36509716219050
O           -2.04654291540554       -1.51612796593294        0.06081102870920
C           -0.71932623887145        0.43964978096298        0.28661079101163
C            0.56121709184340       -0.24675609621474       -0.18175708895970
C            1.79611760424735        0.32335221139179        0.50787080041734
C            3.07503180567151       -0.37780519934237        0.04904976846968
O            4.23688428552972        0.17336578050421        0.62452765177503
H           -3.13964656034749        1.64296162575583       -0.30698702971145
H           -3.36319559240486        0.58320827221547        1.09191424541924
H           -4.10036157252531        0.16998992945152       -0.46115622246924
H           -1.84050714669610       -0.14130870881581       -1.46201682567043
H           -2.86655072244230       -1.89544925989689       -0.27181757718441
H           -0.67956334760459        1.50392757165055        0.04897727612408
H           -0.81540340812977        0.32913359813274        1.36791327926092
H            0.66200792943376       -0.12608818443917       -1.26267152743193
H            0.48010770955003       -1.31375286291880        0.02967190461876
H            1.88384752506594        1.39060340712631        0.29175802127340
H            1.69392269478698        0.20891329349867        1.59120671600002
H            3.00825856598110       -1.45280831547240        0.27395741846167
H            3.20361253831721       -0.26115909433166       -1.02956605854194
H            4.15602985504917        0.12684414248011        1.58380956380753
22
 energy: -28.112402994504 gnorm: 0.000167236501 xtb: 6.7.1 (edcfbbe)
C           -3.22326550635082        0.60887691296681        0.01215914371713
C           -1.96247619758340       -0.17025617799806       -0.36413341185420
O           -2.04684215613550       -1.51590065801885        0.06604126892957
C           -0.71938311132496        0.44010619307100        0.28612882038348
C            0.56125792828523       -0.24598518187087       -0.18246541332388
C            1.79577683462500        0.32281599544369        0.50897340825006
C            3.07525441684998       -0.37554566216642        0.04741995943981
O            4.23648033008538        0.17189448639586        0.62758218094602
H           -3.13979516414140        1.64189500309321       -0.31349414727273
H           -3.36198345494531        0.58885313454240        1.09074193992080
H           -4.10047378415273        0.16809682854685       -0.45960097175565
H           -1.84051061038960       -0.14586912238203       -1.46114109479395
H           -2.86579273448225       -1.89693464669192       -0.26739159398258
H           -0.68050570132296        1.50417412291659        0.04744789975802
H           -0.81472935623202        0.33053221304080        1.36759541398230
H            0.66288612337295       -0.12361022591217       -1.26311436382271
H            0.47979147313231       -1.31330523528271        0.02726162979851
H            1.88249172945550        1.39096920343663        0.29700926075665
H            1.69390618827522        0.20406574026215        1.59185590599955
H            3.00807928176621       -1.45195287813659        0.26553636106665
H            3.20503741535473       -0.25220247743964       -1.03032020472817
H            4.15479605585837        0.11928243218421        1.58646206166131
22
 energy: -28.112404371049 gnorm: 0.000174785918 xtb: 6.7.1 (edcfbbe)
C           -3.22322042249586        0.60944208238555        0.01028980322849
C           -1.96254835466660       -0.17148029088362       -0.36272276911209
O           -2.04743681987179       -1.51558802555184        0.07216896226043
C           -0.71930989724273        0.44052152618377        0.28567324194505
C            0.56147683923478       -0.24527356766068       -0.18290368254486
C            1.79565386409870        0.32206417939025        0.51035373505768
C            3.07569925423152       -0.37273103544895        0.04501171798980
O            4.23606929650153        0.16978292076444        0.63142952007876
H           -3.14024732130705        1.64057424020353       -0.32143374398880
H           -3.36079301426970        0.59561347953049        1.08909659134712
H           -4.10082323924053        0.16573914185641       -0.45801663959560
H           -1.84027898118472       -0.15101217257753       -1.45974952608921
H           -2.86522350792287       -1.89833986814876       -0.26227213263905
H           -0.68123867022561        1.50433023469675        0.04578194185068
H           -0.81396090033167        0.33209858568302        1.36730092210921
H            0.66384020660241       -0.12148724953341       -1.26333613940131
H            0.47949895019779       -1.31282286639188        0.02543765770106
H            1.88079854234345        1.39123918615697        0.30306178889523
H            1.69446676893974        0.19842308920504        1.59277288900251
H            3.00798831478947       -1.45085813287391        0.25437664989357
H            3.20724847120774       -0.24075676002096       -1.03151461044394
H            4.15234062061193        0.11052130303629        1.58974787553128
22
 energy: -28.112404922108 gnorm: 0.000114640188 xtb: 6.7.1 (edcfbbe)
C           -3.22297957523896        0.60987047744178        0.00878594693983
C           -1.96245642821193       -0.17238276957757       -0.36182070181125
O           -2.04798346470310       -1.51536146712571        0.07656107715596
C           -0.71933830091410        0.44080283400404        0.28567564873898
C            0.56147571146956       -0.24498713973856       -0.18290305459003
C            1.79556716978385        0.32144952236241        0.51119184526003
C            3.07607503395789       -0.37048873013704        0.04303272204192
O            4.23584042432851        0.16806265709996        0.63433552051564
H           -3.14044552567126        1.63960270920372       -0.32731355944500
H           -3.36013681456010        0.60051922322431        1.08768001956057
H           -4.10069780029585        0.16403839857037       -0.45724122375605
H           -1.83978430867023       -0.15480405283104       -1.45885082380976
H           -2.86519104115561       -1.89903726241599       -0.25819084652618
H           -0.68171163677043        1.50442759297059        0.04488163120442
H           -0.81353273939390        0.33323964484820        1.36744410926165
H            0.66442289811110       -0.12042521062354       -1.26320113197164
H            0.47923713809702       -1.31268791728763        0.02462798559083
H            1.87941635782749        1.39141223365739        0.30743846594091
H            1.69519717058141        0.19413885435138        1.59326378721490
H            3.00799478274180       -1.44990222249759        0.24542994537045
H            3.20897674327932       -0.23166440883031       -1.03243194773256
H            4.15005420540744        0.10417703333181        1.59215863792237
