[2026-07-09 01:14:46] ========================================================================
[2026-07-09 01:14:46] BEGIN compound_id=DEC_00166 molecule_index=530/732 method=DFT-b3lyp/sto-3g-D3
[2026-07-09 01:14:46] settings functional=b3lyp basis=sto-3g D3=True geom_max_steps=3 scf_max_cycles=50
[2026-07-09 01:14:46]   [xTB] [DEC_00166] start: atoms=20 charge=0 multiplicity=1 opt=tight solvent=gas
[2026-07-09 01:14:50]   [OK] [DEC_00166] GFN2-xTB converged; RMSD(MMFF,xTB)=0.1135 A
[2026-07-09 01:14:50]   [DFT] build PySCF molecule: atoms=20 charge=0 spin=0
[2026-07-09 01:14:50]   [DFT] [DEC_00166] start
[2026-07-09 01:14:50]   [OPT] [DEC_00166] start: atoms=20, basis=sto-3g, D3=True, maxiter=3

WARN: Mole.unit (Angstrom) is changed to Bohr

converged SCF energy = -528.53040703264
--------------- DFTD3 gradients ---------------
         x                y                z
0 C     0.0010029167     0.0047827682     0.0184462314
1 O    -0.0574953498     0.0131604605    -0.0722366894
2 C     0.0179814770    -0.0202408693    -0.0287683049
3 O     0.0414960600     0.0049196334     0.0980967420
4 C    -0.0039159294    -0.0080959400    -0.0212607510
5 C     0.0009090913    -0.0230205090     0.0014021625
6 C    -0.0230144019    -0.0318054638    -0.0044096847
7 O    -0.0317532278     0.0959935408    -0.0337400419
8 O     0.0521744863    -0.0674827199     0.0375447849
9 C     0.0012741643     0.0187293893    -0.0034649887
10 H    -0.0058555222    -0.0050139896     0.0137489495
11 H     0.0049217671     0.0131714590     0.0077254512
12 H    -0.0133736019     0.0066257028    -0.0038058733
13 H    -0.0039798315    -0.0092025805    -0.0043009598
14 H     0.0003450537     0.0034622908    -0.0102405773
15 H     0.0022913328    -0.0082153747    -0.0068058808
16 H    -0.0007686434    -0.0077536356     0.0075056016
17 H     0.0062873372     0.0095137314    -0.0108769213
18 H    -0.0023765159     0.0130670562     0.0090071407
19 H     0.0137716536    -0.0025216578     0.0064218156
----------------------------------------------
[2026-07-09 01:15:28]   [OPT] [DEC_00166] eval=001 E=-528.5304070326 Ha max|grad|=9.810e-02 Ha/Bohr SCF=True time=37.3s

WARN: Mole.unit (Angstrom) is changed to Bohr

converged SCF energy = -528.386976224492
--------------- DFTD3 gradients ---------------
         x                y                z
0 C    -0.0327958874     0.0043280917    -0.0572083234
1 O     0.0762184877    -0.0265314415     0.0653377309
2 C    -0.0278629656     0.0737554218     0.1871047654
3 O    -0.0695151631    -0.0129606069    -0.1872319766
4 C     0.0251801440    -0.0310735495     0.0015946356
5 C    -0.0289361486    -0.0079286658    -0.0264314899
6 C     0.0537551602     0.1951642155    -0.0157291094
7 O     0.0505521671    -0.1834776324     0.0620328669
8 O    -0.0730153053     0.0583827712    -0.0450103246
9 C     0.0279432591    -0.0542170359     0.0254100248
10 H     0.0025511410    -0.0037578675     0.0027541485
11 H     0.0032160010    -0.0012829568     0.0013583299
12 H     0.0128862822     0.0014248049     0.0275042010
13 H    -0.0081705792    -0.0116213332    -0.0121180848
14 H     0.0021538946     0.0021239448    -0.0179092060
15 H     0.0054245503    -0.0168328650    -0.0060362521
16 H    -0.0034021575    -0.0149584372     0.0097030354
17 H    -0.0027901589     0.0012829898    -0.0043521419
18 H    -0.0032275364     0.0011224692    -0.0014602178
19 H    -0.0101302104     0.0271007993    -0.0093064676
----------------------------------------------
[2026-07-09 01:16:12]   [OPT] [DEC_00166] eval=002 E=-528.3869762245 Ha max|grad|=1.952e-01 Ha/Bohr SCF=True time=43.9s

WARN: Mole.unit (Angstrom) is changed to Bohr

converged SCF energy = -528.553328177877
--------------- DFTD3 gradients ---------------
         x                y                z
0 C    -0.0075421392     0.0050068895     0.0006870176
1 O    -0.0103008444    -0.0038051605    -0.0332225227
2 C     0.0181930881     0.0096756691     0.0721026958
3 O    -0.0123048963     0.0000333594    -0.0288984063
4 C     0.0031449025    -0.0129074034    -0.0130704505
5 C    -0.0060207653    -0.0166874336    -0.0058034815
6 C    -0.0104913378     0.0715139203    -0.0204759778
7 O     0.0096198447    -0.0277247003     0.0112487693
8 O     0.0068874537    -0.0329516992     0.0098942696
9 C     0.0081751222     0.0016761842     0.0035471779
10 H    -0.0036154928    -0.0048043709     0.0110596355
11 H     0.0046624449     0.0095529141     0.0061907349
12 H    -0.0060761487     0.0050002532     0.0042636820
13 H    -0.0049826618    -0.0097659001    -0.0061591836
14 H     0.0007339728     0.0032078400    -0.0119454563
15 H     0.0030516827    -0.0102676866    -0.0066199184
16 H    -0.0013306929    -0.0093516610     0.0080534144
17 H     0.0038685732     0.0074813835    -0.0093538690
18 H    -0.0027530667     0.0101526753     0.0063784973
19 H     0.0070569082     0.0050607596     0.0021619156
----------------------------------------------
[2026-07-09 01:16:49]   [OPT] [DEC_00166] eval=003 E=-528.5533281779 Ha max|grad|=7.210e-02 Ha/Bohr SCF=True time=37.2s

WARN: Mole.unit (Angstrom) is changed to Bohr

converged SCF energy = -528.561234548089
--------------- DFTD3 gradients ---------------
         x                y                z
0 C    -0.0071338004     0.0028851469    -0.0054035931
1 O     0.0060622983    -0.0061174039    -0.0082772946
2 C    -0.0056121377     0.0064931108     0.0156266181
3 O    -0.0034450686     0.0027694363    -0.0015839570
4 C     0.0002959025    -0.0075182759    -0.0000624105
5 C    -0.0013524790    -0.0031315111    -0.0067295672
6 C     0.0076839537     0.0160245845    -0.0013521139
7 O     0.0036161896    -0.0007197672     0.0028355714
8 O    -0.0074071073    -0.0092093205    -0.0013415163
9 C     0.0069679468    -0.0046268333     0.0042735211
10 H    -0.0022972550    -0.0024457514     0.0066991849
11 H     0.0022623976     0.0057090711     0.0040997983
12 H    -0.0052749878     0.0052608763     0.0064320631
13 H    -0.0059464386    -0.0086958007    -0.0059354249
14 H     0.0004055949     0.0019508191    -0.0088399402
15 H     0.0041724765    -0.0097586943    -0.0058404001
16 H    -0.0009028844    -0.0071165608     0.0055761850
17 H     0.0025095930     0.0047080763    -0.0052636925
18 H    -0.0010960898     0.0063574090     0.0035991208
19 H     0.0064899989     0.0072351106     0.0015418324
----------------------------------------------
[2026-07-09 01:17:26]   [OPT] [DEC_00166] eval=004 E=-528.5612345481 Ha max|grad|=1.602e-02 Ha/Bohr SCF=True time=37.2s

WARN: Mole.unit (Angstrom) is changed to Bohr

converged SCF energy = -528.562931427942
--------------- DFTD3 gradients ---------------
         x                y                z
0 C    -0.0021148634     0.0005055070    -0.0028017262
1 O     0.0042096201    -0.0018536281     0.0017951372
2 C    -0.0053630296     0.0008002539    -0.0012145314
3 O    -0.0022075512     0.0039336576     0.0047734305
4 C    -0.0032015733    -0.0025114908     0.0000211822
5 C     0.0027968178    -0.0014542180    -0.0025460125
6 C     0.0053633816    -0.0015796901     0.0008128372
7 O     0.0030908465     0.0056975278     0.0012637223
8 O    -0.0042769009     0.0014118687    -0.0020197363
9 C     0.0019283991    -0.0026083529     0.0014764608
10 H    -0.0011593767     0.0005027129     0.0016272219
11 H    -0.0007045548     0.0016543341     0.0016254715
12 H    -0.0063571101     0.0055494431     0.0052981092
13 H    -0.0048727255    -0.0065109516    -0.0051668458
14 H     0.0004424424    -0.0013695783    -0.0037761039
15 H     0.0034695377    -0.0080102008    -0.0040987104
16 H    -0.0009533835    -0.0039049738     0.0004115446
17 H     0.0013496508     0.0015169797    -0.0003539283
18 H     0.0010640298     0.0020574524     0.0007420335
19 H     0.0074948945     0.0062025995     0.0021850308
----------------------------------------------
[2026-07-09 01:18:03]   [OPT] [DEC_00166] eval=005 E=-528.5629314279 Ha max|grad|=8.010e-03 Ha/Bohr SCF=True time=37.1s

WARN: Mole.unit (Angstrom) is changed to Bohr

[2026-07-09 01:18:03]   [OPT] [DEC_00166] done: success=False nit=3 neval=5 max|grad|=8.010e-03 message=STOP: TOTAL NO. OF ITERATIONS REACHED LIMIT
[2026-07-09 01:18:03]   [WARN] [DEC_00166] Optimization did not fully converge; using last geometry
[2026-07-09 01:18:03]   [DFT] [DEC_00166] final single-point start
converged SCF energy = -528.562931427943
[2026-07-09 01:18:29]   [DFT] [DEC_00166] final SCF done: E=-528.5629314279 Ha converged=True time=25.4s
[2026-07-09 01:18:29]   [DFT] [DEC_00166] descriptors: HOMO=-4.1074 eV LUMO=2.9349 eV gap=7.0423 eV opt_status=opt_not_converged: STOP: TOTAL NO. OF ITERATIONS REACHED LIMIT
[2026-07-09 01:18:29] END compound_id=DEC_00166
