[2026-07-09 04:19:38] ========================================================================
[2026-07-09 04:19:38] BEGIN compound_id=DEC_00202 molecule_index=565/732 method=DFT-b3lyp/sto-3g-D3
[2026-07-09 04:19:38] settings functional=b3lyp basis=sto-3g D3=True geom_max_steps=3 scf_max_cycles=50
[2026-07-09 04:19:38]   [xTB] [DEC_00202] start: atoms=28 charge=0 multiplicity=1 opt=tight solvent=gas
[2026-07-09 04:19:39]   [OK] [DEC_00202] GFN2-xTB converged; RMSD(MMFF,xTB)=0.0476 A
[2026-07-09 04:19:39]   [DFT] build PySCF molecule: atoms=28 charge=0 spin=0
[2026-07-09 04:19:39]   [DFT] [DEC_00202] start
[2026-07-09 04:19:39]   [OPT] [DEC_00202] start: atoms=28, basis=sto-3g, D3=True, maxiter=3

WARN: Mole.unit (Angstrom) is changed to Bohr

converged SCF energy = -387.335026228608
--------------- DFTD3 gradients ---------------
         x                y                z
0 C    -0.0113772555    -0.0041387644     0.0049009942
1 C    -0.0095040461     0.0032702520    -0.0082991418
2 C    -0.0015129746     0.0125575434    -0.0018398403
3 C     0.0012093423     0.0007372975    -0.0074348101
4 C     0.0010105407     0.0126668374    -0.0014204543
5 C     0.0113772680     0.0041387722    -0.0049009737
6 C     0.0095040625    -0.0032702522     0.0082991366
7 C     0.0015129744    -0.0125575446     0.0018398386
8 C    -0.0012093431    -0.0007372968     0.0074348079
9 C    -0.0010105369    -0.0126668424     0.0014204493
10 H    -0.0070525476    -0.0049724290    -0.0010338764
11 H    -0.0023481649     0.0030507693     0.0074493969
12 H     0.0003740788    -0.0031248338    -0.0077721712
13 H    -0.0073977907     0.0043690768    -0.0013085451
14 H     0.0008221400     0.0065001267    -0.0052093462
15 H    -0.0009219237     0.0044906172     0.0066581669
16 H     0.0011185320    -0.0034694367    -0.0059813928
17 H    -0.0015986411     0.0044648789     0.0065445381
18 H     0.0003411765     0.0064789623    -0.0052884976
19 H     0.0023481568    -0.0030507501    -0.0074493858
20 H     0.0070525401     0.0049724214     0.0010338765
21 H    -0.0003740772     0.0031248180     0.0077721590
22 H     0.0073977786    -0.0043690676     0.0013085396
23 H    -0.0008221361    -0.0065001368     0.0052093491
24 H     0.0009219123    -0.0044906131    -0.0066581764
25 H    -0.0011185282     0.0034694364     0.0059813945
26 H    -0.0003411735    -0.0064789540     0.0052884961
27 H     0.0015986355    -0.0044648884    -0.0065445322
----------------------------------------------
[2026-07-09 04:20:47]   [OPT] [DEC_00202] eval=001 E=-387.3350262286 Ha max|grad|=1.267e-02 Ha/Bohr SCF=True time=67.8s

WARN: Mole.unit (Angstrom) is changed to Bohr

converged SCF energy = -387.263920606989
--------------- DFTD3 gradients ---------------
         x                y                z
0 C     0.0676308080     0.0288565387    -0.0287097146
1 C     0.0567643299    -0.0235447256     0.0490015381
2 C    -0.0193765447    -0.0834770279     0.0095161269
3 C    -0.0120795901     0.0277851512     0.0657397336
4 C     0.0222375049    -0.0817366889     0.0161404757
5 C    -0.0676309337    -0.0288566137     0.0287095596
6 C    -0.0567644821     0.0235447194    -0.0490015392
7 C     0.0193765732     0.0834770681    -0.0095162216
8 C     0.0120796328    -0.0277851607    -0.0657397153
9 C    -0.0222375433     0.0817367029    -0.0161402808
10 H    -0.0224638613    -0.0073030273     0.0065526170
11 H    -0.0076794796    -0.0175485413    -0.0204152729
12 H    -0.0150567686     0.0165586926     0.0166650322
13 H    -0.0195043216     0.0054434776    -0.0134266421
14 H    -0.0013121285     0.0234885708    -0.0061641691
15 H     0.0040173022     0.0001032729    -0.0277260093
16 H     0.0001226510     0.0033010327    -0.0013351931
17 H     0.0049675304     0.0001773804    -0.0274964539
18 H     0.0013033141     0.0235762369    -0.0057015711
19 H     0.0076794970     0.0175484291     0.0204152239
20 H     0.0224639630     0.0073031324    -0.0065525623
21 H     0.0150567358    -0.0165585575    -0.0166649160
22 H     0.0195044355    -0.0054435586     0.0134266331
23 H     0.0013121247    -0.0234885807     0.0061641706
24 H    -0.0040172929    -0.0001032720     0.0277261397
25 H    -0.0001226660    -0.0033010420     0.0013351744
26 H    -0.0013033085    -0.0235762155     0.0057015463
27 H    -0.0049674815    -0.0001773935     0.0274962914
----------------------------------------------
[2026-07-09 04:21:49]   [OPT] [DEC_00202] eval=002 E=-387.2639206070 Ha max|grad|=8.348e-02 Ha/Bohr SCF=True time=62.5s

WARN: Mole.unit (Angstrom) is changed to Bohr

converged SCF energy = -387.339920898351
--------------- DFTD3 gradients ---------------
         x                y                z
0 C     0.0069855686     0.0033417491    -0.0042492568
1 C     0.0054820666    -0.0028095386     0.0062755664
2 C    -0.0063358027    -0.0090920525    -0.0002396435
3 C    -0.0016348652     0.0053493910     0.0084900085
4 C     0.0068673428    -0.0085426323     0.0018862678
5 C    -0.0069855841    -0.0033417522     0.0042492384
6 C    -0.0054820903     0.0028095287    -0.0062755705
7 C     0.0063358109     0.0090920596     0.0002396257
8 C     0.0016348780    -0.0053493927    -0.0084900055
9 C    -0.0068673478     0.0085426364    -0.0018862347
10 H    -0.0102446561    -0.0053740045     0.0006508642
11 H    -0.0031215883    -0.0008502462     0.0019406574
12 H    -0.0023981825     0.0006199152    -0.0028490392
13 H    -0.0098680383     0.0045176742    -0.0039238607
14 H     0.0003112122     0.0100216769    -0.0052499357
15 H     0.0000695175     0.0033561074     0.0000511380
16 H     0.0009030726    -0.0020837185    -0.0049542579
17 H    -0.0003543998     0.0033486079    -0.0000036938
18 H     0.0005573870     0.0100285316    -0.0052044387
19 H     0.0031215876     0.0008502364    -0.0019406644
20 H     0.0102446688     0.0053740176    -0.0006508546
21 H     0.0023981777    -0.0006198981     0.0028490614
22 H     0.0098680504    -0.0045176819     0.0039238553
23 H    -0.0003112095    -0.0100216861     0.0052499372
24 H    -0.0000695257    -0.0033561001    -0.0000511161
25 H    -0.0009030728     0.0020837164     0.0049542553
26 H    -0.0005573833    -0.0100285223     0.0052044345
27 H     0.0003544053    -0.0033486227     0.0000036617
----------------------------------------------
[2026-07-09 04:23:03]   [OPT] [DEC_00202] eval=003 E=-387.3399208984 Ha max|grad|=1.024e-02 Ha/Bohr SCF=True time=73.5s

WARN: Mole.unit (Angstrom) is changed to Bohr

converged SCF energy = -387.341483002294
--------------- DFTD3 gradients ---------------
         x                y                z
0 C    -0.0061537338    -0.0019122147    -0.0011514604
1 C    -0.0062936529     0.0013764295    -0.0008765777
2 C     0.0006472371     0.0039378372    -0.0022336952
3 C     0.0007130836    -0.0042442944    -0.0032772744
4 C    -0.0002571293     0.0038922951    -0.0023646880
5 C     0.0061537265     0.0019122213     0.0011514630
6 C     0.0062936449    -0.0013764278     0.0008765805
7 C    -0.0006472427    -0.0039378570     0.0022337148
8 C    -0.0007130729     0.0042442947     0.0032772787
9 C     0.0002571329    -0.0038922807     0.0023646572
10 H    -0.0000656616     0.0030805982     0.0033004244
11 H    -0.0016948347    -0.0034573031    -0.0041389317
12 H    -0.0031848029     0.0032591386     0.0033438493
13 H     0.0012276961    -0.0030147077    -0.0031106697
14 H    -0.0018850881     0.0002604426     0.0039560092
15 H    -0.0003084040     0.0004237378    -0.0054719742
16 H    -0.0010902129     0.0043337958     0.0056567557
17 H     0.0019972887     0.0005217898    -0.0051013682
18 H     0.0005246139     0.0003654603     0.0043431291
19 H     0.0016948263     0.0034572829     0.0041389286
20 H     0.0000656774    -0.0030805919    -0.0033004378
21 H     0.0031847936    -0.0032591214    -0.0033438541
22 H    -0.0012276829     0.0030147010     0.0031106877
23 H     0.0018850901    -0.0002604173    -0.0039560172
24 H     0.0003084049    -0.0004237499     0.0054719754
25 H     0.0010902014    -0.0043337972    -0.0056567591
26 H    -0.0005246120    -0.0003654867    -0.0043431206
27 H    -0.0019972870    -0.0005217756     0.0051013749
----------------------------------------------
[2026-07-09 04:24:04]   [OPT] [DEC_00202] eval=004 E=-387.3414830023 Ha max|grad|=6.294e-03 Ha/Bohr SCF=True time=61.3s

WARN: Mole.unit (Angstrom) is changed to Bohr

converged SCF energy = -387.342099043025
--------------- DFTD3 gradients ---------------
         x                y                z
0 C    -0.0028654595    -0.0012003736    -0.0006428951
1 C    -0.0029991407     0.0009520469    -0.0003125707
2 C    -0.0001161856     0.0007855358    -0.0016431544
3 C    -0.0000152578     0.0004000191     0.0000209534
4 C     0.0005562842     0.0008152752    -0.0015320077
5 C     0.0028654601     0.0012003732     0.0006428903
6 C     0.0029991401    -0.0009520438     0.0003125775
7 C     0.0001161848    -0.0007855395     0.0016431599
8 C     0.0000152596    -0.0004000202    -0.0000209537
9 C    -0.0005562824    -0.0008152723     0.0015320013
10 H    -0.0021321994     0.0011970949     0.0022820759
11 H    -0.0020301300    -0.0025615341    -0.0025507831
12 H    -0.0029254987     0.0023575407     0.0017397106
13 H    -0.0011867413    -0.0013284764    -0.0028226831
14 H    -0.0015058924     0.0014975961     0.0020024530
15 H    -0.0003512641     0.0010856115    -0.0036563818
16 H    -0.0004112533     0.0019923041     0.0020721027
17 H     0.0014071787     0.0011618140    -0.0033709631
18 H     0.0006795131     0.0015879818     0.0023591991
19 H     0.0020301223     0.0025615208     0.0025507844
20 H     0.0021322083    -0.0011970921    -0.0022820852
21 H     0.0029254908    -0.0023575283    -0.0017397152
22 H     0.0011867465     0.0013284749     0.0028226949
23 H     0.0015058930    -0.0014975868    -0.0020024500
24 H     0.0003512633    -0.0010856206     0.0036563857
25 H     0.0004112471    -0.0019923049    -0.0020721035
26 H    -0.0006795103    -0.0015879913    -0.0023592032
27 H    -0.0014071766    -0.0011618053     0.0033709610
----------------------------------------------
[2026-07-09 04:25:07]   [OPT] [DEC_00202] eval=005 E=-387.3420990430 Ha max|grad|=3.656e-03 Ha/Bohr SCF=True time=63.3s

WARN: Mole.unit (Angstrom) is changed to Bohr

[2026-07-09 04:25:07]   [OPT] [DEC_00202] done: success=False nit=3 neval=5 max|grad|=3.656e-03 message=STOP: TOTAL NO. OF ITERATIONS REACHED LIMIT
[2026-07-09 04:25:07]   [WARN] [DEC_00202] Optimization did not fully converge; using last geometry
[2026-07-09 04:25:07]   [DFT] [DEC_00202] final single-point start
converged SCF energy = -387.342099043025
[2026-07-09 04:25:49]   [DFT] [DEC_00202] final SCF done: E=-387.3420990430 Ha converged=True time=41.1s
[2026-07-09 04:25:49]   [DFT] [DEC_00202] descriptors: HOMO=-6.0969 eV LUMO=8.8556 eV gap=14.9526 eV opt_status=opt_not_converged: STOP: TOTAL NO. OF ITERATIONS REACHED LIMIT
[2026-07-09 04:25:49] END compound_id=DEC_00202
