[2026-07-09 04:59:05] ========================================================================
[2026-07-09 04:59:05] BEGIN compound_id=DEC_00209 molecule_index=571/732 method=DFT-b3lyp/sto-3g-D3
[2026-07-09 04:59:05] settings functional=b3lyp basis=sto-3g D3=True geom_max_steps=3 scf_max_cycles=50
[2026-07-09 04:59:05]   [xTB] [DEC_00209] start: atoms=23 charge=0 multiplicity=1 opt=tight solvent=gas
[2026-07-09 04:59:10]   [OK] [DEC_00209] GFN2-xTB converged; RMSD(MMFF,xTB)=0.3961 A
[2026-07-09 04:59:10]   [DFT] build PySCF molecule: atoms=23 charge=0 spin=0
[2026-07-09 04:59:10]   [DFT] [DEC_00209] start
[2026-07-09 04:59:10]   [OPT] [DEC_00209] start: atoms=23, basis=sto-3g, D3=True, maxiter=3

WARN: Mole.unit (Angstrom) is changed to Bohr

converged SCF energy = -457.820757739613
--------------- DFTD3 gradients ---------------
         x                y                z
0 C     0.0110303728    -0.0044102925     0.0023938275
1 C     0.0046541373    -0.0014555178    -0.0009413017
2 C     0.0047525677     0.0087216051     0.0047135882
3 C     0.0031268783     0.0162417764     0.0069256115
4 C     0.0124481048    -0.0117005569     0.0001244477
5 C     0.0055206394    -0.0109906469    -0.0019870095
6 C    -0.0017263318    -0.0101083938    -0.0043758857
7 C    -0.0000491494    -0.0172868007    -0.0093605978
8 C    -0.0103410516    -0.0182079426    -0.0168727662
9 C    -0.0086190755    -0.0012046952     0.0084751103
10 O    -0.0264369820     0.0613687496     0.0122193149
11 H     0.0029418947    -0.0052303981     0.0092379519
12 H     0.0079011372     0.0067011768    -0.0001686202
13 H     0.0033154224    -0.0070907036    -0.0065087455
14 H     0.0102777395     0.0081730942     0.0059118538
15 H    -0.0028709847     0.0141680020     0.0046802134
16 H     0.0037465998    -0.0131682801    -0.0042060656
17 H    -0.0003548094    -0.0028373032    -0.0096650273
18 H    -0.0031532566    -0.0089766253     0.0030372294
19 H    -0.0060410208     0.0017830897    -0.0113180122
20 H    -0.0058594638    -0.0081584743    -0.0032285134
21 H    -0.0076064756     0.0074294626     0.0024773595
22 H     0.0033745090    -0.0037736313     0.0084326633
----------------------------------------------
[2026-07-09 05:00:09]   [OPT] [DEC_00209] eval=001 E=-457.8207577396 Ha max|grad|=6.137e-02 Ha/Bohr SCF=True time=58.7s

WARN: Mole.unit (Angstrom) is changed to Bohr

converged SCF energy = -457.711904150436
--------------- DFTD3 gradients ---------------
         x                y                z
0 C    -0.0051853124     0.0026491716    -0.0040372354
1 C    -0.0210464606     0.0065884671    -0.0003150611
2 C     0.0119327796    -0.0103360981    -0.0016369220
3 C     0.0074868483    -0.0897578513    -0.0307658674
4 C    -0.0867153220     0.1528361173     0.0293168578
5 C    -0.0833655398     0.0162958973    -0.0193068521
6 C     0.0970840601    -0.0096993499     0.0230955048
7 C    -0.0020283514     0.0451253256     0.0226913678
8 C    -0.0019100494     0.0936163565     0.0670702478
9 C     0.0094971131    -0.0208186535    -0.0376309889
10 O     0.0826459037    -0.1670560740    -0.0367376218
11 H     0.0072610488     0.0050280415    -0.0156553224
12 H    -0.0046705584    -0.0187850279     0.0026949980
13 H     0.0047415569     0.0108776826     0.0165354137
14 H     0.0009867163    -0.0047190968    -0.0017424027
15 H    -0.0073514288     0.0180766664     0.0047815302
16 H    -0.0006321124     0.0043054693     0.0012704837
17 H     0.0038180658    -0.0161002533    -0.0154528931
18 H    -0.0008497275    -0.0149869585    -0.0057557531
19 H    -0.0058746621    -0.0112145144    -0.0096404197
20 H    -0.0005512155     0.0149235753     0.0240246635
21 H     0.0057721588    -0.0125723052     0.0004054980
22 H    -0.0110141600     0.0056843962    -0.0132056807
----------------------------------------------
[2026-07-09 05:01:13]   [OPT] [DEC_00209] eval=002 E=-457.7119041504 Ha max|grad|=1.671e-01 Ha/Bohr SCF=True time=64.1s

WARN: Mole.unit (Angstrom) is changed to Bohr

converged SCF energy = -457.829189572215
--------------- DFTD3 gradients ---------------
         x                y                z
0 C     0.0080588719    -0.0031359972     0.0012005527
1 C    -0.0014492508     0.0003393748    -0.0011141826
2 C     0.0062029792     0.0042716802     0.0032698235
3 C     0.0038853659    -0.0051270596    -0.0007659097
4 C    -0.0220873437     0.0260617377     0.0034646330
5 C    -0.0140188005    -0.0040056923    -0.0052295140
6 C     0.0174403298    -0.0085668361     0.0015849108
7 C    -0.0001840038    -0.0021763044    -0.0021539184
8 C    -0.0021890753     0.0173201290     0.0060523466
9 C    -0.0050512732    -0.0055364107    -0.0011010060
10 O     0.0071396149    -0.0066211193    -0.0013444236
11 H     0.0036754529    -0.0031671164     0.0043212529
12 H     0.0052924113     0.0017503073     0.0003573158
13 H     0.0034531074    -0.0034951500    -0.0020087714
14 H     0.0084811229     0.0055697490     0.0044036171
15 H    -0.0038777582     0.0148237168     0.0045966933
16 H     0.0028944568    -0.0097535810    -0.0031340484
17 H     0.0003459040    -0.0054228242    -0.0108757862
18 H    -0.0029155103    -0.0103026031     0.0014757001
19 H    -0.0063882317    -0.0012095286    -0.0112421952
20 H    -0.0045948042    -0.0033816006     0.0022300776
21 H    -0.0048632663     0.0036813915     0.0019202065
22 H     0.0007574340    -0.0019054151     0.0041059192
----------------------------------------------
[2026-07-09 05:02:17]   [OPT] [DEC_00209] eval=003 E=-457.8291895722 Ha max|grad|=2.606e-02 Ha/Bohr SCF=True time=63.7s

WARN: Mole.unit (Angstrom) is changed to Bohr

converged SCF energy = -457.832159883644
--------------- DFTD3 gradients ---------------
         x                y                z
0 C     0.0036548302    -0.0009215807     0.0009744133
1 C     0.0073241595     0.0011137750     0.0022570208
2 C     0.0045925227    -0.0006861394     0.0008145510
3 C    -0.0019647344     0.0097778896     0.0033453034
4 C    -0.0049583055    -0.0004691729    -0.0019953267
5 C     0.0052947278     0.0095564337     0.0052093303
6 C    -0.0078277953     0.0018719820    -0.0016136778
7 C    -0.0067260633    -0.0006824323    -0.0028900407
8 C    -0.0021330572     0.0127534186     0.0021749297
9 C    -0.0027077467     0.0013324851     0.0014436866
10 O    -0.0017674553    -0.0093002434    -0.0044315828
11 H     0.0040607478    -0.0019195584     0.0014255075
12 H     0.0041850250    -0.0007951895     0.0005927197
13 H     0.0037134126    -0.0018294382     0.0001036559
14 H     0.0062860328     0.0037914922     0.0031158005
15 H     0.0001501911     0.0029612392     0.0011767304
16 H     0.0041211779    -0.0089006434    -0.0024534351
17 H    -0.0008006081    -0.0049749332    -0.0061564558
18 H    -0.0022708468    -0.0058649724    -0.0015239337
19 H    -0.0037755929    -0.0015895527    -0.0052366370
20 H    -0.0043656171    -0.0030730191     0.0021538035
21 H    -0.0023786042    -0.0013765823     0.0015096158
22 H    -0.0017042582    -0.0007674189     0.0000113585
----------------------------------------------
[2026-07-09 05:03:21]   [OPT] [DEC_00209] eval=004 E=-457.8321598836 Ha max|grad|=1.275e-02 Ha/Bohr SCF=True time=63.8s

WARN: Mole.unit (Angstrom) is changed to Bohr

converged SCF energy = -457.833576338075
--------------- DFTD3 gradients ---------------
         x                y                z
0 C     0.0027044151    -0.0007310054     0.0007358870
1 C     0.0029354775    -0.0010770158     0.0005269762
2 C     0.0004889899     0.0022047762     0.0007364370
3 C    -0.0028844065     0.0021442134     0.0001285662
4 C     0.0087130232     0.0006046152     0.0023334588
5 C    -0.0003413453     0.0056035756     0.0016731402
6 C    -0.0019818038     0.0013901688    -0.0001833894
7 C    -0.0037825115     0.0033074498    -0.0006668321
8 C    -0.0040504917     0.0012146482    -0.0028554518
9 C    -0.0017596553     0.0023742657     0.0005422750
10 O    -0.0039783663    -0.0059694801    -0.0043323872
11 H     0.0042853070    -0.0010551593    -0.0005171779
12 H     0.0035247074    -0.0024769045     0.0008110343
13 H     0.0036312734    -0.0004013926     0.0017375206
14 H     0.0033419283     0.0012504000     0.0013058593
15 H     0.0009404521     0.0022192463     0.0011146809
16 H     0.0015080949    -0.0009544703    -0.0001002321
17 H    -0.0016958711    -0.0037172353    -0.0014367475
18 H    -0.0017076539    -0.0015143044    -0.0034967212
19 H    -0.0022899255    -0.0010701998    -0.0009082288
20 H    -0.0025634519    -0.0005539343     0.0027209149
21 H    -0.0022557746    -0.0028764610     0.0019946330
22 H    -0.0027796981     0.0000897271    -0.0018570895
----------------------------------------------
[2026-07-09 05:04:29]   [OPT] [DEC_00209] eval=005 E=-457.8335763381 Ha max|grad|=8.713e-03 Ha/Bohr SCF=True time=67.9s

WARN: Mole.unit (Angstrom) is changed to Bohr

[2026-07-09 05:04:29]   [OPT] [DEC_00209] done: success=False nit=3 neval=5 max|grad|=8.713e-03 message=STOP: TOTAL NO. OF ITERATIONS REACHED LIMIT
[2026-07-09 05:04:29]   [WARN] [DEC_00209] Optimization did not fully converge; using last geometry
[2026-07-09 05:04:29]   [DFT] [DEC_00209] final single-point start
converged SCF energy = -457.833576338075
[2026-07-09 05:05:16]   [DFT] [DEC_00209] final SCF done: E=-457.8335763381 Ha converged=True time=47.2s
[2026-07-09 05:05:16]   [DFT] [DEC_00209] descriptors: HOMO=-3.3134 eV LUMO=2.6955 eV gap=6.0089 eV opt_status=opt_not_converged: STOP: TOTAL NO. OF ITERATIONS REACHED LIMIT
[2026-07-09 05:05:16] END compound_id=DEC_00209
