[2026-07-08 20:27:41] ========================================================================
[2026-07-08 20:27:41] BEGIN compound_id=DEC_00095 molecule_index=462/732 method=DFT-b3lyp/sto-3g-D3
[2026-07-08 20:27:41] settings functional=b3lyp basis=sto-3g D3=True geom_max_steps=3 scf_max_cycles=50
[2026-07-08 20:27:41]   [xTB] [DEC_00095] start: atoms=21 charge=0 multiplicity=1 opt=tight solvent=gas
[2026-07-08 20:27:44]   [OK] [DEC_00095] GFN2-xTB converged; RMSD(MMFF,xTB)=0.0594 A
[2026-07-08 20:27:44]   [DFT] build PySCF molecule: atoms=21 charge=0 spin=0
[2026-07-08 20:27:44]   [DFT] [DEC_00095] start
[2026-07-08 20:27:44]   [OPT] [DEC_00095] start: atoms=21, basis=sto-3g, D3=True, maxiter=3

WARN: Mole.unit (Angstrom) is changed to Bohr

converged SCF energy = -361.863718310976
--------------- DFTD3 gradients ---------------
         x                y                z
0 C     0.0068535741     0.0056533826     0.0066828426
1 C     0.0100384548     0.0135926343    -0.0117807559
2 N    -0.0046823027     0.0472157695    -0.0059227024
3 C    -0.0111923326     0.0065352613     0.0109816226
4 C    -0.0082088980     0.0021999977    -0.0067778688
5 C     0.0350776982    -0.0248798213    -0.0096966773
6 C     0.0196090657    -0.0018024559    -0.0087233986
7 O    -0.0596849912    -0.0544550961     0.0311172087
8 H     0.0072667655     0.0078034175    -0.0029088768
9 H     0.0057628552    -0.0073677313     0.0042645604
10 H    -0.0060248943     0.0045755396     0.0068234916
11 H    -0.0038695673     0.0077124535    -0.0060203257
12 H     0.0060340723    -0.0040316955    -0.0077537833
13 H    -0.0029500680    -0.0082547024     0.0078326899
14 H     0.0000348435     0.0090649195     0.0058419802
15 H    -0.0103727051     0.0037257750     0.0025973302
16 H    -0.0019161888    -0.0090383641    -0.0049417271
17 H     0.0029871190     0.0059037787    -0.0066228545
18 H     0.0016556288    -0.0093487960     0.0015600411
19 H     0.0098290991     0.0042107680     0.0035266069
20 H     0.0038656829     0.0010533031    -0.0100719617
----------------------------------------------
[2026-07-08 20:28:18]   [OPT] [DEC_00095] eval=001 E=-361.8637183110 Ha max|grad|=5.968e-02 Ha/Bohr SCF=True time=34.4s

WARN: Mole.unit (Angstrom) is changed to Bohr

converged SCF energy = -361.685149404094
--------------- DFTD3 gradients ---------------
         x                y                z
0 C     0.0112542770     0.0090111685    -0.0094630296
1 C     0.0018254242     0.0433662972     0.0125614336
2 N     0.0219000587    -0.2314984871     0.0176111758
3 C     0.0043470918     0.0201388764    -0.0236827147
4 C    -0.0088441112    -0.0039368707     0.0127439821
5 C    -0.2735089263     0.0404412769     0.1048240003
6 C     0.0300260150    -0.0490020548    -0.0009219772
7 O     0.1572799051     0.1096630290    -0.0753157117
8 H     0.0016950322    -0.0018549782     0.0148812825
9 H    -0.0073408712     0.0140539763    -0.0061902613
10 H     0.0118550939    -0.0052725352    -0.0101043942
11 H     0.0180438047     0.0223110315    -0.0139756166
12 H     0.0005368679     0.0035018641    -0.0034941346
13 H     0.0080119758     0.0020426926    -0.0040555159
14 H    -0.0206828506     0.0079074903     0.0114072366
15 H     0.0016557758    -0.0026385422    -0.0134856202
16 H     0.0002468670     0.0182287787     0.0063591618
17 H    -0.0072184877    -0.0070772367     0.0077103324
18 H     0.0203047491     0.0130042216    -0.0121923943
19 H     0.0140274523    -0.0011454500    -0.0050767652
20 H     0.0145658202    -0.0012699162    -0.0101138939
----------------------------------------------
[2026-07-08 20:29:12]   [OPT] [DEC_00095] eval=002 E=-361.6851494041 Ha max|grad|=2.735e-01 Ha/Bohr SCF=True time=54.5s

WARN: Mole.unit (Angstrom) is changed to Bohr

converged SCF energy = -361.870967422557
--------------- DFTD3 gradients ---------------
         x                y                z
0 C     0.0074386943     0.0062398662     0.0042762845
1 C     0.0084617030     0.0184330962    -0.0078761668
2 N     0.0033422272    -0.0201101405    -0.0005687796
3 C    -0.0093959967     0.0086299169     0.0057728754
4 C    -0.0083842004     0.0012846938    -0.0038011154
5 C    -0.0525547811    -0.0317699579     0.0258093488
6 C     0.0163484240    -0.0098253796    -0.0054423323
7 O     0.0164612309     0.0127462913    -0.0075850640
8 H     0.0063663729     0.0063088250    -0.0002445024
9 H     0.0036988691    -0.0041585849     0.0026135025
10 H    -0.0033846319     0.0030050017     0.0041938923
11 H    -0.0006969193     0.0096889034    -0.0070016969
12 H     0.0053774634    -0.0028980685    -0.0072242215
13 H    -0.0012949549    -0.0068514274     0.0060294372
14 H    -0.0029592861     0.0089037817     0.0064926442
15 H    -0.0084975461     0.0027487538     0.0001662432
16 H    -0.0014764345    -0.0048435905    -0.0031064727
17 H     0.0015402862     0.0039406713    -0.0044287744
18 H     0.0043265411    -0.0057317725    -0.0004990347
19 H     0.0101708319     0.0035433491     0.0024692418
20 H     0.0051946064     0.0007513303    -0.0100342301
----------------------------------------------
[2026-07-08 20:29:47]   [OPT] [DEC_00095] eval=003 E=-361.8709674226 Ha max|grad|=5.255e-02 Ha/Bohr SCF=True time=34.2s

WARN: Mole.unit (Angstrom) is changed to Bohr

converged SCF energy = -361.874640072387
--------------- DFTD3 gradients ---------------
         x                y                z
0 C     0.0060766980     0.0057437470     0.0033509906
1 C     0.0055716157     0.0084097095    -0.0041814390
2 N     0.0005212926    -0.0217163731     0.0010960748
3 C    -0.0051215625     0.0047741910     0.0032007097
4 C    -0.0069610401     0.0014541794    -0.0025827738
5 C    -0.0238274680    -0.0086501281     0.0109587263
6 C     0.0052917562    -0.0076092716    -0.0011806123
7 O     0.0016455035    -0.0003928894     0.0001369724
8 H     0.0062533581     0.0059473356     0.0010568483
9 H     0.0026043755    -0.0023322223     0.0015272444
10 H    -0.0016257093     0.0022455665     0.0027546563
11 H    -0.0005027367     0.0101084999    -0.0071457086
12 H     0.0045776663    -0.0009123556    -0.0060286481
13 H    -0.0010749568    -0.0041585122     0.0044386145
14 H    -0.0036033612     0.0082811723     0.0063429509
15 H    -0.0078410433     0.0023217561    -0.0010572069
16 H    -0.0014091309    -0.0027125100    -0.0021610918
17 H     0.0003684644     0.0025205676    -0.0029615319
18 H     0.0062042865    -0.0061196248    -0.0012642238
19 H     0.0081912569     0.0024815631     0.0016528650
20 H     0.0047386580     0.0003496494    -0.0079446843
----------------------------------------------
[2026-07-08 20:30:21]   [OPT] [DEC_00095] eval=004 E=-361.8746400724 Ha max|grad|=2.383e-02 Ha/Bohr SCF=True time=34.2s

WARN: Mole.unit (Angstrom) is changed to Bohr

converged SCF energy = -361.877810434409
--------------- DFTD3 gradients ---------------
         x                y                z
0 C     0.0022528029     0.0024938878     0.0006983135
1 C    -0.0022881322    -0.0064070180     0.0007737594
2 N    -0.0021919914    -0.0040074965     0.0008908227
3 C     0.0004443882    -0.0023327108     0.0006538218
4 C    -0.0028804878     0.0013314238    -0.0001423687
5 C     0.0041804871     0.0013984419    -0.0020889178
6 C    -0.0050277248    -0.0006874971     0.0021142522
7 O    -0.0062357082    -0.0068830905     0.0043253884
8 H     0.0055389867     0.0048845538     0.0032841854
9 H     0.0007313902     0.0015621826    -0.0003057500
10 H     0.0016713167     0.0010840496     0.0002868602
11 H     0.0018624853     0.0059520130    -0.0046037956
12 H     0.0026589259     0.0026434772    -0.0030801654
13 H    -0.0008419550     0.0011696850     0.0010969104
14 H    -0.0038113219     0.0040971651     0.0041986493
15 H    -0.0060781150     0.0014251364    -0.0031614373
16 H    -0.0014514903     0.0014353613    -0.0003249784
17 H    -0.0020511377    -0.0001152735    -0.0002101891
18 H     0.0079416461    -0.0060557510    -0.0021247049
19 H     0.0020153159    -0.0016516750    -0.0015743018
20 H     0.0036341525    -0.0013068896    -0.0007005272
----------------------------------------------
[2026-07-08 20:30:55]   [OPT] [DEC_00095] eval=005 E=-361.8778104344 Ha max|grad|=7.942e-03 Ha/Bohr SCF=True time=34.0s

WARN: Mole.unit (Angstrom) is changed to Bohr

[2026-07-08 20:30:55]   [OPT] [DEC_00095] done: success=False nit=3 neval=5 max|grad|=7.942e-03 message=STOP: TOTAL NO. OF ITERATIONS REACHED LIMIT
[2026-07-08 20:30:55]   [WARN] [DEC_00095] Optimization did not fully converge; using last geometry
[2026-07-08 20:30:55]   [DFT] [DEC_00095] final single-point start
converged SCF energy = -361.877810434408
[2026-07-08 20:31:19]   [DFT] [DEC_00095] final SCF done: E=-361.8778104344 Ha converged=True time=24.1s
[2026-07-08 20:31:19]   [DFT] [DEC_00095] descriptors: HOMO=-3.2782 eV LUMO=3.7440 eV gap=7.0221 eV opt_status=opt_not_converged: STOP: TOTAL NO. OF ITERATIONS REACHED LIMIT
[2026-07-08 20:31:19] END compound_id=DEC_00095
