[2026-07-09 12:36:38] ========================================================================
[2026-07-09 12:36:38] BEGIN compound_id=DEC_00283 molecule_index=643/732 method=DFT-b3lyp/sto-3g-D3
[2026-07-09 12:36:38] settings functional=b3lyp basis=sto-3g D3=True geom_max_steps=3 scf_max_cycles=50
[2026-07-09 12:36:38]   [xTB] [DEC_00283] start: atoms=23 charge=0 multiplicity=1 opt=tight solvent=gas
[2026-07-09 12:36:42]   [OK] [DEC_00283] GFN2-xTB converged; RMSD(MMFF,xTB)=0.2284 A
[2026-07-09 12:36:42]   [DFT] build PySCF molecule: atoms=23 charge=0 spin=0
[2026-07-09 12:36:42]   [DFT] [DEC_00283] start
[2026-07-09 12:36:42]   [OPT] [DEC_00283] start: atoms=23, basis=sto-3g, D3=True, maxiter=3

WARN: Mole.unit (Angstrom) is changed to Bohr

converged SCF energy = -457.73295328406
--------------- DFTD3 gradients ---------------
         x                y                z
0 C    -0.0009037108     0.0098848073    -0.0247966063
1 O     0.0160797986    -0.0055014082     0.0723469578
2 C    -0.0087535723     0.0005013154    -0.0343730716
3 C     0.0004286650    -0.0017064224     0.0090308922
4 C     0.0034671880     0.0040424788    -0.0108011603
5 C    -0.0002428919    -0.0012729411     0.0010741354
6 C     0.0017516154     0.0097518618     0.0054314305
7 C    -0.0012771184     0.0019903279     0.0127176844
8 C    -0.0034363654    -0.0092962702     0.0072091947
9 C    -0.0023699369    -0.0116868284    -0.0045864234
10 C     0.0006374672    -0.0035041566    -0.0117965037
11 H     0.0082740299     0.0008736285    -0.0125904817
12 H    -0.0075083788     0.0098092096    -0.0084846249
13 H     0.0080677954     0.0113643143     0.0062710898
14 H    -0.0107840728     0.0014671182    -0.0083638414
15 H     0.0015459163    -0.0077997357    -0.0113890075
16 H    -0.0040071488     0.0035495668     0.0159628540
17 H     0.0025187718    -0.0032159006    -0.0120930633
18 H     0.0027269872     0.0137225651     0.0054798978
19 H    -0.0011135695     0.0022997799     0.0141011759
20 H    -0.0039562487    -0.0108753628     0.0087745550
21 H    -0.0026551250    -0.0128362142    -0.0055608161
22 H     0.0014554261    -0.0015912247    -0.0135661162
----------------------------------------------
[2026-07-09 12:37:36]   [OPT] [DEC_00283] eval=001 E=-457.7329532841 Ha max|grad|=7.235e-02 Ha/Bohr SCF=True time=54.2s

WARN: Mole.unit (Angstrom) is changed to Bohr

converged SCF energy = -457.61298696551
--------------- DFTD3 gradients ---------------
         x                y                z
0 C     0.0469400117     0.0063157840     0.1586184209
1 O    -0.0372150958     0.0193671513    -0.1887423851
2 C     0.0288332440    -0.0064111418     0.1944660220
3 C    -0.0034131119     0.0433151680    -0.0618773658
4 C    -0.0100173013    -0.0396861706     0.0347332256
5 C     0.0087073903     0.0022272856    -0.0220953003
6 C    -0.0106671663    -0.0369662160     0.0087926493
7 C     0.0016720823    -0.0117211788    -0.0398336048
8 C     0.0119093042     0.0324792074    -0.0238961794
9 C     0.0061542980     0.0337269470     0.0169333843
10 C    -0.0105876565    -0.0149287470     0.0490644709
11 H    -0.0034397438    -0.0050709803    -0.0043406006
12 H    -0.0054655515    -0.0041645277    -0.0042598566
13 H    -0.0255520830    -0.0196316662    -0.0557358483
14 H    -0.0143341789     0.0187274497    -0.0167429302
15 H     0.0169182680    -0.0047001627    -0.0271147149
16 H     0.0035761475    -0.0079863134    -0.0206055878
17 H    -0.0007753033     0.0078085849     0.0009461529
18 H    -0.0000191001    -0.0010149521    -0.0018905048
19 H    -0.0010308965     0.0006382086     0.0090765468
20 H    -0.0014445859    -0.0041705264     0.0032212707
21 H    -0.0019557478    -0.0086145929    -0.0020787901
22 H     0.0012214355     0.0005045995    -0.0066304026
----------------------------------------------
[2026-07-09 12:38:40]   [OPT] [DEC_00283] eval=002 E=-457.6129869655 Ha max|grad|=1.945e-01 Ha/Bohr SCF=True time=63.4s

WARN: Mole.unit (Angstrom) is changed to Bohr

converged SCF energy = -457.743076206956
--------------- DFTD3 gradients ---------------
         x                y                z
0 C     0.0078249873     0.0015336061     0.0255524133
1 O     0.0014418783     0.0029704684    -0.0026009171
2 C     0.0035660749     0.0033754672     0.0228515861
3 C     0.0002487298     0.0090463454    -0.0079139083
4 C     0.0003859462    -0.0055548254    -0.0012385990
5 C     0.0016688328    -0.0003796170    -0.0037647486
6 C    -0.0009189339    -0.0001588455     0.0063732180
7 C    -0.0007078637    -0.0012311192     0.0013029018
8 C    -0.0000282120     0.0000076679     0.0003410075
9 C    -0.0005346374    -0.0018166472     0.0002991108
10 C    -0.0017774686    -0.0061768200     0.0009352390
11 H     0.0051456298    -0.0014613300    -0.0098108873
12 H    -0.0072642439     0.0054570336    -0.0066379744
13 H    -0.0001812911     0.0034511521    -0.0083709412
14 H    -0.0098563990     0.0057751128    -0.0096893416
15 H     0.0048236776    -0.0054287427    -0.0138391890
16 H    -0.0021655046     0.0015213486     0.0080292052
17 H     0.0017970202    -0.0010343325    -0.0094928155
18 H     0.0021926113     0.0108297261     0.0039823672
19 H    -0.0010981811     0.0019741368     0.0131110675
20 H    -0.0034573024    -0.0095486327     0.0076775605
21 H    -0.0025173905    -0.0120010384    -0.0048772724
22 H     0.0014168265    -0.0011641750    -0.0122087128
----------------------------------------------
[2026-07-09 12:39:27]   [OPT] [DEC_00283] eval=003 E=-457.7430762070 Ha max|grad|=2.555e-02 Ha/Bohr SCF=True time=47.7s

WARN: Mole.unit (Angstrom) is changed to Bohr

converged SCF energy = -457.745867613401
--------------- DFTD3 gradients ---------------
         x                y                z
0 C    -0.0013745585    -0.0037082441     0.0026261065
1 O     0.0000057749     0.0039316841    -0.0085323641
2 C     0.0046403384     0.0059826907     0.0021724413
3 C    -0.0038677811    -0.0041701240     0.0034749210
4 C     0.0020069442     0.0049439039    -0.0031812029
5 C    -0.0000688021    -0.0030249371     0.0026441648
6 C     0.0008488569     0.0030401659     0.0002778922
7 C    -0.0011613032    -0.0000895872     0.0075402348
8 C    -0.0017553252    -0.0050928971     0.0033929928
9 C    -0.0021626438    -0.0080777693    -0.0000880384
10 C     0.0002629965    -0.0020384015    -0.0051011663
11 H    -0.0021271934     0.0023894444     0.0022956796
12 H     0.0038281627    -0.0011297005     0.0009902035
13 H     0.0040719027     0.0082741991    -0.0026415987
14 H     0.0004877109     0.0025666619    -0.0035901391
15 H    -0.0024270661     0.0018907039    -0.0007230470
16 H    -0.0005202657    -0.0015086891    -0.0006831498
17 H     0.0009977733     0.0000844197    -0.0049639708
18 H     0.0007393016     0.0043728637     0.0017697872
19 H    -0.0005961759     0.0002894393     0.0052312336
20 H    -0.0011136162    -0.0031714875     0.0025959605
21 H    -0.0011771524    -0.0051421987    -0.0015069480
22 H     0.0004705437    -0.0006317918    -0.0039875592
----------------------------------------------
[2026-07-09 12:40:13]   [OPT] [DEC_00283] eval=004 E=-457.7458676134 Ha max|grad|=8.532e-03 Ha/Bohr SCF=True time=46.3s

WARN: Mole.unit (Angstrom) is changed to Bohr

converged SCF energy = -457.746784202737
--------------- DFTD3 gradients ---------------
         x                y                z
0 C     0.0009357445     0.0028235850    -0.0028625414
1 O    -0.0001746140     0.0020766049    -0.0053104662
2 C    -0.0007487675     0.0018650789    -0.0026483485
3 C    -0.0013954251     0.0040727568     0.0016073679
4 C     0.0000752106    -0.0045100096    -0.0024316806
5 C     0.0006933106    -0.0011447973    -0.0013203710
6 C    -0.0004371171    -0.0008950221     0.0034469705
7 C    -0.0004148075    -0.0006330929     0.0008733685
8 C    -0.0005210541    -0.0011925465     0.0018708230
9 C    -0.0005212289    -0.0019245394    -0.0002413641
10 C    -0.0009406189    -0.0039702091     0.0008873360
11 H    -0.0031175185     0.0024494379     0.0042947655
12 H     0.0050410433    -0.0023216113     0.0024108173
13 H     0.0022621492     0.0053777593    -0.0033357423
14 H     0.0048466555     0.0011890629    -0.0007097449
15 H    -0.0033871840     0.0037617613     0.0028135884
16 H    -0.0006205853    -0.0022692597    -0.0011089761
17 H     0.0006592481     0.0015403104    -0.0018492017
18 H     0.0001786934     0.0015902904     0.0003642039
19 H    -0.0006256090     0.0000116666     0.0045703562
20 H    -0.0008879326    -0.0025601705     0.0021093561
21 H    -0.0011924788    -0.0048173864    -0.0008787341
22 H     0.0002998605    -0.0005397867    -0.0025387693
----------------------------------------------
[2026-07-09 12:41:02]   [OPT] [DEC_00283] eval=005 E=-457.7467842027 Ha max|grad|=5.378e-03 Ha/Bohr SCF=True time=48.6s

WARN: Mole.unit (Angstrom) is changed to Bohr

[2026-07-09 12:41:02]   [OPT] [DEC_00283] done: success=False nit=3 neval=5 max|grad|=5.378e-03 message=STOP: TOTAL NO. OF ITERATIONS REACHED LIMIT
[2026-07-09 12:41:02]   [WARN] [DEC_00283] Optimization did not fully converge; using last geometry
[2026-07-09 12:41:02]   [DFT] [DEC_00283] final single-point start
converged SCF energy = -457.746784202738
[2026-07-09 12:41:37]   [DFT] [DEC_00283] final SCF done: E=-457.7467842027 Ha converged=True time=34.7s
[2026-07-09 12:41:37]   [DFT] [DEC_00283] descriptors: HOMO=-3.8907 eV LUMO=1.5588 eV gap=5.4496 eV opt_status=opt_not_converged: STOP: TOTAL NO. OF ITERATIONS REACHED LIMIT
[2026-07-09 12:41:37] END compound_id=DEC_00283
