[2026-07-09 00:05:56] ========================================================================
[2026-07-09 00:05:56] BEGIN compound_id=DEC_00149 molecule_index=515/732 method=DFT-b3lyp/sto-3g-D3
[2026-07-09 00:05:56] settings functional=b3lyp basis=sto-3g D3=True geom_max_steps=3 scf_max_cycles=50
[2026-07-09 00:05:56]   [xTB] [DEC_00149] start: atoms=20 charge=0 multiplicity=1 opt=tight solvent=gas
[2026-07-09 00:06:02]   [OK] [DEC_00149] GFN2-xTB converged; RMSD(MMFF,xTB)=0.1366 A
[2026-07-09 00:06:02]   [DFT] build PySCF molecule: atoms=20 charge=0 spin=0
[2026-07-09 00:06:02]   [DFT] [DEC_00149] start
[2026-07-09 00:06:02]   [OPT] [DEC_00149] start: atoms=20, basis=sto-3g, D3=True, maxiter=3

WARN: Mole.unit (Angstrom) is changed to Bohr

converged SCF energy = -418.910151424253
--------------- DFTD3 gradients ---------------
         x                y                z
0 C     0.0048993598    -0.0024264608    -0.0064554907
1 C     0.0017024906    -0.0243094727     0.0023215891
2 C    -0.0456269950    -0.0258297918     0.0506500820
3 O     0.0674052479     0.0658232209    -0.0517709352
4 C     0.0040536394    -0.0016305747     0.0007469065
5 C     0.0033963168     0.0085984225    -0.0051522800
6 C    -0.0055460839     0.0089740269    -0.0065899651
7 C    -0.0125997391    -0.0012619717    -0.0010719814
8 C    -0.0058521888    -0.0095309515     0.0056116262
9 C     0.0048576003    -0.0087006998     0.0062863272
10 H    -0.0014359144    -0.0094995275    -0.0032915034
11 H    -0.0031376997     0.0058444256    -0.0078859966
12 H     0.0106535404     0.0006351608     0.0000847387
13 H     0.0016509415    -0.0066584387     0.0045898997
14 H    -0.0092826710     0.0007516433     0.0137371083
15 H     0.0067077086     0.0107652693    -0.0062140294
16 H    -0.0077177766     0.0101049606    -0.0076547221
17 H    -0.0146235939    -0.0011908805    -0.0013233188
18 H    -0.0071286284    -0.0112241077     0.0063009779
19 H     0.0076026546    -0.0091856909     0.0071191015
----------------------------------------------
[2026-07-09 00:06:43]   [OPT] [DEC_00149] eval=001 E=-418.9101514243 Ha max|grad|=6.741e-02 Ha/Bohr SCF=True time=41.2s

WARN: Mole.unit (Angstrom) is changed to Bohr

converged SCF energy = -418.686184027018
--------------- DFTD3 gradients ---------------
         x                y                z
0 C     0.0073474374    -0.0002141028    -0.0044004121
1 C     0.0000511717     0.0613848643     0.0092896797
2 C     0.2220892029     0.0695576840    -0.2559936200
3 O    -0.1277338236    -0.1140316698     0.1036021665
4 C    -0.0381453490    -0.0222840762    -0.0064637682
5 C    -0.0115127160    -0.0141023591     0.0063999793
6 C     0.0050185630    -0.0222662270     0.0160707557
7 C     0.0329879715     0.0023810254     0.0032322653
8 C     0.0058532489     0.0224435495    -0.0122606917
9 C    -0.0290676259     0.0116552329    -0.0105177737
10 H     0.0061250302     0.0095788781    -0.0028407576
11 H     0.0053409927    -0.0091742462     0.0116952384
12 H    -0.0083541740    -0.0023486581    -0.0048329696
13 H     0.0089091108    -0.0403226944     0.0172286935
14 H    -0.0689904274     0.0525438748     0.1296099623
15 H     0.0027917441     0.0015139381    -0.0011591018
16 H    -0.0036298736     0.0052986734    -0.0039403691
17 H    -0.0086446122    -0.0007673938    -0.0009231048
18 H    -0.0045316722    -0.0062546384     0.0034271925
19 H     0.0040653887    -0.0045757096     0.0027981457
----------------------------------------------
[2026-07-09 00:08:31]   [OPT] [DEC_00149] eval=002 E=-418.6861840270 Ha max|grad|=2.560e-01 Ha/Bohr SCF=True time=107.9s

WARN: Mole.unit (Angstrom) is changed to Bohr

converged SCF energy = -418.91521565695
--------------- DFTD3 gradients ---------------
         x                y                z
0 C     0.0053557612    -0.0021519783    -0.0065006252
1 C     0.0023493745    -0.0117966472     0.0035961980
2 C     0.0488717365     0.0519348738    -0.0293029444
3 O    -0.0218711730    -0.0209521892     0.0159719063
4 C    -0.0021928274    -0.0045693932    -0.0003239600
5 C     0.0015721779     0.0053651109    -0.0034335017
6 C    -0.0042791968     0.0045740893    -0.0034359307
7 C    -0.0062981334    -0.0007340204    -0.0005021251
8 C    -0.0043795718    -0.0051058823     0.0030929257
9 C     0.0005094495    -0.0059014772     0.0038956673
10 H    -0.0005421916    -0.0070312618    -0.0031230760
11 H    -0.0020742732     0.0039302759    -0.0052598438
12 H     0.0081732891     0.0002922554    -0.0004858761
13 H     0.0023422173    -0.0109829781     0.0059555585
14 H    -0.0131275095     0.0044073154     0.0213599742
15 H     0.0062671389     0.0096003145    -0.0055460250
16 H    -0.0072165126     0.0095118642    -0.0071996707
17 H    -0.0138610553    -0.0011367788    -0.0012730621
18 H    -0.0068043498    -0.0105980940     0.0059509077
19 H     0.0071719895    -0.0086159237     0.0065851840
----------------------------------------------
[2026-07-09 00:09:15]   [OPT] [DEC_00149] eval=003 E=-418.9152156570 Ha max|grad|=5.193e-02 Ha/Bohr SCF=True time=43.8s

WARN: Mole.unit (Angstrom) is changed to Bohr

converged SCF energy = -418.918118889385
--------------- DFTD3 gradients ---------------
         x                y                z
0 C     0.0045299917    -0.0028940436    -0.0058325567
1 C     0.0039756002    -0.0060765363     0.0027159467
2 C     0.0248741475     0.0295019709    -0.0102665366
3 O    -0.0049518762    -0.0039177944     0.0034357173
4 C    -0.0012322432    -0.0032316127    -0.0003814514
5 C     0.0010048783     0.0046488608    -0.0030830213
6 C    -0.0040164408     0.0043081400    -0.0032258852
7 C    -0.0059729032    -0.0007041276    -0.0004665455
8 C    -0.0044787792    -0.0048498598     0.0028892199
9 C    -0.0002244195    -0.0060166584     0.0038328072
10 H    -0.0000005537    -0.0060741951    -0.0033210479
11 H    -0.0016661937     0.0032169766    -0.0044804670
12 H     0.0074211259     0.0001075752    -0.0007729024
13 H     0.0025256817    -0.0101873635     0.0059211973
14 H    -0.0086429257     0.0033907557     0.0143711744
15 H     0.0056743434     0.0085897653    -0.0049839976
16 H    -0.0066012193     0.0085850850    -0.0064957240
17 H    -0.0124141349    -0.0010207888    -0.0011461734
18 H    -0.0062803297    -0.0095924454     0.0053866472
19 H     0.0064438004    -0.0077442900     0.0059224514
----------------------------------------------
[2026-07-09 00:09:59]   [OPT] [DEC_00149] eval=004 E=-418.9181188894 Ha max|grad|=2.950e-02 Ha/Bohr SCF=True time=43.8s

WARN: Mole.unit (Angstrom) is changed to Bohr

converged SCF energy = -418.921377556375
--------------- DFTD3 gradients ---------------
         x                y                z
0 C     0.0030138599    -0.0027015037    -0.0034886912
1 C     0.0065956247     0.0053206713     0.0018554990
2 C    -0.0065084080    -0.0039889564     0.0122442407
3 O     0.0129468705     0.0153420369    -0.0091315631
4 C    -0.0004207099    -0.0010423751    -0.0004446142
5 C    -0.0004704067     0.0023602722    -0.0019515594
6 C    -0.0033425831     0.0026524827    -0.0020682400
7 C    -0.0041682847    -0.0003105550    -0.0004159850
8 C    -0.0044033864    -0.0035275788     0.0019698675
9 C    -0.0019333644    -0.0047800380     0.0026742748
10 H     0.0013732487    -0.0033477847    -0.0035746265
11 H    -0.0001122212     0.0005673026    -0.0017393855
12 H     0.0044478531    -0.0006204864    -0.0019046178
13 H     0.0024094648    -0.0076357712     0.0042486843
14 H    -0.0000873120     0.0032097077     0.0022676000
15 H     0.0035120374     0.0049288421    -0.0029270841
16 H    -0.0045058580     0.0054536514    -0.0041264193
17 H    -0.0076861556    -0.0006352530    -0.0007341802
18 H    -0.0046321327    -0.0062759077     0.0035132577
19 H     0.0039383468    -0.0049321171     0.0037402048
----------------------------------------------
[2026-07-09 00:10:40]   [OPT] [DEC_00149] eval=005 E=-418.9213775564 Ha max|grad|=1.534e-02 Ha/Bohr SCF=True time=41.1s

WARN: Mole.unit (Angstrom) is changed to Bohr

[2026-07-09 00:10:40]   [OPT] [DEC_00149] done: success=False nit=3 neval=5 max|grad|=1.534e-02 message=STOP: TOTAL NO. OF ITERATIONS REACHED LIMIT
[2026-07-09 00:10:40]   [WARN] [DEC_00149] Optimization did not fully converge; using last geometry
[2026-07-09 00:10:40]   [DFT] [DEC_00149] final single-point start
converged SCF energy = -418.921377556374
[2026-07-09 00:11:08]   [DFT] [DEC_00149] final SCF done: E=-418.9213775564 Ha converged=True time=27.9s
[2026-07-09 00:11:08]   [DFT] [DEC_00149] descriptors: HOMO=-4.0866 eV LUMO=1.9517 eV gap=6.0383 eV opt_status=opt_not_converged: STOP: TOTAL NO. OF ITERATIONS REACHED LIMIT
[2026-07-09 00:11:08] END compound_id=DEC_00149
