[2026-07-09 07:27:07] ========================================================================
[2026-07-09 07:27:07] BEGIN compound_id=DEC_00233 molecule_index=595/732 method=DFT-b3lyp/sto-3g-D3
[2026-07-09 07:27:07] settings functional=b3lyp basis=sto-3g D3=True geom_max_steps=3 scf_max_cycles=50
[2026-07-09 07:27:07]   [xTB] [DEC_00233] start: atoms=20 charge=0 multiplicity=1 opt=tight solvent=gas
[2026-07-09 07:27:10]   [OK] [DEC_00233] GFN2-xTB converged; RMSD(MMFF,xTB)=0.0910 A
[2026-07-09 07:27:10]   [DFT] build PySCF molecule: atoms=20 charge=0 spin=0
[2026-07-09 07:27:10]   [DFT] [DEC_00233] start
[2026-07-09 07:27:10]   [OPT] [DEC_00233] start: atoms=20, basis=sto-3g, D3=True, maxiter=3

WARN: Mole.unit (Angstrom) is changed to Bohr

converged SCF energy = -1745.14971284888
--------------- DFTD3 gradients ---------------
         x                y                z
0 C    -0.0014892605    -0.0053905106    -0.0058960664
1 C     0.0070656164     0.0041461688    -0.0062298980
2 C     0.0036539305    -0.0136424101     0.0108403900
3 C     0.0026434741     0.0074498071     0.0098857145
4 O     0.0350245757     0.0626618705    -0.0738586098
5 C    -0.0368530244     0.0060672785    -0.0051274149
6 O     0.0121311161    -0.0765988273     0.0876962187
7 C     0.0071988292     0.0040337934    -0.0051956889
8 Cl    -0.0034958464    -0.0161062303    -0.0514422604
9 Cl    -0.0363915538    -0.0235986611     0.0301965819
10 Cl    -0.0034605166     0.0538291790     0.0035793990
11 H     0.0012150692    -0.0095587222     0.0030002017
12 H    -0.0106948133     0.0007179804    -0.0024036295
13 H     0.0054860760     0.0006429499    -0.0091328480
14 H     0.0096191274     0.0004566045     0.0024324285
15 H     0.0004609417     0.0096309707    -0.0029786755
16 H     0.0026127894    -0.0124827968     0.0052570917
17 H    -0.0053636026    -0.0006323414     0.0090024771
18 H     0.0107006381    -0.0015589911     0.0030526777
19 H    -0.0000435344     0.0099067807    -0.0026881968
----------------------------------------------
[2026-07-09 07:28:15]   [OPT] [DEC_00233] eval=001 E=-1745.1497128489 Ha max|grad|=8.770e-02 Ha/Bohr SCF=True time=65.0s

WARN: Mole.unit (Angstrom) is changed to Bohr

converged SCF energy = -1745.05295889756
--------------- DFTD3 gradients ---------------
         x                y                z
0 C     0.0007376688     0.0002355263    -0.0057842943
1 C     0.0158900693    -0.0151337523     0.0171778640
2 C     0.0135683775     0.0558579183    -0.0415579620
3 C     0.0045178735    -0.0119626847     0.0013400945
4 O    -0.0814996054    -0.0754267057     0.0855301460
5 C     0.1528042503    -0.0855110339     0.1018352017
6 O    -0.0298316756     0.1298058634    -0.1490097747
7 C    -0.0828472566     0.0095911439    -0.0122077099
8 Cl    -0.0012406001     0.0083764316     0.0177928363
9 Cl     0.0155008402     0.0145292551    -0.0185205274
10 Cl    -0.0013799506    -0.0201784071    -0.0037822235
11 H    -0.0013597002     0.0051743469    -0.0045191001
12 H     0.0081029527    -0.0024385701     0.0009248027
13 H    -0.0053014501    -0.0046819661     0.0017070839
14 H     0.0025142475     0.0027964878    -0.0076066450
15 H     0.0017986270    -0.0009594782     0.0026781034
16 H    -0.0105134263    -0.0155063962     0.0045396867
17 H     0.0033247032     0.0047849892     0.0029017765
18 H    -0.0054203413     0.0055421729     0.0036128511
19 H     0.0006452162    -0.0049581192     0.0029608920
----------------------------------------------
[2026-07-09 07:29:30]   [OPT] [DEC_00233] eval=002 E=-1745.0529588976 Ha max|grad|=1.528e-01 Ha/Bohr SCF=True time=74.6s

WARN: Mole.unit (Angstrom) is changed to Bohr

converged SCF energy = -1745.17133673215
--------------- DFTD3 gradients ---------------
         x                y                z
0 C    -0.0009958327    -0.0038745498    -0.0058892206
1 C     0.0092662121    -0.0008905273     0.0007330720
2 C     0.0089202368     0.0030501604    -0.0018183739
3 C     0.0037349980     0.0022199475     0.0077616364
4 O    -0.0227532673     0.0096335761    -0.0135205779
5 C     0.0389906684    -0.0530670053     0.0632599575
6 O    -0.0034966931     0.0330288604    -0.0382016898
7 C    -0.0175778380     0.0040700943    -0.0053350820
8 Cl    -0.0029308328    -0.0079686860    -0.0278014498
9 Cl    -0.0183456454    -0.0103292642     0.0132710209
10 Cl    -0.0029194770     0.0286869395     0.0013202345
11 H     0.0005194702    -0.0055366815     0.0009963801
12 H    -0.0055632149    -0.0000968763    -0.0014331186
13 H     0.0025508729    -0.0007752851    -0.0061687894
14 H     0.0076409033     0.0010463555    -0.0003186046
15 H     0.0006296479     0.0067337089    -0.0013540790
16 H    -0.0010084100    -0.0129820786     0.0052225761
17 H    -0.0030673800     0.0007682761     0.0073239611
18 H     0.0063028902     0.0003934742     0.0032058357
19 H     0.0001033857     0.0058610217    -0.0012747708
----------------------------------------------
[2026-07-09 07:30:29]   [OPT] [DEC_00233] eval=003 E=-1745.1713367322 Ha max|grad|=6.326e-02 Ha/Bohr SCF=True time=59.1s

WARN: Mole.unit (Angstrom) is changed to Bohr

converged SCF energy = -1745.17924631603
--------------- DFTD3 gradients ---------------
         x                y                z
0 C    -0.0000028012    -0.0027102700    -0.0039412969
1 C     0.0067107006    -0.0001036051    -0.0003833399
2 C     0.0027627895     0.0053419447    -0.0058192597
3 C     0.0026007014     0.0018050901     0.0048214380
4 O    -0.0218996224    -0.0107968630     0.0102609340
5 C     0.0234690584     0.0028393723    -0.0016147535
6 O     0.0053916378    -0.0001610439    -0.0000641273
7 C    -0.0133669055     0.0004718639    -0.0009574095
8 Cl    -0.0018239046    -0.0037228402    -0.0142740625
9 Cl    -0.0119625981    -0.0049395493     0.0063737465
10 Cl    -0.0018743976     0.0144798196     0.0004173477
11 H     0.0000449631    -0.0032571271    -0.0004359113
12 H    -0.0028476251    -0.0003762736    -0.0008878662
13 H     0.0010889126    -0.0015125835    -0.0047959541
14 H     0.0080316936     0.0010219444    -0.0012222524
15 H     0.0016578742     0.0029300257     0.0000827089
16 H    -0.0017484683    -0.0066518185     0.0025122552
17 H    -0.0013689604     0.0013530377     0.0058692206
18 H     0.0046198570     0.0012713989     0.0035684307
19 H     0.0005308937     0.0027105408     0.0004451138
----------------------------------------------
[2026-07-09 07:31:42]   [OPT] [DEC_00233] eval=004 E=-1745.1792463160 Ha max|grad|=2.347e-02 Ha/Bohr SCF=True time=72.8s

WARN: Mole.unit (Angstrom) is changed to Bohr

converged SCF energy = -1745.18155784457
--------------- DFTD3 gradients ---------------
         x                y                z
0 C     0.0007325940    -0.0014369093    -0.0023269605
1 C     0.0034332814     0.0009847419    -0.0028811499
2 C    -0.0008943703     0.0009361578    -0.0025281121
3 C     0.0006950923     0.0018273658     0.0023138637
4 O    -0.0060421004    -0.0103945983     0.0103030808
5 C     0.0037154962     0.0056511199    -0.0057436228
6 O     0.0071442718    -0.0022989254     0.0026277905
7 C    -0.0082708936    -0.0003880227     0.0002671318
8 Cl    -0.0020060361    -0.0012068642    -0.0067181257
9 Cl    -0.0074574767    -0.0019143908     0.0024611609
10 Cl    -0.0021563190     0.0065921994    -0.0002657749
11 H    -0.0002178852    -0.0018806760    -0.0013277056
12 H    -0.0009236461    -0.0005144595    -0.0005257710
13 H     0.0001194665    -0.0019855272    -0.0038473908
14 H     0.0073293304     0.0009363900    -0.0013643873
15 H     0.0026170020     0.0006204826     0.0005436226
16 H    -0.0019405956     0.0002616428    -0.0003229668
17 H     0.0000160908     0.0015244000     0.0041709410
18 H     0.0031741922     0.0015826193     0.0033626120
19 H     0.0009494251     0.0011028612     0.0017507270
----------------------------------------------
[2026-07-09 07:32:36]   [OPT] [DEC_00233] eval=005 E=-1745.1815578446 Ha max|grad|=1.039e-02 Ha/Bohr SCF=True time=54.9s

WARN: Mole.unit (Angstrom) is changed to Bohr

[2026-07-09 07:32:36]   [OPT] [DEC_00233] done: success=False nit=3 neval=5 max|grad|=1.039e-02 message=STOP: TOTAL NO. OF ITERATIONS REACHED LIMIT
[2026-07-09 07:32:36]   [WARN] [DEC_00233] Optimization did not fully converge; using last geometry
[2026-07-09 07:32:36]   [DFT] [DEC_00233] final single-point start
converged SCF energy = -1745.18155784457
[2026-07-09 07:33:26]   [DFT] [DEC_00233] final SCF done: E=-1745.1815578446 Ha converged=True time=49.2s
[2026-07-09 07:33:26]   [DFT] [DEC_00233] descriptors: HOMO=-5.4881 eV LUMO=0.6694 eV gap=6.1575 eV opt_status=opt_not_converged: STOP: TOTAL NO. OF ITERATIONS REACHED LIMIT
[2026-07-09 07:33:26] END compound_id=DEC_00233
