[2026-07-09 09:26:06] ========================================================================
[2026-07-09 09:26:06] BEGIN compound_id=DEC_00252 molecule_index=614/732 method=DFT-b3lyp/sto-3g-D3
[2026-07-09 09:26:06] settings functional=b3lyp basis=sto-3g D3=True geom_max_steps=3 scf_max_cycles=50
[2026-07-09 09:26:06]   [xTB] [DEC_00252] start: atoms=30 charge=0 multiplicity=1 opt=tight solvent=gas
[2026-07-09 09:26:09]   [OK] [DEC_00252] GFN2-xTB converged; RMSD(MMFF,xTB)=0.0645 A
[2026-07-09 09:26:09]   [DFT] build PySCF molecule: atoms=30 charge=0 spin=0
[2026-07-09 09:26:09]   [DFT] [DEC_00252] start
[2026-07-09 09:26:09]   [OPT] [DEC_00252] start: atoms=30, basis=sto-3g, D3=True, maxiter=3

WARN: Mole.unit (Angstrom) is changed to Bohr

converged SCF energy = -478.420946214591
--------------- DFTD3 gradients ---------------
         x                y                z
0 C     0.0008383325    -0.0080736794    -0.0027270607
1 C     0.0010159153    -0.0027203417     0.0096916867
2 C     0.0001128829    -0.0138761971    -0.0141226704
3 N    -0.0319691374    -0.0319213043    -0.0109518800
4 C    -0.0118849298     0.0002863906     0.0107847631
5 C    -0.0004789543     0.0020911288    -0.0099880872
6 C    -0.0082666847     0.0024267322     0.0011535469
7 C     0.0415456467    -0.0034996793    -0.0082651932
8 O    -0.0134990975     0.0756827736     0.0393143080
9 C     0.0125679582    -0.0153703865    -0.0119850686
10 C     0.0042646400     0.0040399724     0.0020337048
11 H     0.0076869892    -0.0006485973    -0.0066749652
12 H    -0.0081592169    -0.0028245855    -0.0055095698
13 H     0.0016139633    -0.0084470104     0.0064642521
14 H     0.0071758481     0.0025285599     0.0049098164
15 H    -0.0065337226     0.0006997617     0.0062014966
16 H    -0.0073694517    -0.0028799216    -0.0064135246
17 H     0.0073513909     0.0001379277    -0.0070161244
18 H    -0.0059825100    -0.0076142623     0.0042418095
19 H     0.0021139960     0.0070048105     0.0087270450
20 H     0.0006021625    -0.0045361655    -0.0067129584
21 H     0.0050292901     0.0071626488    -0.0036802012
22 H    -0.0004711448     0.0065715858     0.0083883501
23 H    -0.0056381112    -0.0074965164     0.0029406014
24 H    -0.0061568953     0.0049868345    -0.0070244234
25 H     0.0031578761    -0.0093633164     0.0009855868
26 H     0.0019440075    -0.0033545227    -0.0085704037
27 H     0.0014880269     0.0009880990     0.0104615952
28 H     0.0094569409    -0.0019452541    -0.0030187879
29 H    -0.0014688674     0.0100108011    -0.0036886797
----------------------------------------------
[2026-07-09 09:27:22]   [OPT] [DEC_00252] eval=001 E=-478.4209462146 Ha max|grad|=7.568e-02 Ha/Bohr SCF=True time=72.8s

WARN: Mole.unit (Angstrom) is changed to Bohr

converged SCF energy = -478.24233725673
--------------- DFTD3 gradients ---------------
         x                y                z
0 C     0.0018884626    -0.0053281245     0.0110120581
1 C     0.0030904762    -0.0230012397    -0.0300116905
2 C    -0.0287182433    -0.0341208806     0.0119886400
3 N     0.1603314717     0.1619518893     0.0452052046
4 C    -0.0074587438    -0.0167371631    -0.0290080476
5 C    -0.0170349746     0.0105532317     0.0313731881
6 C     0.0010217177     0.0054108524    -0.0068424804
7 C    -0.2374335214     0.1239838047     0.1051484017
8 O     0.0565063344    -0.1736077053    -0.0929908190
9 C     0.0431421197     0.0308757764     0.0144802857
10 C     0.0257363377    -0.0059995736    -0.0105065379
11 H    -0.0129369240    -0.0033141321     0.0101644395
12 H     0.0147749294     0.0005248622     0.0080789179
13 H    -0.0012113916     0.0013122525    -0.0141785492
14 H    -0.0058475124    -0.0002401063    -0.0002953242
15 H     0.0052462708     0.0013003398    -0.0013983923
16 H     0.0008035017    -0.0259835488    -0.0162690889
17 H     0.0007569613    -0.0022791037    -0.0053581263
18 H    -0.0207663358     0.0058068652     0.0101211680
19 H     0.0053348015    -0.0044646059    -0.0034766194
20 H     0.0011804067     0.0001775430    -0.0023451626
21 H    -0.0039869865    -0.0093238434    -0.0004966921
22 H    -0.0042123228    -0.0109486535    -0.0149530096
23 H     0.0045170204     0.0139698466    -0.0041076583
24 H    -0.0024044741    -0.0036304584     0.0123603257
25 H     0.0123508456    -0.0197037763    -0.0029391802
26 H     0.0105507711    -0.0102886933    -0.0235132541
27 H    -0.0008881381    -0.0016148712    -0.0174412581
28 H    -0.0083748693     0.0123635826     0.0096806172
29 H     0.0039637122    -0.0176290598     0.0065266568
----------------------------------------------
[2026-07-09 09:29:27]   [OPT] [DEC_00252] eval=002 E=-478.2423372567 Ha max|grad|=2.374e-01 Ha/Bohr SCF=True time=125.1s

WARN: Mole.unit (Angstrom) is changed to Bohr

converged SCF energy = -478.428398127627
--------------- DFTD3 gradients ---------------
         x                y                z
0 C     0.0009955240    -0.0076553437    -0.0006582910
1 C     0.0011766250    -0.0058782966     0.0034466614
2 C    -0.0047558111    -0.0169211796    -0.0099654688
3 N     0.0143510502     0.0131993173     0.0020941672
4 C    -0.0116141333    -0.0020550454     0.0048187971
5 C    -0.0031959644     0.0032934334    -0.0035234912
6 C    -0.0068364995     0.0029373673    -0.0000272460
7 C    -0.0229755782     0.0547531149     0.0315589467
8 O     0.0064051763    -0.0207752192    -0.0106955841
9 C     0.0142946485    -0.0044329044    -0.0054309077
10 C     0.0076537599     0.0024555867     0.0000384449
11 H     0.0044485642    -0.0009774110    -0.0040176005
12 H    -0.0045819769    -0.0022024599    -0.0033594565
13 H     0.0011661489    -0.0068603502     0.0032733413
14 H     0.0052415889     0.0021272374     0.0041176414
15 H    -0.0047808507     0.0008249485     0.0050471886
16 H    -0.0060879989    -0.0061793728    -0.0076801593
17 H     0.0064672077    -0.0003534793    -0.0068574933
18 H    -0.0081139178    -0.0056285569     0.0049537165
19 H     0.0026635183     0.0053680960     0.0068433587
20 H     0.0007010604    -0.0038568539    -0.0060705552
21 H     0.0036799318     0.0046437534    -0.0031185506
22 H    -0.0009612176     0.0037670994     0.0046890078
23 H    -0.0039744430    -0.0041871334     0.0018412573
24 H    -0.0055300195     0.0036391788    -0.0040250354
25 H     0.0042900998    -0.0108817998     0.0005076896
26 H     0.0030827408    -0.0043651424    -0.0106987972
27 H     0.0010303661     0.0005122896     0.0060174252
28 H     0.0065143729     0.0002239059    -0.0010404576
29 H    -0.0006838308     0.0055326183    -0.0020963997
----------------------------------------------
[2026-07-09 09:30:36]   [OPT] [DEC_00252] eval=003 E=-478.4283981276 Ha max|grad|=5.475e-02 Ha/Bohr SCF=True time=69.6s

WARN: Mole.unit (Angstrom) is changed to Bohr

converged SCF energy = -478.432174550069
--------------- DFTD3 gradients ---------------
         x                y                z
0 C     0.0009645243    -0.0073583657    -0.0003693407
1 C     0.0006217789    -0.0060039823     0.0020663867
2 C    -0.0009899591    -0.0079346118    -0.0050626625
3 N     0.0135196461     0.0163916023     0.0041216479
4 C    -0.0060798513    -0.0014742487     0.0027528277
5 C    -0.0036990621     0.0025586213    -0.0019598786
6 C    -0.0061982624     0.0028639175    -0.0002913086
7 C    -0.0148191123     0.0197689627     0.0125612673
8 O     0.0024446662    -0.0015405733    -0.0005003996
9 C     0.0061248283     0.0020451187    -0.0003116305
10 C     0.0079240959     0.0019356784    -0.0002967054
11 H     0.0026500145    -0.0012881535    -0.0024894418
12 H    -0.0025449407    -0.0020039551    -0.0021210991
13 H     0.0009865196    -0.0063422403     0.0018491277
14 H     0.0035299688     0.0016839712     0.0029888093
15 H    -0.0031120129     0.0006002414     0.0038487923
16 H    -0.0062140376    -0.0065638929    -0.0078986298
17 H     0.0045326214    -0.0014385569    -0.0058692471
18 H    -0.0082006379    -0.0047401981     0.0049418117
19 H     0.0013126796     0.0033666075     0.0048898702
20 H     0.0006517564    -0.0024865148    -0.0046086388
21 H     0.0026024355     0.0030541810    -0.0025911312
22 H    -0.0013568927     0.0024006999     0.0027796839
23 H    -0.0030478682    -0.0021910311     0.0011640768
24 H    -0.0053183170     0.0030375670    -0.0025708986
25 H     0.0034513966    -0.0090897040     0.0001016653
26 H     0.0027707679    -0.0040629299    -0.0090246935
27 H     0.0011397629     0.0003492591     0.0033760174
28 H     0.0062922199     0.0013911263    -0.0002701022
29 H     0.0001247945     0.0031431795    -0.0012210981
----------------------------------------------
[2026-07-09 09:31:45]   [OPT] [DEC_00252] eval=004 E=-478.4321745501 Ha max|grad|=1.977e-02 Ha/Bohr SCF=True time=68.9s

WARN: Mole.unit (Angstrom) is changed to Bohr

converged SCF energy = -478.435390677289
--------------- DFTD3 gradients ---------------
         x                y                z
0 C     0.0006140958    -0.0053331988    -0.0001597445
1 C     0.0001609204    -0.0031841918     0.0003003181
2 C     0.0020841423     0.0072558910     0.0016274056
3 N     0.0005814328     0.0044415181     0.0017445572
4 C     0.0020175686     0.0011305548     0.0012687477
5 C    -0.0028136574     0.0006981881    -0.0001982896
6 C    -0.0041680763     0.0019393023    -0.0005300653
7 C     0.0017276356    -0.0045965768    -0.0030689454
8 O    -0.0003690358     0.0093686288     0.0055322587
9 C    -0.0031080346     0.0040701806     0.0027158966
10 C     0.0047269955     0.0020721060     0.0003974191
11 H    -0.0004849239    -0.0021173188     0.0002507828
12 H     0.0010872934    -0.0019854529     0.0000717299
13 H     0.0007067805    -0.0056731700    -0.0005443541
14 H    -0.0003362012     0.0001498754     0.0005357500
15 H     0.0002990490    -0.0001327348     0.0012539957
16 H    -0.0021222422    -0.0049715997    -0.0051401001
17 H     0.0005899581    -0.0030530508    -0.0032577786
18 H    -0.0056362212    -0.0014142048     0.0035756650
19 H    -0.0014498017    -0.0004705549     0.0008970069
20 H     0.0002959606     0.0006542020    -0.0011408288
21 H     0.0000071731    -0.0003832434    -0.0012595162
22 H    -0.0022469127     0.0001655558    -0.0005765651
23 H    -0.0015741351     0.0015786747    -0.0001140966
24 H    -0.0049839155     0.0020099581    -0.0000193017
25 H     0.0014890791    -0.0015000906    -0.0020795506
26 H     0.0026034146    -0.0027509584    -0.0016910407
27 H     0.0017886877     0.0003128404    -0.0014286375
28 H     0.0064923864     0.0027390641     0.0005269119
29 H     0.0020782144    -0.0009487912     0.0004921165
----------------------------------------------
[2026-07-09 09:33:02]   [OPT] [DEC_00252] eval=005 E=-478.4353906773 Ha max|grad|=9.369e-03 Ha/Bohr SCF=True time=76.5s

WARN: Mole.unit (Angstrom) is changed to Bohr

[2026-07-09 09:33:02]   [OPT] [DEC_00252] done: success=False nit=3 neval=5 max|grad|=9.369e-03 message=STOP: TOTAL NO. OF ITERATIONS REACHED LIMIT
[2026-07-09 09:33:02]   [WARN] [DEC_00252] Optimization did not fully converge; using last geometry
[2026-07-09 09:33:02]   [DFT] [DEC_00252] final single-point start
converged SCF energy = -478.435390677291
[2026-07-09 09:34:02]   [DFT] [DEC_00252] final SCF done: E=-478.4353906773 Ha converged=True time=59.7s
[2026-07-09 09:34:02]   [DFT] [DEC_00252] descriptors: HOMO=-3.2326 eV LUMO=3.8222 eV gap=7.0548 eV opt_status=opt_not_converged: STOP: TOTAL NO. OF ITERATIONS REACHED LIMIT
[2026-07-09 09:34:02] END compound_id=DEC_00252
