[2026-07-09 05:58:08] ========================================================================
[2026-07-09 05:58:08] BEGIN compound_id=DEC_00219 molecule_index=581/732 method=DFT-b3lyp/sto-3g-D3
[2026-07-09 05:58:08] settings functional=b3lyp basis=sto-3g D3=True geom_max_steps=3 scf_max_cycles=50
[2026-07-09 05:58:08]   [xTB] [DEC_00219] start: atoms=27 charge=0 multiplicity=1 opt=tight solvent=gas
[2026-07-09 05:58:20]   [OK] [DEC_00219] GFN2-xTB converged; RMSD(MMFF,xTB)=0.7369 A
[2026-07-09 05:58:20]   [DFT] build PySCF molecule: atoms=27 charge=0 spin=0
[2026-07-09 05:58:20]   [DFT] [DEC_00219] start
[2026-07-09 05:58:20]   [OPT] [DEC_00219] start: atoms=27, basis=sto-3g, D3=True, maxiter=3

WARN: Mole.unit (Angstrom) is changed to Bohr

converged SCF energy = -496.713825616734
--------------- DFTD3 gradients ---------------
         x                y                z
0 C    -0.0022928019    -0.0006677124    -0.0052851145
1 C    -0.0102541940    -0.0022484046     0.0049874878
2 C     0.0064444407    -0.0085727246     0.0176891576
3 O    -0.0173328312     0.0883745229    -0.0160058358
4 C     0.0174904111     0.0064094226    -0.0328525878
5 O    -0.0014586894    -0.0938172240     0.0478295652
6 C     0.0027045403     0.0086863032    -0.0208100716
7 C     0.0026931239    -0.0040579570    -0.0066676741
8 C    -0.0034589864     0.0062128456     0.0043487411
9 C     0.0054848790    -0.0060042614    -0.0040033978
10 C     0.0049130688     0.0045625517     0.0055691026
11 H     0.0096834748     0.0022926212    -0.0127151188
12 H    -0.0160340379    -0.0037726900    -0.0023970379
13 H    -0.0103115324    -0.0022386921     0.0116617560
14 H     0.0005517414     0.0108443920     0.0092198429
15 H     0.0042826711    -0.0089339742     0.0105195062
16 H    -0.0037075145    -0.0029254353    -0.0089109696
17 H    -0.0006988348     0.0087286867    -0.0047576696
18 H     0.0045070583    -0.0004124944    -0.0077945586
19 H     0.0012842893    -0.0092985842     0.0016453192
20 H    -0.0042514876     0.0005009212     0.0075634319
21 H    -0.0017127241     0.0079754516    -0.0013608347
22 H     0.0040562059    -0.0004610733    -0.0077204113
23 H     0.0014431143    -0.0089012569     0.0013849665
24 H     0.0102487882    -0.0016960942     0.0016172678
25 H    -0.0004050705     0.0097373815    -0.0021299703
26 H    -0.0038826719    -0.0003546936     0.0093801138
----------------------------------------------
[2026-07-09 05:59:26]   [OPT] [DEC_00219] eval=001 E=-496.7138256167 Ha max|grad|=9.382e-02 Ha/Bohr SCF=True time=66.4s

WARN: Mole.unit (Angstrom) is changed to Bohr

converged SCF energy = -496.574510072856
--------------- DFTD3 gradients ---------------
         x                y                z
0 C    -0.0105186972    -0.0018761984    -0.0028516210
1 C     0.0154477138    -0.0036404123     0.0008501904
2 C    -0.0235987456     0.0838920166    -0.0421201166
3 O     0.0421525336    -0.1320939401     0.0048401575
4 C    -0.0904371295    -0.0925037363     0.1753390231
5 O     0.0094058323     0.1856649514    -0.1034438629
6 C     0.0166862451    -0.0253341738    -0.0169474602
7 C     0.0101851222     0.0037581970     0.0001660636
8 C     0.0080097336    -0.0136168495    -0.0104982475
9 C    -0.0049434271     0.0141174588     0.0132502859
10 C     0.0010299258    -0.0041547776    -0.0029948562
11 H    -0.0105409244    -0.0030834527     0.0161885840
12 H     0.0184374333     0.0054857926    -0.0025788338
13 H    -0.0061279427    -0.0017727763    -0.0034982395
14 H    -0.0058478003    -0.0244034046     0.0119975558
15 H     0.0203200950    -0.0155284915     0.0033294678
16 H     0.0003808308     0.0030842136    -0.0187595168
17 H     0.0009094154     0.0154741291    -0.0131077381
18 H     0.0069449223    -0.0028460245    -0.0007759094
19 H    -0.0026885883     0.0093997248    -0.0062127470
20 H    -0.0002314605     0.0023245912    -0.0024480104
21 H    -0.0007315437    -0.0001624559     0.0026725595
22 H     0.0003496631    -0.0028750291     0.0007172934
23 H     0.0012235378     0.0015420884    -0.0032260035
24 H    -0.0052359456     0.0057139048     0.0034635159
25 H     0.0026278614    -0.0091278258     0.0050589051
26 H     0.0067876726     0.0025789758    -0.0083916065
----------------------------------------------
[2026-07-09 06:00:57]   [OPT] [DEC_00219] eval=002 E=-496.5745100729 Ha max|grad|=1.857e-01 Ha/Bohr SCF=True time=90.4s

WARN: Mole.unit (Angstrom) is changed to Bohr

converged SCF energy = -496.726459885522
--------------- DFTD3 gradients ---------------
         x                y                z
0 C    -0.0040667755    -0.0009030902    -0.0052655727
1 C    -0.0050152591    -0.0025509384     0.0044464120
2 C     0.0001239521     0.0085901287     0.0071699780
3 O     0.0061628007     0.0236667789    -0.0189068750
4 C    -0.0133219899    -0.0680194818     0.0483231907
5 O    -0.0001863320     0.0410621902    -0.0186519863
6 C     0.0045322003    -0.0007949321    -0.0170524309
7 C     0.0044060650    -0.0023718675    -0.0053199282
8 C    -0.0011258361     0.0021495321     0.0013278605
9 C     0.0033790408    -0.0018218306    -0.0004143079
10 C     0.0040729097     0.0027807045     0.0038153403
11 H     0.0054164381     0.0011523609    -0.0064753971
12 H    -0.0085952487    -0.0017656907    -0.0023367944
13 H    -0.0094537252    -0.0021608006     0.0085533235
14 H    -0.0011609366     0.0034809838     0.0095156036
15 H     0.0076921341    -0.0100022087     0.0082712377
16 H    -0.0028673412    -0.0016106696    -0.0110142442
17 H    -0.0006626530     0.0101017406    -0.0060480669
18 H     0.0049673280    -0.0008590630    -0.0063661420
19 H     0.0004066518    -0.0054124796     0.0000795265
20 H    -0.0034340288     0.0008360607     0.0055318947
21 H    -0.0014956108     0.0063473289    -0.0005709295
22 H     0.0033068753    -0.0009234587    -0.0060359006
23 H     0.0013769611    -0.0067996787     0.0004803557
24 H     0.0070808319    -0.0002136604     0.0019651684
25 H     0.0001752681     0.0058464894    -0.0007019942
26 H    -0.0017380034     0.0002112854     0.0056963539
----------------------------------------------
[2026-07-09 06:01:59]   [OPT] [DEC_00219] eval=003 E=-496.7264598855 Ha max|grad|=6.802e-02 Ha/Bohr SCF=True time=62.2s

WARN: Mole.unit (Angstrom) is changed to Bohr

converged SCF energy = -496.731785961438
--------------- DFTD3 gradients ---------------
         x                y                z
0 C    -0.0029061028    -0.0007347509    -0.0022893626
1 C    -0.0041287792    -0.0021541397     0.0021021975
2 C     0.0009208693     0.0109312104     0.0014299936
3 O     0.0086871874    -0.0028503100    -0.0101376586
4 C    -0.0098711712    -0.0088417904     0.0145174703
5 O    -0.0025351031     0.0098013921     0.0000615029
6 C    -0.0009945355    -0.0066720190    -0.0032805741
7 C     0.0033293176    -0.0017934192    -0.0048331149
8 C    -0.0004116908     0.0010990056     0.0004612389
9 C     0.0028907207    -0.0006398184     0.0005111809
10 C     0.0034868653     0.0020349581     0.0029870928
11 H     0.0031393051     0.0006932565    -0.0033982226
12 H    -0.0055776992    -0.0010741229    -0.0025154284
13 H    -0.0084152795    -0.0020238090     0.0061884398
14 H    -0.0016661809     0.0023075109     0.0102984675
15 H     0.0064650753    -0.0056837759     0.0047566814
16 H    -0.0026365563    -0.0012991353    -0.0116175189
17 H    -0.0011887863     0.0070882630    -0.0042681780
18 H     0.0055767010    -0.0012369475    -0.0054083636
19 H     0.0004630158    -0.0033524084    -0.0009210829
20 H    -0.0025645726     0.0010740483     0.0036876403
21 H    -0.0012955209     0.0045879436     0.0000402057
22 H     0.0024926059    -0.0011690084    -0.0041936216
23 H     0.0013055001    -0.0048639187    -0.0001177815
24 H     0.0053380387     0.0005870885     0.0021490148
25 H     0.0005493134     0.0036373771     0.0001378112
26 H    -0.0004810693     0.0005527901     0.0036788694
----------------------------------------------
[2026-07-09 06:03:08]   [OPT] [DEC_00219] eval=004 E=-496.7317859614 Ha max|grad|=1.452e-02 Ha/Bohr SCF=True time=68.5s

WARN: Mole.unit (Angstrom) is changed to Bohr

converged SCF energy = -496.733354769627
--------------- DFTD3 gradients ---------------
         x                y                z
0 C    -0.0019077748    -0.0006566370    -0.0008042247
1 C    -0.0030345698    -0.0008857133     0.0013067380
2 C     0.0022551442     0.0046209007    -0.0002191030
3 O     0.0040328598    -0.0082229857    -0.0007297285
4 C    -0.0038747433     0.0084959915    -0.0025560269
5 O    -0.0038453158    -0.0017602532     0.0075728428
6 C    -0.0037650849    -0.0034502446    -0.0003272002
7 C     0.0017279043    -0.0018941446    -0.0031700220
8 C    -0.0000578000     0.0007542976     0.0000888484
9 C     0.0025710577    -0.0003139077     0.0005566899
10 C     0.0028635342     0.0013835602     0.0021909148
11 H     0.0010219319     0.0003214799    -0.0006936903
12 H    -0.0031338616    -0.0006609074    -0.0026025319
13 H    -0.0064327123    -0.0016528477     0.0032923633
14 H    -0.0013226369     0.0030467409     0.0098578776
15 H     0.0038106605     0.0004730269     0.0001368631
16 H    -0.0019829054    -0.0005876795    -0.0099259652
17 H    -0.0006821684     0.0004557394    -0.0025329251
18 H     0.0053050726    -0.0014218467    -0.0043960093
19 H     0.0008528942    -0.0017043513    -0.0017056547
20 H    -0.0016058323     0.0011403641     0.0015603951
21 H    -0.0010135650     0.0025951464     0.0005884318
22 H     0.0016143871    -0.0013114983    -0.0020394995
23 H     0.0012161726    -0.0026751315    -0.0006302843
24 H     0.0038472767     0.0012547465     0.0022957534
25 H     0.0009133908     0.0018235854     0.0008494885
26 H     0.0005984552     0.0008320441     0.0020661222
----------------------------------------------
[2026-07-09 06:04:21]   [OPT] [DEC_00219] eval=005 E=-496.7333547696 Ha max|grad|=9.926e-03 Ha/Bohr SCF=True time=73.8s

WARN: Mole.unit (Angstrom) is changed to Bohr

[2026-07-09 06:04:21]   [OPT] [DEC_00219] done: success=False nit=3 neval=5 max|grad|=9.926e-03 message=STOP: TOTAL NO. OF ITERATIONS REACHED LIMIT
[2026-07-09 06:04:21]   [WARN] [DEC_00219] Optimization did not fully converge; using last geometry
[2026-07-09 06:04:21]   [DFT] [DEC_00219] final single-point start
converged SCF energy = -496.733354769627
[2026-07-09 06:05:08]   [DFT] [DEC_00219] final SCF done: E=-496.7333547696 Ha converged=True time=46.4s
[2026-07-09 06:05:08]   [DFT] [DEC_00219] descriptors: HOMO=-4.1198 eV LUMO=2.9529 eV gap=7.0727 eV opt_status=opt_not_converged: STOP: TOTAL NO. OF ITERATIONS REACHED LIMIT
[2026-07-09 06:05:08] END compound_id=DEC_00219
