[2026-07-08 18:27:43] ========================================================================
[2026-07-08 18:27:43] BEGIN compound_id=DEC_00049 molecule_index=417/732 method=DFT-b3lyp/sto-3g-D3
[2026-07-08 18:27:43] settings functional=b3lyp basis=sto-3g D3=True geom_max_steps=3 scf_max_cycles=50
[2026-07-08 18:27:43]   [xTB] [DEC_00049] start: atoms=16 charge=0 multiplicity=1 opt=tight solvent=gas
[2026-07-08 18:27:50]   [OK] [DEC_00049] GFN2-xTB converged; RMSD(MMFF,xTB)=0.3544 A
[2026-07-08 18:27:50]   [DFT] build PySCF molecule: atoms=16 charge=0 spin=0
[2026-07-08 18:27:50]   [DFT] [DEC_00049] start
[2026-07-08 18:27:50]   [OPT] [DEC_00049] start: atoms=16, basis=sto-3g, D3=True, maxiter=3

WARN: Mole.unit (Angstrom) is changed to Bohr

converged SCF energy = -358.307699257899
--------------- DFTD3 gradients ---------------
         x                y                z
0 C    -0.0166372939    -0.0091363344    -0.0125054275
1 C    -0.0265878361    -0.0199248900    -0.0184886799
2 O     0.0467708008    -0.0251742973     0.0831327265
3 N     0.0096613875     0.0386271238    -0.0242276714
4 C    -0.0028497982     0.0148494318    -0.0001462389
5 C     0.0032925366    -0.0060237652    -0.0156031663
6 O     0.0599531585     0.0166579654     0.0483161640
7 H     0.0015816090    -0.0038156939    -0.0103015992
8 H    -0.0025514413    -0.0085875954     0.0045667519
9 H    -0.0100836593     0.0037888718    -0.0023803130
10 H    -0.0144831351     0.0078866035    -0.0299479937
11 H    -0.0026635553     0.0064726096     0.0095772421
12 H    -0.0016757205     0.0100962338    -0.0065030215
13 H     0.0086076660     0.0104800847    -0.0041706304
14 H     0.0007712713    -0.0029540237    -0.0161758772
15 H    -0.0531470819    -0.0332600104    -0.0051526927
----------------------------------------------
[2026-07-08 18:28:09]   [OPT] [DEC_00049] eval=001 E=-358.3076992579 Ha max|grad|=8.313e-02 Ha/Bohr SCF=True time=19.4s

WARN: Mole.unit (Angstrom) is changed to Bohr

converged SCF energy = -358.164525348818
--------------- DFTD3 gradients ---------------
         x                y                z
0 C    -0.0088246947    -0.0240707373     0.0038351083
1 C     0.1655732376     0.0877295583     0.1428827104
2 O    -0.0709892374     0.0374237409    -0.1504280806
3 N    -0.0938071559    -0.1558787230     0.0210210191
4 C     0.0368969944     0.0192127741     0.0151836780
5 C     0.0598284191     0.0365473398     0.0818942301
6 O    -0.1188344734    -0.0522881023    -0.0676891653
7 H    -0.0082938712    -0.0060708180    -0.0077336490
8 H    -0.0081846075    -0.0003505718    -0.0107270482
9 H    -0.0140014066    -0.0027632771    -0.0071742041
10 H     0.0080818939     0.0181215051    -0.0024242262
11 H     0.0005375427     0.0028398868    -0.0053081987
12 H     0.0051883608     0.0193821094     0.0014051700
13 H    -0.0149308720    -0.0157222970    -0.0175808723
14 H    -0.0003989819    -0.0083988994    -0.0067589333
15 H     0.0621841257     0.0443145304     0.0096025375
----------------------------------------------
[2026-07-08 18:28:33]   [OPT] [DEC_00049] eval=002 E=-358.1645253488 Ha max|grad|=1.656e-01 Ha/Bohr SCF=True time=23.3s

WARN: Mole.unit (Angstrom) is changed to Bohr

converged SCF energy = -358.321739027969
--------------- DFTD3 gradients ---------------
         x                y                z
0 C    -0.0126924685    -0.0113108807    -0.0061534546
1 C     0.0402982435    -0.0071573346     0.0634577659
2 O    -0.0054988047     0.0071872361    -0.0247810774
3 N    -0.0128463697    -0.0122086442    -0.0056589816
4 C     0.0049935198     0.0145060408     0.0031554118
5 C     0.0163083122     0.0023561646     0.0074297038
6 O    -0.0051525686    -0.0177516992     0.0261034275
7 H    -0.0001783683    -0.0041599216    -0.0097059674
8 H    -0.0037185575    -0.0069411639     0.0014448772
9 H    -0.0108266103     0.0025827265    -0.0032691715
10 H    -0.0102648376     0.0098830648    -0.0249867930
11 H    -0.0018813630     0.0057399787     0.0066578602
12 H    -0.0001909890     0.0117812672    -0.0048748935
13 H     0.0033074358     0.0046129244    -0.0069638902
14 H     0.0004380562    -0.0044680112    -0.0131694793
15 H    -0.0021351831     0.0053181577    -0.0086604316
----------------------------------------------
[2026-07-08 18:28:52]   [OPT] [DEC_00049] eval=003 E=-358.3217390280 Ha max|grad|=6.346e-02 Ha/Bohr SCF=True time=19.3s

WARN: Mole.unit (Angstrom) is changed to Bohr

converged SCF energy = -358.327201793118
--------------- DFTD3 gradients ---------------
         x                y                z
0 C    -0.0017900642    -0.0051230430     0.0027481602
1 C     0.0139879536     0.0030649694     0.0155150387
2 O     0.0068337700     0.0004975118     0.0000419589
3 N    -0.0091013502    -0.0124990727     0.0009408811
4 C     0.0030534792     0.0073763275     0.0003955057
5 C     0.0135659840    -0.0006630862     0.0113262237
6 O    -0.0126438580    -0.0160054132     0.0122798594
7 H    -0.0005727678    -0.0032936968    -0.0069450802
8 H    -0.0052220759    -0.0075470507    -0.0000267951
9 H    -0.0083213599     0.0015349980    -0.0025255370
10 H    -0.0067425324     0.0056378724    -0.0150212413
11 H    -0.0014323508     0.0056575452     0.0048519209
12 H     0.0004445986     0.0114655761    -0.0035959059
13 H     0.0043135012     0.0037320525    -0.0059993501
14 H     0.0003130678    -0.0016005927    -0.0075444990
15 H     0.0032746667     0.0077287724    -0.0064085700
----------------------------------------------
[2026-07-08 18:29:11]   [OPT] [DEC_00049] eval=004 E=-358.3272017931 Ha max|grad|=1.601e-02 Ha/Bohr SCF=True time=19.3s

WARN: Mole.unit (Angstrom) is changed to Bohr

converged SCF energy = -358.330240855769
--------------- DFTD3 gradients ---------------
         x                y                z
0 C     0.0027878805     0.0004670808     0.0041116036
1 C    -0.0024722593    -0.0012067056    -0.0042374471
2 O     0.0099399819     0.0003355274     0.0050709227
3 N    -0.0024041891     0.0021208795    -0.0031453323
4 C     0.0008157240    -0.0001855351    -0.0005889022
5 C     0.0052206480    -0.0046041701     0.0083754467
6 O    -0.0071057950    -0.0052955713    -0.0013679484
7 H    -0.0022559993    -0.0017031669    -0.0003607705
8 H    -0.0055247411    -0.0067018432    -0.0012209578
9 H    -0.0020868442    -0.0021656924    -0.0010882915
10 H    -0.0006264461    -0.0004446231     0.0006692787
11 H    -0.0005084625     0.0046455233     0.0005958627
12 H     0.0008258202     0.0078864350    -0.0010047403
13 H     0.0055743660     0.0018860153    -0.0030392656
14 H     0.0004824886     0.0029110559     0.0009190021
15 H    -0.0027003984     0.0020271427    -0.0036637101
----------------------------------------------
[2026-07-08 18:29:31]   [OPT] [DEC_00049] eval=005 E=-358.3302408558 Ha max|grad|=9.940e-03 Ha/Bohr SCF=True time=19.3s

WARN: Mole.unit (Angstrom) is changed to Bohr

[2026-07-08 18:29:31]   [OPT] [DEC_00049] done: success=False nit=3 neval=5 max|grad|=9.940e-03 message=STOP: TOTAL NO. OF ITERATIONS REACHED LIMIT
[2026-07-08 18:29:31]   [WARN] [DEC_00049] Optimization did not fully converge; using last geometry
[2026-07-08 18:29:31]   [DFT] [DEC_00049] final single-point start
converged SCF energy = -358.330240855769
[2026-07-08 18:29:45]   [DFT] [DEC_00049] final SCF done: E=-358.3302408558 Ha converged=True time=14.7s
[2026-07-08 18:29:45]   [DFT] [DEC_00049] descriptors: HOMO=-2.9549 eV LUMO=2.9127 eV gap=5.8676 eV opt_status=opt_not_converged: STOP: TOTAL NO. OF ITERATIONS REACHED LIMIT
[2026-07-08 18:29:45] END compound_id=DEC_00049
