[2026-07-09 22:57:00] ========================================================================
[2026-07-09 22:57:00] BEGIN compound_id=DEC_00372 molecule_index=729/732 method=DFT-b3lyp/sto-3g-D3
[2026-07-09 22:57:00] settings functional=b3lyp basis=sto-3g D3=True geom_max_steps=3 scf_max_cycles=50
[2026-07-09 22:57:00]   [xTB] [DEC_00372] start: atoms=36 charge=0 multiplicity=1 opt=tight solvent=gas
[2026-07-09 22:57:02]   [OK] [DEC_00372] GFN2-xTB converged; RMSD(MMFF,xTB)=0.0271 A
[2026-07-09 22:57:02]   [DFT] build PySCF molecule: atoms=36 charge=0 spin=0
[2026-07-09 22:57:02]   [DFT] [DEC_00372] start
[2026-07-09 22:57:02]   [OPT] [DEC_00372] start: atoms=36, basis=sto-3g, D3=True, maxiter=3

WARN: Mole.unit (Angstrom) is changed to Bohr

converged SCF energy = -502.695629979253
--------------- DFTD3 gradients ---------------
         x                y                z
0 C     0.0065933469     0.0000848284    -0.0057234211
1 C     0.0034681879    -0.0034107145     0.0081324551
2 C    -0.0022630774     0.0031563325    -0.0083159908
3 C     0.0019850012    -0.0031491198     0.0085998155
4 C    -0.0019508940     0.0031029839    -0.0085025809
5 C     0.0019964402    -0.0031377682     0.0084537200
6 C    -0.0020641271     0.0030442641    -0.0081585096
7 C     0.0018076701    -0.0024622332     0.0096121066
8 C    -0.0026733105     0.0068935921     0.0052557737
9 C     0.0098801549    -0.0063179264    -0.0012051712
10 C     0.0058688975     0.0157500448    -0.0036252454
11 O    -0.0764777782    -0.0337595096     0.0290720353
12 H     0.0097142559    -0.0031758077     0.0021679297
13 H     0.0014382277     0.0092300152    -0.0036997827
14 H    -0.0023075365    -0.0053104060    -0.0082091892
15 H    -0.0003450679    -0.0078912144     0.0039240226
16 H     0.0026630057     0.0037533067     0.0075277965
17 H    -0.0027773703    -0.0035912761    -0.0072749220
18 H     0.0001398625     0.0076985401    -0.0037892569
19 H    -0.0001814934    -0.0077311454     0.0037443471
20 H     0.0027647959     0.0036909951     0.0072638753
21 H    -0.0027875530    -0.0036105034    -0.0072356354
22 H     0.0001517528     0.0077126543    -0.0037710629
23 H     0.0026567144     0.0037055343     0.0073208057
24 H    -0.0001456286    -0.0078254257     0.0037607570
25 H     0.0000780604     0.0076677693    -0.0038143093
26 H    -0.0032301208    -0.0033697351    -0.0077481658
27 H     0.0032597216     0.0030217651     0.0075761978
28 H    -0.0004823785    -0.0082113701     0.0033770984
29 H    -0.0050337576     0.0011843204     0.0072033214
30 H     0.0002162462     0.0085408923    -0.0016404582
31 H     0.0002995260    -0.0086646121     0.0013507790
32 H     0.0045798741    -0.0008909116    -0.0067453865
33 H     0.0040084050     0.0150225443     0.0029500350
34 H    -0.0057755278     0.0009900932     0.0124819007
35 H     0.0449304945     0.0082826071    -0.0503488633
----------------------------------------------
[2026-07-09 22:57:54]   [OPT] [DEC_00372] eval=001 E=-502.6956299793 Ha max|grad|=7.648e-02 Ha/Bohr SCF=True time=51.8s

WARN: Mole.unit (Angstrom) is changed to Bohr

converged SCF energy = -502.570263599135
--------------- DFTD3 gradients ---------------
         x                y                z
0 C    -0.0014859352    -0.0022649022     0.0084155524
1 C    -0.0009870217     0.0094432062    -0.0296607800
2 C     0.0131338477    -0.0122836541     0.0288119542
3 C    -0.0068362109     0.0114402172    -0.0314980138
4 C     0.0072176182    -0.0114425967     0.0317089805
5 C    -0.0080050538     0.0113210635    -0.0307174129
6 C     0.0031104658    -0.0100103797     0.0300856754
7 C    -0.0063251415     0.0093745377    -0.0196700321
8 C     0.0121817543    -0.0120583699     0.0038763569
9 C    -0.0313104586     0.0156640094    -0.0126420279
10 C    -0.0901399882    -0.0860776804     0.0521712802
11 O     0.1557471612     0.0683978002    -0.0843367101
12 H    -0.0058810718     0.0045370885    -0.0097305380
13 H     0.0014187019    -0.0152152751     0.0027732068
14 H     0.0076260624     0.0088749853     0.0102601200
15 H     0.0011990602     0.0039572478     0.0021753209
16 H    -0.0009897851    -0.0045258616    -0.0004551012
17 H     0.0007233262     0.0041399578     0.0009000166
18 H    -0.0013135417    -0.0037744166    -0.0015485235
19 H     0.0010681929     0.0036974394     0.0017033762
20 H    -0.0009287812    -0.0040205220    -0.0006680901
21 H     0.0009027606     0.0040069210     0.0007677441
22 H    -0.0010933507    -0.0038668122    -0.0015735223
23 H    -0.0009579154    -0.0042213682    -0.0010036782
24 H     0.0011894886     0.0039849222     0.0015270245
25 H    -0.0010478996    -0.0043486257    -0.0016087872
26 H     0.0009160758     0.0047154195     0.0021599560
27 H     0.0040323468    -0.0033003823     0.0034651317
28 H     0.0013836790     0.0073217898     0.0021407822
29 H    -0.0023566142     0.0042814943    -0.0034376103
30 H    -0.0016431073    -0.0043105033     0.0048353290
31 H     0.0024098418     0.0045719141    -0.0024611156
32 H     0.0066462745    -0.0047238059     0.0032773667
33 H    -0.0027515057     0.0107069315    -0.0135433356
34 H     0.0359089377     0.0220376593    -0.0236414977
35 H    -0.0927623771    -0.0260320390     0.0770885332
----------------------------------------------
[2026-07-09 22:58:50]   [OPT] [DEC_00372] eval=002 E=-502.5702635991 Ha max|grad|=1.557e-01 Ha/Bohr SCF=True time=56.2s

WARN: Mole.unit (Angstrom) is changed to Bohr

converged SCF energy = -502.704865853781
--------------- DFTD3 gradients ---------------
         x                y                z
0 C     0.0049972844    -0.0003455702    -0.0030384785
1 C     0.0026131876    -0.0009076781     0.0007633290
2 C     0.0007292220     0.0001907903    -0.0012135853
3 C     0.0002750680    -0.0003597413     0.0009534888
4 C    -0.0001959588     0.0003244367    -0.0008267843
5 C     0.0000923741    -0.0003785515     0.0009652119
6 C    -0.0010949837     0.0005422841    -0.0008569101
7 C     0.0003521820    -0.0002019540     0.0039633515
8 C     0.0001756290     0.0033998505     0.0050198168
9 C     0.0012530166    -0.0023684372    -0.0042762964
10 C    -0.0151007917    -0.0042054439     0.0088962889
11 O     0.0051782743    -0.0115040318    -0.0438114920
12 H     0.0067136713    -0.0017156327    -0.0000451189
13 H     0.0013556010     0.0045572495    -0.0023980193
14 H    -0.0004873173    -0.0025981478    -0.0046137380
15 H    -0.0000842392    -0.0057085798     0.0035712132
16 H     0.0019734933     0.0022550376     0.0060349276
17 H    -0.0021275409    -0.0021918129    -0.0057365355
18 H    -0.0001169441     0.0055835043    -0.0033370346
19 H     0.0000362859    -0.0056304619     0.0033325090
20 H     0.0020802830     0.0022982060     0.0057769308
21 H    -0.0021024587    -0.0022333896    -0.0057318409
22 H    -0.0000654501     0.0055798979    -0.0033277357
23 H     0.0019870064     0.0022714890     0.0057577124
24 H     0.0000906726    -0.0056512228     0.0033109863
25 H    -0.0001147953     0.0054456387    -0.0033684451
26 H    -0.0024632557    -0.0018980577    -0.0058762582
27 H     0.0034269626     0.0018644781     0.0068117888
28 H    -0.0001452323    -0.0053367715     0.0030876192
29 H    -0.0045558438     0.0017461606     0.0052292629
30 H    -0.0001123577     0.0061400982    -0.0004683228
31 H     0.0006667716    -0.0062293508     0.0006828453
32 H     0.0050962872    -0.0016351813    -0.0048951697
33 H     0.0025634668     0.0130460798    -0.0011367910
34 H     0.0036018152     0.0053642578     0.0044947939
35 H    -0.0164987041     0.0004876960     0.0263000540
----------------------------------------------
[2026-07-09 22:59:40]   [OPT] [DEC_00372] eval=003 E=-502.7048658538 Ha max|grad|=4.381e-02 Ha/Bohr SCF=True time=49.9s

WARN: Mole.unit (Angstrom) is changed to Bohr

converged SCF energy = -502.707899005211
--------------- DFTD3 gradients ---------------
         x                y                z
0 C     0.0041169039    -0.0002772117    -0.0025219565
1 C     0.0028819497    -0.0009688537     0.0007384477
2 C     0.0009348287     0.0002872276    -0.0016953414
3 C     0.0006424593    -0.0005850187     0.0013858711
4 C    -0.0003329136     0.0005296371    -0.0014221477
5 C     0.0000581860    -0.0005197449     0.0014516533
6 C    -0.0012395687     0.0006790209    -0.0009830399
7 C     0.0004485060    -0.0001487591     0.0039718643
8 C    -0.0006683203     0.0023874583     0.0030635924
9 C    -0.0024355548    -0.0016190662    -0.0019620013
10 C    -0.0123122104    -0.0046256609    -0.0057219156
11 O     0.0032117786    -0.0033232818    -0.0187147738
12 H     0.0053550073    -0.0010863292    -0.0009453204
13 H     0.0014093123     0.0023117596    -0.0018066116
14 H     0.0004732369    -0.0013214562    -0.0029316816
15 H     0.0002304477    -0.0033600433     0.0027576525
16 H     0.0013221416     0.0008574405     0.0040589762
17 H    -0.0012672334    -0.0008327645    -0.0037855228
18 H    -0.0002265418     0.0031836141    -0.0025459079
19 H     0.0002021183    -0.0032211649     0.0025350399
20 H     0.0012672536     0.0009055979     0.0038064510
21 H    -0.0012816881    -0.0008446907    -0.0037428592
22 H    -0.0002274347     0.0031646288    -0.0025129408
23 H     0.0011674369     0.0008749240     0.0037717645
24 H     0.0002398361    -0.0032368331     0.0025067274
25 H    -0.0003143617     0.0031288998    -0.0025871882
26 H    -0.0017431175    -0.0005602205    -0.0037680893
27 H     0.0029689951     0.0007510156     0.0053466818
28 H     0.0000569226    -0.0030842975     0.0026717847
29 H    -0.0038444859     0.0018861631     0.0039747199
30 H    -0.0002727029     0.0042907516     0.0004155528
31 H     0.0012235570    -0.0041105788    -0.0000280740
32 H     0.0040636211    -0.0014919347    -0.0038111851
33 H     0.0006916991     0.0051840810     0.0003616230
34 H     0.0005507739     0.0039408021     0.0060548074
35 H    -0.0073575190     0.0008615576     0.0126015524
----------------------------------------------
[2026-07-09 23:00:28]   [OPT] [DEC_00372] eval=004 E=-502.7078990052 Ha max|grad|=1.871e-02 Ha/Bohr SCF=True time=47.6s

WARN: Mole.unit (Angstrom) is changed to Bohr

converged SCF energy = -502.709847047999
--------------- DFTD3 gradients ---------------
         x                y                z
0 C     0.0026477692    -0.0005437574    -0.0004412738
1 C     0.0022694299    -0.0004593615    -0.0003942791
2 C     0.0014815216    -0.0002474164    -0.0004194337
3 C     0.0007402643    -0.0001378247    -0.0001578952
4 C     0.0000788546     0.0000064206    -0.0001013619
5 C    -0.0003332886     0.0000182541     0.0000854243
6 C    -0.0007499795     0.0002183134     0.0006084576
7 C    -0.0004071784     0.0004071430     0.0018351994
8 C    -0.0035302317     0.0005277129     0.0009148670
9 C    -0.0031539039     0.0001158293    -0.0033035958
10 C    -0.0050551292    -0.0007028541    -0.0012925504
11 O    -0.0048877707     0.0013379600     0.0041529082
12 H     0.0030926991    -0.0000233550    -0.0024922813
13 H     0.0015801163    -0.0007609307    -0.0010028686
14 H     0.0018749362     0.0003862215    -0.0006472453
15 H     0.0008516898     0.0001202147     0.0013389596
16 H     0.0005228326    -0.0011684997     0.0009320385
17 H     0.0000723345     0.0009850785    -0.0009661293
18 H    -0.0002347344    -0.0002206646    -0.0013387337
19 H     0.0004360776     0.0001154859     0.0013139182
20 H     0.0001600095    -0.0009602854     0.0009811316
21 H    -0.0001430827     0.0009749714    -0.0009539073
22 H    -0.0004163987    -0.0001361602    -0.0012939750
23 H     0.0000044280    -0.0010016183     0.0009123490
24 H     0.0003902185     0.0001356606     0.0012743720
25 H    -0.0006296276    -0.0001811233    -0.0012754829
26 H    -0.0007920901     0.0012619029    -0.0005059068
27 H     0.0020713939    -0.0008333855     0.0029964552
28 H     0.0003750220     0.0002337679     0.0021075268
29 H    -0.0021362200     0.0021888524     0.0012860103
30 H    -0.0005813619     0.0011098010     0.0017164364
31 H     0.0013133870    -0.0009993010    -0.0008608433
32 H     0.0007138564    -0.0016424891     0.0010811225
33 H    -0.0020814186    -0.0035085985     0.0001762283
34 H     0.0006720147     0.0023853072    -0.0012455082
35 H     0.0037756620     0.0010135427    -0.0050297783
----------------------------------------------
[2026-07-09 23:01:17]   [OPT] [DEC_00372] eval=005 E=-502.7098470480 Ha max|grad|=5.055e-03 Ha/Bohr SCF=True time=49.5s

WARN: Mole.unit (Angstrom) is changed to Bohr

[2026-07-09 23:01:17]   [OPT] [DEC_00372] done: success=False nit=3 neval=5 max|grad|=5.055e-03 message=STOP: TOTAL NO. OF ITERATIONS REACHED LIMIT
[2026-07-09 23:01:17]   [WARN] [DEC_00372] Optimization did not fully converge; using last geometry
[2026-07-09 23:01:17]   [DFT] [DEC_00372] final single-point start
converged SCF energy = -502.709847048
[2026-07-09 23:01:54]   [DFT] [DEC_00372] final SCF done: E=-502.7098470480 Ha converged=True time=37.1s
[2026-07-09 23:01:54]   [DFT] [DEC_00372] descriptors: HOMO=-3.7131 eV LUMO=8.0075 eV gap=11.7207 eV opt_status=opt_not_converged: STOP: TOTAL NO. OF ITERATIONS REACHED LIMIT
[2026-07-09 23:01:54] END compound_id=DEC_00372
