[2026-07-08 18:22:26] ========================================================================
[2026-07-08 18:22:26] BEGIN compound_id=DEC_00046 molecule_index=414/732 method=DFT-b3lyp/sto-3g-D3
[2026-07-08 18:22:26] settings functional=b3lyp basis=sto-3g D3=True geom_max_steps=3 scf_max_cycles=50
[2026-07-08 18:22:26]   [xTB] [DEC_00046] start: atoms=17 charge=0 multiplicity=1 opt=tight solvent=gas
[2026-07-08 18:22:27]   [OK] [DEC_00046] GFN2-xTB converged; RMSD(MMFF,xTB)=0.0530 A
[2026-07-08 18:22:27]   [DFT] build PySCF molecule: atoms=17 charge=0 spin=0
[2026-07-08 18:22:27]   [DFT] [DEC_00046] start
[2026-07-08 18:22:27]   [OPT] [DEC_00046] start: atoms=17, basis=sto-3g, D3=True, maxiter=3

WARN: Mole.unit (Angstrom) is changed to Bohr

converged SCF energy = -379.025004913893
--------------- DFTD3 gradients ---------------
         x                y                z
0 O    -0.0641713911    -0.0026863886    -0.0598070292
1 C     0.0125817162     0.0123894066     0.0038575120
2 C    -0.0203302589     0.0084130699     0.0278801990
3 O     0.0480322727    -0.0061078074    -0.0520501268
4 C    -0.0267779782    -0.0023703180     0.0232100462
5 C    -0.0063633994    -0.0131858116    -0.0105723204
6 O     0.0651125194     0.0025202140     0.0587353236
7 H     0.0538290935    -0.0302535465     0.0248127785
8 H     0.0089574631     0.0143530188     0.0021640477
9 H    -0.0109087147     0.0094356006    -0.0008356756
10 H    -0.0062359244     0.0106311704     0.0087721121
11 H    -0.0137744490    -0.0038878784     0.0026250761
12 H    -0.0093661727    -0.0086302020     0.0081698403
13 H    -0.0009251194     0.0057753561     0.0133237297
14 H    -0.0046101519    -0.0149119931    -0.0068789141
15 H     0.0006896853    -0.0081228697     0.0119284212
16 H    -0.0257733110     0.0266487682    -0.0552662379
----------------------------------------------
[2026-07-08 18:22:46]   [OPT] [DEC_00046] eval=001 E=-379.0250049139 Ha max|grad|=6.511e-02 Ha/Bohr SCF=True time=18.7s

WARN: Mole.unit (Angstrom) is changed to Bohr

converged SCF energy = -378.890270606914
--------------- DFTD3 gradients ---------------
         x                y                z
0 O     0.1320049337    -0.0277560120     0.0942036413
1 C    -0.0999812144    -0.0121903704    -0.0318037007
2 C     0.0733208550    -0.0313057429    -0.0969547887
3 O    -0.0824439778     0.0105294232     0.0893504598
4 C     0.0931408817     0.0100235458    -0.0835395727
5 C     0.0416516319     0.0196105030     0.0949495989
6 O    -0.1014878841     0.0239252649    -0.1271564888
7 H    -0.0946398151     0.0440865947    -0.0483877062
8 H     0.0107710489     0.0019776509    -0.0022789021
9 H     0.0263471057     0.0047872724     0.0070617673
10 H    -0.0002426832     0.0195186578     0.0265584135
11 H    -0.0041066720    -0.0035885122     0.0088476409
12 H    -0.0285532729    -0.0158373370     0.0046499936
13 H    -0.0079772847     0.0051079306     0.0042493732
14 H     0.0010706060    -0.0034897234    -0.0105488218
15 H    -0.0098718204    -0.0069112283    -0.0249069991
16 H     0.0510563822    -0.0385218077     0.0956619069
----------------------------------------------
[2026-07-08 18:23:04]   [OPT] [DEC_00046] eval=002 E=-378.8902706069 Ha max|grad|=1.320e-01 Ha/Bohr SCF=True time=18.4s

WARN: Mole.unit (Angstrom) is changed to Bohr

converged SCF energy = -379.045017652224
--------------- DFTD3 gradients ---------------
         x                y                z
0 O     0.0158376843    -0.0321967455    -0.0103922205
1 C    -0.0160249966     0.0060245221    -0.0056053396
2 C     0.0067128758    -0.0030735951    -0.0037966624
3 O     0.0119534991    -0.0015055673    -0.0129448329
4 C     0.0035187289     0.0017732859    -0.0072943894
5 C     0.0062432249    -0.0047950821     0.0162070788
6 O     0.0126420582     0.0285557835    -0.0205738094
7 H    -0.0145083756     0.0134250351    -0.0027606832
8 H     0.0093461145     0.0103550091     0.0010302213
9 H    -0.0009243893     0.0078648405     0.0012983772
10 H    -0.0044202721     0.0117556007     0.0128860359
11 H    -0.0110162869    -0.0040730638     0.0044306467
12 H    -0.0137333190    -0.0094284899     0.0068108403
13 H    -0.0029352438     0.0058566105     0.0107053712
14 H    -0.0030559574    -0.0111628771    -0.0078492141
15 H    -0.0021196557    -0.0074758875     0.0020175683
16 H     0.0024354195    -0.0118871178     0.0158557648
----------------------------------------------
[2026-07-08 18:23:23]   [OPT] [DEC_00046] eval=003 E=-379.0450176522 Ha max|grad|=3.220e-02 Ha/Bohr SCF=True time=18.7s

WARN: Mole.unit (Angstrom) is changed to Bohr

converged SCF energy = -379.049242561955
--------------- DFTD3 gradients ---------------
         x                y                z
0 O     0.0065459612    -0.0114154301    -0.0026156882
1 C    -0.0042507082    -0.0029123440    -0.0111154085
2 C     0.0033272136    -0.0001716476    -0.0036741005
3 O     0.0044377556    -0.0005531819    -0.0047959984
4 C     0.0033614571    -0.0006837868    -0.0035738393
5 C     0.0117059040     0.0019584867     0.0030122511
6 O     0.0033400387     0.0101293851    -0.0081266622
7 H    -0.0051577641     0.0062527208     0.0002226351
8 H     0.0018723078     0.0046332967     0.0011020767
9 H    -0.0042560158     0.0083743517    -0.0003629624
10 H    -0.0024967990     0.0045424506     0.0075869246
11 H    -0.0051026131    -0.0011327072     0.0036322651
12 H    -0.0078176051    -0.0032181735     0.0036006577
13 H    -0.0030125693     0.0021723073     0.0051787612
14 H    -0.0017976629    -0.0046489114    -0.0011805343
15 H    -0.0002399768    -0.0077990607     0.0052560966
16 H    -0.0005120266    -0.0055228504     0.0058920818
----------------------------------------------
[2026-07-08 18:23:42]   [OPT] [DEC_00046] eval=004 E=-379.0492425620 Ha max|grad|=1.171e-02 Ha/Bohr SCF=True time=18.6s

WARN: Mole.unit (Angstrom) is changed to Bohr

converged SCF energy = -379.05095511505
--------------- DFTD3 gradients ---------------
         x                y                z
0 O    -0.0009795682    -0.0002229957    -0.0016780958
1 C    -0.0032556423     0.0014044872    -0.0055730559
2 C    -0.0011750076     0.0011321794    -0.0026082716
3 O    -0.0015688543     0.0002089148     0.0017145250
4 C     0.0025522981    -0.0013031323     0.0011208196
5 C     0.0056322779    -0.0017230767     0.0029972612
6 O     0.0017702390     0.0001222434     0.0007935764
7 H     0.0025514670     0.0000510292     0.0024169053
8 H    -0.0026743137     0.0000522522    -0.0004459105
9 H    -0.0000015735     0.0036469168    -0.0016694780
10 H    -0.0004519549    -0.0020322188     0.0008456831
11 H     0.0012709533     0.0022404336     0.0020695830
12 H    -0.0005606430     0.0021635519     0.0002461035
13 H    -0.0024249047    -0.0020946921    -0.0008085637
14 H     0.0006692902     0.0001999490     0.0026223544
15 H     0.0012260128    -0.0037997077     0.0003375151
16 H    -0.0026301427    -0.0000466477    -0.0023376559
----------------------------------------------
[2026-07-08 18:24:01]   [OPT] [DEC_00046] eval=005 E=-379.0509551150 Ha max|grad|=5.632e-03 Ha/Bohr SCF=True time=18.8s

WARN: Mole.unit (Angstrom) is changed to Bohr

[2026-07-08 18:24:01]   [OPT] [DEC_00046] done: success=False nit=3 neval=5 max|grad|=5.632e-03 message=STOP: TOTAL NO. OF ITERATIONS REACHED LIMIT
[2026-07-08 18:24:01]   [WARN] [DEC_00046] Optimization did not fully converge; using last geometry
[2026-07-08 18:24:01]   [DFT] [DEC_00046] final single-point start
converged SCF energy = -379.050955115049
[2026-07-08 18:24:16]   [DFT] [DEC_00046] final SCF done: E=-379.0509551150 Ha converged=True time=15.0s
[2026-07-08 18:24:16]   [DFT] [DEC_00046] descriptors: HOMO=-3.8291 eV LUMO=6.6825 eV gap=10.5117 eV opt_status=opt_not_converged: STOP: TOTAL NO. OF ITERATIONS REACHED LIMIT
[2026-07-08 18:24:16] END compound_id=DEC_00046
