[2026-07-08 19:50:00] ========================================================================
[2026-07-08 19:50:00] BEGIN compound_id=DEC_00082 molecule_index=449/732 method=DFT-b3lyp/sto-3g-D3
[2026-07-08 19:50:00] settings functional=b3lyp basis=sto-3g D3=True geom_max_steps=3 scf_max_cycles=50
[2026-07-08 19:50:00]   [xTB] [DEC_00082] start: atoms=22 charge=0 multiplicity=1 opt=tight solvent=gas
[2026-07-08 19:50:03]   [OK] [DEC_00082] GFN2-xTB converged; RMSD(MMFF,xTB)=0.0711 A
[2026-07-08 19:50:03]   [DFT] build PySCF molecule: atoms=22 charge=0 spin=0
[2026-07-08 19:50:03]   [DFT] [DEC_00082] start
[2026-07-08 19:50:03]   [OPT] [DEC_00082] start: atoms=22, basis=sto-3g, D3=True, maxiter=3

WARN: Mole.unit (Angstrom) is changed to Bohr

converged SCF energy = -382.578396252148
--------------- DFTD3 gradients ---------------
         x                y                z
0 C     0.0110900073    -0.0100283919    -0.0010674231
1 C     0.0119474379    -0.0031767378     0.0217136183
2 O    -0.0711377399     0.0220607318    -0.0506970564
3 C    -0.0023248964    -0.0057787137    -0.0059956790
4 C     0.0015137335     0.0047403395     0.0056098266
5 C     0.0067978265    -0.0072258155    -0.0059305114
6 C     0.0054365524     0.0151433502    -0.0047760074
7 O    -0.0589988354    -0.0307571567     0.0583009359
8 H     0.0009664718    -0.0110296075     0.0026606731
9 H     0.0019492757    -0.0007411705    -0.0097883615
10 H     0.0080759070     0.0032646410     0.0039035083
11 H    -0.0013845366    -0.0071296235     0.0127483432
12 H     0.0595336627     0.0143864870     0.0304449367
13 H    -0.0001655627    -0.0091181821     0.0006913621
14 H     0.0004283721    -0.0013298946    -0.0096094085
15 H    -0.0007098504     0.0002387086     0.0087602904
16 H     0.0007278719     0.0099825182    -0.0005367046
17 H    -0.0002756515    -0.0086449319     0.0005311216
18 H     0.0007808460    -0.0000318935    -0.0079355387
19 H     0.0068258448     0.0143347926     0.0018157157
20 H     0.0004958033    -0.0000199145     0.0137713503
21 H     0.0183971725     0.0108698213    -0.0645865982
----------------------------------------------
[2026-07-08 19:50:33]   [OPT] [DEC_00082] eval=001 E=-382.5783962521 Ha max|grad|=7.114e-02 Ha/Bohr SCF=True time=29.3s

WARN: Mole.unit (Angstrom) is changed to Bohr

converged SCF energy = -382.43431329802
--------------- DFTD3 gradients ---------------
         x                y                z
0 C     0.0022443191     0.0252878417     0.0023811865
1 C    -0.0584918321     0.0161249847    -0.0923436074
2 O     0.1516794477    -0.0093188236     0.0979465156
3 C     0.0238889270    -0.0091326615     0.0297425842
4 C     0.0015537624    -0.0026924816    -0.0079255547
5 C    -0.0255892723     0.0146861983     0.0011879381
6 C    -0.0550400071    -0.0611015907     0.0645522971
7 O     0.0858419200     0.0520156991    -0.1385972623
8 H     0.0042018012    -0.0039641524    -0.0003250252
9 H     0.0002758709    -0.0023901939     0.0104857829
10 H     0.0043975573    -0.0092076719    -0.0047219674
11 H     0.0016458592     0.0073185856     0.0234095449
12 H    -0.1077576982    -0.0105002561    -0.0589282509
13 H    -0.0060240377     0.0000126162    -0.0061351446
14 H     0.0020949793    -0.0015950859     0.0030962174
15 H     0.0004379652     0.0020025289    -0.0015979182
16 H    -0.0003724460    -0.0057104162     0.0037811276
17 H     0.0009149277     0.0004204757    -0.0019358273
18 H     0.0051689798    -0.0044019726    -0.0023714293
19 H    -0.0048681057     0.0106038051    -0.0079856105
20 H     0.0198694784     0.0168435003    -0.0249613347
21 H    -0.0461129585    -0.0253454218     0.1112734317
----------------------------------------------
[2026-07-08 19:51:05]   [OPT] [DEC_00082] eval=002 E=-382.4343132980 Ha max|grad|=1.517e-01 Ha/Bohr SCF=True time=32.1s

WARN: Mole.unit (Angstrom) is changed to Bohr

converged SCF energy = -382.59315704164
--------------- DFTD3 gradients ---------------
         x                y                z
0 C     0.0091697751    -0.0018169897    -0.0003858873
1 C    -0.0048146892    -0.0003628409    -0.0025475018
2 O     0.0186449033     0.0340392365    -0.0018875157
3 C     0.0041495073    -0.0064556695     0.0021560865
4 C     0.0016130196     0.0033899668     0.0028119310
5 C    -0.0006542378    -0.0025902858    -0.0046887323
6 C    -0.0075933259    -0.0009248164     0.0115475474
7 O    -0.0232269223    -0.0099418092    -0.0300420907
8 H     0.0015731115    -0.0094939640     0.0020947039
9 H     0.0015471037    -0.0010397108    -0.0055465804
10 H     0.0073365713     0.0006692927     0.0020966009
11 H    -0.0001469955    -0.0034410542     0.0143527805
12 H    -0.0182012616    -0.0100181800    -0.0056696684
13 H    -0.0014803502    -0.0071852478    -0.0007742507
14 H     0.0008907451    -0.0012582542    -0.0068757433
15 H    -0.0004858805     0.0005874727     0.0065897491
16 H     0.0004703646     0.0066659349     0.0003346941
17 H    -0.0000255363    -0.0067828198     0.0000470625
18 H     0.0017634961    -0.0009639138    -0.0068313708
19 H     0.0039667361     0.0129444898    -0.0008007904
20 H     0.0050159391     0.0037384038     0.0044162110
21 H     0.0004773499     0.0002936551     0.0196346901
----------------------------------------------
[2026-07-08 19:51:35]   [OPT] [DEC_00082] eval=003 E=-382.5931570416 Ha max|grad|=3.404e-02 Ha/Bohr SCF=True time=30.7s

WARN: Mole.unit (Angstrom) is changed to Bohr

converged SCF energy = -382.596524054604
--------------- DFTD3 gradients ---------------
         x                y                z
0 C     0.0051979858    -0.0016130631    -0.0003474944
1 C    -0.0015977324     0.0079334150    -0.0023807347
2 O     0.0087760430     0.0146444317    -0.0000485342
3 C     0.0025779477    -0.0029847829    -0.0008761819
4 C     0.0009973401     0.0017036274     0.0018189502
5 C    -0.0030307941    -0.0016088446    -0.0017283395
6 C    -0.0129558413    -0.0018089049     0.0009584280
7 O    -0.0110539164    -0.0038228856    -0.0133523675
8 H     0.0021942993    -0.0061119519     0.0010054911
9 H     0.0018579284    -0.0012095415    -0.0034225781
10 H     0.0070685548     0.0001209955     0.0016433191
11 H     0.0003905407    -0.0020023813     0.0081650175
12 H    -0.0083042484    -0.0046867953    -0.0019134563
13 H    -0.0013090386    -0.0067391766    -0.0006838607
14 H     0.0006292781    -0.0018849153    -0.0032060267
15 H    -0.0003860508     0.0009216411     0.0047252843
16 H     0.0006172547     0.0048419784     0.0006864845
17 H     0.0003510542    -0.0048063741    -0.0005862492
18 H     0.0014332940    -0.0010306285    -0.0055865502
19 H     0.0020325274     0.0064534634     0.0003151557
20 H     0.0035294268     0.0029606618     0.0057181219
21 H     0.0009698608     0.0007737821     0.0091332400
----------------------------------------------
[2026-07-08 19:52:03]   [OPT] [DEC_00082] eval=004 E=-382.5965240546 Ha max|grad|=1.464e-02 Ha/Bohr SCF=True time=27.8s

WARN: Mole.unit (Angstrom) is changed to Bohr

converged SCF energy = -382.598634276952
--------------- DFTD3 gradients ---------------
         x                y                z
0 C     0.0016467031     0.0017490262     0.0007221394
1 C     0.0018941347     0.0029807032     0.0013705987
2 O    -0.0018932555    -0.0006995865    -0.0000318678
3 C     0.0002140467    -0.0006119280     0.0003936113
4 C    -0.0022918100     0.0004977526    -0.0000447341
5 C    -0.0048140522     0.0002530226    -0.0014298361
6 C    -0.0061152677     0.0003550223     0.0009907888
7 O    -0.0036589726     0.0006723539     0.0012305941
8 H     0.0022192306    -0.0006232663    -0.0003451547
9 H     0.0023029456    -0.0014865317    -0.0000405903
10 H     0.0043318427    -0.0019643304    -0.0004070181
11 H     0.0011291600     0.0008180280    -0.0017476015
12 H     0.0031790674     0.0019149851     0.0023245863
13 H    -0.0000186081    -0.0016840731    -0.0011432276
14 H     0.0003254636    -0.0022372922    -0.0010530627
15 H     0.0002040157     0.0012635985     0.0011974435
16 H     0.0005450756     0.0008621182     0.0013634493
17 H     0.0004838542    -0.0014985061    -0.0013388777
18 H     0.0005405096    -0.0015884759    -0.0007369244
19 H    -0.0017168612    -0.0023125758     0.0009034808
20 H     0.0007988996     0.0024706857     0.0002044857
21 H     0.0006773144     0.0009059324    -0.0023470220
----------------------------------------------
[2026-07-08 19:52:31]   [OPT] [DEC_00082] eval=005 E=-382.5986342770 Ha max|grad|=6.115e-03 Ha/Bohr SCF=True time=27.8s

WARN: Mole.unit (Angstrom) is changed to Bohr

[2026-07-08 19:52:31]   [OPT] [DEC_00082] done: success=False nit=3 neval=5 max|grad|=6.115e-03 message=STOP: TOTAL NO. OF ITERATIONS REACHED LIMIT
[2026-07-08 19:52:31]   [WARN] [DEC_00082] Optimization did not fully converge; using last geometry
[2026-07-08 19:52:31]   [DFT] [DEC_00082] final single-point start
converged SCF energy = -382.598634276951
[2026-07-08 19:52:50]   [DFT] [DEC_00082] final SCF done: E=-382.5986342770 Ha converged=True time=18.7s
[2026-07-08 19:52:50]   [DFT] [DEC_00082] descriptors: HOMO=-3.6535 eV LUMO=7.7809 eV gap=11.4344 eV opt_status=opt_not_converged: STOP: TOTAL NO. OF ITERATIONS REACHED LIMIT
[2026-07-08 19:52:50] END compound_id=DEC_00082
