[2026-07-09 08:16:44] ========================================================================
[2026-07-09 08:16:44] BEGIN compound_id=DEC_00241 molecule_index=603/732 method=DFT-b3lyp/sto-3g-D3
[2026-07-09 08:16:44] settings functional=b3lyp basis=sto-3g D3=True geom_max_steps=3 scf_max_cycles=50
[2026-07-09 08:16:44]   [xTB] [DEC_00241] start: atoms=25 charge=0 multiplicity=1 opt=tight solvent=gas
[2026-07-09 08:16:48]   [OK] [DEC_00241] GFN2-xTB converged; RMSD(MMFF,xTB)=0.1115 A
[2026-07-09 08:16:48]   [DFT] build PySCF molecule: atoms=25 charge=0 spin=0
[2026-07-09 08:16:48]   [DFT] [DEC_00241] start
[2026-07-09 08:16:48]   [OPT] [DEC_00241] start: atoms=25, basis=sto-3g, D3=True, maxiter=3

WARN: Mole.unit (Angstrom) is changed to Bohr

converged SCF energy = -532.055317418517
--------------- DFTD3 gradients ---------------
         x                y                z
0 C    -0.0056096203    -0.0074919847     0.0043478599
1 C    -0.0026864826     0.0121016773    -0.0195424144
2 O    -0.0406859075    -0.0557593459     0.0701649337
3 C     0.0369111666     0.0024293585     0.0181205837
4 O     0.0034966371     0.0522813684    -0.0918586744
5 C    -0.0069485493    -0.0351603839    -0.0444231429
6 O    -0.0010904576     0.0500228930     0.0918055892
7 C     0.0135703621    -0.0048247344    -0.0077032462
8 C    -0.0014092935    -0.0095050660    -0.0045450152
9 C     0.0089452658     0.0026177453    -0.0068346448
10 C     0.0053339713    -0.0028924899     0.0075760448
11 H    -0.0100799657    -0.0009338072    -0.0056033090
12 H    -0.0036896893     0.0014683405     0.0104621838
13 H     0.0038274266    -0.0100583014    -0.0005708553
14 H    -0.0086551690     0.0116660451    -0.0026755531
15 H    -0.0002386724    -0.0012428412    -0.0142134453
16 H     0.0073225528    -0.0059243496    -0.0031135799
17 H    -0.0052295171     0.0019610576    -0.0077862450
18 H    -0.0057542085    -0.0057831225     0.0051180530
19 H    -0.0074615320     0.0031809184    -0.0079473492
20 H     0.0039067542     0.0081920575     0.0045315580
21 H     0.0087151518    -0.0034463838    -0.0049157819
22 H    -0.0040609698    -0.0067861566     0.0063254991
23 H     0.0026598134     0.0085092189     0.0057111829
24 H     0.0088986950    -0.0046193592    -0.0024451475
----------------------------------------------
[2026-07-09 08:17:54]   [OPT] [DEC_00241] eval=001 E=-532.0553174185 Ha max|grad|=9.186e-02 Ha/Bohr SCF=True time=66.2s

WARN: Mole.unit (Angstrom) is changed to Bohr

converged SCF energy = -531.867604615292
--------------- DFTD3 gradients ---------------
         x                y                z
0 C    -0.0150456489     0.0121734654    -0.0255407220
1 C    -0.0113506034    -0.0338052051     0.0611330275
2 O     0.0638499127     0.0704423356    -0.0691180635
3 C    -0.1546827794     0.0508417209    -0.1813844751
4 O     0.0030136719    -0.0907324257     0.1623772744
5 C     0.0701818578     0.1083017387     0.2431573265
6 O     0.0008467822    -0.0941499038    -0.1589852160
7 C    -0.0030124739    -0.0084737310     0.0030099779
8 C     0.0094214126    -0.0112505458    -0.0108352189
9 C     0.0025583332     0.0130782047    -0.0107488827
10 C     0.0070029840     0.0008427504     0.0023285555
11 H     0.0012257500    -0.0074268531     0.0088289002
12 H     0.0007901415    -0.0011581093    -0.0050408752
13 H    -0.0027684268     0.0034382142     0.0004298559
14 H     0.0009666342     0.0055042551    -0.0050933426
15 H     0.0094562605     0.0011177299    -0.0112812810
16 H    -0.0038217119    -0.0059009960    -0.0030123729
17 H     0.0029386246    -0.0040587719     0.0047534187
18 H     0.0028637382     0.0012477392    -0.0034547524
19 H     0.0079352301    -0.0029212876     0.0065077350
20 H    -0.0002774744    -0.0061178667    -0.0058084755
21 H     0.0068485481     0.0023245571    -0.0057814237
22 H     0.0033131866     0.0022539767    -0.0012255098
23 H    -0.0005380591    -0.0062376634    -0.0017024406
24 H    -0.0017624902     0.0007266534     0.0064280536
----------------------------------------------
[2026-07-09 08:19:12]   [OPT] [DEC_00241] eval=002 E=-531.8676046153 Ha max|grad|=2.432e-01 Ha/Bohr SCF=True time=78.4s

WARN: Mole.unit (Angstrom) is changed to Bohr

converged SCF energy = -532.070921471641
--------------- DFTD3 gradients ---------------
         x                y                z
0 C    -0.0071482606    -0.0030613350    -0.0017939427
1 C    -0.0054928793     0.0031657872    -0.0052853955
2 O    -0.0002818023    -0.0190144889     0.0348160345
3 C    -0.0083810198     0.0248299726    -0.0537740852
4 O    -0.0017382315    -0.0038540524     0.0061520224
5 C    -0.0001208980     0.0323308168     0.0743150050
6 O     0.0024621368    -0.0157548205    -0.0256614359
7 C     0.0089622863    -0.0054769151    -0.0049488711
8 C     0.0006725390    -0.0099188573    -0.0058588829
9 C     0.0078381120     0.0048147466    -0.0078638683
10 C     0.0058123754    -0.0021985218     0.0067545493
11 H    -0.0077346651    -0.0021751163    -0.0027296554
12 H    -0.0026772668     0.0010486555     0.0074041358
13 H     0.0026450984    -0.0073494027    -0.0003853806
14 H    -0.0069346029     0.0106483129    -0.0032892692
15 H     0.0017622836    -0.0006028886    -0.0136545738
16 H     0.0051275958    -0.0058402462    -0.0030834825
17 H    -0.0036184732     0.0007895371    -0.0053288373
18 H    -0.0040694038    -0.0043600180     0.0034843485
19 H    -0.0044424139     0.0019470159    -0.0049919744
20 H     0.0030155748     0.0053495658     0.0025446146
21 H     0.0082986056    -0.0023629621    -0.0050713366
22 H    -0.0026579321    -0.0050032643     0.0048192858
23 H     0.0019650128     0.0056401430     0.0042088738
24 H     0.0067502751    -0.0035498776    -0.0008035928
----------------------------------------------
[2026-07-09 08:20:19]   [OPT] [DEC_00241] eval=003 E=-532.0709214716 Ha max|grad|=7.432e-02 Ha/Bohr SCF=True time=66.2s

WARN: Mole.unit (Angstrom) is changed to Bohr

converged SCF energy = -532.07699611775
--------------- DFTD3 gradients ---------------
         x                y                z
0 C    -0.0067226867    -0.0022105988    -0.0022521319
1 C    -0.0042046565    -0.0007506350     0.0005548874
2 O     0.0077497136    -0.0050614421     0.0154806275
3 C    -0.0118082722     0.0098140250    -0.0229640532
4 O    -0.0035367823    -0.0002763292    -0.0030682748
5 C     0.0011363863     0.0176676915     0.0361263656
6 O     0.0012826425    -0.0041581628    -0.0028416105
7 C     0.0043048913    -0.0022623387     0.0007213063
8 C    -0.0005011027    -0.0071838779    -0.0043330707
9 C     0.0053064195     0.0043486390    -0.0061695272
10 C     0.0063041323    -0.0027605711     0.0048010685
11 H    -0.0073589061    -0.0027824163    -0.0018376994
12 H    -0.0021586768     0.0005001150     0.0046816697
13 H     0.0013798655    -0.0050048170    -0.0003491702
14 H    -0.0054289142     0.0085677151    -0.0032620388
15 H     0.0016782476    -0.0000104743    -0.0104595280
16 H     0.0043597579    -0.0059516409    -0.0032347954
17 H    -0.0027067668    -0.0001455176    -0.0041388546
18 H    -0.0029196675    -0.0036637590     0.0021505520
19 H    -0.0026895444     0.0015334759    -0.0038487376
20 H     0.0027986426     0.0041164311     0.0013106793
21 H     0.0076873748    -0.0013897900    -0.0050855672
22 H    -0.0015905091    -0.0038929360     0.0039248067
23 H     0.0017681862     0.0040526534     0.0034550630
24 H     0.0058964835    -0.0030421905     0.0006309042
----------------------------------------------
[2026-07-09 08:21:23]   [OPT] [DEC_00241] eval=004 E=-532.0769961178 Ha max|grad|=3.613e-02 Ha/Bohr SCF=True time=64.0s

WARN: Mole.unit (Angstrom) is changed to Bohr

converged SCF energy = -532.08047601429
--------------- DFTD3 gradients ---------------
         x                y                z
0 C    -0.0042459444    -0.0025690237     0.0002516820
1 C    -0.0008646863    -0.0018214841     0.0026412247
2 O     0.0043250055     0.0056180661    -0.0060123128
3 C    -0.0045283139     0.0033590441     0.0014314962
4 O    -0.0059877641    -0.0017132477    -0.0037405889
5 C     0.0008254405     0.0029837773    -0.0036993017
6 O     0.0002969347     0.0063511361     0.0173691515
7 C     0.0003382290     0.0009782698     0.0038099575
8 C    -0.0002243757    -0.0027714703    -0.0011781924
9 C     0.0027820316     0.0013731194    -0.0024126420
10 C     0.0044651727    -0.0020610467     0.0033458053
11 H    -0.0067305464    -0.0032540106    -0.0009437201
12 H    -0.0016753510    -0.0007337934    -0.0000515653
13 H    -0.0012422303    -0.0009543266    -0.0003065066
14 H    -0.0018297079     0.0025323637    -0.0026004792
15 H     0.0004247530     0.0012421694    -0.0018002348
16 H     0.0017350273    -0.0049567766    -0.0028437185
17 H    -0.0013292590    -0.0014296120    -0.0022454204
18 H    -0.0011878101    -0.0027087778    -0.0000898866
19 H    -0.0004061526     0.0010799277    -0.0023096644
20 H     0.0024060251     0.0022851769    -0.0008381532
21 H     0.0051137540     0.0009393411    -0.0042569305
22 H     0.0007644132    -0.0017940693     0.0022234630
23 H     0.0015962298     0.0006889699     0.0020120010
24 H     0.0052199823    -0.0025967197     0.0022517744
----------------------------------------------
[2026-07-09 08:22:31]   [OPT] [DEC_00241] eval=005 E=-532.0804760143 Ha max|grad|=1.737e-02 Ha/Bohr SCF=True time=68.6s

WARN: Mole.unit (Angstrom) is changed to Bohr

[2026-07-09 08:22:31]   [OPT] [DEC_00241] done: success=False nit=3 neval=5 max|grad|=1.737e-02 message=STOP: TOTAL NO. OF ITERATIONS REACHED LIMIT
[2026-07-09 08:22:31]   [WARN] [DEC_00241] Optimization did not fully converge; using last geometry
[2026-07-09 08:22:31]   [DFT] [DEC_00241] final single-point start
converged SCF energy = -532.080476014288
[2026-07-09 08:23:17]   [DFT] [DEC_00241] final SCF done: E=-532.0804760143 Ha converged=True time=45.8s
[2026-07-09 08:23:17]   [DFT] [DEC_00241] descriptors: HOMO=-3.4599 eV LUMO=1.6821 eV gap=5.1420 eV opt_status=opt_not_converged: STOP: TOTAL NO. OF ITERATIONS REACHED LIMIT
[2026-07-09 08:23:17] END compound_id=DEC_00241
