[2026-07-08 23:11:51] ========================================================================
[2026-07-08 23:11:51] BEGIN compound_id=DEC_00139 molecule_index=505/732 method=DFT-b3lyp/sto-3g-D3
[2026-07-08 23:11:51] settings functional=b3lyp basis=sto-3g D3=True geom_max_steps=3 scf_max_cycles=50
[2026-07-08 23:11:51]   [xTB] [DEC_00139] start: atoms=22 charge=0 multiplicity=1 opt=tight solvent=gas
[2026-07-08 23:11:53]   [OK] [DEC_00139] GFN2-xTB converged; RMSD(MMFF,xTB)=0.0738 A
[2026-07-08 23:11:53]   [DFT] build PySCF molecule: atoms=22 charge=0 spin=0
[2026-07-08 23:11:53]   [DFT] [DEC_00139] start
[2026-07-08 23:11:53]   [OPT] [DEC_00139] start: atoms=22, basis=sto-3g, D3=True, maxiter=3

WARN: Mole.unit (Angstrom) is changed to Bohr

converged SCF energy = -529.733241455951
--------------- DFTD3 gradients ---------------
         x                y                z
0 C    -0.0170010587     0.0007851839     0.0048366268
1 O     0.0605845129    -0.0252188201    -0.0358395507
2 C    -0.0101324809    -0.0117212648     0.0289472443
3 O    -0.0662282570     0.0257099594     0.0197020635
4 C     0.0020983676     0.0027011633    -0.0198074099
5 C    -0.0031711190     0.0188943569     0.0061119607
6 O     0.0649833153    -0.0019745645    -0.0346433422
7 C     0.0122624551    -0.0303800322    -0.0022781906
8 O    -0.0601068941     0.0173421088     0.0409417055
9 C     0.0170950090    -0.0028101406    -0.0035664519
10 H    -0.0104559943    -0.0089746687     0.0076737904
11 H    -0.0005031698    -0.0104473846    -0.0116066058
12 H    -0.0136676083     0.0064484142    -0.0056408149
13 H    -0.0090166328    -0.0034593990     0.0149215086
14 H    -0.0073952717     0.0114452740    -0.0059674971
15 H     0.0037062672    -0.0016496193    -0.0142565880
16 H     0.0062665925     0.0107739957    -0.0081186339
17 H    -0.0042295007     0.0118948768     0.0077636680
18 H     0.0099181484    -0.0142808619    -0.0036787125
19 H     0.0114170948    -0.0099804092     0.0043335812
20 H     0.0128939163     0.0088115621    -0.0040361230
21 H     0.0007251286     0.0060807743     0.0143737077
----------------------------------------------
[2026-07-08 23:12:37]   [OPT] [DEC_00139] eval=001 E=-529.7332414560 Ha max|grad|=6.623e-02 Ha/Bohr SCF=True time=44.2s

WARN: Mole.unit (Angstrom) is changed to Bohr

converged SCF energy = -529.662923027474
--------------- DFTD3 gradients ---------------
         x                y                z
0 C     0.0729969425    -0.0334525089    -0.0518900007
1 O    -0.1075366016     0.0318473670     0.0583609209
2 C     0.0355916229     0.0307714475    -0.1174918029
3 O     0.0834309066    -0.0412387036    -0.0229494992
4 C    -0.0531344476     0.0137511812     0.0627470311
5 C     0.0546866983    -0.0469699451    -0.0415699750
6 O    -0.0809978074    -0.0029454036     0.0509274360
7 C    -0.0430734687     0.1167183398     0.0241786688
8 O     0.1073953943    -0.0314733126    -0.0587690143
9 C    -0.0725789467     0.0274087818     0.0557999632
10 H     0.0018672923     0.0054036246    -0.0000868058
11 H    -0.0274098823     0.0152466752     0.0234932602
12 H     0.0042771364     0.0020781000     0.0055117489
13 H    -0.0206645921    -0.0308456929     0.0350123213
14 H     0.0127849944    -0.0040633964    -0.0138057010
15 H     0.0005107400    -0.0085711485    -0.0092317472
16 H    -0.0130392692     0.0098605467     0.0101051614
17 H    -0.0003103330     0.0046747431     0.0116735181
18 H     0.0244465693    -0.0431899886     0.0119019379
19 H    -0.0022575864     0.0022291561    -0.0047556496
20 H    -0.0041532977    -0.0044165469    -0.0040290677
21 H     0.0273046722    -0.0127595580    -0.0250709015
----------------------------------------------
[2026-07-08 23:13:23]   [OPT] [DEC_00139] eval=002 E=-529.6629230275 Ha max|grad|=1.175e-01 Ha/Bohr SCF=True time=46.1s

WARN: Mole.unit (Angstrom) is changed to Bohr

converged SCF energy = -529.760531630616
--------------- DFTD3 gradients ---------------
         x                y                z
0 C     0.0163126081    -0.0103941214    -0.0144034684
1 O    -0.0011975183     0.0003648671     0.0015820424
2 C     0.0023419089     0.0038079199    -0.0280876606
3 O    -0.0095624024    -0.0029823114     0.0054003117
4 C    -0.0176803161     0.0029123729     0.0102532494
5 C     0.0178222722    -0.0067076733    -0.0078019842
6 O     0.0101000341    -0.0054604596    -0.0000053784
7 C    -0.0039058188     0.0268610377     0.0087265487
8 O     0.0012379991    -0.0011820980    -0.0011726081
9 C    -0.0161160355     0.0074267561     0.0163209958
10 H    -0.0057925221    -0.0037000757     0.0051681534
11 H    -0.0100190146    -0.0005948068     0.0016726198
12 H    -0.0069858992     0.0052967963    -0.0015189126
13 H    -0.0117246416    -0.0124845476     0.0189084100
14 H    -0.0003005901     0.0061353701    -0.0085397235
15 H     0.0025112410    -0.0042046714    -0.0118832019
16 H    -0.0005204891     0.0103484002    -0.0019198698
17 H    -0.0027438309     0.0087631220     0.0089871161
18 H     0.0134591854    -0.0215109602     0.0026342699
19 H     0.0062776177    -0.0058211225     0.0008616522
20 H     0.0065162974     0.0041172641    -0.0044483911
21 H     0.0101094347    -0.0010396094    -0.0006395495
----------------------------------------------
[2026-07-08 23:14:07]   [OPT] [DEC_00139] eval=003 E=-529.7605316306 Ha max|grad|=2.809e-02 Ha/Bohr SCF=True time=43.9s

WARN: Mole.unit (Angstrom) is changed to Bohr

converged SCF energy = -529.764990461126
--------------- DFTD3 gradients ---------------
         x                y                z
0 C    -0.0027830454     0.0029668366     0.0031844926
1 O    -0.0043364814     0.0005642076    -0.0008531790
2 C    -0.0115151107    -0.0031862015     0.0049589044
3 O    -0.0005184892    -0.0032416817    -0.0020871198
4 C    -0.0040211606    -0.0057142636    -0.0008618580
5 C     0.0044095245    -0.0013471903     0.0053186388
6 O     0.0007312805     0.0005605393     0.0038261507
7 C     0.0119664520    -0.0050085820     0.0002174443
8 O     0.0042592101     0.0013667923    -0.0003362283
9 C     0.0027080177    -0.0014165880    -0.0041802709
10 H     0.0010448039     0.0018524264    -0.0047873806
11 H    -0.0059233812    -0.0077225962    -0.0072192491
12 H     0.0038329007    -0.0043840674     0.0013704919
13 H     0.0029504036    -0.0030862343    -0.0047186611
14 H    -0.0010969887     0.0073121326    -0.0073608853
15 H    -0.0031821024     0.0027833445     0.0018569144
16 H     0.0002175763     0.0098287441    -0.0035016179
17 H     0.0030448346    -0.0002461940    -0.0034390708
18 H    -0.0029468080     0.0027621720     0.0049378268
19 H    -0.0013928016     0.0050258932     0.0004234733
20 H    -0.0034202107    -0.0033745040     0.0035486795
21 H     0.0061316769     0.0036720612     0.0097974984
----------------------------------------------
[2026-07-08 23:14:51]   [OPT] [DEC_00139] eval=004 E=-529.7649904611 Ha max|grad|=1.197e-02 Ha/Bohr SCF=True time=43.8s

WARN: Mole.unit (Angstrom) is changed to Bohr

converged SCF energy = -529.76604060633
--------------- DFTD3 gradients ---------------
         x                y                z
0 C    -0.0015926754    -0.0021657142    -0.0020742578
1 O    -0.0037664300     0.0009198139    -0.0002663807
2 C    -0.0015183200    -0.0013374758     0.0037849189
3 O    -0.0025869916    -0.0025023372    -0.0015303530
4 C    -0.0011871742     0.0000123020    -0.0003341960
5 C     0.0011986484     0.0003886143     0.0000794923
6 O     0.0027409848     0.0005379525     0.0028170767
7 C     0.0018096600    -0.0038673394    -0.0004871707
8 O     0.0036903711     0.0009351082    -0.0008897047
9 C     0.0016538706     0.0010719506     0.0027690773
10 H     0.0004349970     0.0011573182    -0.0033191518
11 H    -0.0063433847    -0.0043519051    -0.0033956277
12 H     0.0022527847    -0.0026815271     0.0007809372
13 H     0.0011221670    -0.0037345266    -0.0026840189
14 H     0.0009157758     0.0035579645    -0.0056260134
15 H    -0.0031146760     0.0016975756     0.0011618349
16 H    -0.0014291161     0.0065320517    -0.0007707893
17 H     0.0030276287    -0.0000917719    -0.0021728345
18 H    -0.0009724633     0.0007656951     0.0045711847
19 H    -0.0006686154     0.0034504486     0.0003941158
20 H    -0.0019948758    -0.0020057281     0.0021915340
21 H     0.0064841464     0.0016778591     0.0050924380
----------------------------------------------
[2026-07-08 23:15:35]   [OPT] [DEC_00139] eval=005 E=-529.7660406063 Ha max|grad|=6.532e-03 Ha/Bohr SCF=True time=43.9s

WARN: Mole.unit (Angstrom) is changed to Bohr

[2026-07-08 23:15:35]   [OPT] [DEC_00139] done: success=False nit=3 neval=5 max|grad|=6.532e-03 message=STOP: TOTAL NO. OF ITERATIONS REACHED LIMIT
[2026-07-08 23:15:35]   [WARN] [DEC_00139] Optimization did not fully converge; using last geometry
[2026-07-08 23:15:35]   [DFT] [DEC_00139] final single-point start
converged SCF energy = -529.766040606332
[2026-07-08 23:16:03]   [DFT] [DEC_00139] final SCF done: E=-529.7660406063 Ha converged=True time=28.5s
[2026-07-08 23:16:03]   [DFT] [DEC_00139] descriptors: HOMO=-3.5879 eV LUMO=6.4617 eV gap=10.0496 eV opt_status=opt_not_converged: STOP: TOTAL NO. OF ITERATIONS REACHED LIMIT
[2026-07-08 23:16:03] END compound_id=DEC_00139
