[2026-07-09 14:05:52] ========================================================================
[2026-07-09 14:05:52] BEGIN compound_id=DEC_00297 molecule_index=656/732 method=DFT-b3lyp/sto-3g-D3
[2026-07-09 14:05:52] settings functional=b3lyp basis=sto-3g D3=True geom_max_steps=3 scf_max_cycles=50
[2026-07-09 14:05:52]   [xTB] [DEC_00297] start: atoms=18 charge=0 multiplicity=1 opt=tight solvent=gas
[2026-07-09 14:05:58]   [OK] [DEC_00297] GFN2-xTB converged; RMSD(MMFF,xTB)=0.3457 A
[2026-07-09 14:05:58]   [DFT] build PySCF molecule: atoms=18 charge=0 spin=0
[2026-07-09 14:05:58]   [DFT] [DEC_00297] start
[2026-07-09 14:05:58]   [OPT] [DEC_00297] start: atoms=18, basis=sto-3g, D3=True, maxiter=3

WARN: Mole.unit (Angstrom) is changed to Bohr

converged SCF energy = -544.052164008256
--------------- DFTD3 gradients ---------------
         x                y                z
0 O     0.1791666300    -0.0804393919     0.0171275095
1 N    -0.0536998771    -0.0479737858    -0.0369903689
2 O    -0.0627466298     0.1798521912     0.0611128884
3 C    -0.0457136636    -0.0378486994    -0.0301676191
4 C     0.0076694941    -0.0004774280     0.0020369107
5 C     0.0010594011    -0.0102148619    -0.0042777747
6 C    -0.0073138251    -0.0063632617    -0.0049807471
7 C     0.0018612447    -0.0006758431     0.0003730345
8 C    -0.0287981054    -0.0099434458    -0.0133859552
9 O     0.0785180244     0.0311127797     0.0379933068
10 C     0.0010283524     0.0057521989     0.0028672685
11 H     0.0158943950    -0.0033870135     0.0031601242
12 H     0.0037567084    -0.0143700031    -0.0052696602
13 H    -0.0102364904    -0.0083923816    -0.0067162714
14 H    -0.0079886158    -0.0135368503     0.0011284521
15 H    -0.0035387216    -0.0066000644    -0.0138574794
16 H    -0.0654825743     0.0075689729    -0.0161681500
17 H    -0.0035030229     0.0158935141     0.0060351026
----------------------------------------------
[2026-07-09 14:06:51]   [OPT] [DEC_00297] eval=001 E=-544.0521640083 Ha max|grad|=1.799e-01 Ha/Bohr SCF=True time=52.9s

WARN: Mole.unit (Angstrom) is changed to Bohr

converged SCF energy = -543.964624875449
--------------- DFTD3 gradients ---------------
         x                y                z
0 O    -0.1422942136     0.0455331800    -0.0216871043
1 N     0.1544342058     0.1301231252     0.1029587877
2 O     0.0305727591    -0.1392928410    -0.0526034114
3 C     0.0579631065     0.0421050232     0.0357436491
4 C    -0.0054943505    -0.0794303698    -0.0369451104
5 C     0.0042246004    -0.0082809287    -0.0024439584
6 C     0.0089127745    -0.0073505505    -0.0006222304
7 C    -0.0297670143    -0.0066856480    -0.0119750421
8 C     0.0438187326     0.0209027006     0.0229033769
9 O    -0.1142214644     0.0095104967    -0.0298570507
10 C    -0.0782916605     0.0138733947    -0.0167330736
11 H     0.0036079966     0.0061939640     0.0038197445
12 H     0.0017189362    -0.0089097369    -0.0034496195
13 H    -0.0065314158    -0.0043575830    -0.0038513110
14 H    -0.0142006472    -0.0053006032     0.0033541913
15 H    -0.0096126725     0.0018529366    -0.0122306569
16 H     0.0885861842    -0.0103629991     0.0217609748
17 H     0.0065810985    -0.0000646681     0.0018541045
----------------------------------------------
[2026-07-09 14:07:55]   [OPT] [DEC_00297] eval=002 E=-543.9646248754 Ha max|grad|=1.544e-01 Ha/Bohr SCF=True time=64.2s

WARN: Mole.unit (Angstrom) is changed to Bohr

converged SCF energy = -544.096253056017
--------------- DFTD3 gradients ---------------
         x                y                z
0 O    -0.0018206643    -0.0039424820    -0.0022601651
1 N     0.0561976431     0.0496236353     0.0384707481
2 O    -0.0037253349    -0.0038667311    -0.0027966319
3 C    -0.0081324140    -0.0083060807    -0.0060338689
4 C     0.0028763644    -0.0247197735    -0.0101537698
5 C     0.0017228426    -0.0090314333    -0.0035424986
6 C    -0.0019380836    -0.0065735381    -0.0034859925
7 C    -0.0084301243    -0.0028134770    -0.0037225113
8 C    -0.0048449665    -0.0008555809    -0.0019293970
9 O    -0.0046987296     0.0331240750     0.0139523994
10 C    -0.0234230652     0.0078483102    -0.0033532728
11 H     0.0119480649    -0.0001335005     0.0034502467
12 H     0.0031998596    -0.0125876593    -0.0046435312
13 H    -0.0090231899    -0.0070859863    -0.0057849151
14 H    -0.0101019606    -0.0105857615     0.0018059566
15 H    -0.0056746971    -0.0036820383    -0.0131480855
16 H     0.0059224506    -0.0070480795    -0.0015123198
17 H    -0.0001349215     0.0106460191     0.0046782194
----------------------------------------------
[2026-07-09 14:08:45]   [OPT] [DEC_00297] eval=003 E=-544.0962530560 Ha max|grad|=5.620e-02 Ha/Bohr SCF=True time=50.2s

WARN: Mole.unit (Angstrom) is changed to Bohr

converged SCF energy = -544.103160854326
--------------- DFTD3 gradients ---------------
         x                y                z
0 O     0.0025351270    -0.0004607024     0.0005700217
1 N     0.0300619193     0.0238995054     0.0194009874
2 O    -0.0004936922     0.0024377339     0.0009546923
3 C     0.0033967346     0.0025884200     0.0021778138
4 C     0.0037154924    -0.0108160385    -0.0037264672
5 C    -0.0016951193    -0.0133825021    -0.0064755281
6 C    -0.0023527498    -0.0060882916    -0.0033912787
7 C    -0.0105994049    -0.0043406364    -0.0050478475
8 C    -0.0053280642     0.0059171909     0.0011181929
9 O    -0.0040342566     0.0171956628     0.0067804385
10 C    -0.0094706908     0.0035853509    -0.0011653978
11 H     0.0105096870    -0.0006409647     0.0028037334
12 H     0.0021978312    -0.0112930263    -0.0043628118
13 H    -0.0071721977    -0.0058941803    -0.0047128395
14 H    -0.0082484564    -0.0065693378     0.0005571557
15 H    -0.0055075300    -0.0022591504    -0.0088062092
16 H     0.0032147211    -0.0040492945    -0.0009369197
17 H    -0.0008227272     0.0101786011     0.0042663300
----------------------------------------------
[2026-07-09 14:09:36]   [OPT] [DEC_00297] eval=004 E=-544.1031608543 Ha max|grad|=3.006e-02 Ha/Bohr SCF=True time=51.1s

WARN: Mole.unit (Angstrom) is changed to Bohr

converged SCF energy = -544.108511843487
--------------- DFTD3 gradients ---------------
         x                y                z
0 O     0.0082145303     0.0043886797     0.0043887695
1 N     0.0006710394     0.0043342317     0.0021080938
2 O     0.0066509159     0.0037178431     0.0036411849
3 C     0.0045719930     0.0007584504     0.0016887535
4 C    -0.0032405305     0.0006435112    -0.0006669076
5 C     0.0037655284     0.0018013173     0.0018857432
6 C    -0.0053937610    -0.0071218378    -0.0047516409
7 C     0.0033137374     0.0018006595     0.0017778505
8 C    -0.0086413800     0.0026003498    -0.0013729898
9 O    -0.0018180414    -0.0003878504    -0.0006956066
10 C     0.0011321141    -0.0015432409    -0.0003464319
11 H     0.0052422032    -0.0006881336     0.0012405087
12 H     0.0015770097    -0.0136923571    -0.0056165129
13 H    -0.0041582296    -0.0040017964    -0.0029864713
14 H    -0.0038475582     0.0026322205    -0.0023474183
15 H    -0.0049888552     0.0009224834     0.0013350338
16 H    -0.0025948373     0.0013582769    -0.0001784116
17 H    -0.0005365472     0.0024940022     0.0009301264
----------------------------------------------
[2026-07-09 14:10:23]   [OPT] [DEC_00297] eval=005 E=-544.1085118435 Ha max|grad|=1.369e-02 Ha/Bohr SCF=True time=46.1s

WARN: Mole.unit (Angstrom) is changed to Bohr

[2026-07-09 14:10:23]   [OPT] [DEC_00297] done: success=False nit=3 neval=5 max|grad|=1.369e-02 message=STOP: TOTAL NO. OF ITERATIONS REACHED LIMIT
[2026-07-09 14:10:23]   [WARN] [DEC_00297] Optimization did not fully converge; using last geometry
[2026-07-09 14:10:23]   [DFT] [DEC_00297] final single-point start
converged SCF energy = -544.108511843488
[2026-07-09 14:10:56]   [DFT] [DEC_00297] final SCF done: E=-544.1085118435 Ha converged=True time=33.2s
[2026-07-09 14:10:56]   [DFT] [DEC_00297] descriptors: HOMO=-3.9121 eV LUMO=0.4587 eV gap=4.3708 eV opt_status=opt_not_converged: STOP: TOTAL NO. OF ITERATIONS REACHED LIMIT
[2026-07-09 14:10:56] END compound_id=DEC_00297
