[2026-07-08 17:17:03] ========================================================================
[2026-07-08 17:17:03] BEGIN compound_id=DEC_00005 molecule_index=374/732 method=DFT-b3lyp/sto-3g-D3
[2026-07-08 17:17:03] settings functional=b3lyp basis=sto-3g D3=True geom_max_steps=3 scf_max_cycles=50
[2026-07-08 17:17:03]   [xTB] [DEC_00005] start: atoms=7 charge=0 multiplicity=1 opt=tight solvent=gas
[2026-07-08 17:17:04]   [OK] [DEC_00005] GFN2-xTB converged; RMSD(MMFF,xTB)=0.0219 A
[2026-07-08 17:17:04]   [DFT] build PySCF molecule: atoms=7 charge=0 spin=0
[2026-07-08 17:17:04]   [DFT] [DEC_00005] start
[2026-07-08 17:17:04]   [OPT] [DEC_00005] start: atoms=7, basis=sto-3g, D3=True, maxiter=3

WARN: Mole.unit (Angstrom) is changed to Bohr

converged SCF energy = -241.660578038596
--------------- DFTD3 gradients ---------------
         x                y                z
0 C     0.0715717959     0.0157536278     0.0042966592
1 N     0.0914490009     0.0229084900    -0.0036239879
2 O    -0.1294295553     0.1566351248     0.0480206906
3 O    -0.0455183970    -0.1987555122    -0.0459064021
4 H     0.0047301566    -0.0015167555     0.0099514778
5 H     0.0016909887     0.0105850686    -0.0042255550
6 H     0.0055184998    -0.0055526761    -0.0085079017
----------------------------------------------
[2026-07-08 17:17:08]   [OPT] [DEC_00005] eval=001 E=-241.6605780386 Ha max|grad|=1.988e-01 Ha/Bohr SCF=True time=4.7s

WARN: Mole.unit (Angstrom) is changed to Bohr

converged SCF energy = -241.567000681763
--------------- DFTD3 gradients ---------------
         x                y                z
0 C     0.0036926548     0.0020382865    -0.0040101723
1 N    -0.2561898661    -0.0604734985    -0.0009186485
2 O     0.1176390248    -0.1065980849    -0.0350789020
3 O     0.0572458953     0.1486806805     0.0324465866
4 H     0.0296081917     0.0000220387     0.0263407977
5 H     0.0203348784     0.0239213159    -0.0052479479
6 H     0.0276643177    -0.0075963876    -0.0135618911
----------------------------------------------
[2026-07-08 17:17:20]   [OPT] [DEC_00005] eval=002 E=-241.5670006818 Ha max|grad|=2.562e-01 Ha/Bohr SCF=True time=11.7s

WARN: Mole.unit (Angstrom) is changed to Bohr

converged SCF energy = -241.699740862889
--------------- DFTD3 gradients ---------------
         x                y                z
0 C     0.0404444761     0.0090181460     0.0021082956
1 N    -0.0851066120    -0.0199865309    -0.0019289661
2 O     0.0062926349     0.0018854623    -0.0001055440
3 O     0.0065647530     0.0016033120    -0.0001673281
4 H     0.0126073361    -0.0010491177     0.0152302177
5 H     0.0070463275     0.0151524019    -0.0047063973
6 H     0.0121576687    -0.0066051609    -0.0104519503
----------------------------------------------
[2026-07-08 17:17:25]   [OPT] [DEC_00005] eval=003 E=-241.6997408629 Ha max|grad|=8.511e-02 Ha/Bohr SCF=True time=5.0s

WARN: Mole.unit (Angstrom) is changed to Bohr

converged SCF energy = -241.705316774669
--------------- DFTD3 gradients ---------------
         x                y                z
0 C     0.0107362156     0.0021782364     0.0013360784
1 N    -0.0393289500    -0.0090829061    -0.0008874966
2 O    -0.0012258715     0.0023727745     0.0003988144
3 O    -0.0000535644    -0.0024864929    -0.0008763867
4 H     0.0114557787    -0.0007682352     0.0131409425
5 H     0.0070235643     0.0132039432    -0.0041057000
6 H     0.0114040647    -0.0053708079    -0.0090074564
----------------------------------------------
[2026-07-08 17:17:30]   [OPT] [DEC_00005] eval=004 E=-241.7053167747 Ha max|grad|=3.933e-02 Ha/Bohr SCF=True time=5.4s

WARN: Mole.unit (Angstrom) is changed to Bohr

converged SCF energy = -241.708111181666
--------------- DFTD3 gradients ---------------
         x                y                z
0 C     0.0006281200     0.0000184509     0.0006027290
1 N    -0.0056239686    -0.0014143325     0.0000361580
2 O    -0.0064426149     0.0000962897     0.0000642074
3 O    -0.0057717242    -0.0026966431    -0.0006791578
4 H     0.0064447135     0.0008148631     0.0026712295
5 H     0.0052202436     0.0023508242    -0.0011464364
6 H     0.0055611547     0.0008950637    -0.0015363732
----------------------------------------------
[2026-07-08 17:17:35]   [OPT] [DEC_00005] eval=005 E=-241.7081111817 Ha max|grad|=6.445e-03 Ha/Bohr SCF=True time=5.0s

WARN: Mole.unit (Angstrom) is changed to Bohr

[2026-07-08 17:17:35]   [OPT] [DEC_00005] done: success=False nit=3 neval=5 max|grad|=6.445e-03 message=STOP: TOTAL NO. OF ITERATIONS REACHED LIMIT
[2026-07-08 17:17:35]   [WARN] [DEC_00005] Optimization did not fully converge; using last geometry
[2026-07-08 17:17:35]   [DFT] [DEC_00005] final single-point start
converged SCF energy = -241.708111181666
[2026-07-08 17:17:40]   [DFT] [DEC_00005] final SCF done: E=-241.7081111817 Ha converged=True time=4.9s
[2026-07-08 17:17:40]   [DFT] [DEC_00005] descriptors: HOMO=-4.0936 eV LUMO=0.8353 eV gap=4.9289 eV opt_status=opt_not_converged: STOP: TOTAL NO. OF ITERATIONS REACHED LIMIT
[2026-07-08 17:17:40] END compound_id=DEC_00005
