[2026-07-09 17:51:16] ========================================================================
[2026-07-09 17:51:16] BEGIN compound_id=DEC_00327 molecule_index=686/732 method=DFT-b3lyp/sto-3g-D3
[2026-07-09 17:51:16] settings functional=b3lyp basis=sto-3g D3=True geom_max_steps=3 scf_max_cycles=50
[2026-07-09 17:51:16]   [xTB] [DEC_00327] start: atoms=26 charge=0 multiplicity=1 opt=tight solvent=gas
[2026-07-09 17:51:20]   [OK] [DEC_00327] GFN2-xTB converged; RMSD(MMFF,xTB)=0.2898 A
[2026-07-09 17:51:20]   [DFT] build PySCF molecule: atoms=26 charge=0 spin=0
[2026-07-09 17:51:20]   [DFT] [DEC_00327] start
[2026-07-09 17:51:20]   [OPT] [DEC_00327] start: atoms=26, basis=sto-3g, D3=True, maxiter=3

WARN: Mole.unit (Angstrom) is changed to Bohr

converged SCF energy = -496.583849242884
--------------- DFTD3 gradients ---------------
         x                y                z
0 C    -0.0067012131    -0.0008686378    -0.0001224080
1 C     0.0001111581    -0.0010905833     0.0097335041
2 C    -0.0035753456    -0.0080492183    -0.0339971667
3 O     0.0055279470     0.0117047619     0.0706450403
4 C    -0.0007263308     0.0148959944    -0.0187011391
5 C     0.0014630303     0.0026706331    -0.0046023843
6 C    -0.0075056747     0.0057838858    -0.0060629146
7 C    -0.0019051812    -0.0018574972    -0.0122842682
8 C     0.0065396464    -0.0083472904    -0.0063422006
9 C     0.0087062027    -0.0074802714     0.0062820006
10 C    -0.0000880041    -0.0014311006    -0.0003853112
11 C     0.0033949006     0.0021675689     0.0138930402
12 H    -0.0080760696     0.0046739227    -0.0127063261
13 H    -0.0091535224    -0.0064294888     0.0122302563
14 H     0.0067828972    -0.0057570901     0.0136934216
15 H     0.0017339437    -0.0099507627    -0.0091278625
16 H    -0.0088417835     0.0013973832    -0.0103056765
17 H    -0.0010751649     0.0076692538    -0.0105074921
18 H     0.0078810848     0.0091329622     0.0054906680
19 H    -0.0091752390     0.0078022963    -0.0065559558
20 H    -0.0016091646    -0.0022723934    -0.0143061098
21 H     0.0080476801    -0.0100819042    -0.0067258921
22 H     0.0091284790    -0.0075340474     0.0073106609
23 H     0.0048276746     0.0086438435     0.0034440597
24 H    -0.0108679263     0.0011751506     0.0054683793
25 H     0.0050850753    -0.0065112203     0.0044843146
----------------------------------------------
[2026-07-09 17:52:25]   [OPT] [DEC_00327] eval=001 E=-496.5838492429 Ha max|grad|=7.065e-02 Ha/Bohr SCF=True time=65.3s

WARN: Mole.unit (Angstrom) is changed to Bohr

converged SCF energy = -496.476276582637
--------------- DFTD3 gradients ---------------
         x                y                z
0 C    -0.0017394728    -0.0045790917     0.0187693295
1 C    -0.0167160805    -0.0048214452    -0.0609754713
2 C     0.0096311147     0.0205891251     0.1952258351
3 O    -0.0144485358    -0.0232033018    -0.1780036418
4 C     0.0530445470    -0.0164182431     0.1624996832
5 C    -0.0217202406     0.0130290804     0.0002964170
6 C     0.0283063843    -0.0339821402    -0.0249019749
7 C     0.0101269221    -0.0007457156     0.0380455892
8 C    -0.0222785224     0.0270979420     0.0159074548
9 C    -0.0253743034     0.0125517947    -0.0446087737
10 C     0.0215533918    -0.0088937573     0.0230980212
11 C    -0.0210374439     0.0010306934    -0.0232639900
12 H     0.0145512258    -0.0121133628     0.0278824664
13 H     0.0083954392     0.0163964986    -0.0264492602
14 H    -0.0071819958     0.0048132844    -0.0152047821
15 H     0.0200297457    -0.0137982665    -0.0214720506
16 H    -0.0087249565     0.0165925599    -0.0240024423
17 H    -0.0292677771     0.0221699826    -0.0229257540
18 H    -0.0168137908    -0.0075688375    -0.0421278606
19 H    -0.0018521812     0.0017135914    -0.0007000956
20 H    -0.0006846161    -0.0014984218    -0.0063131184
21 H     0.0027470473    -0.0036065795    -0.0039672313
22 H     0.0059982008    -0.0049766431     0.0061505486
23 H    -0.0044719627    -0.0103624803     0.0064704662
24 H     0.0215991066     0.0015127831    -0.0039498170
25 H    -0.0036471729     0.0090469036     0.0045027658
----------------------------------------------
[2026-07-09 17:54:00]   [OPT] [DEC_00327] eval=002 E=-496.4762765826 Ha max|grad|=1.952e-01 Ha/Bohr SCF=True time=94.5s

WARN: Mole.unit (Angstrom) is changed to Bohr

converged SCF energy = -496.594420688132
--------------- DFTD3 gradients ---------------
         x                y                z
0 C    -0.0064046289    -0.0018189407     0.0040395373
1 C    -0.0029876154    -0.0013691413    -0.0082074658
2 C     0.0063478128     0.0046555592     0.0272959581
3 O    -0.0020948072    -0.0011654218    -0.0035298127
4 C     0.0037265951     0.0068078378     0.0292490878
5 C    -0.0039970785     0.0043146322    -0.0029227297
6 C     0.0006676210    -0.0031829142    -0.0104061153
7 C     0.0010258753    -0.0017205346    -0.0004835475
8 C    -0.0002567074     0.0000753006    -0.0009958507
9 C     0.0013320125    -0.0033998490    -0.0056903264
10 C     0.0045569049    -0.0028946039     0.0053922543
11 C    -0.0021841074     0.0019628813     0.0054109309
12 H    -0.0026294016     0.0007350139    -0.0034105792
13 H    -0.0048415828    -0.0010396595     0.0032928813
14 H     0.0040412425    -0.0030946443     0.0069851203
15 H     0.0063999930    -0.0089369672    -0.0115251204
16 H    -0.0070079471     0.0050519357    -0.0126532876
17 H    -0.0070696360     0.0089837595    -0.0107594063
18 H     0.0026887119     0.0048260064    -0.0057004390
19 H    -0.0076739320     0.0065311900    -0.0053365988
20 H    -0.0014323568    -0.0021054019    -0.0126441549
21 H     0.0069201982    -0.0087010354    -0.0061390975
22 H     0.0084398602    -0.0069670541     0.0070479325
23 H     0.0028509659     0.0047211768     0.0039864373
24 H    -0.0037634590     0.0011071620     0.0032000753
25 H     0.0032659222    -0.0033637292     0.0044821159
----------------------------------------------
[2026-07-09 17:55:10]   [OPT] [DEC_00327] eval=003 E=-496.5944206881 Ha max|grad|=2.925e-02 Ha/Bohr SCF=True time=69.8s

WARN: Mole.unit (Angstrom) is changed to Bohr

converged SCF energy = -496.597782801657
--------------- DFTD3 gradients ---------------
         x                y                z
0 C    -0.0033519814     0.0002633494    -0.0010524450
1 C    -0.0028970560    -0.0066596024     0.0066644393
2 C     0.0029299613     0.0040838209     0.0039128046
3 O    -0.0004017090    -0.0003085232    -0.0086915442
4 C    -0.0100893743     0.0032305788     0.0049150959
5 C     0.0016281808    -0.0005853143     0.0028894399
6 C    -0.0035218849     0.0032610319    -0.0031198757
7 C     0.0006150846    -0.0035744247    -0.0091404586
8 C     0.0038200968    -0.0053881394    -0.0052108427
9 C     0.0042532853    -0.0040527033     0.0028691907
10 C    -0.0010735937     0.0011961599    -0.0023747656
11 C     0.0009683340     0.0000450655     0.0038004902
12 H    -0.0006494772    -0.0011618156     0.0020757888
13 H    -0.0037927462    -0.0002770293     0.0014747207
14 H    -0.0024691939     0.0000233257    -0.0026317437
15 H     0.0015153562     0.0024465671    -0.0026854767
16 H     0.0034716893    -0.0024638637     0.0000550481
17 H     0.0009160419     0.0009576618     0.0040522285
18 H     0.0069927683     0.0098521042     0.0002761815
19 H    -0.0033383942     0.0026179559    -0.0034515641
20 H    -0.0000291787    -0.0013139348    -0.0041740983
21 H     0.0019571879    -0.0025131486    -0.0023617852
22 H     0.0028339197    -0.0026953514     0.0016227777
23 H     0.0007030396     0.0012332455     0.0039713586
24 H    -0.0013897243     0.0010931054     0.0026342735
25 H     0.0003174841     0.0007132205     0.0036551522
----------------------------------------------
[2026-07-09 17:56:18]   [OPT] [DEC_00327] eval=004 E=-496.5977828017 Ha max|grad|=1.009e-02 Ha/Bohr SCF=True time=68.1s

WARN: Mole.unit (Angstrom) is changed to Bohr

converged SCF energy = -496.59897646302
--------------- DFTD3 gradients ---------------
         x                y                z
0 C    -0.0009031768    -0.0014579004     0.0025086942
1 C    -0.0028134962    -0.0028709651     0.0009986600
2 C    -0.0013799232    -0.0023451663    -0.0022671924
3 O    -0.0009787288     0.0008447948    -0.0049175867
4 C    -0.0001436710     0.0027510954    -0.0005812659
5 C    -0.0024017556     0.0016417873    -0.0017356635
6 C     0.0015924362    -0.0011352374    -0.0003419269
7 C    -0.0004465729     0.0000779406    -0.0006448729
8 C     0.0008676390    -0.0012061505    -0.0005168262
9 C     0.0003978373    -0.0013258021    -0.0027112156
10 C     0.0023124728    -0.0015226823     0.0001196054
11 C    -0.0000990164     0.0005782575     0.0004383864
12 H    -0.0008962557    -0.0008955628     0.0017990022
13 H    -0.0029120463     0.0006963012    -0.0008905241
14 H    -0.0023658762    -0.0009882977    -0.0005630250
15 H    -0.0004316569     0.0067850091     0.0012531877
16 H     0.0054455456    -0.0035297762     0.0036792067
17 H     0.0005063845     0.0005712208     0.0056434557
18 H     0.0025366878     0.0064269692    -0.0011761078
19 H    -0.0021798419     0.0016073295    -0.0027063168
20 H     0.0000564353    -0.0016890197    -0.0050635191
21 H     0.0021001090    -0.0027592594    -0.0026178553
22 H     0.0020586270    -0.0020967265     0.0009731814
23 H    -0.0002804246    -0.0005851299     0.0038235890
24 H     0.0007082362     0.0008875877     0.0020110191
25 H    -0.0004234871     0.0015591822     0.0034602869
----------------------------------------------
[2026-07-09 17:57:20]   [OPT] [DEC_00327] eval=005 E=-496.5989764630 Ha max|grad|=6.785e-03 Ha/Bohr SCF=True time=61.8s

WARN: Mole.unit (Angstrom) is changed to Bohr

[2026-07-09 17:57:20]   [OPT] [DEC_00327] done: success=False nit=3 neval=5 max|grad|=6.785e-03 message=STOP: TOTAL NO. OF ITERATIONS REACHED LIMIT
[2026-07-09 17:57:20]   [WARN] [DEC_00327] Optimization did not fully converge; using last geometry
[2026-07-09 17:57:20]   [DFT] [DEC_00327] final single-point start
converged SCF energy = -496.598976463021
[2026-07-09 17:58:16]   [DFT] [DEC_00327] final SCF done: E=-496.5989764630 Ha converged=True time=56.1s
[2026-07-09 17:58:16]   [DFT] [DEC_00327] descriptors: HOMO=-3.9122 eV LUMO=2.3009 eV gap=6.2130 eV opt_status=opt_not_converged: STOP: TOTAL NO. OF ITERATIONS REACHED LIMIT
[2026-07-09 17:58:16] END compound_id=DEC_00327
