[2026-07-08 20:43:47] ========================================================================
[2026-07-08 20:43:47] BEGIN compound_id=DEC_00100 molecule_index=467/732 method=DFT-b3lyp/sto-3g-D3
[2026-07-08 20:43:47] settings functional=b3lyp basis=sto-3g D3=True geom_max_steps=3 scf_max_cycles=50
[2026-07-08 20:43:47]   [xTB] [DEC_00100] start: atoms=23 charge=0 multiplicity=1 opt=tight solvent=gas
[2026-07-08 20:43:49]   [OK] [DEC_00100] GFN2-xTB converged; RMSD(MMFF,xTB)=0.0184 A
[2026-07-08 20:43:49]   [DFT] build PySCF molecule: atoms=23 charge=0 spin=0
[2026-07-08 20:43:49]   [DFT] [DEC_00100] start
[2026-07-08 20:43:49]   [OPT] [DEC_00100] start: atoms=23, basis=sto-3g, D3=True, maxiter=3

WARN: Mole.unit (Angstrom) is changed to Bohr

converged SCF energy = -420.268543843929
--------------- DFTD3 gradients ---------------
         x                y                z
0 C     0.0078910908     0.0022267001    -0.0027252248
1 C     0.0010576319    -0.0054294695     0.0071438805
2 C     0.0003516616     0.0053927648    -0.0070622280
3 C     0.0000611738    -0.0071286232     0.0093513498
4 C    -0.0009479695     0.0148969550    -0.0195755122
5 O     0.0387045432    -0.0510750730     0.0678675762
6 C    -0.0308019341    -0.0130781502     0.0164806109
7 C    -0.0112638864    -0.0127947140     0.0165250780
8 O    -0.0080188719     0.0647588635    -0.0852637854
9 H     0.0011296748     0.0101566839    -0.0001028516
10 H     0.0013532790    -0.0025747127    -0.0097968971
11 H     0.0088948658    -0.0033799664     0.0046463154
12 H    -0.0005263134    -0.0089944965     0.0010659899
13 H    -0.0007089599     0.0013481563     0.0089434943
14 H     0.0002896605    -0.0014277296    -0.0088338707
15 H     0.0001094650     0.0089001291    -0.0009683807
16 H     0.0000647146    -0.0093693486     0.0007546838
17 H    -0.0001308295     0.0017635014     0.0092319332
18 H     0.0036147191     0.0137854279    -0.0024418682
19 H     0.0038819757    -0.0012244440    -0.0138746347
20 H    -0.0029183048     0.0022870486     0.0114992369
21 H    -0.0026681834    -0.0117563245     0.0008035204
22 H    -0.0093903758     0.0026631396    -0.0037168823
----------------------------------------------
[2026-07-08 20:44:25]   [OPT] [DEC_00100] eval=001 E=-420.2685438439 Ha max|grad|=8.526e-02 Ha/Bohr SCF=True time=36.2s

WARN: Mole.unit (Angstrom) is changed to Bohr

converged SCF energy = -420.12005976221
--------------- DFTD3 gradients ---------------
         x                y                z
0 C    -0.0002974200    -0.0036536686     0.0047322283
1 C     0.0076389258     0.0132794386    -0.0172051271
2 C     0.0064663631    -0.0170377236     0.0224673206
3 C     0.0083834002     0.0334863275    -0.0437181043
4 C     0.0079740994    -0.0633292193     0.0832539072
5 O    -0.0845163943     0.0781965757    -0.1045874142
6 C     0.1284076546     0.1031353590    -0.1324801045
7 C    -0.0517904791     0.0132223792    -0.0185230203
8 O     0.0031246885    -0.1297467076     0.1703980291
9 H     0.0023234811    -0.0106239307    -0.0011478525
10 H     0.0020647909     0.0039950494     0.0100037231
11 H    -0.0010437975     0.0053530196    -0.0070475041
12 H    -0.0002598176     0.0017721153     0.0028685344
13 H    -0.0001713306    -0.0032553866    -0.0009693080
14 H    -0.0003556918     0.0027062419     0.0013819688
15 H    -0.0002714042    -0.0020337460    -0.0022393015
16 H    -0.0015480874    -0.0006424699     0.0014406197
17 H    -0.0015371026    -0.0012662256     0.0009524765
18 H    -0.0071206390     0.0086289284    -0.0022299088
19 H    -0.0069494206    -0.0002798415    -0.0090176553
20 H    -0.0076055274    -0.0039725812     0.0150823414
21 H    -0.0074245681    -0.0136853880     0.0077011405
22 H     0.0045144450    -0.0143295927     0.0189175252
----------------------------------------------
[2026-07-08 20:45:19]   [OPT] [DEC_00100] eval=002 E=-420.1200597622 Ha max|grad|=1.704e-01 Ha/Bohr SCF=True time=54.0s

WARN: Mole.unit (Angstrom) is changed to Bohr

converged SCF energy = -420.281052302179
--------------- DFTD3 gradients ---------------
         x                y                z
0 C     0.0062367257     0.0010663043    -0.0012547290
1 C     0.0023960933    -0.0016314574     0.0022006421
2 C     0.0015123993     0.0008485853    -0.0010811453
3 C     0.0009351286     0.0014789461    -0.0019190597
4 C     0.0018519752    -0.0002136631     0.0003148982
5 O    -0.0059178119    -0.0174089300     0.0226144348
6 C     0.0099377085     0.0493718855    -0.0645793470
7 C    -0.0179239178    -0.0055999463     0.0069357062
8 O     0.0041144274    -0.0244823561     0.0322015084
9 H     0.0013042572     0.0059864853    -0.0002922980
10 H     0.0014313019    -0.0012773531    -0.0058186728
11 H     0.0068792142    -0.0016564552     0.0023370833
12 H    -0.0004829033    -0.0068854390     0.0013908330
13 H    -0.0006129199     0.0004734339     0.0069939375
14 H     0.0001559434    -0.0006468539    -0.0068181781
15 H     0.0000271959     0.0067518743    -0.0011858229
16 H    -0.0004147632    -0.0076429812     0.0008352310
17 H    -0.0005702411     0.0012137097     0.0075767873
18 H     0.0011969546     0.0128392294    -0.0025172193
19 H     0.0014460905    -0.0009503235    -0.0130219477
20 H    -0.0037388437     0.0011502520     0.0122073763
21 H    -0.0035003239    -0.0121615727     0.0020719055
22 H    -0.0062293920    -0.0007073469     0.0007825106
----------------------------------------------
[2026-07-08 20:45:55]   [OPT] [DEC_00100] eval=003 E=-420.2810523022 Ha max|grad|=6.458e-02 Ha/Bohr SCF=True time=36.2s

WARN: Mole.unit (Angstrom) is changed to Bohr

converged SCF energy = -420.285615785717
--------------- DFTD3 gradients ---------------
         x                y                z
0 C     0.0052414585     0.0007755218    -0.0008959633
1 C     0.0028866838    -0.0010300929     0.0014213696
2 C     0.0023691637     0.0006485202    -0.0007973801
3 C     0.0014805521     0.0014532412    -0.0018733574
4 C     0.0004643554    -0.0039715156     0.0052159883
5 O    -0.0140936883    -0.0012675442     0.0012488212
6 C     0.0095420160     0.0074125858    -0.0095084268
7 C    -0.0066590520     0.0017153264    -0.0024038230
8 O     0.0044862798    -0.0020458984     0.0027512573
9 H     0.0014844015     0.0036007110    -0.0003980173
10 H     0.0015562610    -0.0005377058    -0.0035452070
11 H     0.0058183756    -0.0007724876     0.0011517261
12 H    -0.0003142030    -0.0047761992     0.0015054004
13 H    -0.0003951222    -0.0001931088     0.0049957295
14 H     0.0001956293     0.0000393971    -0.0046528498
15 H     0.0001191472     0.0044822664    -0.0012704782
16 H    -0.0003547020    -0.0044686480     0.0008037085
17 H    -0.0004395711     0.0004024497     0.0045109223
18 H     0.0005125731     0.0083231150    -0.0022232481
19 H     0.0006679974    -0.0000487477    -0.0086067976
20 H    -0.0032157228     0.0007050824     0.0089551621
21 H    -0.0030425599    -0.0088957068     0.0016440500
22 H    -0.0082689012    -0.0016304703     0.0019469362
----------------------------------------------
[2026-07-08 20:46:32]   [OPT] [DEC_00100] eval=004 E=-420.2856157857 Ha max|grad|=1.409e-02 Ha/Bohr SCF=True time=37.2s

WARN: Mole.unit (Angstrom) is changed to Bohr

converged SCF energy = -420.28656805546
--------------- DFTD3 gradients ---------------
         x                y                z
0 C     0.0043529580     0.0005441034    -0.0006101900
1 C     0.0029151189    -0.0010884420     0.0014960224
2 C     0.0024851599     0.0012424659    -0.0015718700
3 C     0.0012959862    -0.0008359302     0.0011259969
4 C    -0.0017521693    -0.0016980952     0.0021797429
5 O    -0.0085815293     0.0028755081    -0.0040446897
6 C     0.0018436239    -0.0026868412     0.0035616557
7 C    -0.0014348342     0.0008616246    -0.0011633007
8 O     0.0051447398     0.0034366083    -0.0044282287
9 H     0.0016667979     0.0019328619    -0.0004599395
10 H     0.0017003678    -0.0000314427    -0.0019532693
11 H     0.0050309913    -0.0001327837     0.0002933372
12 H    -0.0000738256    -0.0028368946     0.0015167311
13 H    -0.0001112333    -0.0007130911     0.0031355525
14 H     0.0003368601     0.0005819270    -0.0028088851
15 H     0.0003039267     0.0025621915    -0.0013004782
16 H    -0.0000238164    -0.0016744190     0.0007960987
17 H    -0.0000464671    -0.0003243488     0.0018230404
18 H     0.0000916312     0.0028270514    -0.0017203257
19 H     0.0001345941     0.0009167369    -0.0031876866
20 H    -0.0033400184    -0.0004206842     0.0040650367
21 H    -0.0032759189    -0.0038823348     0.0014259994
22 H    -0.0086182570    -0.0015309961     0.0018083791
----------------------------------------------
[2026-07-08 20:47:08]   [OPT] [DEC_00100] eval=005 E=-420.2865680555 Ha max|grad|=8.618e-03 Ha/Bohr SCF=True time=35.9s

WARN: Mole.unit (Angstrom) is changed to Bohr

[2026-07-08 20:47:08]   [OPT] [DEC_00100] done: success=False nit=3 neval=5 max|grad|=8.618e-03 message=STOP: TOTAL NO. OF ITERATIONS REACHED LIMIT
[2026-07-08 20:47:08]   [WARN] [DEC_00100] Optimization did not fully converge; using last geometry
[2026-07-08 20:47:08]   [DFT] [DEC_00100] final single-point start
converged SCF energy = -420.28656805546
[2026-07-08 20:47:34]   [DFT] [DEC_00100] final SCF done: E=-420.2865680555 Ha converged=True time=25.4s
[2026-07-08 20:47:34]   [DFT] [DEC_00100] descriptors: HOMO=-4.0030 eV LUMO=3.0116 eV gap=7.0146 eV opt_status=opt_not_converged: STOP: TOTAL NO. OF ITERATIONS REACHED LIMIT
[2026-07-08 20:47:34] END compound_id=DEC_00100
