[2026-07-09 19:01:04] ========================================================================
[2026-07-09 19:01:04] BEGIN compound_id=DEC_00338 molecule_index=696/732 method=DFT-b3lyp/sto-3g-D3
[2026-07-09 19:01:04] settings functional=b3lyp basis=sto-3g D3=True geom_max_steps=3 scf_max_cycles=50
[2026-07-09 19:01:04]   [xTB] [DEC_00338] start: atoms=22 charge=0 multiplicity=1 opt=tight solvent=gas
[2026-07-09 19:01:14]   [OK] [DEC_00338] GFN2-xTB converged; RMSD(MMFF,xTB)=0.7160 A
[2026-07-09 19:01:14]   [DFT] build PySCF molecule: atoms=22 charge=0 spin=0
[2026-07-09 19:01:14]   [DFT] [DEC_00338] start
[2026-07-09 19:01:14]   [OPT] [DEC_00338] start: atoms=22, basis=sto-3g, D3=True, maxiter=3

WARN: Mole.unit (Angstrom) is changed to Bohr

converged SCF energy = -567.265724862018
--------------- DFTD3 gradients ---------------
         x                y                z
0 C    -0.0079318384    -0.0061527847    -0.0003099813
1 C    -0.0012607202     0.0320188520     0.0015068928
2 O    -0.0301513422    -0.0645955663    -0.0035628211
3 C     0.0243879050     0.0149616360     0.0010149177
4 C    -0.0026745041     0.0181416714     0.0007153650
5 C     0.0025798710     0.0092735295     0.0004845631
6 C     0.0140941716     0.0039921434     0.0004670868
7 C     0.0000863548    -0.0053409443    -0.0003528607
8 C     0.0161248124     0.0051332086     0.0015098580
9 C     0.0222832334     0.0257355257     0.0036201749
10 O    -0.1078665418    -0.0253101367    -0.0134874728
11 O     0.0988165751     0.0118778207     0.0124009908
12 H    -0.0079242510     0.0075032899     0.0001348105
13 H    -0.0026489404    -0.0057299166    -0.0096871112
14 H    -0.0029009278    -0.0064329731     0.0090728121
15 H     0.0003745321     0.0104143866    -0.0073868074
16 H     0.0001564934     0.0096867990     0.0082783945
17 H    -0.0086934974     0.0099183883     0.0003590941
18 H     0.0055283491     0.0139324566     0.0007763033
19 H     0.0143704785     0.0021504045     0.0003641083
20 H     0.0083380598    -0.0141228772    -0.0003995732
21 H    -0.0352128471    -0.0470824361    -0.0054835733
----------------------------------------------
[2026-07-09 19:02:21]   [OPT] [DEC_00338] eval=001 E=-567.2657248620 Ha max|grad|=1.079e-01 Ha/Bohr SCF=True time=66.7s

WARN: Mole.unit (Angstrom) is changed to Bohr

converged SCF energy = -567.119970137103
--------------- DFTD3 gradients ---------------
         x                y                z
0 C    -0.0016095062     0.0334719288     0.0011768546
1 C    -0.0146030903    -0.1000949153    -0.0048478502
2 O     0.0574947737     0.0904708826     0.0044773994
3 C    -0.0969732564    -0.0547821475    -0.0038914847
4 C     0.0066731870     0.0002764931     0.0001464201
5 C     0.0307983822     0.0051809645     0.0008724682
6 C    -0.0309511590    -0.0015904262    -0.0005987346
7 C     0.0975697218     0.0178985256     0.0031532166
8 C    -0.0427529514     0.0290352860    -0.0009926848
9 C    -0.1335507225    -0.1327326879    -0.0183775733
10 O     0.1907641798     0.0469521650     0.0247759666
11 O    -0.1466417768    -0.0674653503    -0.0192069946
12 H    -0.0027012277    -0.0133983218    -0.0005006311
13 H     0.0003823773     0.0031225585     0.0044021478
14 H     0.0004621334     0.0032210992    -0.0039342114
15 H     0.0063800215     0.0132640426    -0.0110440058
16 H     0.0060787434     0.0123144696     0.0125382709
17 H    -0.0102529104     0.0166529903     0.0006146376
18 H     0.0023959372     0.0028961291     0.0001716655
19 H     0.0141497028     0.0025489252     0.0003068416
20 H    -0.0067882830     0.0082106537     0.0000424560
21 H     0.0736323040     0.0845405637     0.0107263349
----------------------------------------------
[2026-07-09 19:03:42]   [OPT] [DEC_00338] eval=002 E=-567.1199701371 Ha max|grad|=1.908e-01 Ha/Bohr SCF=True time=80.9s

WARN: Mole.unit (Angstrom) is changed to Bohr

converged SCF energy = -567.284298367799
--------------- DFTD3 gradients ---------------
         x                y                z
0 C    -0.0059362989     0.0032493484     0.0000505359
1 C    -0.0017063008     0.0001729140     0.0000042983
2 O    -0.0036305757    -0.0276875304    -0.0015218016
3 C    -0.0124165164    -0.0007067205    -0.0001723591
4 C    -0.0013401321     0.0139805864     0.0005674863
5 C     0.0090695115     0.0077791786     0.0005452212
6 C     0.0035163472     0.0030031951     0.0002340998
7 C     0.0203059180    -0.0008460387     0.0003645863
8 C     0.0022313690     0.0092647363     0.0007188800
9 C    -0.0770560971    -0.0302913572    -0.0096737838
10 O     0.0370079865     0.0077228696     0.0049486223
11 O     0.0210110313    -0.0307818120     0.0020092814
12 H    -0.0066052133     0.0026768574    -0.0000093554
13 H    -0.0018047118    -0.0036700202    -0.0064656643
14 H    -0.0019869563    -0.0041926513     0.0061082071
15 H     0.0019176132     0.0109995235    -0.0080841169
16 H     0.0016901411     0.0102246645     0.0091065324
17 H    -0.0089235915     0.0113835083     0.0004139354
18 H     0.0048045387     0.0114261525     0.0006414715
19 H     0.0143007311     0.0022028102     0.0003529807
20 H     0.0047756770    -0.0088509924    -0.0002762230
21 H     0.0006542268     0.0128968716     0.0001922370
----------------------------------------------
[2026-07-09 19:04:51]   [OPT] [DEC_00338] eval=003 E=-567.2842983678 Ha max|grad|=7.706e-02 Ha/Bohr SCF=True time=69.0s

WARN: Mole.unit (Angstrom) is changed to Bohr

converged SCF energy = -567.290489101573
--------------- DFTD3 gradients ---------------
         x                y                z
0 C    -0.0049819866     0.0021772783     0.0000149182
1 C    -0.0005424448    -0.0064841916    -0.0003275323
2 O    -0.0034956208    -0.0115073468    -0.0007461685
3 C    -0.0097160941    -0.0007253731    -0.0000425151
4 C    -0.0011575513     0.0079455189     0.0003406969
5 C     0.0045192102     0.0071333196     0.0004261080
6 C     0.0073703179     0.0037333943     0.0003687540
7 C     0.0121976345    -0.0018981560     0.0001487120
8 C    -0.0034078163    -0.0012292628    -0.0003495438
9 C    -0.0082966782    -0.0170114763    -0.0014099022
10 O     0.0032022849    -0.0043633381     0.0005470293
11 O    -0.0088207348    -0.0169341330    -0.0012962651
12 H    -0.0064200182     0.0015798387    -0.0000413641
13 H    -0.0016339431    -0.0015749223    -0.0033735614
14 H    -0.0017172003    -0.0018908116     0.0032096342
15 H     0.0021318758     0.0077620155    -0.0049157442
16 H     0.0019977191     0.0072887807     0.0056747993
17 H    -0.0078768696     0.0115073533     0.0004271401
18 H     0.0048680931     0.0101041723     0.0005764907
19 H     0.0106759352     0.0021354946     0.0002857684
20 H     0.0052134723    -0.0080998321    -0.0002731042
21 H     0.0057886773     0.0103073902     0.0007957742
----------------------------------------------
[2026-07-09 19:06:18]   [OPT] [DEC_00338] eval=004 E=-567.2904891016 Ha max|grad|=1.701e-02 Ha/Bohr SCF=True time=87.2s

WARN: Mole.unit (Angstrom) is changed to Bohr

converged SCF energy = -567.292742073683
--------------- DFTD3 gradients ---------------
         x                y                z
0 C    -0.0042649047    -0.0002060768    -0.0000676497
1 C    -0.0002810999    -0.0032700221    -0.0001749559
2 O    -0.0041121843    -0.0021007828    -0.0002891538
3 C    -0.0030987607    -0.0009327921     0.0000349514
4 C    -0.0023688235     0.0040891806     0.0001709714
5 C     0.0016260089     0.0053545730     0.0002897936
6 C     0.0066968632     0.0023631168     0.0002810045
7 C     0.0023128696    -0.0003630630     0.0000138631
8 C     0.0005797477    -0.0044948075    -0.0004916630
9 C     0.0108039102    -0.0076874130     0.0010369244
10 O    -0.0053058822    -0.0082027403    -0.0006016311
11 O    -0.0113041233    -0.0029401210    -0.0013243524
12 H    -0.0058228859     0.0008697359    -0.0000514122
13 H    -0.0017731604     0.0001655346    -0.0006662821
14 H    -0.0017621943     0.0000488977     0.0006384448
15 H     0.0017420812     0.0028991607    -0.0002396404
16 H     0.0017344352     0.0028625631     0.0005488729
17 H    -0.0051208339     0.0089660402     0.0003518022
18 H     0.0043130865     0.0082057651     0.0004755084
19 H     0.0084756273     0.0023655037     0.0002621802
20 H     0.0051711371    -0.0068733458    -0.0002158051
21 H     0.0016675097    -0.0011520598     0.0000558410
----------------------------------------------
[2026-07-09 19:07:23]   [OPT] [DEC_00338] eval=005 E=-567.2927420737 Ha max|grad|=1.130e-02 Ha/Bohr SCF=True time=65.4s

WARN: Mole.unit (Angstrom) is changed to Bohr

[2026-07-09 19:07:23]   [OPT] [DEC_00338] done: success=False nit=3 neval=5 max|grad|=1.130e-02 message=STOP: TOTAL NO. OF ITERATIONS REACHED LIMIT
[2026-07-09 19:07:23]   [WARN] [DEC_00338] Optimization did not fully converge; using last geometry
[2026-07-09 19:07:23]   [DFT] [DEC_00338] final single-point start
converged SCF energy = -567.292742073684
[2026-07-09 19:08:30]   [DFT] [DEC_00338] final SCF done: E=-567.2927420737 Ha converged=True time=66.5s
[2026-07-09 19:08:30]   [DFT] [DEC_00338] descriptors: HOMO=-3.7463 eV LUMO=1.5305 eV gap=5.2769 eV opt_status=opt_not_converged: STOP: TOTAL NO. OF ITERATIONS REACHED LIMIT
[2026-07-09 19:08:30] END compound_id=DEC_00338
