[2026-07-09 18:26:54] ========================================================================
[2026-07-09 18:26:54] BEGIN compound_id=DEC_00333 molecule_index=691/732 method=DFT-b3lyp/sto-3g-D3
[2026-07-09 18:26:54] settings functional=b3lyp basis=sto-3g D3=True geom_max_steps=3 scf_max_cycles=50
[2026-07-09 18:26:54]   [xTB] [DEC_00333] start: atoms=28 charge=0 multiplicity=1 opt=tight solvent=gas
[2026-07-09 18:26:58]   [OK] [DEC_00333] GFN2-xTB converged; RMSD(MMFF,xTB)=0.2003 A
[2026-07-09 18:26:58]   [DFT] build PySCF molecule: atoms=28 charge=0 spin=0
[2026-07-09 18:26:58]   [DFT] [DEC_00333] start
[2026-07-09 18:26:58]   [OPT] [DEC_00333] start: atoms=28, basis=sto-3g, D3=True, maxiter=3

WARN: Mole.unit (Angstrom) is changed to Bohr

converged SCF energy = -497.840821886577
--------------- DFTD3 gradients ---------------
         x                y                z
0 C     0.0007146884    -0.0092667187     0.0009500624
1 C    -0.0040601055    -0.0015047375    -0.0082457806
2 C    -0.0076403568     0.0047766958     0.0022274068
3 C     0.0153878614     0.0115874725    -0.0283936604
4 O    -0.0424556741    -0.0275900677     0.0500048603
5 C     0.0080586284     0.0226819192    -0.0023298784
6 C     0.0043007998     0.0019470036    -0.0009455137
7 C     0.0006026260     0.0108497911    -0.0018364703
8 C     0.0098337512     0.0058616432    -0.0062575855
9 C     0.0099376210    -0.0066055402    -0.0043645926
10 C    -0.0005869061    -0.0128078370     0.0022090601
11 C    -0.0079693921    -0.0048003778     0.0051700677
12 H     0.0071914296    -0.0053544559    -0.0042184789
13 H     0.0030909871    -0.0007755018     0.0104472078
14 H    -0.0082595505    -0.0058803940    -0.0004864731
15 H    -0.0015633385    -0.0001377841    -0.0074464377
16 H     0.0017554587     0.0013898842     0.0107851529
17 H    -0.0090918463    -0.0045937336     0.0000156931
18 H    -0.0018018395     0.0094013868    -0.0030889636
19 H     0.0061406448    -0.0043797455    -0.0104560861
20 H    -0.0014609077     0.0089262125    -0.0090628922
21 H     0.0019769426     0.0032473457     0.0128843130
22 H     0.0059013103     0.0117360511    -0.0026351145
23 H    -0.0004305803     0.0137982138    -0.0020210009
24 H     0.0111745065     0.0062440805    -0.0069853436
25 H     0.0110566921    -0.0079949286    -0.0048072288
26 H     0.0001287894    -0.0143893611     0.0019956839
27 H    -0.0119151934    -0.0063410122     0.0068999654
----------------------------------------------
[2026-07-09 18:28:06]   [OPT] [DEC_00333] eval=001 E=-497.8408218866 Ha max|grad|=5.000e-02 Ha/Bohr SCF=True time=68.3s

WARN: Mole.unit (Angstrom) is changed to Bohr

converged SCF energy = -497.734255422446
--------------- DFTD3 gradients ---------------
         x                y                z
0 C     0.0014033917     0.0148823219     0.0055844975
1 C     0.0291214132     0.0161982390     0.0029534954
2 C     0.0137904750    -0.0061172959     0.0043636828
3 C    -0.1078047286    -0.0691758841     0.1362449265
4 O     0.1069903446     0.0788547063    -0.1300666598
5 C    -0.0594619922    -0.1207903121     0.1091771077
6 C    -0.0342468856     0.0084853942     0.0103078985
7 C     0.0392499461    -0.0298081100    -0.0169846999
8 C    -0.0262211752    -0.0277251066     0.0181180330
9 C    -0.0370874660     0.0274258258     0.0161425904
10 C     0.0055726777     0.0454689762    -0.0091519814
11 C     0.0353802389    -0.0075924401    -0.0167159636
12 H    -0.0108842916    -0.0003493576     0.0089409432
13 H    -0.0062503797    -0.0047719234    -0.0278014037
14 H     0.0155540383     0.0011118533     0.0030028028
15 H    -0.0152477040    -0.0078541332    -0.0129962049
16 H    -0.0100258415     0.0001651034    -0.0278298877
17 H     0.0088880591     0.0130538543     0.0035023202
18 H    -0.0044330939    -0.0105391105     0.0082099998
19 H     0.0323247354    -0.0072893149    -0.0131263523
20 H     0.0084348657     0.0280652808    -0.0084200021
21 H     0.0115263190     0.0186715001    -0.0370558459
22 H    -0.0091365077     0.0424751132    -0.0190776311
23 H    -0.0012901958     0.0003464665     0.0004772646
24 H     0.0067358022     0.0032468008    -0.0042496266
25 H     0.0056814925    -0.0038934335    -0.0025050240
26 H    -0.0000891637    -0.0084036973     0.0010694354
27 H     0.0015495252     0.0058414145    -0.0021058256
----------------------------------------------
[2026-07-09 18:29:49]   [OPT] [DEC_00333] eval=002 E=-497.7342554224 Ha max|grad|=1.362e-01 Ha/Bohr SCF=True time=102.7s

WARN: Mole.unit (Angstrom) is changed to Bohr

converged SCF energy = -497.851206989363
--------------- DFTD3 gradients ---------------
         x                y                z
0 C     0.0012408355    -0.0037731758     0.0024406587
1 C     0.0045085751     0.0032485373    -0.0070384727
2 C    -0.0024932272     0.0026047086     0.0031902437
3 C    -0.0121316758    -0.0075609330     0.0219756573
4 O     0.0011646959     0.0023528518    -0.0054004464
5 C    -0.0182323266    -0.0118154394     0.0215556241
6 C    -0.0049176152     0.0027462834     0.0013024715
7 C     0.0095190268     0.0016583835    -0.0052734934
8 C     0.0014129721    -0.0020579495    -0.0005459561
9 C    -0.0013109230     0.0012590714     0.0005833665
10 C     0.0012418600     0.0007780679    -0.0006495036
11 C     0.0018703437    -0.0055613975     0.0002383986
12 H     0.0033506648    -0.0042289690    -0.0014286218
13 H     0.0009778153    -0.0014736128     0.0018843022
14 H    -0.0031845403    -0.0042542470     0.0002655002
15 H    -0.0047896296    -0.0019830342    -0.0085203011
16 H    -0.0007494119     0.0009814073     0.0021049290
17 H    -0.0051212014    -0.0008940093     0.0007609810
18 H    -0.0023118520     0.0051363613    -0.0006982482
19 H     0.0120301167    -0.0039064270    -0.0095165338
20 H     0.0016922735     0.0124597347    -0.0077185892
21 H     0.0047173793     0.0063064051     0.0014388328
22 H     0.0009938221     0.0153710653    -0.0054811493
23 H    -0.0006283792     0.0109607687    -0.0015035441
24 H     0.0102372710     0.0056255435    -0.0064193882
25 H     0.0099303869    -0.0071359390    -0.0043242420
26 H     0.0000784036    -0.0131346945     0.0018035962
27 H    -0.0090879831    -0.0036769392     0.0049523481
----------------------------------------------
[2026-07-09 18:30:51]   [OPT] [DEC_00333] eval=003 E=-497.8512069894 Ha max|grad|=2.198e-02 Ha/Bohr SCF=True time=62.8s

WARN: Mole.unit (Angstrom) is changed to Bohr

converged SCF energy = -497.854558318172
--------------- DFTD3 gradients ---------------
         x                y                z
0 C    -0.0001917819    -0.0012779291    -0.0015479830
1 C    -0.0035253049    -0.0019261954     0.0004615333
2 C    -0.0014975913     0.0005535496    -0.0013800158
3 C     0.0015227123    -0.0002660759     0.0046419784
4 O     0.0044243074     0.0048953251    -0.0066726384
5 C    -0.0116018438     0.0029307367     0.0000518301
6 C    -0.0008174119    -0.0013652288     0.0007306512
7 C    -0.0025161156     0.0035261611     0.0008074651
8 C     0.0081884567     0.0017751745    -0.0048281210
9 C     0.0050345141    -0.0046511963    -0.0020093737
10 C     0.0019387474    -0.0076827107     0.0000847236
11 C    -0.0031268597     0.0009219424     0.0017721621
12 H     0.0006476632    -0.0031372623     0.0008038572
13 H     0.0004388281    -0.0014988317    -0.0002810149
14 H     0.0006154984    -0.0024337248     0.0008550594
15 H    -0.0033707031    -0.0013692355    -0.0063614899
16 H    -0.0012032371     0.0008753213    -0.0000028184
17 H    -0.0017043804     0.0015934332     0.0012820970
18 H    -0.0023498035     0.0019190892     0.0012332670
19 H     0.0005631020     0.0033802714     0.0010887263
20 H     0.0030447050    -0.0003492943    -0.0003534358
21 H     0.0034515907     0.0060002766     0.0083827027
22 H    -0.0019237015    -0.0019431091     0.0038277037
23 H     0.0005462475     0.0044900381    -0.0010738537
24 H     0.0037219260     0.0010287526    -0.0022172551
25 H     0.0020096767    -0.0014442810    -0.0008325041
26 H     0.0005039886    -0.0034865364     0.0002046160
27 H    -0.0028192102    -0.0010195807     0.0013171264
----------------------------------------------
[2026-07-09 18:31:56]   [OPT] [DEC_00333] eval=004 E=-497.8545583182 Ha max|grad|=1.160e-02 Ha/Bohr SCF=True time=65.2s

WARN: Mole.unit (Angstrom) is changed to Bohr

converged SCF energy = -497.855587477657
--------------- DFTD3 gradients ---------------
         x                y                z
0 C    -0.0004947001    -0.0008541808    -0.0007845865
1 C    -0.0028735089    -0.0015723490    -0.0017165686
2 C    -0.0010923122     0.0001855826    -0.0006770192
3 C     0.0011337957     0.0016760841    -0.0042099718
4 O     0.0010959927     0.0037155229    -0.0034775150
5 C     0.0009129800     0.0026231347     0.0021711112
6 C    -0.0024814400     0.0017694589     0.0010838733
7 C     0.0025738339    -0.0016362216    -0.0010906006
8 C    -0.0021893695    -0.0006065924     0.0011798901
9 C     0.0007137591    -0.0001049169    -0.0003553580
10 C    -0.0000535402     0.0014192519    -0.0000624756
11 C     0.0021576570    -0.0034133769    -0.0006001920
12 H    -0.0004907414    -0.0023103414     0.0012796760
13 H    -0.0000713141    -0.0014720483    -0.0021098243
14 H     0.0016497766    -0.0020782706     0.0009161969
15 H    -0.0017539587    -0.0009033309    -0.0013864265
16 H    -0.0015993909     0.0006879427    -0.0018836759
17 H    -0.0010225471     0.0022660832     0.0013008007
18 H    -0.0021208627     0.0004317002     0.0015750073
19 H    -0.0017932234     0.0043336028     0.0037069449
20 H     0.0030793587    -0.0040370558     0.0019640765
21 H     0.0010267794     0.0048976255     0.0030140045
22 H    -0.0033559781    -0.0025374929     0.0041051783
23 H     0.0003209650     0.0018794218    -0.0005634960
24 H     0.0046987246     0.0013328470    -0.0028083722
25 H     0.0023948911    -0.0019316079    -0.0009791392
26 H     0.0005935168    -0.0038304483     0.0002113484
27 H    -0.0009545704     0.0001082767     0.0001851759
----------------------------------------------
[2026-07-09 18:33:07]   [OPT] [DEC_00333] eval=005 E=-497.8555874777 Ha max|grad|=4.898e-03 Ha/Bohr SCF=True time=70.2s

WARN: Mole.unit (Angstrom) is changed to Bohr

[2026-07-09 18:33:07]   [OPT] [DEC_00333] done: success=False nit=3 neval=5 max|grad|=4.898e-03 message=STOP: TOTAL NO. OF ITERATIONS REACHED LIMIT
[2026-07-09 18:33:07]   [WARN] [DEC_00333] Optimization did not fully converge; using last geometry
[2026-07-09 18:33:07]   [DFT] [DEC_00333] final single-point start
converged SCF energy = -497.855587477657
[2026-07-09 18:34:08]   [DFT] [DEC_00333] final SCF done: E=-497.8555874777 Ha converged=True time=61.4s
[2026-07-09 18:34:08]   [DFT] [DEC_00333] descriptors: HOMO=-3.8212 eV LUMO=2.3815 eV gap=6.2027 eV opt_status=opt_not_converged: STOP: TOTAL NO. OF ITERATIONS REACHED LIMIT
[2026-07-09 18:34:08] END compound_id=DEC_00333
