[2026-07-09 11:32:09] ========================================================================
[2026-07-09 11:32:09] BEGIN compound_id=DEC_00273 molecule_index=634/732 method=DFT-b3lyp/sto-3g-D3
[2026-07-09 11:32:09] settings functional=b3lyp basis=sto-3g D3=True geom_max_steps=3 scf_max_cycles=50
[2026-07-09 11:32:09]   [xTB] [DEC_00273] start: atoms=24 charge=0 multiplicity=1 opt=tight solvent=gas
[2026-07-09 11:32:12]   [OK] [DEC_00273] GFN2-xTB converged; RMSD(MMFF,xTB)=0.0568 A
[2026-07-09 11:32:12]   [DFT] build PySCF molecule: atoms=24 charge=0 spin=0
[2026-07-09 11:32:12]   [DFT] [DEC_00273] start
[2026-07-09 11:32:12]   [OPT] [DEC_00273] start: atoms=24, basis=sto-3g, D3=True, maxiter=3

WARN: Mole.unit (Angstrom) is changed to Bohr

converged SCF energy = -912.516655982382
--------------- DFTD3 gradients ---------------
         x                y                z
0 O     0.0240456816    -0.0784645423    -0.0770726001
1 C    -0.0333338475     0.0104221225     0.0120898560
2 C    -0.0024175548     0.0212808266     0.0194214710
3 Cl    -0.0273133908    -0.0208364044    -0.0176678492
4 O     0.0166756789     0.0662553457     0.0625270057
5 C     0.0003496003    -0.0090165589    -0.0161980253
6 C    -0.0049992690    -0.0117867496     0.0074414797
7 C     0.0051021812    -0.0110745288    -0.0004799291
8 C     0.0111159140     0.0001609720     0.0059685891
9 C     0.0071054538     0.0082695679    -0.0050199132
10 C    -0.0044017029     0.0141622368     0.0015820526
11 H    -0.0032390668     0.0125888166    -0.0000726195
12 H    -0.0025862076     0.0009495154     0.0127492179
13 H     0.0039631923    -0.0038210477    -0.0122005761
14 H    -0.0048074076    -0.0076385265    -0.0014014135
15 H    -0.0017385260     0.0008802070     0.0081269059
16 H     0.0035244771    -0.0074897425     0.0043796620
17 H     0.0018085957    -0.0031878958    -0.0082414952
18 H    -0.0000462105     0.0018607469     0.0085663496
19 H     0.0091017007    -0.0010096440    -0.0006505916
20 H     0.0048208928     0.0078364369     0.0010289495
21 H     0.0019688809    -0.0007872438    -0.0086705265
22 H    -0.0033364162     0.0072907145    -0.0047869404
23 H    -0.0013936823     0.0031606551     0.0085662950
----------------------------------------------
[2026-07-09 11:33:04]   [OPT] [DEC_00273] eval=001 E=-912.5166559824 Ha max|grad|=7.846e-02 Ha/Bohr SCF=True time=52.6s

WARN: Mole.unit (Angstrom) is changed to Bohr

converged SCF energy = -912.375981609869
--------------- DFTD3 gradients ---------------
         x                y                z
0 O    -0.0549416877     0.1459151106     0.1433833207
1 C     0.1650132562    -0.0931002658    -0.0943858531
2 C    -0.0614473012    -0.0414301529    -0.0354548614
3 Cl     0.0165693885     0.0240328917     0.0210571890
4 O    -0.0604515378    -0.0898497174    -0.0875876673
5 C     0.0015626953     0.0502489482     0.0763806418
6 C     0.0121608126     0.0149674299    -0.0195904405
7 C    -0.0030631648     0.0133125353     0.0010206252
8 C    -0.0206069157     0.0002547576    -0.0086249126
9 C    -0.0072240030    -0.0058620066     0.0088056921
10 C     0.0317911619    -0.0358955541    -0.0121675167
11 H    -0.0125619795     0.0231645671     0.0015464689
12 H    -0.0113808891     0.0033999955     0.0235153568
13 H    -0.0110680365    -0.0049111207    -0.0214063913
14 H    -0.0069252570    -0.0124458692     0.0031348029
15 H    -0.0026384311    -0.0023597353    -0.0007401197
16 H     0.0062495544    -0.0101939963     0.0014775756
17 H     0.0009487149    -0.0029876612     0.0055509012
18 H     0.0049792161    -0.0009706349    -0.0019519315
19 H     0.0112769882    -0.0006358946     0.0028116825
20 H     0.0086519115     0.0076075068    -0.0028690644
21 H     0.0016485764     0.0045685122     0.0031125647
22 H    -0.0060421786     0.0117555397    -0.0041355507
23 H    -0.0024474128     0.0014076566    -0.0029416577
----------------------------------------------
[2026-07-09 11:34:30]   [OPT] [DEC_00273] eval=002 E=-912.3759816099 Ha max|grad|=1.650e-01 Ha/Bohr SCF=True time=85.7s

WARN: Mole.unit (Angstrom) is changed to Bohr

converged SCF energy = -912.530257928915
--------------- DFTD3 gradients ---------------
         x                y                z
0 O    -0.0088591960     0.0314081067     0.0305876323
1 C     0.0356568940    -0.0570244184    -0.0556523012
2 C    -0.0156238130     0.0028984164     0.0031714147
3 Cl    -0.0147675125    -0.0084975711    -0.0070262251
4 O    -0.0153453464     0.0204034059     0.0184380637
5 C     0.0034301783     0.0027807382     0.0015371338
6 C    -0.0009980921    -0.0062595874     0.0017517461
7 C     0.0033777734    -0.0058757398    -0.0000381281
8 C     0.0043533859     0.0001456599     0.0027434642
9 C     0.0039425182     0.0052689849    -0.0019812753
10 C     0.0029540078     0.0028787083    -0.0013713640
11 H    -0.0050964631     0.0147884434     0.0002387592
12 H    -0.0043196431     0.0014200765     0.0149831332
13 H     0.0004610626    -0.0041692408    -0.0136515187
14 H    -0.0052553633    -0.0086042343    -0.0004772163
15 H    -0.0019429889     0.0003038949     0.0063331035
16 H     0.0041093059    -0.0080441839     0.0037750250
17 H     0.0016108598    -0.0031012768    -0.0054473381
18 H     0.0009327400     0.0012914177     0.0064305694
19 H     0.0095514691    -0.0009305971     0.0000656631
20 H     0.0056180429     0.0077793420     0.0002238158
21 H     0.0018795042     0.0002663711    -0.0062646867
22 H    -0.0039358522     0.0081804100    -0.0046204613
23 H    -0.0017406002     0.0026864313     0.0062285830
----------------------------------------------
[2026-07-09 11:35:37]   [OPT] [DEC_00273] eval=003 E=-912.5302579289 Ha max|grad|=5.702e-02 Ha/Bohr SCF=True time=66.7s

WARN: Mole.unit (Angstrom) is changed to Bohr

converged SCF energy = -912.535881660768
--------------- DFTD3 gradients ---------------
         x                y                z
0 O     0.0019684733     0.0061658733     0.0056668943
1 C     0.0177420188    -0.0091509624    -0.0087097902
2 C    -0.0078218444    -0.0052482008    -0.0045940108
3 Cl    -0.0115971017    -0.0045134679    -0.0035626717
4 O    -0.0173988863     0.0000764955    -0.0013200180
5 C     0.0002974989     0.0063046630     0.0045787223
6 C    -0.0004253974    -0.0039289720     0.0008310580
7 C     0.0029663767    -0.0045596505     0.0002424725
8 C     0.0032345606     0.0000976450     0.0015862649
9 C     0.0040040678     0.0040137340    -0.0013509381
10 C     0.0038128031     0.0021968001    -0.0012550203
11 H    -0.0040845872     0.0115480626     0.0004719316
12 H    -0.0034299988     0.0013640929     0.0115927710
13 H    -0.0008606526    -0.0026495493    -0.0089725608
14 H    -0.0045544380    -0.0076424939     0.0002169993
15 H    -0.0016302749    -0.0005519442     0.0042776179
16 H     0.0039953919    -0.0072809746     0.0027521671
17 H     0.0015172274    -0.0028937494    -0.0035480718
18 H     0.0013941852     0.0008569309     0.0047250481
19 H     0.0079736689    -0.0006525797     0.0006984303
20 H     0.0054104004     0.0068212533    -0.0003370797
21 H     0.0018185684     0.0009337436    -0.0043116639
22 H    -0.0031314048     0.0065093200    -0.0031330348
23 H    -0.0012248791     0.0021604184     0.0034230202
----------------------------------------------
[2026-07-09 11:36:36]   [OPT] [DEC_00273] eval=004 E=-912.5358816608 Ha max|grad|=1.774e-02 Ha/Bohr SCF=True time=59.1s

WARN: Mole.unit (Angstrom) is changed to Bohr

converged SCF energy = -912.537797517523
--------------- DFTD3 gradients ---------------
         x                y                z
0 O     0.0071592166    -0.0035973678    -0.0039059948
1 C     0.0007507233     0.0070626427     0.0072869060
2 C    -0.0040684872    -0.0040963446    -0.0035074704
3 Cl    -0.0087250335    -0.0020306811    -0.0014512895
4 O    -0.0078081407    -0.0060368025    -0.0075173637
5 C    -0.0026243053     0.0043360310     0.0010975174
6 C    -0.0013198304    -0.0022416625     0.0010200975
7 C     0.0025659253    -0.0034684084     0.0003728309
8 C     0.0034481732    -0.0000776519     0.0009451150
9 C     0.0044403108     0.0026853589    -0.0011004473
10 C     0.0017963547     0.0044404345    -0.0000407454
11 H    -0.0030851746     0.0042103808     0.0013690021
12 H    -0.0028487096     0.0016059395     0.0040590297
13 H    -0.0021611738    -0.0003440029    -0.0015823674
14 H    -0.0032399465    -0.0052279466     0.0008554330
15 H    -0.0010645014    -0.0016193267     0.0020515421
16 H     0.0034673353    -0.0058009989     0.0013573029
17 H     0.0014237174    -0.0026269379    -0.0015214724
18 H     0.0018109005     0.0003612271     0.0026339277
19 H     0.0054733804    -0.0002625712     0.0014073159
20 H     0.0046945749     0.0052312528    -0.0009516462
21 H     0.0018262579     0.0015830386    -0.0022830236
22 H    -0.0016690038     0.0040484097    -0.0010737134
23 H    -0.0002767938     0.0018302302     0.0004423384
----------------------------------------------
[2026-07-09 11:37:40]   [OPT] [DEC_00273] eval=005 E=-912.5377975175 Ha max|grad|=8.725e-03 Ha/Bohr SCF=True time=64.0s

WARN: Mole.unit (Angstrom) is changed to Bohr

[2026-07-09 11:37:40]   [OPT] [DEC_00273] done: success=False nit=3 neval=5 max|grad|=8.725e-03 message=STOP: TOTAL NO. OF ITERATIONS REACHED LIMIT
[2026-07-09 11:37:40]   [WARN] [DEC_00273] Optimization did not fully converge; using last geometry
[2026-07-09 11:37:40]   [DFT] [DEC_00273] final single-point start
converged SCF energy = -912.537797517522
[2026-07-09 11:38:28]   [DFT] [DEC_00273] final SCF done: E=-912.5377975175 Ha converged=True time=48.6s
[2026-07-09 11:38:28]   [DFT] [DEC_00273] descriptors: HOMO=-4.6128 eV LUMO=2.4695 eV gap=7.0822 eV opt_status=opt_not_converged: STOP: TOTAL NO. OF ITERATIONS REACHED LIMIT
[2026-07-09 11:38:28] END compound_id=DEC_00273
