[2026-07-08 18:11:21] ========================================================================
[2026-07-08 18:11:21] BEGIN compound_id=DEC_00041 molecule_index=409/732 method=DFT-b3lyp/sto-3g-D3
[2026-07-08 18:11:21] settings functional=b3lyp basis=sto-3g D3=True geom_max_steps=3 scf_max_cycles=50
[2026-07-08 18:11:21]   [xTB] [DEC_00041] start: atoms=19 charge=0 multiplicity=1 opt=tight solvent=gas
[2026-07-08 18:11:24]   [OK] [DEC_00041] GFN2-xTB converged; RMSD(MMFF,xTB)=0.1811 A
[2026-07-08 18:11:24]   [DFT] build PySCF molecule: atoms=19 charge=0 spin=0
[2026-07-08 18:11:24]   [DFT] [DEC_00041] start
[2026-07-08 18:11:24]   [OPT] [DEC_00041] start: atoms=19, basis=sto-3g, D3=True, maxiter=3

WARN: Mole.unit (Angstrom) is changed to Bohr

converged SCF energy = -307.234278964413
--------------- DFTD3 gradients ---------------
         x                y                z
0 C    -0.0192482997     0.0117315688     0.0078063562
1 C    -0.0107705668     0.0116924969     0.0521357152
2 O     0.0185343599    -0.0183569647    -0.0955273523
3 C     0.0066682810    -0.0088342334     0.0210617965
4 C    -0.0014450292    -0.0036176031    -0.0043985100
5 C     0.0061802308    -0.0056986367     0.0062850633
6 C     0.0049491152     0.0083465064    -0.0040407296
7 H    -0.0081122744     0.0006594474    -0.0062080683
8 H    -0.0054605632    -0.0044108463     0.0083844631
9 H     0.0002324538     0.0104070548     0.0041348202
10 H    -0.0002260284     0.0049513044     0.0070364996
11 H    -0.0020812284    -0.0071918367     0.0063955932
12 H    -0.0007297250    -0.0049991928    -0.0075303457
13 H     0.0101372060    -0.0014546584    -0.0026389184
14 H    -0.0036755211    -0.0088428079     0.0026234795
15 H     0.0005050374     0.0047100121     0.0082683399
16 H     0.0002143317     0.0058127921     0.0069619276
17 H    -0.0052969154     0.0054374019    -0.0071798645
18 H     0.0096826099    -0.0003273126    -0.0035029956
----------------------------------------------
[2026-07-08 18:11:50]   [OPT] [DEC_00041] eval=001 E=-307.2342789644 Ha max|grad|=9.553e-02 Ha/Bohr SCF=True time=26.3s

WARN: Mole.unit (Angstrom) is changed to Bohr

converged SCF energy = -307.028837523338
--------------- DFTD3 gradients ---------------
         x                y                z
0 C     0.0184619239    -0.0105822015     0.0166359879
1 C     0.0466768311    -0.0503784744    -0.2558436324
2 O    -0.0341049709     0.0365944466     0.1889375897
3 C    -0.0257444825     0.0268696598    -0.0179777898
4 C     0.0284429073     0.0058172026     0.0139939872
5 C    -0.0003745127     0.0051172369    -0.0086560182
6 C    -0.0114939971    -0.0084713378     0.0044258380
7 H    -0.0005448525     0.0018979290     0.0028835037
8 H    -0.0205413231     0.0141823271     0.0046142356
9 H    -0.0183020600     0.0094555795     0.0065384263
10 H     0.0143580078    -0.0050378420     0.0259079147
11 H     0.0014466514    -0.0196456692     0.0215503835
12 H    -0.0047272978     0.0017963645     0.0027534513
13 H    -0.0083005728    -0.0023299723     0.0088273673
14 H     0.0086143256     0.0075799943     0.0014380644
15 H     0.0021938848    -0.0111541808    -0.0108050616
16 H     0.0019493423    -0.0059740585    -0.0142354743
17 H     0.0095335661    -0.0013268356     0.0074808620
18 H    -0.0075130065     0.0056237642     0.0015643471
----------------------------------------------
[2026-07-08 18:12:34]   [OPT] [DEC_00041] eval=002 E=-307.0288375233 Ha max|grad|=2.558e-01 Ha/Bohr SCF=True time=44.1s

WARN: Mole.unit (Angstrom) is changed to Bohr

converged SCF energy = -307.238310209826
--------------- DFTD3 gradients ---------------
         x                y                z
0 C    -0.0131271611     0.0083134261     0.0066337092
1 C     0.0112983828    -0.0122275774    -0.0722209535
2 O    -0.0040889109     0.0055263241     0.0306696591
3 C     0.0020951737    -0.0046975725     0.0136467257
4 C     0.0028377498    -0.0024591560    -0.0020774945
5 C     0.0053180300    -0.0042979271     0.0044766997
6 C     0.0029242657     0.0062621455    -0.0029688054
7 H    -0.0074487722     0.0008660666    -0.0052360037
8 H    -0.0069620797    -0.0024426954     0.0079921162
9 H    -0.0019081129     0.0104145975     0.0045728814
10 H     0.0012396458     0.0039409200     0.0091549272
11 H    -0.0016142378    -0.0086927205     0.0084284100
12 H    -0.0012666302    -0.0041372934    -0.0062621593
13 H     0.0078593564    -0.0015165976    -0.0013022398
14 H    -0.0022360943    -0.0068539042     0.0024543728
15 H     0.0006685081     0.0028240220     0.0059144270
16 H     0.0003939943     0.0043222629     0.0044198065
17 H    -0.0035432136     0.0045453462    -0.0053672090
18 H     0.0076029845     0.0003305173    -0.0028746862
----------------------------------------------
[2026-07-08 18:12:59]   [OPT] [DEC_00041] eval=003 E=-307.2383102098 Ha max|grad|=7.222e-02 Ha/Bohr SCF=True time=25.0s

WARN: Mole.unit (Angstrom) is changed to Bohr

converged SCF energy = -307.24080809863
--------------- DFTD3 gradients ---------------
         x                y                z
0 C    -0.0092432060     0.0059986060     0.0027338346
1 C     0.0045228541    -0.0056763409    -0.0360929395
2 O     0.0004895616     0.0007020025     0.0047118058
3 C     0.0005090789    -0.0039828547     0.0076971403
4 C     0.0030409271    -0.0023572080    -0.0007551257
5 C     0.0052738781    -0.0039616907     0.0038347700
6 C     0.0026902486     0.0054327251    -0.0026939714
7 H    -0.0076354700     0.0014046306    -0.0039818445
8 H    -0.0060569128    -0.0023081717     0.0069808714
9 H    -0.0019027165     0.0092865674     0.0041331555
10 H     0.0007308619     0.0037568097     0.0081351439
11 H    -0.0016534350    -0.0079433113     0.0079587979
12 H    -0.0012137226    -0.0036849995    -0.0054789835
13 H     0.0071864619    -0.0016048373    -0.0007449673
14 H    -0.0016811184    -0.0060172658     0.0023311916
15 H     0.0007457511     0.0021582338     0.0050766936
16 H     0.0004322404     0.0038409777     0.0035327936
17 H    -0.0028490359     0.0042876420    -0.0047141135
18 H     0.0066574117     0.0006879197    -0.0026089666
----------------------------------------------
[2026-07-08 18:13:24]   [OPT] [DEC_00041] eval=004 E=-307.2408080986 Ha max|grad|=3.609e-02 Ha/Bohr SCF=True time=24.9s

WARN: Mole.unit (Angstrom) is changed to Bohr

converged SCF energy = -307.243037636967
--------------- DFTD3 gradients ---------------
         x                y                z
0 C    -0.0020272453     0.0015458585    -0.0027731057
1 C    -0.0034426271     0.0015136053     0.0058896384
2 O     0.0043038267    -0.0033833663    -0.0180747221
3 C    -0.0025457634    -0.0016901359    -0.0019514212
4 C     0.0035190828    -0.0018340211     0.0008997272
5 C     0.0043641443    -0.0028670805     0.0023908008
6 C     0.0018076038     0.0028353979    -0.0016628354
7 H    -0.0073167336     0.0024844845    -0.0010143557
8 H    -0.0038990965    -0.0005053643     0.0030929603
9 H    -0.0027757802     0.0056143895     0.0028044600
10 H     0.0001170863     0.0015323586     0.0048207289
11 H    -0.0011074484    -0.0053894244     0.0066800137
12 H    -0.0009242788    -0.0020072028    -0.0026774439
13 H     0.0051462270    -0.0018402143     0.0008344999
14 H     0.0001521588    -0.0033692098     0.0019402665
15 H     0.0010787555     0.0000126242     0.0024782046
16 H     0.0005979803     0.0023584172     0.0007552111
17 H    -0.0007513271     0.0032577708    -0.0025999884
18 H     0.0037476137     0.0017485901    -0.0017727317
----------------------------------------------
[2026-07-08 18:13:49]   [OPT] [DEC_00041] eval=005 E=-307.2430376370 Ha max|grad|=1.807e-02 Ha/Bohr SCF=True time=25.5s

WARN: Mole.unit (Angstrom) is changed to Bohr

[2026-07-08 18:13:49]   [OPT] [DEC_00041] done: success=False nit=3 neval=5 max|grad|=1.807e-02 message=STOP: TOTAL NO. OF ITERATIONS REACHED LIMIT
[2026-07-08 18:13:49]   [WARN] [DEC_00041] Optimization did not fully converge; using last geometry
[2026-07-08 18:13:49]   [DFT] [DEC_00041] final single-point start
converged SCF energy = -307.243037636968
[2026-07-08 18:14:08]   [DFT] [DEC_00041] final SCF done: E=-307.2430376370 Ha converged=True time=18.8s
[2026-07-08 18:14:08]   [DFT] [DEC_00041] descriptors: HOMO=-3.7518 eV LUMO=2.4224 eV gap=6.1742 eV opt_status=opt_not_converged: STOP: TOTAL NO. OF ITERATIONS REACHED LIMIT
[2026-07-08 18:14:08] END compound_id=DEC_00041
