[2026-07-08 21:16:51] ========================================================================
[2026-07-08 21:16:51] BEGIN compound_id=DEC_00108 molecule_index=475/732 method=DFT-b3lyp/sto-3g-D3
[2026-07-08 21:16:51] settings functional=b3lyp basis=sto-3g D3=True geom_max_steps=3 scf_max_cycles=50
[2026-07-08 21:16:51]   [xTB] [DEC_00108] start: atoms=21 charge=0 multiplicity=1 opt=tight solvent=gas
[2026-07-08 21:16:54]   [OK] [DEC_00108] GFN2-xTB converged; RMSD(MMFF,xTB)=0.0762 A
[2026-07-08 21:16:54]   [DFT] build PySCF molecule: atoms=21 charge=0 spin=0
[2026-07-08 21:16:54]   [DFT] [DEC_00108] start
[2026-07-08 21:16:54]   [OPT] [DEC_00108] start: atoms=21, basis=sto-3g, D3=True, maxiter=3

WARN: Mole.unit (Angstrom) is changed to Bohr

converged SCF energy = -455.558530650703
--------------- DFTD3 gradients ---------------
         x                y                z
0 C    -0.0074835434    -0.0035107808     0.0015341725
1 C    -0.0016126205     0.0078541712    -0.0042644808
2 C    -0.0005539377    -0.0100073793     0.0053195874
3 C     0.0009680908     0.0203574738    -0.0107251157
4 O    -0.0481119373    -0.0723448934     0.0357528932
5 C     0.0243707024    -0.0195846360     0.0114546931
6 O     0.0207832037     0.0905001169    -0.0465192353
7 C    -0.0077404045    -0.0196034784     0.0099128353
8 O     0.0727633050    -0.0318342047     0.0200270436
9 H    -0.0010820763    -0.0018103271     0.0101714917
10 H    -0.0004367132    -0.0094912067    -0.0041899406
11 H    -0.0093497790     0.0045249128    -0.0028408018
12 H    -0.0000793261     0.0088186784     0.0029581574
13 H     0.0004626260     0.0024408570    -0.0089575548
14 H    -0.0003576256    -0.0022700909     0.0092624110
15 H     0.0002038334    -0.0089667555    -0.0032667350
16 H    -0.0031634457     0.0134518425     0.0036173367
17 H    -0.0024492654     0.0044244452    -0.0133637828
18 H    -0.0038750111    -0.0063203424     0.0144093606
19 H    -0.0030704141    -0.0156385816    -0.0032206031
20 H    -0.0301933370     0.0489946465    -0.0270458579
----------------------------------------------
[2026-07-08 21:17:26]   [OPT] [DEC_00108] eval=001 E=-455.5585306507 Ha max|grad|=9.050e-02 Ha/Bohr SCF=True time=32.0s

WARN: Mole.unit (Angstrom) is changed to Bohr

converged SCF energy = -455.426933453734
--------------- DFTD3 gradients ---------------
         x                y                z
0 C    -0.0025682009     0.0040895156    -0.0022679688
1 C    -0.0076149702    -0.0179984013     0.0092745824
2 C    -0.0109169709     0.0385267732    -0.0209453595
3 C    -0.0150519027    -0.0675027770     0.0347295222
4 O     0.0883282437     0.0904458285    -0.0435179132
5 C    -0.0965443315     0.1454745251    -0.0807618896
6 O    -0.0075353434    -0.1798764837     0.0941377255
7 C     0.1024903783    -0.0064170620     0.0080241165
8 O    -0.0943787040     0.0784664833    -0.0453239175
9 H    -0.0018560194     0.0001994095    -0.0081798476
10 H    -0.0024109452     0.0068181713     0.0042008528
11 H     0.0001533604    -0.0061904481     0.0033200878
12 H     0.0004461576     0.0004510524    -0.0023951523
13 H     0.0003025257     0.0022540892     0.0009901468
14 H     0.0014151079    -0.0014912730     0.0011615896
15 H     0.0014611651    -0.0017262306     0.0006760914
16 H     0.0056329214     0.0080765481     0.0018871461
17 H     0.0058915818     0.0032729864    -0.0071706833
18 H    -0.0032864890    -0.0100756645     0.0055959957
19 H    -0.0032634351    -0.0104661550     0.0048787379
20 H     0.0392620835    -0.0762809472     0.0417497735
----------------------------------------------
[2026-07-08 21:18:05]   [OPT] [DEC_00108] eval=002 E=-455.4269334537 Ha max|grad|=1.799e-01 Ha/Bohr SCF=True time=38.3s

WARN: Mole.unit (Angstrom) is changed to Bohr

converged SCF energy = -455.577176267551
--------------- DFTD3 gradients ---------------
         x                y                z
0 C    -0.0063134578    -0.0017284313     0.0006434820
1 C    -0.0029534645     0.0016175687    -0.0009927594
2 C    -0.0023201032     0.0019688286    -0.0011326755
3 C    -0.0041342140     0.0009133044    -0.0007234247
4 O     0.0042133882    -0.0242627735     0.0128820420
5 C    -0.0087876503     0.0666045777    -0.0353081509
6 O     0.0001412442    -0.0343110726     0.0180579032
7 C     0.0194120092    -0.0120906824     0.0072074160
8 O     0.0243204254     0.0223227328    -0.0105252790
9 H    -0.0012122754    -0.0013113930     0.0058053134
10 H    -0.0008518916    -0.0055976411    -0.0022071844
11 H    -0.0070707928     0.0020095238    -0.0013923000
12 H     0.0000528738     0.0068543369     0.0017302020
13 H     0.0004361843     0.0023733206    -0.0066376423
14 H     0.0001868621    -0.0020534650     0.0073735802
15 H     0.0006314463    -0.0072532327    -0.0023673448
16 H    -0.0009595918     0.0123499322     0.0031446608
17 H    -0.0003605916     0.0043072284    -0.0120033963
18 H    -0.0038861791    -0.0072121457     0.0121305436
19 H    -0.0032797423    -0.0142630846    -0.0012030544
20 H    -0.0072644990    -0.0112555677     0.0055649746
----------------------------------------------
[2026-07-08 21:18:39]   [OPT] [DEC_00108] eval=003 E=-455.5771762676 Ha max|grad|=6.660e-02 Ha/Bohr SCF=True time=34.2s

WARN: Mole.unit (Angstrom) is changed to Bohr

converged SCF energy = -455.582535389126
--------------- DFTD3 gradients ---------------
         x                y                z
0 C    -0.0053670846    -0.0014361566     0.0005291353
1 C    -0.0040149496     0.0013572055    -0.0008995228
2 C    -0.0031251217     0.0014329626    -0.0008911566
3 C    -0.0022235659    -0.0044350082     0.0021975650
4 O     0.0136446258     0.0001818602     0.0004871361
5 C    -0.0102726639    -0.0008644797     0.0000222600
6 O     0.0016498600     0.0040115418    -0.0019849353
7 C     0.0172323506     0.0029560839    -0.0007814446
8 O     0.0093743087     0.0167179816    -0.0082659584
9 H    -0.0014065441    -0.0010242095     0.0031821752
10 H    -0.0012176759    -0.0032645504    -0.0010105556
11 H    -0.0058966530     0.0007187097    -0.0006484560
12 H    -0.0000750492     0.0046094101     0.0005618205
13 H     0.0001448974     0.0020897237    -0.0041366316
14 H     0.0001988840    -0.0014283096     0.0038578711
15 H     0.0004213042    -0.0039773669    -0.0009340041
16 H    -0.0003712791     0.0078268330     0.0013869563
17 H    -0.0000547405     0.0032648821    -0.0072802328
18 H    -0.0028822670    -0.0058460973     0.0085285759
19 H    -0.0024851542    -0.0104796368    -0.0002214436
20 H    -0.0032785582    -0.0124441337     0.0063685486
----------------------------------------------
[2026-07-08 21:19:11]   [OPT] [DEC_00108] eval=004 E=-455.5825353891 Ha max|grad|=1.723e-02 Ha/Bohr SCF=True time=32.1s

WARN: Mole.unit (Angstrom) is changed to Bohr

converged SCF energy = -455.584028144032
--------------- DFTD3 gradients ---------------
         x                y                z
0 C    -0.0044891718    -0.0011198170     0.0003977268
1 C    -0.0040093719     0.0019228035    -0.0012011997
2 C    -0.0027819830    -0.0015074860     0.0006810865
3 C     0.0005693768    -0.0017430677     0.0009263248
4 O     0.0071474832     0.0052370983    -0.0024647596
5 C     0.0011973290    -0.0064559385     0.0034689507
6 O    -0.0000150354     0.0042483588    -0.0021846113
7 C     0.0120706743     0.0028404320    -0.0009505485
8 O     0.0048360623     0.0060238700    -0.0028733986
9 H    -0.0016057390    -0.0008358524     0.0015021120
10 H    -0.0015262024    -0.0017693829    -0.0002523877
11 H    -0.0050701243    -0.0001865132    -0.0001265722
12 H    -0.0003386834     0.0028500878    -0.0003033400
13 H    -0.0002430443     0.0018196448    -0.0022154962
14 H    -0.0001031072    -0.0009698353     0.0011569962
15 H    -0.0000546976    -0.0014898014     0.0001636336
16 H     0.0000071010     0.0028705750    -0.0003956122
17 H     0.0000343434     0.0019800564    -0.0021997015
18 H    -0.0005766982    -0.0042950312     0.0032000003
19 H    -0.0005073121    -0.0051222815     0.0016794025
20 H    -0.0045377252    -0.0043303999     0.0020578085
----------------------------------------------
[2026-07-08 21:19:43]   [OPT] [DEC_00108] eval=005 E=-455.5840281440 Ha max|grad|=1.207e-02 Ha/Bohr SCF=True time=32.0s

WARN: Mole.unit (Angstrom) is changed to Bohr

[2026-07-08 21:19:43]   [OPT] [DEC_00108] done: success=False nit=3 neval=5 max|grad|=1.207e-02 message=STOP: TOTAL NO. OF ITERATIONS REACHED LIMIT
[2026-07-08 21:19:43]   [WARN] [DEC_00108] Optimization did not fully converge; using last geometry
[2026-07-08 21:19:43]   [DFT] [DEC_00108] final single-point start
converged SCF energy = -455.584028144032
[2026-07-08 21:20:06]   [DFT] [DEC_00108] final SCF done: E=-455.5840281440 Ha converged=True time=22.9s
[2026-07-08 21:20:06]   [DFT] [DEC_00108] descriptors: HOMO=-3.6051 eV LUMO=2.4955 eV gap=6.1006 eV opt_status=opt_not_converged: STOP: TOTAL NO. OF ITERATIONS REACHED LIMIT
[2026-07-08 21:20:06] END compound_id=DEC_00108
