[2026-07-09 00:34:28] ========================================================================
[2026-07-09 00:34:28] BEGIN compound_id=DEC_00155 molecule_index=521/732 method=DFT-b3lyp/sto-3g-D3
[2026-07-09 00:34:28] settings functional=b3lyp basis=sto-3g D3=True geom_max_steps=3 scf_max_cycles=50
[2026-07-09 00:34:28]   [xTB] [DEC_00155] start: atoms=17 charge=0 multiplicity=1 opt=tight solvent=gas
[2026-07-09 00:34:29]   [OK] [DEC_00155] GFN2-xTB converged; RMSD(MMFF,xTB)=0.0279 A
[2026-07-09 00:34:29]   [DFT] build PySCF molecule: atoms=17 charge=0 spin=0
[2026-07-09 00:34:29]   [DFT] [DEC_00155] start
[2026-07-09 00:34:29]   [OPT] [DEC_00155] start: atoms=17, basis=sto-3g, D3=True, maxiter=3

WARN: Mole.unit (Angstrom) is changed to Bohr

converged SCF energy = -834.658582946088
--------------- DFTD3 gradients ---------------
         x                y                z
0 C     0.0142284414     0.0180328157    -0.0013826980
1 C    -0.0118075288     0.0515534393    -0.0008179413
2 O     0.0263679698    -0.0932307419     0.0011915838
3 C    -0.0124519414     0.0050053715     0.0005611377
4 C     0.0042332449    -0.0059614483    -0.0000542125
5 C    -0.0059418007    -0.0123856626     0.0007100619
6 C     0.0198064131    -0.0028836564    -0.0010615577
7 Cl    -0.0499683554     0.0100742192     0.0026245864
8 C    -0.0021607415     0.0133202411    -0.0002796844
9 C     0.0071264765     0.0046647727    -0.0005511222
10 H     0.0006524989     0.0079559328     0.0075186121
11 H     0.0095385723    -0.0024196653    -0.0004877067
12 H    -0.0002507769     0.0074994179    -0.0079963327
13 H     0.0063866276    -0.0152598704     0.0000761145
14 H    -0.0109017347    -0.0114796243     0.0009779612
15 H    -0.0054992014     0.0145129781    -0.0001061129
16 H     0.0106068007     0.0110316046    -0.0009473457
----------------------------------------------
[2026-07-09 00:35:07]   [OPT] [DEC_00155] eval=001 E=-834.6585829461 Ha max|grad|=9.323e-02 Ha/Bohr SCF=True time=37.8s

WARN: Mole.unit (Angstrom) is changed to Bohr

converged SCF energy = -834.475337470595
--------------- DFTD3 gradients ---------------
         x                y                z
0 C    -0.0139472686     0.0005175064     0.0008771284
1 C     0.0535769321    -0.2495523838     0.0042079020
2 O    -0.0523391782     0.1849108677    -0.0023890199
3 C     0.0719882335    -0.0032875035    -0.0040832530
4 C    -0.0409735489    -0.0457286695     0.0037142495
5 C     0.0311387272     0.0015607683    -0.0018557431
6 C    -0.1070313917     0.0161234537     0.0057622732
7 Cl     0.0583955566    -0.0117707761    -0.0030837286
8 C     0.0334100217    -0.0040951704    -0.0018011424
9 C    -0.0512310984     0.0674592986     0.0009979585
10 H     0.0142216544     0.0156449939    -0.0016981344
11 H    -0.0027423993     0.0047303425     0.0000145988
12 H     0.0142486497     0.0156994178    -0.0009708218
13 H     0.0031015690     0.0155641245    -0.0006355852
14 H    -0.0052740619    -0.0027829037     0.0003909896
15 H    -0.0052914665     0.0056101646     0.0001423055
16 H    -0.0013006893    -0.0105621327     0.0003888158
----------------------------------------------
[2026-07-09 00:36:19]   [OPT] [DEC_00155] eval=002 E=-834.4753374706 Ha max|grad|=2.496e-01 Ha/Bohr SCF=True time=72.0s

WARN: Mole.unit (Angstrom) is changed to Bohr

converged SCF energy = -834.664593487428
--------------- DFTD3 gradients ---------------
         x                y                z
0 C     0.0096311231     0.0127722294    -0.0009469971
1 C     0.0223624502    -0.0733285191     0.0008649983
2 O    -0.0108231255     0.0335794953    -0.0003670325
3 C     0.0007615911     0.0022388214    -0.0001229204
4 C    -0.0027328599    -0.0116284848     0.0005137132
5 C    -0.0005607672    -0.0107347639     0.0003482063
6 C    -0.0073700339     0.0018385046     0.0003853912
7 Cl    -0.0252885918     0.0050501497     0.0013246885
8 C     0.0033421127     0.0109284228    -0.0005244000
9 C    -0.0007078531     0.0129827706    -0.0003398950
10 H     0.0024054341     0.0090300246     0.0062967282
11 H     0.0080375795    -0.0014284490    -0.0004297500
12 H     0.0016257121     0.0086417919    -0.0070636674
13 H     0.0059605811    -0.0106190993    -0.0000354830
14 H    -0.0100863910    -0.0102461026     0.0008936155
15 H    -0.0054219254     0.0131875943    -0.0000719113
16 H     0.0088352398     0.0077748725    -0.0007471771
----------------------------------------------
[2026-07-09 00:36:57]   [OPT] [DEC_00155] eval=003 E=-834.6645934874 Ha max|grad|=7.333e-02 Ha/Bohr SCF=True time=38.0s

WARN: Mole.unit (Angstrom) is changed to Bohr

converged SCF energy = -834.668197026053
--------------- DFTD3 gradients ---------------
         x                y                z
0 C     0.0067915169     0.0058072379    -0.0005710710
1 C     0.0152380411    -0.0391101552     0.0002683214
2 O    -0.0037461289     0.0103930674    -0.0000971699
3 C     0.0011568875    -0.0012670459    -0.0000398204
4 C    -0.0008459462    -0.0084773509     0.0003076039
5 C    -0.0032451190    -0.0078232059     0.0004205217
6 C    -0.0086324155     0.0018297190     0.0004580289
7 Cl    -0.0195244035     0.0038875732     0.0010209155
8 C    -0.0005979793     0.0090054909    -0.0002353116
9 C     0.0021435061     0.0097671245    -0.0004131094
10 H     0.0022328198     0.0078561451     0.0053131439
11 H     0.0076962670     0.0002222374    -0.0004588094
12 H     0.0015703869     0.0075264389    -0.0060005037
13 H     0.0055946097    -0.0097057102    -0.0000406909
14 H    -0.0090940287    -0.0091419018     0.0008027991
15 H    -0.0049445346     0.0120270648    -0.0000657417
16 H     0.0081771255     0.0072403222    -0.0006927121
----------------------------------------------
[2026-07-09 00:37:35]   [OPT] [DEC_00155] eval=004 E=-834.6681970261 Ha max|grad|=3.911e-02 Ha/Bohr SCF=True time=37.8s

WARN: Mole.unit (Angstrom) is changed to Bohr

converged SCF energy = -834.672410264487
--------------- DFTD3 gradients ---------------
         x                y                z
0 C     0.0016885512    -0.0042753199     0.0000304459
1 C     0.0011196309     0.0140102937    -0.0004826813
2 O     0.0066220593    -0.0204034210     0.0002034524
3 C     0.0038807606    -0.0042183781    -0.0001032427
4 C    -0.0008517557    -0.0031627246     0.0001436836
5 C    -0.0063490673     0.0002642797     0.0003665930
6 C    -0.0101856236     0.0012942213     0.0005596156
7 Cl    -0.0045819635     0.0008554535     0.0002342472
8 C    -0.0046235320     0.0023449599     0.0002018888
9 C     0.0017568816     0.0006509552    -0.0001241733
10 H     0.0024858320     0.0031904608     0.0003104717
11 H     0.0061428350     0.0040673576    -0.0004818138
12 H     0.0024169966     0.0031556214    -0.0007937054
13 H     0.0037976746    -0.0052463066    -0.0000661350
14 H    -0.0058141238    -0.0054935727     0.0005027609
15 H    -0.0035341981     0.0079680882    -0.0000289319
16 H     0.0059963092     0.0050479306    -0.0005000182
----------------------------------------------
[2026-07-09 00:38:13]   [OPT] [DEC_00155] eval=005 E=-834.6724102645 Ha max|grad|=2.040e-02 Ha/Bohr SCF=True time=37.5s

WARN: Mole.unit (Angstrom) is changed to Bohr

[2026-07-09 00:38:13]   [OPT] [DEC_00155] done: success=False nit=3 neval=5 max|grad|=2.040e-02 message=STOP: TOTAL NO. OF ITERATIONS REACHED LIMIT
[2026-07-09 00:38:13]   [WARN] [DEC_00155] Optimization did not fully converge; using last geometry
[2026-07-09 00:38:13]   [DFT] [DEC_00155] final single-point start
converged SCF energy = -834.672410264487
[2026-07-09 00:38:39]   [DFT] [DEC_00155] final SCF done: E=-834.6724102645 Ha converged=True time=26.4s
[2026-07-09 00:38:39]   [DFT] [DEC_00155] descriptors: HOMO=-4.2310 eV LUMO=0.6119 eV gap=4.8430 eV opt_status=opt_not_converged: STOP: TOTAL NO. OF ITERATIONS REACHED LIMIT
[2026-07-09 00:38:39] END compound_id=DEC_00155
