[2026-07-08 18:32:02] ========================================================================
[2026-07-08 18:32:02] BEGIN compound_id=DEC_00052 molecule_index=420/732 method=DFT-b3lyp/sto-3g-D3
[2026-07-08 18:32:02] settings functional=b3lyp basis=sto-3g D3=True geom_max_steps=3 scf_max_cycles=50
[2026-07-08 18:32:02]   [xTB] [DEC_00052] start: atoms=18 charge=0 multiplicity=1 opt=tight solvent=gas
[2026-07-08 18:32:05]   [OK] [DEC_00052] GFN2-xTB converged; RMSD(MMFF,xTB)=0.0783 A
[2026-07-08 18:32:05]   [DFT] build PySCF molecule: atoms=18 charge=0 spin=0
[2026-07-08 18:32:05]   [DFT] [DEC_00052] start
[2026-07-08 18:32:05]   [OPT] [DEC_00052] start: atoms=18, basis=sto-3g, D3=True, maxiter=3

WARN: Mole.unit (Angstrom) is changed to Bohr

converged SCF energy = -323.005001721474
--------------- DFTD3 gradients ---------------
         x                y                z
0 C    -0.0091774601     0.0060465569    -0.0015514721
1 C    -0.0073753132    -0.0009445712     0.0155007258
2 N    -0.0037613475     0.0458081067     0.0273923328
3 C     0.0475039752    -0.0120910408    -0.0492056684
4 O    -0.0591376463    -0.0744845291     0.0072300900
5 C     0.0095870766     0.0177111122    -0.0049611266
6 C     0.0089584877     0.0009043588     0.0065173414
7 H    -0.0043346358    -0.0038471006    -0.0085725251
8 H     0.0026110139     0.0089219371    -0.0021082568
9 H    -0.0087232528     0.0011220371     0.0071508693
10 H    -0.0025285464    -0.0112405889     0.0021821729
11 H     0.0028035509     0.0032175178     0.0101813486
12 H     0.0147960676     0.0084878736    -0.0081136889
13 H    -0.0040936673     0.0103794102     0.0005469522
14 H     0.0031102704     0.0006990657    -0.0098133229
15 H     0.0078352095     0.0079974078    -0.0002373006
16 H     0.0052479124    -0.0085239830    -0.0018334715
17 H    -0.0033390030    -0.0002164219     0.0096311152
----------------------------------------------
[2026-07-08 18:32:28]   [OPT] [DEC_00052] eval=001 E=-323.0050017215 Ha max|grad|=7.448e-02 Ha/Bohr SCF=True time=23.3s

WARN: Mole.unit (Angstrom) is changed to Bohr

converged SCF energy = -322.780460215403
--------------- DFTD3 gradients ---------------
         x                y                z
0 C    -0.0095874072    -0.0069375543     0.0102648496
1 C    -0.0107538874     0.0209989055     0.0030984800
2 N     0.0345131761    -0.1872932174    -0.1531199946
3 C    -0.3775722798    -0.0900551613     0.2815209185
4 O     0.1480190540     0.1463215791    -0.0411691311
5 C     0.0047970223     0.0301831137     0.0355167708
6 C     0.0103693921     0.0101844922    -0.0050138786
7 H     0.0037938206     0.0077528780     0.0124280976
8 H    -0.0054898562    -0.0083374638     0.0026216135
9 H    -0.0030006115     0.0061545309    -0.0098350772
10 H     0.0068863616     0.0039150838    -0.0030669605
11 H    -0.0137818684     0.0003303729     0.0198977260
12 H     0.1885352448     0.0317046375    -0.1500246455
13 H     0.0177823663     0.0247520082    -0.0041257201
14 H    -0.0006278411     0.0041406923    -0.0013779050
15 H     0.0046636973    -0.0076825687     0.0089842838
16 H    -0.0049288075     0.0127431668     0.0041414615
17 H     0.0063658563     0.0011842872    -0.0107678288
----------------------------------------------
[2026-07-08 18:33:07]   [OPT] [DEC_00052] eval=002 E=-322.7804602154 Ha max|grad|=3.776e-01 Ha/Bohr SCF=True time=39.4s

WARN: Mole.unit (Angstrom) is changed to Bohr

converged SCF energy = -323.013147607697
--------------- DFTD3 gradients ---------------
         x                y                z
0 C    -0.0092470771     0.0041665980     0.0002493904
1 C    -0.0080423848     0.0021594728     0.0134622886
2 N     0.0034933893    -0.0120317370    -0.0147083657
3 C    -0.0439691535    -0.0498189592     0.0088377785
4 O     0.0130196448     0.0136570679    -0.0027923008
5 C     0.0087068422     0.0200908332     0.0014586076
6 C     0.0092294504     0.0023785072     0.0048768730
7 H    -0.0030431819    -0.0021840585    -0.0054367396
8 H     0.0014996450     0.0063920307    -0.0014271806
9 H    -0.0078401263     0.0018559606     0.0046451974
10 H    -0.0011644168    -0.0091488342     0.0012662548
11 H     0.0004680758     0.0028957192     0.0114035444
12 H     0.0259909806     0.0057442035    -0.0198301703
13 H    -0.0009165737     0.0122401931    -0.0000708563
14 H     0.0027052433     0.0012934647    -0.0087190149
15 H     0.0073542109     0.0056765637     0.0011186364
16 H     0.0036975010    -0.0053835140    -0.0009639826
17 H    -0.0019981760    -0.0000368802     0.0065821397
----------------------------------------------
[2026-07-08 18:33:32]   [OPT] [DEC_00052] eval=003 E=-323.0131476077 Ha max|grad|=4.982e-02 Ha/Bohr SCF=True time=24.3s

WARN: Mole.unit (Angstrom) is changed to Bohr

converged SCF energy = -323.016638551018
--------------- DFTD3 gradients ---------------
         x                y                z
0 C    -0.0077887422     0.0034177064     0.0007605586
1 C    -0.0043053191     0.0012082103     0.0076513965
2 N     0.0002517180    -0.0173408706    -0.0145969746
3 C    -0.0170552495    -0.0185499629     0.0039054632
4 O     0.0007479896    -0.0023210570    -0.0015436582
5 C     0.0060691416     0.0109346688    -0.0003885557
6 C     0.0079567475     0.0026021616     0.0043685995
7 H    -0.0024746050    -0.0012336045    -0.0036410128
8 H     0.0005831200     0.0046371100    -0.0009569889
9 H    -0.0076816586     0.0023112506     0.0034832894
10 H    -0.0009750802    -0.0067383072     0.0016137529
11 H    -0.0002335922     0.0025353474     0.0110788351
12 H     0.0136707174     0.0021817625    -0.0111007765
13 H    -0.0007535002     0.0127285033    -0.0000262301
14 H     0.0026330342     0.0022143559    -0.0067462998
15 H     0.0074018903     0.0047105269     0.0019072170
16 H     0.0028220683    -0.0034711260    -0.0005852492
17 H    -0.0009299030     0.0001168859     0.0047720602
----------------------------------------------
[2026-07-08 18:33:55]   [OPT] [DEC_00052] eval=004 E=-323.0166385510 Ha max|grad|=1.855e-02 Ha/Bohr SCF=True time=23.2s

WARN: Mole.unit (Angstrom) is changed to Bohr

converged SCF energy = -323.019597499151
--------------- DFTD3 gradients ---------------
         x                y                z
0 C    -0.0034043327     0.0015701287     0.0011135305
1 C     0.0011885774    -0.0026791607    -0.0017743239
2 N    -0.0018683071    -0.0074524330    -0.0048799935
3 C     0.0066836088     0.0023887364    -0.0045949195
4 O    -0.0034898947    -0.0089844818    -0.0016545339
5 C    -0.0012924705    -0.0038756364    -0.0027589511
6 C     0.0037359180     0.0018107527     0.0020614034
7 H    -0.0014830769     0.0007674577     0.0001015849
8 H    -0.0014911781     0.0010819542     0.0000474423
9 H    -0.0068313489     0.0030059335     0.0011267559
10 H    -0.0006547755    -0.0012730579     0.0021998134
11 H    -0.0013999919     0.0008276263     0.0072371507
12 H    -0.0027802639    -0.0036637758    -0.0000535379
13 H     0.0008831727     0.0088298172    -0.0007093389
14 H     0.0024524602     0.0038284490    -0.0025999889
15 H     0.0070485271     0.0026797941     0.0032929414
16 H     0.0013345587     0.0005623085     0.0004583328
17 H     0.0013000450     0.0005110633     0.0013462154
----------------------------------------------
[2026-07-08 18:34:18]   [OPT] [DEC_00052] eval=005 E=-323.0195974992 Ha max|grad|=8.984e-03 Ha/Bohr SCF=True time=23.1s

WARN: Mole.unit (Angstrom) is changed to Bohr

[2026-07-08 18:34:18]   [OPT] [DEC_00052] done: success=False nit=3 neval=5 max|grad|=8.984e-03 message=STOP: TOTAL NO. OF ITERATIONS REACHED LIMIT
[2026-07-08 18:34:18]   [WARN] [DEC_00052] Optimization did not fully converge; using last geometry
[2026-07-08 18:34:18]   [DFT] [DEC_00052] final single-point start
converged SCF energy = -323.019597499151
[2026-07-08 18:34:35]   [DFT] [DEC_00052] final SCF done: E=-323.0195974992 Ha converged=True time=17.3s
[2026-07-08 18:34:35]   [DFT] [DEC_00052] descriptors: HOMO=-3.5628 eV LUMO=3.5911 eV gap=7.1539 eV opt_status=opt_not_converged: STOP: TOTAL NO. OF ITERATIONS REACHED LIMIT
[2026-07-08 18:34:35] END compound_id=DEC_00052
