[2026-07-08 21:37:36] ========================================================================
[2026-07-08 21:37:36] BEGIN compound_id=DEC_00114 molecule_index=481/732 method=DFT-b3lyp/sto-3g-D3
[2026-07-08 21:37:36] settings functional=b3lyp basis=sto-3g D3=True geom_max_steps=3 scf_max_cycles=50
[2026-07-08 21:37:36]   [xTB] [DEC_00114] start: atoms=23 charge=0 multiplicity=1 opt=tight solvent=gas
[2026-07-08 21:37:39]   [OK] [DEC_00114] GFN2-xTB converged; RMSD(MMFF,xTB)=0.2025 A
[2026-07-08 21:37:39]   [DFT] build PySCF molecule: atoms=23 charge=0 spin=0
[2026-07-08 21:37:39]   [DFT] [DEC_00114] start
[2026-07-08 21:37:39]   [OPT] [DEC_00114] start: atoms=23, basis=sto-3g, D3=True, maxiter=3

WARN: Mole.unit (Angstrom) is changed to Bohr

converged SCF energy = -379.924130770422
--------------- DFTD3 gradients ---------------
         x                y                z
0 C    -0.0080775803    -0.0041446952     0.0055460495
1 C    -0.0036934410    -0.0192148876    -0.0121735099
2 N    -0.0005231276     0.0028085692     0.0270787485
3 C    -0.0119537048     0.0110813554    -0.0153409143
4 C    -0.0002574025     0.0100009587     0.0041053068
5 C     0.0126119269     0.0031038625    -0.0157552463
6 C    -0.0189207078    -0.0064693393     0.0120346474
7 C    -0.0926524817    -0.0149138609     0.0246071748
8 N     0.1397960377     0.0199942393    -0.0331690679
9 H    -0.0043765258    -0.0099669163    -0.0008317940
10 H    -0.0084246854     0.0064164047    -0.0006690607
11 H     0.0033981927     0.0002328166     0.0099288393
12 H    -0.0025029431    -0.0033764535    -0.0075306909
13 H     0.0074191206    -0.0064471356    -0.0001557116
14 H    -0.0099570515    -0.0032590698    -0.0007960390
15 H    -0.0009625353     0.0026782823    -0.0080867550
16 H     0.0096182036     0.0037117789    -0.0001305975
17 H    -0.0024302460    -0.0014544227     0.0100484213
18 H    -0.0063194100     0.0085527956    -0.0028542001
19 H     0.0045857782    -0.0030369087    -0.0062489957
20 H     0.0025446567     0.0092146206    -0.0019569953
21 H    -0.0042868845    -0.0095231210     0.0032663445
22 H    -0.0045995089     0.0040099853     0.0091020385
----------------------------------------------
[2026-07-08 21:38:19]   [OPT] [DEC_00114] eval=001 E=-379.9241307704 Ha max|grad|=1.398e-01 Ha/Bohr SCF=True time=40.0s

WARN: Mole.unit (Angstrom) is changed to Bohr

converged SCF energy = -379.55336025621
--------------- DFTD3 gradients ---------------
         x                y                z
0 C     0.0019383363    -0.0063291014    -0.0048550293
1 C     0.0062616541     0.0247984710     0.0325590992
2 N    -0.0119142630     0.0002360656    -0.0227360944
3 C     0.0076134174    -0.0145453313     0.0367961766
4 C    -0.0052753866     0.0006274759    -0.0052980125
5 C    -0.0542376970     0.0076026738     0.0199791896
6 C    -0.2608260149    -0.0374007651     0.0581707580
7 C     0.6186674990     0.0828617387    -0.1345841430
8 N    -0.2449050811    -0.0350513273     0.0583877904
9 H    -0.0060040255     0.0010836269     0.0064263839
10 H     0.0037226957    -0.0053260487     0.0013236208
11 H    -0.0043996203    -0.0016408510    -0.0087724051
12 H    -0.0040112713    -0.0040928818    -0.0163155614
13 H     0.0012684387    -0.0085471420    -0.0040190114
14 H    -0.0040197907     0.0040356612    -0.0056859053
15 H     0.0008375107     0.0033325065    -0.0175941713
16 H    -0.0063495705    -0.0000635685     0.0008567098
17 H     0.0018385411     0.0034051753    -0.0092685496
18 H     0.0030277657     0.0058184707     0.0058498503
19 H     0.0075921051    -0.0081919457    -0.0145824352
20 H     0.0072703439     0.0028586549    -0.0029801409
21 H    -0.0286151030    -0.0189594236     0.0095204460
22 H    -0.0294506066     0.0035071155     0.0168380721
----------------------------------------------
[2026-07-08 21:39:34]   [OPT] [DEC_00114] eval=002 E=-379.5533602562 Ha max|grad|=6.187e-01 Ha/Bohr SCF=True time=74.6s

WARN: Mole.unit (Angstrom) is changed to Bohr

converged SCF energy = -379.929133148877
--------------- DFTD3 gradients ---------------
         x                y                z
0 C    -0.0070494146    -0.0043939322     0.0044667037
1 C    -0.0024355024    -0.0136842607    -0.0075369865
2 N    -0.0019841427     0.0025689804     0.0217675920
3 C    -0.0092840627     0.0076885654    -0.0097932137
4 C    -0.0007954890     0.0090509029     0.0031352314
5 C     0.0054822519     0.0029620276    -0.0109685679
6 C    -0.0333289778    -0.0078570976     0.0135265320
7 C     0.1112719516     0.0133810153    -0.0222813489
8 N    -0.0417367883    -0.0055937893     0.0096157120
9 H    -0.0045480394    -0.0088013663    -0.0000714623
10 H    -0.0071112589     0.0051915975    -0.0004745003
11 H     0.0026077537     0.0000580474     0.0078926374
12 H    -0.0026400088    -0.0034862417    -0.0084222708
13 H     0.0068404478    -0.0067313990    -0.0005315593
14 H    -0.0094338186    -0.0025051229    -0.0012820124
15 H    -0.0008136801     0.0027399525    -0.0090354882
16 H     0.0079347458     0.0032743230    -0.0000358552
17 H    -0.0019667979    -0.0009880168     0.0079561755
18 H    -0.0053359773     0.0082633584    -0.0019431040
19 H     0.0048306715    -0.0034700993    -0.0071197633
20 H     0.0030281436     0.0086290433    -0.0020942584
21 H    -0.0065835699    -0.0099672930     0.0038224024
22 H    -0.0069119691     0.0036763869     0.0094231350
----------------------------------------------
[2026-07-08 21:40:14]   [OPT] [DEC_00114] eval=003 E=-379.9291331489 Ha max|grad|=1.113e-01 Ha/Bohr SCF=True time=40.0s

WARN: Mole.unit (Angstrom) is changed to Bohr

converged SCF energy = -379.932459267382
--------------- DFTD3 gradients ---------------
         x                y                z
0 C    -0.0066783508    -0.0043582020     0.0041429102
1 C    -0.0021500864    -0.0121973531    -0.0064266540
2 N    -0.0026200458     0.0024310339     0.0201862042
3 C    -0.0085597264     0.0067834459    -0.0084447264
4 C    -0.0009047447     0.0086390383     0.0028584796
5 C     0.0052058774     0.0027660792    -0.0094553181
6 C    -0.0175014477    -0.0051597451     0.0089018306
7 C     0.0531737514     0.0051987819    -0.0087247498
8 N    -0.0004053398     0.0002632279    -0.0001822879
9 H    -0.0045914368    -0.0083938404     0.0001769901
10 H    -0.0066087339     0.0047085036    -0.0003967096
11 H     0.0022900891    -0.0000247898     0.0071721638
12 H    -0.0025339545    -0.0034683354    -0.0083258729
13 H     0.0064781934    -0.0066463208    -0.0006531424
14 H    -0.0091264063    -0.0022103826    -0.0014194240
15 H    -0.0008394603     0.0026439483    -0.0089264747
16 H     0.0072809678     0.0031109105    -0.0000036228
17 H    -0.0018042910    -0.0007811120     0.0072133935
18 H    -0.0049919316     0.0081402820    -0.0016367754
19 H     0.0046828500    -0.0033529919    -0.0071224113
20 H     0.0030525259     0.0082282505    -0.0020969731
21 H    -0.0062294483    -0.0100463176     0.0038089605
22 H    -0.0065827537     0.0037326227     0.0093709986
----------------------------------------------
[2026-07-08 21:40:54]   [OPT] [DEC_00114] eval=004 E=-379.9324592674 Ha max|grad|=5.317e-02 Ha/Bohr SCF=True time=39.9s

WARN: Mole.unit (Angstrom) is changed to Bohr

converged SCF energy = -379.935669606032
--------------- DFTD3 gradients ---------------
         x                y                z
0 C    -0.0053751693    -0.0042216745     0.0029903173
1 C    -0.0012707449    -0.0073498409    -0.0026872384
2 N    -0.0038053531     0.0018827151     0.0145387455
3 C    -0.0061762694     0.0039582711    -0.0039524809
4 C    -0.0012808160     0.0071720816     0.0018699435
5 C     0.0024436615     0.0022741663    -0.0047443437
6 C     0.0050065389    -0.0010514755     0.0018236916
7 C    -0.0036039329    -0.0029911469     0.0049093000
8 N     0.0332233575     0.0050822213    -0.0082597301
9 H    -0.0047284943    -0.0069505944     0.0010401223
10 H    -0.0048630301     0.0030093173    -0.0001196143
11 H     0.0011750306    -0.0003246632     0.0046894897
12 H    -0.0021006820    -0.0033749983    -0.0078228114
13 H     0.0051609069    -0.0062478945    -0.0010576869
14 H    -0.0080008762    -0.0011720055    -0.0018894326
15 H    -0.0009669304     0.0022666200    -0.0083643769
16 H     0.0049863071     0.0025445024     0.0001080817
17 H    -0.0012464933    -0.0000414752     0.0046545444
18 H    -0.0037779947     0.0076814449    -0.0005669466
19 H     0.0041606114    -0.0028991855    -0.0069122502
20 H     0.0031313947     0.0067714245    -0.0021129211
21 H    -0.0058783204    -0.0090626649     0.0036414318
22 H    -0.0061790484     0.0030555793     0.0082424152
----------------------------------------------
[2026-07-08 21:41:34]   [OPT] [DEC_00114] eval=005 E=-379.9356696060 Ha max|grad|=3.322e-02 Ha/Bohr SCF=True time=39.8s

WARN: Mole.unit (Angstrom) is changed to Bohr

[2026-07-08 21:41:34]   [OPT] [DEC_00114] done: success=False nit=3 neval=5 max|grad|=3.322e-02 message=STOP: TOTAL NO. OF ITERATIONS REACHED LIMIT
[2026-07-08 21:41:34]   [WARN] [DEC_00114] Optimization did not fully converge; using last geometry
[2026-07-08 21:41:34]   [DFT] [DEC_00114] final single-point start
converged SCF energy = -379.935669606031
[2026-07-08 21:42:01]   [DFT] [DEC_00114] final SCF done: E=-379.9356696060 Ha converged=True time=27.0s
[2026-07-08 21:42:01]   [DFT] [DEC_00114] descriptors: HOMO=-3.4201 eV LUMO=3.8527 eV gap=7.2728 eV opt_status=opt_not_converged: STOP: TOTAL NO. OF ITERATIONS REACHED LIMIT
[2026-07-08 21:42:01] END compound_id=DEC_00114
