[2026-07-09 13:59:28] ========================================================================
[2026-07-09 13:59:28] BEGIN compound_id=DEC_00296 molecule_index=655/732 method=DFT-b3lyp/sto-3g-D3
[2026-07-09 13:59:28] settings functional=b3lyp basis=sto-3g D3=True geom_max_steps=3 scf_max_cycles=50
[2026-07-09 13:59:28]   [xTB] [DEC_00296] start: atoms=24 charge=0 multiplicity=1 opt=tight solvent=gas
[2026-07-09 13:59:32]   [OK] [DEC_00296] GFN2-xTB converged; RMSD(MMFF,xTB)=0.4683 A
[2026-07-09 13:59:32]   [DFT] build PySCF molecule: atoms=24 charge=0 spin=0
[2026-07-09 13:59:32]   [DFT] [DEC_00296] start
[2026-07-09 13:59:32]   [OPT] [DEC_00296] start: atoms=24, basis=sto-3g, D3=True, maxiter=3

WARN: Mole.unit (Angstrom) is changed to Bohr

converged SCF energy = -547.85454191228
--------------- DFTD3 gradients ---------------
         x                y                z
0 C    -0.0058603927     0.0047863808    -0.0070490280
1 C     0.0000689348    -0.0136591528     0.0181586356
2 O    -0.0179922883     0.0487027102    -0.0751406354
3 C    -0.0164984059    -0.0111848249     0.0110035926
4 O    -0.0096685368    -0.0594908004     0.0812101612
5 N     0.0384786958     0.0315419303    -0.0186643906
6 C    -0.0048865491     0.0193982000    -0.0115556067
7 C    -0.0192774148    -0.0062693948    -0.0134116334
8 O     0.0640220543     0.0165734634    -0.0236264993
9 C    -0.0058828911    -0.0199623337     0.0095781990
10 C     0.0084561247     0.0003577633     0.0199536152
11 H    -0.0007743228     0.0108022345     0.0001475485
12 H     0.0006867564    -0.0028040325    -0.0104473685
13 H    -0.0109627184    -0.0029314581     0.0022010261
14 H    -0.0063345836     0.0009033657     0.0136926408
15 H    -0.0047724759    -0.0141774391     0.0017388163
16 H     0.0039957831     0.0103976751    -0.0012021297
17 H    -0.0126448015     0.0027503609    -0.0031713916
18 H    -0.0104369335    -0.0069525045    -0.0058903852
19 H     0.0015162476     0.0068736713    -0.0124837924
20 H     0.0120646153    -0.0045456222     0.0067119720
21 H    -0.0056058624    -0.0124767262     0.0028688284
22 H     0.0072516460     0.0069696012     0.0049633142
23 H    -0.0049315393    -0.0056494142     0.0104969254
----------------------------------------------
[2026-07-09 14:00:49]   [OPT] [DEC_00296] eval=001 E=-547.8545419123 Ha max|grad|=8.121e-02 Ha/Bohr SCF=True time=77.2s

WARN: Mole.unit (Angstrom) is changed to Bohr

converged SCF energy = -547.751376169262
--------------- DFTD3 gradients ---------------
         x                y                z
0 C    -0.0154644400    -0.0218450704     0.0268107594
1 C    -0.0180443718     0.0519657785    -0.0782664172
2 O     0.0223993635    -0.0747818838     0.1122427957
3 C     0.0415433347    -0.0195121075     0.0419508091
4 O     0.0096122810     0.1058686499    -0.1488703683
5 N    -0.1437912519    -0.0843081665     0.1294259678
6 C     0.0367592614    -0.0007270984    -0.0360139869
7 C     0.0935808910     0.0448044808    -0.0211005899
8 O    -0.0996096170    -0.0301040109     0.0330528330
9 C     0.0854245221     0.0469288712    -0.0194971915
10 C     0.0260976775     0.0131112374    -0.0472874898
11 H    -0.0008617923    -0.0058270957    -0.0008262714
12 H    -0.0015287484     0.0019061351     0.0051963335
13 H     0.0036238478     0.0083980757    -0.0103577305
14 H     0.0063804274     0.0004838558     0.0073813133
15 H     0.0060305459    -0.0051201323     0.0032688799
16 H     0.0048967345     0.0197742640    -0.0182411995
17 H    -0.0117173218     0.0070514188     0.0015632487
18 H    -0.0082011076    -0.0153580488    -0.0032260834
19 H    -0.0163431394    -0.0124933987     0.0005422305
20 H    -0.0169982897    -0.0126184783     0.0017289090
21 H    -0.0081699020    -0.0135589349    -0.0054232767
22 H     0.0174981415    -0.0034747958     0.0133432223
23 H    -0.0130418387    -0.0005259381     0.0127338210
----------------------------------------------
[2026-07-09 14:01:56]   [OPT] [DEC_00296] eval=002 E=-547.7513761693 Ha max|grad|=1.489e-01 Ha/Bohr SCF=True time=67.4s

WARN: Mole.unit (Angstrom) is changed to Bohr

converged SCF energy = -547.87734191178
--------------- DFTD3 gradients ---------------
         x                y                z
0 C    -0.0077067862    -0.0034088058     0.0034125780
1 C    -0.0070061983     0.0051643334    -0.0097144741
2 O     0.0042801601     0.0079885612    -0.0109628064
3 C     0.0024519157    -0.0281161988     0.0412796173
4 O    -0.0008796704     0.0164176294    -0.0247090827
5 N    -0.0311284002    -0.0089297492     0.0293639046
6 C     0.0076324500     0.0130291617    -0.0173051038
7 C     0.0172769024     0.0056792597    -0.0127329468
8 O     0.0115501446     0.0026864360    -0.0054988090
9 C     0.0202030396     0.0008965572    -0.0032146065
10 C     0.0141858602     0.0040100127     0.0005826731
11 H    -0.0006504437     0.0060960595    -0.0000355344
12 H     0.0002110653    -0.0015380957    -0.0059833139
13 H    -0.0066492950     0.0002816272    -0.0013386509
14 H    -0.0021467275     0.0008001505     0.0118917020
15 H    -0.0012916749    -0.0116316977     0.0022656022
16 H     0.0043101774     0.0127751721    -0.0057443364
17 H    -0.0124815734     0.0040215209    -0.0020706794
18 H    -0.0090649930    -0.0089327424    -0.0046675432
19 H    -0.0035972430     0.0014694427    -0.0084562254
20 H     0.0035844033    -0.0065947439     0.0052445446
21 H    -0.0060684891    -0.0119905974     0.0002257220
22 H     0.0102090167     0.0040914273     0.0071361969
23 H    -0.0071843702    -0.0042650890     0.0111262725
----------------------------------------------
[2026-07-09 14:02:53]   [OPT] [DEC_00296] eval=003 E=-547.8773419118 Ha max|grad|=4.128e-02 Ha/Bohr SCF=True time=56.8s

WARN: Mole.unit (Angstrom) is changed to Bohr

converged SCF energy = -547.883026720228
--------------- DFTD3 gradients ---------------
         x                y                z
0 C    -0.0064536682     0.0004803256    -0.0017033872
1 C    -0.0027566368     0.0037389318    -0.0060783619
2 O     0.0078040754    -0.0079795216     0.0127459932
3 C    -0.0014582621     0.0127699916    -0.0184159077
4 O    -0.0071524192    -0.0100591824     0.0113902266
5 N    -0.0109794952    -0.0011535111     0.0154169033
6 C    -0.0020803822    -0.0009806951     0.0000222941
7 C     0.0122586473    -0.0029625575    -0.0047417077
8 O     0.0028991679    -0.0006124524    -0.0022525272
9 C     0.0093978178     0.0000904823    -0.0085076318
10 C     0.0030719603    -0.0010017083     0.0025078657
11 H    -0.0014382937     0.0006051886    -0.0002594941
12 H    -0.0013905279    -0.0000633159    -0.0008327836
13 H    -0.0072530390     0.0004540517    -0.0016395710
14 H    -0.0004255289    -0.0009491273     0.0030508163
15 H    -0.0008077670    -0.0036097122     0.0018768503
16 H     0.0036272642     0.0118955993    -0.0050984358
17 H    -0.0069657929     0.0040125467    -0.0018104238
18 H    -0.0024575638    -0.0007632657    -0.0024057467
19 H    -0.0018403619     0.0025967946    -0.0118509888
20 H     0.0068482246    -0.0074339150     0.0056535194
21 H    -0.0002675198    -0.0031764802     0.0012684761
22 H     0.0098064451     0.0039291676     0.0069471526
23 H    -0.0019301930     0.0001775140     0.0048413523
----------------------------------------------
[2026-07-09 14:03:50]   [OPT] [DEC_00296] eval=004 E=-547.8830267202 Ha max|grad|=1.842e-02 Ha/Bohr SCF=True time=56.5s

WARN: Mole.unit (Angstrom) is changed to Bohr

converged SCF energy = -547.885008595526
--------------- DFTD3 gradients ---------------
         x                y                z
0 C    -0.0044277081     0.0022090370    -0.0037020448
1 C    -0.0008001847    -0.0003814812     0.0001809819
2 O     0.0019047537    -0.0077370154     0.0109090391
3 C    -0.0077999637    -0.0016788801     0.0003714858
4 O    -0.0058574236    -0.0008458413    -0.0017433249
5 N     0.0068073756     0.0084866876     0.0013619543
6 C    -0.0028220614    -0.0021628996     0.0061103367
7 C     0.0047222524    -0.0039186297    -0.0018737681
8 O     0.0025605838    -0.0014209725    -0.0022052701
9 C     0.0031882311    -0.0015452344    -0.0056901348
10 C    -0.0001746617    -0.0011499117     0.0036658718
11 H    -0.0020914577    -0.0011133358    -0.0005462475
12 H    -0.0023272144     0.0005418664     0.0005981505
13 H    -0.0067822180     0.0005171730    -0.0016622408
14 H     0.0003013148    -0.0017716472    -0.0020230359
15 H    -0.0006963292     0.0012858026     0.0013747897
16 H     0.0007915589     0.0069101024    -0.0051550004
17 H    -0.0029999248     0.0030424209    -0.0010354285
18 H     0.0011495278     0.0024173955    -0.0015763081
19 H    -0.0011510771     0.0017085457    -0.0106585706
20 H     0.0062720134    -0.0068145602     0.0043080409
21 H     0.0026421713     0.0008478307     0.0012065264
22 H     0.0072394643     0.0012795697     0.0055841552
23 H     0.0004045667     0.0013040593     0.0023222922
----------------------------------------------
[2026-07-09 14:04:55]   [OPT] [DEC_00296] eval=005 E=-547.8850085955 Ha max|grad|=1.091e-02 Ha/Bohr SCF=True time=65.2s

WARN: Mole.unit (Angstrom) is changed to Bohr

[2026-07-09 14:04:55]   [OPT] [DEC_00296] done: success=False nit=3 neval=5 max|grad|=1.091e-02 message=STOP: TOTAL NO. OF ITERATIONS REACHED LIMIT
[2026-07-09 14:04:55]   [WARN] [DEC_00296] Optimization did not fully converge; using last geometry
[2026-07-09 14:04:55]   [DFT] [DEC_00296] final single-point start
converged SCF energy = -547.885008595526
[2026-07-09 14:05:52]   [DFT] [DEC_00296] final SCF done: E=-547.8850085955 Ha converged=True time=56.5s
[2026-07-09 14:05:52]   [DFT] [DEC_00296] descriptors: HOMO=-3.3412 eV LUMO=3.9733 eV gap=7.3145 eV opt_status=opt_not_converged: STOP: TOTAL NO. OF ITERATIONS REACHED LIMIT
[2026-07-09 14:05:52] END compound_id=DEC_00296
