[2026-07-09 06:59:13] ========================================================================
[2026-07-09 06:59:13] BEGIN compound_id=DEC_00228 molecule_index=590/732 method=DFT-b3lyp/sto-3g-D3
[2026-07-09 06:59:13] settings functional=b3lyp basis=sto-3g D3=True geom_max_steps=3 scf_max_cycles=50
[2026-07-09 06:59:13]   [xTB] [DEC_00228] start: atoms=29 charge=0 multiplicity=1 opt=tight solvent=gas
[2026-07-09 06:59:15]   [OK] [DEC_00228] GFN2-xTB converged; RMSD(MMFF,xTB)=0.0326 A
[2026-07-09 06:59:15]   [DFT] build PySCF molecule: atoms=29 charge=0 spin=0
[2026-07-09 06:59:15]   [DFT] [DEC_00228] start
[2026-07-09 06:59:15]   [OPT] [DEC_00228] start: atoms=29, basis=sto-3g, D3=True, maxiter=3

WARN: Mole.unit (Angstrom) is changed to Bohr

converged SCF energy = -497.973731589869
--------------- DFTD3 gradients ---------------
         x                y                z
0 C     0.0082047630     0.0029298617    -0.0004478091
1 C     0.0003675560    -0.0093030437    -0.0006987553
2 C     0.0008461940     0.0089215934     0.0008267068
3 C    -0.0008318517    -0.0086907838    -0.0004650547
4 C     0.0014372071     0.0084391004     0.0011636436
5 C     0.0019098102    -0.0108856545    -0.0006339517
6 C     0.0058786134     0.0137560968    -0.0100464477
7 O    -0.0088433535    -0.0040563308     0.0896080824
8 C    -0.0323693193    -0.0176758579     0.0045330758
9 C    -0.0176832954    -0.0097914293     0.0125826708
10 O     0.0410376679     0.0220049101    -0.0971556289
11 H     0.0083967131    -0.0061535643    -0.0012180910
12 H     0.0010012262     0.0067161600    -0.0074955430
13 H     0.0023520056     0.0054271934     0.0081476785
14 H    -0.0014902987    -0.0056668215    -0.0067394684
15 H    -0.0004106916    -0.0066248244     0.0058289053
16 H     0.0001802388     0.0066438816    -0.0057391687
17 H     0.0011894260     0.0054761959     0.0065543601
18 H    -0.0013428700    -0.0055609772    -0.0068519582
19 H    -0.0003787517    -0.0065212097     0.0056935306
20 H     0.0011740242     0.0053529904     0.0067471464
21 H     0.0002448361     0.0068976813    -0.0059514903
22 H    -0.0013042654    -0.0052904365    -0.0071894770
23 H    -0.0001776551    -0.0064938301     0.0056376157
24 H     0.0033389665     0.0104612359    -0.0092854118
25 H     0.0035636497     0.0081942867     0.0104185084
26 H    -0.0012826951    -0.0108683350     0.0050298344
27 H    -0.0095476896     0.0047043440     0.0057442906
28 H    -0.0054392129    -0.0023509920    -0.0086097139
----------------------------------------------
[2026-07-09 07:00:09]   [OPT] [DEC_00228] eval=001 E=-497.9737315899 Ha max|grad|=9.716e-02 Ha/Bohr SCF=True time=53.3s

WARN: Mole.unit (Angstrom) is changed to Bohr

converged SCF energy = -497.831453490718
--------------- DFTD3 gradients ---------------
         x                y                z
0 C    -0.0019675498    -0.0055492005    -0.0004390837
1 C     0.0080060298     0.0217990607     0.0006299661
2 C     0.0025045590    -0.0242823688    -0.0029130384
3 C     0.0040597336     0.0228743049     0.0004675565
4 C     0.0002724394    -0.0224342968    -0.0044912163
5 C    -0.0095508014     0.0300027897    -0.0084698346
6 C    -0.0247429171    -0.0339211807     0.0892227142
7 O    -0.0141582981    -0.0012761981    -0.1383241521
8 C     0.1743351343     0.0935013436    -0.0842452849
9 C    -0.0296199658    -0.0150963967    -0.0438043305
10 O    -0.0889576516    -0.0479460916     0.1867875740
11 H    -0.0002728376     0.0086215476     0.0007290222
12 H     0.0026001568    -0.0064662745     0.0086092429
13 H     0.0010405559    -0.0049021578    -0.0096403705
14 H    -0.0000893023    -0.0017544275     0.0028011121
15 H    -0.0005652888    -0.0016322009    -0.0025512608
16 H     0.0002260250     0.0007232765     0.0030470344
17 H    -0.0001122902     0.0016340107    -0.0021271932
18 H     0.0002451454    -0.0006160281     0.0036355349
19 H    -0.0003097921    -0.0009447232    -0.0025100913
20 H    -0.0001166315     0.0012618544    -0.0021961333
21 H     0.0003031669    -0.0007372705     0.0042863053
22 H     0.0023260939    -0.0035831102     0.0023150003
23 H    -0.0012188476    -0.0018832924     0.0004605327
24 H    -0.0103428749     0.0071314782    -0.0143982558
25 H     0.0166952952     0.0030082237    -0.0274259125
26 H    -0.0097122326    -0.0121302508     0.0085346713
27 H    -0.0149785156    -0.0012806820     0.0091647192
28 H    -0.0058629039    -0.0041442521     0.0228191614
----------------------------------------------
[2026-07-09 07:01:34]   [OPT] [DEC_00228] eval=002 E=-497.8314534907 Ha max|grad|=1.868e-01 Ha/Bohr SCF=True time=85.7s

WARN: Mole.unit (Angstrom) is changed to Bohr

converged SCF energy = -497.986105266514
--------------- DFTD3 gradients ---------------
         x                y                z
0 C     0.0061226212     0.0012440393    -0.0004433026
1 C     0.0019452669    -0.0029426299    -0.0004243745
2 C     0.0012227335     0.0022181674     0.0000721344
3 C     0.0001293443    -0.0023388446    -0.0002698051
4 C     0.0012402279     0.0022114793     0.0000112888
5 C    -0.0000841785    -0.0026466239    -0.0021851780
6 C     0.0005639084     0.0052500011     0.0086450905
7 O    -0.0194402544    -0.0082813167     0.0231118416
8 C     0.0444116049     0.0236920525    -0.0684853096
9 C    -0.0175171521    -0.0095489479    -0.0010457254
10 O    -0.0146405319    -0.0079449710     0.0394607228
11 H     0.0066250279    -0.0032130101    -0.0008268023
12 H     0.0012568294     0.0040388786    -0.0042462429
13 H     0.0020224089     0.0033266000     0.0045693894
14 H    -0.0012225584    -0.0048728183    -0.0048756824
15 H    -0.0004455890    -0.0056237878     0.0041980315
16 H     0.0001852965     0.0054555577    -0.0040271243
17 H     0.0009330737     0.0046986905     0.0048595372
18 H    -0.0010292761    -0.0045572929    -0.0047979821
19 H    -0.0003602662    -0.0054045460     0.0040931172
20 H     0.0009129753     0.0045260103     0.0049972017
21 H     0.0002451068     0.0053577456    -0.0039458075
22 H    -0.0006122634    -0.0049312709    -0.0053393672
23 H    -0.0004293588    -0.0055445540     0.0046524161
24 H     0.0002305818     0.0092280394    -0.0102265114
25 H     0.0063482725     0.0066554891     0.0024310302
26 H    -0.0028277916    -0.0111335365     0.0057194647
27 H    -0.0105268083     0.0036641647     0.0064276982
28 H    -0.0052491633    -0.0025734158    -0.0021351583
----------------------------------------------
[2026-07-09 07:02:30]   [OPT] [DEC_00228] eval=003 E=-497.9861052665 Ha max|grad|=6.849e-02 Ha/Bohr SCF=True time=55.1s

WARN: Mole.unit (Angstrom) is changed to Bohr

converged SCF energy = -497.991221184797
--------------- DFTD3 gradients ---------------
         x                y                z
0 C     0.0050514198     0.0007880829    -0.0003894284
1 C     0.0024620452    -0.0016947884    -0.0003751171
2 C     0.0015610461     0.0010362450    -0.0000753142
3 C     0.0005075930    -0.0013604637    -0.0002423033
4 C     0.0009963022     0.0011302165    -0.0002639756
5 C    -0.0013736745    -0.0006459017    -0.0008372134
6 C    -0.0043361155     0.0021781065     0.0105067959
7 O    -0.0140889939    -0.0049190685    -0.0035480655
8 C     0.0151349295     0.0079404642    -0.0087535726
9 C    -0.0036262721    -0.0021435772    -0.0060996798
10 O     0.0010218085     0.0006075385     0.0086610130
11 H     0.0056353700    -0.0016559486    -0.0006162811
12 H     0.0014727742     0.0025239867    -0.0024198344
13 H     0.0018997080     0.0021225155     0.0025212764
14 H    -0.0008334025    -0.0038706263    -0.0031195629
15 H    -0.0003497583    -0.0043532893     0.0025928770
16 H     0.0002210939     0.0041285965    -0.0024409254
17 H     0.0006874898     0.0036656400     0.0031064508
18 H    -0.0007107102    -0.0035213113    -0.0030035090
19 H    -0.0003311555    -0.0040717304     0.0024987999
20 H     0.0006217014     0.0034575107     0.0031720543
21 H     0.0003122567     0.0040043542    -0.0023380404
22 H    -0.0002716456    -0.0041757659    -0.0038340980
23 H    -0.0002787247    -0.0040570417     0.0026841806
24 H    -0.0007201509     0.0056917940    -0.0058006349
25 H     0.0073875621     0.0069535770     0.0014731172
26 H    -0.0026031819    -0.0083988481     0.0041155472
27 H    -0.0080074814     0.0024094934     0.0045209360
28 H    -0.0074339923    -0.0037658079    -0.0017303947
----------------------------------------------
[2026-07-09 07:03:28]   [OPT] [DEC_00228] eval=004 E=-497.9912211848 Ha max|grad|=1.513e-02 Ha/Bohr SCF=True time=58.7s

WARN: Mole.unit (Angstrom) is changed to Bohr

converged SCF energy = -497.992601659711
--------------- DFTD3 gradients ---------------
         x                y                z
0 C     0.0040438589     0.0003919733    -0.0003233579
1 C     0.0025285787    -0.0016081179    -0.0003536266
2 C     0.0017751289     0.0010680011    -0.0000645538
3 C     0.0006358867    -0.0015524776    -0.0002314429
4 C     0.0002495513     0.0014076305    -0.0000441923
5 C    -0.0025970112    -0.0005728061     0.0006885252
6 C    -0.0061266178     0.0013132929     0.0039521751
7 O    -0.0057149663    -0.0000044770    -0.0081234280
8 C    -0.0008042130    -0.0004312453     0.0073918992
9 C     0.0006300090     0.0000978134    -0.0022033931
10 O     0.0070279790     0.0038284255    -0.0018175684
11 H     0.0047815552    -0.0003548131    -0.0004391661
12 H     0.0017035710     0.0012999033    -0.0009722394
13 H     0.0018580724     0.0011401663     0.0008723775
14 H    -0.0003200354    -0.0026905693    -0.0012848115
15 H    -0.0001434938    -0.0028725404     0.0008922795
16 H     0.0002954570     0.0026501234    -0.0008339568
17 H     0.0004665183     0.0024604375     0.0012532199
18 H    -0.0003572083    -0.0024082723    -0.0012341709
19 H    -0.0002680957    -0.0025999732     0.0008618986
20 H     0.0003852161     0.0022533034     0.0012242315
21 H     0.0003785347     0.0026112160    -0.0008356998
22 H    -0.0002749336    -0.0027534348    -0.0018578296
23 H     0.0000005405    -0.0025076601     0.0006559152
24 H    -0.0014151203     0.0012493696     0.0001183274
25 H     0.0066476660     0.0069598690     0.0025980074
26 H    -0.0031986821    -0.0038004204     0.0011175515
27 H    -0.0044535136    -0.0006163207     0.0009904419
28 H    -0.0077244085    -0.0039540945    -0.0020325488
----------------------------------------------
[2026-07-09 07:04:27]   [OPT] [DEC_00228] eval=005 E=-497.9926016597 Ha max|grad|=8.123e-03 Ha/Bohr SCF=True time=58.9s

WARN: Mole.unit (Angstrom) is changed to Bohr

[2026-07-09 07:04:27]   [OPT] [DEC_00228] done: success=False nit=3 neval=5 max|grad|=8.123e-03 message=STOP: TOTAL NO. OF ITERATIONS REACHED LIMIT
[2026-07-09 07:04:27]   [WARN] [DEC_00228] Optimization did not fully converge; using last geometry
[2026-07-09 07:04:27]   [DFT] [DEC_00228] final single-point start
converged SCF energy = -497.99260165971
[2026-07-09 07:05:12]   [DFT] [DEC_00228] final SCF done: E=-497.9926016597 Ha converged=True time=44.7s
[2026-07-09 07:05:12]   [DFT] [DEC_00228] descriptors: HOMO=-4.0472 eV LUMO=2.9938 eV gap=7.0410 eV opt_status=opt_not_converged: STOP: TOTAL NO. OF ITERATIONS REACHED LIMIT
[2026-07-09 07:05:12] END compound_id=DEC_00228
