[2026-07-09 11:38:29] ========================================================================
[2026-07-09 11:38:29] BEGIN compound_id=DEC_00275 molecule_index=635/732 method=DFT-b3lyp/sto-3g-D3
[2026-07-09 11:38:29] settings functional=b3lyp basis=sto-3g D3=True geom_max_steps=3 scf_max_cycles=50
[2026-07-09 11:38:29]   [xTB] [DEC_00275] start: atoms=29 charge=0 multiplicity=1 opt=tight solvent=gas
[2026-07-09 11:38:32]   [OK] [DEC_00275] GFN2-xTB converged; RMSD(MMFF,xTB)=0.0627 A
[2026-07-09 11:38:32]   [DFT] build PySCF molecule: atoms=29 charge=0 spin=0
[2026-07-09 11:38:32]   [DFT] [DEC_00275] start
[2026-07-09 11:38:32]   [OPT] [DEC_00275] start: atoms=29, basis=sto-3g, D3=True, maxiter=3

WARN: Mole.unit (Angstrom) is changed to Bohr

converged SCF energy = -461.45837177425
--------------- DFTD3 gradients ---------------
         x                y                z
0 C     0.0057968612    -0.0083417555     0.0001544470
1 C     0.0011608949     0.0023185827    -0.0075728926
2 C     0.0033715599     0.0070578086     0.0057265311
3 C     0.0063599400    -0.0200075865     0.0011799500
4 C     0.0077204881    -0.0040926027     0.0087113903
5 C    -0.0045773859    -0.0102196134     0.0066962806
6 C    -0.0031914717     0.0071674220     0.0027206062
7 C    -0.0099852024    -0.0013421209     0.0003035831
8 C    -0.0200239670    -0.0009630208    -0.0106030671
9 C    -0.0223244048    -0.0420068307     0.0119318767
10 O     0.0441105346     0.0812825936    -0.0267913157
11 H     0.0104107553     0.0010937180     0.0001098392
12 H    -0.0021555005    -0.0066418237    -0.0066993215
13 H    -0.0022287031    -0.0045751128     0.0083444765
14 H     0.0020209720     0.0033050922    -0.0069622466
15 H    -0.0059020094     0.0091910421    -0.0002741107
16 H    -0.0019662136    -0.0027965303     0.0086582988
17 H     0.0096540990     0.0026397625     0.0000277467
18 H    -0.0010051579    -0.0065210244    -0.0036270491
19 H     0.0016285969     0.0057719156     0.0063267296
20 H     0.0044930612    -0.0062917731     0.0052255484
21 H    -0.0011405058    -0.0065259918    -0.0044095173
22 H    -0.0039494752    -0.0028406719     0.0071150949
23 H     0.0010399570     0.0057419167     0.0051544065
24 H    -0.0053064534     0.0079112360    -0.0041902574
25 H    -0.0051616421    -0.0025268207     0.0086822935
26 H    -0.0015621599    -0.0074976412    -0.0060198169
27 H    -0.0043430534     0.0060517891    -0.0039332226
28 H    -0.0029262421    -0.0063339814    -0.0060054206
----------------------------------------------
[2026-07-09 11:39:41]   [OPT] [DEC_00275] eval=001 E=-461.4583717742 Ha max|grad|=8.128e-02 Ha/Bohr SCF=True time=68.4s

WARN: Mole.unit (Angstrom) is changed to Bohr

converged SCF energy = -461.259040341138
--------------- DFTD3 gradients ---------------
         x                y                z
0 C     0.0009934450     0.0101702608    -0.0007487625
1 C     0.0241263499    -0.0118891961     0.0256020841
2 C    -0.0095571236    -0.0048954092    -0.0082779413
3 C    -0.0264595990     0.0321982995     0.0066129992
4 C    -0.0217468899    -0.0127019996     0.0084833987
5 C     0.0192368534     0.0279732274    -0.0203669874
6 C    -0.0281047589    -0.0371551729     0.0035577817
7 C    -0.0026912925     0.0045912926     0.0030451933
8 C     0.0365334437    -0.0201215317     0.0241734977
9 C     0.1161612546     0.2312221779    -0.0835358384
10 O    -0.0872401313    -0.1674564315     0.0577025707
11 H    -0.0097495446    -0.0088641648     0.0007209841
12 H     0.0065861417     0.0022773258     0.0091905011
13 H     0.0056959268     0.0039877130    -0.0148700444
14 H    -0.0002746282     0.0026226293    -0.0063021327
15 H     0.0096814560    -0.0090575965     0.0037474723
16 H     0.0041742918     0.0086395935    -0.0128241183
17 H    -0.0094822423     0.0011644376     0.0042269179
18 H     0.0040617556    -0.0381742990    -0.0088239209
19 H     0.0043073180    -0.0112217211    -0.0072209563
20 H     0.0064604343    -0.0071379810     0.0146511793
21 H    -0.0022143380     0.0013857173     0.0075223076
22 H    -0.0071064531    -0.0072899368     0.0094411679
23 H     0.0005506108     0.0044262233    -0.0005123065
24 H    -0.0007895233    -0.0137881351     0.0060404577
25 H    -0.0030385128     0.0014222730    -0.0108032080
26 H    -0.0012492713     0.0130499061     0.0110425871
27 H    -0.0058644244     0.0121412209    -0.0111761707
28 H    -0.0230065299    -0.0075541636    -0.0102326631
----------------------------------------------
[2026-07-09 11:43:12]   [OPT] [DEC_00275] eval=002 E=-461.2590403411 Ha max|grad|=2.312e-01 Ha/Bohr SCF=True time=211.4s

WARN: Mole.unit (Angstrom) is changed to Bohr

converged SCF energy = -461.46273687577
--------------- DFTD3 gradients ---------------
         x                y                z
0 C     0.0051213231    -0.0059986142     0.0001191644
1 C     0.0046221780     0.0004842299    -0.0032427061
2 C     0.0017136096     0.0055276221     0.0039786049
3 C     0.0020937231    -0.0113022848     0.0008243477
4 C     0.0036402351    -0.0052554134     0.0087567036
5 C    -0.0014776471    -0.0050411492     0.0032152317
6 C    -0.0061227958     0.0013250499     0.0031038108
7 C    -0.0090871611    -0.0006234600     0.0005168726
8 C    -0.0110214298    -0.0016187732    -0.0063485244
9 C     0.0334820274     0.0660454460    -0.0257986842
10 O    -0.0127766658    -0.0275629690     0.0106680058
11 H     0.0078361229    -0.0000838870     0.0001834859
12 H    -0.0011023349    -0.0055032327    -0.0047379563
13 H    -0.0012776564    -0.0034372326     0.0054244166
14 H     0.0016923848     0.0032114878    -0.0068236693
15 H    -0.0039582693     0.0067720190     0.0001791347
16 H    -0.0012253118    -0.0014187276     0.0059102052
17 H     0.0072610822     0.0024071952     0.0005114465
18 H    -0.0004612196    -0.0102993294    -0.0041146430
19 H     0.0019331709     0.0037139554     0.0045765486
20 H     0.0047474195    -0.0063582231     0.0062760071
21 H    -0.0012665137    -0.0055767702    -0.0030179974
22 H    -0.0043287468    -0.0033786744     0.0073827401
23 H     0.0010084791     0.0055753294     0.0044367047
24 H    -0.0046695977     0.0051904132    -0.0029066850
25 H    -0.0048189331    -0.0020217507     0.0062542052
26 H    -0.0014415459    -0.0048952756    -0.0038777144
27 H    -0.0047664503     0.0067791774    -0.0049119226
28 H    -0.0053286738    -0.0066613463    -0.0065419406
----------------------------------------------
[2026-07-09 11:44:28]   [OPT] [DEC_00275] eval=003 E=-461.4627368758 Ha max|grad|=6.605e-02 Ha/Bohr SCF=True time=76.0s

WARN: Mole.unit (Angstrom) is changed to Bohr

converged SCF energy = -461.465670595743
--------------- DFTD3 gradients ---------------
         x                y                z
0 C     0.0051216057    -0.0052078070     0.0000613513
1 C     0.0047981100    -0.0006728570    -0.0021117760
2 C     0.0016124922     0.0048479155     0.0033077140
3 C     0.0014788729    -0.0053819941    -0.0008019930
4 C     0.0025826603    -0.0038663742     0.0069564415
5 C    -0.0014513347    -0.0043348844     0.0031452509
6 C    -0.0045896840     0.0010228911     0.0025580194
7 C    -0.0086969632    -0.0006402193     0.0005157288
8 C    -0.0060700312     0.0011502334    -0.0057715575
9 C     0.0173715778     0.0353045121    -0.0153203172
10 O    -0.0015658910    -0.0060615040     0.0032942817
11 H     0.0070161938    -0.0006485716     0.0002331226
12 H    -0.0006718726    -0.0049286949    -0.0038922738
13 H    -0.0008903371    -0.0030001011     0.0043090148
14 H     0.0016462407     0.0028554399    -0.0062079143
15 H    -0.0031772147     0.0059323342     0.0004827785
16 H    -0.0009747276    -0.0008396097     0.0048708733
17 H     0.0061365175     0.0023685853     0.0007839246
18 H    -0.0007268560    -0.0094252316    -0.0040670520
19 H     0.0019351450     0.0027663464     0.0041064312
20 H     0.0047084642    -0.0062541259     0.0064764283
21 H    -0.0012039641    -0.0049199105    -0.0023319548
22 H    -0.0040851938    -0.0034047938     0.0066301843
23 H     0.0007329304     0.0048572660     0.0038761122
24 H    -0.0044862071     0.0042567007    -0.0024486494
25 H    -0.0047613238    -0.0018414648     0.0053386650
26 H    -0.0015036122    -0.0039142574    -0.0030633156
27 H    -0.0055214028     0.0058600664    -0.0048848133
28 H    -0.0047418682    -0.0058814529    -0.0060549380
----------------------------------------------
[2026-07-09 11:45:43]   [OPT] [DEC_00275] eval=004 E=-461.4656705957 Ha max|grad|=3.530e-02 Ha/Bohr SCF=True time=74.8s

WARN: Mole.unit (Angstrom) is changed to Bohr

converged SCF energy = -461.469103453634
--------------- DFTD3 gradients ---------------
         x                y                z
0 C     0.0041918983    -0.0030851523    -0.0000265391
1 C     0.0050774093    -0.0018789617     0.0001693026
2 C     0.0012970682     0.0023113725     0.0011666373
3 C    -0.0001392997     0.0053954727    -0.0040968812
4 C     0.0002142203    -0.0014308190     0.0024760758
5 C    -0.0011537663    -0.0018092680     0.0023535236
6 C    -0.0015833998    -0.0000997605     0.0008846510
7 C    -0.0060448632    -0.0003187626     0.0004957480
8 C     0.0037544432     0.0050581176    -0.0040915234
9 C    -0.0059504015    -0.0094404781    -0.0000308251
10 O     0.0112408929     0.0187842069    -0.0052239971
11 H     0.0043808279    -0.0024323452     0.0003733059
12 H     0.0009206010    -0.0028966476    -0.0009090882
13 H     0.0005791897    -0.0015818388     0.0004855015
14 H     0.0014094203     0.0013062858    -0.0033348158
15 H    -0.0005711544     0.0028893435     0.0012446065
16 H    -0.0000578100     0.0011600487     0.0013634784
17 H     0.0023367812     0.0022363506     0.0017117218
18 H    -0.0007639047    -0.0058644620    -0.0023517724
19 H     0.0018651652    -0.0003100953     0.0024646870
20 H     0.0038729175    -0.0045300084     0.0062037297
21 H    -0.0009849681    -0.0025671094     0.0001623054
22 H    -0.0031811901    -0.0033833731     0.0039889651
23 H    -0.0001501236     0.0022782375     0.0018317325
24 H    -0.0039308025     0.0010673664    -0.0008663463
25 H    -0.0045603193    -0.0011984865     0.0022047838
26 H    -0.0018426011    -0.0007176520    -0.0003839627
27 H    -0.0066361277     0.0032226479    -0.0046680133
28 H    -0.0035622168    -0.0021635092    -0.0036124784
----------------------------------------------
[2026-07-09 11:46:55]   [OPT] [DEC_00275] eval=005 E=-461.4691034536 Ha max|grad|=1.878e-02 Ha/Bohr SCF=True time=71.9s

WARN: Mole.unit (Angstrom) is changed to Bohr

[2026-07-09 11:46:55]   [OPT] [DEC_00275] done: success=False nit=3 neval=5 max|grad|=1.878e-02 message=STOP: TOTAL NO. OF ITERATIONS REACHED LIMIT
[2026-07-09 11:46:55]   [WARN] [DEC_00275] Optimization did not fully converge; using last geometry
[2026-07-09 11:46:55]   [DFT] [DEC_00275] final single-point start
converged SCF energy = -461.469103453636
[2026-07-09 11:47:51]   [DFT] [DEC_00275] final SCF done: E=-461.4691034536 Ha converged=True time=56.0s
[2026-07-09 11:47:51]   [DFT] [DEC_00275] descriptors: HOMO=-3.5781 eV LUMO=2.4874 eV gap=6.0655 eV opt_status=opt_not_converged: STOP: TOTAL NO. OF ITERATIONS REACHED LIMIT
[2026-07-09 11:47:51] END compound_id=DEC_00275
