[2026-07-09 04:25:49] ========================================================================
[2026-07-09 04:25:49] BEGIN compound_id=DEC_00203 molecule_index=566/732 method=DFT-b3lyp/sto-3g-D3
[2026-07-09 04:25:49] settings functional=b3lyp basis=sto-3g D3=True geom_max_steps=3 scf_max_cycles=50
[2026-07-09 04:25:49]   [xTB] [DEC_00203] start: atoms=18 charge=0 multiplicity=1 opt=tight solvent=gas
[2026-07-09 04:25:50]   [OK] [DEC_00203] GFN2-xTB converged; RMSD(MMFF,xTB)=0.0247 A
[2026-07-09 04:25:50]   [DFT] build PySCF molecule: atoms=18 charge=0 spin=0
[2026-07-09 04:25:50]   [DFT] [DEC_00203] start
[2026-07-09 04:25:50]   [OPT] [DEC_00203] start: atoms=18, basis=sto-3g, D3=True, maxiter=3

WARN: Mole.unit (Angstrom) is changed to Bohr

converged SCF energy = -454.273825659974
--------------- DFTD3 gradients ---------------
         x                y                z
0 C    -0.0102957651    -0.0064697224     0.0023001768
1 C    -0.0089444113     0.0081736598    -0.0025560004
2 C    -0.0024360762     0.0128372283    -0.0046215954
3 C    -0.0063729164    -0.0018711791     0.0034136032
4 C    -0.0058689730     0.0029491948    -0.0035437655
5 C    -0.0046891945    -0.0122207889     0.0045209363
6 O    -0.0112670551    -0.0562909976     0.0304724223
7 C     0.0222116145     0.0033131161    -0.0171754977
8 C     0.0208469902    -0.0070942023     0.0177376671
9 O    -0.0005912890     0.0572865470    -0.0306713704
10 H    -0.0133152614    -0.0059676140     0.0018691929
11 H    -0.0120239941     0.0081878329    -0.0021901776
12 H     0.0009883071     0.0151514576    -0.0039636021
13 H    -0.0017632997    -0.0150839070     0.0039530224
14 H     0.0045119121    -0.0000947061    -0.0124549222
15 H     0.0118462523    -0.0073310198     0.0033723454
16 H     0.0130211933     0.0051518195    -0.0030575058
17 H     0.0041409029    -0.0006662197     0.0125652581
----------------------------------------------
[2026-07-09 04:26:28]   [OPT] [DEC_00203] eval=001 E=-454.2738256600 Ha max|grad|=5.729e-02 Ha/Bohr SCF=True time=37.8s

WARN: Mole.unit (Angstrom) is changed to Bohr

converged SCF energy = -454.180598085235
--------------- DFTD3 gradients ---------------
         x                y                z
0 C     0.0186485575     0.0184124493    -0.0064952564
1 C     0.0147536387    -0.0214689091     0.0069472912
2 C    -0.0389632967    -0.0367366687     0.0129332294
3 C     0.0524705018     0.1079350475    -0.0419876653
4 C     0.0320945697    -0.1153637832     0.0430417437
5 C    -0.0320408550     0.0430455425    -0.0138414138
6 O     0.0359157432     0.1211043744    -0.0723656499
7 C    -0.0537393004    -0.0673802194     0.0995083000
8 C    -0.0385886209     0.0754655119    -0.1007901283
9 O     0.0125334841    -0.1253231383     0.0729215155
10 H    -0.0064597800    -0.0006315409     0.0003698876
11 H    -0.0062549945     0.0017608298    -0.0005386820
12 H     0.0014185917     0.0050090041    -0.0018072924
13 H     0.0005033525    -0.0051885430     0.0018275085
14 H     0.0015676234    -0.0006846985    -0.0180801347
15 H     0.0034601789     0.0075077144    -0.0208225290
16 H     0.0015187631    -0.0079610024     0.0209083561
17 H     0.0011880038     0.0004611744     0.0181684535
----------------------------------------------
[2026-07-09 04:27:03]   [OPT] [DEC_00203] eval=002 E=-454.1805980852 Ha max|grad|=1.253e-01 Ha/Bohr SCF=True time=35.7s

WARN: Mole.unit (Angstrom) is changed to Bohr

converged SCF energy = -454.286447392077
--------------- DFTD3 gradients ---------------
         x                y                z
0 C    -0.0027704938     0.0010160334    -0.0002043789
1 C    -0.0029657887    -0.0005337527     0.0001305494
2 C    -0.0120580955     0.0001253435    -0.0002978724
3 C     0.0135169291     0.0254318779    -0.0068825824
4 C     0.0087998355    -0.0273952357     0.0071841228
5 C    -0.0119636517     0.0019997687    -0.0000208346
6 O     0.0113011043    -0.0030427604    -0.0013522636
7 C    -0.0120013150    -0.0198329255     0.0167977084
8 C    -0.0079458905     0.0215917977    -0.0170779476
9 O     0.0116982867     0.0009958898     0.0016349845
10 H    -0.0116793254    -0.0046702575     0.0014992486
11 H    -0.0106516844     0.0066298197    -0.0017836469
12 H     0.0013001415     0.0126526545    -0.0034004164
13 H    -0.0010019720    -0.0126848285     0.0034030548
14 H     0.0030246023    -0.0005135482    -0.0130945974
15 H     0.0101626203    -0.0034207342    -0.0024880597
16 H     0.0105201267     0.0016032539     0.0027554063
17 H     0.0027271905     0.0000110306     0.0131791986
----------------------------------------------
[2026-07-09 04:27:40]   [OPT] [DEC_00203] eval=003 E=-454.2864473921 Ha max|grad|=2.740e-02 Ha/Bohr SCF=True time=36.9s

WARN: Mole.unit (Angstrom) is changed to Bohr

converged SCF energy = -454.290782554467
--------------- DFTD3 gradients ---------------
         x                y                z
0 C    -0.0119470469     0.0035712913    -0.0008275778
1 C    -0.0123607651    -0.0014348937     0.0005106919
2 C     0.0039146903     0.0082782238    -0.0023614499
3 C     0.0031726181    -0.0071359534     0.0010350643
4 C     0.0043291415     0.0064725237    -0.0009277369
5 C     0.0024113612    -0.0088544146     0.0024459079
6 O     0.0094959063     0.0005058151    -0.0025499958
7 C    -0.0082526506    -0.0074426445     0.0005650643
8 C    -0.0068310664     0.0087466893    -0.0007453782
9 O     0.0092003779    -0.0021649434     0.0027757949
10 H    -0.0050140388    -0.0012747287     0.0004151037
11 H    -0.0047269334     0.0021368854    -0.0005420416
12 H    -0.0020582754     0.0036767344    -0.0009740232
13 H    -0.0026912435    -0.0032504071     0.0009070510
14 H     0.0018337498    -0.0018082071     0.0023491969
15 H     0.0085898466    -0.0021656336    -0.0022382433
16 H     0.0087740177     0.0006442864     0.0024582424
17 H     0.0021711173     0.0014558657    -0.0023036178
----------------------------------------------
[2026-07-09 04:28:17]   [OPT] [DEC_00203] eval=004 E=-454.2907825545 Ha max|grad|=1.236e-02 Ha/Bohr SCF=True time=36.4s

WARN: Mole.unit (Angstrom) is changed to Bohr

converged SCF energy = -454.291934153832
--------------- DFTD3 gradients ---------------
         x                y                z
0 C     0.0004641163    -0.0049578816     0.0013602245
1 C     0.0013094975     0.0047965615    -0.0013427633
2 C    -0.0008453689    -0.0050876091     0.0015510568
3 C    -0.0011606037     0.0015140829    -0.0016182924
4 C    -0.0014347278    -0.0012830945     0.0015879025
5 C     0.0000447823     0.0051650966    -0.0015615633
6 O    -0.0000461254     0.0031337792    -0.0018741735
7 C     0.0049248721     0.0010946318    -0.0015188248
8 C     0.0046286272    -0.0019509354     0.0016477874
9 O    -0.0006411671    -0.0030890654     0.0018543286
10 H    -0.0057266195    -0.0011131156     0.0003827180
11 H    -0.0054318454     0.0020865961    -0.0005244857
12 H    -0.0019147183     0.0041412757    -0.0011270351
13 H    -0.0026307052    -0.0037503267     0.0010668379
14 H     0.0006590280    -0.0024658885     0.0049946533
15 H     0.0034895628     0.0011722038    -0.0039191191
16 H     0.0031243453    -0.0017571264     0.0040070670
17 H     0.0011938821     0.0023026840    -0.0049720321
----------------------------------------------
[2026-07-09 04:28:53]   [OPT] [DEC_00203] eval=005 E=-454.2919341538 Ha max|grad|=5.727e-03 Ha/Bohr SCF=True time=36.3s

WARN: Mole.unit (Angstrom) is changed to Bohr

[2026-07-09 04:28:53]   [OPT] [DEC_00203] done: success=False nit=3 neval=5 max|grad|=5.727e-03 message=STOP: TOTAL NO. OF ITERATIONS REACHED LIMIT
[2026-07-09 04:28:53]   [WARN] [DEC_00203] Optimization did not fully converge; using last geometry
[2026-07-09 04:28:53]   [DFT] [DEC_00203] final single-point start
converged SCF energy = -454.291934153832
[2026-07-09 04:29:18]   [DFT] [DEC_00203] final SCF done: E=-454.2919341538 Ha converged=True time=24.8s
[2026-07-09 04:29:18]   [DFT] [DEC_00203] descriptors: HOMO=-3.4623 eV LUMO=2.6501 eV gap=6.1124 eV opt_status=opt_not_converged: STOP: TOTAL NO. OF ITERATIONS REACHED LIMIT
[2026-07-09 04:29:18] END compound_id=DEC_00203
