[2026-07-08 18:45:09] ========================================================================
[2026-07-08 18:45:09] BEGIN compound_id=DEC_00059 molecule_index=426/732 method=DFT-b3lyp/sto-3g-D3
[2026-07-08 18:45:09] settings functional=b3lyp basis=sto-3g D3=True geom_max_steps=3 scf_max_cycles=50
[2026-07-08 18:45:09]   [xTB] [DEC_00059] start: atoms=19 charge=0 multiplicity=1 opt=tight solvent=gas
[2026-07-08 18:45:11]   [OK] [DEC_00059] GFN2-xTB converged; RMSD(MMFF,xTB)=0.0518 A
[2026-07-08 18:45:11]   [DFT] build PySCF molecule: atoms=19 charge=0 spin=0
[2026-07-08 18:45:11]   [DFT] [DEC_00059] start
[2026-07-08 18:45:11]   [OPT] [DEC_00059] start: atoms=19, basis=sto-3g, D3=True, maxiter=3

WARN: Mole.unit (Angstrom) is changed to Bohr

converged SCF energy = -307.25231878667
--------------- DFTD3 gradients ---------------
         x                y                z
0 O     0.0432632645    -0.0727030091    -0.0287626347
1 C    -0.0120618175     0.0109522455     0.0174782663
2 C     0.0035130613    -0.0143025924    -0.0030292992
3 C     0.0108942530    -0.0027575268     0.0056658433
4 C     0.0091032323     0.0073764916    -0.0049154740
5 C    -0.0035222728     0.0130827108     0.0016227404
6 C    -0.0095397669     0.0104888107    -0.0064636213
7 H    -0.0571013035     0.0354812043     0.0138192866
8 H     0.0038493422     0.0071562503     0.0117597136
9 H     0.0016082068    -0.0024104978    -0.0088284194
10 H     0.0025245355    -0.0084208949     0.0041623463
11 H     0.0086437552    -0.0029094828    -0.0009696935
12 H     0.0007259119     0.0010067695     0.0083846498
13 H     0.0015066700    -0.0006213269    -0.0085877013
14 H     0.0063547165     0.0060432976     0.0013766205
15 H    -0.0007887083     0.0026422310     0.0079249886
16 H    -0.0012917239     0.0083317450    -0.0033377640
17 H    -0.0071479238     0.0024467695     0.0009507538
18 H    -0.0005213254    -0.0009031299    -0.0082663650
----------------------------------------------
[2026-07-08 18:45:33]   [OPT] [DEC_00059] eval=001 E=-307.2523187867 Ha max|grad|=7.270e-02 Ha/Bohr SCF=True time=22.4s

WARN: Mole.unit (Angstrom) is changed to Bohr

converged SCF energy = -307.115166005314
--------------- DFTD3 gradients ---------------
         x                y                z
0 O    -0.1178005494     0.1446029729     0.0650412951
1 C     0.0605333290    -0.0939071363    -0.0989296312
2 C    -0.0050771677     0.0688583061     0.0228681670
3 C    -0.0200757606     0.0018549832    -0.0170341705
4 C    -0.0257260775    -0.0211368338     0.0102221237
5 C     0.0174474540    -0.0239629855     0.0001770011
6 C     0.0137578772    -0.0270717014     0.0146293759
7 H     0.0858349605    -0.0789815001    -0.0303613099
8 H    -0.0134514188    -0.0006473239     0.0281885248
9 H    -0.0021478476    -0.0032443437     0.0053277744
10 H     0.0013542070    -0.0145285968     0.0029595133
11 H     0.0131278796    -0.0008874670     0.0043851637
12 H     0.0055660216    -0.0031203129    -0.0047617467
13 H     0.0038354953     0.0052238426     0.0063851488
14 H     0.0099466152     0.0090901247    -0.0024926991
15 H    -0.0011906076     0.0052367028    -0.0076918539
16 H    -0.0025242161     0.0170851478    -0.0015396860
17 H    -0.0187191385     0.0120458344    -0.0049019855
18 H    -0.0046213856     0.0034940217     0.0075367237
----------------------------------------------
[2026-07-08 18:45:59]   [OPT] [DEC_00059] eval=002 E=-307.1151660053 Ha max|grad|=1.446e-01 Ha/Bohr SCF=True time=25.8s

WARN: Mole.unit (Angstrom) is changed to Bohr

converged SCF energy = -307.260427960903
--------------- DFTD3 gradients ---------------
         x                y                z
0 O    -0.0442568125    -0.0084154473    -0.0030260079
1 C     0.0049731008    -0.0085489125    -0.0029653290
2 C     0.0009565444     0.0019268981     0.0024816885
3 C     0.0051808389    -0.0021427297     0.0013142208
4 C     0.0027174114     0.0022297340    -0.0019441159
5 C     0.0005056903     0.0063883511     0.0012205348
6 C    -0.0062105733     0.0030611701    -0.0026136412
7 H     0.0264183611    -0.0093746299    -0.0027592767
8 H    -0.0003572515     0.0053413292     0.0135334316
9 H     0.0007148956    -0.0024963770    -0.0064487874
10 H     0.0022113003    -0.0094823939     0.0039143909
11 H     0.0094476076    -0.0025201706    -0.0000377471
12 H     0.0014938586     0.0003174856     0.0061632477
13 H     0.0018530969     0.0003274843    -0.0060567158
14 H     0.0069689769     0.0065658732     0.0006916400
15 H    -0.0008348467     0.0030329169     0.0053334501
16 H    -0.0015211506     0.0097851302    -0.0029866150
17 H    -0.0090745750     0.0041861000    -0.0001506148
18 H    -0.0011624769    -0.0001947831    -0.0056472274
----------------------------------------------
[2026-07-08 18:46:21]   [OPT] [DEC_00059] eval=003 E=-307.2604279609 Ha max|grad|=4.426e-02 Ha/Bohr SCF=True time=22.3s

WARN: Mole.unit (Angstrom) is changed to Bohr

converged SCF energy = -307.262925528284
--------------- DFTD3 gradients ---------------
         x                y                z
0 O    -0.0207431241    -0.0037427071    -0.0007108263
1 C    -0.0037342206    -0.0112595241    -0.0016233494
2 C     0.0015644463    -0.0028878642     0.0003059544
3 C     0.0046175379    -0.0004191349     0.0017034382
4 C     0.0030805127     0.0023697666    -0.0012391946
5 C    -0.0001503922     0.0051432304     0.0003740304
6 C    -0.0040863148     0.0005812846    -0.0016026171
7 H     0.0116866185    -0.0038996762    -0.0007508917
8 H    -0.0005103610     0.0030814271     0.0070854913
9 H     0.0007718063    -0.0018219888    -0.0028777028
10 H     0.0017449798    -0.0062737998     0.0019443499
11 H     0.0079081438    -0.0020807350     0.0004727196
12 H     0.0019006513    -0.0000250068     0.0040446629
13 H     0.0017761659     0.0007359506    -0.0042364631
14 H     0.0054754691     0.0049227961    -0.0001820413
15 H    -0.0006909760     0.0030009614     0.0037586197
16 H    -0.0010758621     0.0083573811    -0.0017721474
17 H    -0.0079803447     0.0036870532    -0.0005547414
18 H    -0.0015336659     0.0005171248    -0.0041255526
----------------------------------------------
[2026-07-08 18:46:44]   [OPT] [DEC_00059] eval=004 E=-307.2629255283 Ha max|grad|=2.074e-02 Ha/Bohr SCF=True time=22.3s

WARN: Mole.unit (Angstrom) is changed to Bohr

converged SCF energy = -307.26492370651
--------------- DFTD3 gradients ---------------
         x                y                z
0 O     0.0044646236    -0.0024482837     0.0009038667
1 C    -0.0029697650    -0.0038321669     0.0012778693
2 C    -0.0001903752    -0.0033037595     0.0006003479
3 C     0.0018763381    -0.0005838248    -0.0001871377
4 C     0.0019463593     0.0020505342    -0.0001897401
5 C    -0.0006860999     0.0011619676    -0.0002511124
6 C    -0.0031806049    -0.0023692005     0.0008207023
7 H    -0.0078758834     0.0026863586     0.0016783809
8 H    -0.0014404399    -0.0015974419    -0.0030342054
9 H     0.0012353799    -0.0017295301     0.0003782757
10 H     0.0018625478    -0.0033490757    -0.0004700085
11 H     0.0037699343    -0.0005471890     0.0018045557
12 H     0.0025141267    -0.0004727548     0.0009972480
13 H     0.0017294515     0.0015303048    -0.0002460436
14 H     0.0029277831     0.0021960633    -0.0016559205
15 H    -0.0003832563     0.0027491717    -0.0000854485
16 H    -0.0003806656     0.0046224096     0.0006669166
17 H    -0.0030490302     0.0016359102    -0.0020295044
18 H    -0.0021541130     0.0015843662    -0.0009692408
----------------------------------------------
[2026-07-08 18:47:06]   [OPT] [DEC_00059] eval=005 E=-307.2649237065 Ha max|grad|=7.876e-03 Ha/Bohr SCF=True time=22.3s

WARN: Mole.unit (Angstrom) is changed to Bohr

[2026-07-08 18:47:06]   [OPT] [DEC_00059] done: success=False nit=3 neval=5 max|grad|=7.876e-03 message=STOP: TOTAL NO. OF ITERATIONS REACHED LIMIT
[2026-07-08 18:47:06]   [WARN] [DEC_00059] Optimization did not fully converge; using last geometry
[2026-07-08 18:47:06]   [DFT] [DEC_00059] final single-point start
converged SCF energy = -307.26492370651
[2026-07-08 18:47:22]   [DFT] [DEC_00059] final SCF done: E=-307.2649237065 Ha converged=True time=15.5s
[2026-07-08 18:47:22]   [DFT] [DEC_00059] descriptors: HOMO=-3.6410 eV LUMO=7.8833 eV gap=11.5243 eV opt_status=opt_not_converged: STOP: TOTAL NO. OF ITERATIONS REACHED LIMIT
[2026-07-08 18:47:22] END compound_id=DEC_00059
