[2026-07-08 17:24:44] ========================================================================
[2026-07-08 17:24:44] BEGIN compound_id=DEC_00013 molecule_index=382/732 method=DFT-b3lyp/sto-3g-D3
[2026-07-08 17:24:44] settings functional=b3lyp basis=sto-3g D3=True geom_max_steps=3 scf_max_cycles=50
[2026-07-08 17:24:44]   [xTB] [DEC_00013] start: atoms=10 charge=0 multiplicity=1 opt=tight solvent=gas
[2026-07-08 17:24:45]   [OK] [DEC_00013] GFN2-xTB converged; RMSD(MMFF,xTB)=0.0249 A
[2026-07-08 17:24:45]   [DFT] build PySCF molecule: atoms=10 charge=0 spin=0
[2026-07-08 17:24:45]   [DFT] [DEC_00013] start
[2026-07-08 17:24:45]   [OPT] [DEC_00013] start: atoms=10, basis=sto-3g, D3=True, maxiter=3

WARN: Mole.unit (Angstrom) is changed to Bohr

converged SCF energy = -207.511958749303
--------------- DFTD3 gradients ---------------
         x                y                z
0 N    -0.1356124718     0.0055652941     0.0483933753
1 C     0.0917437091    -0.0033946366    -0.0347164188
2 C     0.0076440395     0.0030453764    -0.0193134525
3 C     0.0086322607    -0.0202554742     0.0019687094
4 C     0.0127067423     0.0156192712     0.0091672123
5 H     0.0045501480     0.0019768824    -0.0124056817
6 H    -0.0052318211    -0.0072891690     0.0095827307
7 H     0.0091212938    -0.0053036274    -0.0084072474
8 H    -0.0039583854     0.0040225519     0.0118505104
9 H     0.0104081419     0.0060159221    -0.0061304901
----------------------------------------------
[2026-07-08 17:24:52]   [OPT] [DEC_00013] eval=001 E=-207.5119587493 Ha max|grad|=1.356e-01 Ha/Bohr SCF=True time=7.4s

WARN: Mole.unit (Angstrom) is changed to Bohr

converged SCF energy = -207.115320756741
--------------- DFTD3 gradients ---------------
         x                y                z
0 N     0.2257392903    -0.0091988731    -0.0807340934
1 C    -0.6605470167     0.0262089386     0.2408512037
2 C     0.3552272338    -0.0176032490    -0.1124583852
3 C     0.0226497856     0.0559538151     0.0095151340
4 C     0.0096366497    -0.0588101965    -0.0134820355
5 H     0.0292197823     0.0048108547    -0.0404182670
6 H    -0.0035265688    -0.0052278569    -0.0001765285
7 H     0.0109598173    -0.0093858359    -0.0042480017
8 H    -0.0023004432     0.0055294218     0.0019762366
9 H     0.0129330972     0.0077270185    -0.0008265504
----------------------------------------------
[2026-07-08 17:25:08]   [OPT] [DEC_00013] eval=002 E=-207.1153207567 Ha max|grad|=6.605e-01 Ha/Bohr SCF=True time=15.6s

WARN: Mole.unit (Angstrom) is changed to Bohr

converged SCF energy = -207.516161436092
--------------- DFTD3 gradients ---------------
         x                y                z
0 N     0.0353535551    -0.0014928879    -0.0122216410
1 C    -0.1020316294     0.0047616500     0.0332870269
2 C     0.0293395103     0.0007097527    -0.0199423379
3 C     0.0087553132    -0.0105232039     0.0018749885
4 C     0.0107368990     0.0068761905     0.0053703015
5 H     0.0065277554     0.0021935819    -0.0145972560
6 H    -0.0050662612    -0.0071613068     0.0086756100
7 H     0.0094088316    -0.0057224118    -0.0079004172
8 H    -0.0037839237     0.0042184753     0.0109571251
9 H     0.0107601772     0.0061396935    -0.0055163008
----------------------------------------------
[2026-07-08 17:25:15]   [OPT] [DEC_00013] eval=003 E=-207.5161614361 Ha max|grad|=1.020e-01 Ha/Bohr SCF=True time=7.5s

WARN: Mole.unit (Angstrom) is changed to Bohr

converged SCF energy = -207.518819065197
--------------- DFTD3 gradients ---------------
         x                y                z
0 N    -0.0059121173     0.0001910031     0.0025071227
1 C    -0.0442252031     0.0023812226     0.0127207673
2 C     0.0147902498     0.0008478108    -0.0124389089
3 C     0.0078875055    -0.0095320859     0.0016259957
4 C     0.0096856889     0.0062662378     0.0047998675
5 H     0.0061300600     0.0023204548    -0.0150045713
6 H    -0.0046970060    -0.0067648120     0.0079823484
7 H     0.0092464775    -0.0056962920    -0.0073468662
8 H    -0.0034784337     0.0040471860     0.0101503710
9 H     0.0105727319     0.0059402970    -0.0050081441
----------------------------------------------
[2026-07-08 17:25:23]   [OPT] [DEC_00013] eval=004 E=-207.5188190652 Ha max|grad|=4.423e-02 Ha/Bohr SCF=True time=7.5s

WARN: Mole.unit (Angstrom) is changed to Bohr

converged SCF energy = -207.52059137471
--------------- DFTD3 gradients ---------------
         x                y                z
0 N    -0.0285233256     0.0010946350     0.0106668111
1 C    -0.0035616759     0.0007533263    -0.0019734559
2 C     0.0006862760     0.0005150020    -0.0028643546
3 C     0.0062380792    -0.0053445986     0.0013133645
4 C     0.0071858259     0.0029739095     0.0029868207
5 H     0.0057909078     0.0022501690    -0.0144605425
6 H    -0.0036472909    -0.0056775072     0.0060626931
7 H     0.0085958087    -0.0055122627    -0.0059249407
8 H    -0.0026036166     0.0035767319     0.0079194493
9 H     0.0098382997     0.0053732822    -0.0037373266
----------------------------------------------
[2026-07-08 17:25:30]   [OPT] [DEC_00013] eval=005 E=-207.5205913747 Ha max|grad|=2.852e-02 Ha/Bohr SCF=True time=7.6s

WARN: Mole.unit (Angstrom) is changed to Bohr

[2026-07-08 17:25:30]   [OPT] [DEC_00013] done: success=False nit=3 neval=5 max|grad|=2.852e-02 message=STOP: TOTAL NO. OF ITERATIONS REACHED LIMIT
[2026-07-08 17:25:30]   [WARN] [DEC_00013] Optimization did not fully converge; using last geometry
[2026-07-08 17:25:30]   [DFT] [DEC_00013] final single-point start
converged SCF energy = -207.52059137471
[2026-07-08 17:25:37]   [DFT] [DEC_00013] final SCF done: E=-207.5205913747 Ha converged=True time=6.3s
[2026-07-08 17:25:37]   [DFT] [DEC_00013] descriptors: HOMO=-6.5614 eV LUMO=3.3135 eV gap=9.8749 eV opt_status=opt_not_converged: STOP: TOTAL NO. OF ITERATIONS REACHED LIMIT
[2026-07-08 17:25:37] END compound_id=DEC_00013
