[2026-07-09 12:02:47] ========================================================================
[2026-07-09 12:02:47] BEGIN compound_id=DEC_00278 molecule_index=638/732 method=DFT-b3lyp/sto-3g-D3
[2026-07-09 12:02:47] settings functional=b3lyp basis=sto-3g D3=True geom_max_steps=3 scf_max_cycles=50
[2026-07-09 12:02:47]   [xTB] [DEC_00278] start: atoms=23 charge=0 multiplicity=1 opt=tight solvent=gas
[2026-07-09 12:02:50]   [OK] [DEC_00278] GFN2-xTB converged; RMSD(MMFF,xTB)=0.1465 A
[2026-07-09 12:02:50]   [DFT] build PySCF molecule: atoms=23 charge=0 spin=0
[2026-07-09 12:02:50]   [DFT] [DEC_00278] start
[2026-07-09 12:02:50]   [OPT] [DEC_00278] start: atoms=23, basis=sto-3g, D3=True, maxiter=3

WARN: Mole.unit (Angstrom) is changed to Bohr

converged SCF energy = -457.783076452016
--------------- DFTD3 gradients ---------------
         x                y                z
0 C     0.0031559334     0.0221053245    -0.0039258975
1 C    -0.0310289240     0.0368874285     0.0133819138
2 O     0.0641983450    -0.0655200070    -0.0243475394
3 C    -0.0154860000    -0.0014838173     0.0054712889
4 C     0.0048104746     0.0062863678    -0.0051597562
5 C    -0.0019851407     0.0010183529     0.0017502606
6 C    -0.0105604848     0.0083326061    -0.0017586612
7 C    -0.0100179274    -0.0028146717     0.0042225921
8 C    -0.0026132204    -0.0111047272     0.0056949063
9 C    -0.0030455970     0.0042638207     0.0001980177
10 C     0.0125924816    -0.0103656538     0.0003623673
11 H    -0.0051702247     0.0065265810    -0.0075081481
12 H     0.0093924786     0.0028673169    -0.0010366096
13 H    -0.0023925932     0.0068365479     0.0073857701
14 H     0.0028027277     0.0124007103    -0.0060802274
15 H    -0.0069246086     0.0003086724     0.0076056076
16 H     0.0024403078     0.0096333538    -0.0012391894
17 H    -0.0069329951    -0.0011385854    -0.0083766788
18 H    -0.0126748466    -0.0033130425     0.0056481395
19 H    -0.0015865031    -0.0121777726     0.0068302980
20 H    -0.0018548022    -0.0068767679     0.0057472473
21 H     0.0094575228     0.0036814656     0.0039187908
22 H     0.0034926716    -0.0064053803    -0.0088304507
----------------------------------------------
[2026-07-09 12:04:03]   [OPT] [DEC_00278] eval=001 E=-457.7830764520 Ha max|grad|=6.552e-02 Ha/Bohr SCF=True time=72.3s

WARN: Mole.unit (Angstrom) is changed to Bohr

converged SCF energy = -457.589819054536
--------------- DFTD3 gradients ---------------
         x                y                z
0 C    -0.0140226586    -0.0117132940     0.0107220760
1 C     0.1644155917    -0.1882634581    -0.0545608579
2 O    -0.1260986958     0.1330767623     0.0506879165
3 C     0.0776415953     0.0482605873    -0.0361031444
4 C    -0.0971309574     0.0263746102     0.0163723300
5 C    -0.0054333441     0.0127358918    -0.0081371808
6 C     0.0084246624    -0.0089639821     0.0023570558
7 C     0.0216300054    -0.0092615989    -0.0009640382
8 C    -0.0132449511     0.0287206204    -0.0108482848
9 C     0.0023813478    -0.0884906803     0.0388382552
10 C    -0.0250928874     0.0256054699    -0.0031666996
11 H     0.0034901381     0.0190875809    -0.0031423735
12 H    -0.0051988112     0.0035944138    -0.0003089682
13 H     0.0058240776     0.0212382089    -0.0071825296
14 H     0.0024903178    -0.0076348829     0.0040431193
15 H     0.0008707013     0.0063352044    -0.0111510103
16 H    -0.0100483352    -0.0064718571     0.0004802662
17 H     0.0006792914     0.0081752430     0.0094397286
18 H    -0.0035881862     0.0011852969     0.0006443492
19 H     0.0006831995    -0.0080213219     0.0036293718
20 H     0.0079394710     0.0033176601    -0.0063076629
21 H    -0.0011709788    -0.0089281816    -0.0041269815
22 H     0.0045508594     0.0000039725     0.0088083346
----------------------------------------------
[2026-07-09 12:06:21]   [OPT] [DEC_00278] eval=002 E=-457.5898190545 Ha max|grad|=1.883e-01 Ha/Bohr SCF=True time=138.0s

WARN: Mole.unit (Angstrom) is changed to Bohr

converged SCF energy = -457.787548920641
--------------- DFTD3 gradients ---------------
         x                y                z
0 C     0.0019217289     0.0149483979    -0.0024432034
1 C     0.0515450519    -0.0487523270    -0.0179903305
2 O    -0.0214495776     0.0208287971     0.0091618730
3 C    -0.0017645270     0.0037735432    -0.0006196426
4 C    -0.0074513522     0.0084154284    -0.0022798965
5 C    -0.0021891444     0.0024343821     0.0005120744
6 C    -0.0080395290     0.0060696344    -0.0012680649
7 C    -0.0055725178    -0.0037841522     0.0035184740
8 C    -0.0044746478    -0.0058215081     0.0036121890
9 C    -0.0015761839    -0.0077373899     0.0050186004
10 C     0.0069853516    -0.0051122269    -0.0002332424
11 H    -0.0042215065     0.0081616017    -0.0070314853
12 H     0.0077776572     0.0030993140    -0.0010055554
13 H    -0.0015065277     0.0083613213     0.0056953210
14 H     0.0027828522     0.0097742471    -0.0047519308
15 H    -0.0058837669     0.0010272400     0.0052431728
16 H     0.0009135315     0.0075793747    -0.0010139887
17 H    -0.0059151103     0.0000013188    -0.0061111434
18 H    -0.0115097517    -0.0027325650     0.0050049141
19 H    -0.0012763526    -0.0116226969     0.0063980051
20 H    -0.0007336564    -0.0056043763     0.0042941524
21 H     0.0081175185     0.0022144284     0.0028914043
22 H     0.0035768062    -0.0055607654    -0.0066416104
----------------------------------------------
[2026-07-09 12:07:23]   [OPT] [DEC_00278] eval=003 E=-457.7875489206 Ha max|grad|=5.155e-02 Ha/Bohr SCF=True time=62.6s

WARN: Mole.unit (Angstrom) is changed to Bohr

converged SCF energy = -457.790432384923
--------------- DFTD3 gradients ---------------
         x                y                z
0 C     0.0029630149     0.0090761863    -0.0023975538
1 C     0.0293894628    -0.0249637589    -0.0103481405
2 O    -0.0049347182     0.0047071991     0.0027402199
3 C     0.0007927433     0.0010959764    -0.0007786937
4 C    -0.0043237373     0.0073506194    -0.0026430378
5 C    -0.0039152569     0.0018469231     0.0012124066
6 C    -0.0073060550     0.0053715849    -0.0010759385
7 C    -0.0053065288    -0.0029596319     0.0030455525
8 C    -0.0046129233    -0.0062250244     0.0040226159
9 C    -0.0014593276    -0.0051329386     0.0037180116
10 C     0.0062915517    -0.0048773867    -0.0000812589
11 H    -0.0036105867     0.0074332569    -0.0060818057
12 H     0.0067938827     0.0041720590    -0.0009951215
13 H    -0.0012403294     0.0072192924     0.0048956630
14 H     0.0023419796     0.0090077584    -0.0043168502
15 H    -0.0054570184     0.0013004039     0.0042917752
16 H     0.0002741020     0.0066681457    -0.0009121083
17 H    -0.0054976176     0.0004542451    -0.0051773406
18 H    -0.0103838064    -0.0023944296     0.0044806988
19 H    -0.0013077388    -0.0105050638     0.0058181168
20 H     0.0000008264    -0.0049184036     0.0034314351
21 H     0.0071013003     0.0013869503     0.0025426144
22 H     0.0034645323    -0.0051559732    -0.0054326957
----------------------------------------------
[2026-07-09 12:08:41]   [OPT] [DEC_00278] eval=004 E=-457.7904323849 Ha max|grad|=2.939e-02 Ha/Bohr SCF=True time=78.0s

WARN: Mole.unit (Angstrom) is changed to Bohr

converged SCF energy = -457.794109976821
--------------- DFTD3 gradients ---------------
         x                y                z
0 C     0.0037194931    -0.0024986160    -0.0017090227
1 C    -0.0066038490     0.0117815459     0.0017986581
2 O     0.0165826455    -0.0151354842    -0.0056227169
3 C     0.0056742451    -0.0020043565    -0.0021980623
4 C     0.0002539323     0.0018957815    -0.0011097001
5 C    -0.0045296147     0.0012413427     0.0011785273
6 C    -0.0048788471     0.0029574772    -0.0003365298
7 C    -0.0042752526    -0.0015989733     0.0021571267
8 C    -0.0040479906    -0.0045531433     0.0034874394
9 C    -0.0008308085    -0.0020350200     0.0016320662
10 C     0.0026824081    -0.0027775940     0.0002385681
11 H    -0.0004842528     0.0051138318    -0.0018601680
12 H     0.0036868102     0.0066024209    -0.0010092755
13 H     0.0006231687     0.0032596941     0.0002181184
14 H     0.0010121597     0.0059268894    -0.0026116787
15 H    -0.0040315463     0.0023909414     0.0007914753
16 H    -0.0020732137     0.0032206837    -0.0005184314
17 H    -0.0040035897     0.0021471424    -0.0017312512
18 H    -0.0061862853    -0.0011296296     0.0025436940
19 H    -0.0013989878    -0.0071121962     0.0040488625
20 H     0.0024206744    -0.0027174389     0.0006347787
21 H     0.0036440054    -0.0014280781     0.0011151303
22 H     0.0031044762    -0.0035952775    -0.0011807046
----------------------------------------------
[2026-07-09 12:09:42]   [OPT] [DEC_00278] eval=005 E=-457.7941099768 Ha max|grad|=1.658e-02 Ha/Bohr SCF=True time=60.9s

WARN: Mole.unit (Angstrom) is changed to Bohr

[2026-07-09 12:09:42]   [OPT] [DEC_00278] done: success=False nit=3 neval=5 max|grad|=1.658e-02 message=STOP: TOTAL NO. OF ITERATIONS REACHED LIMIT
[2026-07-09 12:09:42]   [WARN] [DEC_00278] Optimization did not fully converge; using last geometry
[2026-07-09 12:09:42]   [DFT] [DEC_00278] final single-point start
converged SCF energy = -457.794109976819
[2026-07-09 12:10:34]   [DFT] [DEC_00278] final SCF done: E=-457.7941099768 Ha converged=True time=51.5s
[2026-07-09 12:10:34]   [DFT] [DEC_00278] descriptors: HOMO=-3.7422 eV LUMO=1.2868 eV gap=5.0290 eV opt_status=opt_not_converged: STOP: TOTAL NO. OF ITERATIONS REACHED LIMIT
[2026-07-09 12:10:34] END compound_id=DEC_00278
