[2026-07-09 12:17:16] ========================================================================
[2026-07-09 12:17:16] BEGIN compound_id=DEC_00280 molecule_index=640/732 method=DFT-b3lyp/sto-3g-D3
[2026-07-09 12:17:16] settings functional=b3lyp basis=sto-3g D3=True geom_max_steps=3 scf_max_cycles=50
[2026-07-09 12:17:16]   [xTB] [DEC_00280] start: atoms=23 charge=0 multiplicity=1 opt=tight solvent=gas
[2026-07-09 12:17:20]   [OK] [DEC_00280] GFN2-xTB converged; RMSD(MMFF,xTB)=0.2371 A
[2026-07-09 12:17:20]   [DFT] build PySCF molecule: atoms=23 charge=0 spin=0
[2026-07-09 12:17:20]   [DFT] [DEC_00280] start
[2026-07-09 12:17:20]   [OPT] [DEC_00280] start: atoms=23, basis=sto-3g, D3=True, maxiter=3

WARN: Mole.unit (Angstrom) is changed to Bohr

converged SCF energy = -457.725156641131
--------------- DFTD3 gradients ---------------
         x                y                z
0 C    -0.0058722208     0.0032409562     0.0014304207
1 C    -0.0033223983    -0.0078677235     0.0041817656
2 C     0.0122943452     0.0326244739    -0.0041487686
3 O    -0.0282459490    -0.0644678456     0.0124260630
4 C     0.0024037585     0.0123714916    -0.0210394929
5 C     0.0032207600     0.0022827657    -0.0023762086
6 C    -0.0058226317    -0.0080820887     0.0036856533
7 C     0.0030755955    -0.0068582306     0.0105228943
8 C     0.0108168465     0.0035499575     0.0055129222
9 C     0.0070773026     0.0098760811    -0.0046448256
10 C    -0.0026917704     0.0057538640    -0.0089665688
11 H    -0.0115839153    -0.0044951287     0.0109542673
12 H    -0.0031435253     0.0132283707    -0.0082254017
13 H     0.0017935200    -0.0131535422     0.0097579810
14 H    -0.0039880215     0.0122061904    -0.0039540501
15 H     0.0074961979     0.0094149916     0.0060993533
16 H     0.0022283739    -0.0105775905    -0.0081595867
17 H     0.0023076042     0.0075802061    -0.0107323630
18 H    -0.0086088645    -0.0110155992     0.0053259931
19 H     0.0043407336    -0.0071400090     0.0119819732
20 H     0.0123531070     0.0037069278     0.0067766077
21 H     0.0082563975     0.0109652925    -0.0050396595
22 H    -0.0044251947     0.0068285082    -0.0113352063
----------------------------------------------
[2026-07-09 12:18:30]   [OPT] [DEC_00280] eval=001 E=-457.7251566411 Ha max|grad|=6.447e-02 Ha/Bohr SCF=True time=69.4s

WARN: Mole.unit (Angstrom) is changed to Bohr

converged SCF energy = -457.613742686223
--------------- DFTD3 gradients ---------------
         x                y                z
0 C    -0.0063685366    -0.0133194508     0.0094567772
1 C     0.0092179930     0.0608397578    -0.0137403708
2 C    -0.0749399211    -0.1764856898     0.0487905849
3 O     0.0690605447     0.1655091238    -0.0408463803
4 C    -0.0160919493    -0.1597719916     0.0746424963
5 C    -0.0310713541    -0.0112490267    -0.0038248242
6 C     0.0342719113     0.0194237604     0.0062468161
7 C    -0.0078759347     0.0260086823    -0.0371709853
8 C    -0.0406132055    -0.0119536937    -0.0223912269
9 C    -0.0155490805    -0.0317746252     0.0221032176
10 C     0.0437791181     0.0123671862     0.0250216222
11 H     0.0141473823     0.0138709402    -0.0249723834
12 H     0.0045355779    -0.0277222273     0.0207344409
13 H    -0.0014382265     0.0158557591    -0.0100430763
14 H    -0.0028298246     0.0215156257    -0.0242698781
15 H     0.0290586239     0.0124525332     0.0030040899
16 H     0.0038497372     0.0450560662    -0.0051307090
17 H    -0.0219019824     0.0318821942    -0.0301125288
18 H    -0.0006660089     0.0038068022    -0.0044131550
19 H     0.0020473902    -0.0038480549     0.0065134918
20 H     0.0057516039     0.0018457634     0.0030534148
21 H     0.0049121220     0.0062457849    -0.0024760086
22 H    -0.0012905921    -0.0005835414    -0.0001983834
----------------------------------------------
[2026-07-09 12:20:10]   [OPT] [DEC_00280] eval=002 E=-457.6137426862 Ha max|grad|=1.765e-01 Ha/Bohr SCF=True time=99.8s

WARN: Mole.unit (Angstrom) is changed to Bohr

converged SCF energy = -457.735392256293
--------------- DFTD3 gradients ---------------
         x                y                z
0 C    -0.0065778458     0.0000678254     0.0032887869
1 C     0.0007039841     0.0084694023    -0.0010006053
2 C    -0.0064143348    -0.0257443084     0.0044413161
3 O    -0.0003667558     0.0035239155    -0.0010267991
4 C    -0.0112641988    -0.0272725655     0.0040056627
5 C    -0.0046263468    -0.0007275583    -0.0018278715
6 C     0.0031119523    -0.0020408889     0.0043405003
7 C     0.0009112377     0.0008932734    -0.0003500427
8 C    -0.0011374032    -0.0002242905    -0.0007872832
9 C     0.0019276355     0.0003345733     0.0015084369
10 C     0.0077420359     0.0072381629    -0.0014844106
11 H    -0.0056041958    -0.0004985653     0.0027474636
12 H    -0.0011581454     0.0039541924    -0.0016675183
13 H     0.0014372341    -0.0068151316     0.0050163593
14 H    -0.0024369387     0.0127903234    -0.0084221145
15 H     0.0122423983     0.0090507154     0.0038286514
16 H     0.0032383439     0.0019443531    -0.0071154158
17 H    -0.0034099795     0.0107391815    -0.0120786239
18 H    -0.0070090222    -0.0078893302     0.0032640022
19 H     0.0038688688    -0.0064672030     0.0108620778
20 H     0.0110026217     0.0033249258     0.0060157235
21 H     0.0075625802     0.0100076255    -0.0045172986
22 H    -0.0037971426     0.0053043940    -0.0090315958
----------------------------------------------
[2026-07-09 12:21:18]   [OPT] [DEC_00280] eval=003 E=-457.7353922563 Ha max|grad|=2.727e-02 Ha/Bohr SCF=True time=68.1s

WARN: Mole.unit (Angstrom) is changed to Bohr

converged SCF energy = -457.738578869483
--------------- DFTD3 gradients ---------------
         x                y                z
0 C    -0.0029704121     0.0023632316    -0.0001675419
1 C    -0.0035313800    -0.0024425805     0.0086539016
2 C    -0.0001885740    -0.0054460606    -0.0025856910
3 O     0.0022774822     0.0072296536    -0.0029191889
4 C    -0.0113407025    -0.0014276666    -0.0009251923
5 C    -0.0004416647    -0.0013331236     0.0009082003
6 C    -0.0027807561    -0.0019654941    -0.0006358782
7 C     0.0039134970    -0.0024381691     0.0062400145
8 C     0.0056621292     0.0011433426     0.0037198348
9 C     0.0067250042     0.0065610888    -0.0011813868
10 C    -0.0028047036     0.0005572413    -0.0030437389
11 H    -0.0038791574     0.0004735665     0.0010715771
12 H    -0.0011363602    -0.0009604812     0.0017808592
13 H    -0.0011435561     0.0031934496    -0.0006285613
14 H     0.0032690391    -0.0003045552     0.0018036960
15 H     0.0020888050     0.0009588977    -0.0032396077
16 H     0.0030650654    -0.0052898283    -0.0097944956
17 H    -0.0008338981    -0.0038263364     0.0000590814
18 H    -0.0023543924    -0.0024923863     0.0010860148
19 H     0.0015129902    -0.0015632005     0.0031842384
20 H     0.0025833920     0.0007539746     0.0014230934
21 H     0.0032074663     0.0034172279    -0.0009359650
22 H    -0.0009498693     0.0028033269    -0.0038621407
----------------------------------------------
[2026-07-09 12:22:23]   [OPT] [DEC_00280] eval=004 E=-457.7385788695 Ha max|grad|=1.134e-02 Ha/Bohr SCF=True time=65.5s

WARN: Mole.unit (Angstrom) is changed to Bohr

converged SCF energy = -457.739608020807
--------------- DFTD3 gradients ---------------
         x                y                z
0 C    -0.0014034330    -0.0015816488     0.0024636099
1 C    -0.0024635253     0.0019451060     0.0029066063
2 C    -0.0000911517     0.0027713464     0.0016653047
3 O    -0.0002710378     0.0041059918    -0.0024253256
4 C    -0.0002855008    -0.0003145466    -0.0034942876
5 C    -0.0022834036    -0.0007327612    -0.0014212409
6 C     0.0023427912    -0.0004781260     0.0024433379
7 C    -0.0000122692     0.0003093694    -0.0004858774
8 C     0.0012633513     0.0005428574     0.0005454436
9 C    -0.0010071890    -0.0008688657     0.0002869500
10 C     0.0022102706     0.0007470530     0.0010454493
11 H    -0.0024825074     0.0017941033    -0.0006465460
12 H    -0.0013267452    -0.0006101253     0.0014080958
13 H    -0.0015478976     0.0013928903     0.0011770212
14 H     0.0037181145    -0.0037687196     0.0037861881
15 H    -0.0020577523    -0.0025095725    -0.0057305467
16 H     0.0007624222    -0.0016283891    -0.0067193089
17 H    -0.0018174750    -0.0051015620     0.0011408875
18 H    -0.0008547685    -0.0004896937     0.0000890613
19 H     0.0015750336    -0.0014288285     0.0030791333
20 H     0.0025434018     0.0006359868     0.0015310783
21 H     0.0037226306     0.0038540979    -0.0009433179
22 H    -0.0002872138     0.0013855129    -0.0016882435
----------------------------------------------
[2026-07-09 12:23:24]   [OPT] [DEC_00280] eval=005 E=-457.7396080208 Ha max|grad|=6.719e-03 Ha/Bohr SCF=True time=60.6s

WARN: Mole.unit (Angstrom) is changed to Bohr

[2026-07-09 12:23:24]   [OPT] [DEC_00280] done: success=False nit=3 neval=5 max|grad|=6.719e-03 message=STOP: TOTAL NO. OF ITERATIONS REACHED LIMIT
[2026-07-09 12:23:24]   [WARN] [DEC_00280] Optimization did not fully converge; using last geometry
[2026-07-09 12:23:24]   [DFT] [DEC_00280] final single-point start
converged SCF energy = -457.739608020807
[2026-07-09 12:24:16]   [DFT] [DEC_00280] final SCF done: E=-457.7396080208 Ha converged=True time=52.7s
[2026-07-09 12:24:16]   [DFT] [DEC_00280] descriptors: HOMO=-3.9334 eV LUMO=2.3028 eV gap=6.2362 eV opt_status=opt_not_converged: STOP: TOTAL NO. OF ITERATIONS REACHED LIMIT
[2026-07-09 12:24:16] END compound_id=DEC_00280
