[2026-07-09 00:38:39] ========================================================================
[2026-07-09 00:38:39] BEGIN compound_id=DEC_00156 molecule_index=522/732 method=DFT-b3lyp/sto-3g-D3
[2026-07-09 00:38:39] settings functional=b3lyp basis=sto-3g D3=True geom_max_steps=3 scf_max_cycles=50
[2026-07-09 00:38:39]   [xTB] [DEC_00156] start: atoms=19 charge=0 multiplicity=1 opt=tight solvent=gas
[2026-07-09 00:38:41]   [OK] [DEC_00156] GFN2-xTB converged; RMSD(MMFF,xTB)=0.0606 A
[2026-07-09 00:38:41]   [DFT] build PySCF molecule: atoms=19 charge=0 spin=0
[2026-07-09 00:38:41]   [DFT] [DEC_00156] start
[2026-07-09 00:38:41]   [OPT] [DEC_00156] start: atoms=19, basis=sto-3g, D3=True, maxiter=3

WARN: Mole.unit (Angstrom) is changed to Bohr

converged SCF energy = -2926.69766284457
--------------- DFTD3 gradients ---------------
         x                y                z
0 C    -0.0089930025     0.0031808465     0.0042131878
1 C     0.0032755277    -0.0171043320    -0.0271615806
2 O    -0.0302741265     0.0327989091     0.0496812471
3 C     0.0160867131    -0.0114606309    -0.0167822983
4 C    -0.0005512641    -0.0095837170    -0.0154732889
5 C     0.0035857280    -0.0055282412    -0.0084945871
6 C     0.0142999836    -0.0010725715    -0.0003222651
7 C     0.0074684659     0.0022887329     0.0044425599
8 C    -0.0155592393     0.0216907216     0.0332839320
9 Br    -0.0007782394     0.0013800001     0.0020538666
10 H    -0.0072367988    -0.0041337346    -0.0073705264
11 H    -0.0026602079     0.0106951121     0.0000083873
12 H    -0.0036042539    -0.0044359534     0.0094219371
13 H     0.0012536792     0.0011383044    -0.0131102663
14 H     0.0004108868    -0.0123398441    -0.0047251310
15 H    -0.0071963609    -0.0058067598    -0.0100557392
16 H     0.0075104120    -0.0072943126    -0.0109702238
17 H     0.0150500339    -0.0009557679    -0.0000257272
18 H     0.0077962129     0.0066056524     0.0114001687
----------------------------------------------
[2026-07-09 00:39:32]   [OPT] [DEC_00156] eval=001 E=-2926.6976628446 Ha max|grad|=4.968e-02 Ha/Bohr SCF=True time=50.8s

WARN: Mole.unit (Angstrom) is changed to Bohr

converged SCF energy = -2926.53336277601
--------------- DFTD3 gradients ---------------
         x                y                z
0 C     0.0120301984    -0.0337021260    -0.0529853534
1 C    -0.0616429120     0.0944736075     0.1456614180
2 O     0.0742429087    -0.0993163279    -0.1522041479
3 C    -0.1234760177     0.1266381705     0.1911172072
4 C     0.0277030952    -0.0040983024    -0.0037842394
5 C     0.0507448616     0.0058316977     0.0144139341
6 C    -0.0665049354    -0.0079691284    -0.0194320368
7 C    -0.0504557594     0.0270823800     0.0384163742
8 C     0.1644930811    -0.1363071904    -0.2024897789
9 Br    -0.0630720597     0.0576924905     0.0863075708
10 H    -0.0026595365     0.0157461738     0.0250452562
11 H     0.0020293398    -0.0167596497    -0.0002132965
12 H     0.0035114615     0.0069560435    -0.0149635506
13 H     0.0122120083     0.0045360286    -0.0205549779
14 H     0.0105904651    -0.0214728699    -0.0043783574
15 H    -0.0070985310    -0.0121731783    -0.0202803845
16 H     0.0000384184     0.0015911111     0.0025714654
17 H     0.0114506592    -0.0011156301    -0.0006505673
18 H     0.0057032826    -0.0076210391    -0.0116755103
----------------------------------------------
[2026-07-09 00:40:38]   [OPT] [DEC_00156] eval=002 E=-2926.5333627760 Ha max|grad|=2.025e-01 Ha/Bohr SCF=True time=66.8s

WARN: Mole.unit (Angstrom) is changed to Bohr

converged SCF energy = -2926.70640063265
--------------- DFTD3 gradients ---------------
         x                y                z
0 C    -0.0038998726    -0.0041521838    -0.0070636182
1 C    -0.0043851088     0.0077867225     0.0120776891
2 O    -0.0044183460     0.0032579040     0.0047596024
3 C    -0.0158644374     0.0163956857     0.0247820319
4 C     0.0024220631    -0.0074718349    -0.0117731998
5 C     0.0119703786    -0.0027298459    -0.0031683951
6 C    -0.0011651317    -0.0026009874    -0.0043170315
7 C    -0.0057447004     0.0062412264     0.0094598536
8 C     0.0103885927    -0.0053898019    -0.0076356569
9 Br    -0.0072032105     0.0072234709     0.0107962855
10 H    -0.0062199456    -0.0004704298    -0.0013799062
11 H    -0.0014542784     0.0058325407    -0.0001049157
12 H    -0.0019747130    -0.0025186570     0.0050911207
13 H     0.0038012547     0.0017428507    -0.0138946889
14 H     0.0028466081    -0.0135353328    -0.0043912491
15 H    -0.0070599316    -0.0068576354    -0.0117316925
16 H     0.0061720239    -0.0057416279    -0.0086074321
17 H     0.0144110511    -0.0009845357    -0.0001375715
18 H     0.0072213586     0.0040405459     0.0072195378
----------------------------------------------
[2026-07-09 00:41:24]   [OPT] [DEC_00156] eval=003 E=-2926.7064006326 Ha max|grad|=2.478e-02 Ha/Bohr SCF=True time=45.8s

WARN: Mole.unit (Angstrom) is changed to Bohr

converged SCF energy = -2926.70941159833
--------------- DFTD3 gradients ---------------
         x                y                z
0 C    -0.0043471501    -0.0000522126    -0.0005207814
1 C    -0.0004239012     0.0041677492     0.0066566548
2 O    -0.0028740470    -0.0016993580    -0.0030566858
3 C    -0.0050000115     0.0016905577     0.0022282538
4 C    -0.0042530252     0.0059048180     0.0090637765
5 C     0.0014944720    -0.0039962141    -0.0062620503
6 C     0.0034908846     0.0032217464     0.0055172587
7 C     0.0066707658     0.0003566680     0.0012427845
8 C     0.0036423957    -0.0016037353    -0.0022227198
9 Br    -0.0049268742     0.0057742616     0.0086988417
10 H    -0.0063188425    -0.0004982937    -0.0014343380
11 H    -0.0012128428    -0.0006135655    -0.0006164809
12 H    -0.0011848422    -0.0001756283    -0.0008882191
13 H     0.0020964619    -0.0013494458    -0.0035624451
14 H     0.0020065449    -0.0027855902    -0.0026693028
15 H    -0.0055111130    -0.0060193210    -0.0102287021
16 H     0.0060427851    -0.0043867418    -0.0064416096
17 H     0.0055651264    -0.0004231772    -0.0001244237
18 H     0.0048818127     0.0025548851     0.0045964441
----------------------------------------------
[2026-07-09 00:42:15]   [OPT] [DEC_00156] eval=004 E=-2926.7094115983 Ha max|grad|=1.023e-02 Ha/Bohr SCF=True time=50.6s

WARN: Mole.unit (Angstrom) is changed to Bohr

converged SCF energy = -2926.71061970399
--------------- DFTD3 gradients ---------------
         x                y                z
0 C    -0.0030947622     0.0001925557    -0.0000002003
1 C    -0.0007225853    -0.0012765672    -0.0021269963
2 O     0.0007857595    -0.0028583680    -0.0045509969
3 C    -0.0020518934     0.0015082456     0.0022199548
4 C    -0.0044998925    -0.0019156612    -0.0035233442
5 C    -0.0015777013     0.0024216877     0.0037372738
6 C     0.0034738966    -0.0023444862    -0.0034218391
7 C     0.0056819513     0.0011058749     0.0023437129
8 C     0.0000364562     0.0009972748     0.0015994766
9 Br    -0.0009572785     0.0025454207     0.0039127238
10 H    -0.0047031116     0.0003144432     0.0000342743
11 H    -0.0016821972    -0.0026608583    -0.0006359599
12 H    -0.0014686856     0.0007460632    -0.0027558080
13 H     0.0003427429    -0.0032204941     0.0042113580
14 H     0.0008659146     0.0051463147    -0.0009914140
15 H     0.0014182031     0.0011456199     0.0019829813
16 H     0.0039619165    -0.0028382892    -0.0041608268
17 H     0.0011122161     0.0001428537     0.0003372560
18 H     0.0029214051     0.0009151138     0.0017633296
----------------------------------------------
[2026-07-09 00:43:02]   [OPT] [DEC_00156] eval=005 E=-2926.7106197040 Ha max|grad|=5.682e-03 Ha/Bohr SCF=True time=47.0s

WARN: Mole.unit (Angstrom) is changed to Bohr

[2026-07-09 00:43:02]   [OPT] [DEC_00156] done: success=False nit=3 neval=5 max|grad|=5.682e-03 message=STOP: TOTAL NO. OF ITERATIONS REACHED LIMIT
[2026-07-09 00:43:02]   [WARN] [DEC_00156] Optimization did not fully converge; using last geometry
[2026-07-09 00:43:02]   [DFT] [DEC_00156] final single-point start
converged SCF energy = -2926.710619704
[2026-07-09 00:43:45]   [DFT] [DEC_00156] final SCF done: E=-2926.7106197040 Ha converged=True time=43.3s
[2026-07-09 00:43:45]   [DFT] [DEC_00156] descriptors: HOMO=-3.6851 eV LUMO=2.4034 eV gap=6.0885 eV opt_status=opt_not_converged: STOP: TOTAL NO. OF ITERATIONS REACHED LIMIT
[2026-07-09 00:43:45] END compound_id=DEC_00156
