[2026-07-08 19:27:45] ========================================================================
[2026-07-08 19:27:45] BEGIN compound_id=DEC_00075 molecule_index=442/732 method=DFT-b3lyp/sto-3g-D3
[2026-07-08 19:27:45] settings functional=b3lyp basis=sto-3g D3=True geom_max_steps=3 scf_max_cycles=50
[2026-07-08 19:27:45]   [xTB] [DEC_00075] start: atoms=20 charge=0 multiplicity=1 opt=tight solvent=gas
[2026-07-08 19:27:47]   [OK] [DEC_00075] GFN2-xTB converged; RMSD(MMFF,xTB)=0.0825 A
[2026-07-08 19:27:47]   [DFT] build PySCF molecule: atoms=20 charge=0 spin=0
[2026-07-08 19:27:47]   [DFT] [DEC_00075] start
[2026-07-08 19:27:47]   [OPT] [DEC_00075] start: atoms=20, basis=sto-3g, D3=True, maxiter=3

WARN: Mole.unit (Angstrom) is changed to Bohr

converged SCF energy = -381.383078555327
--------------- DFTD3 gradients ---------------
         x                y                z
0 C     0.0044782862    -0.0013001591     0.0049139968
1 C     0.0200989731    -0.0060825400    -0.0116233814
2 C     0.0290112926     0.0124599990    -0.0467151306
3 O    -0.0457985944    -0.0186768380     0.0809435162
4 C     0.0100579099     0.0089224808    -0.0089806926
5 O    -0.0500263920     0.0473958557    -0.0401569021
6 C     0.0036583566     0.0010116255    -0.0111959040
7 C    -0.0026380171    -0.0072649607    -0.0007544485
8 H    -0.0040890550    -0.0082920917     0.0051299141
9 H     0.0100068580    -0.0030725618    -0.0017487058
10 H     0.0015155390     0.0073640424     0.0073287436
11 H     0.0042414371     0.0067300334    -0.0051168001
12 H     0.0016064033    -0.0060937344    -0.0076916118
13 H     0.0099056295     0.0085681947    -0.0058576269
14 H     0.0104148210    -0.0338886881     0.0520977486
15 H    -0.0039169270     0.0047613001    -0.0077992533
16 H     0.0078010996    -0.0014953140    -0.0054176205
17 H     0.0049647556    -0.0059869140     0.0056675629
18 H    -0.0019500321    -0.0064349802    -0.0078654397
19 H    -0.0093386093     0.0014431048     0.0048926686
----------------------------------------------
[2026-07-08 19:28:19]   [OPT] [DEC_00075] eval=001 E=-381.3830785553 Ha max|grad|=8.094e-02 Ha/Bohr SCF=True time=31.2s

WARN: Mole.unit (Angstrom) is changed to Bohr

converged SCF energy = -381.194907730059
--------------- DFTD3 gradients ---------------
         x                y                z
0 C     0.0105497314    -0.0086853940     0.0075197420
1 C    -0.0007167735     0.0101886055     0.0023905969
2 C    -0.1303018890    -0.0492178359     0.2287866192
3 O     0.0690054188     0.0548572430    -0.1832531342
4 C    -0.0617657345     0.0355539349    -0.0213680983
5 O     0.0717127136    -0.0892106090     0.0973313802
6 C    -0.0092834708    -0.0017693746    -0.0010855354
7 C    -0.0027353156     0.0056439781     0.0036658212
8 H     0.0067370694     0.0108555008    -0.0059738826
9 H    -0.0053873712     0.0008643382     0.0091210498
10 H    -0.0000881872    -0.0082899477    -0.0073531662
11 H     0.0206649185    -0.0014340461    -0.0102021030
12 H     0.0141461856    -0.0117924875    -0.0138887123
13 H     0.0077118433     0.0123608270    -0.0121464153
14 H    -0.0025026236     0.0470054664    -0.0732455490
15 H     0.0046784446    -0.0029983659    -0.0039196330
16 H     0.0020800741    -0.0023385980    -0.0088602672
17 H    -0.0066144667     0.0038004163    -0.0068835352
18 H    -0.0011375316    -0.0013400036     0.0058746187
19 H     0.0132683883    -0.0040727525    -0.0064689318
----------------------------------------------
[2026-07-08 19:29:11]   [OPT] [DEC_00075] eval=002 E=-381.1949077301 Ha max|grad|=2.288e-01 Ha/Bohr SCF=True time=52.0s

WARN: Mole.unit (Angstrom) is changed to Bohr

converged SCF energy = -381.392401033978
--------------- DFTD3 gradients ---------------
         x                y                z
0 C     0.0057078451    -0.0026312991     0.0056279357
1 C     0.0146954640    -0.0035119269    -0.0080732178
2 C    -0.0320132967    -0.0146914286     0.0676973417
3 O     0.0093318997     0.0110312966    -0.0336275586
4 C    -0.0028418619     0.0131907423    -0.0092370173
5 O    -0.0312321188     0.0086607255     0.0120093863
6 C     0.0016990443     0.0003797485    -0.0093482977
7 C    -0.0027044685    -0.0051645190     0.0000110742
8 H    -0.0023321860    -0.0050807033     0.0032345228
9 H     0.0074352960    -0.0023963289    -0.0000694355
10 H     0.0012057925     0.0047956723     0.0048761467
11 H     0.0066567264     0.0055561274    -0.0059286426
12 H     0.0037110517    -0.0070082953    -0.0087703613
13 H     0.0096047370     0.0088951381    -0.0067709918
14 H     0.0110189145    -0.0045719525     0.0005221335
15 H    -0.0025400617     0.0035671565    -0.0071102667
16 H     0.0068874443    -0.0016389580    -0.0059863736
17 H     0.0030841683    -0.0043115577     0.0036237525
18 H    -0.0018143079    -0.0055724128    -0.0056473235
19 H    -0.0055566884     0.0005842863     0.0030103644
----------------------------------------------
[2026-07-08 19:29:42]   [OPT] [DEC_00075] eval=003 E=-381.3924010340 Ha max|grad|=6.770e-02 Ha/Bohr SCF=True time=31.3s

WARN: Mole.unit (Angstrom) is changed to Bohr

converged SCF energy = -381.396462998038
--------------- DFTD3 gradients ---------------
         x                y                z
0 C     0.0064624664    -0.0026246394     0.0042604461
1 C     0.0064123944    -0.0026425814    -0.0025118783
2 C    -0.0142269353    -0.0057578680     0.0314544986
3 O    -0.0020855514     0.0043984980    -0.0088144965
4 C    -0.0083247371     0.0113527989    -0.0031305924
5 O    -0.0208207994     0.0025885406     0.0133986765
6 C     0.0010855789     0.0005986787    -0.0065234927
7 C    -0.0022966553    -0.0041716077    -0.0002702741
8 H    -0.0014376460    -0.0038129026     0.0025100009
9 H     0.0066292803    -0.0022964329     0.0011731308
10 H     0.0012389099     0.0034387841     0.0037742084
11 H     0.0056220321     0.0049516708    -0.0052765181
12 H     0.0034443329    -0.0060848838    -0.0078892832
13 H     0.0087501740     0.0081930205    -0.0057485480
14 H     0.0091915065    -0.0009968456    -0.0041409318
15 H    -0.0018889694     0.0027759990    -0.0069867195
16 H     0.0058868760    -0.0014917353    -0.0057962766
17 H     0.0021217882    -0.0034759533     0.0025240512
18 H    -0.0017607924    -0.0050566984    -0.0041655406
19 H    -0.0040028315     0.0001932865     0.0022070535
----------------------------------------------
[2026-07-08 19:30:13]   [OPT] [DEC_00075] eval=004 E=-381.3964629980 Ha max|grad|=3.145e-02 Ha/Bohr SCF=True time=31.2s

WARN: Mole.unit (Angstrom) is changed to Bohr

converged SCF energy = -381.399757663671
--------------- DFTD3 gradients ---------------
         x                y                z
0 C     0.0046734790    -0.0018959711     0.0025247093
1 C    -0.0020923547    -0.0007598617     0.0019852712
2 C     0.0024296462     0.0052437243    -0.0092180053
3 O    -0.0121425539    -0.0020247509     0.0143237830
4 C    -0.0112540604     0.0082950690     0.0039269289
5 O    -0.0029759492    -0.0037199216     0.0089342600
6 C    -0.0010061343     0.0014841686    -0.0018798539
7 C    -0.0010303099    -0.0019386174    -0.0009923168
8 H     0.0009173866    -0.0010174153     0.0010910170
9 H     0.0056365174    -0.0022041432     0.0029393069
10 H     0.0015314209     0.0002239618     0.0013730719
11 H     0.0026076178     0.0008874801    -0.0024104094
12 H     0.0031009676    -0.0024792069    -0.0042497151
13 H     0.0041385886     0.0047997244    -0.0030509077
14 H     0.0054144507     0.0013290135    -0.0046210070
15 H    -0.0001310100     0.0005666714    -0.0061702938
16 H     0.0027220782    -0.0006208077    -0.0042011243
17 H    -0.0000026907    -0.0016166032     0.0001528355
18 H    -0.0016367072    -0.0038174515    -0.0009544327
19 H    -0.0009082457    -0.0006654568     0.0005527872
----------------------------------------------
[2026-07-08 19:30:44]   [OPT] [DEC_00075] eval=005 E=-381.3997576637 Ha max|grad|=1.432e-02 Ha/Bohr SCF=True time=31.0s

WARN: Mole.unit (Angstrom) is changed to Bohr

[2026-07-08 19:30:44]   [OPT] [DEC_00075] done: success=False nit=3 neval=5 max|grad|=1.432e-02 message=STOP: TOTAL NO. OF ITERATIONS REACHED LIMIT
[2026-07-08 19:30:44]   [WARN] [DEC_00075] Optimization did not fully converge; using last geometry
[2026-07-08 19:30:44]   [DFT] [DEC_00075] final single-point start
converged SCF energy = -381.399757663672
[2026-07-08 19:31:06]   [DFT] [DEC_00075] final SCF done: E=-381.3997576637 Ha converged=True time=22.1s
[2026-07-08 19:31:06]   [DFT] [DEC_00075] descriptors: HOMO=-3.4451 eV LUMO=1.8339 eV gap=5.2790 eV opt_status=opt_not_converged: STOP: TOTAL NO. OF ITERATIONS REACHED LIMIT
[2026-07-08 19:31:06] END compound_id=DEC_00075
