[2026-07-08 08:00:49] ========================================================================
[2026-07-08 08:00:49] BEGIN compound_id=REP_00295 molecule_index=295/732 method=DFT-b3lyp/sto-3g-D3
[2026-07-08 08:00:49] settings functional=b3lyp basis=sto-3g D3=True geom_max_steps=3 scf_max_cycles=50
[2026-07-08 08:00:49]   [xTB] [REP_00295] start: atoms=28 charge=0 multiplicity=1 opt=tight solvent=gas
[2026-07-08 08:00:54]   [OK] [REP_00295] GFN2-xTB converged; RMSD(MMFF,xTB)=0.2766 A
[2026-07-08 08:00:54]   [DFT] build PySCF molecule: atoms=28 charge=0 spin=0
[2026-07-08 08:00:54]   [DFT] [REP_00295] start
[2026-07-08 08:00:54]   [OPT] [REP_00295] start: atoms=28, basis=sto-3g, D3=True, maxiter=3

WARN: Mole.unit (Angstrom) is changed to Bohr

converged SCF energy = -497.832384147212
--------------- DFTD3 gradients ---------------
         x                y                z
0 C     0.0074230738    -0.0041787312    -0.0055379835
1 C    -0.0053638703    -0.0069084334    -0.0014682363
2 C    -0.0000395613    -0.0010920957     0.0101418318
3 C     0.0064294888     0.0092580159    -0.0076736450
4 C    -0.0087211398    -0.0006185291     0.0212253593
5 O     0.0733763851     0.0297668317    -0.0400555683
6 C    -0.0023487562    -0.0043961441     0.0033969307
7 C     0.0025868957    -0.0008772576     0.0105617743
8 C    -0.0053864677    -0.0088682211     0.0079091032
9 C    -0.0087841480    -0.0087502167    -0.0038909079
10 C    -0.0031447144     0.0012366270    -0.0124208481
11 C     0.0041348171     0.0069033522    -0.0069761058
12 H     0.0078506376     0.0060841970     0.0011439008
13 H     0.0037019007    -0.0090174345     0.0028783099
14 H    -0.0013154202    -0.0003243231    -0.0101493478
15 H    -0.0056437586    -0.0046175498    -0.0014867581
16 H     0.0032901104    -0.0086211850     0.0034810881
17 H     0.0068602857     0.0064122712     0.0027731173
18 H    -0.0084459269     0.0027286215     0.0057724705
19 H     0.0011288243     0.0002080887    -0.0089484053
20 H     0.0073091431     0.0059928812     0.0018607554
21 H     0.0003412465    -0.0073446126     0.0131268536
22 H    -0.0658176538     0.0055892383     0.0196921949
23 H     0.0043190412    -0.0001884797     0.0133161053
24 H    -0.0059171466    -0.0100439377     0.0087632957
25 H    -0.0098454458    -0.0093155107    -0.0050614102
26 H    -0.0042420864     0.0005006201    -0.0139360265
27 H     0.0062339056     0.0104631029    -0.0084571839
----------------------------------------------
[2026-07-08 08:02:06]   [OPT] [REP_00295] eval=001 E=-497.8323841472 Ha max|grad|=7.338e-02 Ha/Bohr SCF=True time=71.8s

WARN: Mole.unit (Angstrom) is changed to Bohr

converged SCF energy = -497.707662191065
--------------- DFTD3 gradients ---------------
         x                y                z
0 C    -0.0057858490    -0.0006974798     0.0074155952
1 C     0.0370839691     0.0255580551     0.0012944466
2 C     0.0017189884     0.0008644646    -0.0120247627
3 C    -0.0235276623    -0.0428032693     0.0393908591
4 C     0.0783491408     0.0398524430    -0.1077099008
5 O    -0.1712244523    -0.0375315237     0.0850177495
6 C     0.0043480916     0.0341490183    -0.0085979552
7 C    -0.0290416109    -0.0298887711    -0.0092753166
8 C     0.0080294769     0.0168287907    -0.0259737667
9 C     0.0264573426     0.0257330017     0.0137722407
10 C     0.0068346389    -0.0069163120     0.0329642821
11 C    -0.0204805052    -0.0251742473     0.0022762207
12 H    -0.0101490125    -0.0127002535    -0.0045098262
13 H     0.0027655575     0.0075655130    -0.0081216061
14 H     0.0070350561    -0.0020311783     0.0082690684
15 H    -0.0083585144    -0.0054009300    -0.0030495040
16 H    -0.0036874679     0.0102393465     0.0037623964
17 H    -0.0126445331    -0.0121361443    -0.0002496726
18 H     0.0093725670    -0.0031585326     0.0010386808
19 H    -0.0025748402     0.0057391072    -0.0022901133
20 H     0.0050548340     0.0016640606    -0.0024682662
21 H    -0.0027708327     0.0112513748     0.0325642916
22 H     0.1143879066     0.0089241589    -0.0426711248
23 H     0.0008873195     0.0012218714     0.0025047044
24 H    -0.0041309873    -0.0068422059     0.0056826333
25 H    -0.0067676841    -0.0062516901    -0.0032308981
26 H    -0.0027355111     0.0004110737    -0.0087381339
27 H     0.0015083449     0.0015622799     0.0029701267
----------------------------------------------
[2026-07-08 08:03:39]   [OPT] [REP_00295] eval=002 E=-497.7076621911 Ha max|grad|=1.712e-01 Ha/Bohr SCF=True time=92.2s

WARN: Mole.unit (Angstrom) is changed to Bohr

converged SCF energy = -497.841873562687
--------------- DFTD3 gradients ---------------
         x                y                z
0 C     0.0049403461    -0.0034854458    -0.0029682248
1 C     0.0028255059    -0.0004659005    -0.0010536145
2 C     0.0003452207    -0.0006286631     0.0058131193
3 C    -0.0001483098    -0.0015290286     0.0022869132
4 C     0.0113098343     0.0065714549    -0.0033859326
5 O    -0.0369851012     0.0307268384    -0.0025507310
6 C    -0.0014345570     0.0036679209     0.0006797037
7 C    -0.0037705462    -0.0066978722     0.0064520088
8 C    -0.0025986302    -0.0035737633     0.0009540247
9 C    -0.0014287119    -0.0014721233    -0.0004334320
10 C    -0.0013248036    -0.0007405986    -0.0030229198
11 C    -0.0007330643     0.0004660591    -0.0050374458
12 H     0.0042655200     0.0024876320     0.0001111699
13 H     0.0034873819    -0.0058304368     0.0008090844
14 H     0.0002235514    -0.0006170006    -0.0066065452
15 H    -0.0060986494    -0.0047019581    -0.0017683605
16 H     0.0019661496    -0.0050221856     0.0034746253
17 H     0.0030689787     0.0028141970     0.0020614574
18 H    -0.0050694702     0.0016225567     0.0048196775
19 H     0.0002018394     0.0013743585    -0.0076745940
20 H     0.0068224651     0.0052646271     0.0010715269
21 H    -0.0009672949    -0.0028386145     0.0155503401
22 H     0.0308341998    -0.0086474291    -0.0051319839
23 H     0.0036713973     0.0001016752     0.0112852920
24 H    -0.0055791515    -0.0094375021     0.0081850963
25 H    -0.0092733803    -0.0087394995    -0.0047203844
26 H    -0.0039637319     0.0004818660    -0.0129576307
27 H     0.0053498825     0.0088040356    -0.0062379999
----------------------------------------------
[2026-07-08 08:04:53]   [OPT] [REP_00295] eval=003 E=-497.8418735627 Ha max|grad|=3.699e-02 Ha/Bohr SCF=True time=74.5s

WARN: Mole.unit (Angstrom) is changed to Bohr

converged SCF energy = -497.8454139347
--------------- DFTD3 gradients ---------------
         x                y                z
0 C     0.0042011280    -0.0025043736    -0.0026354854
1 C     0.0014549359    -0.0024302556     0.0000217594
2 C     0.0003880248    -0.0006779404     0.0043003575
3 C     0.0026679806     0.0018731566    -0.0008625377
4 C     0.0055464969     0.0137289604    -0.0025112897
5 O    -0.0196359400     0.0134025192     0.0004580372
6 C    -0.0018450805     0.0026616815     0.0011061120
7 C    -0.0012895689    -0.0027435221     0.0044643504
8 C    -0.0036359369    -0.0054499901     0.0027011907
9 C    -0.0032197752    -0.0028663399    -0.0020786449
10 C    -0.0024423144    -0.0013039396    -0.0050365718
11 C     0.0006296579     0.0018612952    -0.0036449483
12 H     0.0029011331     0.0007744356    -0.0004575170
13 H     0.0032368588    -0.0043461036    -0.0000253716
14 H     0.0009898800    -0.0007556997    -0.0044663563
15 H    -0.0034575392    -0.0025546255    -0.0011383951
16 H     0.0012650031    -0.0030842590     0.0032992171
17 H     0.0015844261     0.0013592096     0.0019943536
18 H    -0.0030428268     0.0009865794     0.0038547964
19 H     0.0003304868     0.0013852639    -0.0038122826
20 H     0.0049232198     0.0026898732    -0.0001538502
21 H    -0.0002835501    -0.0012462261     0.0085925066
22 H     0.0154777782    -0.0042721281    -0.0021558732
23 H     0.0025284090    -0.0001831110     0.0085229624
24 H    -0.0041517956    -0.0068174648     0.0054030138
25 H    -0.0059739452    -0.0055891366    -0.0030248353
26 H    -0.0028273145     0.0001249426    -0.0087326279
27 H     0.0036273395     0.0059306724    -0.0039800765
----------------------------------------------
[2026-07-08 08:05:59]   [OPT] [REP_00295] eval=004 E=-497.8454139347 Ha max|grad|=1.964e-02 Ha/Bohr SCF=True time=65.4s

WARN: Mole.unit (Angstrom) is changed to Bohr

converged SCF energy = -497.848498153466
--------------- DFTD3 gradients ---------------
         x                y                z
0 C     0.0006407302    -0.0022449751    -0.0003291896
1 C     0.0008504180     0.0009981825     0.0001834444
2 C    -0.0005077167    -0.0011060479     0.0009453186
3 C     0.0008829873     0.0023966254    -0.0000324384
4 C    -0.0014292035     0.0038946426     0.0018226619
5 O     0.0073202009    -0.0020323311     0.0004932145
6 C     0.0005765907     0.0055097390    -0.0005723263
7 C    -0.0025816970    -0.0022795990     0.0011174589
8 C     0.0004026342     0.0009541182    -0.0025005085
9 C    -0.0003146190    -0.0006878094     0.0011380190
10 C     0.0006976311    -0.0000877940     0.0006240066
11 C    -0.0033949882    -0.0025976029    -0.0010115930
12 H     0.0009752444    -0.0017997276    -0.0013476056
13 H     0.0027902092    -0.0008572842    -0.0020788111
14 H     0.0024134601    -0.0010480170    -0.0006122427
15 H    -0.0000066832     0.0000826474    -0.0003134839
16 H    -0.0000105189     0.0005275552     0.0031438478
17 H    -0.0009264945    -0.0011753964     0.0017730011
18 H     0.0012109917    -0.0003947768     0.0016794496
19 H     0.0010904410     0.0017347177    -0.0004253396
20 H     0.0045810548     0.0004348350    -0.0018182875
21 H     0.0012153285     0.0031055956    -0.0033174281
22 H    -0.0101532190     0.0029417808     0.0030452685
23 H     0.0001568506    -0.0002357100     0.0017770754
24 H    -0.0030554046    -0.0047733579     0.0028533097
25 H    -0.0027442567    -0.0024088894    -0.0015282717
26 H    -0.0017170735    -0.0005274437    -0.0041970737
27 H     0.0010010829     0.0016360023    -0.0005100626
----------------------------------------------
[2026-07-08 08:07:02]   [OPT] [REP_00295] eval=005 E=-497.8484981535 Ha max|grad|=1.015e-02 Ha/Bohr SCF=True time=63.3s

WARN: Mole.unit (Angstrom) is changed to Bohr

[2026-07-08 08:07:02]   [OPT] [REP_00295] done: success=False nit=3 neval=5 max|grad|=1.015e-02 message=STOP: TOTAL NO. OF ITERATIONS REACHED LIMIT
[2026-07-08 08:07:02]   [WARN] [REP_00295] Optimization did not fully converge; using last geometry
[2026-07-08 08:07:02]   [DFT] [REP_00295] final single-point start
converged SCF energy = -497.848498153465
[2026-07-08 08:07:49]   [DFT] [REP_00295] final SCF done: E=-497.8484981535 Ha converged=True time=46.8s
[2026-07-08 08:07:49]   [DFT] [REP_00295] descriptors: HOMO=-3.8524 eV LUMO=2.3483 eV gap=6.2008 eV opt_status=opt_not_converged: STOP: TOTAL NO. OF ITERATIONS REACHED LIMIT
[2026-07-08 08:07:49] END compound_id=REP_00295
