[2026-07-07 21:56:10] ========================================================================
[2026-07-07 21:56:10] BEGIN compound_id=REP_00202 molecule_index=202/732 method=DFT-b3lyp/sto-3g-D3
[2026-07-07 21:56:10] settings functional=b3lyp basis=sto-3g D3=True geom_max_steps=3 scf_max_cycles=50
[2026-07-07 21:56:10]   [xTB] [REP_00202] start: atoms=13 charge=0 multiplicity=1 opt=tight solvent=gas
[2026-07-07 21:56:13]   [OK] [REP_00202] GFN2-xTB converged; RMSD(MMFF,xTB)=0.2919 A
[2026-07-07 21:56:13]   [DFT] build PySCF molecule: atoms=13 charge=0 spin=0
[2026-07-07 21:56:13]   [DFT] [REP_00202] start
[2026-07-07 21:56:13]   [OPT] [REP_00202] start: atoms=13, basis=sto-3g, D3=True, maxiter=3

WARN: Mole.unit (Angstrom) is changed to Bohr

converged SCF energy = -602.582598398845
--------------- DFTD3 gradients ---------------
         x                y                z
0 C     0.0211966293     0.0048298101     0.0061167670
1 C     0.0218168739    -0.0286589334    -0.0609168950
2 N    -0.0115756285     0.0454075819     0.0932605017
3 C    -0.0368476040    -0.0101042423    -0.0144662266
4 C     0.0104938008    -0.0061574658    -0.0140398143
5 S     0.0126992679    -0.0066580752    -0.0155293752
6 H     0.0080840968    -0.0080781758     0.0017878030
7 H     0.0027455146     0.0047126551     0.0093435318
8 H     0.0068286964     0.0074808817    -0.0056944194
9 H    -0.0078059895    -0.0064770795     0.0063353317
10 H    -0.0088817509     0.0078375808    -0.0008258051
11 H    -0.0098633287     0.0039345451    -0.0056986720
12 H    -0.0088572710    -0.0080293071     0.0003154157
----------------------------------------------
[2026-07-07 21:56:28]   [OPT] [REP_00202] eval=001 E=-602.5825983988 Ha max|grad|=9.326e-02 Ha/Bohr SCF=True time=14.8s

WARN: Mole.unit (Angstrom) is changed to Bohr

converged SCF energy = -602.421162994549
--------------- DFTD3 gradients ---------------
         x                y                z
0 C    -0.0240776314    -0.0322906125    -0.0605745881
1 C    -0.0392677437     0.1255038094     0.2590061148
2 N     0.0506703930    -0.0855761292    -0.1803632811
3 C     0.0688172472     0.0355452086     0.0610993779
4 C    -0.0556769007     0.0031914979     0.0147797557
5 S    -0.0152793732    -0.0393989996    -0.0769908361
6 H     0.0183951284     0.0102664822     0.0074979738
7 H    -0.0072380073    -0.0012671623    -0.0014648099
8 H     0.0185931998     0.0020612056     0.0109734774
9 H    -0.0188676427    -0.0089239977    -0.0111047484
10 H    -0.0191968164    -0.0056661022    -0.0126416707
11 H     0.0125241137    -0.0130579980     0.0005750317
12 H     0.0105917925     0.0095967706    -0.0107732567
----------------------------------------------
[2026-07-07 21:56:47]   [OPT] [REP_00202] eval=002 E=-602.4211629945 Ha max|grad|=2.590e-01 Ha/Bohr SCF=True time=19.5s

WARN: Mole.unit (Angstrom) is changed to Bohr

converged SCF energy = -602.59354393044
--------------- DFTD3 gradients ---------------
         x                y                z
0 C     0.0112213517    -0.0020709904    -0.0060499678
1 C    -0.0461838472     0.0098347127     0.0275127936
2 N     0.0485910141     0.0052902881     0.0028393732
3 C    -0.0065811870    -0.0009174030    -0.0007175835
4 C    -0.0003014758    -0.0041461969    -0.0083898318
5 S     0.0079955498    -0.0077205088    -0.0168853315
6 H     0.0103845324    -0.0048140189     0.0027465798
7 H     0.0003813600     0.0036145947     0.0074446905
8 H     0.0094040435     0.0065448323    -0.0027956455
9 H    -0.0110620019    -0.0074297577     0.0034226536
10 H    -0.0120740510     0.0057279292    -0.0031445632
11 H    -0.0061213856     0.0008924004    -0.0044255596
12 H    -0.0056485376    -0.0047976855    -0.0015639206
----------------------------------------------
[2026-07-07 21:57:02]   [OPT] [REP_00202] eval=003 E=-602.5935439304 Ha max|grad|=4.859e-02 Ha/Bohr SCF=True time=15.0s

WARN: Mole.unit (Angstrom) is changed to Bohr

converged SCF energy = -602.597098228978
--------------- DFTD3 gradients ---------------
         x                y                z
0 C    -0.0000824905    -0.0019760337    -0.0040255713
1 C    -0.0054577285     0.0067365745     0.0146552668
2 N     0.0096089119     0.0014541615     0.0014120332
3 C     0.0043316581     0.0040532470     0.0075170319
4 C    -0.0015453440    -0.0032565199    -0.0063771437
5 S     0.0029210012    -0.0038859959    -0.0083436538
6 H     0.0091169393    -0.0036836037     0.0021648417
7 H     0.0012082906     0.0012795267     0.0024262370
8 H     0.0083098208     0.0051606483    -0.0021404615
9 H    -0.0090491928    -0.0052460177     0.0011999557
10 H    -0.0096681871     0.0029196476    -0.0028816381
11 H    -0.0049762399    -0.0002719680    -0.0035588068
12 H    -0.0047200689    -0.0032709213    -0.0020402241
----------------------------------------------
[2026-07-07 21:57:17]   [OPT] [REP_00202] eval=004 E=-602.5970982290 Ha max|grad|=1.466e-02 Ha/Bohr SCF=True time=15.0s

WARN: Mole.unit (Angstrom) is changed to Bohr

converged SCF energy = -602.598234661255
--------------- DFTD3 gradients ---------------
         x                y                z
0 C     0.0028062057     0.0001120449    -0.0002675930
1 C     0.0064499155     0.0012776409     0.0016808156
2 N    -0.0046790136     0.0006866682     0.0021857600
3 C     0.0028758365     0.0032870415     0.0061684613
4 C    -0.0005760583    -0.0009045550    -0.0017591063
5 S    -0.0000965604     0.0000363222     0.0000486763
6 H     0.0061952017    -0.0005059058     0.0014669892
7 H     0.0017635970    -0.0006785605    -0.0017667980
8 H     0.0059009557     0.0022324856     0.0000973788
9 H    -0.0061498063    -0.0021136074    -0.0010312037
10 H    -0.0062601222    -0.0003511507    -0.0019244781
11 H    -0.0041750064    -0.0009310314    -0.0027522729
12 H    -0.0040607833    -0.0021299112    -0.0021332334
----------------------------------------------
[2026-07-07 21:57:32]   [OPT] [REP_00202] eval=005 E=-602.5982346613 Ha max|grad|=6.450e-03 Ha/Bohr SCF=True time=15.1s

WARN: Mole.unit (Angstrom) is changed to Bohr

[2026-07-07 21:57:32]   [OPT] [REP_00202] done: success=False nit=3 neval=5 max|grad|=6.450e-03 message=STOP: TOTAL NO. OF ITERATIONS REACHED LIMIT
[2026-07-07 21:57:32]   [WARN] [REP_00202] Optimization did not fully converge; using last geometry
[2026-07-07 21:57:32]   [DFT] [REP_00202] final single-point start
converged SCF energy = -602.598234661254
[2026-07-07 21:57:44]   [DFT] [REP_00202] final SCF done: E=-602.5982346613 Ha converged=True time=11.8s
[2026-07-07 21:57:44]   [DFT] [REP_00202] descriptors: HOMO=-3.4683 eV LUMO=3.1084 eV gap=6.5768 eV opt_status=opt_not_converged: STOP: TOTAL NO. OF ITERATIONS REACHED LIMIT
[2026-07-07 21:57:44] END compound_id=REP_00202
