[2026-07-08 13:15:46] ========================================================================
[2026-07-08 13:15:46] BEGIN compound_id=REP_00338 molecule_index=338/732 method=DFT-b3lyp/sto-3g-D3
[2026-07-08 13:15:46] settings functional=b3lyp basis=sto-3g D3=True geom_max_steps=3 scf_max_cycles=50
[2026-07-08 13:15:46]   [xTB] [REP_00338] start: atoms=22 charge=0 multiplicity=1 opt=tight solvent=gas
[2026-07-08 13:15:50]   [OK] [REP_00338] GFN2-xTB converged; RMSD(MMFF,xTB)=0.1020 A
[2026-07-08 13:15:50]   [DFT] build PySCF molecule: atoms=22 charge=0 spin=0
[2026-07-08 13:15:50]   [DFT] [REP_00338] start
[2026-07-08 13:15:50]   [OPT] [REP_00338] start: atoms=22, basis=sto-3g, D3=True, maxiter=3

WARN: Mole.unit (Angstrom) is changed to Bohr

converged SCF energy = -420.129079137677
--------------- DFTD3 gradients ---------------
         x                y                z
0 C     0.0111911276     0.0024257246    -0.0080073637
1 C     0.0015100310     0.0015255969    -0.0001936608
2 C     0.0089031010    -0.0086163788     0.0018838080
3 C    -0.0003463080    -0.0097832969     0.0071008940
4 C    -0.0093414402    -0.0035183647     0.0064572523
5 C    -0.0017884547     0.0035344030     0.0030253004
6 C    -0.0017938629     0.0165389949     0.0079079774
7 C     0.0100302725     0.0046990823    -0.0115721476
8 O    -0.0853707979    -0.0063789768    -0.0079443652
9 C     0.0000056278     0.0092940152    -0.0068907069
10 H     0.0011046426    -0.0045251293    -0.0097231073
11 H     0.0014286714     0.0096195407    -0.0025761697
12 H     0.0090490305    -0.0026084273     0.0039464716
13 H     0.0113340736    -0.0082150950     0.0008471991
14 H    -0.0000872208    -0.0116194601     0.0087903250
15 H    -0.0112056900    -0.0022564591     0.0076244092
16 H     0.0028744583     0.0095666598     0.0003356242
17 H    -0.0046914922     0.0009559676     0.0074649532
18 H     0.0088672892     0.0080446517    -0.0105988973
19 H    -0.0093285196     0.0101962941    -0.0026177809
20 H     0.0572794242    -0.0294969667     0.0126638414
21 H     0.0002948072     0.0106941328    -0.0079839619
----------------------------------------------
[2026-07-08 13:16:36]   [OPT] [REP_00338] eval=001 E=-420.1290791377 Ha max|grad|=8.537e-02 Ha/Bohr SCF=True time=46.4s

WARN: Mole.unit (Angstrom) is changed to Bohr

converged SCF energy = -420.009054846682
--------------- DFTD3 gradients ---------------
         x                y                z
0 C    -0.0113026784    -0.0028871477     0.0079287467
1 C     0.0108585963    -0.0048451268    -0.0056238075
2 C    -0.0361895721     0.0174048777     0.0058969015
3 C     0.0032158216     0.0162304026    -0.0156280582
4 C     0.0291207767    -0.0027052439    -0.0139331668
5 C     0.0055434751     0.0055442172     0.0048084299
6 C    -0.0074803207    -0.0559652971    -0.0159279624
7 C    -0.1284421799     0.0029227112     0.0302784890
8 O     0.1894517709    -0.0049370146     0.0169226594
9 C    -0.0009393735    -0.0261032073     0.0227549678
10 H     0.0072149441     0.0075361200     0.0059887972
11 H     0.0062644041    -0.0101588847    -0.0022882475
12 H    -0.0031595001     0.0052453115    -0.0104422635
13 H     0.0065558585    -0.0039839220     0.0001040282
14 H    -0.0006997781    -0.0051928422     0.0036801520
15 H    -0.0051376138     0.0002571415     0.0044537110
16 H     0.0031020956     0.0244398200     0.0014702283
17 H    -0.0023456268     0.0095729448    -0.0019265897
18 H     0.0052608067    -0.0089565700    -0.0083013655
19 H     0.0407874416    -0.0048387438    -0.0078574345
20 H    -0.1120083051     0.0364276127    -0.0193320960
21 H     0.0002424915     0.0050075552    -0.0030469384
----------------------------------------------
[2026-07-08 13:17:34]   [OPT] [REP_00338] eval=002 E=-420.0090548467 Ha max|grad|=1.895e-01 Ha/Bohr SCF=True time=57.9s

WARN: Mole.unit (Angstrom) is changed to Bohr

converged SCF energy = -420.137992200998
--------------- DFTD3 gradients ---------------
         x                y                z
0 C     0.0067821825     0.0013488149    -0.0049345635
1 C     0.0034209105     0.0000912292    -0.0010826798
2 C     0.0000978386    -0.0034305624     0.0025800087
3 C     0.0000955580    -0.0043365449     0.0024949706
4 C    -0.0012805714    -0.0032289819     0.0025976806
5 C     0.0000448467     0.0034368718     0.0036317419
6 C    -0.0033305461     0.0017873001     0.0027320317
7 C    -0.0197123144     0.0039935000    -0.0040892778
8 O     0.0181383818    -0.0389743169     0.0108616206
9 C    -0.0003953981     0.0025228462    -0.0011668785
10 H     0.0021855924    -0.0022972497    -0.0067677187
11 H     0.0022720320     0.0059615201    -0.0024827823
12 H     0.0067419754    -0.0011663800     0.0013298188
13 H     0.0104502986    -0.0074212979     0.0007001251
14 H    -0.0001973455    -0.0104420757     0.0078539465
15 H    -0.0101003625    -0.0018297755     0.0069812701
16 H     0.0027491504     0.0121707804     0.0005149595
17 H    -0.0043713569     0.0025188195     0.0058822503
18 H     0.0078880621     0.0035498106    -0.0093519965
19 H     0.0015989384     0.0070231775    -0.0034507322
20 H    -0.0234093919     0.0191673394    -0.0078341934
21 H     0.0002942836     0.0096285759    -0.0070580924
----------------------------------------------
[2026-07-08 13:18:20]   [OPT] [REP_00338] eval=003 E=-420.1379922010 Ha max|grad|=3.897e-02 Ha/Bohr SCF=True time=45.7s

WARN: Mole.unit (Angstrom) is changed to Bohr

converged SCF energy = -420.141204589491
--------------- DFTD3 gradients ---------------
         x                y                z
0 C     0.0052988710     0.0008576956    -0.0037549243
1 C     0.0025629181    -0.0003903299    -0.0006619468
2 C     0.0028766713    -0.0032132144     0.0011691280
3 C    -0.0006515459    -0.0055168061     0.0037366230
4 C    -0.0023527528    -0.0022228024     0.0029925737
5 C     0.0000121898     0.0016829790     0.0034998828
6 C    -0.0048635330     0.0031548138    -0.0000616107
7 C    -0.0112077306    -0.0082279137    -0.0030235322
8 O     0.0103510975    -0.0150579188     0.0043414278
9 C     0.0007242420     0.0029547507    -0.0015894396
10 H     0.0027132799    -0.0011032795    -0.0051143267
11 H     0.0025740141     0.0038657119    -0.0023235625
12 H     0.0053806944    -0.0004010294    -0.0000821707
13 H     0.0066398564    -0.0047738366     0.0005645167
14 H    -0.0001509379    -0.0075385022     0.0055709151
15 H    -0.0067089463    -0.0011654104     0.0047033213
16 H     0.0011715442     0.0080546004     0.0013145904
17 H    -0.0035582120     0.0029317764     0.0047699653
18 H     0.0023139689     0.0025057413    -0.0033929211
19 H    -0.0025973513     0.0073187747    -0.0039234542
20 H    -0.0107458190     0.0099784513    -0.0042229087
21 H     0.0001766934     0.0063854405    -0.0045794747
----------------------------------------------
[2026-07-08 13:19:05]   [OPT] [REP_00338] eval=004 E=-420.1412045895 Ha max|grad|=1.506e-02 Ha/Bohr SCF=True time=44.8s

WARN: Mole.unit (Angstrom) is changed to Bohr

converged SCF energy = -420.143664688233
--------------- DFTD3 gradients ---------------
         x                y                z
0 C     0.0020650180     0.0000718206    -0.0013880639
1 C     0.0016196360    -0.0005631765    -0.0005938603
2 C    -0.0014002385    -0.0018164084     0.0022416781
3 C     0.0012127584    -0.0012275977    -0.0001574242
4 C     0.0003322254    -0.0023394204     0.0026619939
5 C    -0.0003444198     0.0021038716     0.0009282603
6 C    -0.0037116618    -0.0002926196    -0.0007523173
7 C    -0.0043203903    -0.0003197408    -0.0015852174
8 O    -0.0047257464     0.0071039657    -0.0031146265
9 C     0.0005976778    -0.0000440484     0.0014063778
10 H     0.0036165202     0.0010515432    -0.0019984323
11 H     0.0030424096    -0.0001829602    -0.0019251410
12 H     0.0029678878     0.0009366002    -0.0026038950
13 H     0.0024423784    -0.0017504938     0.0003193023
14 H    -0.0001917828    -0.0045780935     0.0031674059
15 H    -0.0020566020    -0.0002001252     0.0015687795
16 H    -0.0021922452     0.0015050550     0.0011699885
17 H    -0.0016672550     0.0037999314     0.0009490288
18 H    -0.0042858423    -0.0006600773     0.0030841127
19 H    -0.0002830051    -0.0006445414    -0.0035450447
20 H     0.0071295743    -0.0033906363     0.0009461637
21 H     0.0000999559     0.0015177151    -0.0008574099
----------------------------------------------
[2026-07-08 13:19:48]   [OPT] [REP_00338] eval=005 E=-420.1436646882 Ha max|grad|=7.130e-03 Ha/Bohr SCF=True time=43.4s

WARN: Mole.unit (Angstrom) is changed to Bohr

[2026-07-08 13:19:48]   [OPT] [REP_00338] done: success=False nit=3 neval=5 max|grad|=7.130e-03 message=STOP: TOTAL NO. OF ITERATIONS REACHED LIMIT
[2026-07-08 13:19:48]   [WARN] [REP_00338] Optimization did not fully converge; using last geometry
[2026-07-08 13:19:48]   [DFT] [REP_00338] final single-point start
converged SCF energy = -420.143664688232
[2026-07-08 13:20:16]   [DFT] [REP_00338] final SCF done: E=-420.1436646882 Ha converged=True time=28.3s
[2026-07-08 13:20:16]   [DFT] [REP_00338] descriptors: HOMO=-3.7485 eV LUMO=2.4008 eV gap=6.1493 eV opt_status=opt_not_converged: STOP: TOTAL NO. OF ITERATIONS REACHED LIMIT
[2026-07-08 13:20:16] END compound_id=REP_00338
