[2026-07-07 13:40:05] ========================================================================
[2026-07-07 13:40:05] BEGIN compound_id=REP_00134 molecule_index=134/732 method=DFT-b3lyp/sto-3g-D3
[2026-07-07 13:40:05] settings functional=b3lyp basis=sto-3g D3=True geom_max_steps=3 scf_max_cycles=50
[2026-07-07 13:40:05]   [xTB] [REP_00134] start: atoms=31 charge=0 multiplicity=1 opt=tight solvent=gas
[2026-07-07 13:40:08]   [OK] [REP_00134] GFN2-xTB converged; RMSD(MMFF,xTB)=0.1098 A
[2026-07-07 13:40:08]   [DFT] build PySCF molecule: atoms=31 charge=0 spin=0
[2026-07-07 13:40:08]   [DFT] [REP_00134] start
[2026-07-07 13:40:08]   [OPT] [REP_00134] start: atoms=31, basis=sto-3g, D3=True, maxiter=3

WARN: Mole.unit (Angstrom) is changed to Bohr

converged SCF energy = -626.715608119429
--------------- DFTD3 gradients ---------------
         x                y                z
0 C    -0.0022347285    -0.0040838864     0.0074553612
1 C    -0.0084046650    -0.0024273633    -0.0070199552
2 C    -0.0080479977     0.0122552777    -0.0087310183
3 N    -0.0252099159     0.0149240723    -0.0109038031
4 C     0.0248519507    -0.0109835458     0.0212137281
5 O    -0.0167099965    -0.0228291060    -0.0945563237
6 C     0.0067256760    -0.0182711844     0.0168937753
7 C     0.0008167156    -0.0091523679    -0.0030780510
8 C     0.0068495550    -0.0000982566    -0.0102405699
9 C     0.0116109031     0.0047385799     0.0039019309
10 C     0.0014580259     0.0083215652     0.0028198226
11 C     0.0177538010    -0.0098619408     0.0061238993
12 C     0.0258922312    -0.0220020299     0.0058519440
13 O    -0.0408543149     0.0573245676     0.0688845859
14 H    -0.0024197321     0.0074400082     0.0067748212
15 H     0.0072963380    -0.0048739549     0.0036872728
16 H    -0.0084995112    -0.0060482834     0.0003016499
17 H    -0.0076638814     0.0037300595    -0.0048499486
18 H     0.0014776709    -0.0064135093    -0.0064223893
19 H    -0.0017853432     0.0092492010     0.0062515200
20 H     0.0007675235     0.0058072516    -0.0100907178
21 H    -0.0016862427    -0.0056969573     0.0050204519
22 H     0.0037111948    -0.0061459842     0.0042194094
23 H    -0.0019267467    -0.0056689127    -0.0077216612
24 H     0.0078074892    -0.0025840690    -0.0042980434
25 H    -0.0028311866     0.0053668616    -0.0064525921
26 H     0.0042573221    -0.0047328965     0.0061711415
27 H     0.0071571005     0.0061918130    -0.0012227698
28 H     0.0012944537     0.0058412257     0.0071558897
29 H    -0.0026784142     0.0049419267    -0.0049174029
30 H     0.0011183815    -0.0042576527     0.0077780795
----------------------------------------------
[2026-07-07 13:41:27]   [OPT] [REP_00134] eval=001 E=-626.7156081194 Ha max|grad|=9.456e-02 Ha/Bohr SCF=True time=79.0s

WARN: Mole.unit (Angstrom) is changed to Bohr

converged SCF energy = -626.516779265172
--------------- DFTD3 gradients ---------------
         x                y                z
0 C    -0.0040003383     0.0057952046    -0.0048628068
1 C    -0.0016759493     0.0018374487     0.0062132406
2 C    -0.0461104443     0.0206681263    -0.0077466807
3 N     0.1628152657    -0.0874300470     0.0668262195
4 C    -0.1215407515     0.0013173603    -0.2509725033
5 O     0.0497786592     0.0323521633     0.1883356053
6 C     0.0211872979     0.0161975803    -0.0218217493
7 C     0.0212482884    -0.0061468607     0.0017471306
8 C    -0.0131854548     0.0053385600     0.0192448143
9 C    -0.0105643898    -0.0093931268    -0.0102250482
10 C     0.0243051142    -0.0046329067    -0.0070994151
11 C    -0.0003825866     0.0037267609     0.0079609832
12 C    -0.1868899235     0.1722389630     0.1256516312
13 O     0.0930859503    -0.1201772349    -0.1249760619
14 H     0.0014626703    -0.0108239398    -0.0046487338
15 H    -0.0058055806     0.0033682074    -0.0014525344
16 H     0.0057827955     0.0025119203     0.0054405469
17 H    -0.0077188588    -0.0036057230    -0.0034254695
18 H    -0.0023315592     0.0047335182    -0.0001259493
19 H    -0.0044008286     0.0018766272    -0.0066432356
20 H    -0.0044228219     0.0091947719    -0.0093940208
21 H    -0.0092282280    -0.0323374753     0.0219568524
22 H     0.0035607569    -0.0027139856    -0.0070580446
23 H    -0.0014565201    -0.0040948884     0.0012725329
24 H     0.0073862507    -0.0022323913    -0.0078688346
25 H     0.0049198760    -0.0033149589     0.0001255203
26 H     0.0026269080     0.0052859835    -0.0024215590
27 H     0.0113084712     0.0060413649     0.0009222867
28 H    -0.0017467501     0.0041580315     0.0016097401
29 H     0.0003945336    -0.0031308929     0.0063238079
30 H     0.0115709973    -0.0066491678     0.0171562589
----------------------------------------------
[2026-07-07 13:43:24]   [OPT] [REP_00134] eval=002 E=-626.5167792652 Ha max|grad|=2.510e-01 Ha/Bohr SCF=True time=117.4s

WARN: Mole.unit (Angstrom) is changed to Bohr

converged SCF energy = -626.726227937796
--------------- DFTD3 gradients ---------------
         x                y                z
0 C    -0.0025185885    -0.0023795941     0.0054000813
1 C    -0.0071721723    -0.0017527267    -0.0046297995
2 C    -0.0137430322     0.0130204739    -0.0082566982
3 N     0.0063440499    -0.0016498637     0.0021656067
4 C    -0.0111830015    -0.0224970808    -0.0822370427
5 O     0.0062385392     0.0007617907     0.0146798313
6 C     0.0076666220    -0.0125904639     0.0086540537
7 C     0.0045777112    -0.0084918084    -0.0023003460
8 C     0.0034675463     0.0008480616    -0.0050651553
9 C     0.0077682433     0.0022479597     0.0013341479
10 C     0.0055032654     0.0062019156     0.0010109104
11 C     0.0128371072    -0.0061577094     0.0070785454
12 C    -0.0341167762     0.0446216995     0.0663103508
13 O     0.0073283497    -0.0087332658    -0.0072815624
14 H    -0.0017430964     0.0043592031     0.0047801425
15 H     0.0051229865    -0.0034794929     0.0027962638
16 H    -0.0060953096    -0.0045950540     0.0011347423
17 H    -0.0076571105     0.0025366945    -0.0046006716
18 H     0.0008951214    -0.0045636728    -0.0053630062
19 H    -0.0020471186     0.0078992668     0.0042616918
20 H     0.0000066659     0.0062942177    -0.0099611837
21 H    -0.0026512070    -0.0097919885     0.0077380670
22 H     0.0036346255    -0.0055216571     0.0024081330
23 H    -0.0019318334    -0.0053730342    -0.0062150459
24 H     0.0077136235    -0.0025357237    -0.0048917044
25 H    -0.0015888148     0.0039427538    -0.0053459758
26 H     0.0039734030    -0.0031188558     0.0047664327
27 H     0.0078149416     0.0061623603    -0.0008468105
28 H     0.0007527574     0.0055522093     0.0062536365
29 H    -0.0022062282     0.0035523924    -0.0030379999
30 H     0.0029163575    -0.0047814695     0.0092639382
----------------------------------------------
[2026-07-07 13:44:46]   [OPT] [REP_00134] eval=003 E=-626.7262279378 Ha max|grad|=8.224e-02 Ha/Bohr SCF=True time=81.5s

WARN: Mole.unit (Angstrom) is changed to Bohr

converged SCF energy = -626.733152557209
--------------- DFTD3 gradients ---------------
         x                y                z
0 C    -0.0024346555    -0.0017647186     0.0040622748
1 C    -0.0066206430    -0.0008504245    -0.0036324163
2 C    -0.0099697696     0.0097023267    -0.0057384117
3 N     0.0122833921    -0.0047376602     0.0044719419
4 C    -0.0100527412    -0.0104532973    -0.0475027496
5 O     0.0041716970    -0.0021835563     0.0022630513
6 C     0.0026054524    -0.0076100301     0.0007061523
7 C     0.0057386718    -0.0077310111    -0.0014378400
8 C     0.0027672415     0.0006220774    -0.0032764402
9 C     0.0065992372     0.0016677222     0.0002613844
10 C     0.0053613443     0.0045717659     0.0009893038
11 C     0.0042865399    -0.0007512431     0.0070599381
12 C    -0.0239522992     0.0257197073     0.0366810503
13 O     0.0019802076    -0.0012089828     0.0019806933
14 H    -0.0014382446     0.0026993986     0.0037099970
15 H     0.0036428608    -0.0025168042     0.0021314738
16 H    -0.0046749070    -0.0037101271     0.0016962364
17 H    -0.0076845414     0.0014273620    -0.0043149377
18 H     0.0003218771    -0.0032963132    -0.0045041286
19 H    -0.0027501832     0.0074928440     0.0028015433
20 H    -0.0008692825     0.0066753923    -0.0093684738
21 H    -0.0027733021    -0.0102261275     0.0078750166
22 H     0.0041237035    -0.0054953778     0.0013418518
23 H    -0.0015367568    -0.0051482949    -0.0050601914
24 H     0.0068058924    -0.0019865575    -0.0048256793
25 H    -0.0008093160     0.0029972115    -0.0044699828
26 H     0.0036998563    -0.0020566550     0.0036927908
27 H     0.0077446988     0.0054468599    -0.0005831346
28 H     0.0007631853     0.0052707690     0.0053012443
29 H    -0.0017492866     0.0026824543    -0.0019031180
30 H     0.0043290246    -0.0052517447     0.0096055598
----------------------------------------------
[2026-07-07 13:46:05]   [OPT] [REP_00134] eval=004 E=-626.7331525572 Ha max|grad|=4.750e-02 Ha/Bohr SCF=True time=78.9s

WARN: Mole.unit (Angstrom) is changed to Bohr

converged SCF energy = -626.741007440963
--------------- DFTD3 gradients ---------------
         x                y                z
0 C    -0.0017593907    -0.0005552721     0.0004664357
1 C    -0.0032147815     0.0007012709    -0.0010538868
2 C     0.0043748685    -0.0003462609     0.0008300811
3 N     0.0002342673     0.0021411630    -0.0007505320
4 C    -0.0021839876     0.0021273986     0.0054002702
5 O     0.0006932073    -0.0032601388    -0.0086466620
6 C    -0.0059991968    -0.0009699476    -0.0080149433
7 C     0.0039759165    -0.0036170760    -0.0015189390
8 C     0.0030328661    -0.0007928345    -0.0009136171
9 C     0.0042763150     0.0007650499    -0.0010854500
10 C     0.0023611712     0.0015734956     0.0018623720
11 C    -0.0081635407     0.0049906518     0.0065721251
12 C    -0.0022283316    -0.0029248200    -0.0029621805
13 O    -0.0040674622     0.0049165846     0.0080720986
14 H    -0.0007752787    -0.0012782647     0.0011906935
15 H    -0.0005172373     0.0001854700     0.0001859821
16 H    -0.0011310086    -0.0014574560     0.0030861853
17 H    -0.0070919202    -0.0013351498    -0.0033068568
18 H    -0.0014606920     0.0005508378    -0.0018334113
19 H    -0.0035199407     0.0051384738    -0.0011823044
20 H    -0.0026747376     0.0060206368    -0.0048089100
21 H    -0.0006977382    -0.0064309571     0.0051992392
22 H     0.0053122481    -0.0057795714    -0.0004072952
23 H     0.0005219382    -0.0041013696    -0.0012335686
24 H     0.0030927353     0.0001922304    -0.0038891353
25 H     0.0012593013    -0.0000400707    -0.0015758884
26 H     0.0029211395     0.0009448647     0.0004261912
27 H     0.0064425479     0.0024919793     0.0002221234
28 H     0.0010589239     0.0040409521     0.0019318201
29 H     0.0000480648     0.0003156625     0.0013694944
30 H     0.0057864597    -0.0041915987     0.0063890981
----------------------------------------------
[2026-07-07 13:47:25]   [OPT] [REP_00134] eval=005 E=-626.7410074410 Ha max|grad|=8.647e-03 Ha/Bohr SCF=True time=80.3s

WARN: Mole.unit (Angstrom) is changed to Bohr

[2026-07-07 13:47:25]   [OPT] [REP_00134] done: success=False nit=3 neval=5 max|grad|=8.647e-03 message=STOP: TOTAL NO. OF ITERATIONS REACHED LIMIT
[2026-07-07 13:47:25]   [WARN] [REP_00134] Optimization did not fully converge; using last geometry
[2026-07-07 13:47:25]   [DFT] [REP_00134] final single-point start
converged SCF energy = -626.741007440962
[2026-07-07 13:48:31]   [DFT] [REP_00134] final SCF done: E=-626.7410074410 Ha converged=True time=65.7s
[2026-07-07 13:48:31]   [DFT] [REP_00134] descriptors: HOMO=-3.7502 eV LUMO=2.2360 eV gap=5.9861 eV opt_status=opt_not_converged: STOP: TOTAL NO. OF ITERATIONS REACHED LIMIT
[2026-07-07 13:48:31] END compound_id=REP_00134
