[2026-07-07 20:44:18] ========================================================================
[2026-07-07 20:44:18] BEGIN compound_id=REP_00192 molecule_index=192/732 method=DFT-b3lyp/sto-3g-D3
[2026-07-07 20:44:18] settings functional=b3lyp basis=sto-3g D3=True geom_max_steps=3 scf_max_cycles=50
[2026-07-07 20:44:18]   [xTB] [REP_00192] start: atoms=32 charge=0 multiplicity=1 opt=tight solvent=gas
[2026-07-07 20:44:21]   [OK] [REP_00192] GFN2-xTB converged; RMSD(MMFF,xTB)=0.1192 A
[2026-07-07 20:44:21]   [DFT] build PySCF molecule: atoms=32 charge=0 spin=0
[2026-07-07 20:44:21]   [DFT] [REP_00192] start
[2026-07-07 20:44:21]   [OPT] [REP_00192] start: atoms=32, basis=sto-3g, D3=True, maxiter=3

WARN: Mole.unit (Angstrom) is changed to Bohr

converged SCF energy = -536.819364818736
--------------- DFTD3 gradients ---------------
         x                y                z
0 C    -0.0092943509    -0.0013897571     0.0021357207
1 C    -0.0037584179    -0.0042814982    -0.0069327511
2 C    -0.0018173550    -0.0089462822     0.0086212627
3 C     0.0049570730    -0.0091390050     0.0004916585
4 C    -0.0017293424    -0.0001839447     0.0087140247
5 C    -0.0125176240    -0.0022480950    -0.0079085480
6 C     0.0070566606    -0.0035562899     0.0075944614
7 C     0.0019744045    -0.0064442378    -0.0136612945
8 O     0.0676294694     0.0091902727     0.0448975311
9 C    -0.0104184930    -0.0058076077    -0.0167844339
10 O     0.0823758275     0.0133452566     0.0401581585
11 C    -0.0129200742     0.0069585549     0.0001011396
12 H    -0.0067725884     0.0043557500    -0.0061817915
13 H    -0.0012707913     0.0046105006     0.0087554693
14 H    -0.0036374453    -0.0096248045     0.0016785682
15 H     0.0007325656    -0.0033695928    -0.0064761442
16 H    -0.0009062432     0.0030259010     0.0079163571
17 H    -0.0026792290    -0.0081064045     0.0019991530
18 H     0.0018622217    -0.0046865493    -0.0067500572
19 H     0.0064860526    -0.0045797121     0.0050876470
20 H    -0.0011148496     0.0024791627     0.0069347452
21 H     0.0106537102     0.0019740319    -0.0008365838
22 H    -0.0025961804    -0.0004706345     0.0101936639
23 H    -0.0000977372    -0.0103096328    -0.0012906484
24 H     0.0095726557    -0.0004998579    -0.0024725041
25 H    -0.0052560693     0.0054005935    -0.0067935776
26 H    -0.0031220980    -0.0095819727    -0.0044084669
27 H    -0.0555172774     0.0258608066    -0.0350617900
28 H    -0.0009387206    -0.0111597905    -0.0078568305
29 H    -0.0509334116     0.0191306919    -0.0343106421
30 H    -0.0012397522     0.0043234418     0.0066622841
31 H    -0.0048393001     0.0036685898    -0.0042078818
----------------------------------------------
[2026-07-07 20:45:31]   [OPT] [REP_00192] eval=001 E=-536.8193648187 Ha max|grad|=8.238e-02 Ha/Bohr SCF=True time=70.1s

WARN: Mole.unit (Angstrom) is changed to Bohr

converged SCF energy = -536.686057820767
--------------- DFTD3 gradients ---------------
         x                y                z
0 C    -0.0037151888    -0.0014119516    -0.0011049945
1 C    -0.0027383127     0.0015665696     0.0228332408
2 C     0.0028362037     0.0146458982    -0.0131279963
3 C    -0.0051427670    -0.0023047861     0.0107683662
4 C    -0.0223990029    -0.0107003760    -0.0264473680
5 C     0.0889191478     0.0166796705     0.0453496837
6 C    -0.0161604985    -0.0161535519    -0.0179003266
7 C    -0.0053618218     0.0195246673     0.0069397033
8 O    -0.1299350844     0.0204536920    -0.0866297737
9 C     0.0617877248     0.0289763823     0.0693586140
10 O    -0.1478563497     0.0067299056    -0.0820270608
11 C     0.0203919190     0.0018787046    -0.0067328088
12 H    -0.0006676776    -0.0040467584     0.0067653112
13 H    -0.0013981630    -0.0056631650    -0.0092400740
14 H    -0.0033499126     0.0066608897     0.0005403668
15 H    -0.0006571862    -0.0037446145    -0.0070659879
16 H    -0.0008684358    -0.0055799791    -0.0022757107
17 H    -0.0045613497    -0.0103877302     0.0055706560
18 H     0.0023882844    -0.0008248461     0.0037452058
19 H     0.0040217748    -0.0061750319    -0.0007820352
20 H    -0.0046560494     0.0025846719     0.0054719682
21 H    -0.0047106050    -0.0037246209     0.0021079157
22 H     0.0038681658    -0.0026973029    -0.0029659447
23 H     0.0061762999     0.0069946397     0.0097122467
24 H    -0.0071087262    -0.0025361541    -0.0025750564
25 H     0.0051351525    -0.0094010565    -0.0035682595
26 H     0.0008924954    -0.0025399555    -0.0066933277
27 H     0.0843860714    -0.0340464806     0.0542956912
28 H     0.0004569751    -0.0000925620    -0.0186588188
29 H     0.0986713333    -0.0140139452     0.0538691137
30 H    -0.0026153217     0.0001146082    -0.0039608013
31 H    -0.0161175611     0.0092606915    -0.0055567800
----------------------------------------------
[2026-07-07 20:46:53]   [OPT] [REP_00192] eval=002 E=-536.6860578208 Ha max|grad|=1.479e-01 Ha/Bohr SCF=True time=82.3s

WARN: Mole.unit (Angstrom) is changed to Bohr

converged SCF energy = -536.834138674397
--------------- DFTD3 gradients ---------------
         x                y                z
0 C    -0.0081946550    -0.0014061909     0.0015288112
1 C    -0.0033920351    -0.0030356045    -0.0005766684
2 C    -0.0009387834    -0.0038361724     0.0038274648
3 C     0.0030063404    -0.0077195691     0.0026988819
4 C    -0.0065663745    -0.0016010821     0.0004443804
5 C     0.0098626774     0.0007680953     0.0044289556
6 C     0.0016853608    -0.0063900308     0.0015302273
7 C     0.0003075442    -0.0004356802    -0.0091564591
8 O    -0.0083649997     0.0387931620    -0.0052010655
9 C     0.0054658675     0.0000195443     0.0024322976
10 O    -0.0064893724     0.0341164248    -0.0136472736
11 C    -0.0055930736     0.0062677465    -0.0017640833
12 H    -0.0054251158     0.0025750686    -0.0034372613
13 H    -0.0012287685     0.0024138426     0.0048710878
14 H    -0.0035400495    -0.0061514227     0.0014298035
15 H     0.0004427644    -0.0034482578    -0.0065774691
16 H    -0.0008974293     0.0012703485     0.0057642492
17 H    -0.0030516256    -0.0085676685     0.0027568520
18 H     0.0019626288    -0.0038562726    -0.0045551214
19 H     0.0059510411    -0.0049521398     0.0038691121
20 H    -0.0019549521     0.0025678556     0.0065370686
21 H     0.0073023977     0.0008738571    -0.0002956079
22 H    -0.0012937909    -0.0009055108     0.0073692931
23 H     0.0012456880    -0.0064336313     0.0011016733
24 H     0.0060827460    -0.0009005760    -0.0024448877
25 H    -0.0030508607     0.0023201489    -0.0060790237
26 H    -0.0023357518    -0.0080891935    -0.0048272260
27 H     0.0074047736    -0.0135461336     0.0055645678
28 H    -0.0010117619    -0.0081421071    -0.0100243988
29 H     0.0212695039    -0.0108975265     0.0123637960
30 H    -0.0015199999     0.0034346421     0.0044976347
31 H    -0.0072269327     0.0048276204    -0.0044061882
----------------------------------------------
[2026-07-07 20:48:05]   [OPT] [REP_00192] eval=003 E=-536.8341386744 Ha max|grad|=3.879e-02 Ha/Bohr SCF=True time=72.2s

WARN: Mole.unit (Angstrom) is changed to Bohr

converged SCF energy = -536.837976260854
--------------- DFTD3 gradients ---------------
         x                y                z
0 C    -0.0068062734    -0.0013537484     0.0013563132
1 C    -0.0030117812    -0.0019060442    -0.0006574689
2 C    -0.0012576857    -0.0039967990     0.0032036270
3 C     0.0014712348    -0.0063751642     0.0015972292
4 C    -0.0011113043     0.0001971016     0.0020908031
5 C     0.0092210275     0.0084916201     0.0039819484
6 C     0.0036638305    -0.0024716136     0.0028635602
7 C     0.0013359859    -0.0003328235    -0.0051442921
8 O    -0.0063840804     0.0195139949    -0.0040813412
9 C     0.0054229505     0.0081624667    -0.0018151959
10 O    -0.0026563808     0.0145116747    -0.0062593860
11 C    -0.0027262120     0.0045336169    -0.0012804852
12 H    -0.0047622727     0.0016339899    -0.0020542155
13 H    -0.0014532709     0.0012640606     0.0029564470
14 H    -0.0036440219    -0.0043721233     0.0013230579
15 H     0.0001083089    -0.0025400113    -0.0046382844
16 H    -0.0007737667     0.0001867461     0.0041964560
17 H    -0.0027548390    -0.0067342756     0.0028828290
18 H     0.0018612275    -0.0032985030    -0.0026260594
19 H     0.0055388484    -0.0047471773     0.0032502239
20 H    -0.0021038659     0.0011709790     0.0044079528
21 H     0.0044027282    -0.0008244489     0.0005013349
22 H    -0.0001958874    -0.0015619779     0.0045254490
23 H     0.0012800151    -0.0057523912     0.0012081244
24 H     0.0038285501    -0.0010711513    -0.0029813550
25 H    -0.0023689748     0.0015091947    -0.0056744701
26 H    -0.0013474552    -0.0052764558    -0.0043234472
27 H     0.0016803181    -0.0070763437     0.0018072493
28 H    -0.0007144699    -0.0042781736    -0.0057010327
29 H     0.0128518477    -0.0047277868     0.0060249519
30 H    -0.0018243174     0.0028093633     0.0028319793
31 H    -0.0068599297     0.0046511340    -0.0037491338
----------------------------------------------
[2026-07-07 20:49:20]   [OPT] [REP_00192] eval=004 E=-536.8379762609 Ha max|grad|=1.951e-02 Ha/Bohr SCF=True time=75.0s

WARN: Mole.unit (Angstrom) is changed to Bohr

converged SCF energy = -536.841628578877
--------------- DFTD3 gradients ---------------
         x                y                z
0 C    -0.0027148729    -0.0006386158    -0.0003155182
1 C    -0.0005756135     0.0000255182    -0.0006190585
2 C    -0.0017938862    -0.0026183197     0.0008619532
3 C     0.0017710507    -0.0006195131     0.0012357960
4 C     0.0046462835     0.0028452649    -0.0001673364
5 C     0.0034057689     0.0035437771     0.0012903639
6 C     0.0024871680     0.0002435920     0.0010800589
7 C     0.0003998739     0.0018079073     0.0003155696
8 O    -0.0000664938    -0.0005450129    -0.0006721884
9 C     0.0010016547     0.0011181160    -0.0017494893
10 O     0.0053002660    -0.0039350409     0.0023669469
11 C     0.0001883198     0.0032327550    -0.0028140770
12 H    -0.0034051728    -0.0004903116     0.0010210972
13 H    -0.0021361525    -0.0008595137    -0.0003647819
14 H    -0.0038360283    -0.0007743483     0.0010725116
15 H    -0.0007694307    -0.0004129216    -0.0001831055
16 H    -0.0005258438    -0.0022597755     0.0008154371
17 H    -0.0022202858    -0.0031101083     0.0030555814
18 H     0.0015092624    -0.0024172220     0.0006053463
19 H     0.0027385043    -0.0033219550     0.0001875347
20 H    -0.0022806411    -0.0005989123     0.0021265721
21 H     0.0033607282    -0.0026882786     0.0023831607
22 H     0.0019712258    -0.0021579014     0.0011573228
23 H     0.0011681704     0.0009215995     0.0019698005
24 H     0.0005597645    -0.0013113204    -0.0041849743
25 H     0.0006900629    -0.0019884636    -0.0029697479
26 H     0.0009295840     0.0015269147    -0.0017837477
27 H    -0.0069119937     0.0027019865    -0.0038888339
28 H     0.0002310749     0.0038627780     0.0021770938
29 H     0.0007482692     0.0048927142    -0.0034096144
30 H    -0.0022330003     0.0013895151    -0.0007688998
31 H    -0.0037181817     0.0025857485     0.0001900360
----------------------------------------------
[2026-07-07 20:50:35]   [OPT] [REP_00192] eval=005 E=-536.8416285789 Ha max|grad|=6.912e-03 Ha/Bohr SCF=True time=74.5s

WARN: Mole.unit (Angstrom) is changed to Bohr

[2026-07-07 20:50:35]   [OPT] [REP_00192] done: success=False nit=3 neval=5 max|grad|=6.912e-03 message=STOP: TOTAL NO. OF ITERATIONS REACHED LIMIT
[2026-07-07 20:50:35]   [WARN] [REP_00192] Optimization did not fully converge; using last geometry
[2026-07-07 20:50:35]   [DFT] [REP_00192] final single-point start
converged SCF energy = -536.841628578877
[2026-07-07 20:51:27]   [DFT] [REP_00192] final SCF done: E=-536.8416285789 Ha converged=True time=52.1s
[2026-07-07 20:51:27]   [DFT] [REP_00192] descriptors: HOMO=-2.8434 eV LUMO=7.0045 eV gap=9.8479 eV opt_status=opt_not_converged: STOP: TOTAL NO. OF ITERATIONS REACHED LIMIT
[2026-07-07 20:51:27] END compound_id=REP_00192
