[2026-07-08 00:29:00] ========================================================================
[2026-07-08 00:29:00] BEGIN compound_id=REP_00224 molecule_index=224/732 method=DFT-b3lyp/sto-3g-D3
[2026-07-08 00:29:00] settings functional=b3lyp basis=sto-3g D3=True geom_max_steps=3 scf_max_cycles=50
[2026-07-08 00:29:00]   [xTB] [REP_00224] start: atoms=31 charge=0 multiplicity=1 opt=tight solvent=gas
[2026-07-08 00:29:03]   [OK] [REP_00224] GFN2-xTB converged; RMSD(MMFF,xTB)=0.1007 A
[2026-07-08 00:29:03]   [DFT] build PySCF molecule: atoms=31 charge=0 spin=0
[2026-07-08 00:29:03]   [DFT] [REP_00224] start
[2026-07-08 00:29:03]   [OPT] [REP_00224] start: atoms=31, basis=sto-3g, D3=True, maxiter=3

WARN: Mole.unit (Angstrom) is changed to Bohr

converged SCF energy = -499.146943684869
--------------- DFTD3 gradients ---------------
         x                y                z
0 C     0.0084906563     0.0001977422    -0.0024878425
1 C    -0.0029972589     0.0085865311     0.0003003277
2 C     0.0042316224    -0.0088981314     0.0003121017
3 C    -0.0022916868    -0.0039444404     0.0083919250
4 C     0.0078386548     0.0009242058    -0.0113223985
5 C     0.0068421443    -0.0205470411     0.0044478050
6 O    -0.0705208708     0.0559651359    -0.0197487349
7 C     0.0056089388     0.0011681580    -0.0121792312
8 C     0.0106640672    -0.0183961934     0.0078868051
9 C    -0.0075193417     0.0016114965    -0.0071091300
10 O    -0.0739082355     0.0346891662    -0.0114484699
11 H     0.0057281773    -0.0044332949     0.0068332732
12 H     0.0016431474    -0.0055764933    -0.0082569967
13 H     0.0051352464     0.0089110748    -0.0021848894
14 H    -0.0053904180     0.0052536491    -0.0055034561
15 H    -0.0015822413     0.0057198312     0.0063699826
16 H     0.0006844429    -0.0055930353    -0.0067652207
17 H     0.0049938230    -0.0050140924     0.0048788145
18 H    -0.0011672031     0.0035608982     0.0074451327
19 H    -0.0027845443    -0.0066608166     0.0034732848
20 H     0.0025594775     0.0081563640    -0.0035786617
21 H     0.0021760654    -0.0034121964    -0.0084378501
22 H    -0.0005885922    -0.0135879313    -0.0025635747
23 H     0.0444112954    -0.0244037610     0.0407749546
24 H     0.0020211523     0.0081868096    -0.0044503874
25 H     0.0041323105    -0.0038031809    -0.0081680338
26 H     0.0015422137    -0.0147138301    -0.0014626152
27 H    -0.0113093411    -0.0010869356     0.0014105642
28 H     0.0010104185     0.0088536540    -0.0060213846
29 H     0.0013781106    -0.0071651693    -0.0077263865
30 H     0.0588548653    -0.0045564506     0.0368420910
----------------------------------------------
[2026-07-08 00:29:57]   [OPT] [REP_00224] eval=001 E=-499.1469436849 Ha max|grad|=7.391e-02 Ha/Bohr SCF=True time=53.7s

WARN: Mole.unit (Angstrom) is changed to Bohr

converged SCF energy = -499.012983830355
--------------- DFTD3 gradients ---------------
         x                y                z
0 C    -0.0034742904     0.0040063544     0.0005863588
1 C     0.0100561160    -0.0156856413    -0.0023742327
2 C    -0.0040488827     0.0131143835     0.0034590358
3 C     0.0153798204     0.0004398009    -0.0161967945
4 C    -0.0061024528     0.0019278856     0.0412779069
5 C    -0.0473952669     0.0885489474    -0.0376618625
6 O     0.1269891078    -0.0874270129     0.0622483758
7 C     0.0045655830    -0.0178219339     0.0242886896
8 C    -0.0798950515     0.0741261645    -0.0283431281
9 C     0.0192257391    -0.0233479064     0.0037312990
10 O     0.1447278122    -0.0475611665     0.0517825424
11 H    -0.0023013386     0.0044780701    -0.0079085783
12 H     0.0020364871     0.0056162411     0.0071295931
13 H     0.0027606574    -0.0071766503    -0.0002783900
14 H    -0.0001938607     0.0012984654     0.0029656933
15 H    -0.0016070960     0.0017309107    -0.0017195903
16 H     0.0012137743    -0.0010324419     0.0037957346
17 H     0.0050376815    -0.0034995901    -0.0007971926
18 H    -0.0023598664    -0.0024453509     0.0001729006
19 H    -0.0042441084    -0.0014920191     0.0039033263
20 H    -0.0003846279    -0.0045518267    -0.0030035230
21 H     0.0030657290    -0.0035062746    -0.0096905636
22 H    -0.0034743054    -0.0180597800     0.0143668752
23 H    -0.0895655632     0.0523441371    -0.0555565922
24 H     0.0027266983    -0.0055859699    -0.0010331774
25 H     0.0013115648    -0.0015058105    -0.0151028784
26 H     0.0019346068    -0.0156878475     0.0109424482
27 H     0.0038776639     0.0003747543    -0.0047091594
28 H    -0.0018729087    -0.0080803812     0.0033590178
29 H    -0.0090913890     0.0094765038    -0.0012275490
30 H    -0.0889635809     0.0069683971    -0.0484261834
----------------------------------------------
[2026-07-08 00:31:14]   [OPT] [REP_00224] eval=002 E=-499.0129838304 Ha max|grad|=1.447e-01 Ha/Bohr SCF=True time=76.8s

WARN: Mole.unit (Angstrom) is changed to Bohr

converged SCF energy = -499.16209156893
--------------- DFTD3 gradients ---------------
         x                y                z
0 C     0.0058826287     0.0010043774    -0.0018215337
1 C    -0.0001226030     0.0032344185    -0.0002922916
2 C     0.0024301172    -0.0040748291     0.0009945112
3 C     0.0015229639    -0.0028895984     0.0031421498
4 C     0.0045847911     0.0011333113     0.0004605551
5 C    -0.0057423590     0.0031231562    -0.0055950904
6 O     0.0071986556     0.0102520004     0.0343890035
7 C     0.0058310889    -0.0028400658    -0.0032525362
8 C    -0.0106630614     0.0020877893    -0.0006963831
9 C    -0.0011471643    -0.0043020340    -0.0042697712
10 O     0.0095203936     0.0208534292     0.0305025691
11 H     0.0039298532    -0.0025072673     0.0036588216
12 H     0.0016693151    -0.0031548498    -0.0049053493
13 H     0.0045909871     0.0054445940    -0.0017642258
14 H    -0.0042882478     0.0043863993    -0.0037123179
15 H    -0.0015775829     0.0048587951     0.0046669219
16 H     0.0007901934    -0.0045864229    -0.0045309934
17 H     0.0050306837    -0.0046814132     0.0036774980
18 H    -0.0013279488     0.0022350630     0.0058039948
19 H    -0.0031096443    -0.0055660903     0.0035550142
20 H     0.0019327533     0.0054822214    -0.0034208486
21 H     0.0023781651    -0.0034117745    -0.0086258015
22 H    -0.0007478352    -0.0137425064     0.0014986024
23 H    -0.0194349786     0.0056864375    -0.0174210719
24 H     0.0022422668     0.0052727774    -0.0035737325
25 H     0.0032237206    -0.0032769399    -0.0096406372
26 H     0.0018437295    -0.0142080564     0.0016986079
27 H    -0.0079894884    -0.0007720388     0.0001922085
28 H     0.0005110319     0.0051822179    -0.0038501690
29 H    -0.0009254277    -0.0034698061    -0.0062233263
30 H    -0.0081205197    -0.0067974164    -0.0106780766
----------------------------------------------
[2026-07-08 00:32:20]   [OPT] [REP_00224] eval=003 E=-499.1620915689 Ha max|grad|=3.439e-02 Ha/Bohr SCF=True time=66.1s

WARN: Mole.unit (Angstrom) is changed to Bohr

converged SCF energy = -499.165704427083
--------------- DFTD3 gradients ---------------
         x                y                z
0 C     0.0046178013     0.0009333857    -0.0014654088
1 C     0.0004580852     0.0024764130    -0.0002854314
2 C     0.0027955122    -0.0032672613     0.0005454844
3 C     0.0014148761    -0.0025003076     0.0035764000
4 C     0.0020736382     0.0006515198    -0.0008566687
5 C    -0.0050185736     0.0049925922     0.0047971036
6 O     0.0022014843     0.0035758146     0.0131784537
7 C     0.0001582271     0.0003568524    -0.0031040795
8 C    -0.0095711577     0.0051950069     0.0051173630
9 C    -0.0037503059    -0.0004765518    -0.0028261052
10 O     0.0076146727     0.0090027156     0.0151442484
11 H     0.0029767533    -0.0013866646     0.0018545243
12 H     0.0017456415    -0.0017599925    -0.0030476256
13 H     0.0042467425     0.0036600661    -0.0015305813
14 H    -0.0030887890     0.0032936252    -0.0020562359
15 H    -0.0013713442     0.0036493009     0.0028129025
16 H     0.0008748756    -0.0035058954    -0.0025688711
17 H     0.0044039832    -0.0039563232     0.0024504605
18 H    -0.0011340667     0.0007888366     0.0040858601
19 H    -0.0026630509    -0.0040082859     0.0031676111
20 H     0.0018950392     0.0035219856    -0.0029103247
21 H     0.0022389230    -0.0014822364    -0.0053236838
22 H    -0.0000412350    -0.0072488647     0.0007730700
23 H    -0.0113116952     0.0027935561    -0.0077314390
24 H     0.0020162336     0.0021953270    -0.0031519868
25 H     0.0027954924    -0.0023443422    -0.0079951478
26 H     0.0013465243    -0.0082853995     0.0008591527
27 H    -0.0050028863    -0.0006778323    -0.0013970474
28 H    -0.0001923375     0.0016853226    -0.0025172986
29 H    -0.0010523624    -0.0029498376    -0.0055007381
30 H    -0.0017638517    -0.0049558858    -0.0041162538
----------------------------------------------
[2026-07-08 00:33:14]   [OPT] [REP_00224] eval=004 E=-499.1657044271 Ha max|grad|=1.514e-02 Ha/Bohr SCF=True time=54.5s

WARN: Mole.unit (Angstrom) is changed to Bohr

converged SCF energy = -499.168262000282
--------------- DFTD3 gradients ---------------
         x                y                z
0 C     0.0019084953     0.0013653441    -0.0006966124
1 C     0.0012331109     0.0007900788    -0.0002659308
2 C     0.0024027406    -0.0013106247     0.0011697173
3 C     0.0005729451    -0.0015395270     0.0006147799
4 C    -0.0013687882     0.0008225962     0.0016832948
5 C    -0.0016423216    -0.0001901798     0.0006484629
6 O    -0.0043552119     0.0003725721    -0.0039148116
7 C    -0.0046477810    -0.0002204938    -0.0001437224
8 C    -0.0032214266     0.0004514641     0.0014849877
9 C    -0.0028872754    -0.0006672590    -0.0003538527
10 O     0.0014707638    -0.0005486938     0.0007842918
11 H     0.0015301850     0.0004503716    -0.0010161450
12 H     0.0018949132     0.0004995882    -0.0001461981
13 H     0.0035551822     0.0004370200    -0.0010931842
14 H    -0.0007272437     0.0011141141     0.0008848480
15 H    -0.0007867804     0.0013277613    -0.0004864568
16 H     0.0010448454    -0.0017676892     0.0005076988
17 H     0.0032864409    -0.0024146423    -0.0000380560
18 H    -0.0005940018    -0.0011180136     0.0019666976
19 H    -0.0016062048    -0.0012367542     0.0024909806
20 H     0.0017219861    -0.0002956612    -0.0018475641
21 H     0.0009866786     0.0008601258    -0.0003903079
22 H     0.0005762753     0.0027613647     0.0005300947
23 H    -0.0022564533    -0.0000875891     0.0036798288
24 H     0.0014526805     0.0000344513    -0.0029651181
25 H     0.0006084610     0.0008281694    -0.0013610011
26 H     0.0001467375     0.0020798289    -0.0004119834
27 H    -0.0037867058    -0.0002280270    -0.0034233520
28 H    -0.0014232517    -0.0008526621    -0.0015597477
29 H    -0.0018801676     0.0010068889    -0.0006994782
30 H     0.0067095705    -0.0027423807     0.0043618724
----------------------------------------------
[2026-07-08 00:34:16]   [OPT] [REP_00224] eval=005 E=-499.1682620003 Ha max|grad|=6.710e-03 Ha/Bohr SCF=True time=61.5s

WARN: Mole.unit (Angstrom) is changed to Bohr

[2026-07-08 00:34:16]   [OPT] [REP_00224] done: success=False nit=3 neval=5 max|grad|=6.710e-03 message=STOP: TOTAL NO. OF ITERATIONS REACHED LIMIT
[2026-07-08 00:34:16]   [WARN] [REP_00224] Optimization did not fully converge; using last geometry
[2026-07-08 00:34:16]   [DFT] [REP_00224] final single-point start
converged SCF energy = -499.168262000278
[2026-07-08 00:35:07]   [DFT] [REP_00224] final SCF done: E=-499.1682620003 Ha converged=True time=51.3s
[2026-07-08 00:35:07]   [DFT] [REP_00224] descriptors: HOMO=-2.9668 eV LUMO=7.0067 eV gap=9.9735 eV opt_status=opt_not_converged: STOP: TOTAL NO. OF ITERATIONS REACHED LIMIT
[2026-07-08 00:35:07] END compound_id=REP_00224
