[2026-07-07 20:51:27] ========================================================================
[2026-07-07 20:51:27] BEGIN compound_id=REP_00193 molecule_index=193/732 method=DFT-b3lyp/sto-3g-D3
[2026-07-07 20:51:27] settings functional=b3lyp basis=sto-3g D3=True geom_max_steps=3 scf_max_cycles=50
[2026-07-07 20:51:27]   [xTB] [REP_00193] start: atoms=27 charge=0 multiplicity=1 opt=tight solvent=gas
[2026-07-07 20:51:39]   [OK] [REP_00193] GFN2-xTB converged; RMSD(MMFF,xTB)=0.4173 A
[2026-07-07 20:51:39]   [DFT] build PySCF molecule: atoms=27 charge=0 spin=0
[2026-07-07 20:51:39]   [DFT] [REP_00193] start
[2026-07-07 20:51:39]   [OPT] [REP_00193] start: atoms=27, basis=sto-3g, D3=True, maxiter=3

WARN: Mole.unit (Angstrom) is changed to Bohr

converged SCF energy = -513.653812924489
--------------- DFTD3 gradients ---------------
         x                y                z
0 C    -0.0065068993     0.0021161689    -0.0058800697
1 C    -0.0006635948    -0.0007256344    -0.0032416488
2 C    -0.0185740000     0.0050186034    -0.0106000105
3 N    -0.0477757815    -0.0035507708    -0.0026938011
4 C     0.0250257800     0.0174625994    -0.0265383248
5 O     0.0508744318    -0.0297902019     0.0660853610
6 C     0.0054097525    -0.0056250723    -0.0197687141
7 C     0.0047539601    -0.0031563913     0.0071420008
8 C     0.0081414541    -0.0027361762    -0.0041532775
9 C     0.0078452858     0.0127478628     0.0014459520
10 C    -0.0063309433     0.0114904111     0.0022427403
11 C    -0.0000591826     0.0009568052    -0.0096624539
12 H     0.0017497706    -0.0020655629    -0.0109516852
13 H    -0.0104585436    -0.0019884201     0.0003880839
14 H    -0.0006075725     0.0113748436    -0.0012492810
15 H    -0.0151566334    -0.0037847692     0.0017252235
16 H    -0.0134284309    -0.0155727615     0.0244994717
17 H     0.0018231316    -0.0047152940    -0.0073485355
18 H     0.0008050967    -0.0024833438     0.0092468198
19 H     0.0028602782    -0.0101040438     0.0008830008
20 H    -0.0013912176     0.0008715011    -0.0091620783
21 H     0.0087731232     0.0053482426     0.0014988503
22 H     0.0044380316     0.0061065777     0.0068886086
23 H     0.0035677486     0.0035230778    -0.0065655162
24 H    -0.0039937324     0.0079402126    -0.0041953480
25 H    -0.0040304853     0.0003752413     0.0077110221
26 H     0.0029695785     0.0009010892    -0.0076171419
----------------------------------------------
[2026-07-07 20:53:00]   [OPT] [REP_00193] eval=001 E=-513.6538129245 Ha max|grad|=6.609e-02 Ha/Bohr SCF=True time=80.8s

WARN: Mole.unit (Angstrom) is changed to Bohr

converged SCF energy = -513.494870148597
--------------- DFTD3 gradients ---------------
         x                y                z
0 C     0.0054794091     0.0114372684    -0.0114037721
1 C    -0.0131292722     0.0188347952    -0.0376072809
2 C    -0.0388413726    -0.0177003265     0.0201058730
3 N     0.1738238093    -0.0224956350     0.0552043625
4 C    -0.0568694226    -0.1341903298     0.2468621340
5 O    -0.0938436703     0.0827008918    -0.1653335282
6 C     0.0195318737     0.0504139414     0.0042789102
7 C     0.0154819340     0.0257642218    -0.0370062265
8 C     0.0043181521     0.0000295994     0.0060667569
9 C    -0.0242333542    -0.0278176532    -0.0017100471
10 C     0.0263764987    -0.0260186864    -0.0004782062
11 C    -0.0002887905     0.0144951858     0.0120489122
12 H    -0.0101715686     0.0077447599     0.0102953091
13 H     0.0075714022     0.0049233618    -0.0055901737
14 H    -0.0058459041    -0.0182920245    -0.0047788107
15 H    -0.0234306316     0.0089305378    -0.0167088571
16 H    -0.0062036519     0.0183072238    -0.0327561356
17 H     0.0139857184    -0.0259475066    -0.0345337214
18 H    -0.0011621244    -0.0044231083     0.0036351058
19 H     0.0028505330     0.0114644218    -0.0061230259
20 H     0.0052029865    -0.0023864009     0.0137373301
21 H    -0.0041607667    -0.0098051192    -0.0067502225
22 H     0.0080667051     0.0102089446     0.0051362583
23 H     0.0031690810     0.0043064019     0.0038736655
24 H    -0.0071095239     0.0098142964    -0.0011848593
25 H    -0.0003751994     0.0043624453    -0.0076759948
26 H    -0.0001699430     0.0053034971    -0.0115854335
----------------------------------------------
[2026-07-07 20:54:44]   [OPT] [REP_00193] eval=002 E=-513.4948701486 Ha max|grad|=2.469e-01 Ha/Bohr SCF=True time=104.1s

WARN: Mole.unit (Angstrom) is changed to Bohr

converged SCF energy = -513.662289088917
--------------- DFTD3 gradients ---------------
         x                y                z
0 C    -0.0044988722     0.0038503999    -0.0069606735
1 C    -0.0029951371     0.0027654059    -0.0093733765
2 C    -0.0221946161     0.0009334864    -0.0050697629
3 N     0.0129664590    -0.0057207113     0.0077521516
4 C     0.0264959294    -0.0317249712     0.0641687841
5 O    -0.0128121508     0.0141134893    -0.0241958229
6 C     0.0080448708     0.0017300077    -0.0115325351
7 C     0.0065344336     0.0021094262    -0.0004233797
8 C     0.0075195929    -0.0022461564    -0.0025155712
9 C     0.0021742995     0.0054696796     0.0010060323
10 C    -0.0005084997     0.0048619314     0.0016396728
11 C    -0.0002262158     0.0035175416    -0.0055422569
12 H    -0.0002539232    -0.0003750354    -0.0072107662
13 H    -0.0073658027    -0.0008403180    -0.0005681197
14 H    -0.0014489655     0.0061193173    -0.0017999958
15 H    -0.0163760768    -0.0017000306    -0.0011718133
16 H    -0.0112266312    -0.0102865565     0.0156585232
17 H     0.0036959673    -0.0077167353    -0.0115938556
18 H     0.0003817724    -0.0028441020     0.0081859437
19 H     0.0027897540    -0.0064172332    -0.0002729296
20 H    -0.0003387130     0.0003419559    -0.0052431339
21 H     0.0065029603     0.0027959732     0.0001243252
22 H     0.0050518138     0.0067961038     0.0065923630
23 H     0.0035241987     0.0036702009    -0.0049292958
24 H    -0.0045246705     0.0082345538    -0.0036795643
25 H    -0.0034205015     0.0009737382     0.0051851801
26 H     0.0025627860     0.0015282776    -0.0081178734
----------------------------------------------
[2026-07-07 20:56:03]   [OPT] [REP_00193] eval=003 E=-513.6622890889 Ha max|grad|=6.417e-02 Ha/Bohr SCF=True time=79.5s

WARN: Mole.unit (Angstrom) is changed to Bohr

converged SCF energy = -513.667103108326
--------------- DFTD3 gradients ---------------
         x                y                z
0 C    -0.0046252082     0.0043438126    -0.0075726724
1 C    -0.0059565201     0.0003611725    -0.0065701739
2 C    -0.0083836665    -0.0000671404    -0.0004578719
3 N     0.0157297383    -0.0075538147     0.0119999647
4 C     0.0017776138    -0.0166055783     0.0290974459
5 O    -0.0001482416     0.0049415443    -0.0049332868
6 C     0.0058493045    -0.0015464613     0.0003268433
7 C     0.0061804301     0.0027551500    -0.0018068317
8 C     0.0071309098    -0.0014634275    -0.0019963282
9 C     0.0018601507     0.0040137087     0.0010746799
10 C     0.0001546488     0.0036935923     0.0008784834
11 C     0.0002037596     0.0027462854    -0.0028287205
12 H    -0.0012933715     0.0005589162    -0.0057311487
13 H    -0.0052069620     0.0000282575    -0.0013239561
14 H    -0.0019129436     0.0040691924    -0.0022720782
15 H    -0.0178082021    -0.0017455329    -0.0014686626
16 H    -0.0090477992    -0.0058107459     0.0082047594
17 H     0.0035172060    -0.0069855582    -0.0108600696
18 H     0.0002253154    -0.0023361781     0.0055666981
19 H     0.0027615341    -0.0044445670    -0.0008290168
20 H     0.0004575675    -0.0000218911    -0.0029916629
21 H     0.0056523554     0.0014039690    -0.0006994085
22 H     0.0046222119     0.0061297712     0.0050393069
23 H     0.0029226704     0.0034730146    -0.0031550991
24 H    -0.0039495168     0.0068695501    -0.0023705652
25 H    -0.0027540951     0.0012086009     0.0032846602
26 H     0.0020969444     0.0019229447    -0.0075021768
----------------------------------------------
[2026-07-07 20:57:22]   [OPT] [REP_00193] eval=004 E=-513.6671031083 Ha max|grad|=2.910e-02 Ha/Bohr SCF=True time=78.5s

WARN: Mole.unit (Angstrom) is changed to Bohr

converged SCF energy = -513.671518254723
--------------- DFTD3 gradients ---------------
         x                y                z
0 C    -0.0049435471     0.0028567100    -0.0059079905
1 C    -0.0055693869    -0.0024673030    -0.0008860632
2 C     0.0050615120    -0.0057642663     0.0095070483
3 N     0.0031303325    -0.0052957797     0.0080453278
4 C    -0.0120679864    -0.0012455778    -0.0058440136
5 O     0.0090601097    -0.0023582438     0.0104057279
6 C     0.0008238360    -0.0063574225     0.0091044305
7 C     0.0044052564     0.0014738223     0.0003235686
8 C     0.0048922840    -0.0003373289    -0.0012922150
9 C     0.0021666051     0.0026492680     0.0008695903
10 C     0.0001010814     0.0023377715    -0.0004703235
11 C     0.0009077580    -0.0000380671    -0.0000362620
12 H    -0.0029523467     0.0020879465    -0.0038035288
13 H    -0.0017156337     0.0018769625    -0.0031968680
14 H    -0.0026225932     0.0014007398    -0.0031313760
15 H    -0.0099500864     0.0001880716    -0.0017365250
16 H    -0.0048119330    -0.0003878418    -0.0004235832
17 H     0.0022653984    -0.0018597525    -0.0057589735
18 H     0.0001307644    -0.0008548137    -0.0006577849
19 H     0.0027651704    -0.0006476213    -0.0017465331
20 H     0.0022401930    -0.0006838286     0.0008176471
21 H     0.0046584973    -0.0008415268    -0.0021062446
22 H     0.0032650756     0.0040268145     0.0012201009
23 H     0.0014965698     0.0030327061     0.0006872553
24 H    -0.0022434879     0.0033309979     0.0006134183
25 H    -0.0011441458     0.0017071120    -0.0006390562
26 H     0.0007123858     0.0021139739    -0.0038631237
----------------------------------------------
[2026-07-07 20:58:37]   [OPT] [REP_00193] eval=005 E=-513.6715182547 Ha max|grad|=1.207e-02 Ha/Bohr SCF=True time=75.6s

WARN: Mole.unit (Angstrom) is changed to Bohr

[2026-07-07 20:58:37]   [OPT] [REP_00193] done: success=False nit=3 neval=5 max|grad|=1.207e-02 message=STOP: TOTAL NO. OF ITERATIONS REACHED LIMIT
[2026-07-07 20:58:37]   [WARN] [REP_00193] Optimization did not fully converge; using last geometry
[2026-07-07 20:58:37]   [DFT] [REP_00193] final single-point start
converged SCF energy = -513.671518254724
[2026-07-07 20:59:35]   [DFT] [REP_00193] final SCF done: E=-513.6715182547 Ha converged=True time=57.8s
[2026-07-07 20:59:35]   [DFT] [REP_00193] descriptors: HOMO=-3.3449 eV LUMO=2.6920 eV gap=6.0369 eV opt_status=opt_not_converged: STOP: TOTAL NO. OF ITERATIONS REACHED LIMIT
[2026-07-07 20:59:35] END compound_id=REP_00193
