[2026-07-08 16:42:57] ========================================================================
[2026-07-08 16:42:57] BEGIN compound_id=REP_00373 molecule_index=370/732 method=DFT-b3lyp/sto-3g-D3
[2026-07-08 16:42:57] settings functional=b3lyp basis=sto-3g D3=True geom_max_steps=3 scf_max_cycles=50
[2026-07-08 16:42:57]   [xTB] [REP_00373] start: atoms=46 charge=0 multiplicity=1 opt=tight solvent=gas
[2026-07-08 16:43:12]   [OK] [REP_00373] GFN2-xTB converged; RMSD(MMFF,xTB)=1.0836 A
[2026-07-08 16:43:12]   [DFT] build PySCF molecule: atoms=46 charge=0 spin=0
[2026-07-08 16:43:12]   [DFT] [REP_00373] start
[2026-07-08 16:43:12]   [OPT] [REP_00373] start: atoms=46, basis=sto-3g, D3=True, maxiter=3

WARN: Mole.unit (Angstrom) is changed to Bohr

converged SCF energy = -1935.30739772891
--------------- DFTD3 gradients ---------------
         x                y                z
0 C     0.0021598347    -0.0027154210     0.0125553085
1 C     0.0126865754    -0.0010015791     0.0036408383
2 C     0.0075627830    -0.0050972848    -0.0078760213
3 C    -0.0132181442    -0.0011969637     0.0024445343
4 C     0.0069129950    -0.0000239309    -0.0048661351
5 C     0.0206171562     0.0109618988     0.0005999928
6 Cl    -0.0117688926    -0.0201714989    -0.0474742188
7 Cl    -0.0341683005    -0.0054660578     0.0422528550
8 C     0.0028498544    -0.0095021796    -0.0132223886
9 C     0.0115123098    -0.0202571248    -0.0183854137
10 O     0.0201505568     0.0998267011    -0.0176593979
11 O    -0.0300898879    -0.0777203381     0.0404404916
12 C     0.0071092191     0.0257276653    -0.0011374108
13 C    -0.0003377486    -0.0016876719     0.0008043947
14 C    -0.0026454792     0.0117746671    -0.0037841844
15 C    -0.0092662571     0.0043964299     0.0034034638
16 C    -0.0131293500    -0.0025819196     0.0085851060
17 C     0.0039672829     0.0118037930    -0.0140411128
18 O    -0.0255113151    -0.0202720985     0.0514095672
19 C     0.0098492558    -0.0002444170    -0.0125408439
20 C     0.0025024938    -0.0033709791     0.0152692179
21 C     0.0056521347    -0.0066392830     0.0066650192
22 C     0.0084354029    -0.0089999625    -0.0063269131
23 C    -0.0011016593     0.0008016804    -0.0110546208
24 C    -0.0064571517     0.0048484143    -0.0151091273
25 C     0.0149871740     0.0009050752    -0.0060879575
26 H     0.0014228417    -0.0095858870     0.0021731566
27 H     0.0083111768     0.0042082912     0.0025765653
28 H    -0.0096004580     0.0057976132     0.0064431981
29 H     0.0013338742    -0.0103159316    -0.0000648371
30 H     0.0090271488     0.0033563131     0.0025429122
31 H    -0.0019446638     0.0025369986    -0.0102169163
32 H    -0.0072762781    -0.0002778145     0.0102964420
33 H     0.0095444035     0.0007352513    -0.0131436924
34 H     0.0026141399     0.0017747291    -0.0109119537
35 H     0.0090004452     0.0077621049     0.0084688993
36 H    -0.0056297121     0.0130034437    -0.0033673380
37 H    -0.0028483493     0.0133694398    -0.0051683721
38 H    -0.0133151769     0.0067182934     0.0036389374
39 H    -0.0106585293    -0.0074436951     0.0083474065
40 H     0.0000719923     0.0010752254     0.0151926288
41 H     0.0086205060    -0.0091190818     0.0082023719
42 H     0.0085363830    -0.0094839292    -0.0065776304
43 H    -0.0004482226    -0.0005261338    -0.0151535147
44 H    -0.0072740155     0.0085424668    -0.0076794706
45 H     0.0111643838    -0.0062320126    -0.0041774471
----------------------------------------------
[2026-07-08 16:45:35]   [OPT] [REP_00373] eval=001 E=-1935.3073977289 Ha max|grad|=9.983e-02 Ha/Bohr SCF=True time=143.2s

WARN: Mole.unit (Angstrom) is changed to Bohr

converged SCF energy = -1935.22013365271
--------------- DFTD3 gradients ---------------
         x                y                z
0 C     0.0040604055     0.0045126239     0.0027195045
1 C    -0.0226090501    -0.0112491456    -0.0069257070
2 C     0.0085848567    -0.0025051237     0.0018790514
3 C     0.0359730306    -0.0009381110     0.0063385277
4 C     0.0619865012     0.0294641640    -0.0043605215
5 C    -0.1275695817    -0.0728347351    -0.0226743837
6 Cl     0.0118452719     0.0161545149     0.0331647889
7 Cl     0.0312248347     0.0069188683    -0.0294459430
8 C     0.0091488494     0.0107983151    -0.0136494220
9 C    -0.0169461021     0.1763078382     0.0591633604
10 O    -0.0361443929    -0.1937079328     0.0308324922
11 O     0.0505450524     0.0898948552    -0.0689054308
12 C    -0.0092710127    -0.0743172910     0.0173778770
13 C     0.0003598968     0.0573789358    -0.0092243067
14 C    -0.0061850723    -0.0245484204     0.0144082070
15 C    -0.0057101239     0.0046363840    -0.0016050652
16 C     0.0267222974     0.0215898810    -0.0262974186
17 C    -0.0379374305    -0.0575658137     0.0613581408
18 O     0.0286914718     0.0273077542    -0.0621983135
19 C    -0.0277174654     0.0051554962     0.0679754630
20 C     0.0055050099    -0.0020350237    -0.0415920147
21 C     0.0026495449    -0.0016804016    -0.0062878606
22 C    -0.0192672291     0.0211751526     0.0111230801
23 C     0.0163013309    -0.0165730844    -0.0011879049
24 C     0.0074973744    -0.0048715375     0.0077028447
25 C    -0.0041800837    -0.0097619001     0.0069612097
26 H     0.0002903395     0.0020430804     0.0041520081
27 H    -0.0031182979    -0.0039473701     0.0055596873
28 H     0.0049273546    -0.0009266050    -0.0021341932
29 H     0.0039415752     0.0014519142    -0.0036245509
30 H    -0.0019713383    -0.0049777228    -0.0062692771
31 H     0.0025740596    -0.0025912826     0.0021090144
32 H    -0.0067166513     0.0008399512     0.0030015913
33 H     0.0015309364     0.0010550294     0.0032306140
34 H     0.0026863001    -0.0070156031    -0.0115696334
35 H     0.0079274573     0.0074507904    -0.0021292196
36 H    -0.0002586706     0.0112696058    -0.0143129632
37 H    -0.0005564662     0.0086010568    -0.0033846133
38 H    -0.0048913832     0.0038198160     0.0011159875
39 H    -0.0072279642    -0.0077952342     0.0075268092
40 H    -0.0018217848     0.0018138157     0.0134560699
41 H     0.0042073698    -0.0050816854     0.0023912438
42 H     0.0077043400    -0.0086395856    -0.0061864948
43 H    -0.0000142728    -0.0010278773    -0.0063099815
44 H    -0.0089633531     0.0084159030    -0.0103834541
45 H     0.0121444648    -0.0034447953    -0.0029980838
----------------------------------------------
[2026-07-08 16:48:16]   [OPT] [REP_00373] eval=002 E=-1935.2201336527 Ha max|grad|=1.937e-01 Ha/Bohr SCF=True time=161.5s

WARN: Mole.unit (Angstrom) is changed to Bohr

converged SCF energy = -1935.33342048472
--------------- DFTD3 gradients ---------------
         x                y                z
0 C     0.0026408600    -0.0004894284     0.0097346481
1 C     0.0011215367    -0.0039941308     0.0002723869
2 C     0.0079556890    -0.0043567189    -0.0050427616
3 C     0.0024358252    -0.0009127605     0.0041594006
4 C     0.0211369513     0.0076974877    -0.0050107323
5 C    -0.0283461080    -0.0165109141    -0.0062296118
6 Cl    -0.0032574639    -0.0065329094    -0.0166538481
7 Cl    -0.0090373093    -0.0009260054     0.0141964063
8 C     0.0046886631    -0.0011979121    -0.0125505294
9 C     0.0082026527     0.0939422211     0.0049879575
10 O    -0.0126444308    -0.0557353627     0.0124398452
11 O     0.0040822067    -0.0194709391    -0.0080508296
12 C     0.0017853300    -0.0031301074     0.0045059816
13 C     0.0002710893     0.0161447572    -0.0024526614
14 C    -0.0037474371     0.0006422387     0.0018581657
15 C    -0.0078757169     0.0045775448     0.0017270340
16 C    -0.0007699912     0.0045383686    -0.0018788721
17 C    -0.0075564803    -0.0130251909     0.0087462903
18 O    -0.0093770107    -0.0040358585     0.0163151324
19 C    -0.0020804051     0.0038316893     0.0120943008
20 C     0.0030994517    -0.0028621915    -0.0020552181
21 C     0.0046195411    -0.0050761835     0.0022972386
22 C    -0.0002254159     0.0004635685    -0.0009263153
23 C     0.0044722460    -0.0047474014    -0.0076821226
24 C    -0.0023974278     0.0022477910    -0.0080157545
25 C     0.0092549063    -0.0026261373    -0.0024490432
26 H     0.0010655704    -0.0061174962     0.0027356373
27 H     0.0048769008     0.0017816541     0.0034115875
28 H    -0.0052426070     0.0037488914     0.0037921730
29 H     0.0020862426    -0.0067745964    -0.0010938044
30 H     0.0056527379     0.0008745693    -0.0000624828
31 H    -0.0006301186     0.0010329187    -0.0065144474
32 H    -0.0070809956     0.0000076308     0.0081115131
33 H     0.0070277326     0.0008310480    -0.0081207110
34 H     0.0026137964    -0.0008984763    -0.0110878676
35 H     0.0088162010     0.0079314115     0.0053105386
36 H    -0.0035891100     0.0122734510    -0.0069271726
37 H    -0.0021616371     0.0119317595    -0.0046210225
38 H    -0.0107989046     0.0058300426     0.0028634506
39 H    -0.0095709045    -0.0076195524     0.0081406337
40 H    -0.0005792910     0.0013266100     0.0146506303
41 H     0.0073069039    -0.0078916311     0.0064614758
42 H     0.0082849426    -0.0092304319    -0.0064573690
43 H    -0.0003311438    -0.0006866611    -0.0124885118
44 H    -0.0077591420     0.0085096501    -0.0085084836
45 H     0.0114913282    -0.0053570537    -0.0040251039
----------------------------------------------
[2026-07-08 16:50:49]   [OPT] [REP_00373] eval=003 E=-1935.3334204847 Ha max|grad|=9.394e-02 Ha/Bohr SCF=True time=152.5s

WARN: Mole.unit (Angstrom) is changed to Bohr

converged SCF energy = -1935.34429240512
--------------- DFTD3 gradients ---------------
         x                y                z
0 C     0.0018495676    -0.0003712229     0.0060795802
1 C     0.0000762469    -0.0012792513     0.0003197739
2 C     0.0054799589    -0.0038598654    -0.0030695584
3 C     0.0045675019     0.0013467911     0.0050647193
4 C    -0.0108733689    -0.0093105104    -0.0060393637
5 C    -0.0081080222    -0.0055217465    -0.0038372854
6 Cl    -0.0017579697    -0.0030011054    -0.0076150635
7 Cl    -0.0022341731    -0.0000318789     0.0053776065
8 C     0.0019984427     0.0149852695     0.0014612556
9 C    -0.0048564441     0.0011144423     0.0112128279
10 O    -0.0044159070    -0.0024745458     0.0074165366
11 O     0.0130448358     0.0139203703    -0.0178772778
12 C     0.0007011535    -0.0082636231     0.0012152641
13 C     0.0016597076     0.0080785871     0.0022237098
14 C    -0.0058193863     0.0041480599     0.0014197890
15 C    -0.0066666171     0.0043804160     0.0007459547
16 C    -0.0033165648     0.0012739547     0.0004352569
17 C    -0.0033784328    -0.0097021341     0.0083219646
18 O    -0.0030179276    -0.0012889508     0.0046223990
19 C    -0.0053010734     0.0022137679     0.0093099925
20 C     0.0023619999    -0.0012854447     0.0017012165
21 C     0.0046870651    -0.0048209694    -0.0000297693
22 C     0.0023503195    -0.0024498894    -0.0007538348
23 C     0.0017631298    -0.0015829603    -0.0058687764
24 C    -0.0005212794     0.0010037198     0.0005265671
25 C    -0.0016922202    -0.0013193502     0.0021109456
26 H     0.0008575579    -0.0032415306     0.0032501704
27 H     0.0032141020     0.0005886532     0.0039384513
28 H    -0.0025022373     0.0026010417     0.0022968313
29 H     0.0028408618    -0.0046652537    -0.0018859693
30 H     0.0042709609    -0.0003550572    -0.0013014637
31 H     0.0005338755    -0.0001962315    -0.0037147529
32 H    -0.0046174578     0.0002811022     0.0042483714
33 H     0.0079054487     0.0011837719    -0.0084881227
34 H     0.0028169727    -0.0024750200    -0.0125050147
35 H     0.0059648766     0.0060042580     0.0022448333
36 H     0.0003039721     0.0057669665    -0.0039615396
37 H    -0.0013975598     0.0068127963    -0.0024804640
38 H    -0.0086381945     0.0047657299     0.0022309199
39 H    -0.0046201387    -0.0035376169     0.0039811689
40 H    -0.0002545206     0.0005254867     0.0073398168
41 H     0.0055072532    -0.0060370744     0.0044041392
42 H     0.0047093057    -0.0052570857    -0.0036682180
43 H     0.0001342809    -0.0010539208    -0.0096363225
44 H    -0.0060157202     0.0064882682    -0.0073060278
45 H     0.0103729594    -0.0041917358    -0.0036075386
----------------------------------------------
[2026-07-08 16:53:13]   [OPT] [REP_00373] eval=004 E=-1935.3442924051 Ha max|grad|=1.788e-02 Ha/Bohr SCF=True time=144.6s

WARN: Mole.unit (Angstrom) is changed to Bohr

converged SCF energy = -1935.34802000814
--------------- DFTD3 gradients ---------------
         x                y                z
0 C     0.0011501429    -0.0002962998     0.0032114550
1 C     0.0006596010     0.0011564293     0.0002319491
2 C     0.0026995439    -0.0021908116    -0.0015982071
3 C     0.0012565212     0.0007881889     0.0005226248
4 C    -0.0066359353    -0.0062753389    -0.0044021454
5 C    -0.0079120591    -0.0054600005    -0.0037543073
6 Cl    -0.0015663856    -0.0016696432    -0.0036425715
7 Cl     0.0005492882     0.0001629995     0.0011657125
8 C     0.0021585252     0.0097346081     0.0019829264
9 C    -0.0024139732    -0.0122132965     0.0041026088
10 O    -0.0028068401     0.0086043853     0.0067275364
11 O     0.0087740586     0.0174213359    -0.0098625369
12 C     0.0024734216    -0.0006267213    -0.0023296245
13 C    -0.0007631109    -0.0005214954     0.0057507759
14 C    -0.0038901367     0.0053171477     0.0003227108
15 C    -0.0055655280     0.0028580672     0.0007770156
16 C    -0.0042850110    -0.0007500943     0.0018723192
17 C    -0.0020349621    -0.0016793537     0.0051287057
18 O    -0.0015243919    -0.0015258166     0.0022753982
19 C    -0.0030093942    -0.0020118081     0.0039887687
20 C     0.0017782712    -0.0007116328     0.0034742989
21 C     0.0035656328    -0.0033094222     0.0002810568
22 C     0.0031385589    -0.0034351036    -0.0021068956
23 C     0.0000444296     0.0004722939    -0.0027223339
24 C    -0.0013190831     0.0016660308     0.0019451191
25 C    -0.0021125459    -0.0019180882     0.0030019828
26 H     0.0006384222    -0.0012832333     0.0035578047
27 H     0.0021017753    -0.0001290774     0.0041432018
28 H    -0.0006580831     0.0016611076     0.0015094190
29 H     0.0031872151    -0.0035511795    -0.0022538544
30 H     0.0035151877    -0.0011070730    -0.0019639274
31 H     0.0013288113    -0.0010758607    -0.0018702094
32 H    -0.0020505864     0.0007436114     0.0017032293
33 H     0.0031877545     0.0001021998    -0.0034822325
34 H     0.0018655242    -0.0025898472    -0.0092128533
35 H     0.0025398792     0.0034347042    -0.0007353269
36 H     0.0033469288    -0.0001277259    -0.0004904840
37 H    -0.0013372300     0.0043476447    -0.0013406769
38 H    -0.0070618246     0.0038415820     0.0017327698
39 H    -0.0022100591    -0.0010305651     0.0016960297
40 H     0.0002263833    -0.0002062422     0.0030115434
41 H     0.0040645273    -0.0044770025     0.0026746337
42 H     0.0026258364    -0.0029575718    -0.0020092562
43 H     0.0003071018    -0.0010374258    -0.0069202769
44 H    -0.0026378077     0.0029418242    -0.0041696738
45 H     0.0046024373    -0.0011786675    -0.0020964421
----------------------------------------------
[2026-07-08 16:55:38]   [OPT] [REP_00373] eval=005 E=-1935.3480200081 Ha max|grad|=1.742e-02 Ha/Bohr SCF=True time=144.3s

WARN: Mole.unit (Angstrom) is changed to Bohr

[2026-07-08 16:55:38]   [OPT] [REP_00373] done: success=False nit=3 neval=5 max|grad|=1.742e-02 message=STOP: TOTAL NO. OF ITERATIONS REACHED LIMIT
[2026-07-08 16:55:38]   [WARN] [REP_00373] Optimization did not fully converge; using last geometry
[2026-07-08 16:55:38]   [DFT] [REP_00373] final single-point start
converged SCF energy = -1935.34802000814
[2026-07-08 16:57:36]   [DFT] [REP_00373] final SCF done: E=-1935.3480200081 Ha converged=True time=118.2s
[2026-07-08 16:57:36]   [DFT] [REP_00373] descriptors: HOMO=-3.9243 eV LUMO=1.5850 eV gap=5.5093 eV opt_status=opt_not_converged: STOP: TOTAL NO. OF ITERATIONS REACHED LIMIT
[2026-07-08 16:57:36] END compound_id=REP_00373
