[2026-07-07 12:28:09] ========================================================================
[2026-07-07 12:28:09] BEGIN compound_id=REP_00125 molecule_index=125/732 method=DFT-b3lyp/sto-3g-D3
[2026-07-07 12:28:09] settings functional=b3lyp basis=sto-3g D3=True geom_max_steps=3 scf_max_cycles=50
[2026-07-07 12:28:09]   [xTB] [REP_00125] start: atoms=27 charge=0 multiplicity=1 opt=tight solvent=gas
[2026-07-07 12:28:12]   [OK] [REP_00125] GFN2-xTB converged; RMSD(MMFF,xTB)=0.1065 A
[2026-07-07 12:28:12]   [DFT] build PySCF molecule: atoms=27 charge=0 spin=0
[2026-07-07 12:28:12]   [DFT] [REP_00125] start
[2026-07-07 12:28:12]   [OPT] [REP_00125] start: atoms=27, basis=sto-3g, D3=True, maxiter=3

WARN: Mole.unit (Angstrom) is changed to Bohr

converged SCF energy = -550.197102529986
--------------- DFTD3 gradients ---------------
         x                y                z
0 C     0.0050465386     0.0064541113     0.0029498208
1 C     0.0042723249    -0.0081227011     0.0020598589
2 C    -0.0036838000     0.0083702870    -0.0008053918
3 C     0.0057762103    -0.0092672824     0.0008201333
4 C     0.0043124108    -0.0100674561    -0.0129617659
5 N     0.0196531612    -0.0154513361    -0.0189315781
6 C    -0.0236622202     0.0093355067     0.0247432045
7 O     0.0441395445     0.0571073624    -0.0686539353
8 C    -0.0159768232     0.0146086475     0.0144586536
9 C    -0.0169521738     0.0121606182     0.0155441761
10 C    -0.0189665674     0.0263764180     0.0144413057
11 O     0.0027700101    -0.0967637991     0.0239684715
12 H     0.0092328262    -0.0015514473     0.0046733074
13 H     0.0024022147     0.0063520127    -0.0076557343
14 H    -0.0049427996     0.0059244147     0.0064453263
15 H     0.0048429691    -0.0058346435    -0.0047511621
16 H    -0.0010450295    -0.0058840284     0.0064675037
17 H     0.0010060144     0.0056020168    -0.0068241970
18 H    -0.0053553672     0.0046814435     0.0038619756
19 H    -0.0017916544    -0.0057326889     0.0067148346
20 H     0.0056046568    -0.0061605940    -0.0046267481
21 H     0.0016772088     0.0059728265    -0.0096188118
22 H    -0.0041066831    -0.0096610466    -0.0052269804
23 H    -0.0087424008     0.0036926657    -0.0031171786
24 H     0.0027873461     0.0064005103     0.0070233363
25 H    -0.0099491505    -0.0006710840    -0.0005596914
26 H     0.0015388718     0.0021923101     0.0095628618
----------------------------------------------
[2026-07-07 12:29:21]   [OPT] [REP_00125] eval=001 E=-550.1971025300 Ha max|grad|=9.676e-02 Ha/Bohr SCF=True time=69.2s

WARN: Mole.unit (Angstrom) is changed to Bohr

converged SCF energy = -549.996088187936
--------------- DFTD3 gradients ---------------
         x                y                z
0 C     0.0013394251    -0.0051692522    -0.0005718640
1 C    -0.0032460401     0.0212844045    -0.0006124944
2 C     0.0120245121    -0.0192577106    -0.0012193900
3 C    -0.0021743402     0.0062078725    -0.0045947418
4 C     0.0357160618    -0.0212136474    -0.0296373929
5 N    -0.1313951678     0.1001613840     0.1131774481
6 C     0.1639576358     0.0759333462    -0.2135667224
7 O    -0.0952979075    -0.0986101081     0.1412339460
8 C    -0.0016816966    -0.0004927503     0.0010285015
9 C    -0.0000429263     0.0018495825     0.0000202457
10 C     0.0715454995    -0.2687950470    -0.0060108009
11 O    -0.0171607873     0.1935689970    -0.0332402651
12 H    -0.0035413749     0.0070072014    -0.0015690754
13 H    -0.0003708920    -0.0041501983     0.0097390753
14 H     0.0071375489    -0.0033833231    -0.0054045775
15 H    -0.0006612898    -0.0018070612     0.0021824552
16 H     0.0016609006    -0.0019697010    -0.0015592971
17 H    -0.0021457970     0.0005859353     0.0033469796
18 H    -0.0022175730     0.0021020795    -0.0007525814
19 H     0.0011503470    -0.0005777410    -0.0046012666
20 H     0.0072322382    -0.0046963187     0.0021341483
21 H     0.0027602493    -0.0070816095    -0.0022724421
22 H     0.0003419866    -0.0086869762    -0.0091128973
23 H    -0.0153012021     0.0124983918     0.0026033171
24 H    -0.0041656169     0.0156802382     0.0130203246
25 H    -0.0183656746     0.0030199133     0.0078980643
26 H    -0.0071299288     0.0059011687     0.0182847650
----------------------------------------------
[2026-07-07 12:31:06]   [OPT] [REP_00125] eval=002 E=-549.9960881879 Ha max|grad|=2.688e-01 Ha/Bohr SCF=True time=105.3s

WARN: Mole.unit (Angstrom) is changed to Bohr

converged SCF energy = -550.207645167884
--------------- DFTD3 gradients ---------------
         x                y                z
0 C     0.0044021185     0.0045093215     0.0023393037
1 C     0.0030048867    -0.0031069444     0.0016039355
2 C    -0.0010110665     0.0037811079    -0.0008202922
3 C     0.0043749230    -0.0066113756    -0.0000459588
4 C     0.0090577672    -0.0114472764    -0.0150302325
5 N    -0.0055200292     0.0033434362     0.0028777468
6 C     0.0341779353     0.0547689269    -0.0564867114
7 O    -0.0073031084    -0.0055128527     0.0105107673
8 C    -0.0119665728     0.0121314718     0.0103527555
9 C    -0.0131053597     0.0082679011     0.0124128497
10 C    -0.0020109598    -0.0814649172     0.0249948124
11 O    -0.0023147367     0.0142324897    -0.0007068530
12 H     0.0070883769    -0.0001498685     0.0036229411
13 H     0.0019016085     0.0045460978    -0.0047520837
14 H    -0.0029534498     0.0043294715     0.0044437339
15 H     0.0039345056    -0.0051617517    -0.0036325289
16 H    -0.0006167312    -0.0052335341     0.0051610712
17 H     0.0005017830     0.0047593176    -0.0051574031
18 H    -0.0048375966     0.0042524263     0.0031124117
19 H    -0.0013399257    -0.0048531069     0.0048613822
20 H     0.0058576461    -0.0059062919    -0.0035307918
21 H     0.0017341007     0.0040073987    -0.0082530731
22 H    -0.0034749797    -0.0094656883    -0.0057722802
23 H    -0.0099614722     0.0051500909    -0.0021536839
24 H     0.0016281367     0.0079623643     0.0081358944
25 H    -0.0114502701     0.0000022280     0.0008180178
26 H     0.0001168440     0.0029008767     0.0110907449
----------------------------------------------
[2026-07-07 12:32:24]   [OPT] [REP_00125] eval=003 E=-550.2076451679 Ha max|grad|=8.146e-02 Ha/Bohr SCF=True time=77.5s

WARN: Mole.unit (Angstrom) is changed to Bohr

converged SCF energy = -550.214357028497
--------------- DFTD3 gradients ---------------
         x                y                z
0 C     0.0039223880     0.0035977151     0.0020383045
1 C     0.0026540181    -0.0012789365     0.0014193538
2 C    -0.0001387695     0.0020424716    -0.0006600998
3 C     0.0037498803    -0.0056746854    -0.0009849036
4 C     0.0060801619    -0.0082327503    -0.0113817370
5 N    -0.0103957565     0.0069320905     0.0069057339
6 C     0.0215776908     0.0290267848    -0.0341603889
7 O    -0.0016347011     0.0022451038     0.0014920528
8 C    -0.0052257998     0.0092810122     0.0033749524
9 C    -0.0074674714     0.0011082331     0.0081211749
10 C     0.0012642758    -0.0480826859     0.0118911333
11 O    -0.0021555187     0.0016913736     0.0025202595
12 H     0.0058507265     0.0006461678     0.0030119820
13 H     0.0016483890     0.0035131059    -0.0030483660
14 H    -0.0017145837     0.0033810003     0.0032440673
15 H     0.0031412668    -0.0044107137    -0.0026339488
16 H    -0.0002740123    -0.0044807370     0.0040068642
17 H     0.0002208297     0.0040212775    -0.0039645079
18 H    -0.0041440092     0.0035261900     0.0022456360
19 H    -0.0008680642    -0.0041777637     0.0035225967
20 H     0.0060692090    -0.0056449338    -0.0024976767
21 H     0.0021193208     0.0024236354    -0.0078896187
22 H    -0.0026503307    -0.0091475398    -0.0063766586
23 H    -0.0100837419     0.0055701421    -0.0012007117
24 H     0.0006580062     0.0081694988     0.0082906848
25 H    -0.0114778247     0.0006515989     0.0015995333
26 H    -0.0008084860     0.0033265563     0.0111095086
----------------------------------------------
[2026-07-07 12:33:43]   [OPT] [REP_00125] eval=004 E=-550.2143570285 Ha max|grad|=4.808e-02 Ha/Bohr SCF=True time=79.1s

WARN: Mole.unit (Angstrom) is changed to Bohr

converged SCF energy = -550.221712558841
--------------- DFTD3 gradients ---------------
         x                y                z
0 C     0.0024097314     0.0014398688     0.0012665631
1 C     0.0021547655     0.0010536715     0.0010822787
2 C     0.0009620104    -0.0005703101    -0.0002136613
3 C     0.0009130040    -0.0027415900    -0.0020132407
4 C    -0.0054543562     0.0015265637     0.0002966918
5 N    -0.0018840206    -0.0005469906    -0.0012081148
6 C    -0.0010994855    -0.0028074958     0.0014010198
7 O     0.0036911107     0.0066791073    -0.0060613442
8 C     0.0045042016     0.0038846350    -0.0062378667
9 C     0.0012635414    -0.0083642643     0.0010445314
10 C     0.0004347027     0.0032830216    -0.0018989580
11 O    -0.0006496417    -0.0089661532     0.0037668334
12 H     0.0027204643     0.0025965407     0.0014621225
13 H     0.0011309463     0.0010207124     0.0011880303
14 H     0.0015026357     0.0010342204     0.0002684432
15 H     0.0007098756    -0.0017452491     0.0005436176
16 H     0.0008309193    -0.0017433175     0.0003215341
17 H    -0.0005290232     0.0016067506    -0.0003722387
18 H    -0.0015484447     0.0006980538    -0.0008132473
19 H     0.0005288670    -0.0021695212    -0.0006153116
20 H     0.0059187908    -0.0046673888     0.0000761730
21 H     0.0021646087    -0.0016667604    -0.0054935916
22 H    -0.0002782327    -0.0056015981    -0.0064951302
23 H    -0.0069455022     0.0049774045     0.0020608610
24 H    -0.0025646109     0.0059863267     0.0058477043
25 H    -0.0075999487     0.0023753344     0.0034811908
26 H    -0.0033649454     0.0034423073     0.0073062052
----------------------------------------------
[2026-07-07 12:34:50]   [OPT] [REP_00125] eval=005 E=-550.2217125588 Ha max|grad|=8.966e-03 Ha/Bohr SCF=True time=67.3s

WARN: Mole.unit (Angstrom) is changed to Bohr

[2026-07-07 12:34:50]   [OPT] [REP_00125] done: success=False nit=3 neval=5 max|grad|=8.966e-03 message=STOP: TOTAL NO. OF ITERATIONS REACHED LIMIT
[2026-07-07 12:34:50]   [WARN] [REP_00125] Optimization did not fully converge; using last geometry
[2026-07-07 12:34:50]   [DFT] [REP_00125] final single-point start
converged SCF energy = -550.221712558841
[2026-07-07 12:35:41]   [DFT] [REP_00125] final SCF done: E=-550.2217125588 Ha converged=True time=50.8s
[2026-07-07 12:35:41]   [DFT] [REP_00125] descriptors: HOMO=-3.8071 eV LUMO=2.1681 eV gap=5.9752 eV opt_status=opt_not_converged: STOP: TOTAL NO. OF ITERATIONS REACHED LIMIT
[2026-07-07 12:35:41] END compound_id=REP_00125
