[2026-07-07 19:13:57] ========================================================================
[2026-07-07 19:13:57] BEGIN compound_id=REP_00179 molecule_index=179/732 method=DFT-b3lyp/sto-3g-D3
[2026-07-07 19:13:57] settings functional=b3lyp basis=sto-3g D3=True geom_max_steps=3 scf_max_cycles=50
[2026-07-07 19:13:57]   [xTB] [REP_00179] start: atoms=34 charge=0 multiplicity=1 opt=tight solvent=gas
[2026-07-07 19:14:03]   [OK] [REP_00179] GFN2-xTB converged; RMSD(MMFF,xTB)=0.3463 A
[2026-07-07 19:14:03]   [DFT] build PySCF molecule: atoms=34 charge=0 spin=0
[2026-07-07 19:14:03]   [DFT] [REP_00179] start
[2026-07-07 19:14:03]   [OPT] [REP_00179] start: atoms=34, basis=sto-3g, D3=True, maxiter=3

WARN: Mole.unit (Angstrom) is changed to Bohr

converged SCF energy = -537.998535909555
--------------- DFTD3 gradients ---------------
         x                y                z
0 C    -0.0006021134    -0.0068073878    -0.0078335480
1 C     0.0012626235     0.0076258525    -0.0045906265
2 C    -0.0087631547     0.0034114365     0.0043213484
3 C    -0.0051740447    -0.0056745370     0.0121148140
4 C    -0.0117751974    -0.0107486829    -0.0169222412
5 O     0.0835235395     0.0121916318     0.0381798388
6 C    -0.0031457013    -0.0130503912    -0.0002387520
7 C    -0.0162034251    -0.0062451433     0.0049842659
8 O     0.0615042581     0.0140798416     0.0507127078
9 C     0.0009852681     0.0060023488    -0.0018725963
10 C    -0.0010141398    -0.0048658592    -0.0093084579
11 C     0.0089734246    -0.0019198994     0.0041843183
12 H    -0.0025723703    -0.0082955277     0.0047631412
13 H    -0.0073466955     0.0013595850    -0.0067018493
14 H     0.0085899217    -0.0023990685    -0.0053255364
15 H     0.0021260141     0.0059636149    -0.0036184012
16 H     0.0009604443     0.0077690216     0.0061082272
17 H    -0.0082919912     0.0015671471    -0.0058241843
18 H    -0.0029205911    -0.0074923157     0.0060480459
19 H    -0.0000611672     0.0038252862     0.0074933763
20 H    -0.0019736623    -0.0075580941     0.0046722227
21 H    -0.0022724932    -0.0100806109    -0.0101578185
22 H    -0.0550649661     0.0221884962    -0.0269053030
23 H    -0.0028429007    -0.0074357144    -0.0005686205
24 H    -0.0133971061    -0.0065101061     0.0052744662
25 H     0.0054948505    -0.0098679518     0.0072574349
26 H    -0.0385518399     0.0232872773    -0.0523036050
27 H     0.0007441133     0.0085009470    -0.0033858440
28 H    -0.0012104179    -0.0089014970     0.0027515585
29 H     0.0083698009    -0.0006146951    -0.0056872934
30 H    -0.0081561893     0.0021039625    -0.0058465596
31 H     0.0083209645    -0.0011444955    -0.0051089465
32 H    -0.0004786657    -0.0081059965     0.0048439284
33 H     0.0009096021     0.0078944920     0.0085295116
----------------------------------------------
[2026-07-07 19:15:11]   [OPT] [REP_00179] eval=001 E=-537.9985359096 Ha max|grad|=8.352e-02 Ha/Bohr SCF=True time=68.3s

WARN: Mole.unit (Angstrom) is changed to Bohr

converged SCF energy = -537.871158077146
--------------- DFTD3 gradients ---------------
         x                y                z
0 C    -0.0010748782     0.0053007669     0.0059715103
1 C    -0.0210341098    -0.0264147422     0.0173316747
2 C     0.0020026187    -0.0015679575    -0.0050791080
3 C     0.0025415603     0.0282556249    -0.0297707741
4 C     0.0695312213     0.0228852774     0.0732864068
5 O    -0.1484147275     0.0064731683    -0.0793683677
6 C    -0.0073025800     0.0238965377    -0.0099164368
7 C     0.0841571581     0.0170627293     0.0400129149
8 O    -0.1087860919     0.0018248196    -0.1087082142
9 C     0.0074441618    -0.0217547747    -0.0015126093
10 C     0.0051813276     0.0015803687     0.0059840520
11 C    -0.0039484434     0.0058213969     0.0023297325
12 H     0.0029289333     0.0076254145    -0.0080365664
13 H     0.0048520882    -0.0052252800     0.0005240785
14 H    -0.0054855409    -0.0023637280    -0.0007929938
15 H     0.0054386149     0.0097428566    -0.0041375298
16 H    -0.0049760261    -0.0037231741    -0.0014879782
17 H    -0.0001657629     0.0006950345     0.0070202978
18 H     0.0004386536     0.0096335200    -0.0055055304
19 H     0.0015971529    -0.0029603119     0.0041058055
20 H    -0.0029749444    -0.0089934498     0.0062299798
21 H    -0.0042205251     0.0029548814    -0.0258961219
22 H     0.1046142634    -0.0213216336     0.0526365428
23 H    -0.0011769758    -0.0238833841     0.0019704797
24 H    -0.0099792366     0.0043613337     0.0058882482
25 H    -0.0279140189     0.0001258200    -0.0109310645
26 H     0.0565608703    -0.0328136966     0.0789826155
27 H    -0.0017901976     0.0015898216     0.0010166243
28 H     0.0010720752     0.0088903562    -0.0068252138
29 H    -0.0071091276    -0.0030549484    -0.0010847414
30 H     0.0031589359    -0.0037217243    -0.0014365429
31 H     0.0004758973    -0.0007917271     0.0052086949
32 H     0.0039747487     0.0075438696    -0.0028298527
33 H     0.0003188292    -0.0076501217    -0.0051863760
----------------------------------------------
[2026-07-07 19:16:38]   [OPT] [REP_00179] eval=002 E=-537.8711580771 Ha max|grad|=1.484e-01 Ha/Bohr SCF=True time=86.8s

WARN: Mole.unit (Angstrom) is changed to Bohr

converged SCF energy = -538.014110962421
--------------- DFTD3 gradients ---------------
         x                y                z
0 C    -0.0007097915    -0.0040780096    -0.0046131879
1 C    -0.0037225375     0.0002141753     0.0000868483
2 C    -0.0063338129     0.0021857228     0.0022040498
3 C    -0.0032283494     0.0023098286     0.0025432468
4 C     0.0077548409    -0.0034790537     0.0025416873
5 O    -0.0109443693     0.0339351485    -0.0090011871
6 C    -0.0045295739    -0.0044014688    -0.0027527484
7 C     0.0076442347     0.0003887183     0.0137901802
8 O     0.0030428708     0.0315311102    -0.0190655625
9 C     0.0025472497    -0.0001186902    -0.0019461690
10 C     0.0003732394    -0.0034144753    -0.0058202744
11 C     0.0060703430    -0.0001642452     0.0037907617
12 H    -0.0013371265    -0.0046731095     0.0019502746
13 H    -0.0046575596    -0.0000702848    -0.0050787822
14 H     0.0055065830    -0.0023682454    -0.0042992697
15 H     0.0027231599     0.0065940765    -0.0036648608
16 H    -0.0003157316     0.0052259611     0.0044223377
17 H    -0.0064708146     0.0013615220    -0.0030006890
18 H    -0.0021058064    -0.0036762473     0.0034265111
19 H     0.0002791742     0.0024100974     0.0067990810
20 H    -0.0021708254    -0.0078220659     0.0049753796
21 H    -0.0031416580    -0.0064459082    -0.0131085943
22 H     0.0225079300    -0.0124686198     0.0128317029
23 H    -0.0022908900    -0.0108510018     0.0002091140
24 H    -0.0122555792    -0.0033579886     0.0050447079
25 H    -0.0024814045    -0.0074310634     0.0028072111
26 H     0.0015599243    -0.0117417131     0.0104811277
27 H     0.0001911701     0.0069590565    -0.0024073795
28 H    -0.0006902913    -0.0048909870     0.0006841085
29 H     0.0049569107    -0.0011347664    -0.0046180299
30 H    -0.0056761447     0.0008401448    -0.0048485670
31 H     0.0065750047    -0.0010476612    -0.0028320012
32 H     0.0004578620    -0.0046174352     0.0031256990
33 H     0.0007883098     0.0043282750     0.0053616166
----------------------------------------------
[2026-07-07 19:17:54]   [OPT] [REP_00179] eval=003 E=-538.0141109624 Ha max|grad|=3.394e-02 Ha/Bohr SCF=True time=75.5s

WARN: Mole.unit (Angstrom) is changed to Bohr

converged SCF energy = -538.018038712952
--------------- DFTD3 gradients ---------------
         x                y                z
0 C    -0.0007711608    -0.0031745236    -0.0035199228
1 C    -0.0034529615     0.0012519099    -0.0012163569
2 C    -0.0055349440     0.0016841475     0.0019960533
3 C    -0.0009169787     0.0001317388     0.0022854569
4 C     0.0061598476     0.0063974860    -0.0015245324
5 O    -0.0044039508     0.0123269322    -0.0032178251
6 C    -0.0000972291    -0.0025026549     0.0019168612
7 C     0.0054106589     0.0086293261     0.0081233018
8 O    -0.0003682152     0.0135722629    -0.0115513993
9 C     0.0026010101    -0.0002439543    -0.0021426993
10 C     0.0005327964    -0.0026425397    -0.0048307219
11 C     0.0047655039    -0.0002621845     0.0026517704
12 H    -0.0007821718    -0.0031044441     0.0004471740
13 H    -0.0030416434    -0.0008644038    -0.0039933335
14 H     0.0034101083    -0.0020476734    -0.0032854084
15 H     0.0017427680     0.0039696159    -0.0019167926
16 H    -0.0009972444     0.0034687205     0.0031597669
17 H    -0.0054523436     0.0012256673    -0.0015062174
18 H    -0.0019490839    -0.0016880441     0.0021928790
19 H     0.0001608979     0.0015674842     0.0056794512
20 H    -0.0019789099    -0.0040571515     0.0036900388
21 H    -0.0023536884    -0.0030400643    -0.0076118559
22 H     0.0119764100    -0.0054406040     0.0073235968
23 H    -0.0017841009    -0.0089373071    -0.0000769065
24 H    -0.0063206751    -0.0022638432     0.0036662538
25 H    -0.0009005841    -0.0066028447     0.0040291140
26 H    -0.0019182940    -0.0065163399     0.0037147296
27 H    -0.0001447884     0.0043901924    -0.0014001460
28 H    -0.0003904893    -0.0031048806    -0.0003966625
29 H     0.0032038991    -0.0014687093    -0.0040944884
30 H    -0.0036576611     0.0000564248    -0.0036859753
31 H     0.0051987818    -0.0008865112    -0.0011366243
32 H     0.0010816172    -0.0026029876     0.0022762113
33 H     0.0008908083     0.0028035352     0.0039766426
----------------------------------------------
[2026-07-07 19:19:10]   [OPT] [REP_00179] eval=004 E=-538.0180387130 Ha max|grad|=1.357e-02 Ha/Bohr SCF=True time=76.4s

WARN: Mole.unit (Angstrom) is changed to Bohr

converged SCF energy = -538.020851518841
--------------- DFTD3 gradients ---------------
         x                y                z
0 C    -0.0005541045    -0.0001777983    -0.0018700995
1 C    -0.0016582071    -0.0002083552     0.0002851241
2 C    -0.0027831546     0.0014443118    -0.0000885468
3 C     0.0012100773     0.0026009564    -0.0000461306
4 C     0.0008390880     0.0003543921    -0.0016190200
5 O     0.0052044042    -0.0042773742     0.0027592712
6 C     0.0026134970     0.0010262624     0.0023183644
7 C     0.0011987572     0.0002989944     0.0041345233
8 O    -0.0007568166    -0.0009666069    -0.0015508216
9 C     0.0024276566    -0.0009631818    -0.0001719636
10 C     0.0004499045    -0.0006348431    -0.0023548156
11 C     0.0025219193     0.0002854299    -0.0001103923
12 H    -0.0000202688    -0.0008313103    -0.0017159563
13 H    -0.0003368528    -0.0023786488    -0.0022463976
14 H    -0.0004429957    -0.0013511779    -0.0013228858
15 H     0.0001275860     0.0008525150     0.0000412666
16 H    -0.0022914287     0.0005183643     0.0010388240
17 H    -0.0038217591     0.0010110178     0.0012992108
18 H    -0.0018985345     0.0010093035     0.0005499293
19 H    -0.0000941836    -0.0011499736     0.0023096417
20 H    -0.0007497273     0.0004611581     0.0014824359
21 H    -0.0006286922     0.0030041720     0.0008162691
22 H    -0.0005066003     0.0034755400     0.0006517649
23 H    -0.0001195851    -0.0014266534    -0.0000722695
24 H     0.0023839360     0.0006082282     0.0014830632
25 H    -0.0024288083     0.0008538461     0.0020279487
26 H    -0.0061930239     0.0003651613    -0.0048921661
27 H    -0.0003531222     0.0000956067     0.0000510177
28 H     0.0001375873    -0.0003601641    -0.0021968439
29 H     0.0003286035    -0.0020399772    -0.0033276876
30 H    -0.0000720161    -0.0012620858    -0.0016709709
31 H     0.0030553652    -0.0006151889     0.0019004763
32 H     0.0020619960     0.0005106285     0.0009443782
33 H     0.0010700194    -0.0001211470     0.0011886759
----------------------------------------------
[2026-07-07 19:20:37]   [OPT] [REP_00179] eval=005 E=-538.0208515188 Ha max|grad|=6.193e-03 Ha/Bohr SCF=True time=87.5s

WARN: Mole.unit (Angstrom) is changed to Bohr

[2026-07-07 19:20:37]   [OPT] [REP_00179] done: success=False nit=3 neval=5 max|grad|=6.193e-03 message=STOP: TOTAL NO. OF ITERATIONS REACHED LIMIT
[2026-07-07 19:20:37]   [WARN] [REP_00179] Optimization did not fully converge; using last geometry
[2026-07-07 19:20:37]   [DFT] [REP_00179] final single-point start
converged SCF energy = -538.020851518841
[2026-07-07 19:21:40]   [DFT] [REP_00179] final SCF done: E=-538.0208515188 Ha converged=True time=62.5s
[2026-07-07 19:21:40]   [DFT] [REP_00179] descriptors: HOMO=-3.0363 eV LUMO=6.9901 eV gap=10.0264 eV opt_status=opt_not_converged: STOP: TOTAL NO. OF ITERATIONS REACHED LIMIT
[2026-07-07 19:21:40] END compound_id=REP_00179
