[2026-07-08 15:21:48] ========================================================================
[2026-07-08 15:21:48] BEGIN compound_id=REP_00358 molecule_index=358/732 method=DFT-b3lyp/sto-3g-D3
[2026-07-08 15:21:48] settings functional=b3lyp basis=sto-3g D3=True geom_max_steps=3 scf_max_cycles=50
[2026-07-08 15:21:48]   [xTB] [REP_00358] start: atoms=39 charge=0 multiplicity=1 opt=tight solvent=gas
[2026-07-08 15:21:52]   [OK] [REP_00358] GFN2-xTB converged; RMSD(MMFF,xTB)=0.1675 A
[2026-07-08 15:21:52]   [DFT] build PySCF molecule: atoms=39 charge=0 spin=0
[2026-07-08 15:21:52]   [DFT] [REP_00358] start
[2026-07-08 15:21:52]   [OPT] [REP_00358] start: atoms=39, basis=sto-3g, D3=True, maxiter=3

WARN: Mole.unit (Angstrom) is changed to Bohr

converged SCF energy = -579.022426878748
--------------- DFTD3 gradients ---------------
         x                y                z
0 C    -0.0013052556     0.0076103554    -0.0009849042
1 C    -0.0025051177     0.0085684955     0.0030129997
2 C     0.0130184845     0.0028779791    -0.0056872467
3 C    -0.0024622586     0.0047952379     0.0070990750
4 C     0.0056063484    -0.0007856906    -0.0111813677
5 C     0.0081997659    -0.0062113512    -0.0027971720
6 C     0.0054204816     0.0085324529    -0.0029590409
7 C     0.0004308856    -0.0028697313     0.0099109803
8 C     0.0069118889    -0.0102251656     0.0019852874
9 C     0.0028426713    -0.0066497107    -0.0112124562
10 C    -0.0064067118    -0.0025614715    -0.0049082446
11 C    -0.0041460448    -0.0034427468     0.0103860092
12 C    -0.0006585471    -0.0023656919    -0.0111134627
13 C    -0.0130927955    -0.0004273244     0.0005604116
14 C    -0.0091247907     0.0003016315     0.0120579550
15 H     0.0104430817     0.0082254151    -0.0072444891
16 H    -0.0133439235     0.0065534991     0.0034301753
17 H     0.0064286421     0.0034290699    -0.0106834233
18 H    -0.0079641576    -0.0051223230     0.0107846125
19 H     0.0009993527     0.0018776748    -0.0064654211
20 H     0.0043387525    -0.0052013256    -0.0027158708
21 H     0.0085349783     0.0020727867     0.0045779853
22 H     0.0012883593     0.0014236104    -0.0096734165
23 H    -0.0058279658     0.0074106233     0.0025101719
24 H    -0.0058484985     0.0063046173     0.0042667408
25 H     0.0083508413     0.0009004279     0.0046158746
26 H    -0.0046719618    -0.0085306200     0.0029726119
27 H     0.0064890956    -0.0048002658    -0.0018688079
28 H     0.0000171716    -0.0029290656     0.0086497713
29 H    -0.0005133479    -0.0087183848    -0.0016930764
30 H     0.0010315073     0.0024504273    -0.0082319107
31 H    -0.0095900706     0.0017712072     0.0027380558
32 H     0.0007013787    -0.0095997306     0.0001600474
33 H     0.0053049530     0.0022699761     0.0090470846
34 H     0.0061928675     0.0043032588    -0.0103184171
35 H    -0.0067928981    -0.0048850213     0.0039486942
36 H    -0.0054723134     0.0044297608    -0.0056328009
37 H     0.0030100589    -0.0052933349     0.0081722095
38 H    -0.0058727083     0.0044956657     0.0044083244
----------------------------------------------
[2026-07-08 15:23:23]   [OPT] [REP_00358] eval=001 E=-579.0224268787 Ha max|grad|=1.334e-02 Ha/Bohr SCF=True time=91.6s

WARN: Mole.unit (Angstrom) is changed to Bohr

converged SCF energy = -578.960037822925
--------------- DFTD3 gradients ---------------
         x                y                z
0 C    -0.0125805263     0.0472566093    -0.0064992836
1 C     0.0257707197    -0.0439350085    -0.0041699719
2 C    -0.0793476519     0.0375436267     0.0357846027
3 C     0.0458846690    -0.0538706602    -0.0161289923
4 C    -0.0262265356    -0.0256461524     0.0997685747
5 C    -0.0324528267     0.0614841426     0.0209476097
6 C    -0.0076724442    -0.0237994120     0.0116461303
7 C    -0.0014753393     0.0095441206    -0.0301740932
8 C    -0.0370939889     0.0386588002    -0.0190316999
9 C    -0.0133934263     0.0011428765     0.0543070700
10 C     0.0345888996    -0.0305289113     0.0085202268
11 C     0.0085568493    -0.0010137129    -0.0360010900
12 C    -0.0359456335     0.0322287540     0.0204700912
13 C     0.0519860684     0.0093153613    -0.0177457855
14 C     0.0497782431    -0.0136453926    -0.0465810976
15 H    -0.0394383163    -0.0189721484     0.0196650235
16 H     0.0422077999    -0.0089237857    -0.0139268498
17 H     0.0064077784    -0.0052253734    -0.0001184866
18 H     0.0141121701     0.0212346125    -0.0323568282
19 H     0.0030752714     0.0069838847    -0.0328503433
20 H     0.0229431177    -0.0160988050    -0.0052846115
21 H    -0.0171709336     0.0085404345    -0.0172711591
22 H     0.0023917168     0.0078465417     0.0237024896
23 H     0.0267766401    -0.0223964333    -0.0126139706
24 H     0.0226379956    -0.0295491828    -0.0085586360
25 H    -0.0238276247    -0.0053600102     0.0013950139
26 H     0.0116911813     0.0211034138     0.0047509703
27 H     0.0143566407    -0.0172392255     0.0021780155
28 H     0.0085022059     0.0020633473    -0.0247341958
29 H     0.0008623213     0.0035685944    -0.0145639945
30 H     0.0047799911    -0.0081872909    -0.0048978737
31 H     0.0202552422    -0.0099302252     0.0077767398
32 H    -0.0088757190     0.0314019184     0.0146333070
33 H    -0.0178954664    -0.0094960121    -0.0161068751
34 H    -0.0095737900    -0.0077131028     0.0116223167
35 H    -0.0118159608    -0.0045689920    -0.0057139290
36 H    -0.0062946040    -0.0076142400     0.0174108836
37 H    -0.0192175906     0.0143492132    -0.0090513375
38 H    -0.0171977550     0.0094205896     0.0197286498
----------------------------------------------
[2026-07-08 15:24:55]   [OPT] [REP_00358] eval=002 E=-578.9600378229 Ha max|grad|=9.977e-02 Ha/Bohr SCF=True time=92.1s

WARN: Mole.unit (Angstrom) is changed to Bohr

converged SCF energy = -579.030620198771
--------------- DFTD3 gradients ---------------
         x                y                z
0 C    -0.0044187856     0.0200552020    -0.0027897927
1 C     0.0068255090    -0.0077284177     0.0008409953
2 C    -0.0152266703     0.0147223965     0.0056784409
3 C     0.0125823746    -0.0133345499     0.0019899130
4 C    -0.0049630268    -0.0055029836     0.0171680555
5 C    -0.0013842962     0.0116020342     0.0043460706
6 C     0.0015588790    -0.0000299482     0.0011838189
7 C    -0.0003742018     0.0008077405    -0.0011073708
8 C    -0.0046736998     0.0025632225    -0.0036355616
9 C    -0.0018706906    -0.0037230965     0.0067013468
10 C     0.0048692708    -0.0113877804    -0.0006685230
11 C    -0.0002989825    -0.0025467213    -0.0021848855
12 C    -0.0116484692     0.0081652513    -0.0020812054
13 C     0.0056179742     0.0009475266    -0.0046207555
14 C     0.0070339980    -0.0024170129    -0.0042981601
15 H    -0.0036678132    -0.0001214253     0.0004355439
16 H     0.0025237509     0.0015228926    -0.0013847560
17 H     0.0064200779     0.0012121124    -0.0082131417
18 H    -0.0018958528     0.0016979516    -0.0014643809
19 H     0.0014627485     0.0028009960    -0.0123841480
20 H     0.0088163104    -0.0074850777    -0.0031270174
21 H     0.0017559991     0.0035799926    -0.0010051942
22 H     0.0014369918     0.0028928974    -0.0010110161
23 H     0.0026436488    -0.0010024184    -0.0014108813
24 H     0.0018051467    -0.0032706731     0.0002988545
25 H     0.0000412070    -0.0006372414     0.0036072833
26 H    -0.0004975742    -0.0008270228     0.0032133340
27 H     0.0083825973    -0.0079784629    -0.0007319673
28 H     0.0019378217    -0.0013417079     0.0001725969
29 H    -0.0002471922    -0.0058575201    -0.0048769676
30 H     0.0020846869    -0.0001592991    -0.0075457887
31 H    -0.0018993383    -0.0011908666     0.0038400686
32 H    -0.0017156506     0.0014969468     0.0036064176
33 H    -0.0005182363    -0.0006499469     0.0022583820
34 H     0.0021960184     0.0014632565    -0.0045648611
35 H    -0.0081371729    -0.0049222097     0.0014513833
36 H    -0.0055779560     0.0015901457     0.0001321641
37 H    -0.0023207497    -0.0005199492     0.0036585905
38 H    -0.0086683929     0.0054995036     0.0084357640
----------------------------------------------
[2026-07-08 15:26:29]   [OPT] [REP_00358] eval=003 E=-579.0306201988 Ha max|grad|=2.006e-02 Ha/Bohr SCF=True time=94.1s

WARN: Mole.unit (Angstrom) is changed to Bohr

converged SCF energy = -579.031627977713
--------------- DFTD3 gradients ---------------
         x                y                z
0 C     0.0041352223    -0.0227772673     0.0058094495
1 C    -0.0077090266     0.0300251498    -0.0044301527
2 C     0.0129660705    -0.0184678830     0.0081098091
3 C    -0.0110064729     0.0202850980    -0.0091173706
4 C     0.0034659507     0.0018764326    -0.0085587125
5 C     0.0062747601    -0.0046254429     0.0012018365
6 C     0.0005139763     0.0005892116    -0.0005414407
7 C     0.0026312979     0.0002306291    -0.0010656584
8 C     0.0031780304    -0.0055919220     0.0005639435
9 C    -0.0002829768    -0.0008568382    -0.0047966787
10 C    -0.0107258350     0.0150644580    -0.0070440507
11 C     0.0003696891     0.0008819866    -0.0017598129
12 C     0.0085857750    -0.0181022764     0.0036364047
13 C    -0.0045004857    -0.0010094478     0.0016154821
14 C    -0.0012859765     0.0057033843     0.0000434471
15 H    -0.0038189937     0.0034556935    -0.0004312549
16 H    -0.0001433735     0.0053038379    -0.0012680214
17 H    -0.0008059795    -0.0019420270     0.0038841892
18 H     0.0012683325     0.0022484221    -0.0041866003
19 H    -0.0018825239    -0.0033351033     0.0087556042
20 H    -0.0005525870     0.0043760645     0.0024961162
21 H    -0.0009724875     0.0037294206    -0.0029334779
22 H     0.0011061188     0.0027238191     0.0045265259
23 H     0.0053763023    -0.0025319739    -0.0024820614
24 H     0.0032056991    -0.0049922180     0.0001912594
25 H    -0.0049936318    -0.0012416950     0.0022860842
26 H     0.0020025788     0.0041248576     0.0015712420
27 H     0.0001065764    -0.0021055629     0.0031310722
28 H     0.0023731218    -0.0007503992    -0.0058277870
29 H     0.0008344486    -0.0027508914    -0.0047355991
30 H     0.0005859918    -0.0054696772     0.0036749214
31 H     0.0035185434    -0.0026293670     0.0028560921
32 H    -0.0024337355     0.0021042615     0.0049608899
33 H    -0.0042676300    -0.0028041785    -0.0030204137
34 H    -0.0019541903    -0.0005129172     0.0010335859
35 H     0.0002495920     0.0020396353    -0.0048295131
36 H    -0.0040488690     0.0002096247     0.0034421117
37 H    -0.0041272393     0.0010565752     0.0003137828
38 H     0.0027257091    -0.0035441621     0.0028395990
----------------------------------------------
[2026-07-08 15:28:06]   [OPT] [REP_00358] eval=004 E=-579.0316279777 Ha max|grad|=3.003e-02 Ha/Bohr SCF=True time=97.0s

WARN: Mole.unit (Angstrom) is changed to Bohr

converged SCF energy = -579.033399258262
--------------- DFTD3 gradients ---------------
         x                y                z
0 C    -0.0002810452     0.0015914508     0.0005525112
1 C    -0.0008968833     0.0046605745     0.0006516391
2 C     0.0029008640     0.0011051646    -0.0000827940
3 C    -0.0020563308     0.0026772118    -0.0004162140
4 C     0.0015263291     0.0009273913    -0.0028954934
5 C     0.0035812746    -0.0016753671     0.0004644749
6 C     0.0015933692     0.0000242577    -0.0001654167
7 C     0.0017587707    -0.0005337343    -0.0004737340
8 C     0.0017435505    -0.0030934720    -0.0010841862
9 C    -0.0008895006    -0.0017467443    -0.0024409704
10 C    -0.0021785062    -0.0005491862    -0.0013091072
11 C    -0.0004537331     0.0012778155    -0.0016860760
12 C    -0.0002356427    -0.0020249215    -0.0025970296
13 C    -0.0017294603    -0.0008521858     0.0003634143
14 C    -0.0008325895     0.0044484907    -0.0003146795
15 H    -0.0039138899     0.0018555468     0.0001348638
16 H     0.0013181246     0.0033227306    -0.0014026123
17 H    -0.0001082241    -0.0024105068     0.0029659698
18 H     0.0006093110     0.0024589497    -0.0039827269
19 H    -0.0008269256    -0.0019228896     0.0036575747
20 H     0.0014021652     0.0018363326     0.0013187838
21 H     0.0002522497     0.0036128418    -0.0020358018
22 H     0.0012003721     0.0025427169     0.0022500593
23 H     0.0034566450    -0.0009957304    -0.0016093641
24 H     0.0019962922    -0.0033028952     0.0005461204
25 H    -0.0026256123    -0.0009232928     0.0028627045
26 H     0.0012310393     0.0024399352     0.0016986707
27 H     0.0014852244    -0.0029919991     0.0021835433
28 H     0.0019099613    -0.0012661302    -0.0030834879
29 H     0.0003046797    -0.0027456935    -0.0043338986
30 H     0.0009882281    -0.0039280212     0.0007130835
31 H     0.0016959655    -0.0021008121     0.0029385811
32 H    -0.0019035738     0.0008307098     0.0038877001
33 H    -0.0027136002    -0.0018316235    -0.0015144342
34 H    -0.0013362217    -0.0008907391     0.0008991834
35 H    -0.0014898895     0.0005868752    -0.0030061718
36 H    -0.0039873700     0.0003421479     0.0022056081
37 H    -0.0030327556     0.0010984289     0.0005480227
38 H     0.0005114686    -0.0018735227     0.0035018521
----------------------------------------------
[2026-07-08 15:29:44]   [OPT] [REP_00358] eval=005 E=-579.0333992583 Ha max|grad|=4.661e-03 Ha/Bohr SCF=True time=97.7s

WARN: Mole.unit (Angstrom) is changed to Bohr

[2026-07-08 15:29:44]   [OPT] [REP_00358] done: success=False nit=3 neval=5 max|grad|=4.661e-03 message=STOP: TOTAL NO. OF ITERATIONS REACHED LIMIT
[2026-07-08 15:29:44]   [WARN] [REP_00358] Optimization did not fully converge; using last geometry
[2026-07-08 15:29:44]   [DFT] [REP_00358] final single-point start
converged SCF energy = -579.033399258263
[2026-07-08 15:31:00]   [DFT] [REP_00358] final SCF done: E=-579.0333992583 Ha converged=True time=75.9s
[2026-07-08 15:31:00]   [DFT] [REP_00358] descriptors: HOMO=-3.6650 eV LUMO=2.2452 eV gap=5.9103 eV opt_status=opt_not_converged: STOP: TOTAL NO. OF ITERATIONS REACHED LIMIT
[2026-07-08 15:31:00] END compound_id=REP_00358
