[2026-07-08 00:09:48] ========================================================================
[2026-07-08 00:09:48] BEGIN compound_id=REP_00221 molecule_index=221/732 method=DFT-b3lyp/sto-3g-D3
[2026-07-08 00:09:48] settings functional=b3lyp basis=sto-3g D3=True geom_max_steps=3 scf_max_cycles=50
[2026-07-08 00:09:48]   [xTB] [REP_00221] start: atoms=31 charge=0 multiplicity=1 opt=tight solvent=gas
[2026-07-08 00:09:50]   [OK] [REP_00221] GFN2-xTB converged; RMSD(MMFF,xTB)=0.0537 A
[2026-07-08 00:09:50]   [DFT] build PySCF molecule: atoms=31 charge=0 spin=0
[2026-07-08 00:09:50]   [DFT] [REP_00221] start
[2026-07-08 00:09:50]   [OPT] [REP_00221] start: atoms=31, basis=sto-3g, D3=True, maxiter=3

WARN: Mole.unit (Angstrom) is changed to Bohr

converged SCF energy = -499.143116634225
--------------- DFTD3 gradients ---------------
         x                y                z
0 C    -0.0081204109     0.0000157188     0.0029489498
1 C    -0.0002435173    -0.0037976206    -0.0082916426
2 C    -0.0004330970     0.0039511895     0.0074065555
3 C    -0.0006798075    -0.0031350835    -0.0087231754
4 C    -0.0055630407    -0.0014788790     0.0010583928
5 C    -0.0007631040     0.0035130466     0.0086180582
6 C     0.0003562153    -0.0075303043     0.0017518485
7 C    -0.0214529572     0.0170146805    -0.0046611479
8 O     0.0660592432    -0.0680124114     0.0079285426
9 C    -0.0074360742     0.0073723061    -0.0146118015
10 O     0.0574532468    -0.0572152410    -0.0016715745
11 H    -0.0030263237     0.0092845265     0.0023202988
12 H    -0.0082166280    -0.0039781649    -0.0052880823
13 H    -0.0004742863    -0.0047538675     0.0089173652
14 H     0.0000538808     0.0032604246    -0.0082482388
15 H     0.0022442317    -0.0081319962    -0.0029428149
16 H    -0.0013954318     0.0079920937     0.0034080133
17 H     0.0006296280    -0.0030562652     0.0088296246
18 H     0.0017623107    -0.0080454119    -0.0026143949
19 H    -0.0001401044     0.0029413633    -0.0071342241
20 H    -0.0057613466     0.0023970555     0.0054077264
21 H     0.0069705525     0.0049605068     0.0040105238
22 H     0.0013484738    -0.0043986109     0.0088776438
23 H    -0.0076118402    -0.0049916486    -0.0041739505
24 H     0.0081919573    -0.0037361469    -0.0060979005
25 H    -0.0149019304     0.0005466224     0.0038480050
26 H    -0.0082100982     0.0026611041    -0.0120648817
27 H    -0.0208077068     0.0624359458     0.0045464329
28 H    -0.0023068882    -0.0122309383    -0.0053519331
29 H    -0.0081361099     0.0044474679    -0.0124235632
30 H    -0.0193622613     0.0616695484     0.0244400663
----------------------------------------------
[2026-07-08 00:11:09]   [OPT] [REP_00221] eval=001 E=-499.1431166342 Ha max|grad|=6.801e-02 Ha/Bohr SCF=True time=78.8s

WARN: Mole.unit (Angstrom) is changed to Bohr

converged SCF energy = -499.011125401904
--------------- DFTD3 gradients ---------------
         x                y                z
0 C     0.0011133806    -0.0021952962    -0.0041050474
1 C    -0.0074663394     0.0067477315     0.0174639394
2 C    -0.0041400959    -0.0109579126    -0.0154988317
3 C    -0.0062436070    -0.0082712993     0.0117102302
4 C    -0.0040141387     0.0212129336    -0.0131960747
5 C     0.0047134921    -0.0084252009    -0.0045483141
6 C     0.0032700923     0.0005374668    -0.0016243501
7 C     0.0765882150    -0.0680892154     0.0114462176
8 O    -0.1026359370     0.1426762108     0.0007599284
9 C     0.0672061094    -0.0691920982     0.0263188875
10 O    -0.0850439503     0.1254494703     0.0228037181
11 H    -0.0004320824    -0.0092302339    -0.0009652738
12 H    -0.0002256307     0.0032387373     0.0069612334
13 H    -0.0029020990     0.0049562053    -0.0078733982
14 H     0.0006564135    -0.0026125889    -0.0009584718
15 H     0.0001328881     0.0016769100    -0.0024239967
16 H     0.0001341168    -0.0008584769     0.0022705388
17 H     0.0000230284     0.0040165063    -0.0018814002
18 H    -0.0032392173     0.0017994632    -0.0034134245
19 H    -0.0007707103    -0.0014718765    -0.0037017489
20 H    -0.0003600097     0.0010432837     0.0053322517
21 H    -0.0050745208    -0.0004918532     0.0005291335
22 H    -0.0005687821    -0.0033005646    -0.0056474130
23 H     0.0078009678     0.0018979266     0.0041621845
24 H    -0.0104227220     0.0015235076     0.0074014812
25 H    -0.0033372109     0.0154839914     0.0105476264
26 H     0.0007493606     0.0147993591    -0.0038038614
27 H     0.0563581123    -0.1044892508    -0.0055009376
28 H    -0.0157786567     0.0247103816    -0.0055928475
29 H     0.0025428724     0.0099057037    -0.0102937035
30 H     0.0314609199    -0.0920717355    -0.0366230029
----------------------------------------------
[2026-07-08 00:12:38]   [OPT] [REP_00221] eval=002 E=-499.0111254019 Ha max|grad|=1.427e-01 Ha/Bohr SCF=True time=89.4s

WARN: Mole.unit (Angstrom) is changed to Bohr

converged SCF energy = -499.158643421236
--------------- DFTD3 gradients ---------------
         x                y                z
0 C    -0.0060740999    -0.0004574621     0.0014282258
1 C    -0.0018463048    -0.0014601792    -0.0025679324
2 C    -0.0012707517     0.0007159211     0.0024210205
3 C    -0.0017925104    -0.0044370330    -0.0044489859
4 C    -0.0052732431     0.0045767349    -0.0018092548
5 C     0.0005117527     0.0009488129     0.0057773443
6 C     0.0010526276    -0.0057850058     0.0009573875
7 C     0.0007916172    -0.0033350331    -0.0006575652
8 O     0.0169738943     0.0299274664     0.0125844332
9 C     0.0109081904    -0.0098730046    -0.0052285200
10 O     0.0202217829     0.0216945098     0.0226026349
11 H    -0.0023979969     0.0052230616     0.0015803571
12 H    -0.0064342014    -0.0024036536    -0.0026281581
13 H    -0.0009467403    -0.0026187357     0.0052066584
14 H     0.0001851001     0.0020191314    -0.0066714975
15 H     0.0017969569    -0.0060254807    -0.0028072865
16 H    -0.0010687801     0.0060778666     0.0031416246
17 H     0.0005026140    -0.0015522954     0.0064886133
18 H     0.0006299542    -0.0059508552    -0.0027851704
19 H    -0.0002901542     0.0020001039    -0.0064039300
20 H    -0.0046077408     0.0020919139     0.0053801891
21 H     0.0043931679     0.0037683411     0.0032400238
22 H     0.0009367145    -0.0041376150     0.0056998776
23 H    -0.0042212565    -0.0034231342    -0.0023632385
24 H     0.0040213138    -0.0025257556    -0.0030974001
25 H    -0.0117447858     0.0044577551     0.0052617710
26 H    -0.0059710096     0.0058376687    -0.0097429021
27 H     0.0063618488    -0.0266448340    -0.0053685727
28 H    -0.0055046294    -0.0035249101    -0.0052655011
29 H    -0.0051925428     0.0058288868    -0.0112379168
30 H    -0.0046619569    -0.0109797487    -0.0087070700
----------------------------------------------
[2026-07-08 00:13:53]   [OPT] [REP_00221] eval=003 E=-499.1586434212 Ha max|grad|=2.993e-02 Ha/Bohr SCF=True time=75.1s

WARN: Mole.unit (Angstrom) is changed to Bohr

converged SCF energy = -499.162308602557
--------------- DFTD3 gradients ---------------
         x                y                z
0 C    -0.0050482113    -0.0004233649     0.0010610444
1 C    -0.0023687835    -0.0013026622    -0.0019183286
2 C    -0.0018831950     0.0002218913     0.0017597922
3 C    -0.0019149436    -0.0024491734    -0.0039147235
4 C     0.0008847767     0.0008627043    -0.0017430403
5 C    -0.0001454777     0.0005173934     0.0039725870
6 C     0.0007575174    -0.0043494010     0.0010787372
7 C     0.0059877518     0.0035060828     0.0026226134
8 O     0.0052345965     0.0116009218     0.0043739101
9 C     0.0141438324    -0.0016581052    -0.0006524267
10 O     0.0078502880     0.0119983631     0.0112078099
11 H    -0.0021211205     0.0029104302     0.0011604004
12 H    -0.0054857165    -0.0015997472    -0.0012765587
13 H    -0.0012926274    -0.0014762937     0.0031841236
14 H     0.0001823949     0.0008552071    -0.0046677766
15 H     0.0011648375    -0.0038146929    -0.0023786615
16 H    -0.0005301920     0.0038373936     0.0025873128
17 H     0.0003431607    -0.0004872700     0.0045189122
18 H     0.0003392705    -0.0049995665    -0.0026458818
19 H    -0.0004735469     0.0006416539    -0.0048654872
20 H    -0.0030380644     0.0015227691     0.0047686656
21 H     0.0029355486     0.0030358536     0.0026786583
22 H     0.0007304060    -0.0039666048     0.0037236075
23 H    -0.0023084331    -0.0025880722    -0.0013621577
24 H     0.0023212104    -0.0021475613    -0.0017999293
25 H    -0.0064065624     0.0039828110     0.0023107118
26 H    -0.0039389130     0.0042932272    -0.0047971301
27 H     0.0047886038    -0.0129703235    -0.0031238560
28 H    -0.0036651589    -0.0043751261    -0.0050125757
29 H    -0.0025585845     0.0021587966    -0.0064173852
30 H    -0.0044970033    -0.0033057729    -0.0044600023
----------------------------------------------
[2026-07-08 00:15:04]   [OPT] [REP_00221] eval=004 E=-499.1623086026 Ha max|grad|=1.414e-02 Ha/Bohr SCF=True time=70.4s

WARN: Mole.unit (Angstrom) is changed to Bohr

converged SCF energy = -499.164797971686
--------------- DFTD3 gradients ---------------
         x                y                z
0 C    -0.0029144812    -0.0006468191    -0.0002616384
1 C    -0.0026786041    -0.0007642575    -0.0006252894
2 C    -0.0016591715    -0.0000336248     0.0001394451
3 C     0.0016470606    -0.0005227069    -0.0012285149
4 C     0.0054943674     0.0007980809    -0.0003258201
5 C     0.0005785676    -0.0005884022     0.0015072326
6 C     0.0001491290    -0.0012727383     0.0015140717
7 C    -0.0009040734     0.0025982114    -0.0004779871
8 O    -0.0006208125    -0.0051709500    -0.0014550391
9 C     0.0040947431    -0.0019003374    -0.0024582632
10 O     0.0007246111     0.0019140224     0.0008401807
11 H    -0.0018135315    -0.0005784007     0.0004969535
12 H    -0.0039104888    -0.0002251902     0.0010514225
13 H    -0.0019231435     0.0001980022     0.0001258981
14 H    -0.0000710714    -0.0011029495    -0.0010544744
15 H    -0.0001697077    -0.0001070146    -0.0015012958
16 H     0.0001512373    -0.0000400638     0.0015182425
17 H    -0.0000259949     0.0010431096     0.0011570534
18 H    -0.0006868913    -0.0016006718    -0.0021773154
19 H    -0.0008957334    -0.0010879036    -0.0028584144
20 H    -0.0001347533     0.0005188124     0.0028604472
21 H    -0.0003949169     0.0010574258     0.0015753659
22 H     0.0003865417    -0.0036662719     0.0004961539
23 H     0.0006999568    -0.0013008760     0.0002862477
24 H    -0.0003648071    -0.0014977188     0.0003256907
25 H     0.0027558085     0.0031533719    -0.0020971495
26 H     0.0000283571     0.0019086311     0.0035136580
27 H     0.0034920758     0.0032505025    -0.0002712537
28 H     0.0006014098     0.0017862426    -0.0020844801
29 H     0.0022100287    -0.0020534071     0.0005114844
30 H    -0.0038541467     0.0059715017     0.0009218484
----------------------------------------------
[2026-07-08 00:16:21]   [OPT] [REP_00221] eval=005 E=-499.1647979717 Ha max|grad|=5.972e-03 Ha/Bohr SCF=True time=77.3s

WARN: Mole.unit (Angstrom) is changed to Bohr

[2026-07-08 00:16:21]   [OPT] [REP_00221] done: success=False nit=3 neval=5 max|grad|=5.972e-03 message=STOP: TOTAL NO. OF ITERATIONS REACHED LIMIT
[2026-07-08 00:16:21]   [WARN] [REP_00221] Optimization did not fully converge; using last geometry
[2026-07-08 00:16:21]   [DFT] [REP_00221] final single-point start
converged SCF energy = -499.164797971689
[2026-07-08 00:17:18]   [DFT] [REP_00221] final SCF done: E=-499.1647979717 Ha converged=True time=56.7s
[2026-07-08 00:17:18]   [DFT] [REP_00221] descriptors: HOMO=-3.0916 eV LUMO=7.0271 eV gap=10.1187 eV opt_status=opt_not_converged: STOP: TOTAL NO. OF ITERATIONS REACHED LIMIT
[2026-07-08 00:17:18] END compound_id=REP_00221
