[2026-07-06 21:30:03] ========================================================================
[2026-07-06 21:30:03] BEGIN compound_id=REP_00027 molecule_index=27/732 method=DFT-b3lyp/sto-3g-D3
[2026-07-06 21:30:03] settings functional=b3lyp basis=sto-3g D3=True geom_max_steps=3 scf_max_cycles=50
[2026-07-06 21:30:03]   [xTB] [REP_00027] start: atoms=51 charge=0 multiplicity=1 opt=tight solvent=gas
[2026-07-06 21:30:26]   [OK] [REP_00027] GFN2-xTB converged; RMSD(MMFF,xTB)=0.8030 A
[2026-07-06 21:30:26]   [DFT] build PySCF molecule: atoms=51 charge=0 spin=0
[2026-07-06 21:30:26]   [DFT] [REP_00027] start
[2026-07-06 21:30:26]   [OPT] [REP_00027] start: atoms=51, basis=sto-3g, D3=True, maxiter=3

WARN: Mole.unit (Angstrom) is changed to Bohr

converged SCF energy = -1062.42947285768
--------------- DFTD3 gradients ---------------
         x                y                z
0 C    -0.0115936699    -0.0015317207    -0.0023123105
1 C     0.0008854562    -0.0015694590     0.0018056245
2 C     0.0072333360     0.0098730780    -0.0009599832
3 C     0.0078680528     0.0015459186     0.0045631722
4 C    -0.0068397023    -0.0058432220     0.0095668953
5 C    -0.0130742864    -0.0044625967    -0.0024713209
6 C     0.0012935355     0.0005970574    -0.0047588207
7 C     0.0084656091    -0.0086879829     0.0035420106
8 C    -0.0061444215     0.0057142228    -0.0004809263
9 C     0.0148661527    -0.0201129059    -0.0112778214
10 O    -0.0740345855     0.0318290383     0.0477540196
11 C     0.0136174342     0.0270534607     0.0012702862
12 O     0.0636707452    -0.0633370401    -0.0481114934
13 C    -0.0483830085    -0.0076914614     0.0192101211
14 C    -0.0039577060    -0.0120801562     0.0015904972
15 C    -0.0400322953    -0.0005076335     0.0114530372
16 C    -0.0046950059     0.0123624712     0.0014790672
17 N     0.0664790170     0.1108656589    -0.0144621216
18 N    -0.0011820888    -0.0490377387    -0.0031858258
19 C     0.0266073971    -0.0095256648    -0.0077775880
20 C    -0.0056783144    -0.0085977399     0.0092775979
21 C     0.0049176819    -0.0096903933     0.0052547133
22 C     0.0114449262    -0.0042945901    -0.0030345241
23 C     0.0064810392     0.0056749487    -0.0083094939
24 C    -0.0028645148     0.0094420796    -0.0074840536
25 H    -0.0055372604     0.0074686764     0.0038973881
26 H    -0.0027879724     0.0014904746    -0.0100847957
27 H    -0.0054924546    -0.0086109308     0.0026802901
28 H    -0.0006480476     0.0053623598    -0.0091303606
29 H    -0.0030809296     0.0078867322     0.0063989963
30 H     0.0100894698    -0.0000172914     0.0010025284
31 H     0.0131908734     0.0019659772     0.0020603657
32 H    -0.0086332230    -0.0003789363     0.0034840537
33 H     0.0039040665    -0.0055111953     0.0063017641
34 H    -0.0061752452     0.0037435020    -0.0057913484
35 H    -0.0045673587    -0.0084382329     0.0002328963
36 H     0.0106261268     0.0013394731    -0.0004116868
37 H    -0.0013241121    -0.0098227333    -0.0047976993
38 H    -0.0015714619    -0.0030371335     0.0097104370
39 H    -0.0103176006     0.0094202462    -0.0039069496
40 H     0.0009104193    -0.0068768790    -0.0129291405
41 H     0.0073010635    -0.0120203029     0.0049906714
42 H    -0.0176038051    -0.0046377236     0.0044092727
43 H    -0.0080112023     0.0041350095    -0.0063390948
44 H     0.0068406687     0.0090752395    -0.0009324182
45 H    -0.0041235181     0.0029661220     0.0096806719
46 H    -0.0085092217    -0.0063469884     0.0107417536
47 H     0.0057350393    -0.0117230412     0.0073877322
48 H     0.0135692660    -0.0048698673    -0.0035496542
49 H     0.0077026739     0.0070319142    -0.0106298483
50 H    -0.0067978503     0.0123582949    -0.0066572878
----------------------------------------------
[2026-07-06 21:31:59]   [OPT] [REP_00027] eval=001 E=-1062.4294728577 Ha max|grad|=1.109e-01 Ha/Bohr SCF=True time=92.9s

WARN: Mole.unit (Angstrom) is changed to Bohr

converged SCF energy = -1062.31210009182
--------------- DFTD3 gradients ---------------
         x                y                z
0 C     0.0040843343     0.0036463629    -0.0001209175
1 C    -0.0013273565     0.0119471818    -0.0025808580
2 C    -0.0070303228     0.0004111240    -0.0008726247
3 C    -0.0016678835    -0.0095413879     0.0047808131
4 C     0.0081829915     0.0029319965    -0.0047818183
5 C     0.0105548778     0.0018159116     0.0048003959
6 C    -0.0152202339    -0.0130880777     0.0129789728
7 C    -0.0059544762    -0.0000892783    -0.0036638421
8 C     0.0143025860    -0.0116550159    -0.0173948604
9 C    -0.0466501377     0.0443541659     0.0257895098
10 O     0.0855341126    -0.0312917589    -0.0514720420
11 C     0.0022732249    -0.2021313738    -0.0458648221
12 O    -0.1038864902     0.1157922341     0.0842618114
13 C     0.1559736991    -0.0078753664    -0.0439618433
14 C    -0.1111432380     0.0843540610     0.0380154678
15 C     0.1318200439     0.0399707587    -0.0350301778
16 C    -0.0342270989     0.0090748530     0.0109733586
17 N    -0.1206326625    -0.1415223908     0.0284237417
18 N     0.0074694435     0.1436102600    -0.0025315243
19 C    -0.0593049850    -0.0146478121     0.0213063331
20 C     0.0482002138    -0.0239385676    -0.0061837861
21 C     0.0007424920     0.0019866594    -0.0004621948
22 C    -0.0136560031     0.0055964246     0.0030076611
23 C     0.0025448726    -0.0045957519     0.0047677464
24 C     0.0343024199     0.0014108845    -0.0206440915
25 H    -0.0021779022    -0.0042785474    -0.0027666609
26 H    -0.0034548298    -0.0008049571     0.0032588872
27 H    -0.0039047008    -0.0002185565    -0.0009573769
28 H     0.0035007548     0.0020813363     0.0032848884
29 H     0.0040707169     0.0008929892    -0.0036405300
30 H     0.0024306870     0.0035243414    -0.0003313453
31 H     0.0035980927     0.0001313803     0.0009870697
32 H    -0.0070714607     0.0001783068     0.0071272850
33 H    -0.0031675856    -0.0041036505     0.0023193253
34 H    -0.0060488295    -0.0002830750    -0.0015191662
35 H    -0.0060729391    -0.0058220850    -0.0023073535
36 H     0.0028608552    -0.0032947119     0.0014200612
37 H     0.0040158390    -0.0000277023     0.0045307589
38 H     0.0037328480    -0.0011852205    -0.0027570472
39 H     0.0000371059     0.0007750315    -0.0021999610
40 H     0.0071258495    -0.0004701215    -0.0115423074
41 H     0.0112987338    -0.0065352145     0.0029740111
42 H     0.0041165628    -0.0004794042    -0.0016426856
43 H    -0.0022487317     0.0101077290     0.0033458926
44 H    -0.0014361089    -0.0025108051     0.0000763263
45 H    -0.0030765637     0.0111140749    -0.0017120728
46 H    -0.0081203093    -0.0026103591     0.0061603040
47 H     0.0054059466    -0.0076719575     0.0039307552
48 H     0.0093028472    -0.0033918031    -0.0025718924
49 H     0.0057706202     0.0040263484    -0.0066315591
50 H    -0.0057480912     0.0042940470    -0.0023586061
----------------------------------------------
[2026-07-06 21:33:55]   [OPT] [REP_00027] eval=002 E=-1062.3121000918 Ha max|grad|=2.021e-01 Ha/Bohr SCF=True time=116.2s

WARN: Mole.unit (Angstrom) is changed to Bohr

converged SCF energy = -1062.45934370449
--------------- DFTD3 gradients ---------------
         x                y                z
0 C    -0.0069656476    -0.0000264006    -0.0016683434
1 C     0.0001165505     0.0025193261     0.0004796143
2 C     0.0030551775     0.0070714699    -0.0009410980
3 C     0.0051243807    -0.0017960825     0.0046409636
4 C    -0.0025144140    -0.0032064508     0.0053961402
5 C    -0.0060905427    -0.0026412838    -0.0004058603
6 C    -0.0034867392    -0.0033983754     0.0003497473
7 C     0.0042505523    -0.0061427175     0.0014294903
8 C     0.0002769683     0.0007338077    -0.0054377854
9 C    -0.0024779613    -0.0023691715    -0.0010241622
10 O    -0.0129588359     0.0177277412     0.0117830144
11 C     0.0265730167    -0.0686633574    -0.0281645970
12 O    -0.0181710316     0.0186046079     0.0150931786
13 C     0.0120901150     0.0005156474     0.0001976334
14 C    -0.0307406894     0.0104226815     0.0107883134
15 C     0.0258245926     0.0071456805    -0.0067484997
16 C    -0.0134767958     0.0114817931     0.0043639515
17 N    -0.0026206431     0.0059842715     0.0007234326
18 N    -0.0042155529     0.0352527326     0.0000100970
19 C     0.0007176541    -0.0106988531     0.0010140618
20 C     0.0101338868    -0.0131538580     0.0045612699
21 C     0.0035925831    -0.0060485069     0.0033950442
22 C     0.0038586348    -0.0013159161    -0.0011923393
23 C     0.0053621442     0.0024911487    -0.0042285565
24 C     0.0081289042     0.0070580743    -0.0113676164
25 H    -0.0045259816     0.0040881324     0.0019849466
26 H    -0.0029385261     0.0008380710    -0.0062360390
27 H    -0.0050278724    -0.0062238769     0.0016501573
28 H     0.0005155375     0.0043829605    -0.0055520287
29 H    -0.0010515386     0.0058350870     0.0035078887
30 H     0.0079104362     0.0009753329     0.0006293391
31 H     0.0104419149     0.0014227465     0.0017429797
32 H    -0.0081921915    -0.0002127060     0.0045295843
33 H     0.0019198484    -0.0051258046     0.0051612305
34 H    -0.0061513140     0.0026226777    -0.0045890721
35 H    -0.0049989077    -0.0077204896    -0.0004919758
36 H     0.0084121079     0.0000343074     0.0001021780
37 H     0.0001767108    -0.0069634995    -0.0021186703
38 H    -0.0000826012    -0.0024705682     0.0061213431
39 H    -0.0071450509     0.0070106172    -0.0034080518
40 H     0.0028773364    -0.0049982654    -0.0125503760
41 H     0.0086046218    -0.0104156569     0.0043054339
42 H    -0.0109311289    -0.0031275068     0.0025452245
43 H    -0.0063005724     0.0057783225    -0.0034789543
44 H     0.0046373558     0.0054494611    -0.0007079501
45 H    -0.0038024053     0.0052463489     0.0062791821
46 H    -0.0083824381    -0.0052196643     0.0093943335
47 H     0.0056226812    -0.0105376747     0.0063845620
48 H     0.0123454246    -0.0044538324    -0.0032809162
49 H     0.0071487506     0.0061825177    -0.0094944282
50 H    -0.0064623842     0.0100206324    -0.0054771880
----------------------------------------------
[2026-07-06 21:35:32]   [OPT] [REP_00027] eval=003 E=-1062.4593437045 Ha max|grad|=6.866e-02 Ha/Bohr SCF=True time=97.2s

WARN: Mole.unit (Angstrom) is changed to Bohr

converged SCF energy = -1062.46835434625
--------------- DFTD3 gradients ---------------
         x                y                z
0 C    -0.0046422339     0.0000392054    -0.0010834955
1 C     0.0012073103     0.0008718836     0.0008927891
2 C     0.0022701521     0.0053511540    -0.0007270720
3 C     0.0027835208     0.0006277471     0.0034670899
4 C    -0.0018673411    -0.0024080039     0.0043091096
5 C    -0.0047675773    -0.0023577144     0.0000377187
6 C    -0.0023520185    -0.0018914985    -0.0010906930
7 C     0.0026160464    -0.0045308212     0.0010937486
8 C    -0.0033536505    -0.0030065204    -0.0036361444
9 C    -0.0048315674     0.0020511322     0.0018326722
10 O     0.0083741296     0.0025462278    -0.0030667679
11 C    -0.0135536160    -0.0108907564     0.0054431867
12 O     0.0050655412    -0.0124139759    -0.0047685620
13 C     0.0074446116    -0.0019302998    -0.0013148428
14 C    -0.0018596523     0.0066522154     0.0023391381
15 C     0.0124384780     0.0104459385    -0.0027518526
16 C    -0.0048994379     0.0085438175     0.0017730106
17 N    -0.0084888549    -0.0045045470     0.0018661575
18 N     0.0035460698     0.0274465258    -0.0012174280
19 C    -0.0033297528    -0.0017822933    -0.0020487851
20 C     0.0031873843    -0.0093072979     0.0051195947
21 C     0.0088809146    -0.0073321756     0.0012741315
22 C     0.0041864278    -0.0020856949    -0.0005837121
23 C     0.0072663847     0.0021891396    -0.0053982481
24 C     0.0034429469     0.0016154933    -0.0043026701
25 H    -0.0039847827     0.0020960541     0.0007899785
26 H    -0.0030298822     0.0004636291    -0.0037692083
27 H    -0.0041227437    -0.0038537076     0.0007377982
28 H     0.0011677211     0.0038897789    -0.0034269299
29 H     0.0001099205     0.0047352687     0.0017751706
30 H     0.0052359398     0.0017345359     0.0002201585
31 H     0.0078284992     0.0009145091     0.0014534991
32 H    -0.0060056391    -0.0001665244     0.0044072223
33 H     0.0004822505    -0.0046336290     0.0041259293
34 H    -0.0050728334     0.0012488989    -0.0028214658
35 H    -0.0047765094    -0.0059123811    -0.0009050249
36 H     0.0058057132    -0.0008342539     0.0003372499
37 H     0.0010611734    -0.0054556657    -0.0006083823
38 H     0.0009536882    -0.0022531323     0.0036306561
39 H    -0.0041662493     0.0039302466    -0.0025397231
40 H     0.0031266661    -0.0028749475    -0.0078629351
41 H     0.0047531641    -0.0063881334     0.0016911886
42 H    -0.0173414907    -0.0025700482     0.0043605218
43 H    -0.0062430800     0.0058908456    -0.0027307922
44 H     0.0001231196     0.0037043640     0.0002331278
45 H    -0.0041897168     0.0054451884     0.0059620229
46 H    -0.0053147810    -0.0038281719     0.0064625425
47 H     0.0050562633    -0.0083538463     0.0047882422
48 H     0.0085555254    -0.0030629927    -0.0022442183
49 H     0.0061633747     0.0044126905    -0.0072676483
50 H    -0.0049325076     0.0077689145    -0.0042524754
----------------------------------------------
[2026-07-06 21:37:10]   [OPT] [REP_00027] eval=004 E=-1062.4683543462 Ha max|grad|=2.745e-02 Ha/Bohr SCF=True time=98.0s

WARN: Mole.unit (Angstrom) is changed to Bohr

converged SCF energy = -1062.47313808191
--------------- DFTD3 gradients ---------------
         x                y                z
0 C    -0.0019007082    -0.0003310357    -0.0002977840
1 C     0.0008474739     0.0010437518     0.0006048023
2 C     0.0016889324     0.0030365899    -0.0004111124
3 C     0.0020157331     0.0010878618     0.0028205226
4 C    -0.0015821798    -0.0012586167     0.0032005731
5 C    -0.0038059337    -0.0020924862     0.0001223677
6 C    -0.0019313395    -0.0030485488    -0.0005310309
7 C     0.0014188112    -0.0022915582     0.0004783056
8 C    -0.0064607430    -0.0018977169    -0.0030379717
9 C    -0.0017757367     0.0004630505     0.0005021145
10 O     0.0112082749    -0.0094691876    -0.0074302577
11 C    -0.0061652375     0.0047935986     0.0049348412
12 O    -0.0013209127    -0.0102810795    -0.0009790210
13 C     0.0035617101     0.0060689296    -0.0013376122
14 C     0.0079975774     0.0015666858    -0.0009403933
15 C    -0.0056939680     0.0088663430     0.0023334053
16 C    -0.0000776406     0.0059622549     0.0002250474
17 N    -0.0046586875    -0.0013334259     0.0008153873
18 N     0.0042495127     0.0052434973    -0.0009185527
19 C    -0.0004470139     0.0022352756    -0.0023727048
20 C    -0.0009566103    -0.0023872213     0.0009518665
21 C     0.0063720188    -0.0055932354     0.0008094636
22 C     0.0057726480    -0.0016514213    -0.0017533085
23 C     0.0058418482     0.0004999949    -0.0036577603
24 C     0.0005403423    -0.0006960891    -0.0011102286
25 H    -0.0033248561     0.0000627977    -0.0004018074
26 H    -0.0029939891     0.0000657208    -0.0011212100
27 H    -0.0029400642    -0.0010591788    -0.0003036972
28 H     0.0017738389     0.0033112721    -0.0012136296
29 H     0.0012711606     0.0035640453    -0.0000049781
30 H     0.0022101315     0.0025987291    -0.0002269132
31 H     0.0040680553     0.0003532996     0.0010326092
32 H    -0.0029687667    -0.0001766751     0.0039693531
33 H    -0.0011006786    -0.0038585106     0.0028718193
34 H    -0.0036167896    -0.0004342780    -0.0005765040
35 H    -0.0042726278    -0.0035117954    -0.0013093978
36 H     0.0025391850    -0.0017988626     0.0005706808
37 H     0.0019006898    -0.0038254616     0.0009090837
38 H     0.0018839070    -0.0019962307     0.0011639007
39 H    -0.0012664851     0.0002334150    -0.0014025465
40 H     0.0029610997    -0.0002333244    -0.0010086740
41 H    -0.0006195828    -0.0012308370    -0.0015204038
42 H    -0.0099922211     0.0001186242     0.0026043518
43 H    -0.0046010658     0.0055886525    -0.0008398075
44 H    -0.0029063363     0.0036534792     0.0009275032
45 H    -0.0035798155     0.0053724339     0.0036798801
46 H    -0.0025978130    -0.0029674742     0.0041505927
47 H     0.0052148962    -0.0068489721     0.0033822980
48 H     0.0047074571    -0.0016133808    -0.0011943580
49 H     0.0055412303     0.0028770932    -0.0054308389
50 H    -0.0020199822     0.0032131485    -0.0017301276
----------------------------------------------
[2026-07-06 21:38:47]   [OPT] [REP_00027] eval=005 E=-1062.4731380819 Ha max|grad|=1.121e-02 Ha/Bohr SCF=True time=97.5s

WARN: Mole.unit (Angstrom) is changed to Bohr

[2026-07-06 21:38:47]   [OPT] [REP_00027] done: success=False nit=3 neval=5 max|grad|=1.121e-02 message=STOP: TOTAL NO. OF ITERATIONS REACHED LIMIT
[2026-07-06 21:38:47]   [WARN] [REP_00027] Optimization did not fully converge; using last geometry
[2026-07-06 21:38:47]   [DFT] [REP_00027] final single-point start
converged SCF energy = -1062.4731380819
[2026-07-06 21:40:01]   [DFT] [REP_00027] final SCF done: E=-1062.4731380819 Ha converged=True time=73.5s
[2026-07-06 21:40:01]   [DFT] [REP_00027] descriptors: HOMO=-4.2285 eV LUMO=1.1446 eV gap=5.3731 eV opt_status=opt_not_converged: STOP: TOTAL NO. OF ITERATIONS REACHED LIMIT
[2026-07-06 21:40:01] END compound_id=REP_00027
