[2026-07-08 15:31:00] ========================================================================
[2026-07-08 15:31:00] BEGIN compound_id=REP_00359 molecule_index=359/732 method=DFT-b3lyp/sto-3g-D3
[2026-07-08 15:31:00] settings functional=b3lyp basis=sto-3g D3=True geom_max_steps=3 scf_max_cycles=50
[2026-07-08 15:31:00]   [xTB] [REP_00359] start: atoms=26 charge=0 multiplicity=1 opt=tight solvent=gas
[2026-07-08 15:31:05]   [OK] [REP_00359] GFN2-xTB converged; RMSD(MMFF,xTB)=0.2373 A
[2026-07-08 15:31:05]   [DFT] build PySCF molecule: atoms=26 charge=0 spin=0
[2026-07-08 15:31:05]   [DFT] [REP_00359] start
[2026-07-08 15:31:05]   [OPT] [REP_00359] start: atoms=26, basis=sto-3g, D3=True, maxiter=3

WARN: Mole.unit (Angstrom) is changed to Bohr

converged SCF energy = -386.016064503754
--------------- DFTD3 gradients ---------------
         x                y                z
0 C     0.0039617124     0.0046520732     0.0051932228
1 C     0.0037826423     0.0009526094     0.0036656534
2 C     0.0079533954    -0.0050862560    -0.0084354341
3 C    -0.0037014942    -0.0077552986    -0.0021252203
4 C     0.0059220503     0.0071032471    -0.0084483692
5 C    -0.0066471523     0.0045622478    -0.0075870867
6 C    -0.0007772844     0.0016006192    -0.0023942738
7 C    -0.0114128758     0.0001332037    -0.0013220012
8 C    -0.0018670988    -0.0087867476     0.0099144643
9 C     0.0048872472     0.0000453067     0.0115762005
10 H     0.0145492324     0.0025443417    -0.0005746265
11 H    -0.0086610201     0.0071294394     0.0110524134
12 H    -0.0031712922     0.0011583949    -0.0103039235
13 H     0.0098266846     0.0021586799    -0.0006010454
14 H    -0.0001319157    -0.0106719699     0.0001032356
15 H    -0.0008176487    -0.0065011766    -0.0029023906
16 H     0.0039100790    -0.0002921206    -0.0081338782
17 H     0.0039645895     0.0079579144     0.0014571782
18 H    -0.0079178214     0.0055453790    -0.0093016984
19 H    -0.0043639436    -0.0097905714     0.0004119700
20 H    -0.0050944941     0.0040582088    -0.0078339495
21 H    -0.0052501297     0.0039741698     0.0085093338
22 H    -0.0043703235     0.0002398935     0.0076886797
23 H    -0.0001774707    -0.0088266738     0.0002699565
24 H     0.0013367952     0.0078794907     0.0039897595
25 H     0.0042661007    -0.0039698930     0.0061273031
----------------------------------------------
[2026-07-08 15:32:12]   [OPT] [REP_00359] eval=001 E=-386.0160645038 Ha max|grad|=1.455e-02 Ha/Bohr SCF=True time=66.9s

WARN: Mole.unit (Angstrom) is changed to Bohr

converged SCF energy = -385.953483626986
--------------- DFTD3 gradients ---------------
         x                y                z
0 C     0.0022204155     0.0085820968     0.0118365023
1 C     0.0056267224    -0.0247706426    -0.0288729046
2 C    -0.0329408239     0.0118293340     0.0303407442
3 C     0.0401682903     0.0777851046     0.0318594955
4 C    -0.0529032656    -0.0320074854     0.0427752666
5 C     0.0439611942    -0.0020516959     0.0115237299
6 C    -0.0259299576    -0.0157495834     0.0180238060
7 C     0.0293017983    -0.0098420847     0.0186589839
8 C     0.0153176434     0.0519828805    -0.0416562150
9 C    -0.0517864336     0.0018702710    -0.0610168653
10 H    -0.0534371409     0.0002114349     0.0104147567
11 H     0.0431676785    -0.0244782249    -0.0390010002
12 H     0.0256358554    -0.0130820543     0.0318943800
13 H    -0.0168363314    -0.0159373872    -0.0133973409
14 H     0.0129295611     0.0383758222    -0.0159656381
15 H    -0.0052035345    -0.0134261737    -0.0043949246
16 H     0.0074899653     0.0085750572    -0.0047522799
17 H     0.0028641494    -0.0170029361    -0.0134904656
18 H    -0.0016294009    -0.0038667637     0.0057268215
19 H    -0.0016611168     0.0449072318    -0.0035116413
20 H    -0.0035892999    -0.0133606321     0.0237904422
21 H     0.0022724868    -0.0193480360    -0.0395520592
22 H    -0.0044089569    -0.0123563146    -0.0004774850
23 H    -0.0014775573     0.0075001860     0.0130509360
24 H     0.0049610130    -0.0324103758    -0.0008302219
25 H     0.0158873129    -0.0018931902     0.0170213103
----------------------------------------------
[2026-07-08 15:33:16]   [OPT] [REP_00359] eval=002 E=-385.9534836270 Ha max|grad|=7.779e-02 Ha/Bohr SCF=True time=64.4s

WARN: Mole.unit (Angstrom) is changed to Bohr

converged SCF energy = -386.021796567902
--------------- DFTD3 gradients ---------------
         x                y                z
0 C     0.0043376147     0.0076668298     0.0091004975
1 C     0.0048426821    -0.0064617503    -0.0056376529
2 C    -0.0025743046    -0.0006822252     0.0013794181
3 C     0.0063631948     0.0117497870     0.0054783201
4 C    -0.0094396108    -0.0026892466     0.0040600003
5 C     0.0074866415     0.0033080687    -0.0034098482
6 C    -0.0066872905    -0.0039189898     0.0046790640
7 C    -0.0020312383    -0.0024818857     0.0037799476
8 C     0.0017515188     0.0068907153    -0.0041159416
9 C    -0.0085079849     0.0001332934    -0.0057854800
10 H    -0.0032723268     0.0015516566     0.0017523102
11 H     0.0045096506    -0.0018379358    -0.0027826090
12 H     0.0032206946    -0.0019723483     0.0001466688
13 H     0.0037970529    -0.0018432481    -0.0033824699
14 H     0.0025311301     0.0012692210    -0.0033231591
15 H    -0.0019336676    -0.0077375081    -0.0030639040
16 H     0.0047924544     0.0016866586    -0.0074957057
17 H     0.0037628256     0.0023968733    -0.0015436647
18 H    -0.0065231800     0.0033973099    -0.0058899766
19 H    -0.0030406778     0.0034829146    -0.0004172232
20 H    -0.0045389474     0.0001150640    -0.0006489713
21 H    -0.0027923411    -0.0017264496    -0.0029944483
22 H    -0.0046227536    -0.0024850929     0.0061083702
23 H    -0.0003424238    -0.0053695253     0.0029334230
24 H     0.0020309130    -0.0011418609     0.0024525818
25 H     0.0068759239    -0.0032862214     0.0086192437
----------------------------------------------
[2026-07-08 15:34:16]   [OPT] [REP_00359] eval=003 E=-386.0217965679 Ha max|grad|=1.175e-02 Ha/Bohr SCF=True time=59.7s

WARN: Mole.unit (Angstrom) is changed to Bohr

converged SCF energy = -386.021648562527
--------------- DFTD3 gradients ---------------
         x                y                z
0 C    -0.0067246068    -0.0196954316    -0.0214884025
1 C     0.0118849881     0.0190907761     0.0206254870
2 C     0.0060661493     0.0010868248    -0.0007284914
3 C    -0.0014890608    -0.0125395420    -0.0069904234
4 C     0.0095764447     0.0046599772    -0.0073969393
5 C    -0.0216631470    -0.0084539477     0.0116907119
6 C     0.0083124249     0.0110629621    -0.0159460055
7 C    -0.0011989074     0.0026501548    -0.0046939713
8 C    -0.0098448391    -0.0054689122     0.0026354598
9 C     0.0103437645    -0.0026927263     0.0086510939
10 H    -0.0007774751     0.0034658578     0.0039060002
11 H     0.0021030752     0.0016344771     0.0018803548
12 H     0.0039654287    -0.0026301477     0.0024590393
13 H    -0.0038658761    -0.0044623630    -0.0037822568
14 H     0.0026814510     0.0020879162    -0.0037988892
15 H     0.0010470742     0.0112338186     0.0052774461
16 H    -0.0000144283     0.0031187791     0.0062789270
17 H     0.0003178812    -0.0039947397    -0.0039981787
18 H     0.0004812203    -0.0012127549     0.0016445465
19 H    -0.0041729811     0.0023869929     0.0000946959
20 H    -0.0015851049    -0.0037052195     0.0064346728
21 H    -0.0037264155    -0.0019313652    -0.0023109448
22 H     0.0014264433    -0.0035735268    -0.0028919281
23 H     0.0000105145     0.0058971642     0.0045410803
24 H     0.0005638774    -0.0045920647     0.0014357624
25 H    -0.0037203968     0.0065872616    -0.0035268988
----------------------------------------------
[2026-07-08 15:35:16]   [OPT] [REP_00359] eval=004 E=-386.0216485625 Ha max|grad|=2.166e-02 Ha/Bohr SCF=True time=60.7s

WARN: Mole.unit (Angstrom) is changed to Bohr

converged SCF energy = -386.022779180231
--------------- DFTD3 gradients ---------------
         x                y                z
0 C    -0.0013129952    -0.0057959169    -0.0059308989
1 C     0.0085427690     0.0061341065     0.0073132637
2 C     0.0016151682     0.0001928473     0.0003931928
3 C     0.0025488764    -0.0002787740    -0.0006617239
4 C    -0.0003837928     0.0008518529    -0.0015874648
5 C    -0.0066373995    -0.0025202814     0.0041167956
6 C     0.0007004147     0.0034917268    -0.0055460915
7 C    -0.0016470876     0.0000010573    -0.0003282884
8 C    -0.0038085826     0.0008997433    -0.0008280273
9 C     0.0006044563    -0.0014129703     0.0013259240
10 H    -0.0020697627     0.0024721865     0.0027887893
11 H     0.0033901791    -0.0001810582    -0.0005685428
12 H     0.0035780409    -0.0022869163     0.0012576613
13 H     0.0000765991    -0.0031132003    -0.0035787587
14 H     0.0026032747     0.0016610677    -0.0035511431
15 H    -0.0004691597     0.0017252418     0.0010895317
16 H     0.0024719124     0.0024015765    -0.0007221827
17 H     0.0021172375    -0.0007096281    -0.0027372133
18 H    -0.0031601497     0.0011458652    -0.0022185436
19 H    -0.0035832124     0.0029611071    -0.0001711146
20 H    -0.0030963189    -0.0017365031     0.0027862132
21 H    -0.0032398199    -0.0018259510    -0.0026684574
22 H    -0.0016828115    -0.0030377117     0.0017152073
23 H    -0.0001761741     0.0001385794     0.0037347125
24 H     0.0013371204    -0.0027949301     0.0019655762
25 H     0.0016778548     0.0016293963     0.0026118969
----------------------------------------------
[2026-07-08 15:36:20]   [OPT] [REP_00359] eval=005 E=-386.0227791802 Ha max|grad|=8.543e-03 Ha/Bohr SCF=True time=63.9s

WARN: Mole.unit (Angstrom) is changed to Bohr

converged SCF energy = -386.023206321916
--------------- DFTD3 gradients ---------------
         x                y                z
0 C     0.0019723286    -0.0009868414    -0.0007459350
1 C     0.0024603701     0.0006836000     0.0012426795
2 C     0.0026776001     0.0010810003     0.0009580347
3 C     0.0019439035    -0.0019051998    -0.0011527235
4 C     0.0015145082     0.0008876599    -0.0022402737
5 C    -0.0052671521     0.0010288790    -0.0013028088
6 C    -0.0018733107     0.0007788281    -0.0014769161
7 C    -0.0007464596     0.0009617914    -0.0016642268
8 C    -0.0038160352    -0.0006749290     0.0002522171
9 C     0.0025323025    -0.0017729069     0.0024874550
10 H    -0.0016552533     0.0024048459     0.0026940741
11 H     0.0033407172    -0.0005540522    -0.0010447774
12 H     0.0030996467    -0.0018750370     0.0012041989
13 H     0.0000061187    -0.0031819139    -0.0035717561
14 H     0.0023728481     0.0011902853    -0.0030719511
15 H     0.0003922839     0.0036339080     0.0018693722
16 H     0.0013795820     0.0023891087     0.0010085882
17 H     0.0013656317    -0.0012111328    -0.0028267046
18 H    -0.0016265000    -0.0002942380     0.0000782617
19 H    -0.0035767037     0.0019464608    -0.0001144924
20 H    -0.0030519916    -0.0017972474     0.0028917572
21 H    -0.0032932619    -0.0014201997    -0.0018923031
22 H    -0.0010061362    -0.0027813124     0.0001211613
23 H    -0.0003710754     0.0016903469     0.0035002050
24 H     0.0010913958    -0.0027896920     0.0018509555
25 H     0.0001322310     0.0025806910     0.0009455889
----------------------------------------------
[2026-07-08 15:37:24]   [OPT] [REP_00359] eval=006 E=-386.0232063219 Ha max|grad|=5.267e-03 Ha/Bohr SCF=True time=63.1s

WARN: Mole.unit (Angstrom) is changed to Bohr

[2026-07-08 15:37:24]   [OPT] [REP_00359] done: success=False nit=3 neval=6 max|grad|=5.267e-03 message=STOP: TOTAL NO. OF ITERATIONS REACHED LIMIT
[2026-07-08 15:37:24]   [WARN] [REP_00359] Optimization did not fully converge; using last geometry
[2026-07-08 15:37:24]   [DFT] [REP_00359] final single-point start
converged SCF energy = -386.023206321916
[2026-07-08 15:38:10]   [DFT] [REP_00359] final SCF done: E=-386.0232063219 Ha converged=True time=46.8s
[2026-07-08 15:38:10]   [DFT] [REP_00359] descriptors: HOMO=-4.6830 eV LUMO=3.4753 eV gap=8.1582 eV opt_status=opt_not_converged: STOP: TOTAL NO. OF ITERATIONS REACHED LIMIT
[2026-07-08 15:38:10] END compound_id=REP_00359
