[2026-07-08 00:35:07] ========================================================================
[2026-07-08 00:35:07] BEGIN compound_id=REP_00225 molecule_index=225/732 method=DFT-b3lyp/sto-3g-D3
[2026-07-08 00:35:07] settings functional=b3lyp basis=sto-3g D3=True geom_max_steps=3 scf_max_cycles=50
[2026-07-08 00:35:07]   [xTB] [REP_00225] start: atoms=28 charge=0 multiplicity=1 opt=tight solvent=gas
[2026-07-08 00:35:09]   [OK] [REP_00225] GFN2-xTB converged; RMSD(MMFF,xTB)=0.0447 A
[2026-07-08 00:35:09]   [DFT] build PySCF molecule: atoms=28 charge=0 spin=0
[2026-07-08 00:35:09]   [DFT] [REP_00225] start
[2026-07-08 00:35:09]   [OPT] [REP_00225] start: atoms=28, basis=sto-3g, D3=True, maxiter=3

WARN: Mole.unit (Angstrom) is changed to Bohr

converged SCF energy = -460.284417223503
--------------- DFTD3 gradients ---------------
         x                y                z
0 C    -0.0042383530    -0.0073113707    -0.0020417171
1 C    -0.0042816528     0.0037111685     0.0075183743
2 C     0.0035611031    -0.0043295236    -0.0069348688
3 C    -0.0038382276     0.0059434205     0.0074427309
4 C     0.0000725366     0.0071033981    -0.0046542835
5 C    -0.0023857926    -0.0076400209     0.0051798014
6 C     0.0049121107    -0.0020560788    -0.0239343262
7 O    -0.0536974742     0.0276143801     0.0635718214
8 C     0.0086720991    -0.0324151461     0.0044802801
9 O    -0.0294978996     0.0827645168    -0.0228608567
10 H     0.0061277493    -0.0078807798     0.0000202168
11 H    -0.0083378426    -0.0034730876     0.0051591491
12 H    -0.0031562673     0.0002575665    -0.0095069998
13 H     0.0017019708    -0.0000129614     0.0086984146
14 H    -0.0056811753     0.0066430542     0.0010042858
15 H    -0.0014043577     0.0000423315    -0.0084621070
16 H     0.0061273883    -0.0063938965    -0.0014322220
17 H    -0.0061268272     0.0060164374     0.0016517156
18 H     0.0021136740    -0.0004030336     0.0086591479
19 H    -0.0024701477     0.0021572822    -0.0081152200
20 H     0.0024327264     0.0097661830     0.0018333006
21 H     0.0022679678    -0.0035005542     0.0086772064
22 H    -0.0018261598    -0.0088482860    -0.0021795097
23 H    -0.0058617653    -0.0038708515    -0.0139158564
24 H     0.0557907695     0.0080211128    -0.0355761199
25 H    -0.0011802397    -0.0075222138     0.0141807140
26 H    -0.0066374638    -0.0151436189    -0.0017075960
27 H     0.0468382902    -0.0492169913     0.0033264193
----------------------------------------------
[2026-07-08 00:36:04]   [OPT] [REP_00225] eval=001 E=-460.2844172235 Ha max|grad|=8.276e-02 Ha/Bohr SCF=True time=54.8s

WARN: Mole.unit (Angstrom) is changed to Bohr

converged SCF energy = -460.13860694509
--------------- DFTD3 gradients ---------------
         x                y                z
0 C    -0.0014129011     0.0032254880     0.0037785949
1 C     0.0038490107    -0.0133109307    -0.0151642470
2 C    -0.0090005289     0.0096623272     0.0161891702
3 C     0.0072838185    -0.0050269738    -0.0138493668
4 C    -0.0043007665    -0.0022742197     0.0135947162
5 C     0.0062327229     0.0033087646    -0.0313238091
6 C    -0.0397593622    -0.0070215772     0.1156391379
7 O     0.1239534718    -0.0265932627    -0.1216969871
8 C    -0.0169317833     0.1217684210    -0.0209739875
9 O     0.0903330799    -0.1530837948     0.0288810904
10 H    -0.0076541563     0.0046061350    -0.0009340964
11 H     0.0030059621    -0.0034690586    -0.0058440763
12 H     0.0014023148    -0.0033281280     0.0085371267
13 H    -0.0017832283     0.0021097559     0.0007320599
14 H     0.0004939802     0.0002127323     0.0027850709
15 H     0.0018974607    -0.0018778691     0.0000353922
16 H    -0.0002580766     0.0006751820    -0.0024158323
17 H    -0.0043816794     0.0015098125     0.0042597262
18 H    -0.0024551248     0.0027669796    -0.0010046723
19 H     0.0005461615     0.0023592568     0.0014003440
20 H     0.0009692799    -0.0013176021    -0.0055082771
21 H     0.0012281056    -0.0013726342    -0.0034543096
22 H    -0.0056118185    -0.0026927248     0.0067202056
23 H    -0.0000537959     0.0074289530    -0.0208755641
24 H    -0.0904920319    -0.0080397533     0.0674193564
25 H     0.0084642940    -0.0060529827    -0.0015457145
26 H     0.0055691639    -0.0240013496    -0.0145073837
27 H    -0.0711566763     0.0998577932    -0.0108940019
----------------------------------------------
[2026-07-08 00:37:06]   [OPT] [REP_00225] eval=002 E=-460.1386069451 Ha max|grad|=1.531e-01 Ha/Bohr SCF=True time=62.2s

WARN: Mole.unit (Angstrom) is changed to Bohr

converged SCF energy = -460.299711107281
--------------- DFTD3 gradients ---------------
         x                y                z
0 C    -0.0036123326    -0.0050559188    -0.0008200839
1 C    -0.0025397016     0.0000231404     0.0026264105
2 C     0.0008737772    -0.0013571480    -0.0019891347
3 C    -0.0014670970     0.0036153862     0.0028783434
4 C    -0.0008592443     0.0052198886    -0.0007695132
5 C     0.0000444214    -0.0052021574    -0.0032925487
6 C    -0.0056046403    -0.0033502696     0.0069959586
7 O     0.0234278071     0.0261653857     0.0037466547
8 C     0.0013169087     0.0029788847    -0.0008948420
9 O     0.0354845746     0.0006575735    -0.0146608214
10 H     0.0032257423    -0.0051750627    -0.0001704452
11 H    -0.0059181692    -0.0034412699     0.0028380445
12 H    -0.0021547780    -0.0004557035    -0.0056512291
13 H     0.0009952772     0.0004182717     0.0070304768
14 H    -0.0043890157     0.0053059016     0.0013506535
15 H    -0.0007332538    -0.0003424513    -0.0066842572
16 H     0.0047984493    -0.0049166559    -0.0016143791
17 H    -0.0057758246     0.0050676306     0.0021898018
18 H     0.0011783107     0.0002317645     0.0066245383
19 H    -0.0018485359     0.0021727072    -0.0061127438
20 H     0.0020905499     0.0074035349     0.0003139556
21 H     0.0021566667    -0.0029395845     0.0060567187
22 H    -0.0027115862    -0.0075436759    -0.0002546739
23 H    -0.0036809228    -0.0010464228    -0.0147364320
24 H    -0.0149569830    -0.0073984391     0.0055370429
25 H     0.0015423826    -0.0072775592     0.0106098860
26 H    -0.0032160986    -0.0166044397    -0.0043545262
27 H    -0.0176538517     0.0128321164     0.0032492846
----------------------------------------------
[2026-07-08 00:38:13]   [OPT] [REP_00225] eval=003 E=-460.2997111073 Ha max|grad|=3.548e-02 Ha/Bohr SCF=True time=67.3s

WARN: Mole.unit (Angstrom) is changed to Bohr

converged SCF energy = -460.303038338037
--------------- DFTD3 gradients ---------------
         x                y                z
0 C    -0.0030073388    -0.0041482462    -0.0006117032
1 C    -0.0023946084    -0.0004633558     0.0020612859
2 C     0.0005197899    -0.0010826124    -0.0014788503
3 C    -0.0013197087     0.0030811204     0.0024485523
4 C    -0.0007170405     0.0040791261    -0.0010361678
5 C    -0.0007318782    -0.0032308617     0.0011468661
6 C    -0.0013127274     0.0062966486     0.0042884269
7 O     0.0113738823     0.0109540321     0.0004202715
8 C     0.0059030230     0.0047456527    -0.0045104254
9 O     0.0156324625    -0.0006644593    -0.0059402832
10 H     0.0014987258    -0.0036702530    -0.0002718321
11 H    -0.0046236566    -0.0033689428     0.0016406492
12 H    -0.0016493121    -0.0009112729    -0.0034678993
13 H     0.0002815578     0.0006235376     0.0049624654
14 H    -0.0029625942     0.0036255618     0.0014602193
15 H    -0.0001381711    -0.0006058757    -0.0046278948
16 H     0.0032581068    -0.0032202033    -0.0016115354
17 H    -0.0046530946     0.0037970480     0.0023200438
18 H     0.0004246884     0.0007005755     0.0046604325
19 H    -0.0013000449     0.0022301530    -0.0039770616
20 H     0.0019546411     0.0059583500    -0.0003550875
21 H     0.0008663432    -0.0027586987     0.0025962944
22 H    -0.0026132086    -0.0066992328    -0.0000950785
23 H    -0.0016160078    -0.0014153449    -0.0072663776
24 H    -0.0063379356    -0.0040137159     0.0017893386
25 H     0.0011920886    -0.0055676614     0.0054117009
26 H    -0.0004832595    -0.0100902869    -0.0018274070
27 H    -0.0070259804     0.0058097949     0.0019174235
----------------------------------------------
[2026-07-08 00:39:18]   [OPT] [REP_00225] eval=004 E=-460.3030383380 Ha max|grad|=1.563e-02 Ha/Bohr SCF=True time=65.0s

WARN: Mole.unit (Angstrom) is changed to Bohr

converged SCF energy = -460.305000839117
--------------- DFTD3 gradients ---------------
         x                y                z
0 C    -0.0020374052    -0.0019487417     0.0003558515
1 C    -0.0015417901    -0.0009863725     0.0007529634
2 C    -0.0003349736    -0.0002754490    -0.0000728015
3 C    -0.0015519604     0.0021210701     0.0008486449
4 C    -0.0005577468     0.0023324132     0.0008437775
5 C    -0.0001254651    -0.0000759227    -0.0013640558
6 C     0.0015811316     0.0023233990    -0.0009072560
7 O    -0.0003863973     0.0005241897    -0.0002402575
8 C     0.0010837984    -0.0001753049    -0.0001179558
9 O    -0.0000190509     0.0007125511    -0.0001185205
10 H    -0.0011061867    -0.0015219332    -0.0003924397
11 H    -0.0023799707    -0.0032259443    -0.0004175906
12 H    -0.0009812420    -0.0016302063    -0.0002370750
13 H    -0.0009637380     0.0007583171     0.0013577824
14 H    -0.0006359791     0.0005943553     0.0015199192
15 H     0.0007446041    -0.0009373894    -0.0011171021
16 H     0.0006428728    -0.0003177682    -0.0014272227
17 H    -0.0025266990     0.0013916527     0.0024669002
18 H    -0.0007053724     0.0014782192     0.0014550068
19 H    -0.0003363322     0.0020752643    -0.0009013789
20 H     0.0013300637     0.0029561448    -0.0016224151
21 H    -0.0001552999    -0.0026301092     0.0014621123
22 H    -0.0011236991    -0.0017588020     0.0013038552
23 H     0.0002204072    -0.0003398033     0.0011163801
24 H     0.0034520025     0.0002247286    -0.0022577181
25 H     0.0005382499    -0.0018649743    -0.0042160831
26 H     0.0034077575     0.0014672551     0.0017050360
27 H     0.0044874877    -0.0012808311     0.0002666939
----------------------------------------------
[2026-07-08 00:40:15]   [OPT] [REP_00225] eval=005 E=-460.3050008391 Ha max|grad|=4.487e-03 Ha/Bohr SCF=True time=56.6s

WARN: Mole.unit (Angstrom) is changed to Bohr

[2026-07-08 00:40:15]   [OPT] [REP_00225] done: success=False nit=3 neval=5 max|grad|=4.487e-03 message=STOP: TOTAL NO. OF ITERATIONS REACHED LIMIT
[2026-07-08 00:40:15]   [WARN] [REP_00225] Optimization did not fully converge; using last geometry
[2026-07-08 00:40:15]   [DFT] [REP_00225] final single-point start
converged SCF energy = -460.305000839117
[2026-07-08 00:40:52]   [DFT] [REP_00225] final SCF done: E=-460.3050008391 Ha converged=True time=37.3s
[2026-07-08 00:40:52]   [DFT] [REP_00225] descriptors: HOMO=-3.4979 eV LUMO=7.2662 eV gap=10.7641 eV opt_status=opt_not_converged: STOP: TOTAL NO. OF ITERATIONS REACHED LIMIT
[2026-07-08 00:40:52] END compound_id=REP_00225
