[2026-07-08 07:11:14] ========================================================================
[2026-07-08 07:11:14] BEGIN compound_id=REP_00287 molecule_index=287/732 method=DFT-b3lyp/sto-3g-D3
[2026-07-08 07:11:14] settings functional=b3lyp basis=sto-3g D3=True geom_max_steps=3 scf_max_cycles=50
[2026-07-08 07:11:14]   [xTB] [REP_00287] start: atoms=29 charge=0 multiplicity=1 opt=tight solvent=gas
[2026-07-08 07:11:17]   [OK] [REP_00287] GFN2-xTB converged; RMSD(MMFF,xTB)=0.0613 A
[2026-07-08 07:11:17]   [DFT] build PySCF molecule: atoms=29 charge=0 spin=0
[2026-07-08 07:11:17]   [DFT] [REP_00287] start
[2026-07-08 07:11:17]   [OPT] [REP_00287] start: atoms=29, basis=sto-3g, D3=True, maxiter=3

WARN: Mole.unit (Angstrom) is changed to Bohr

converged SCF energy = -461.454629969616
--------------- DFTD3 gradients ---------------
         x                y                z
0 C     0.0058536103    -0.0094990493    -0.0026995186
1 C    -0.0001803749    -0.0003379614     0.0003601437
2 C     0.0044502593     0.0043866637     0.0096235560
3 C     0.0020104337     0.0075479596    -0.0082647984
4 C     0.0007990983    -0.0054974717     0.0063220784
5 C     0.0036719804    -0.0062616343    -0.0105211602
6 C     0.0063497639    -0.0222764082    -0.0069519487
7 C     0.0425633965    -0.0133741654     0.0198889948
8 O    -0.0864332626     0.0250858421    -0.0380041976
9 C     0.0031002376     0.0101148809     0.0217507441
10 C     0.0019086499     0.0114896245     0.0052131792
11 H    -0.0029932992    -0.0040204131    -0.0087716544
12 H     0.0096310242     0.0015941041     0.0001275240
13 H    -0.0019197129    -0.0073410086     0.0062636185
14 H    -0.0020992697    -0.0055690034     0.0078353374
15 H    -0.0042703950     0.0087846913     0.0025887557
16 H     0.0097128097     0.0007687124    -0.0006083227
17 H    -0.0037423141    -0.0030397928    -0.0088615957
18 H    -0.0049118293     0.0086764015     0.0015308065
19 H     0.0093722351     0.0021363127    -0.0013521685
20 H    -0.0003537620    -0.0043150981     0.0048175667
21 H     0.0061224672    -0.0059829183    -0.0038757146
22 H     0.0013541332     0.0051023105    -0.0070319037
23 H    -0.0035775828    -0.0044048818    -0.0065119722
24 H     0.0012274749    -0.0078457677     0.0051537171
25 H     0.0008517528    -0.0040635486     0.0085130534
26 H    -0.0046725370     0.0065285670     0.0031865340
27 H     0.0011976349     0.0065177013    -0.0057763321
28 H     0.0050073918     0.0051782590     0.0060318957
----------------------------------------------
[2026-07-08 07:12:32]   [OPT] [REP_00287] eval=001 E=-461.4546299696 Ha max|grad|=8.643e-02 Ha/Bohr SCF=True time=75.4s

WARN: Mole.unit (Angstrom) is changed to Bohr

converged SCF energy = -461.260297761954
--------------- DFTD3 gradients ---------------
         x                y                z
0 C    -0.0034586609     0.0099191842     0.0035871057
1 C     0.0218103403     0.0007699959     0.0016141082
2 C    -0.0018917055    -0.0050222712    -0.0097002133
3 C    -0.0046664643    -0.0084078929     0.0088635369
4 C    -0.0127080335     0.0208125931    -0.0250742446
5 C     0.0115555600     0.0025384826     0.0131281992
6 C     0.0057830100     0.0366343775     0.0246002598
7 C    -0.2415578694     0.0672140869    -0.1030403997
8 O     0.1772444225    -0.0503834015     0.0767432006
9 C     0.0123287299    -0.0279467396    -0.0324720693
10 C     0.0129479481    -0.0118412864     0.0004128076
11 H     0.0061562094    -0.0013033692     0.0100495256
12 H    -0.0088458531    -0.0080495558    -0.0020890655
13 H     0.0060998919     0.0037653328    -0.0101447272
14 H     0.0054388379     0.0102615006    -0.0043627192
15 H     0.0069296875    -0.0090885745     0.0031424984
16 H    -0.0098886290     0.0019843040     0.0068178563
17 H     0.0055863200     0.0091267785     0.0068370148
18 H     0.0071934205    -0.0071125268    -0.0075893253
19 H    -0.0107751200     0.0019882018    -0.0034499157
20 H    -0.0016126849    -0.0080031218     0.0088633414
21 H     0.0131119765    -0.0041989427    -0.0097892708
22 H     0.0001906464    -0.0106642361     0.0046164764
23 H    -0.0107868176    -0.0090904681    -0.0083762014
24 H     0.0092904935    -0.0257292729    -0.0014300536
25 H     0.0061708770     0.0054273570     0.0260835368
26 H    -0.0125517719     0.0081848041     0.0068812933
27 H    -0.0005248149    -0.0033238712     0.0110843401
28 H     0.0115050021     0.0115762948     0.0041662759
----------------------------------------------
[2026-07-08 07:14:46]   [OPT] [REP_00287] eval=002 E=-461.2602977620 Ha max|grad|=2.416e-01 Ha/Bohr SCF=True time=133.8s

WARN: Mole.unit (Angstrom) is changed to Bohr

converged SCF energy = -461.459268556129
--------------- DFTD3 gradients ---------------
         x                y                z
0 C     0.0046393177    -0.0069423539    -0.0018736747
1 C     0.0028750355    -0.0001124547     0.0004535825
2 C     0.0036268117     0.0031509213     0.0070803329
3 C     0.0011429285     0.0054351618    -0.0059942804
4 C    -0.0014053790    -0.0021668147     0.0022883460
5 C     0.0048937860    -0.0048755421    -0.0072365668
6 C     0.0042758458    -0.0130623388    -0.0030973569
7 C    -0.0727077700     0.0191097022    -0.0297326597
8 O     0.0302110898    -0.0078995344     0.0123338625
9 C     0.0024733400     0.0050159861     0.0129360101
10 C     0.0035843935     0.0082449581     0.0043960756
11 H    -0.0018604914    -0.0036320835    -0.0063645932
12 H     0.0072446543     0.0004111204    -0.0001450949
13 H    -0.0009244573    -0.0058746815     0.0041834114
14 H    -0.0011582421    -0.0035710617     0.0062293438
15 H    -0.0028701180     0.0064900574     0.0026157884
16 H     0.0071890987     0.0009050986     0.0002904667
17 H    -0.0025637281    -0.0015212109    -0.0068096524
18 H    -0.0033779686     0.0066165664     0.0004055333
19 H     0.0067962067     0.0020835122    -0.0015823394
20 H    -0.0005171959    -0.0047427442     0.0052852003
21 H     0.0068822676    -0.0057708783    -0.0045820942
22 H     0.0011667220     0.0031437260    -0.0054917834
23 H    -0.0044863590    -0.0052206213    -0.0068672563
24 H     0.0023390782    -0.0101607288     0.0044663449
25 H     0.0016230763    -0.0029911676     0.0108151125
26 H    -0.0057025598     0.0068804175     0.0038586281
27 H     0.0009500828     0.0051989714    -0.0036741292
28 H     0.0057092605     0.0059339979     0.0058025238
----------------------------------------------
[2026-07-08 07:16:01]   [OPT] [REP_00287] eval=003 E=-461.4592685561 Ha max|grad|=7.271e-02 Ha/Bohr SCF=True time=75.2s

WARN: Mole.unit (Angstrom) is changed to Bohr

converged SCF energy = -461.462446860825
--------------- DFTD3 gradients ---------------
         x                y                z
0 C     0.0042094536    -0.0059962433    -0.0016108451
1 C     0.0032385596    -0.0000695546     0.0004461384
2 C     0.0033335756     0.0027372932     0.0061367277
3 C     0.0011134712     0.0046468296    -0.0051097183
4 C    -0.0010010973    -0.0016238195     0.0017181176
5 C     0.0032742284    -0.0035242943    -0.0056792589
6 C    -0.0002834446    -0.0082992206    -0.0028492014
7 C    -0.0398833068     0.0097569938    -0.0154874975
8 O     0.0076454535    -0.0014891536     0.0025611704
9 C    -0.0014808475     0.0037255031     0.0078124620
10 C     0.0022851045     0.0063745662     0.0030968421
11 H    -0.0013827870    -0.0034198759    -0.0053105258
12 H     0.0063293464    -0.0001034185    -0.0002633709
13 H    -0.0005212640    -0.0052352685     0.0033327356
14 H    -0.0007723772    -0.0027582470     0.0055320744
15 H    -0.0022701424     0.0054783567     0.0025841113
16 H     0.0062152570     0.0009779475     0.0006933237
17 H    -0.0020970601    -0.0009370557    -0.0059395507
18 H    -0.0027654829     0.0057433935    -0.0000167654
19 H     0.0056567199     0.0020823283    -0.0017093983
20 H    -0.0005924425    -0.0042761453     0.0047515499
21 H     0.0069360599    -0.0055182390    -0.0046721739
22 H     0.0012782732     0.0022958799    -0.0048759638
23 H    -0.0036075612    -0.0059067974    -0.0064272268
24 H     0.0019514427    -0.0092550559     0.0039753112
25 H     0.0012918574    -0.0026516311     0.0098215719
26 H    -0.0048655603     0.0066210033     0.0046773129
27 H     0.0010280402     0.0046996349    -0.0027498270
28 H     0.0057822227     0.0060014786     0.0055478705
----------------------------------------------
[2026-07-08 07:17:15]   [OPT] [REP_00287] eval=004 E=-461.4624468608 Ha max|grad|=3.988e-02 Ha/Bohr SCF=True time=74.2s

WARN: Mole.unit (Angstrom) is changed to Bohr

converged SCF energy = -461.466164965863
--------------- DFTD3 gradients ---------------
         x                y                z
0 C     0.0026546331    -0.0027832273    -0.0006986090
1 C     0.0039429336     0.0000960647     0.0003385750
2 C     0.0022451102     0.0013021201     0.0029249197
3 C     0.0009433309     0.0019719979    -0.0021156506
4 C    -0.0000031105    -0.0001274158     0.0001341602
5 C    -0.0002761331    -0.0012606987    -0.0016744189
6 C    -0.0082568691     0.0009099437    -0.0011538385
7 C     0.0084535755    -0.0040970536     0.0055767993
8 O    -0.0189595139     0.0061151045    -0.0090108732
9 C    -0.0081740839     0.0001231251    -0.0018552561
10 C    -0.0005831732     0.0017698755     0.0010109991
11 H     0.0002984232    -0.0026438693    -0.0016453250
12 H     0.0032386511    -0.0018905543    -0.0006754609
13 H     0.0008937024    -0.0029933007     0.0003936371
14 H     0.0005861410     0.0000488556     0.0030928261
15 H    -0.0001599516     0.0019587179     0.0024382893
16 H     0.0029205380     0.0012421014     0.0021012428
17 H    -0.0004523547     0.0010664615    -0.0028576766
18 H    -0.0006112093     0.0026565873    -0.0014488734
19 H     0.0018125110     0.0021068675    -0.0021701977
20 H    -0.0007842757    -0.0023803939     0.0025953895
21 H     0.0058236301    -0.0033327300    -0.0043089577
22 H     0.0015137474    -0.0004524252    -0.0027448977
23 H    -0.0016875239    -0.0069678815    -0.0045521391
24 H     0.0010068477    -0.0057602329     0.0006940319
25 H     0.0004218986     0.0000892273     0.0058706120
26 H    -0.0028968409     0.0051023624     0.0061463094
27 H     0.0011696871     0.0029329022     0.0002511490
28 H     0.0049633350     0.0052761246     0.0033277166
----------------------------------------------
[2026-07-08 07:18:27]   [OPT] [REP_00287] eval=005 E=-461.4661649659 Ha max|grad|=1.896e-02 Ha/Bohr SCF=True time=71.9s

WARN: Mole.unit (Angstrom) is changed to Bohr

[2026-07-08 07:18:27]   [OPT] [REP_00287] done: success=False nit=3 neval=5 max|grad|=1.896e-02 message=STOP: TOTAL NO. OF ITERATIONS REACHED LIMIT
[2026-07-08 07:18:27]   [WARN] [REP_00287] Optimization did not fully converge; using last geometry
[2026-07-08 07:18:27]   [DFT] [REP_00287] final single-point start
converged SCF energy = -461.466164965863
[2026-07-08 07:19:21]   [DFT] [REP_00287] final SCF done: E=-461.4661649659 Ha converged=True time=53.5s
[2026-07-08 07:19:21]   [DFT] [REP_00287] descriptors: HOMO=-3.6034 eV LUMO=2.4712 eV gap=6.0746 eV opt_status=opt_not_converged: STOP: TOTAL NO. OF ITERATIONS REACHED LIMIT
[2026-07-08 07:19:21] END compound_id=REP_00287
