[2026-07-07 19:09:30] ========================================================================
[2026-07-07 19:09:30] BEGIN compound_id=REP_00178 molecule_index=178/732 method=DFT-b3lyp/sto-3g-D3
[2026-07-07 19:09:30] settings functional=b3lyp basis=sto-3g D3=True geom_max_steps=3 scf_max_cycles=50
[2026-07-07 19:09:30]   [xTB] [REP_00178] start: atoms=25 charge=0 multiplicity=1 opt=tight solvent=gas
[2026-07-07 19:09:34]   [OK] [REP_00178] GFN2-xTB converged; RMSD(MMFF,xTB)=0.1324 A
[2026-07-07 19:09:34]   [DFT] build PySCF molecule: atoms=25 charge=0 spin=0
[2026-07-07 19:09:34]   [DFT] [REP_00178] start
[2026-07-07 19:09:34]   [OPT] [REP_00178] start: atoms=25, basis=sto-3g, D3=True, maxiter=3

WARN: Mole.unit (Angstrom) is changed to Bohr

converged SCF energy = -421.444688959766
--------------- DFTD3 gradients ---------------
         x                y                z
0 C    -0.0083269043     0.0014256037     0.0063311801
1 C     0.0166617712     0.0128407746    -0.0063830428
2 O    -0.0819525576    -0.0037889944     0.0010536187
3 C     0.0039392901    -0.0022009516     0.0125712762
4 C     0.0143741395     0.0180743170    -0.0066576603
5 O    -0.0867071609    -0.0300224593     0.0163475977
6 C     0.0114603559    -0.0000898028    -0.0030236151
7 C     0.0009360864    -0.0085894839     0.0024547540
8 C     0.0053216808     0.0063577251     0.0053623988
9 H    -0.0027424361    -0.0084127889     0.0060137629
10 H     0.0029448628     0.0064418513     0.0078282876
11 H    -0.0099530301     0.0048788417    -0.0027189542
12 H     0.0065468285     0.0131396582     0.0017417688
13 H     0.0603980907    -0.0200741844    -0.0284152416
14 H     0.0044356503     0.0022443093     0.0091210782
15 H    -0.0012849954    -0.0081986143     0.0050897541
16 H     0.0031635806     0.0128701183     0.0015954834
17 H     0.0540432265     0.0062743770    -0.0364319399
18 H     0.0040565540    -0.0000151600    -0.0049572556
19 H    -0.0052377904    -0.0005969055     0.0085462247
20 H    -0.0052446735    -0.0065813523    -0.0062466358
21 H     0.0088016888    -0.0042320330     0.0022939737
22 H    -0.0056963350     0.0006856004     0.0085223665
23 H     0.0004691307     0.0094285343    -0.0034842990
24 H     0.0096271713    -0.0018306168     0.0034137309
----------------------------------------------
[2026-07-07 19:10:18]   [OPT] [REP_00178] eval=001 E=-421.4446889598 Ha max|grad|=8.671e-02 Ha/Bohr SCF=True time=43.5s

WARN: Mole.unit (Angstrom) is changed to Bohr

converged SCF energy = -421.310834358315
--------------- DFTD3 gradients ---------------
         x                y                z
0 C     0.0262074934     0.0143130918    -0.0017811684
1 C    -0.1019541832    -0.0375325983     0.0161588602
2 O     0.1563925341    -0.0129221308    -0.0308338005
3 C     0.0155766187     0.0134148821    -0.0238099487
4 C    -0.0744933611    -0.0685036886     0.0340938041
5 O     0.1514646711     0.0394915581    -0.0548059952
6 C    -0.0127401167    -0.0049033480    -0.0037228998
7 C    -0.0025426546     0.0024785106    -0.0003532807
8 C     0.0013829487     0.0016872751     0.0034629111
9 H     0.0013608332     0.0081292688    -0.0034162254
10 H    -0.0117241331    -0.0055303452     0.0003435258
11 H     0.0030700767    -0.0015634356     0.0052141922
12 H     0.0083734553     0.0128924279    -0.0096515269
13 H    -0.0892200730     0.0288133426     0.0349291617
14 H     0.0002126577     0.0014396286     0.0148411577
15 H     0.0051637785     0.0054223805     0.0011374070
16 H     0.0022483033     0.0217742736    -0.0184488925
17 H    -0.1058888793    -0.0170524045     0.0478981897
18 H     0.0154423776    -0.0024340100    -0.0077209953
19 H     0.0061002621    -0.0025521949    -0.0098903342
20 H     0.0046049497     0.0024106838     0.0065298486
21 H    -0.0058443309    -0.0029353549     0.0007724669
22 H     0.0077027903     0.0011757640    -0.0089456031
23 H     0.0025002051    -0.0036703055     0.0058398355
24 H    -0.0033454677     0.0060628413     0.0021882816
----------------------------------------------
[2026-07-07 19:11:12]   [OPT] [REP_00178] eval=002 E=-421.3108343583 Ha max|grad|=1.564e-01 Ha/Bohr SCF=True time=54.7s

WARN: Mole.unit (Angstrom) is changed to Bohr

converged SCF energy = -421.459603074517
--------------- DFTD3 gradients ---------------
         x                y                z
0 C    -0.0001431604     0.0044545994     0.0041418644
1 C    -0.0104675011     0.0023427313    -0.0007872994
2 O     0.0044782858    -0.0247612662    -0.0287809168
3 C     0.0069246275     0.0009338165     0.0036930285
4 C    -0.0058121334    -0.0000236157     0.0031588332
5 O     0.0059887346    -0.0161016625    -0.0324225817
6 C     0.0062034491    -0.0011748990    -0.0036315325
7 C     0.0001500730    -0.0062338773     0.0019102323
8 C     0.0045121945     0.0053555965     0.0050098806
9 H    -0.0017314976    -0.0049028719     0.0038667066
10 H    -0.0002642588     0.0037894525     0.0061110277
11 H    -0.0071287111     0.0034843634    -0.0011166729
12 H     0.0069392844     0.0123552653    -0.0011388323
13 H    -0.0058946909     0.0097251450     0.0089655249
14 H     0.0032215489     0.0021422704     0.0102793600
15 H     0.0001882826    -0.0053408353     0.0040689157
16 H     0.0032409113     0.0137527902    -0.0029702565
17 H    -0.0214077508     0.0030013034     0.0157594040
18 H     0.0064588952    -0.0005391193    -0.0054587575
19 H    -0.0027854424    -0.0009588111     0.0045218023
20 H    -0.0031607799    -0.0045845117    -0.0035188140
21 H     0.0056627327    -0.0039326571     0.0019695287
22 H    -0.0028347602     0.0007440682     0.0046966422
23 H     0.0008675663     0.0066023571    -0.0015248704
24 H     0.0068311051    -0.0001489041     0.0031569526
----------------------------------------------
[2026-07-07 19:11:56]   [OPT] [REP_00178] eval=003 E=-421.4596030745 Ha max|grad|=3.242e-02 Ha/Bohr SCF=True time=43.7s

WARN: Mole.unit (Angstrom) is changed to Bohr

converged SCF energy = -421.463078984157
--------------- DFTD3 gradients ---------------
         x                y                z
0 C    -0.0036120599     0.0018317865     0.0023558255
1 C    -0.0098011186    -0.0015469416    -0.0063072201
2 O     0.0051206966    -0.0121828862    -0.0138630123
3 C     0.0007485384    -0.0001177471     0.0028573635
4 C    -0.0050241910    -0.0032720672    -0.0063954232
5 O     0.0017239365    -0.0060604158    -0.0128538461
6 C     0.0034228574    -0.0009683244    -0.0019771153
7 C     0.0008488698    -0.0048585716     0.0012008361
8 C     0.0036713212     0.0036850049     0.0032801711
9 H    -0.0010301443    -0.0015119689     0.0024972553
10 H    -0.0005011840     0.0033046115     0.0053669282
11 H    -0.0045986934     0.0024255196     0.0007869492
12 H     0.0043509430     0.0073003138    -0.0005509148
13 H     0.0001132508     0.0052786764     0.0034238303
14 H     0.0027014060     0.0013785732     0.0085112909
15 H     0.0011680228    -0.0023284364     0.0035121409
16 H     0.0018767581     0.0077926576    -0.0020478816
17 H    -0.0122151848     0.0021573308     0.0068491995
18 H     0.0062648059    -0.0005503130    -0.0048625509
19 H    -0.0016887283    -0.0011350107     0.0027123955
20 H    -0.0020749627    -0.0036043161    -0.0020583949
21 H     0.0035879050    -0.0037261912     0.0017698089
22 H    -0.0014716183     0.0008434746     0.0030909726
23 H     0.0011000808     0.0050614706    -0.0004070073
24 H     0.0053645967     0.0007942092     0.0030750420
----------------------------------------------
[2026-07-07 19:12:40]   [OPT] [REP_00178] eval=004 E=-421.4630789842 Ha max|grad|=1.386e-02 Ha/Bohr SCF=True time=43.6s

WARN: Mole.unit (Angstrom) is changed to Bohr

converged SCF energy = -421.465571064316
--------------- DFTD3 gradients ---------------
         x                y                z
0 C    -0.0023304609     0.0015184597     0.0000007885
1 C    -0.0025730413     0.0004999427    -0.0019750777
2 O     0.0018944406    -0.0002653369    -0.0005714459
3 C    -0.0034089209     0.0017748474    -0.0006380409
4 C    -0.0009184450     0.0010349240    -0.0021746270
5 O    -0.0047286882     0.0012348677     0.0031628686
6 C     0.0010969832    -0.0008233116    -0.0033325756
7 C     0.0007345682    -0.0016131453    -0.0000484262
8 C     0.0007272108     0.0008016490    -0.0000788434
9 H    -0.0011515370     0.0013460344     0.0013562397
10 H    -0.0021436001    -0.0002780410     0.0004997452
11 H    -0.0037638244     0.0016273713     0.0029340370
12 H    -0.0005421836    -0.0018389353     0.0003670080
13 H     0.0076316524    -0.0002335384    -0.0034698824
14 H     0.0003970878    -0.0010309865     0.0014963688
15 H     0.0015396508    -0.0000711259     0.0031004246
16 H    -0.0005425679    -0.0020752708    -0.0013116346
17 H    -0.0017473398     0.0006863295    -0.0041592065
18 H     0.0038138280    -0.0006377580    -0.0009198447
19 H     0.0004045376    -0.0015895407    -0.0005593274
20 H     0.0000634011    -0.0018887413     0.0005886660
21 H     0.0005187875    -0.0034883049     0.0014002002
22 H     0.0011697838     0.0010911393     0.0001629276
23 H     0.0014932147     0.0019171392     0.0015867024
24 H     0.0024156809     0.0022945691     0.0025721053
----------------------------------------------
[2026-07-07 19:13:26]   [OPT] [REP_00178] eval=005 E=-421.4655710643 Ha max|grad|=7.632e-03 Ha/Bohr SCF=True time=46.6s

WARN: Mole.unit (Angstrom) is changed to Bohr

[2026-07-07 19:13:26]   [OPT] [REP_00178] done: success=False nit=3 neval=5 max|grad|=7.632e-03 message=STOP: TOTAL NO. OF ITERATIONS REACHED LIMIT
[2026-07-07 19:13:26]   [WARN] [REP_00178] Optimization did not fully converge; using last geometry
[2026-07-07 19:13:26]   [DFT] [REP_00178] final single-point start
converged SCF energy = -421.465571064317
[2026-07-07 19:13:57]   [DFT] [REP_00178] final SCF done: E=-421.4655710643 Ha converged=True time=30.6s
[2026-07-07 19:13:57]   [DFT] [REP_00178] descriptors: HOMO=-2.9770 eV LUMO=7.0687 eV gap=10.0457 eV opt_status=opt_not_converged: STOP: TOTAL NO. OF ITERATIONS REACHED LIMIT
[2026-07-07 19:13:57] END compound_id=REP_00178
