[2026-07-07 07:00:39] ========================================================================
[2026-07-07 07:00:39] BEGIN compound_id=REP_00084 molecule_index=84/732 method=DFT-b3lyp/sto-3g-D3
[2026-07-07 07:00:39] settings functional=b3lyp basis=sto-3g D3=True geom_max_steps=3 scf_max_cycles=50
[2026-07-07 07:00:39]   [xTB] [REP_00084] start: atoms=40 charge=0 multiplicity=1 opt=tight solvent=gas
[2026-07-07 07:00:47]   [OK] [REP_00084] GFN2-xTB converged; RMSD(MMFF,xTB)=0.4668 A
[2026-07-07 07:00:47]   [DFT] build PySCF molecule: atoms=40 charge=0 spin=0
[2026-07-07 07:00:47]   [DFT] [REP_00084] start
[2026-07-07 07:00:47]   [OPT] [REP_00084] start: atoms=40, basis=sto-3g, D3=True, maxiter=3

WARN: Mole.unit (Angstrom) is changed to Bohr

converged SCF energy = -726.354615170789
--------------- DFTD3 gradients ---------------
         x                y                z
0 C    -0.0068242150     0.0069990641    -0.0026233028
1 C     0.0066457423     0.0034774832    -0.0024862164
2 C     0.0009297566    -0.0082618572    -0.0059899096
3 C    -0.0023960369    -0.0111691539     0.0029619120
4 C    -0.0083153040    -0.0066743823     0.0168462721
5 O    -0.0326540183     0.0700096844    -0.0500419123
6 C     0.0330509323     0.0156163151    -0.0106959199
7 O     0.0046898593    -0.0855860561     0.0589819718
8 C     0.0114165397     0.0228311959    -0.0071034479
9 C    -0.0186096371     0.0112234570    -0.0004854463
10 O     0.0811122796    -0.0196959236    -0.0023506015
11 C    -0.0147382478    -0.0006892128    -0.0088304905
12 C    -0.0059000938    -0.0096801332    -0.0035171442
13 C     0.0045088439    -0.0024125061    -0.0120591048
14 C     0.0116343956     0.0014811812     0.0005175151
15 C     0.0077092590     0.0098289341     0.0016451535
16 H    -0.0010988209     0.0022759020    -0.0097771664
17 H    -0.0001642581     0.0090769029     0.0052260760
18 H    -0.0084651698    -0.0039982507     0.0024548495
19 H     0.0073873598     0.0041017676    -0.0011761306
20 H    -0.0007680838     0.0015085923    -0.0101465577
21 H    -0.0078570660    -0.0058217853     0.0019390112
22 H     0.0080888383    -0.0058565644     0.0017362546
23 H     0.0051951341    -0.0067692616     0.0020709405
24 H    -0.0079424610    -0.0044459105     0.0027340321
25 H    -0.0107926137     0.0091808778    -0.0000643785
26 H    -0.0030395730    -0.0041753680     0.0133067610
27 H     0.0050956861     0.0060061549     0.0055766453
28 H    -0.0006691325     0.0087022552    -0.0057457986
29 H    -0.0608180680    -0.0058522728     0.0267335398
30 H    -0.0044591064     0.0050985881    -0.0055237381
31 H    -0.0074190842    -0.0023995626     0.0024648232
32 H    -0.0043221776    -0.0048783047    -0.0058845030
33 H     0.0020634847    -0.0072604789     0.0055052457
34 H     0.0049334391    -0.0054245261    -0.0053797422
35 H    -0.0017696915     0.0052042139    -0.0059864741
36 H     0.0042201636    -0.0068324462     0.0058650670
37 H     0.0080125103     0.0029992889    -0.0028253014
38 H    -0.0022276513     0.0069928403    -0.0043982932
39 H     0.0045452349     0.0054229835     0.0063526022
----------------------------------------------
[2026-07-07 07:02:23]   [OPT] [REP_00084] eval=001 E=-726.3546151708 Ha max|grad|=8.559e-02 Ha/Bohr SCF=True time=95.4s

WARN: Mole.unit (Angstrom) is changed to Bohr

converged SCF energy = -726.22990183188
--------------- DFTD3 gradients ---------------
         x                y                z
0 C     0.0030301428    -0.0030617112     0.0010561363
1 C    -0.0160855000    -0.0098288918    -0.0003058076
2 C    -0.0005888196     0.0036040309    -0.0006240353
3 C     0.0048210109     0.0099093838     0.0053878279
4 C    -0.0095794144     0.0522932764    -0.0494601786
5 O     0.0700895708    -0.0808241873     0.0599230124
6 C    -0.1326718391    -0.1012040192     0.0891291087
7 O     0.0289690195     0.1475345352    -0.1206852253
8 C     0.0155954890    -0.0168248789     0.0294438147
9 C     0.1040272771    -0.0421711098    -0.0090168577
10 O    -0.1476467663     0.0146947337     0.0298324251
11 C     0.0109469330    -0.0028024925     0.0160559656
12 C     0.0128621995     0.0086611249     0.0031025956
13 C    -0.0073936666     0.0046307665     0.0180129253
14 C    -0.0124246231    -0.0093271029    -0.0002769266
15 C    -0.0225804200     0.0003451011    -0.0158904758
16 H    -0.0030450730     0.0022440384     0.0035014819
17 H    -0.0034578734    -0.0012595829    -0.0031861778
18 H     0.0053062751     0.0056904579    -0.0028446549
19 H     0.0058389129     0.0029598959     0.0002774757
20 H     0.0005021031    -0.0052082820     0.0022551388
21 H     0.0067577355     0.0021838260    -0.0035520498
22 H    -0.0033483271    -0.0010539899    -0.0031474638
23 H     0.0003517579    -0.0059493467     0.0020977079
24 H    -0.0020365923    -0.0067235855    -0.0014898928
25 H    -0.0059293243    -0.0234453211     0.0132511103
26 H     0.0092595393    -0.0004161123     0.0183617244
27 H     0.0116957383     0.0127709020    -0.0002891529
28 H    -0.0023182157     0.0257807101    -0.0167305370
29 H     0.0778206946     0.0096857462    -0.0285587842
30 H    -0.0091997674     0.0038820331    -0.0092482475
31 H    -0.0120518338    -0.0016906599    -0.0019318852
32 H    -0.0053288242    -0.0089465579    -0.0066518804
33 H    -0.0045305512     0.0020593888    -0.0039594002
34 H     0.0054016923    -0.0051774395    -0.0089614331
35 H     0.0020141144    -0.0019034812    -0.0035293318
36 H     0.0019445317     0.0053616674    -0.0046004573
37 H     0.0117080548     0.0023305889    -0.0022612777
38 H     0.0087315875     0.0044258344    -0.0000404294
39 H     0.0025964269     0.0067617208     0.0055497373
----------------------------------------------
[2026-07-07 07:04:10]   [OPT] [REP_00084] eval=002 E=-726.2299018319 Ha max|grad|=1.476e-01 Ha/Bohr SCF=True time=107.1s

WARN: Mole.unit (Angstrom) is changed to Bohr

converged SCF energy = -726.374996568402
--------------- DFTD3 gradients ---------------
         x                y                z
0 C    -0.0043801337     0.0044691465    -0.0017077165
1 C     0.0010083802     0.0002681626    -0.0019902796
2 C     0.0005219005    -0.0053123399    -0.0046666065
3 C    -0.0008518476    -0.0061844171     0.0036052998
4 C    -0.0093659431     0.0069266411     0.0019488846
5 O     0.0104329933     0.0221550206    -0.0155436659
6 C    -0.0210183451    -0.0534895458     0.0447156268
7 O     0.0071338043     0.0263976140    -0.0253294625
8 C     0.0111882342     0.0096257391     0.0035294571
9 C     0.0127018834    -0.0013026115    -0.0024478867
10 O    -0.0074538170    -0.0203621467     0.0260036571
11 C    -0.0082479500    -0.0014324789    -0.0022336652
12 C    -0.0010793755    -0.0050583677    -0.0019951987
13 C     0.0015350159    -0.0007393817    -0.0043999949
14 C     0.0055236552    -0.0013056516     0.0002817814
15 C    -0.0003826375     0.0072561200    -0.0026934330
16 H    -0.0015583564     0.0022465060    -0.0065239410
17 H    -0.0009452272     0.0065170382     0.0031803848
18 H    -0.0050162411    -0.0016468636     0.0011624415
19 H     0.0070059501     0.0038273172    -0.0008108048
20 H    -0.0004635934    -0.0001129515    -0.0070918586
21 H    -0.0042504494    -0.0037934531     0.0006209919
22 H     0.0052899651    -0.0046602045     0.0005664697
23 H     0.0040406069    -0.0065468337     0.0020813162
24 H    -0.0065143071    -0.0050299796     0.0016681419
25 H    -0.0093206093     0.0006456693     0.0030088899
26 H     0.0002661903    -0.0032676211     0.0142232167
27 H     0.0067003013     0.0078572573     0.0041558263
28 H    -0.0010760622     0.0124860827    -0.0082687946
29 H     0.0055885790     0.0087773725    -0.0092602889
30 H    -0.0055998929     0.0048370591    -0.0063415800
31 H    -0.0085998638    -0.0022301858     0.0014014694
32 H    -0.0045595935    -0.0058624254    -0.0060313464
33 H     0.0004761812    -0.0049614291     0.0031912932
34 H     0.0050440487    -0.0053557070    -0.0062504347
35 H    -0.0008717211     0.0035146253    -0.0053861026
36 H     0.0036608854    -0.0038700580     0.0032593560
37 H     0.0089001927     0.0028159559    -0.0026422636
38 H     0.0004794689     0.0063142613    -0.0033243373
39 H     0.0040421447     0.0057237032     0.0061991166
----------------------------------------------
[2026-07-07 07:05:52]   [OPT] [REP_00084] eval=003 E=-726.3749965684 Ha max|grad|=5.349e-02 Ha/Bohr SCF=True time=102.2s

WARN: Mole.unit (Angstrom) is changed to Bohr

converged SCF energy = -726.381152888092
--------------- DFTD3 gradients ---------------
         x                y                z
0 C    -0.0031007714     0.0032456118    -0.0013232533
1 C     0.0003196945    -0.0004788980    -0.0017585878
2 C     0.0003844426    -0.0039006018    -0.0037468236
3 C    -0.0009094757    -0.0029860078     0.0031828385
4 C    -0.0031839671     0.0092247183    -0.0004373302
5 O     0.0115330062     0.0007047292     0.0007322442
6 C    -0.0116473784     0.0029627932     0.0025254390
7 O     0.0011455296    -0.0048697516    -0.0011702581
8 C     0.0003217472    -0.0017918896     0.0072425260
9 C     0.0128745831    -0.0048359714     0.0028624980
10 O    -0.0135980032    -0.0105609038     0.0164162267
11 C    -0.0036764233    -0.0006366905    -0.0005115330
12 C    -0.0012716407    -0.0039826013    -0.0023370804
13 C     0.0014582168    -0.0010292691    -0.0029784644
14 C     0.0045039808    -0.0001819280    -0.0007149470
15 C     0.0029832385     0.0038145334    -0.0011899800
16 H    -0.0018000234     0.0021586383    -0.0043082960
17 H    -0.0013411615     0.0046591300     0.0018135798
18 H    -0.0032025946    -0.0002569066     0.0004042532
19 H     0.0049719078     0.0025792253    -0.0001022097
20 H    -0.0002758728    -0.0010821773    -0.0052994879
21 H    -0.0021676304    -0.0027277890    -0.0002581623
22 H     0.0033270423    -0.0036843422    -0.0002070675
23 H     0.0027940757    -0.0055559204     0.0020797772
24 H    -0.0048405025    -0.0050381434     0.0009335233
25 H    -0.0103239724    -0.0000854876     0.0036460349
26 H     0.0006041801    -0.0005765319     0.0087866484
27 H     0.0071734403     0.0086116210     0.0044541657
28 H    -0.0013395708     0.0089457001    -0.0048358003
29 H     0.0078020482     0.0066962310    -0.0080748231
30 H    -0.0051633128     0.0031334351    -0.0049033755
31 H    -0.0081337318    -0.0016870998     0.0008691280
32 H    -0.0033592851    -0.0055328727    -0.0047022430
33 H    -0.0002678310    -0.0036332156     0.0017792894
34 H     0.0037776061    -0.0037951971    -0.0054915841
35 H    -0.0001760947     0.0020166923    -0.0042765273
36 H     0.0031919514    -0.0023142718     0.0020778508
37 H     0.0075091899     0.0015571385    -0.0018032720
38 H     0.0007176235     0.0061168303    -0.0030974732
39 H     0.0023610476     0.0049368494     0.0035866211
----------------------------------------------
[2026-07-07 07:07:33]   [OPT] [REP_00084] eval=004 E=-726.3811528881 Ha max|grad|=1.642e-02 Ha/Bohr SCF=True time=100.9s

WARN: Mole.unit (Angstrom) is changed to Bohr

converged SCF energy = -726.383929013102
--------------- DFTD3 gradients ---------------
         x                y                z
0 C    -0.0016265666     0.0020517685    -0.0010351780
1 C     0.0003554288    -0.0005166835    -0.0013664088
2 C     0.0004388084    -0.0024766265    -0.0026497577
3 C    -0.0003841004    -0.0004568343     0.0020783530
4 C     0.0018062332     0.0048203889     0.0019507497
5 O     0.0024688824    -0.0064067243     0.0069886770
6 C    -0.0007328181     0.0113339403    -0.0045913790
7 O    -0.0019600913    -0.0065030843     0.0006077453
8 C    -0.0022193978    -0.0006421192     0.0038132868
9 C     0.0060323515    -0.0061437467     0.0065981393
10 O    -0.0047276161    -0.0016221229     0.0029953094
11 C    -0.0006607564    -0.0000838678     0.0003288763
12 C    -0.0016573251    -0.0030377084    -0.0024588203
13 C     0.0015279644    -0.0013905944    -0.0025914599
14 C     0.0043219713     0.0004517573    -0.0014255470
15 C     0.0055945604     0.0017216720     0.0002684327
16 H    -0.0020065124     0.0020490485    -0.0020427784
17 H    -0.0016680206     0.0027045767     0.0004082380
18 H    -0.0016249707     0.0010133080    -0.0002981834
19 H     0.0022980051     0.0008915871     0.0006166715
20 H    -0.0000825979    -0.0019916190    -0.0035282535
21 H    -0.0002962970    -0.0018129380    -0.0011147118
22 H     0.0013053703    -0.0026158908    -0.0009990077
23 H     0.0010448021    -0.0034248463     0.0021780629
24 H    -0.0026472931    -0.0043139041     0.0003897301
25 H    -0.0101469565     0.0008398135     0.0033760374
26 H     0.0006316482     0.0025942143     0.0018895166
27 H     0.0054292280     0.0075120047     0.0030390979
28 H     0.0007406644     0.0023057121     0.0008948578
29 H    -0.0022812661     0.0034125356    -0.0012035735
30 H    -0.0038896518     0.0007870663    -0.0024233986
31 H    -0.0060383025    -0.0003821989     0.0000733098
32 H    -0.0018978514    -0.0048887227    -0.0030852973
33 H    -0.0009975629    -0.0022649411     0.0002286393
34 H     0.0022026905    -0.0018202109    -0.0042982753
35 H     0.0006126897     0.0002295160    -0.0028349505
36 H     0.0026386671    -0.0005552712     0.0006522617
37 H     0.0057548884     0.0001274357    -0.0009519712
38 H     0.0010311480     0.0044428498    -0.0017252390
39 H     0.0012898654     0.0042102775     0.0011040620
----------------------------------------------
[2026-07-07 07:09:13]   [OPT] [REP_00084] eval=005 E=-726.3839290131 Ha max|grad|=1.133e-02 Ha/Bohr SCF=True time=100.3s

WARN: Mole.unit (Angstrom) is changed to Bohr

[2026-07-07 07:09:13]   [OPT] [REP_00084] done: success=False nit=3 neval=5 max|grad|=1.133e-02 message=STOP: TOTAL NO. OF ITERATIONS REACHED LIMIT
[2026-07-07 07:09:13]   [WARN] [REP_00084] Optimization did not fully converge; using last geometry
[2026-07-07 07:09:13]   [DFT] [REP_00084] final single-point start
converged SCF energy = -726.383929013102
[2026-07-07 07:10:31]   [DFT] [REP_00084] final SCF done: E=-726.3839290131 Ha converged=True time=78.2s
[2026-07-07 07:10:31]   [DFT] [REP_00084] descriptors: HOMO=-3.2932 eV LUMO=2.5535 eV gap=5.8467 eV opt_status=opt_not_converged: STOP: TOTAL NO. OF ITERATIONS REACHED LIMIT
[2026-07-07 07:10:31] END compound_id=REP_00084
