[2026-07-07 16:09:32] ========================================================================
[2026-07-07 16:09:32] BEGIN compound_id=REP_00154 molecule_index=154/732 method=DFT-b3lyp/sto-3g-D3
[2026-07-07 16:09:33] settings functional=b3lyp basis=sto-3g D3=True geom_max_steps=3 scf_max_cycles=50
[2026-07-07 16:09:33]   [xTB] [REP_00154] start: atoms=25 charge=0 multiplicity=1 opt=tight solvent=gas
[2026-07-07 16:09:47]   [OK] [REP_00154] GFN2-xTB converged; RMSD(MMFF,xTB)=0.7100 A
[2026-07-07 16:09:47]   [DFT] build PySCF molecule: atoms=25 charge=0 spin=0
[2026-07-07 16:09:47]   [DFT] [REP_00154] start
[2026-07-07 16:09:47]   [OPT] [REP_00154] start: atoms=25, basis=sto-3g, D3=True, maxiter=3

WARN: Mole.unit (Angstrom) is changed to Bohr

converged SCF energy = -548.96151914428
--------------- DFTD3 gradients ---------------
         x                y                z
0 N    -0.0306440054    -0.0773126961     0.1253604210
1 C     0.0166252600     0.0569313113    -0.0873339223
2 C    -0.0092075124     0.0201349198    -0.0057523678
3 C    -0.0348918515     0.0128991498     0.0037283823
4 O     0.0142740592    -0.0652194807    -0.0871159200
5 O     0.0251575682     0.0526861382     0.0745467641
6 C     0.0010198552    -0.0132118351    -0.0143193424
7 C    -0.0035922363     0.0128833075    -0.0070110996
8 C     0.0065621805     0.0037255116    -0.0097240210
9 C     0.0116259194     0.0029953281     0.0035677391
10 C     0.0053607593    -0.0096787645     0.0050370945
11 C    -0.0055446523    -0.0047164198     0.0131283125
12 H    -0.0023298319     0.0124040714    -0.0006434857
13 H    -0.0064591671     0.0011299870    -0.0090958762
14 H     0.0012020654    -0.0096765586    -0.0093508379
15 H    -0.0038103948     0.0032912128    -0.0071281134
16 H    -0.0007226662     0.0070779382     0.0048572053
17 H     0.0048531952     0.0066873873    -0.0041835321
18 H     0.0010582524    -0.0057926017    -0.0067307812
19 H     0.0089960921    -0.0017241324    -0.0008492180
20 H     0.0008981920     0.0064829577     0.0058591058
21 H     0.0008578551    -0.0073790444    -0.0048959721
22 H     0.0040205373    -0.0037751982     0.0076128371
23 H    -0.0006542480     0.0059932513     0.0066666056
24 H    -0.0046943364    -0.0068808766     0.0037173246
----------------------------------------------
[2026-07-07 16:10:56]   [OPT] [REP_00154] eval=001 E=-548.9615191443 Ha max|grad|=1.254e-01 Ha/Bohr SCF=True time=68.7s

WARN: Mole.unit (Angstrom) is changed to Bohr

converged SCF energy = -548.622289121705
--------------- DFTD3 gradients ---------------
         x                y                z
0 N     0.0567646547     0.1450758027    -0.2348476732
1 C    -0.1326060673    -0.3243011982     0.5226770720
2 C     0.0165583132     0.1396009081    -0.2283250915
3 C     0.1429760155    -0.0884037349    -0.1274052851
4 O    -0.0287159021     0.1098914971     0.1485956748
5 O    -0.0713329565    -0.0423685505    -0.0651222100
6 C     0.0075313364     0.0381365816     0.0451766586
7 C     0.0129530411    -0.0190190320     0.0020092861
8 C    -0.0021675580    -0.0000208865     0.0051982446
9 C    -0.0113365929    -0.0018656171    -0.0025465110
10 C    -0.0017506138     0.0053546237     0.0010256631
11 C     0.0195121868    -0.0018429063    -0.0208475155
12 H    -0.0010066518     0.0377638774    -0.0113526484
13 H    -0.0088742664     0.0145700974    -0.0193802790
14 H    -0.0116480585    -0.0139880863    -0.0142728593
15 H    -0.0056230811     0.0077440899    -0.0099389435
16 H    -0.0023706841     0.0019882791    -0.0003093236
17 H     0.0071946406     0.0053774611    -0.0067603912
18 H     0.0017825686     0.0019475826    -0.0022415492
19 H     0.0106372903    -0.0000576756     0.0007173957
20 H     0.0034394148     0.0005347395     0.0007195112
21 H     0.0012989224    -0.0022694388     0.0021627051
22 H     0.0062231369    -0.0064976191     0.0061553449
23 H    -0.0024778821     0.0004783395     0.0017493546
24 H    -0.0069501621    -0.0078757391     0.0071965011
----------------------------------------------
[2026-07-07 16:12:06]   [OPT] [REP_00154] eval=002 E=-548.6222891217 Ha max|grad|=5.227e-01 Ha/Bohr SCF=True time=70.3s

WARN: Mole.unit (Angstrom) is changed to Bohr

converged SCF energy = -548.974064098444
--------------- DFTD3 gradients ---------------
         x                y                z
0 N     0.0124073441     0.0296400670    -0.0488315079
1 C    -0.0331940328    -0.0648527995     0.1117757223
2 C    -0.0063189716     0.0285930518    -0.0281128659
3 C    -0.0000532376    -0.0174567639    -0.0369654489
4 O     0.0059855674    -0.0176587875    -0.0223865840
5 O     0.0013571908     0.0342436535     0.0467202496
6 C     0.0030142801    -0.0064909744    -0.0062405685
7 C    -0.0010188994     0.0081005643    -0.0056425414
8 C     0.0052477471     0.0032028272    -0.0074647849
9 C     0.0081794954     0.0022390678     0.0026224717
10 C     0.0042692163    -0.0073952939     0.0044572729
11 C    -0.0017998708    -0.0041982123     0.0079410572
12 H    -0.0020594808     0.0153276222    -0.0021559896
13 H    -0.0063394857     0.0031379613    -0.0099571129
14 H    -0.0007935523    -0.0101089535    -0.0099574332
15 H    -0.0040708990     0.0039364876    -0.0075229636
16 H    -0.0009882914     0.0063275149     0.0041433160
17 H     0.0052046634     0.0064916677    -0.0045594780
18 H     0.0011531357    -0.0046824597    -0.0060699338
19 H     0.0092375945    -0.0014809141    -0.0006191508
20 H     0.0012496258     0.0056255826     0.0051177310
21 H     0.0009144803    -0.0066296908    -0.0038858521
22 H     0.0043500115    -0.0041733850     0.0073989290
23 H    -0.0009546301     0.0052290219     0.0059261049
24 H    -0.0050209861    -0.0070180394     0.0042258295
----------------------------------------------
[2026-07-07 16:13:10]   [OPT] [REP_00154] eval=003 E=-548.9740640984 Ha max|grad|=1.118e-01 Ha/Bohr SCF=True time=64.2s

WARN: Mole.unit (Angstrom) is changed to Bohr

converged SCF energy = -548.980815218096
--------------- DFTD3 gradients ---------------
         x                y                z
0 N     0.0037250585     0.0079620198    -0.0136095656
1 C    -0.0195082928    -0.0319890839     0.0580940342
2 C    -0.0079465410     0.0151167909    -0.0131312487
3 C     0.0059792870    -0.0141507058    -0.0312260848
4 O     0.0059059207    -0.0121948763    -0.0148054285
5 O    -0.0057724973     0.0251603673     0.0336366799
6 C     0.0024307635    -0.0035711587    -0.0027910555
7 C    -0.0001487800     0.0062878119    -0.0049401230
8 C     0.0047954728     0.0029252385    -0.0064852550
9 C     0.0068257407     0.0018497499     0.0021779104
10 C     0.0039705021    -0.0064320104     0.0041108657
11 C    -0.0004869498    -0.0038972074     0.0061001367
12 H    -0.0020837106     0.0158572140    -0.0016923788
13 H    -0.0075074169     0.0032299858    -0.0096367620
14 H    -0.0015697960    -0.0094376712    -0.0093819712
15 H    -0.0040015234     0.0040961749    -0.0073444859
16 H    -0.0010322505     0.0057232184     0.0035171935
17 H     0.0052636595     0.0061930438    -0.0046554765
18 H     0.0012163671    -0.0039908094    -0.0056175550
19 H     0.0090001958    -0.0012592421    -0.0004422615
20 H     0.0014184602     0.0050666951     0.0046276441
21 H     0.0009610299    -0.0061055528    -0.0032403165
22 H     0.0044255066    -0.0042997062     0.0070969473
23 H    -0.0010096198     0.0045119173     0.0053218608
24 H    -0.0049023963    -0.0067038174     0.0042752372
----------------------------------------------
[2026-07-07 16:14:15]   [OPT] [REP_00154] eval=004 E=-548.9808152181 Ha max|grad|=5.809e-02 Ha/Bohr SCF=True time=65.1s

WARN: Mole.unit (Angstrom) is changed to Bohr

converged SCF energy = -548.987621853171
--------------- DFTD3 gradients ---------------
         x                y                z
0 N    -0.0059794889    -0.0167075826     0.0263652024
1 C    -0.0023008736     0.0088763512    -0.0089224445
2 C    -0.0069827540    -0.0045860485     0.0040343898
3 C     0.0119981800    -0.0020613810    -0.0120034998
4 O     0.0065210761    -0.0029878266    -0.0023673491
5 O    -0.0146373828     0.0028971644     0.0025917988
6 C    -0.0007038909     0.0028810052     0.0046654210
7 C     0.0012075963     0.0024383263    -0.0029493053
8 C     0.0037769070     0.0020135924    -0.0039294006
9 C     0.0037928780     0.0007798300     0.0010114304
10 C     0.0034612752    -0.0039751899     0.0029149955
11 C     0.0017886061    -0.0028863946     0.0025291134
12 H    -0.0019833464     0.0133549986    -0.0018536966
13 H    -0.0088573962     0.0039520389    -0.0076311571
14 H    -0.0034747154    -0.0058022068    -0.0060732041
15 H    -0.0034019820     0.0041687950    -0.0060538511
16 H    -0.0009531196     0.0037171980     0.0013035916
17 H     0.0051328670     0.0049479795    -0.0047150201
18 H     0.0014302173    -0.0018116961    -0.0041486259
19 H     0.0076362970    -0.0004496375     0.0001695449
20 H     0.0018805504     0.0032316888     0.0030115681
21 H     0.0011381544    -0.0043991710    -0.0011922349
22 H     0.0044016096    -0.0044828086     0.0058453080
23 H    -0.0009508846     0.0019330489     0.0033349423
24 H    -0.0040132321    -0.0050992378     0.0040213335
----------------------------------------------
[2026-07-07 16:15:19]   [OPT] [REP_00154] eval=005 E=-548.9876218532 Ha max|grad|=2.637e-02 Ha/Bohr SCF=True time=64.0s

WARN: Mole.unit (Angstrom) is changed to Bohr

[2026-07-07 16:15:19]   [OPT] [REP_00154] done: success=False nit=3 neval=5 max|grad|=2.637e-02 message=STOP: TOTAL NO. OF ITERATIONS REACHED LIMIT
[2026-07-07 16:15:19]   [WARN] [REP_00154] Optimization did not fully converge; using last geometry
[2026-07-07 16:15:19]   [DFT] [REP_00154] final single-point start
converged SCF energy = -548.987621853171
[2026-07-07 16:16:07]   [DFT] [REP_00154] final SCF done: E=-548.9876218532 Ha converged=True time=48.1s
[2026-07-07 16:16:07]   [DFT] [REP_00154] descriptors: HOMO=-4.6685 eV LUMO=2.1899 eV gap=6.8584 eV opt_status=opt_not_converged: STOP: TOTAL NO. OF ITERATIONS REACHED LIMIT
[2026-07-07 16:16:07] END compound_id=REP_00154
