[2026-07-06 19:53:00] ========================================================================
[2026-07-06 19:53:00] BEGIN compound_id=REP_00017 molecule_index=17/732 method=DFT-b3lyp/sto-3g-D3
[2026-07-06 19:53:00] settings functional=b3lyp basis=sto-3g D3=True geom_max_steps=3 scf_max_cycles=50
[2026-07-06 19:53:00]   [xTB] [REP_00017] start: atoms=44 charge=0 multiplicity=1 opt=tight solvent=gas
[2026-07-06 19:53:23]   [OK] [REP_00017] GFN2-xTB converged; RMSD(MMFF,xTB)=1.6139 A
[2026-07-06 19:53:23]   [DFT] build PySCF molecule: atoms=44 charge=0 spin=0
[2026-07-06 19:53:23]   [DFT] [REP_00017] start
[2026-07-06 19:53:23]   [OPT] [REP_00017] start: atoms=44, basis=sto-3g, D3=True, maxiter=3

WARN: Mole.unit (Angstrom) is changed to Bohr

converged SCF energy = -1102.08716227201
--------------- DFTD3 gradients ---------------
         x                y                z
0 C     0.0063058702    -0.0032074050    -0.0045663354
1 C    -0.0005062732    -0.0048336648     0.0059798147
2 C     0.0072775734     0.0000283823    -0.0110511471
3 C    -0.0025797082     0.0021271006     0.0108323062
4 O    -0.0728383356    -0.0468578841    -0.0204311713
5 P     0.0238376847    -0.0027498578    -0.0014463311
6 O     0.0851507161     0.0218789768     0.0842469007
7 O    -0.0463244027     0.0593927400     0.0311023269
8 C     0.0077579025    -0.0011270634    -0.0130107412
9 C    -0.0115262210     0.0057539798    -0.0007627753
10 C     0.0052444492    -0.0064920517    -0.0000820356
11 C    -0.0067726945    -0.0017300573     0.0046070215
12 O    -0.0205714754    -0.0163347527    -0.0785083341
13 C     0.0057035225    -0.0102608587     0.0070774895
14 C     0.0042926325     0.0093038401    -0.0118810370
15 C    -0.0001343264    -0.0008060229     0.0078233778
16 C    -0.0015663821     0.0079327969    -0.0008753398
17 H     0.0072162642     0.0073646992    -0.0014081252
18 H    -0.0033445875    -0.0017408061    -0.0094992413
19 H     0.0058093033    -0.0086407078     0.0022530208
20 H     0.0031214457     0.0004987551     0.0090059441
21 H    -0.0056999672    -0.0066759048     0.0019290169
22 H    -0.0026190548    -0.0005263283    -0.0081187853
23 H     0.0068415618     0.0056794272    -0.0029583538
24 H     0.0090652126    -0.0029950819     0.0157666547
25 H    -0.0046672151    -0.0118188104     0.0037939087
26 H    -0.0042657800     0.0094288872    -0.0120301694
27 H    -0.0045414772    -0.0115371393    -0.0141114186
28 H    -0.0019487273     0.0078820602     0.0047687421
29 H    -0.0078238985     0.0016971356    -0.0045719357
30 H     0.0083577380    -0.0018821755     0.0051101304
31 H     0.0018884320    -0.0073269889    -0.0050918824
32 H    -0.0082244673     0.0005123307    -0.0055574830
33 H    -0.0013789740     0.0075456172     0.0069527288
34 H    -0.0013990669    -0.0090074046     0.0056432817
35 H     0.0096454601    -0.0041651207    -0.0094347010
36 H     0.0153441073     0.0001281002     0.0106432849
37 H    -0.0052950329     0.0013046963    -0.0068042498
38 H     0.0062674534     0.0042700734    -0.0048013599
39 H     0.0064822989    -0.0009302286     0.0067062738
40 H    -0.0092755129    -0.0033788160     0.0054434849
41 H     0.0074869583     0.0043655465    -0.0045806692
42 H    -0.0022206318     0.0069024971     0.0081612906
43 H    -0.0076265571     0.0010725073    -0.0062150902
----------------------------------------------
[2026-07-06 19:55:06]   [OPT] [REP_00017] eval=001 E=-1102.0871622720 Ha max|grad|=8.515e-02 Ha/Bohr SCF=True time=102.8s

WARN: Mole.unit (Angstrom) is changed to Bohr

converged SCF energy = -1102.10695969343
--------------- DFTD3 gradients ---------------
         x                y                z
0 C     0.0021104875    -0.0021240560     0.0006926509
1 C     0.0087331075    -0.0020478801    -0.0076920870
2 C    -0.0138255069     0.0092901064     0.0211199269
3 C    -0.0217201370    -0.0328321030    -0.0129665896
4 O     0.0258183996     0.0439633578     0.0068336263
5 P     0.0093773166     0.0234988098     0.0695533734
6 O    -0.0627898963    -0.0193832485    -0.0727197652
7 O     0.0745731010    -0.0255197745     0.0204283085
8 C    -0.0439061646     0.0216623963    -0.0087111697
9 C     0.0152680285    -0.0077176663    -0.0112842601
10 C    -0.0100868436     0.0066961962     0.0037903735
11 C     0.0015098284    -0.0026872958     0.0015570310
12 O    -0.0100708931    -0.0062680409     0.0362922749
13 C     0.0132319387     0.0093370660    -0.0536424624
14 C    -0.0070265558    -0.0217565520     0.0243048953
15 C    -0.0026962164     0.0065828472    -0.0085429996
16 C    -0.0006176628     0.0028856379     0.0041760429
17 H    -0.0029838612    -0.0066156805    -0.0007872691
18 H     0.0046183073     0.0002150269     0.0051364669
19 H     0.0017319844     0.0019683689    -0.0044123229
20 H    -0.0019283582    -0.0016566027    -0.0003506741
21 H     0.0006498288     0.0006133328     0.0021151170
22 H     0.0008579096     0.0000160345    -0.0047550904
23 H     0.0037782443    -0.0015700958    -0.0051620260
24 H    -0.0054317808     0.0044859706    -0.0016414500
25 H     0.0178472584    -0.0035436216     0.0074026573
26 H    -0.0038700516    -0.0084616262    -0.0111279469
27 H     0.0061593350     0.0015013750     0.0021311373
28 H    -0.0020901172     0.0002690159    -0.0030939234
29 H    -0.0117194289     0.0016351586    -0.0019254933
30 H    -0.0000865213    -0.0011907544    -0.0031657406
31 H     0.0020996308    -0.0015193537     0.0005019053
32 H     0.0031105534    -0.0009408985     0.0054253055
33 H    -0.0013810377    -0.0058735160    -0.0034709360
34 H    -0.0040891000     0.0034671447     0.0004160898
35 H     0.0105169377     0.0073689226     0.0105959037
36 H    -0.0078910499    -0.0066481852     0.0021997034
37 H     0.0020478853     0.0014822559    -0.0030977394
38 H     0.0097585069     0.0076370715    -0.0079994704
39 H    -0.0015483140    -0.0007296992     0.0015616746
40 H     0.0031507554     0.0007422092    -0.0011720513
41 H    -0.0058165403    -0.0000740581     0.0028369204
42 H     0.0000282167     0.0022105828    -0.0053279915
43 H     0.0046624721     0.0015850837     0.0039991280
----------------------------------------------
[2026-07-06 19:57:02]   [OPT] [REP_00017] eval=002 E=-1102.1069596934 Ha max|grad|=7.457e-02 Ha/Bohr SCF=True time=115.4s

WARN: Mole.unit (Angstrom) is changed to Bohr

converged SCF energy = -1102.14340311582
--------------- DFTD3 gradients ---------------
         x                y                z
0 C     0.0015036746    -0.0010688140    -0.0011830317
1 C    -0.0015383014     0.0007850760     0.0021718525
2 C    -0.0039021407    -0.0048921196    -0.0073662261
3 C     0.0053519393     0.0210728479     0.0072282321
4 O     0.0126701588     0.0168430528     0.0086417103
5 P    -0.0092183103    -0.0028732076    -0.0021619840
6 O    -0.0121110799    -0.0053955965    -0.0172506232
7 O     0.0040875916     0.0006637376    -0.0037924576
8 C     0.0262129297    -0.0111888647     0.0137519460
9 C    -0.0123158218     0.0080990472     0.0015963883
10 C     0.0038128549    -0.0049542048    -0.0027573695
11 C    -0.0020011908     0.0009523094     0.0002255350
12 O     0.0041288564    -0.0005927125     0.0216205499
13 C    -0.0094821126    -0.0034596402     0.0262370120
14 C     0.0104490411     0.0085583906    -0.0184483414
15 C     0.0003284884    -0.0026409034     0.0080079492
16 C    -0.0001763975     0.0004064785    -0.0026717756
17 H     0.0006680018    -0.0025034449    -0.0010856678
18 H     0.0026999134    -0.0006029818     0.0009452323
19 H     0.0032514441    -0.0013742573    -0.0025127700
20 H    -0.0005726256    -0.0023138128    -0.0011228246
21 H     0.0022963510     0.0011470625     0.0009333043
22 H     0.0044241594     0.0018766571     0.0046734294
23 H    -0.0009080335    -0.0008492123    -0.0007234922
24 H    -0.0110092617    -0.0040414645    -0.0110097325
25 H    -0.0045973466    -0.0223031489     0.0068381153
26 H    -0.0034756789     0.0066592212    -0.0124618031
27 H     0.0010603374     0.0096854484     0.0047426448
28 H    -0.0013856447    -0.0041028661    -0.0066658608
29 H    -0.0036622174     0.0004014837     0.0028618273
30 H    -0.0017119976    -0.0004998259    -0.0030426597
31 H     0.0006947133     0.0018352395     0.0037107364
32 H     0.0004080610    -0.0008711102     0.0031562586
33 H    -0.0016417273    -0.0023411798    -0.0000987192
34 H    -0.0027796477    -0.0006341378     0.0020187852
35 H     0.0183996872    -0.0069652228    -0.0171326889
36 H    -0.0115708084    -0.0037121012    -0.0155436501
37 H     0.0052443252     0.0004830422     0.0026313643
38 H    -0.0091791037     0.0003829560     0.0031212177
39 H    -0.0040956596     0.0003826316    -0.0009123106
40 H     0.0013849424     0.0019205643    -0.0004975488
41 H    -0.0023447545     0.0015875182     0.0011567720
42 H    -0.0009294466     0.0042524982     0.0004447295
43 H     0.0015200539     0.0021296881     0.0017470011
----------------------------------------------
[2026-07-06 19:58:48]   [OPT] [REP_00017] eval=003 E=-1102.1434031158 Ha max|grad|=2.624e-02 Ha/Bohr SCF=True time=106.4s

WARN: Mole.unit (Angstrom) is changed to Bohr

converged SCF energy = -1102.14930106086
--------------- DFTD3 gradients ---------------
         x                y                z
0 C     0.0009328551    -0.0014290611     0.0007801140
1 C    -0.0017440241    -0.0000938552     0.0002079319
2 C     0.0048147633     0.0019440031     0.0003415761
3 C    -0.0093026748    -0.0031964729    -0.0013887734
4 O    -0.0042538666     0.0020269663     0.0045796193
5 P    -0.0104011701    -0.0047793353    -0.0158537766
6 O     0.0155740030     0.0015911463     0.0113249485
7 O    -0.0080103941     0.0112590057     0.0010189852
8 C     0.0118067785     0.0093522549     0.0032068699
9 C     0.0001086203    -0.0030779248    -0.0006540337
10 C    -0.0017737805     0.0021702312    -0.0001717016
11 C     0.0008499258    -0.0029764212     0.0009773203
12 O     0.0002998387    -0.0022526393     0.0047539707
13 C    -0.0021978138    -0.0098420091    -0.0087824258
14 C    -0.0017830528     0.0020101089     0.0026541467
15 C     0.0012443136     0.0004392651    -0.0043532657
16 C    -0.0003467446     0.0006143031     0.0039551298
17 H     0.0023876568    -0.0000918756    -0.0011630543
18 H     0.0010748559    -0.0010408385    -0.0019422041
19 H     0.0032769743    -0.0022295731    -0.0016350201
20 H     0.0003697261    -0.0011408375     0.0011669995
21 H     0.0007064456    -0.0008886086     0.0010553400
22 H    -0.0002161524     0.0002541008    -0.0021498382
23 H    -0.0017651719    -0.0024879667    -0.0013255937
24 H    -0.0020857004    -0.0003280172     0.0021537094
25 H     0.0044092410    -0.0036143299     0.0034003870
26 H    -0.0010033722    -0.0041397552    -0.0028591051
27 H     0.0024993992     0.0008133723     0.0005689747
28 H    -0.0023592537     0.0025196340    -0.0005918658
29 H    -0.0049927585     0.0010820604    -0.0006128684
30 H     0.0011460051    -0.0005097017    -0.0008468691
31 H     0.0009757646    -0.0021784454    -0.0004283018
32 H    -0.0023646591    -0.0004544698     0.0003946567
33 H    -0.0013801324     0.0005321902     0.0018186470
34 H    -0.0025743963    -0.0009358054     0.0020229734
35 H     0.0061026530     0.0022721527     0.0014801547
36 H    -0.0005919098    -0.0028350331    -0.0002715963
37 H     0.0014055680     0.0009248781    -0.0019515136
38 H     0.0026684147     0.0036997635    -0.0029332538
39 H     0.0003574877    -0.0000342365     0.0026972473
40 H    -0.0023021874    -0.0004866691     0.0012317818
41 H     0.0006587029     0.0022778919    -0.0006079478
42 H    -0.0007405641     0.0035610539    -0.0003106541
43 H    -0.0015256769     0.0016596290    -0.0009196360
----------------------------------------------
[2026-07-06 20:00:34]   [OPT] [REP_00017] eval=004 E=-1102.1493010609 Ha max|grad|=1.585e-02 Ha/Bohr SCF=True time=106.2s

WARN: Mole.unit (Angstrom) is changed to Bohr

[2026-07-06 20:00:34]   [OPT] [REP_00017] done: success=False nit=3 neval=4 max|grad|=1.585e-02 message=STOP: TOTAL NO. OF ITERATIONS REACHED LIMIT
[2026-07-06 20:00:34]   [WARN] [REP_00017] Optimization did not fully converge; using last geometry
[2026-07-06 20:00:34]   [DFT] [REP_00017] final single-point start
converged SCF energy = -1102.14930106086
[2026-07-06 20:01:59]   [DFT] [REP_00017] final SCF done: E=-1102.1493010609 Ha converged=True time=84.9s
[2026-07-06 20:01:59]   [DFT] [REP_00017] descriptors: HOMO=-3.3885 eV LUMO=3.8516 eV gap=7.2401 eV opt_status=opt_not_converged: STOP: TOTAL NO. OF ITERATIONS REACHED LIMIT
[2026-07-06 20:01:59] END compound_id=REP_00017
