[2026-07-08 03:43:32] ========================================================================
[2026-07-08 03:43:32] BEGIN compound_id=REP_00250 molecule_index=250/732 method=DFT-b3lyp/sto-3g-D3
[2026-07-08 03:43:32] settings functional=b3lyp basis=sto-3g D3=True geom_max_steps=3 scf_max_cycles=50
[2026-07-08 03:43:32]   [xTB] [REP_00250] start: atoms=24 charge=0 multiplicity=1 opt=tight solvent=gas
[2026-07-08 03:43:35]   [OK] [REP_00250] GFN2-xTB converged; RMSD(MMFF,xTB)=0.0430 A
[2026-07-08 03:43:35]   [DFT] build PySCF molecule: atoms=24 charge=0 spin=0
[2026-07-08 03:43:35]   [DFT] [REP_00250] start
[2026-07-08 03:43:35]   [OPT] [REP_00250] start: atoms=24, basis=sto-3g, D3=True, maxiter=3

WARN: Mole.unit (Angstrom) is changed to Bohr

converged SCF energy = -457.87342862761
--------------- DFTD3 gradients ---------------
         x                y                z
0 C    -0.0065068128    -0.0001293085    -0.0079229891
1 C    -0.0024705952    -0.0004917152     0.0255510490
2 O    -0.0295592366     0.0002277814    -0.0876057167
3 C     0.0285074445     0.0013461860    -0.0150565317
4 O    -0.0008784722    -0.0016284109     0.1028281898
5 C     0.0123041387     0.0007312255    -0.0187159618
6 C    -0.0109424970    -0.0004394511     0.0027134328
7 C     0.0045960125     0.0003448363    -0.0108441238
8 C     0.0063455273    -0.0089255518    -0.0002859216
9 C     0.0056689351     0.0093953111    -0.0000193789
10 H    -0.0001892427    -0.0086150721    -0.0066648213
11 H    -0.0105433470    -0.0004736469     0.0043701286
12 H    -0.0008589041     0.0087769783    -0.0063944309
13 H    -0.0050047363     0.0090420778     0.0103247791
14 H    -0.0042812627    -0.0097157958     0.0100335101
15 H     0.0012006962     0.0002941375    -0.0160333368
16 H     0.0005083000    -0.0002215846     0.0156421570
17 H    -0.0018291822     0.0000480786    -0.0076843162
18 H     0.0024332787    -0.0006250502     0.0098402421
19 H     0.0092961264    -0.0004096392    -0.0048382051
20 H    -0.0043404867    -0.0090930152    -0.0022735636
21 H     0.0092355615     0.0012837742    -0.0048069054
22 H    -0.0050284860     0.0087968031    -0.0019990135
23 H     0.0023914666     0.0005096880     0.0098572290
----------------------------------------------
[2026-07-08 03:44:26]   [OPT] [REP_00250] eval=001 E=-457.8734286276 Ha max|grad|=1.028e-01 Ha/Bohr SCF=True time=51.4s

WARN: Mole.unit (Angstrom) is changed to Bohr

converged SCF energy = -457.73298465023
--------------- DFTD3 gradients ---------------
         x                y                z
0 C    -0.0151969488    -0.0012160400     0.0405173677
1 C    -0.0046330742     0.0015421966    -0.1101193904
2 O     0.0624047170     0.0002626136     0.1416116847
3 C    -0.1262178230    -0.0068120462     0.1262698833
4 O     0.0134389424     0.0036588800    -0.2038339068
5 C    -0.0587028891    -0.0022398973    -0.0016238939
6 C     0.1187736525     0.0042238867     0.0227318033
7 C    -0.0061816019    -0.0008056689     0.0384024161
8 C    -0.0016202187     0.0059736314     0.0017288397
9 C    -0.0012372655    -0.0061244795     0.0016005044
10 H    -0.0013836731     0.0069744339     0.0048504026
11 H     0.0034898090     0.0003876093    -0.0164333894
12 H    -0.0008345348    -0.0072044364     0.0046340221
13 H     0.0062963783     0.0065288945     0.0088101927
14 H     0.0067952062    -0.0063058327     0.0086177508
15 H     0.0064645872     0.0005163475    -0.0177716551
16 H    -0.0098624565    -0.0000358461    -0.0218490904
17 H    -0.0008383243     0.0001502538    -0.0119651414
18 H    -0.0011586315    -0.0019459618    -0.0141572499
19 H    -0.0012882560    -0.0064979331     0.0040854093
20 H     0.0071878323     0.0023757591     0.0019188315
21 H    -0.0017067616     0.0062575575     0.0042427998
22 H     0.0073780444    -0.0018899120     0.0018509661
23 H    -0.0013134745     0.0022852996    -0.0141157268
----------------------------------------------
[2026-07-08 03:45:45]   [OPT] [REP_00250] eval=002 E=-457.7329846502 Ha max|grad|=2.038e-01 Ha/Bohr SCF=True time=79.1s

WARN: Mole.unit (Angstrom) is changed to Bohr

converged SCF energy = -457.886461449386
--------------- DFTD3 gradients ---------------
         x                y                z
0 C    -0.0075544180    -0.0003419669     0.0031734872
1 C    -0.0037365365    -0.0000985038    -0.0023777817
2 O     0.0070268092     0.0006427253    -0.0251546397
3 C    -0.0177181934    -0.0017958551     0.0730861659
4 O    -0.0004771471     0.0005768185    -0.0392425512
5 C    -0.0026356588     0.0000395349    -0.0108111311
6 C     0.0154826847     0.0005320436     0.0054865565
7 C     0.0016522473     0.0000756546    -0.0004417265
8 C     0.0046704644    -0.0058649240     0.0002560104
9 C     0.0042120616     0.0061998293     0.0004411463
10 H    -0.0002387598    -0.0053995869    -0.0041899897
11 H    -0.0074488203    -0.0002870093    -0.0000006882
12 H    -0.0006572531     0.0054929061    -0.0040195897
13 H    -0.0023344861     0.0085088870     0.0101655780
14 H    -0.0016577021    -0.0089763093     0.0098950092
15 H     0.0018787652     0.0003219520    -0.0162372120
16 H    -0.0016018649    -0.0001751685     0.0074464971
17 H    -0.0015835230     0.0000700452    -0.0085212098
18 H     0.0016235028    -0.0008183921     0.0048311125
19 H     0.0071155329    -0.0016125844    -0.0030179369
20 H    -0.0020133198    -0.0067146631    -0.0014131173
21 H     0.0069857330     0.0022583004    -0.0029624343
22 H    -0.0025192636     0.0065758504    -0.0012094769
23 H     0.0015642376     0.0007935688     0.0048505077
----------------------------------------------
[2026-07-08 03:46:37]   [OPT] [REP_00250] eval=003 E=-457.8864614494 Ha max|grad|=7.309e-02 Ha/Bohr SCF=True time=52.2s

WARN: Mole.unit (Angstrom) is changed to Bohr

converged SCF energy = -457.890835222734
--------------- DFTD3 gradients ---------------
         x                y                z
0 C    -0.0064774059    -0.0002762566     0.0017122385
1 C    -0.0022883178     0.0000336502    -0.0076657335
2 O     0.0107318564     0.0003458155     0.0024233982
3 C    -0.0124603878    -0.0005583669     0.0055302377
4 O    -0.0039761392    -0.0001150986    -0.0030409722
5 C    -0.0003983026    -0.0001500218     0.0075882331
6 C     0.0035020161     0.0001664284    -0.0010255421
7 C     0.0044060096     0.0001793892    -0.0003310820
8 C     0.0041249987    -0.0043627105    -0.0000689219
9 C     0.0037833968     0.0046703603     0.0000680083
10 H    -0.0009054310    -0.0023046900    -0.0017859145
11 H    -0.0074485828    -0.0002741919    -0.0008408996
12 H    -0.0010810231     0.0022826508    -0.0017125816
13 H    -0.0012007358     0.0046140490     0.0066891498
14 H    -0.0008319190    -0.0048957173     0.0065393115
15 H     0.0007132496     0.0002368585    -0.0137037538
16 H    -0.0012742050    -0.0001299651     0.0054128906
17 H    -0.0010562424     0.0000466839    -0.0056711214
18 H     0.0013855937    -0.0010936191     0.0024793113
19 H     0.0055652040    -0.0022474481    -0.0018129072
20 H    -0.0005670193    -0.0050170577    -0.0008277449
21 H     0.0053914429     0.0027336336    -0.0017400522
22 H    -0.0009456106     0.0049785864    -0.0006751488
23 H     0.0013039560     0.0011219011     0.0025087982
----------------------------------------------
[2026-07-08 03:47:38]   [OPT] [REP_00250] eval=004 E=-457.8908352227 Ha max|grad|=1.370e-02 Ha/Bohr SCF=True time=61.1s

WARN: Mole.unit (Angstrom) is changed to Bohr

converged SCF energy = -457.891792697081
--------------- DFTD3 gradients ---------------
         x                y                z
0 C    -0.0047425201    -0.0001569609    -0.0016465722
1 C    -0.0009992345    -0.0000023768    -0.0024457263
2 O     0.0042334965     0.0000299126     0.0065866858
3 C    -0.0044998250    -0.0000740516    -0.0062942931
4 O    -0.0054645000    -0.0002906694     0.0047520480
5 C    -0.0026087929    -0.0001280135     0.0009176719
6 C     0.0018334705     0.0000526816     0.0019551794
7 C     0.0041408255     0.0001938989    -0.0019722649
8 C     0.0035152533    -0.0034095438    -0.0003708371
9 C     0.0032522392     0.0036823794    -0.0002665183
10 H    -0.0016384756    -0.0004086116    -0.0004284136
11 H    -0.0071608183    -0.0002633038    -0.0008278998
12 H    -0.0016644648     0.0002950624    -0.0004153886
13 H    -0.0004963852     0.0005747521     0.0028493075
14 H    -0.0004470735    -0.0006957082     0.0028264237
15 H     0.0016527477     0.0001280497    -0.0043500344
16 H    -0.0009210090    -0.0000674652     0.0023115660
17 H    -0.0001604926     0.0000381631    -0.0028579832
18 H     0.0013502866    -0.0013444731     0.0011378792
19 H     0.0045233234    -0.0026750245    -0.0009817651
20 H     0.0004977611    -0.0036236028    -0.0004115670
21 H     0.0043169862     0.0030530091    -0.0008956032
22 H     0.0002232647     0.0036611196    -0.0003011653
23 H     0.0012483460     0.0014104087     0.0011768552
----------------------------------------------
[2026-07-08 03:48:34]   [OPT] [REP_00250] eval=005 E=-457.8917926971 Ha max|grad|=7.161e-03 Ha/Bohr SCF=True time=55.3s

WARN: Mole.unit (Angstrom) is changed to Bohr

[2026-07-08 03:48:34]   [OPT] [REP_00250] done: success=False nit=3 neval=5 max|grad|=7.161e-03 message=STOP: TOTAL NO. OF ITERATIONS REACHED LIMIT
[2026-07-08 03:48:34]   [WARN] [REP_00250] Optimization did not fully converge; using last geometry
[2026-07-08 03:48:34]   [DFT] [REP_00250] final single-point start
converged SCF energy = -457.891792697082
[2026-07-08 03:49:11]   [DFT] [REP_00250] final SCF done: E=-457.8917926971 Ha converged=True time=37.0s
[2026-07-08 03:49:11]   [DFT] [REP_00250] descriptors: HOMO=-3.9059 eV LUMO=1.7456 eV gap=5.6515 eV opt_status=opt_not_converged: STOP: TOTAL NO. OF ITERATIONS REACHED LIMIT
[2026-07-08 03:49:11] END compound_id=REP_00250
