[2026-07-07 16:45:18] ========================================================================
[2026-07-07 16:45:18] BEGIN compound_id=REP_00159 molecule_index=159/732 method=DFT-b3lyp/sto-3g-D3
[2026-07-07 16:45:18] settings functional=b3lyp basis=sto-3g D3=True geom_max_steps=3 scf_max_cycles=50
[2026-07-07 16:45:18]   [xTB] [REP_00159] start: atoms=38 charge=0 multiplicity=1 opt=tight solvent=gas
[2026-07-07 16:45:29]   [OK] [REP_00159] GFN2-xTB converged; RMSD(MMFF,xTB)=0.6176 A
[2026-07-07 16:45:29]   [DFT] build PySCF molecule: atoms=38 charge=0 spin=0
[2026-07-07 16:45:29]   [DFT] [REP_00159] start
[2026-07-07 16:45:29]   [OPT] [REP_00159] start: atoms=38, basis=sto-3g, D3=True, maxiter=3

WARN: Mole.unit (Angstrom) is changed to Bohr

converged SCF energy = -725.153417789547
--------------- DFTD3 gradients ---------------
         x                y                z
0 O    -0.0064271977    -0.0062870328    -0.1059450811
1 C     0.0313785566    -0.0183789284     0.0178218911
2 C     0.0086122176    -0.0133729245     0.0152383145
3 C    -0.0044335799    -0.0216601726     0.0109803814
4 O     0.0211129274     0.0667656603    -0.0534972192
5 C     0.0055139953    -0.0113175328     0.0110867755
6 C     0.0040685840     0.0020341184     0.0112035621
7 C     0.0128179499     0.0019982964    -0.0010664488
8 C     0.0012742496     0.0073026682    -0.0089737514
9 C    -0.0017354982    -0.0005496111    -0.0125075227
10 O    -0.0285037459     0.0190332975     0.0872905453
11 C    -0.0030883541    -0.0074156583    -0.0221606078
12 C     0.0085217320     0.0098686434    -0.0105819426
13 C     0.0036026986     0.0127757191     0.0035325973
14 C    -0.0121820035     0.0047748688     0.0048133076
15 C    -0.0102962581    -0.0104585846     0.0071057881
16 H     0.0033052052    -0.0093918829    -0.0027685516
17 H    -0.0005097592    -0.0046063180     0.0083210903
18 H    -0.0340677423    -0.0253801566     0.0508502790
19 H    -0.0038764990    -0.0025238777     0.0062058707
20 H     0.0040677432    -0.0083842271    -0.0007184500
21 H    -0.0038937358     0.0074613156     0.0035498552
22 H     0.0058373371    -0.0011326220     0.0066329700
23 H     0.0047869583    -0.0063983233    -0.0024343357
24 H     0.0069734067     0.0057471184     0.0004721193
25 H     0.0039389974     0.0027029625    -0.0079750500
26 H    -0.0039091652     0.0086769665     0.0018001413
27 H     0.0028323434    -0.0076353613    -0.0030282219
28 H    -0.0068044741     0.0011901815    -0.0074205304
29 H    -0.0046601234    -0.0047874558    -0.0132485588
30 H    -0.0031568110     0.0031096712    -0.0086518603
31 H     0.0110348882     0.0014173254    -0.0012215617
32 H     0.0054200237     0.0003199332     0.0077806099
33 H    -0.0011216662     0.0103568480    -0.0015158197
34 H    -0.0065036112     0.0022910693    -0.0060929337
35 H    -0.0052273523     0.0024066698     0.0085108775
36 H    -0.0073393762    -0.0066782594    -0.0022820811
37 H     0.0025036049    -0.0038752466     0.0088637080
----------------------------------------------
[2026-07-07 16:47:01]   [OPT] [REP_00159] eval=001 E=-725.1534177895 Ha max|grad|=1.059e-01 Ha/Bohr SCF=True time=91.9s

WARN: Mole.unit (Angstrom) is changed to Bohr

converged SCF energy = -725.017076905681
--------------- DFTD3 gradients ---------------
         x                y                z
0 O     0.0207993405     0.0082885943     0.2035538453
1 C    -0.1284551747     0.0436948812    -0.1634133068
2 C     0.0111470201    -0.0203766136    -0.0084978704
3 C     0.0411496624     0.0834583007    -0.0392952539
4 O    -0.0647714158    -0.0956346478     0.1123201862
5 C    -0.0040843520     0.0163471050    -0.0002831803
6 C    -0.0011118379     0.0026830780    -0.0136679568
7 C    -0.0183180584    -0.0045674340     0.0012824077
8 C     0.0002044491    -0.0026191075     0.0143800611
9 C     0.0067148016    -0.0260297455     0.0184569517
10 O     0.0641539075    -0.0433457348    -0.0979990385
11 C    -0.0009567415     0.0297864708     0.0824984502
12 C    -0.0141153490    -0.0131535553     0.0072955177
13 C    -0.0055607750    -0.0213902837    -0.0023452119
14 C     0.0160161075    -0.0065143372    -0.0078421503
15 C     0.0015643225     0.0253019456    -0.0225154700
16 H     0.0088049139    -0.0084467397     0.0083849915
17 H    -0.0037576313    -0.0128085065     0.0194799493
18 H     0.0528180297     0.0542358474    -0.0859085452
19 H    -0.0002235761    -0.0072352900     0.0105945105
20 H     0.0046836876    -0.0088188461     0.0034510269
21 H     0.0024373526    -0.0044863759     0.0022668181
22 H     0.0070013067     0.0010747745     0.0101124034
23 H     0.0036983922     0.0022817090     0.0001220996
24 H     0.0105307969     0.0053396849     0.0000439731
25 H     0.0032386164     0.0055803900    -0.0088970988
26 H     0.0036393231    -0.0019911343    -0.0047247385
27 H     0.0003502454     0.0036004855    -0.0083258737
28 H    -0.0070406082    -0.0018672001    -0.0061216606
29 H     0.0038978062    -0.0220232664    -0.0233632724
30 H     0.0024535647     0.0076676222    -0.0073902028
31 H     0.0079308947     0.0020483539    -0.0042203648
32 H    -0.0004101725     0.0042538584    -0.0018400113
33 H     0.0002845862     0.0121150810     0.0011664643
34 H    -0.0034006283     0.0017413068     0.0028682929
35 H    -0.0080141471     0.0046756082     0.0071708122
36 H    -0.0122285864    -0.0092585188     0.0018906334
37 H    -0.0011004621    -0.0036690555    -0.0006958792
----------------------------------------------
[2026-07-07 16:48:59]   [OPT] [REP_00159] eval=002 E=-725.0170769057 Ha max|grad|=2.036e-01 Ha/Bohr SCF=True time=118.1s

WARN: Mole.unit (Angstrom) is changed to Bohr

converged SCF energy = -725.174028810737
--------------- DFTD3 gradients ---------------
         x                y                z
0 O     0.0007911431     0.0038237290     0.0366178797
1 C    -0.0204324156    -0.0019098969    -0.0763422649
2 C     0.0074716168    -0.0131568767     0.0074132129
3 C     0.0067617092     0.0039170673    -0.0022898356
4 O    -0.0239280400     0.0190330118     0.0184843238
5 C     0.0028272238    -0.0044268150     0.0083699905
6 C     0.0029308398     0.0022051157     0.0050175469
7 C     0.0050705008     0.0004796110    -0.0004518235
8 C     0.0010178460     0.0048540801    -0.0030913551
9 C     0.0000391705    -0.0071437617    -0.0041735578
10 O     0.0091544886    -0.0058640918     0.0298791767
11 C    -0.0043145795     0.0019013202     0.0012423253
12 C     0.0026883069     0.0043631143    -0.0061823883
13 C     0.0011578988     0.0041982526     0.0019986165
14 C    -0.0050010787     0.0019909283     0.0017422887
15 C    -0.0067481013    -0.0014259374    -0.0005978635
16 H     0.0046392225    -0.0090236573    -0.0000396965
17 H    -0.0014914561    -0.0065237932     0.0107514300
18 H     0.0117483415     0.0014023721    -0.0144390848
19 H    -0.0029844446    -0.0036707254     0.0073300471
20 H     0.0041699252    -0.0085021975     0.0002681470
21 H    -0.0024013407     0.0046058717     0.0031986688
22 H     0.0060877694    -0.0005995704     0.0074571674
23 H     0.0045154265    -0.0043659173    -0.0018296302
24 H     0.0078209519     0.0056376364     0.0003705643
25 H     0.0037474275     0.0033897127    -0.0081897021
26 H    -0.0021031263     0.0060929183     0.0002670814
27 H     0.0022907072    -0.0048942883    -0.0043336171
28 H    -0.0069194742     0.0004676851    -0.0070233334
29 H    -0.0020933010    -0.0087117496    -0.0152207533
30 H    -0.0018431129     0.0042539887    -0.0083658584
31 H     0.0103184741     0.0015373373    -0.0019457225
32 H     0.0040257394     0.0012185121     0.0055018528
33 H    -0.0007841050     0.0107934547    -0.0008607511
34 H    -0.0057609569     0.0021659920    -0.0040012264
35 H    -0.0059061782     0.0029597653     0.0081946376
36 H    -0.0085156492    -0.0072635577    -0.0012821509
37 H     0.0019067172    -0.0038432393     0.0065016010
----------------------------------------------
[2026-07-07 16:50:38]   [OPT] [REP_00159] eval=003 E=-725.1740288107 Ha max|grad|=7.634e-02 Ha/Bohr SCF=True time=99.1s

WARN: Mole.unit (Angstrom) is changed to Bohr

converged SCF energy = -725.18052993757
--------------- DFTD3 gradients ---------------
         x                y                z
0 O    -0.0046649012     0.0024647556    -0.0055048980
1 C    -0.0116679062     0.0010554981    -0.0016843299
2 C    -0.0015532365    -0.0056531012    -0.0046956061
3 C     0.0012854056     0.0108692132    -0.0013951261
4 O    -0.0161216586     0.0039116341     0.0154898458
5 C     0.0026022840    -0.0016776996     0.0054006675
6 C     0.0032393059     0.0015811662     0.0042295026
7 C     0.0034898415     0.0008437438    -0.0001906473
8 C     0.0011868751     0.0028416614    -0.0027777065
9 C    -0.0005208796    -0.0033868954    -0.0032528981
10 O     0.0122796213    -0.0090714054     0.0013767286
11 C    -0.0018877553    -0.0005527882     0.0064817521
12 C     0.0018631720     0.0024622158    -0.0038114895
13 C     0.0003967571     0.0033990079     0.0009186808
14 C    -0.0039479776     0.0020264890     0.0015359611
15 C    -0.0055756755    -0.0003614293    -0.0003090835
16 H     0.0058662539    -0.0095838903     0.0012534276
17 H    -0.0024753805    -0.0061639229     0.0085030885
18 H     0.0096716953     0.0030811336    -0.0131309279
19 H    -0.0023974872    -0.0038805700     0.0069595827
20 H     0.0032992527    -0.0066252773     0.0012869964
21 H    -0.0013890338     0.0028818708     0.0028295136
22 H     0.0052244650     0.0003249992     0.0065777283
23 H     0.0038641839    -0.0026615605    -0.0012940629
24 H     0.0067632323     0.0040565180     0.0001329841
25 H     0.0028643334     0.0034716416    -0.0064932771
26 H    -0.0013200228     0.0044566449    -0.0004599059
27 H     0.0022171826    -0.0046004950    -0.0046065663
28 H    -0.0045703035    -0.0006874267    -0.0050201446
29 H    -0.0002411295    -0.0063409634    -0.0093702426
30 H    -0.0008978229     0.0043202484    -0.0071902467
31 H     0.0076496639     0.0013931667    -0.0021599719
32 H     0.0028682562     0.0015320687     0.0036592794
33 H    -0.0003118798     0.0084708378     0.0001518728
34 H    -0.0046642835     0.0020101258    -0.0022237798
35 H    -0.0052424838     0.0027061281     0.0060609680
36 H    -0.0075746078    -0.0061879638    -0.0004271303
37 H     0.0003664373    -0.0027932371     0.0030833988
----------------------------------------------
[2026-07-07 16:52:18]   [OPT] [REP_00159] eval=004 E=-725.1805299376 Ha max|grad|=1.612e-02 Ha/Bohr SCF=True time=99.3s

WARN: Mole.unit (Angstrom) is changed to Bohr

converged SCF energy = -725.183394459282
--------------- DFTD3 gradients ---------------
         x                y                z
0 O    -0.0063963709     0.0030197326    -0.0081529310
1 C    -0.0034561914    -0.0020601415     0.0112945829
2 C    -0.0042847538    -0.0019859392    -0.0040381989
3 C    -0.0032669713     0.0094492873     0.0007981331
4 O    -0.0030187762    -0.0014176532     0.0023646467
5 C     0.0014094664    -0.0003036617     0.0027747140
6 C     0.0035089811     0.0010257291     0.0038613864
7 C     0.0030648503     0.0013198173    -0.0000148741
8 C     0.0012990326     0.0015601244    -0.0030446578
9 C    -0.0005602857     0.0009716269    -0.0031919210
10 O     0.0051351877    -0.0054779385    -0.0097467839
11 C     0.0003266073    -0.0040095524     0.0030437166
12 C     0.0017820955     0.0010779685    -0.0015213332
13 C    -0.0000513542     0.0034392074     0.0002214823
14 C    -0.0034107116     0.0024859255     0.0014925131
15 C    -0.0042264554    -0.0012026563     0.0017684655
16 H     0.0053114924    -0.0079766479     0.0020159549
17 H    -0.0008620477    -0.0047503176     0.0027445316
18 H     0.0013687309     0.0001797869    -0.0022157123
19 H    -0.0012195020    -0.0036533389     0.0052961242
20 H     0.0018185041    -0.0036915678     0.0022209708
21 H    -0.0002212486     0.0011482426     0.0024370914
22 H     0.0041036226     0.0013600809     0.0052921911
23 H     0.0029650016    -0.0006614875    -0.0006185779
24 H     0.0050940956     0.0019938462    -0.0001913019
25 H     0.0018057625     0.0033662742    -0.0042353473
26 H    -0.0003779645     0.0025084736    -0.0012577443
27 H     0.0013397558    -0.0034010784    -0.0038804391
28 H    -0.0022857840    -0.0018153346    -0.0031409701
29 H     0.0018429822    -0.0026036716    -0.0014038578
30 H     0.0003222725     0.0035004725    -0.0049483151
31 H     0.0042166814     0.0010854279    -0.0022928555
32 H     0.0014528935     0.0018105960     0.0015241705
33 H     0.0001964040     0.0054922621     0.0011865035
34 H    -0.0034325975     0.0018300694    -0.0003268204
35 H    -0.0042155231     0.0022346707     0.0033746680
36 H    -0.0055977484    -0.0043264643     0.0004978317
37 H    -0.0015160034    -0.0016045788    -0.0000659663
----------------------------------------------
[2026-07-07 16:53:55]   [OPT] [REP_00159] eval=005 E=-725.1833944593 Ha max|grad|=1.129e-02 Ha/Bohr SCF=True time=97.2s

WARN: Mole.unit (Angstrom) is changed to Bohr

[2026-07-07 16:53:55]   [OPT] [REP_00159] done: success=False nit=3 neval=5 max|grad|=1.129e-02 message=STOP: TOTAL NO. OF ITERATIONS REACHED LIMIT
[2026-07-07 16:53:55]   [WARN] [REP_00159] Optimization did not fully converge; using last geometry
[2026-07-07 16:53:55]   [DFT] [REP_00159] final single-point start
converged SCF energy = -725.183394459283
[2026-07-07 16:55:12]   [DFT] [REP_00159] final SCF done: E=-725.1833944593 Ha converged=True time=77.5s
[2026-07-07 16:55:12]   [DFT] [REP_00159] descriptors: HOMO=-3.7034 eV LUMO=3.0019 eV gap=6.7053 eV opt_status=opt_not_converged: STOP: TOTAL NO. OF ITERATIONS REACHED LIMIT
[2026-07-07 16:55:12] END compound_id=REP_00159
