[2026-07-07 19:52:30] ========================================================================
[2026-07-07 19:52:30] BEGIN compound_id=REP_00184 molecule_index=184/732 method=DFT-b3lyp/sto-3g-D3
[2026-07-07 19:52:30] settings functional=b3lyp basis=sto-3g D3=True geom_max_steps=3 scf_max_cycles=50
[2026-07-07 19:52:30]   [xTB] [REP_00184] start: atoms=32 charge=0 multiplicity=1 opt=tight solvent=gas
[2026-07-07 19:52:40]   [OK] [REP_00184] GFN2-xTB converged; RMSD(MMFF,xTB)=0.3356 A
[2026-07-07 19:52:40]   [DFT] build PySCF molecule: atoms=32 charge=0 spin=0
[2026-07-07 19:52:40]   [DFT] [REP_00184] start
[2026-07-07 19:52:40]   [OPT] [REP_00184] start: atoms=32, basis=sto-3g, D3=True, maxiter=3

WARN: Mole.unit (Angstrom) is changed to Bohr

converged SCF energy = -610.846886083725
--------------- DFTD3 gradients ---------------
         x                y                z
0 C    -0.0086069953     0.0030583997     0.0045331300
1 C     0.0005777540    -0.0080373305     0.0039996951
2 C    -0.0002022397    -0.0040803972    -0.0094714500
3 C    -0.0005768449     0.0116529176     0.0058932965
4 C    -0.0015358255    -0.0282499285    -0.0151692188
5 O    -0.0157150130     0.0547091689     0.0296621183
6 C     0.0053583698    -0.0122070942    -0.0066048394
7 C    -0.0010650637    -0.0174104374    -0.0094551573
8 C     0.0007704827    -0.0079721018    -0.0036843815
9 C    -0.0009581835     0.0028268669     0.0029349208
10 C     0.0056750368     0.0158684448     0.0039456887
11 O     0.0452646848    -0.0733584495     0.0167087780
12 C     0.0028663815     0.0072682034     0.0037927533
13 C     0.0010511803     0.0151117556     0.0081043944
14 H    -0.0080778739    -0.0060507753    -0.0014274596
15 H    -0.0025726910     0.0085981495    -0.0045968924
16 H     0.0002227562     0.0024710577     0.0100289190
17 H     0.0016086370    -0.0065076901     0.0041736595
18 H    -0.0077781529    -0.0058200574    -0.0021542812
19 H     0.0083607586    -0.0046109225    -0.0041920375
20 H    -0.0010816556     0.0079460533    -0.0059270525
21 H    -0.0018236091     0.0080672616    -0.0040897273
22 H    -0.0008732006     0.0032441362     0.0087311626
23 H    -0.0006447498    -0.0125161318     0.0018390372
24 H    -0.0008549770    -0.0058501260    -0.0119308548
25 H    -0.0092476440    -0.0082772669    -0.0044527324
26 H     0.0062578862    -0.0119983629    -0.0068259686
27 H     0.0057191260    -0.0058603664     0.0113465296
28 H     0.0037955036     0.0134844280     0.0073190228
29 H    -0.0297163382     0.0418002633    -0.0449151151
30 H     0.0091345882     0.0100457189     0.0051561924
31 H    -0.0054237446     0.0126554384     0.0067757027
----------------------------------------------
[2026-07-07 19:53:51]   [OPT] [REP_00184] eval=001 E=-610.8468860837 Ha max|grad|=7.336e-02 Ha/Bohr SCF=True time=71.4s

WARN: Mole.unit (Angstrom) is changed to Bohr

converged SCF energy = -610.726184326851
--------------- DFTD3 gradients ---------------
         x                y                z
0 C     0.0022018352    -0.0073812088    -0.0053778987
1 C    -0.0171749901     0.0335147647    -0.0097916669
2 C    -0.0007966364     0.0042206688     0.0081636885
3 C     0.0021640285    -0.0528583174    -0.0258605644
4 C    -0.0123715678     0.1232885080     0.0652086315
5 O     0.0265616470    -0.1154905171    -0.0629318166
6 C    -0.0325636679     0.0947799090     0.0511936707
7 C    -0.0126361443     0.0224628134     0.0128989467
8 C     0.0272663377    -0.0057365833    -0.0022279963
9 C     0.0032285651    -0.0169221671    -0.0202980289
10 C     0.0343412817    -0.1047597300     0.0168731389
11 O    -0.0879096709     0.1425951629    -0.0641707343
12 C    -0.0001144454     0.0235451358     0.0125763958
13 C     0.0007940432    -0.0572368240    -0.0303313979
14 H     0.0011308221     0.0088744713     0.0044162027
15 H     0.0002975064    -0.0106336537     0.0080162652
16 H    -0.0053262142    -0.0001293858    -0.0063017278
17 H     0.0023124623    -0.0074751977     0.0053763974
18 H     0.0072397893     0.0031874135    -0.0043870968
19 H    -0.0070646500     0.0018265058    -0.0031768784
20 H     0.0017435656    -0.0130248681     0.0046864147
21 H     0.0013507628     0.0009976924     0.0020472730
22 H     0.0044660853     0.0038213821     0.0046837834
23 H     0.0072573472    -0.0183348668     0.0054918993
24 H     0.0074046756    -0.0054759587    -0.0179629057
25 H    -0.0103878749    -0.0176806082    -0.0096535820
26 H     0.0026745855     0.0050366570     0.0022173627
27 H    -0.0094527395     0.0324512288    -0.0074482177
28 H     0.0112478621     0.0104122756    -0.0067083353
29 H     0.0589136573    -0.0858374064     0.0691559178
30 H     0.0003172584    -0.0035373178    -0.0025452676
31 H    -0.0070862074     0.0115644856     0.0061980850
----------------------------------------------
[2026-07-07 19:55:00]   [OPT] [REP_00184] eval=002 E=-610.7261843269 Ha max|grad|=1.426e-01 Ha/Bohr SCF=True time=68.9s

WARN: Mole.unit (Angstrom) is changed to Bohr

converged SCF energy = -610.861265562657
--------------- DFTD3 gradients ---------------
         x                y                z
0 C    -0.0061104608     0.0007030789     0.0021915936
1 C    -0.0034963105     0.0014942536     0.0008755069
2 C    -0.0003168290    -0.0020809632    -0.0054302324
3 C     0.0006186683    -0.0037186177    -0.0016303142
4 C     0.0005740341     0.0110582143     0.0057906347
5 O    -0.0083539485     0.0112896251     0.0060473608
6 C    -0.0051179292     0.0126393517     0.0068245193
7 C    -0.0048599948    -0.0078734869    -0.0040993237
8 C     0.0070616979    -0.0072655730    -0.0032160794
9 C    -0.0000354747    -0.0020339851    -0.0031272143
10 C     0.0137568916    -0.0130256163     0.0077382126
11 O    -0.0083011431     0.0053695323    -0.0459072722
12 C     0.0021739291     0.0109226926     0.0057820443
13 C    -0.0002813200    -0.0024597976    -0.0012036014
14 H    -0.0059339090    -0.0026862775    -0.0001334699
15 H    -0.0018230468     0.0041596226    -0.0017535490
16 H    -0.0009774429     0.0018688518     0.0063219099
17 H     0.0017650952    -0.0066673431     0.0044138986
18 H    -0.0043867500    -0.0037640358    -0.0026057963
19 H     0.0048965817    -0.0031443006    -0.0039270418
20 H    -0.0004319584     0.0031737831    -0.0033911575
21 H    -0.0009898738     0.0064676060    -0.0027883593
22 H     0.0005559193     0.0033362065     0.0077946721
23 H     0.0016131750    -0.0134135256     0.0025735304
24 H     0.0014835858    -0.0055752194    -0.0128984307
25 H    -0.0094406726    -0.0104378456    -0.0056498228
26 H     0.0054609895    -0.0080730307    -0.0047561565
27 H     0.0016723634     0.0037655211     0.0065229070
28 H     0.0052651968     0.0121289745     0.0031286271
29 H     0.0127075825    -0.0153988875     0.0265695178
30 H     0.0071006563     0.0069152657     0.0033612354
31 H    -0.0059288043     0.0123223705     0.0066026187
----------------------------------------------
[2026-07-07 19:55:59]   [OPT] [REP_00184] eval=003 E=-610.8612655627 Ha max|grad|=4.591e-02 Ha/Bohr SCF=True time=58.7s

WARN: Mole.unit (Angstrom) is changed to Bohr

converged SCF energy = -610.866066192287
--------------- DFTD3 gradients ---------------
         x                y                z
0 C    -0.0048319261     0.0011806693     0.0019557097
1 C    -0.0031436826    -0.0013111292     0.0004461624
2 C    -0.0006075019    -0.0015241509    -0.0035416436
3 C    -0.0019353549     0.0004494822     0.0005493082
4 C     0.0024901913     0.0060785610     0.0030716280
5 O    -0.0045339329     0.0036638188     0.0018620212
6 C    -0.0053636815     0.0034929264     0.0018989724
7 C    -0.0038827711     0.0009810906     0.0006588543
8 C    -0.0001353535    -0.0054224012    -0.0024332508
9 C     0.0039091621     0.0013995687    -0.0003068881
10 C     0.0117520625    -0.0093193234    -0.0069277196
11 O    -0.0053231671     0.0061268374    -0.0175209522
12 C     0.0039410951     0.0025507075     0.0010974771
13 C    -0.0017860469     0.0065149059     0.0035632990
14 H    -0.0048685166    -0.0012129437     0.0004145124
15 H    -0.0017383341     0.0018799351    -0.0001894275
16 H    -0.0016780339     0.0013310881     0.0036376154
17 H     0.0007594415    -0.0032999704     0.0023780239
18 H    -0.0023166737    -0.0024313116    -0.0027658798
19 H     0.0025999805    -0.0019842881    -0.0032711189
20 H    -0.0001672663     0.0009055565    -0.0024546147
21 H    -0.0004813645     0.0028595131    -0.0004869951
22 H     0.0005538463     0.0020838016     0.0031430517
23 H     0.0015287984    -0.0056259749    -0.0002793729
24 H     0.0013056513    -0.0035003982    -0.0046278869
25 H    -0.0079822041    -0.0090016775    -0.0048738855
26 H     0.0054653892    -0.0069740423    -0.0040691354
27 H     0.0036922454     0.0007160859     0.0073193761
28 H     0.0031397197     0.0041430753     0.0021098662
29 H     0.0062434170    -0.0070013815     0.0134073866
30 H     0.0063528953     0.0065768334     0.0032420514
31 H    -0.0030271368     0.0056687317     0.0030245002
----------------------------------------------
[2026-07-07 19:57:00]   [OPT] [REP_00184] eval=004 E=-610.8660661923 Ha max|grad|=1.752e-02 Ha/Bohr SCF=True time=61.6s

WARN: Mole.unit (Angstrom) is changed to Bohr

converged SCF energy = -610.868756538449
--------------- DFTD3 gradients ---------------
         x                y                z
0 C    -0.0024776572    -0.0010577843     0.0008476231
1 C    -0.0022559335    -0.0004460235    -0.0001371185
2 C    -0.0003168043    -0.0013803142    -0.0006385440
3 C    -0.0017952699    -0.0002971280     0.0004927653
4 C    -0.0019276210    -0.0001234118    -0.0000072980
5 O     0.0002218008    -0.0044806432    -0.0026415440
6 C     0.0014051529     0.0103607150     0.0055888220
7 C    -0.0064190536    -0.0058074921    -0.0028453683
8 C     0.0016539592     0.0027157557     0.0015212629
9 C     0.0021060171    -0.0070549032    -0.0046797702
10 C     0.0050764810    -0.0008398566    -0.0016529035
11 O     0.0038054292    -0.0028226403     0.0077171839
12 C     0.0004337539     0.0055091186     0.0026896548
13 C     0.0022491841    -0.0049300266    -0.0026242445
14 H    -0.0031953668     0.0013538922     0.0013783087
15 H    -0.0017964527    -0.0002533118     0.0013644749
16 H    -0.0025813107     0.0007024871     0.0004961766
17 H    -0.0005130761    -0.0001582035     0.0003622259
18 H     0.0002649232    -0.0007718689    -0.0030741116
19 H    -0.0009637679    -0.0001765098    -0.0020518674
20 H     0.0000698045    -0.0017529557    -0.0012110064
21 H    -0.0005425020     0.0001282453     0.0013903768
22 H     0.0000801023     0.0012208771    -0.0004045054
23 H     0.0014379414     0.0032335236    -0.0028578692
24 H     0.0011344578    -0.0005712253     0.0041493869
25 H    -0.0001965537     0.0006288309     0.0002969907
26 H     0.0025294122    -0.0023686329    -0.0015360175
27 H     0.0037774578     0.0013143437    -0.0000457036
28 H     0.0019388840    -0.0048637190    -0.0005141875
29 H    -0.0030816959     0.0053994266    -0.0050983873
30 H     0.0023870870     0.0017346896     0.0006210060
31 H    -0.0025534133     0.0058494348     0.0031430878
----------------------------------------------
[2026-07-07 19:57:58]   [OPT] [REP_00184] eval=005 E=-610.8687565384 Ha max|grad|=1.036e-02 Ha/Bohr SCF=True time=58.0s

WARN: Mole.unit (Angstrom) is changed to Bohr

[2026-07-07 19:57:58]   [OPT] [REP_00184] done: success=False nit=3 neval=5 max|grad|=1.036e-02 message=STOP: TOTAL NO. OF ITERATIONS REACHED LIMIT
[2026-07-07 19:57:58]   [WARN] [REP_00184] Optimization did not fully converge; using last geometry
[2026-07-07 19:57:58]   [DFT] [REP_00184] final single-point start
converged SCF energy = -610.868756538448
[2026-07-07 19:58:46]   [DFT] [REP_00184] final SCF done: E=-610.8687565384 Ha converged=True time=47.5s
[2026-07-07 19:58:46]   [DFT] [REP_00184] descriptors: HOMO=-3.5690 eV LUMO=2.6106 eV gap=6.1796 eV opt_status=opt_not_converged: STOP: TOTAL NO. OF ITERATIONS REACHED LIMIT
[2026-07-07 19:58:46] END compound_id=REP_00184
