[2026-07-08 04:44:43] ========================================================================
[2026-07-08 04:44:43] BEGIN compound_id=REP_00261 molecule_index=261/732 method=DFT-b3lyp/sto-3g-D3
[2026-07-08 04:44:43] settings functional=b3lyp basis=sto-3g D3=True geom_max_steps=3 scf_max_cycles=50
[2026-07-08 04:44:43]   [xTB] [REP_00261] start: atoms=26 charge=0 multiplicity=1 opt=tight solvent=gas
[2026-07-08 04:44:47]   [OK] [REP_00261] GFN2-xTB converged; RMSD(MMFF,xTB)=0.0924 A
[2026-07-08 04:44:47]   [DFT] build PySCF molecule: atoms=26 charge=0 spin=0
[2026-07-08 04:44:47]   [DFT] [REP_00261] start
[2026-07-08 04:44:47]   [OPT] [REP_00261] start: atoms=26, basis=sto-3g, D3=True, maxiter=3

WARN: Mole.unit (Angstrom) is changed to Bohr

converged SCF energy = -533.138983752554
--------------- DFTD3 gradients ---------------
         x                y                z
0 C    -0.0042518631    -0.0215227087    -0.0180549138
1 O    -0.0174837990     0.0557558420     0.0267648893
2 C     0.0046063732    -0.0122903210    -0.0055171556
3 C     0.0016677858    -0.0161972111    -0.0104451162
4 C     0.0018065522    -0.0089222691    -0.0054089905
5 C     0.0016825787    -0.0038073161     0.0024237204
6 C     0.0055301541    -0.0061518538     0.0095978958
7 C     0.0064182933     0.0039532155     0.0071047864
8 C    -0.0006123124     0.0150579491    -0.0255014171
9 O     0.0061736695    -0.0427727789     0.0809546865
10 C     0.0014915639     0.0079628615     0.0067689371
11 C    -0.0011947338     0.0140922515     0.0090754261
12 H     0.0044361016    -0.0042611546    -0.0129487183
13 H    -0.0046963409    -0.0135819481     0.0003244994
14 H    -0.0126155570     0.0059207894    -0.0045211384
15 H    -0.0063435922    -0.0065506436    -0.0090546162
16 H     0.0065410763    -0.0120968169    -0.0040956485
17 H     0.0015663583    -0.0095603655    -0.0008828109
18 H     0.0002929560    -0.0003604174     0.0094026132
19 H     0.0084831017    -0.0002966429     0.0057946030
20 H    -0.0007122672     0.0089869645     0.0024746210
21 H     0.0053015761     0.0140722844    -0.0040741840
22 H    -0.0112454456     0.0091562874    -0.0054213359
23 H     0.0036328252     0.0023472523    -0.0694812251
24 H     0.0060706395     0.0081783786     0.0100166434
25 H    -0.0065092515     0.0128486250     0.0047173347
----------------------------------------------
[2026-07-08 04:45:46]   [OPT] [REP_00261] eval=001 E=-533.1389837526 Ha max|grad|=8.095e-02 Ha/Bohr SCF=True time=59.5s

WARN: Mole.unit (Angstrom) is changed to Bohr

converged SCF energy = -533.013849034486
--------------- DFTD3 gradients ---------------
         x                y                z
0 C    -0.0309044835     0.1038958395     0.0517031781
1 O     0.0186674120    -0.1076304613    -0.0623196591
2 C    -0.0307139358     0.0868608890     0.0400774062
3 C    -0.0178647676     0.0246690264     0.0041611083
4 C     0.0255429592    -0.0041810077     0.0164156341
5 C    -0.0139659828     0.0030522056    -0.0049122217
6 C    -0.0009278634     0.0005192982    -0.0128384022
7 C    -0.0091636979     0.0241237045    -0.0315383056
8 C     0.0078305511    -0.0654197114     0.1112210714
9 O    -0.0058242629     0.0650801699    -0.1812763332
10 C     0.0030898949    -0.0025771438     0.0018610503
11 C     0.0126464010    -0.0530620668    -0.0295407702
12 H     0.0065093752    -0.0033659239    -0.0040966095
13 H     0.0022647035    -0.0075013743     0.0021233882
14 H     0.0217300988    -0.0320430204    -0.0075034978
15 H    -0.0061879885    -0.0153388537    -0.0154403668
16 H     0.0022868612    -0.0015307609     0.0005177776
17 H     0.0023536670     0.0032432484     0.0061395377
18 H     0.0019592759    -0.0042112438     0.0076592697
19 H     0.0060310009     0.0040003995    -0.0020472591
20 H     0.0026817442    -0.0053808680     0.0103675103
21 H     0.0115576676     0.0014064397    -0.0161571726
22 H    -0.0030338169    -0.0043342217    -0.0124645252
23 H    -0.0023016343    -0.0212915280     0.1229625340
24 H     0.0032311585    -0.0005061452     0.0020593125
25 H    -0.0074659102     0.0115231809     0.0027950735
----------------------------------------------
[2026-07-08 04:47:05]   [OPT] [REP_00261] eval=002 E=-533.0138490345 Ha max|grad|=1.813e-01 Ha/Bohr SCF=True time=79.0s

WARN: Mole.unit (Angstrom) is changed to Bohr

converged SCF energy = -533.153180970758
--------------- DFTD3 gradients ---------------
         x                y                z
0 C    -0.0062455349     0.0110678236     0.0034340349
1 O    -0.0135265501     0.0150343506     0.0011015829
2 C    -0.0030650305     0.0098578358     0.0048424413
3 C    -0.0035000429    -0.0066071073    -0.0074239679
4 C     0.0072059911    -0.0076273834    -0.0003364286
5 C    -0.0021320856    -0.0021303767     0.0007555478
6 C     0.0042522672    -0.0047040137     0.0044430961
7 C     0.0031034738     0.0088403733    -0.0034712158
8 C     0.0010395260    -0.0026956763     0.0091181656
9 O     0.0092742647    -0.0255068709    -0.0372808210
10 C     0.0020038985     0.0052114871     0.0054724306
11 C     0.0009898495    -0.0018076892    -0.0008493705
12 H     0.0052607294    -0.0038091855    -0.0104850415
13 H    -0.0027395242    -0.0119313502     0.0011582702
14 H    -0.0040028142    -0.0029460773    -0.0048110044
15 H    -0.0062480844    -0.0085178618    -0.0104401481
16 H     0.0056032677    -0.0097620342    -0.0030716272
17 H     0.0017112437    -0.0067757768     0.0006386711
18 H     0.0006814062    -0.0012124762     0.0090293783
19 H     0.0079540242     0.0005594374     0.0038543543
20 H    -0.0000177157     0.0057451373     0.0043667719
21 H     0.0066607622     0.0102001809    -0.0073683628
22 H    -0.0089397513     0.0052921725    -0.0075159499
23 H    -0.0039300727     0.0054540204     0.0324161342
24 H     0.0054452337     0.0062373201     0.0082416171
25 H    -0.0068234789     0.0125030293     0.0041813502
----------------------------------------------
[2026-07-08 04:48:01]   [OPT] [REP_00261] eval=003 E=-533.1531809708 Ha max|grad|=3.728e-02 Ha/Bohr SCF=True time=55.8s

WARN: Mole.unit (Angstrom) is changed to Bohr

converged SCF energy = -533.157584618669
--------------- DFTD3 gradients ---------------
         x                y                z
0 C    -0.0018202132     0.0053050816     0.0024525390
1 O    -0.0078025128     0.0065892814    -0.0008159992
2 C    -0.0056009386     0.0045629355    -0.0007019491
3 C    -0.0025499546    -0.0000410335    -0.0021548202
4 C     0.0006624896    -0.0052442151    -0.0029503202
5 C    -0.0002321901    -0.0005214902     0.0030848583
6 C     0.0029309347    -0.0019847217     0.0033664017
7 C     0.0045496877     0.0023931352     0.0007582073
8 C     0.0035131186    -0.0088082007     0.0014907978
9 O     0.0024768242    -0.0061260414    -0.0185088153
10 C     0.0032295444     0.0016354353     0.0040131829
11 C    -0.0012526256     0.0054692821     0.0027561692
12 H     0.0011796677    -0.0021602918    -0.0035131686
13 H    -0.0007754070    -0.0041275554    -0.0006636919
14 H    -0.0052628740    -0.0025204292    -0.0053826022
15 H    -0.0054717187    -0.0075067608    -0.0092327977
16 H     0.0053936275    -0.0085194157    -0.0023182857
17 H     0.0020634896    -0.0051590915     0.0011834945
18 H     0.0010677221    -0.0017762993     0.0067374582
19 H     0.0046667751     0.0022732177     0.0016941287
20 H     0.0000444930     0.0057332645     0.0039923288
21 H     0.0023318549     0.0044738852    -0.0050374837
22 H    -0.0025192953     0.0027873169    -0.0038313591
23 H    -0.0018935903     0.0023883828     0.0150919764
24 H     0.0043982111     0.0048406370     0.0065462862
25 H    -0.0033195081     0.0060274142     0.0019411411
----------------------------------------------
[2026-07-08 04:48:58]   [OPT] [REP_00261] eval=004 E=-533.1575846187 Ha max|grad|=1.851e-02 Ha/Bohr SCF=True time=56.9s

WARN: Mole.unit (Angstrom) is changed to Bohr

converged SCF energy = -533.160161912452
--------------- DFTD3 gradients ---------------
         x                y                z
0 C    -0.0035508581     0.0012300732    -0.0016245157
1 O    -0.0020539648    -0.0026915190    -0.0033093531
2 C    -0.0007671249     0.0086344493     0.0055383023
3 C    -0.0065167350    -0.0029709201    -0.0069609196
4 C     0.0013600046    -0.0000159218     0.0018106177
5 C    -0.0012181786    -0.0042726608    -0.0015610940
6 C     0.0024907687    -0.0018397947     0.0031565174
7 C     0.0007653137     0.0006510680     0.0003961121
8 C     0.0016903988     0.0003041037    -0.0029768056
9 O    -0.0020244639     0.0043592250     0.0061793265
10 C    -0.0021512039     0.0041849195     0.0025150613
11 C     0.0011652848    -0.0040555963    -0.0022760238
12 H    -0.0022742766    -0.0000919594     0.0033579672
13 H     0.0012335423     0.0034795448    -0.0017326516
14 H    -0.0028247970    -0.0040263662    -0.0047634258
15 H    -0.0004574527     0.0000834041    -0.0004786694
16 H     0.0021116878    -0.0030560524    -0.0007090231
17 H     0.0018160201    -0.0006709557     0.0024169760
18 H     0.0016555494    -0.0025707883     0.0027651810
19 H     0.0042404298     0.0028644717     0.0014830492
20 H     0.0016673116    -0.0002965017     0.0018056893
21 H    -0.0027858815    -0.0035668912    -0.0019049817
22 H     0.0055817496    -0.0011044182     0.0011494348
23 H     0.0007261644    -0.0011195545    -0.0089526281
24 H     0.0024495789     0.0012434038     0.0026740508
25 H    -0.0023328063     0.0053105049     0.0019904231
----------------------------------------------
[2026-07-08 04:49:57]   [OPT] [REP_00261] eval=005 E=-533.1601619125 Ha max|grad|=8.953e-03 Ha/Bohr SCF=True time=59.3s

WARN: Mole.unit (Angstrom) is changed to Bohr

[2026-07-08 04:49:57]   [OPT] [REP_00261] done: success=False nit=3 neval=5 max|grad|=8.953e-03 message=STOP: TOTAL NO. OF ITERATIONS REACHED LIMIT
[2026-07-08 04:49:57]   [WARN] [REP_00261] Optimization did not fully converge; using last geometry
[2026-07-08 04:49:57]   [DFT] [REP_00261] final single-point start
converged SCF energy = -533.160161912454
[2026-07-08 04:50:44]   [DFT] [REP_00261] final SCF done: E=-533.1601619125 Ha converged=True time=47.3s
[2026-07-08 04:50:44]   [DFT] [REP_00261] descriptors: HOMO=-3.5669 eV LUMO=2.7069 eV gap=6.2738 eV opt_status=opt_not_converged: STOP: TOTAL NO. OF ITERATIONS REACHED LIMIT
[2026-07-08 04:50:44] END compound_id=REP_00261
