[2026-07-07 18:54:47] ========================================================================
[2026-07-07 18:54:47] BEGIN compound_id=REP_00176 molecule_index=176/732 method=DFT-b3lyp/sto-3g-D3
[2026-07-07 18:54:47] settings functional=b3lyp basis=sto-3g D3=True geom_max_steps=3 scf_max_cycles=50
[2026-07-07 18:54:47]   [xTB] [REP_00176] start: atoms=34 charge=0 multiplicity=1 opt=tight solvent=gas
[2026-07-07 18:55:01]   [OK] [REP_00176] GFN2-xTB converged; RMSD(MMFF,xTB)=0.6194 A
[2026-07-07 18:55:01]   [DFT] build PySCF molecule: atoms=34 charge=0 spin=0
[2026-07-07 18:55:01]   [DFT] [REP_00176] start
[2026-07-07 18:55:01]   [OPT] [REP_00176] start: atoms=34, basis=sto-3g, D3=True, maxiter=3

WARN: Mole.unit (Angstrom) is changed to Bohr

converged SCF energy = -612.027026576749
--------------- DFTD3 gradients ---------------
         x                y                z
0 C    -0.0053640219    -0.0100472611     0.0199721578
1 C    -0.0252595434    -0.0110698836     0.0259580246
2 O    -0.0317275760     0.0788325955    -0.0621791249
3 O     0.0561230506    -0.0693136860     0.0354345049
4 C    -0.0076105639     0.0193392157    -0.0186197943
5 C     0.0050037291    -0.0070255059     0.0056333319
6 C    -0.0046184622    -0.0036882260     0.0016445411
7 C    -0.0021417880     0.0084847847    -0.0094403436
8 C     0.0045293478    -0.0112239367    -0.0001988465
9 C    -0.0017139202     0.0100016145     0.0015488289
10 C     0.0019994542    -0.0022262525     0.0087476846
11 C    -0.0014994627     0.0009376896     0.0019266589
12 C     0.0092182237    -0.0067756529     0.0043493375
13 C    -0.0014593271     0.0060497732    -0.0101342798
14 H     0.0009085563     0.0036453055     0.0110088198
15 H    -0.0106428953    -0.0003874990    -0.0012699070
16 H    -0.0002475225    -0.0114389469     0.0036413306
17 H     0.0017882764     0.0140405773    -0.0036325490
18 H    -0.0034844152    -0.0001925335    -0.0142101736
19 H     0.0025110471    -0.0102061236     0.0118289567
20 H    -0.0012508943     0.0106573263     0.0018239313
21 H     0.0080663246     0.0008059998    -0.0059726484
22 H    -0.0076321610    -0.0015775031    -0.0073645159
23 H     0.0037302524    -0.0040298218    -0.0078823689
24 H    -0.0006079934    -0.0076779395     0.0048520890
25 H     0.0003157059     0.0076982720    -0.0054821068
26 H    -0.0037738248     0.0040585030     0.0074714848
27 H     0.0017730464    -0.0070741474     0.0111312222
28 H     0.0038247495    -0.0075065149    -0.0068627507
29 H    -0.0001462178    -0.0050707603     0.0087942564
30 H     0.0090689624     0.0057686636     0.0005093591
31 H     0.0004900215    -0.0060063627    -0.0088181491
32 H     0.0082364953     0.0058839725    -0.0021648502
33 H    -0.0083703273     0.0063531360    -0.0020736923
----------------------------------------------
[2026-07-07 18:56:08]   [OPT] [REP_00176] eval=001 E=-612.0270265767 Ha max|grad|=7.883e-02 Ha/Bohr SCF=True time=67.3s

WARN: Mole.unit (Angstrom) is changed to Bohr

converged SCF energy = -611.892366150557
--------------- DFTD3 gradients ---------------
         x                y                z
0 C    -0.0474699526     0.0102217314     0.0056859453
1 C     0.0721029922     0.1069694013    -0.1657876066
2 O     0.0527283370    -0.1593940108     0.1324168729
3 O    -0.1058966040     0.1063955417    -0.0435383477
4 C     0.0342849451    -0.0821261531     0.0638547832
5 C    -0.0321898124     0.0207498848    -0.0106119418
6 C     0.0359354959    -0.0009932220    -0.0237466451
7 C     0.0003688222    -0.0096347215     0.0098890846
8 C    -0.0053453932     0.0204288626    -0.0073397488
9 C     0.0033044350    -0.0190176276     0.0078659604
10 C    -0.0061273280     0.0093832417     0.0021993243
11 C     0.0172063333    -0.0046035433    -0.0053508514
12 C    -0.0021169154     0.0078016424    -0.0110998638
13 C     0.0054988729    -0.0066228233     0.0070792192
14 H    -0.0041538412    -0.0033509747     0.0155571135
15 H     0.0070151598    -0.0087158592     0.0175399761
16 H    -0.0019594828    -0.0106010517     0.0094715777
17 H    -0.0075015187     0.0166876035     0.0034845466
18 H    -0.0089994149     0.0030308562    -0.0064607768
19 H    -0.0020900999     0.0023534824    -0.0026999048
20 H     0.0008354517    -0.0026764607    -0.0062746261
21 H    -0.0082299085     0.0029924396     0.0016166134
22 H     0.0047108301     0.0059287944    -0.0011317743
23 H     0.0016034769    -0.0034583200     0.0041014044
24 H     0.0033153953    -0.0063382413     0.0018865930
25 H    -0.0008046859     0.0018794799     0.0005982687
26 H    -0.0017807199     0.0037486033    -0.0042656670
27 H    -0.0001049103     0.0001358978     0.0007740080
28 H     0.0023061546     0.0034066994     0.0089587719
29 H     0.0045495201    -0.0013915226    -0.0011452158
30 H    -0.0038328035    -0.0101729532     0.0014141355
31 H    -0.0007957757     0.0094832605     0.0029675775
32 H    -0.0093030435    -0.0025967566    -0.0037025167
33 H     0.0028908981     0.0001105382    -0.0042321280
----------------------------------------------
[2026-07-07 18:57:37]   [OPT] [REP_00176] eval=002 E=-611.8923661506 Ha max|grad|=1.658e-01 Ha/Bohr SCF=True time=88.9s

WARN: Mole.unit (Angstrom) is changed to Bohr

converged SCF energy = -612.041606389905
--------------- DFTD3 gradients ---------------
         x                y                z
0 C    -0.0140973763    -0.0033453143     0.0140730339
1 C    -0.0086823277     0.0577847778    -0.0588382297
2 O     0.0145016014    -0.0335897096     0.0256884054
3 O    -0.0018802807    -0.0174566962     0.0199728761
4 C     0.0023974302    -0.0019192764    -0.0013955416
5 C    -0.0041380310    -0.0003635892     0.0015813689
6 C     0.0041092844    -0.0029659520    -0.0039187783
7 C    -0.0015896589     0.0043655452    -0.0049608122
8 C     0.0022932659    -0.0042783930    -0.0017029768
9 C    -0.0005554625     0.0037064998     0.0028532632
10 C     0.0000660424     0.0003034439     0.0074157706
11 C     0.0027626914    -0.0002416626     0.0001744312
12 C     0.0066947215    -0.0035590646     0.0009373834
13 C     0.0000635969     0.0032355267    -0.0063128863
14 H    -0.0001992120     0.0021330659     0.0120549240
15 H    -0.0065266082    -0.0022139279     0.0027176912
16 H    -0.0003513811    -0.0112953039     0.0045914066
17 H    -0.0006374572     0.0145036396    -0.0019965679
18 H    -0.0048904066     0.0006299553    -0.0127027392
19 H     0.0010627636    -0.0073401478     0.0087000284
20 H    -0.0007863272     0.0077633564     0.0001243983
21 H     0.0045710522     0.0012273268    -0.0042867920
22 H    -0.0049765925    -0.0000002788    -0.0059993920
23 H     0.0032774826    -0.0038713602    -0.0053372502
24 H     0.0002435275    -0.0073934971     0.0042288786
25 H     0.0000720681     0.0064341103    -0.0042008505
26 H    -0.0033544505     0.0039606868     0.0049491470
27 H     0.0013524490    -0.0055108586     0.0088513907
28 H     0.0034489489    -0.0051078402    -0.0034765891
29 H     0.0008338051    -0.0042825242     0.0066876995
30 H     0.0062154187     0.0023558455     0.0006701553
31 H     0.0002265142    -0.0026926026    -0.0062120049
32 H     0.0044547506     0.0040143432    -0.0024401511
33 H    -0.0059748817     0.0050151225    -0.0025099579
----------------------------------------------
[2026-07-07 18:58:45]   [OPT] [REP_00176] eval=003 E=-612.0416063899 Ha max|grad|=5.884e-02 Ha/Bohr SCF=True time=67.9s

WARN: Mole.unit (Angstrom) is changed to Bohr

converged SCF energy = -612.047084195198
--------------- DFTD3 gradients ---------------
         x                y                z
0 C    -0.0061775733     0.0041882919    -0.0000456174
1 C     0.0075765746     0.0032092916    -0.0102635615
2 O     0.0052227097    -0.0035764859    -0.0001435168
3 O    -0.0153904908     0.0048153128     0.0051907036
4 C     0.0019279053    -0.0064534244     0.0044375023
5 C    -0.0002857117    -0.0004014819    -0.0005756572
6 C     0.0014321210    -0.0026845268    -0.0028136205
7 C    -0.0006992836     0.0027861839    -0.0036485317
8 C     0.0021929990    -0.0031812852    -0.0013364154
9 C    -0.0001752208     0.0023831049     0.0024490407
10 C     0.0021945525     0.0008411490     0.0052480014
11 C     0.0019086782    -0.0004374066     0.0009797514
12 C     0.0052340300    -0.0026926921     0.0005427490
13 C     0.0001701954     0.0021718887    -0.0042776111
14 H    -0.0008830538     0.0010697055     0.0099624918
15 H    -0.0076623000    -0.0028358224     0.0045405860
16 H    -0.0005596990    -0.0072462819     0.0029621461
17 H    -0.0014034763     0.0089686507    -0.0014341650
18 H    -0.0035209038     0.0013769040    -0.0084220184
19 H     0.0003467523    -0.0043864407     0.0051934213
20 H    -0.0004967622     0.0055811164    -0.0008586657
21 H     0.0022407938     0.0016137141    -0.0033149193
22 H    -0.0032202067     0.0009146797    -0.0048815214
23 H     0.0030625520    -0.0035541291    -0.0035889660
24 H     0.0007282264    -0.0056926968     0.0026619442
25 H    -0.0001022553     0.0044278321    -0.0024407661
26 H    -0.0030888511     0.0036933511     0.0033743489
27 H     0.0010739915    -0.0042625673     0.0070855281
28 H     0.0033373477    -0.0038207168    -0.0017126192
29 H     0.0015066692    -0.0032247243     0.0043538171
30 H     0.0048640768     0.0005663360     0.0007081957
31 H     0.0001110895    -0.0008198614    -0.0047571688
32 H     0.0024064059     0.0029936467    -0.0026640242
33 H    -0.0038654108     0.0036394636    -0.0025190804
----------------------------------------------
[2026-07-07 18:59:50]   [OPT] [REP_00176] eval=004 E=-612.0470841952 Ha max|grad|=1.539e-02 Ha/Bohr SCF=True time=64.7s

WARN: Mole.unit (Angstrom) is changed to Bohr

converged SCF energy = -612.04857327757
--------------- DFTD3 gradients ---------------
         x                y                z
0 C    -0.0009663733     0.0022562945    -0.0010133231
1 C     0.0033119397    -0.0065680534     0.0039133401
2 O     0.0036628760     0.0029043352    -0.0061369695
3 O    -0.0107737958     0.0079938134    -0.0017103206
4 C    -0.0014575583    -0.0023516426     0.0028468313
5 C     0.0016440128    -0.0029809722     0.0013939790
6 C     0.0000983490    -0.0017957184    -0.0028614709
7 C    -0.0005112318     0.0019144693    -0.0027973029
8 C     0.0020606033    -0.0030755037    -0.0005630585
9 C     0.0002591580     0.0019995205     0.0017455086
10 C     0.0028740469     0.0008124794     0.0045754697
11 C     0.0017717641    -0.0003401453     0.0008226022
12 C     0.0038767329    -0.0022919998     0.0007811557
13 C    -0.0001876793     0.0015218377    -0.0025857959
14 H    -0.0019916977    -0.0005067987     0.0064692833
15 H    -0.0074166908    -0.0025132905     0.0045899396
16 H    -0.0020045626    -0.0013186813     0.0018690947
17 H    -0.0018530568     0.0021332445    -0.0010355217
18 H    -0.0015634404     0.0019200719    -0.0032273001
19 H     0.0001922676    -0.0018986942     0.0020253635
20 H    -0.0002373229     0.0036049748    -0.0015624336
21 H     0.0007424553     0.0018313050    -0.0026859948
22 H    -0.0017351885     0.0016001823    -0.0038708821
23 H     0.0028270373    -0.0031501597    -0.0021515979
24 H     0.0011102164    -0.0038977018     0.0010843639
25 H    -0.0002361577     0.0024968230    -0.0007982267
26 H    -0.0027504719     0.0032898644     0.0020571459
27 H     0.0009198102    -0.0029096477     0.0051458368
28 H     0.0032472798    -0.0029116782    -0.0005386514
29 H     0.0020522479    -0.0022732806     0.0023015143
30 H     0.0039904204    -0.0006100533     0.0007069373
31 H     0.0000368765     0.0004649892    -0.0036441192
32 H     0.0010002817     0.0022621352    -0.0027679222
33 H    -0.0019937349     0.0023517379    -0.0023801818
----------------------------------------------
[2026-07-07 19:00:53]   [OPT] [REP_00176] eval=005 E=-612.0485732776 Ha max|grad|=1.077e-02 Ha/Bohr SCF=True time=63.0s

WARN: Mole.unit (Angstrom) is changed to Bohr

[2026-07-07 19:00:53]   [OPT] [REP_00176] done: success=False nit=3 neval=5 max|grad|=1.077e-02 message=STOP: TOTAL NO. OF ITERATIONS REACHED LIMIT
[2026-07-07 19:00:53]   [WARN] [REP_00176] Optimization did not fully converge; using last geometry
[2026-07-07 19:00:53]   [DFT] [REP_00176] final single-point start
converged SCF energy = -612.04857327757
[2026-07-07 19:01:49]   [DFT] [REP_00176] final SCF done: E=-612.0485732776 Ha converged=True time=56.9s
[2026-07-07 19:01:49]   [DFT] [REP_00176] descriptors: HOMO=-4.0432 eV LUMO=2.9513 eV gap=6.9944 eV opt_status=opt_not_converged: STOP: TOTAL NO. OF ITERATIONS REACHED LIMIT
[2026-07-07 19:01:49] END compound_id=REP_00176
