[2026-07-08 13:35:55] ========================================================================
[2026-07-08 13:35:55] BEGIN compound_id=REP_00343 molecule_index=343/732 method=DFT-b3lyp/sto-3g-D3
[2026-07-08 13:35:55] settings functional=b3lyp basis=sto-3g D3=True geom_max_steps=3 scf_max_cycles=50
[2026-07-08 13:35:55]   [xTB] [REP_00343] start: atoms=35 charge=0 multiplicity=1 opt=tight solvent=gas
[2026-07-08 13:35:57]   [OK] [REP_00343] GFN2-xTB converged; RMSD(MMFF,xTB)=0.0612 A
[2026-07-08 13:35:57]   [DFT] build PySCF molecule: atoms=35 charge=0 spin=0
[2026-07-08 13:35:57]   [DFT] [REP_00343] start
[2026-07-08 13:35:57]   [OPT] [REP_00343] start: atoms=35, basis=sto-3g, D3=True, maxiter=3

WARN: Mole.unit (Angstrom) is changed to Bohr

converged SCF energy = -539.153655358393
--------------- DFTD3 gradients ---------------
         x                y                z
0 O    -0.0110000507     0.0183477836    -0.0949909358
1 C     0.0083185584    -0.0119848562     0.0522718276
2 C    -0.0099573838     0.0097807318     0.0209905323
3 C    -0.0066468880     0.0048435924     0.0017478813
4 C     0.0000379274     0.0053861099    -0.0090780125
5 C    -0.0010061743    -0.0008812999     0.0082036148
6 C     0.0030561577     0.0041569628    -0.0090512986
7 C     0.0083643314     0.0056927434     0.0024662292
8 C     0.0012618219    -0.0018546008     0.0105728493
9 C     0.0078126091    -0.0055914119    -0.0032494736
10 C    -0.0003950980     0.0006374055    -0.0087184682
11 C     0.0009733736    -0.0036485566     0.0091512961
12 C     0.0004296580    -0.0215686548     0.0076407473
13 H     0.0048861414    -0.0011938704     0.0073101938
14 H    -0.0082102297    -0.0005784768     0.0054333066
15 H    -0.0030506069     0.0058420161     0.0057937454
16 H    -0.0073564512     0.0021611746    -0.0056185330
17 H     0.0002519912     0.0078289296    -0.0037194806
18 H     0.0018339634    -0.0049631799    -0.0071743504
19 H    -0.0004062302     0.0048129324     0.0064867798
20 H    -0.0016608376    -0.0077073062     0.0060256726
21 H    -0.0011285212    -0.0042366889    -0.0075193360
22 H     0.0020168321     0.0075025258    -0.0032828093
23 H     0.0077865289     0.0008029481    -0.0035161012
24 H     0.0023728086     0.0051639249     0.0060750829
25 H    -0.0072411965    -0.0004557627     0.0060565333
26 H     0.0057695644    -0.0021623116     0.0051388010
27 H     0.0060809489     0.0005521295    -0.0067551503
28 H     0.0033870884    -0.0069183275     0.0020874793
29 H    -0.0030077554     0.0084502125    -0.0048830014
30 H    -0.0003344237    -0.0044793998    -0.0069280687
31 H     0.0029915262    -0.0072703649     0.0034889926
32 H     0.0002513146     0.0053370439     0.0071819409
33 H    -0.0009667998    -0.0067531457    -0.0055292945
34 H    -0.0055100788    -0.0050944002     0.0058796141
----------------------------------------------
[2026-07-08 13:37:12]   [OPT] [REP_00343] eval=001 E=-539.1536553584 Ha max|grad|=9.499e-02 Ha/Bohr SCF=True time=75.3s

WARN: Mole.unit (Angstrom) is changed to Bohr

converged SCF energy = -538.960673670729
--------------- DFTD3 gradients ---------------
         x                y                z
0 O     0.0264786417    -0.0346198137     0.1923154180
1 C    -0.0390080888     0.0582547871    -0.2540956619
2 C     0.0228998471    -0.0300367558    -0.0173437672
3 C     0.0015222567     0.0130026689    -0.0114824620
4 C    -0.0042039271    -0.0182749792     0.0237079867
5 C     0.0036515671     0.0037414750    -0.0254675093
6 C    -0.0018442266    -0.0098091404     0.0257557659
7 C    -0.0091193653    -0.0098790242    -0.0060267320
8 C     0.0027592349     0.0040107151    -0.0217647675
9 C    -0.0104150772     0.0123624475     0.0057131034
10 C    -0.0012243504     0.0000600943     0.0176025820
11 C     0.0187793254    -0.0105493987    -0.0101172323
12 C    -0.0024452000     0.0268524106     0.0091935015
13 H    -0.0047282425     0.0142446507     0.0269022057
14 H    -0.0189430066     0.0036628251     0.0176365873
15 H    -0.0016823153     0.0056120655    -0.0054265338
16 H     0.0005952812    -0.0021258053     0.0104296781
17 H     0.0012985373     0.0042278382    -0.0048993979
18 H    -0.0033518650     0.0055418535     0.0039744382
19 H    -0.0001065673    -0.0043799808     0.0007810020
20 H     0.0008000823     0.0081765517    -0.0025584467
21 H     0.0016781886     0.0051479211     0.0020987768
22 H    -0.0011467662     0.0021239595    -0.0056851052
23 H     0.0031616099     0.0006815328     0.0061341382
24 H     0.0039717586     0.0046750522    -0.0021103688
25 H     0.0059366819    -0.0010300020    -0.0005268207
26 H     0.0001780824    -0.0019047136     0.0082003579
27 H     0.0037047772    -0.0026421719     0.0041371834
28 H     0.0026387249    -0.0023370638    -0.0046947863
29 H     0.0029147777    -0.0109657704     0.0012141875
30 H    -0.0035983726     0.0014202717    -0.0029247766
31 H     0.0076907938     0.0026167219     0.0066150985
32 H    -0.0006529038    -0.0059474911    -0.0024629983
33 H    -0.0018358065    -0.0046427318    -0.0000355068
34 H    -0.0063225845    -0.0273089010     0.0151796277
----------------------------------------------
[2026-07-08 13:39:55]   [OPT] [REP_00343] eval=002 E=-538.9606736707 Ha max|grad|=2.541e-01 Ha/Bohr SCF=True time=163.1s

WARN: Mole.unit (Angstrom) is changed to Bohr

converged SCF energy = -539.158430947404
--------------- DFTD3 gradients ---------------
         x                y                z
0 O     0.0057249251    -0.0047488030     0.0352008884
1 C    -0.0092101820     0.0119853627    -0.0756436085
2 C    -0.0056612373     0.0040582425     0.0131520727
3 C    -0.0054703088     0.0062968991    -0.0000344851
4 C    -0.0004511499     0.0023266763    -0.0047183492
5 C    -0.0003893537    -0.0003218567     0.0037362188
6 C     0.0023362579     0.0023011513    -0.0044138593
7 C     0.0059908469     0.0035820455     0.0013501318
8 C     0.0014265901    -0.0010803915     0.0062119241
9 C     0.0054125183    -0.0031468096    -0.0019801850
10 C    -0.0006255216     0.0005417830    -0.0051867394
11 C     0.0036015388    -0.0042977672     0.0065481515
12 C    -0.0003914035    -0.0135303848     0.0057230352
13 H     0.0038376613     0.0004970107     0.0097465916
14 H    -0.0097214742     0.0000549585     0.0072786843
15 H    -0.0028535369     0.0057675216     0.0043926449
16 H    -0.0062873406     0.0015305970    -0.0035160551
17 H     0.0003718721     0.0073727104    -0.0038545246
18 H     0.0011295776    -0.0036475532    -0.0056425680
19 H    -0.0003567237     0.0036517540     0.0057465543
20 H    -0.0013323565    -0.0056627947     0.0048684561
21 H    -0.0007906614    -0.0030706035    -0.0062745749
22 H     0.0016034625     0.0068332651    -0.0035926168
23 H     0.0072056394     0.0007583456    -0.0022915925
24 H     0.0025618777     0.0051224721     0.0050377800
25 H    -0.0055964295    -0.0005251787     0.0051869287
26 H     0.0050695490    -0.0021340881     0.0055446091
27 H     0.0057751277     0.0001764743    -0.0053557628
28 H     0.0032899093    -0.0063571505     0.0012298071
29 H    -0.0022615143     0.0058825093    -0.0040229812
30 H    -0.0007707782    -0.0037349384    -0.0064092343
31 H     0.0034747080    -0.0060015724     0.0038472608
32 H     0.0001171921     0.0039509173     0.0059234510
33 H    -0.0010421694    -0.0067267565    -0.0049075560
34 H    -0.0057017750    -0.0077427676     0.0071021836
----------------------------------------------
[2026-07-08 13:41:18]   [OPT] [REP_00343] eval=003 E=-539.1584309474 Ha max|grad|=7.564e-02 Ha/Bohr SCF=True time=83.0s

WARN: Mole.unit (Angstrom) is changed to Bohr

converged SCF energy = -539.161588118434
--------------- DFTD3 gradients ---------------
         x                y                z
0 O     0.0025929670    -0.0003607286     0.0101377997
1 C    -0.0056669813     0.0059412655    -0.0400548298
2 C    -0.0047066619     0.0020733226     0.0067595055
3 C    -0.0052880805     0.0058438819     0.0008450721
4 C    -0.0006529231     0.0020383438    -0.0038952322
5 C    -0.0002684309    -0.0002694330     0.0029894449
6 C     0.0021977401     0.0019803444    -0.0035673379
7 C     0.0054107968     0.0030672441     0.0012544852
8 C     0.0014848961    -0.0009078083     0.0052594729
9 C     0.0048193342    -0.0025815283    -0.0017904151
10 C    -0.0004420216     0.0002795464    -0.0042879965
11 C     0.0025928881    -0.0032688175     0.0051795611
12 C    -0.0012993542    -0.0092015352     0.0017885061
13 H     0.0036252450     0.0000769875     0.0086487426
14 H    -0.0088681253    -0.0000541240     0.0070723038
15 H    -0.0027370998     0.0059432868     0.0035915444
16 H    -0.0059945040     0.0014713213    -0.0028865426
17 H     0.0005166521     0.0064768080    -0.0037089340
18 H     0.0009762465    -0.0028505050    -0.0048680401
19 H    -0.0003480783     0.0029379145     0.0051267209
20 H    -0.0011647115    -0.0045827911     0.0042177259
21 H    -0.0006038656    -0.0024299802    -0.0054249121
22 H     0.0013384198     0.0060784956    -0.0035215615
23 H     0.0067638067     0.0007489174    -0.0017480654
24 H     0.0025797576     0.0048283755     0.0043341767
25 H    -0.0046463951    -0.0005293530     0.0045530856
26 H     0.0044814783    -0.0020122577     0.0054255341
27 H     0.0054777406    -0.0000067344    -0.0046056118
28 H     0.0030973811    -0.0057741092     0.0007760591
29 H    -0.0018222881     0.0048392593    -0.0035638771
30 H    -0.0009128686    -0.0031668498    -0.0058756879
31 H     0.0037130924    -0.0056528801     0.0039879720
32 H     0.0002265965     0.0031781259     0.0051818288
33 H    -0.0007279227    -0.0072181334    -0.0037062003
34 H    -0.0057321247    -0.0069763298     0.0063569169
----------------------------------------------
[2026-07-08 13:42:43]   [OPT] [REP_00343] eval=004 E=-539.1615881184 Ha max|grad|=4.005e-02 Ha/Bohr SCF=True time=84.5s

WARN: Mole.unit (Angstrom) is changed to Bohr

converged SCF energy = -539.165303193884
--------------- DFTD3 gradients ---------------
         x                y                z
0 O    -0.0010989535     0.0048954774    -0.0202234158
1 C    -0.0011550291    -0.0032266035     0.0132203150
2 C    -0.0019405610    -0.0022146560    -0.0042836613
3 C    -0.0040532373     0.0039019697     0.0010490578
4 C    -0.0013631845     0.0012907549    -0.0009809076
5 C     0.0000896472     0.0001125075     0.0004799978
6 C     0.0016987089     0.0009732388    -0.0008014819
7 C     0.0034691743     0.0014113645     0.0009170606
8 C     0.0017622952    -0.0003700014     0.0021526422
9 C     0.0027779487    -0.0009428559    -0.0009811697
10 C     0.0002713813    -0.0004553755    -0.0014486493
11 C     0.0004309003    -0.0013616777     0.0010316823
12 C    -0.0037968449     0.0000239505    -0.0043208741
13 H     0.0008678965     0.0000641793     0.0036227803
14 H    -0.0053661079     0.0001195091     0.0062907347
15 H    -0.0024815429     0.0060949494     0.0014255909
16 H    -0.0046487434     0.0013862154    -0.0003674076
17 H     0.0009525257     0.0031891038    -0.0030547391
18 H     0.0001300931    -0.0002565736    -0.0020518536
19 H    -0.0002902399     0.0003847792     0.0028694060
20 H    -0.0005575001    -0.0008714564     0.0019331008
21 H     0.0000868092    -0.0001557663    -0.0023421460
22 H     0.0003828900     0.0032174764    -0.0031486852
23 H     0.0050429022     0.0007156519     0.0002350114
24 H     0.0026251233     0.0036568992     0.0017597881
25 H    -0.0011899663    -0.0005241052     0.0022210959
26 H     0.0022344936    -0.0015231025     0.0048253920
27 H     0.0043177172    -0.0006504823    -0.0019319352
28 H     0.0023832114    -0.0034762597    -0.0008772984
29 H    -0.0003764538     0.0010856993    -0.0019482195
30 H    -0.0013869662    -0.0010871689    -0.0038018305
31 H     0.0038758438    -0.0034129935     0.0039566067
32 H     0.0003970212     0.0005009985     0.0024600641
33 H    -0.0000940129    -0.0076779932    -0.0005285320
34 H    -0.0039872588    -0.0048605659     0.0026186975
----------------------------------------------
[2026-07-08 13:44:08]   [OPT] [REP_00343] eval=005 E=-539.1653031939 Ha max|grad|=2.022e-02 Ha/Bohr SCF=True time=85.3s

WARN: Mole.unit (Angstrom) is changed to Bohr

[2026-07-08 13:44:08]   [OPT] [REP_00343] done: success=False nit=3 neval=5 max|grad|=2.022e-02 message=STOP: TOTAL NO. OF ITERATIONS REACHED LIMIT
[2026-07-08 13:44:08]   [WARN] [REP_00343] Optimization did not fully converge; using last geometry
[2026-07-08 13:44:08]   [DFT] [REP_00343] final single-point start
converged SCF energy = -539.165303193884
[2026-07-08 13:45:15]   [DFT] [REP_00343] final SCF done: E=-539.1653031939 Ha converged=True time=66.9s
[2026-07-08 13:45:15]   [DFT] [REP_00343] descriptors: HOMO=-3.6342 eV LUMO=2.4463 eV gap=6.0805 eV opt_status=opt_not_converged: STOP: TOTAL NO. OF ITERATIONS REACHED LIMIT
[2026-07-08 13:45:15] END compound_id=REP_00343
