[2026-07-08 17:10:56] ========================================================================
[2026-07-08 17:10:56] BEGIN compound_id=REP_00376 molecule_index=373/732 method=DFT-b3lyp/sto-3g-D3
[2026-07-08 17:10:56] settings functional=b3lyp basis=sto-3g D3=True geom_max_steps=3 scf_max_cycles=50
[2026-07-08 17:10:56]   [xTB] [REP_00376] start: atoms=21 charge=0 multiplicity=1 opt=tight solvent=gas
[2026-07-08 17:10:58]   [OK] [REP_00376] GFN2-xTB converged; RMSD(MMFF,xTB)=0.0346 A
[2026-07-08 17:10:58]   [DFT] build PySCF molecule: atoms=21 charge=0 spin=0
[2026-07-08 17:10:58]   [DFT] [REP_00376] start
[2026-07-08 17:10:58]   [OPT] [REP_00376] start: atoms=21, basis=sto-3g, D3=True, maxiter=3

WARN: Mole.unit (Angstrom) is changed to Bohr

converged SCF energy = -493.100358109258
--------------- DFTD3 gradients ---------------
         x                y                z
0 C    -0.0048110149    -0.0189722899    -0.0135390818
1 C    -0.0253441136    -0.0213091615    -0.0186828331
2 O    -0.0374338207     0.0863749387     0.0511956786
3 O     0.0618442027    -0.0642429639    -0.0321475001
4 C    -0.0087552302     0.0214667115     0.0128242738
5 C    -0.0020833942     0.0017411783     0.0008084144
6 C    -0.0057940666    -0.0040414255     0.0091841977
7 C     0.0037006262    -0.0086018278     0.0087184277
8 C     0.0113380879    -0.0048382865    -0.0012692184
9 C     0.0069579239     0.0038865771    -0.0099958432
10 C    -0.0027521119     0.0076210279    -0.0082929898
11 H    -0.0017409148    -0.0116209534     0.0026723128
12 H    -0.0101594196     0.0022609195    -0.0002701716
13 H     0.0008103696    -0.0018971733    -0.0118727307
14 H    -0.0010485267     0.0036024813     0.0137325039
15 H     0.0016812662     0.0140162585    -0.0018427343
16 H    -0.0086182400    -0.0039025003     0.0112063551
17 H     0.0049291475    -0.0098839607     0.0097838215
18 H     0.0135766679    -0.0057094722    -0.0014375019
19 H     0.0086136172     0.0041687537    -0.0112313481
20 H    -0.0049758117     0.0099649203    -0.0095373879
----------------------------------------------
[2026-07-08 17:11:47]   [OPT] [REP_00376] eval=001 E=-493.1003581093 Ha max|grad|=8.637e-02 Ha/Bohr SCF=True time=48.6s

WARN: Mole.unit (Angstrom) is changed to Bohr

converged SCF energy = -492.963944503885
--------------- DFTD3 gradients ---------------
         x                y                z
0 C    -0.0555531074     0.0101146971    -0.0029322578
1 C     0.0740668370     0.1596530555     0.1197140667
2 O     0.0624017995    -0.1759991506    -0.1066764537
3 O    -0.1093294332     0.0906263985     0.0414783751
4 C     0.0320113785    -0.0697358820    -0.0410670111
5 C     0.0069192572     0.0207060621     0.0150063366
6 C     0.0189068242    -0.0003935121    -0.0120930120
7 C    -0.0031379325     0.0141980840    -0.0199373880
8 C    -0.0245536000     0.0104303381     0.0027416498
9 C    -0.0099788133    -0.0118958999     0.0190645821
10 C     0.0152827168    -0.0141416685     0.0084547449
11 H    -0.0037293298    -0.0162703966    -0.0038451484
12 H     0.0102133321    -0.0187006519    -0.0107168576
13 H    -0.0018904078    -0.0093099648    -0.0142821627
14 H    -0.0124024043     0.0026760753     0.0084710003
15 H    -0.0102975192     0.0106685918    -0.0034946874
16 H    -0.0035390455    -0.0002914401     0.0046454612
17 H     0.0034243500    -0.0065512528     0.0062901586
18 H     0.0076506285    -0.0030126040    -0.0006854894
19 H     0.0057876917     0.0025541313    -0.0073224675
20 H    -0.0022572524     0.0046633589    -0.0027644582
----------------------------------------------
[2026-07-08 17:13:16]   [OPT] [REP_00376] eval=002 E=-492.9639445039 Ha max|grad|=1.760e-01 Ha/Bohr SCF=True time=89.1s

WARN: Mole.unit (Angstrom) is changed to Bohr

converged SCF energy = -493.114035133618
--------------- DFTD3 gradients ---------------
         x                y                z
0 C    -0.0151200562    -0.0098480288    -0.0092350510
1 C    -0.0123071570     0.0704149701     0.0449245969
2 O     0.0164638632    -0.0355900512    -0.0208907655
3 O     0.0009319396    -0.0232183819    -0.0154043716
4 C    -0.0002662371     0.0033184874     0.0021715408
5 C    -0.0000312453     0.0058288019     0.0038881312
6 C    -0.0005311506    -0.0031233051     0.0044020799
7 C     0.0023764917    -0.0035774224     0.0022676575
8 C     0.0032280536    -0.0013860215    -0.0003600997
9 C     0.0033666548     0.0002576154    -0.0035016036
10 C     0.0010082031     0.0028148421    -0.0045096913
11 H    -0.0020875960    -0.0125830460     0.0014281109
12 H    -0.0054745156    -0.0020909117    -0.0023591125
13 H     0.0003380994    -0.0033470328    -0.0123926794
14 H    -0.0037638495     0.0035597437     0.0126132947
15 H    -0.0011787517     0.0134140009    -0.0021248150
16 H    -0.0075724150    -0.0031475742     0.0098686742
17 H     0.0046165055    -0.0091913868     0.0090528652
18 H     0.0123485958    -0.0051437450    -0.0012770689
19 H     0.0080252331     0.0038287724    -0.0104173143
20 H    -0.0044147950     0.0088898923    -0.0081372352
----------------------------------------------
[2026-07-08 17:14:08]   [OPT] [REP_00376] eval=003 E=-493.1140351336 Ha max|grad|=7.041e-02 Ha/Bohr SCF=True time=52.3s

WARN: Mole.unit (Angstrom) is changed to Bohr

converged SCF energy = -493.119402611859
--------------- DFTD3 gradients ---------------
         x                y                z
0 C    -0.0070601664     0.0022912637     0.0002989594
1 C     0.0070211302     0.0106102149     0.0083206988
2 O     0.0060625248    -0.0037784599    -0.0014429090
3 O    -0.0145230101    -0.0011621924    -0.0033584142
4 C     0.0011331448    -0.0028613887    -0.0017183794
5 C     0.0025091470     0.0060094570     0.0044594956
6 C    -0.0003529029    -0.0021191432     0.0034565746
7 C     0.0023389086    -0.0036001713     0.0020552592
8 C     0.0034965353    -0.0014812931    -0.0003806208
9 C     0.0032849117     0.0000576130    -0.0034466490
10 C     0.0008009218     0.0023311393    -0.0032312823
11 H    -0.0019474796    -0.0090994918     0.0007465134
12 H    -0.0071945887    -0.0036656484    -0.0037137786
13 H    -0.0002422990    -0.0026096786    -0.0089648467
14 H    -0.0034985393     0.0030985816     0.0085413453
15 H    -0.0018167853     0.0095065788    -0.0010390170
16 H    -0.0055437774    -0.0022360676     0.0074168573
17 H     0.0036211956    -0.0069855462     0.0067064323
18 H     0.0089152513    -0.0036745361    -0.0008975380
19 H     0.0061650940     0.0027359995    -0.0078326297
20 H    -0.0031988099     0.0067079164    -0.0059635469
----------------------------------------------
[2026-07-08 17:15:01]   [OPT] [REP_00376] eval=004 E=-493.1194026119 Ha max|grad|=1.452e-02 Ha/Bohr SCF=True time=52.3s

WARN: Mole.unit (Angstrom) is changed to Bohr

converged SCF energy = -493.120852008052
--------------- DFTD3 gradients ---------------
         x                y                z
0 C    -0.0010358085     0.0016704166     0.0009344279
1 C     0.0043945363    -0.0061990808    -0.0033787839
2 O     0.0036519385     0.0051498536     0.0041030202
3 O    -0.0108859515     0.0060226701     0.0020844217
4 C    -0.0012645775    -0.0010057209    -0.0008960694
5 C     0.0041859857     0.0039861431     0.0034009923
6 C    -0.0001423846    -0.0014256309     0.0033597552
7 C     0.0022219879    -0.0036385243     0.0022677886
8 C     0.0038944761    -0.0016685376    -0.0004378988
9 C     0.0032314809     0.0002511749    -0.0035784240
10 C     0.0008730472     0.0024854881    -0.0025213922
11 H    -0.0025276479    -0.0038779452    -0.0010471438
12 H    -0.0076467950    -0.0035223946    -0.0036969902
13 H    -0.0020544992    -0.0020784015    -0.0037387792
14 H    -0.0024040160     0.0023950858     0.0031003140
15 H    -0.0019462127     0.0041355587     0.0005062281
16 H    -0.0034591414    -0.0013482862     0.0048047406
17 H     0.0026546179    -0.0048767535     0.0043912529
18 H     0.0058411485    -0.0023742228    -0.0005678688
19 H     0.0043543026     0.0016276732    -0.0053383576
20 H    -0.0019634990     0.0043628947    -0.0037420697
----------------------------------------------
[2026-07-08 17:16:07]   [OPT] [REP_00376] eval=005 E=-493.1208520081 Ha max|grad|=1.089e-02 Ha/Bohr SCF=True time=66.2s

WARN: Mole.unit (Angstrom) is changed to Bohr

[2026-07-08 17:16:07]   [OPT] [REP_00376] done: success=False nit=3 neval=5 max|grad|=1.089e-02 message=STOP: TOTAL NO. OF ITERATIONS REACHED LIMIT
[2026-07-08 17:16:07]   [WARN] [REP_00376] Optimization did not fully converge; using last geometry
[2026-07-08 17:16:07]   [DFT] [REP_00376] final single-point start
converged SCF energy = -493.120852008053
[2026-07-08 17:17:03]   [DFT] [REP_00376] final SCF done: E=-493.1208520081 Ha converged=True time=56.2s
[2026-07-08 17:17:03]   [DFT] [REP_00376] descriptors: HOMO=-4.1057 eV LUMO=2.1623 eV gap=6.2680 eV opt_status=opt_not_converged: STOP: TOTAL NO. OF ITERATIONS REACHED LIMIT
[2026-07-08 17:17:03] END compound_id=REP_00376
