[2026-07-07 11:20:19] ========================================================================
[2026-07-07 11:20:19] BEGIN compound_id=REP_00117 molecule_index=117/732 method=DFT-b3lyp/sto-3g-D3
[2026-07-07 11:20:19] settings functional=b3lyp basis=sto-3g D3=True geom_max_steps=3 scf_max_cycles=50
[2026-07-07 11:20:19]   [xTB] [REP_00117] start: atoms=45 charge=0 multiplicity=1 opt=tight solvent=gas
[2026-07-07 11:20:23]   [OK] [REP_00117] GFN2-xTB converged; RMSD(MMFF,xTB)=0.1444 A
[2026-07-07 11:20:23]   [DFT] build PySCF molecule: atoms=45 charge=0 spin=0
[2026-07-07 11:20:23]   [DFT] [REP_00117] start
[2026-07-07 11:20:23]   [OPT] [REP_00117] start: atoms=45, basis=sto-3g, D3=True, maxiter=3

WARN: Mole.unit (Angstrom) is changed to Bohr

converged SCF energy = -857.358995174784
--------------- DFTD3 gradients ---------------
         x                y                z
0 C    -0.0038707063    -0.0044866253     0.0061648056
1 C     0.0020340636    -0.0064992753    -0.0079303216
2 C    -0.0037253721     0.0059767991    -0.0077643869
3 C     0.0044983401    -0.0067777833     0.0054875780
4 C     0.0006138874     0.0019238962    -0.0089770361
5 C    -0.0037944304     0.0061412287    -0.0076904370
6 C    -0.0049778830     0.0008346858     0.0061457571
7 C    -0.0096558488     0.0109478653     0.0075662089
8 N    -0.0274890769     0.0118640726     0.0076760991
9 C     0.0286808252    -0.0198824877     0.0013851379
10 O    -0.0191668383     0.0816257357    -0.0528165151
11 C     0.0215424486     0.0004796526    -0.0000172318
12 C    -0.0011458527     0.0122761768    -0.0120582277
13 C     0.0108073028    -0.0038334056    -0.0080962496
14 C     0.0092963575    -0.0102329685    -0.0022373755
15 C    -0.0068357570    -0.0121858298     0.0105879123
16 C    -0.0170084625    -0.0063870348    -0.0113642639
17 C     0.0200472494    -0.0051215301     0.0043984039
18 C     0.0315190214    -0.0055645737    -0.0127470974
19 O    -0.0458750076    -0.0489296135     0.0719563732
20 H    -0.0018798692    -0.0100326001    -0.0000190043
21 H     0.0049899906     0.0018064358     0.0089916305
22 H    -0.0087339086     0.0040687847     0.0022667289
23 H    -0.0036548993    -0.0029415069    -0.0073233635
24 H     0.0075938411    -0.0037397003    -0.0019575780
25 H     0.0021253739     0.0031560070    -0.0070165195
26 H    -0.0077839269     0.0047992221    -0.0002603060
27 H     0.0068876393    -0.0035260619     0.0007905635
28 H    -0.0034520662    -0.0019687884     0.0083495458
29 H     0.0034827842     0.0005076914    -0.0058668394
30 H    -0.0055910737    -0.0008756159    -0.0071398883
31 H     0.0025461726     0.0079763778    -0.0020906839
32 H    -0.0076070644     0.0065517584     0.0007588899
33 H    -0.0039051991    -0.0094379359     0.0023001472
34 H     0.0056102198     0.0017608724     0.0085072863
35 H    -0.0031497256    -0.0025112012     0.0107564735
36 H    -0.0001112578     0.0111675415     0.0017816964
37 H     0.0084000358     0.0041997820     0.0027096657
38 H    -0.0014955619     0.0069940180    -0.0104404927
39 H     0.0157179098     0.0038143170    -0.0080939342
40 H     0.0121517593    -0.0118018495     0.0063375258
41 H    -0.0053644340    -0.0099974577     0.0053173283
42 H    -0.0005671664    -0.0063902436    -0.0070247378
43 H    -0.0093763319     0.0040069945     0.0026017440
44 H     0.0075898038     0.0004609076     0.0059711432
----------------------------------------------
[2026-07-07 11:22:37]   [OPT] [REP_00117] eval=001 E=-857.3589951748 Ha max|grad|=8.163e-02 Ha/Bohr SCF=True time=133.8s

WARN: Mole.unit (Angstrom) is changed to Bohr

converged SCF energy = -857.17311344855
--------------- DFTD3 gradients ---------------
         x                y                z
0 C     0.0034154078     0.0027549284    -0.0036647037
1 C    -0.0073540899     0.0080723371     0.0102075272
2 C     0.0041669542    -0.0170970846     0.0119007454
3 C    -0.0134325407     0.0124999425    -0.0102566968
4 C    -0.0146395822     0.0010090559     0.0201949314
5 C    -0.0046989773    -0.0037048754     0.0066871410
6 C     0.0022866853    -0.0012217459    -0.0026884127
7 C    -0.0410186470     0.0135325833     0.0104706325
8 N     0.1686640848    -0.0729208094    -0.0397497191
9 C    -0.1353809648     0.2330856323    -0.0884883143
10 O     0.0525931727    -0.1611415414     0.0947258723
11 C    -0.0093417875    -0.0212741811    -0.0102502940
12 C     0.0141744500    -0.0565700748     0.0202774600
13 C    -0.0140851736    -0.0095344292     0.0046206805
14 C    -0.0099057431     0.0081120314    -0.0116017188
15 C     0.0321248079     0.0203469591    -0.0512717376
16 C     0.0381796697     0.0219429765     0.0338018578
17 C    -0.0051695941    -0.0069946046    -0.0217255342
18 C    -0.1959034429    -0.0630229255     0.1952237096
19 O     0.1026263331     0.0847118979    -0.1401278532
20 H    -0.0014718374     0.0036976265     0.0049205532
21 H    -0.0073397353    -0.0030106190    -0.0068827144
22 H     0.0072773770    -0.0058603939     0.0006988566
23 H     0.0003904124    -0.0054746340    -0.0039357827
24 H    -0.0013260029    -0.0006104655    -0.0032215412
25 H    -0.0001467143     0.0052186441    -0.0045591168
26 H     0.0021932132     0.0009316684    -0.0028818122
27 H     0.0048728265    -0.0043949874     0.0024589224
28 H     0.0044065339    -0.0009082323    -0.0039479053
29 H     0.0074810215     0.0007749265    -0.0079168551
30 H    -0.0033801581     0.0044393037    -0.0028831218
31 H    -0.0029312392     0.0009313695    -0.0030449016
32 H     0.0020003154    -0.0043123864     0.0045578790
33 H     0.0028304647     0.0099354193     0.0004471918
34 H    -0.0080177589    -0.0021636650    -0.0066792746
35 H    -0.0056263465     0.0054878183    -0.0009808490
36 H    -0.0047271922     0.0099269183     0.0043034770
37 H     0.0320922761     0.0133673566     0.0031165437
38 H    -0.0020754298     0.0165835368    -0.0181025703
39 H     0.0043777158    -0.0008825835    -0.0006610537
40 H     0.0041285417    -0.0015570889    -0.0000069068
41 H    -0.0103553348    -0.0185546791     0.0142711068
42 H    -0.0062289635    -0.0110018268    -0.0135112871
43 H    -0.0132140575     0.0002591440    -0.0028718225
44 H     0.0275055047    -0.0053827479     0.0189647769
----------------------------------------------
[2026-07-07 11:25:40]   [OPT] [REP_00117] eval=002 E=-857.1731134486 Ha max|grad|=2.331e-01 Ha/Bohr SCF=True time=183.2s

WARN: Mole.unit (Angstrom) is changed to Bohr

converged SCF energy = -857.3714353606
--------------- DFTD3 gradients ---------------
         x                y                z
0 C    -0.0024963732    -0.0031016052     0.0043415528
1 C     0.0002416213    -0.0037937452    -0.0044717752
2 C    -0.0022593839     0.0016959051    -0.0041303377
3 C     0.0012293867    -0.0033194156     0.0025981996
4 C    -0.0019917736     0.0016859928    -0.0037215894
5 C    -0.0040466244     0.0043369455    -0.0049051137
6 C    -0.0036087792     0.0004254565     0.0045324965
7 C    -0.0145731017     0.0109370462     0.0077548072
8 N     0.0077572475    -0.0032575828    -0.0010545792
9 C    -0.0127670957     0.0763387922    -0.0466483603
10 O     0.0064037697    -0.0160960041     0.0079901813
11 C     0.0144807486    -0.0014412797    -0.0023285870
12 C     0.0014747366    -0.0011616901    -0.0059890421
13 C     0.0056981563    -0.0048696279    -0.0055283752
14 C     0.0052939236    -0.0065238867    -0.0040216838
15 C     0.0003541104    -0.0060158366    -0.0015814139
16 C    -0.0057895856    -0.0009828310    -0.0025498279
17 C     0.0135581866    -0.0056466821     0.0013164472
18 C    -0.0369831413    -0.0450596226     0.0686139353
19 O     0.0102764470     0.0064051089    -0.0130007112
20 H    -0.0017938943    -0.0075184344     0.0008658791
21 H     0.0027330302     0.0009553379     0.0060115487
22 H    -0.0057569686     0.0022693159     0.0019413195
23 H    -0.0029437142    -0.0034069668    -0.0067166385
24 H     0.0060036658    -0.0031651712    -0.0021646419
25 H     0.0017244487     0.0035385608    -0.0065823207
26 H    -0.0059878916     0.0040912697    -0.0007061556
27 H     0.0065111561    -0.0036804266     0.0011016991
28 H    -0.0020489312    -0.0017537856     0.0061002168
29 H     0.0041905871     0.0005466969    -0.0061983485
30 H    -0.0052016073     0.0000700367    -0.0063714848
31 H     0.0015742650     0.0067159530    -0.0022483683
32 H    -0.0058367153     0.0045651944     0.0014368054
33 H    -0.0026158264    -0.0058583340     0.0019175244
34 H     0.0031255867     0.0010205549     0.0056510704
35 H    -0.0034305985    -0.0012176918     0.0085700027
36 H    -0.0008201335     0.0109172571     0.0021725146
37 H     0.0124845747     0.0055825532     0.0027733951
38 H    -0.0015887144     0.0086949214    -0.0116698550
39 H     0.0136550937     0.0029820477    -0.0067491897
40 H     0.0106751302    -0.0099325123     0.0051971445
41 H    -0.0062038963    -0.0113750113     0.0069108842
42 H    -0.0016602031    -0.0072040143    -0.0081973472
43 H    -0.0101973910     0.0033518127     0.0016011632
44 H     0.0110754652    -0.0005431469     0.0080227497
----------------------------------------------
[2026-07-07 11:27:58]   [OPT] [REP_00117] eval=003 E=-857.3714353606 Ha max|grad|=7.634e-02 Ha/Bohr SCF=True time=137.7s

WARN: Mole.unit (Angstrom) is changed to Bohr

converged SCF energy = -857.379941064066
--------------- DFTD3 gradients ---------------
         x                y                z
0 C    -0.0018512722    -0.0024911549     0.0032019815
1 C    -0.0004418972    -0.0029095385    -0.0029759163
2 C    -0.0016861675     0.0000873455    -0.0028031959
3 C     0.0001449898    -0.0019586987     0.0013804781
4 C    -0.0028294537     0.0020190927    -0.0015614754
5 C    -0.0044125698     0.0034628613    -0.0037381169
6 C    -0.0030057948     0.0004476049     0.0034223463
7 C    -0.0096930858     0.0077350664     0.0059774706
8 N     0.0145789070    -0.0057592208    -0.0023838227
9 C    -0.0115537475     0.0466100071    -0.0238509375
10 O     0.0038811139    -0.0051320356     0.0010476915
11 C     0.0056468297     0.0030614166    -0.0029574865
12 C     0.0023869088    -0.0038591338    -0.0046919103
13 C     0.0050379673    -0.0050028411    -0.0056424990
14 C     0.0046893853    -0.0064527012    -0.0043045590
15 C     0.0021455251    -0.0048160723    -0.0038931619
16 C    -0.0023781218     0.0000370938    -0.0005570108
17 C     0.0041286012    -0.0043562638     0.0039594020
18 C    -0.0251249588    -0.0221365716     0.0414907388
19 O     0.0042214948    -0.0001327007    -0.0032561328
20 H    -0.0016929237    -0.0057759824     0.0014098168
21 H     0.0014090793     0.0004447319     0.0042651449
22 H    -0.0039343270     0.0011572511     0.0017622002
23 H    -0.0022843733    -0.0035114465    -0.0058824776
24 H     0.0045159793    -0.0025962795    -0.0022023478
25 H     0.0012100598     0.0034266548    -0.0055967695
26 H    -0.0044954915     0.0034110039    -0.0009971876
27 H     0.0054235088    -0.0031622152     0.0011307598
28 H    -0.0012006121    -0.0016024286     0.0045508922
29 H     0.0039228998     0.0003786190    -0.0052755316
30 H    -0.0048768364     0.0007550975    -0.0056248975
31 H     0.0008030745     0.0055711163    -0.0022443695
32 H    -0.0046557676     0.0032276658     0.0018855037
33 H    -0.0018805514    -0.0037586268     0.0017031478
34 H     0.0016683912     0.0005821065     0.0039479586
35 H    -0.0040755259     0.0000126247     0.0074132550
36 H    -0.0017468086     0.0104302533     0.0027013691
37 H     0.0134085999     0.0051857600     0.0026085341
38 H    -0.0012309399     0.0075178322    -0.0100982618
39 H     0.0112387871     0.0022057403    -0.0052323077
40 H     0.0089174836    -0.0078516058     0.0040730125
41 H    -0.0052455544    -0.0098835475     0.0060108830
42 H    -0.0021871535    -0.0061101969    -0.0071574214
43 H    -0.0090525318     0.0026089276     0.0010578953
44 H     0.0120767654    -0.0009242524     0.0078121155
----------------------------------------------
[2026-07-07 11:30:16]   [OPT] [REP_00117] eval=004 E=-857.3799410641 Ha max|grad|=4.661e-02 Ha/Bohr SCF=True time=138.5s

WARN: Mole.unit (Angstrom) is changed to Bohr

converged SCF energy = -857.390264636191
--------------- DFTD3 gradients ---------------
         x                y                z
0 C    -0.0004853223    -0.0013513803     0.0001234019
1 C    -0.0013291776    -0.0020592110    -0.0006329620
2 C    -0.0007127160    -0.0015761240    -0.0012799294
3 C    -0.0006797546    -0.0000914027    -0.0005410858
4 C    -0.0009880267     0.0020499159     0.0004437961
5 C    -0.0043460055     0.0024367199    -0.0007303880
6 C    -0.0018864084     0.0009068885     0.0001670982
7 C     0.0082462444    -0.0011441873     0.0005029499
8 N    -0.0022113742     0.0037417646     0.0030582719
9 C     0.0006094564    -0.0031103419     0.0068813351
10 O    -0.0013881233     0.0068549826    -0.0046849958
11 C    -0.0037794578     0.0092981545    -0.0014142886
12 C     0.0028128592    -0.0017085747    -0.0049533681
13 C     0.0042433717    -0.0051818319    -0.0049737053
14 C     0.0041516738    -0.0055480403    -0.0046016098
15 C     0.0020048581    -0.0054068982    -0.0015725579
16 C     0.0007871325    -0.0011730204    -0.0010573940
17 C    -0.0058212779    -0.0009309431     0.0082310649
18 C     0.0020631856     0.0061869149    -0.0013533888
19 O    -0.0036467291    -0.0042948732     0.0060151733
20 H    -0.0013319159    -0.0009454588     0.0027679630
21 H    -0.0017676504    -0.0008489726    -0.0000415986
22 H     0.0005912858    -0.0016641355     0.0013095238
23 H    -0.0000167363    -0.0032966856    -0.0024828137
24 H    -0.0004575913    -0.0007026178    -0.0020406078
25 H    -0.0007675607     0.0021889851    -0.0013549460
26 H     0.0001424963     0.0010162337    -0.0017760978
27 H     0.0007497606    -0.0004039188     0.0011118882
28 H     0.0009862097    -0.0012048659     0.0001304484
29 H     0.0015820642    -0.0001490486    -0.0000562916
30 H    -0.0036821177     0.0024761557    -0.0031563423
31 H    -0.0018409136     0.0016259942    -0.0020361954
32 H    -0.0015919286    -0.0003068649     0.0031081720
33 H    -0.0001788878     0.0013802994     0.0011755368
34 H    -0.0018759715    -0.0004218941    -0.0003158014
35 H    -0.0041778635     0.0031283598     0.0030569973
36 H    -0.0032439378     0.0055660606     0.0037014801
37 H     0.0083275373     0.0006964702     0.0008860390
38 H     0.0003315747     0.0007412638    -0.0023461201
39 H     0.0044343076    -0.0000664750    -0.0011678207
40 H     0.0039400857    -0.0021870092     0.0008030797
41 H    -0.0004039591    -0.0023179506     0.0005086018
42 H    -0.0033299205    -0.0004854851    -0.0013855226
43 H    -0.0022656167    -0.0003566410    -0.0005459569
44 H     0.0081128616    -0.0011881315     0.0024162661
----------------------------------------------
[2026-07-07 11:32:30]   [OPT] [REP_00117] eval=005 E=-857.3902646362 Ha max|grad|=9.298e-03 Ha/Bohr SCF=True time=133.8s

WARN: Mole.unit (Angstrom) is changed to Bohr

[2026-07-07 11:32:30]   [OPT] [REP_00117] done: success=False nit=3 neval=5 max|grad|=9.298e-03 message=STOP: TOTAL NO. OF ITERATIONS REACHED LIMIT
[2026-07-07 11:32:30]   [WARN] [REP_00117] Optimization did not fully converge; using last geometry
[2026-07-07 11:32:30]   [DFT] [REP_00117] final single-point start
converged SCF energy = -857.390264636188
[2026-07-07 11:34:05]   [DFT] [REP_00117] final SCF done: E=-857.3902646362 Ha converged=True time=94.8s
[2026-07-07 11:34:05]   [DFT] [REP_00117] descriptors: HOMO=-3.7713 eV LUMO=2.0640 eV gap=5.8353 eV opt_status=opt_not_converged: STOP: TOTAL NO. OF ITERATIONS REACHED LIMIT
[2026-07-07 11:34:05] END compound_id=REP_00117
