[2026-07-08 02:13:41] ========================================================================
[2026-07-08 02:13:41] BEGIN compound_id=REP_00238 molecule_index=238/732 method=DFT-b3lyp/sto-3g-D3
[2026-07-08 02:13:41] settings functional=b3lyp basis=sto-3g D3=True geom_max_steps=3 scf_max_cycles=50
[2026-07-08 02:13:41]   [xTB] [REP_00238] start: atoms=28 charge=0 multiplicity=1 opt=tight solvent=gas
[2026-07-08 02:13:44]   [OK] [REP_00238] GFN2-xTB converged; RMSD(MMFF,xTB)=0.2068 A
[2026-07-08 02:13:44]   [DFT] build PySCF molecule: atoms=28 charge=0 spin=0
[2026-07-08 02:13:44]   [DFT] [REP_00238] start
[2026-07-08 02:13:44]   [OPT] [REP_00238] start: atoms=28, basis=sto-3g, D3=True, maxiter=3

WARN: Mole.unit (Angstrom) is changed to Bohr

converged SCF energy = -551.257316965247
--------------- DFTD3 gradients ---------------
         x                y                z
0 C    -0.0059712624     0.0043572169    -0.0045213963
1 C    -0.0022107559     0.0054274153     0.0092183834
2 C    -0.0096955271     0.0027985292    -0.0145250786
3 N     0.0170078283     0.0351280507    -0.0268441303
4 C     0.0234523485    -0.0223000003     0.0310198476
5 C     0.0163731437    -0.0063169098     0.0141222019
6 O    -0.0817408003    -0.0317672543    -0.0063014254
7 C     0.0100910578     0.0037027024    -0.0008732248
8 C     0.0028188948    -0.0129470779    -0.0009589439
9 C     0.0084389379    -0.0081963397    -0.0008245793
10 C     0.0119437877     0.0042242437    -0.0010561831
11 C     0.0010883360     0.0118025101     0.0003381828
12 C    -0.0056429354     0.0119458095     0.0014927348
13 H    -0.0074141511     0.0062442896     0.0043671577
14 H    -0.0057959691    -0.0067262169    -0.0058735408
15 H     0.0040063145     0.0057228530    -0.0066936461
16 H    -0.0038911738    -0.0055126423     0.0072528160
17 H     0.0045647655     0.0049833584     0.0047959972
18 H    -0.0055590689    -0.0073848397    -0.0060343409
19 H     0.0038643833     0.0045988197    -0.0073207566
20 H     0.0073589154    -0.0079914264    -0.0021670014
21 H     0.0073341067     0.0053924074     0.0040250407
22 H    -0.0036456188    -0.0019279856     0.0089734786
23 H    -0.0030605107    -0.0139421287    -0.0008826751
24 H     0.0111671166    -0.0095703174    -0.0024759156
25 H     0.0138455519     0.0050355190    -0.0013978070
26 H     0.0026721530     0.0145666880     0.0008991743
27 H    -0.0114133769     0.0086713456     0.0022120266
----------------------------------------------
[2026-07-08 02:14:57]   [OPT] [REP_00238] eval=001 E=-551.2573169652 Ha max|grad|=8.174e-02 Ha/Bohr SCF=True time=72.1s

WARN: Mole.unit (Angstrom) is changed to Bohr

converged SCF energy = -551.087025204335
--------------- DFTD3 gradients ---------------
         x                y                z
0 C    -0.0047141419     0.0022590602     0.0086237063
1 C    -0.0176372818    -0.0126655858    -0.0270580943
2 C     0.0210582899     0.0247433794     0.0108050836
3 N    -0.1021362878    -0.1659111664     0.1096817165
4 C    -0.2391967396     0.0501877968    -0.1667795560
5 C     0.0074884002    -0.0281172495     0.0381828469
6 O     0.1962132384     0.0588590121     0.0332339681
7 C     0.0417973694     0.0389766865    -0.0215207683
8 C     0.0270264735     0.0235810483     0.0029935964
9 C    -0.0007526154     0.0197774327     0.0044747353
10 C    -0.0360297121    -0.0120523620     0.0031771211
11 C     0.0139952860    -0.0138642317    -0.0021221944
12 C     0.0502437039     0.0027569292    -0.0050688990
13 H     0.0026589680    -0.0034612400    -0.0124925263
14 H     0.0068246400     0.0138791423     0.0076036222
15 H    -0.0096760906    -0.0065206108     0.0078965426
16 H     0.0066814946     0.0073798608    -0.0034159696
17 H     0.0017157807     0.0015324167     0.0032943215
18 H    -0.0014174152    -0.0017825953    -0.0013751678
19 H    -0.0173991911     0.0065438566    -0.0145683807
20 H     0.0132771072    -0.0044139587     0.0134590421
21 H     0.0131341844     0.0012261415     0.0077986999
22 H     0.0194133059    -0.0044085346     0.0059993458
23 H    -0.0026446491    -0.0049155416    -0.0012807170
24 H     0.0044677296    -0.0019905222    -0.0006464285
25 H     0.0067715106     0.0023728418    -0.0008246887
26 H     0.0030705905     0.0050611959    -0.0001097336
27 H    -0.0043264039     0.0009320152    -0.0000054033
----------------------------------------------
[2026-07-08 02:17:06]   [OPT] [REP_00238] eval=002 E=-551.0870252043 Ha max|grad|=2.392e-01 Ha/Bohr SCF=True time=129.9s

WARN: Mole.unit (Angstrom) is changed to Bohr

converged SCF energy = -551.265435428381
--------------- DFTD3 gradients ---------------
         x                y                z
0 C    -0.0058212345     0.0039756194    -0.0024160130
1 C    -0.0048876765     0.0027687492     0.0032201887
2 C    -0.0052025512     0.0065058990    -0.0105868322
3 N    -0.0090437161    -0.0148710865     0.0092654323
4 C    -0.0685669156    -0.0200629372    -0.0146268961
5 C     0.0103141374    -0.0098742894     0.0153424458
6 O     0.0262464195     0.0093144845     0.0036846760
7 C     0.0144837688     0.0098216997    -0.0047854645
8 C     0.0067252135    -0.0067359276    -0.0002993364
9 C     0.0070588518    -0.0029452618     0.0001420686
10 C     0.0034378122     0.0013236288    -0.0003069388
11 C     0.0036974788     0.0070471558    -0.0001402107
12 C     0.0031662020     0.0099838424     0.0001636353
13 H    -0.0057386721     0.0046379416     0.0016464604
14 H    -0.0036392594    -0.0033800081    -0.0036017413
15 H     0.0018398959     0.0036850584    -0.0042814894
16 H    -0.0021692448    -0.0034809986     0.0054761815
17 H     0.0041397166     0.0044531059     0.0045689112
18 H    -0.0050508933    -0.0065486727    -0.0052902600
19 H     0.0006277317     0.0048754370    -0.0082569579
20 H     0.0082176403    -0.0073733509     0.0002083495
21 H     0.0079794196     0.0050152975     0.0043383265
22 H     0.0000588003    -0.0023105432     0.0084413298
23 H    -0.0030293756    -0.0125630878    -0.0009849717
24 H     0.0100741510    -0.0083276944    -0.0021846220
25 H     0.0127156636     0.0046144024    -0.0013277365
26 H     0.0027271836     0.0130112534     0.0007476508
27 H    -0.0103787287     0.0074466803     0.0018274724
----------------------------------------------
[2026-07-08 02:18:20]   [OPT] [REP_00238] eval=003 E=-551.2654354284 Ha max|grad|=6.857e-02 Ha/Bohr SCF=True time=73.4s

WARN: Mole.unit (Angstrom) is changed to Bohr

converged SCF energy = -551.270049196245
--------------- DFTD3 gradients ---------------
         x                y                z
0 C    -0.0055027296     0.0036541916    -0.0016865320
1 C    -0.0046084943     0.0025394690     0.0010156887
2 C    -0.0025396820     0.0036774372    -0.0064436732
3 N    -0.0112240687    -0.0180719259     0.0108106007
4 C    -0.0303659461    -0.0057261616    -0.0105843062
5 C     0.0007603042    -0.0069341564     0.0070237426
6 O     0.0056540976     0.0012063360     0.0019415735
7 C     0.0057065277     0.0035001099    -0.0032462105
8 C     0.0068097692    -0.0045317054    -0.0003610939
9 C     0.0076184472    -0.0024302713    -0.0000046641
10 C     0.0034472224     0.0014941662    -0.0002997607
11 C     0.0055346098     0.0070380431    -0.0003533882
12 C     0.0029364984     0.0100107544     0.0000679054
13 H    -0.0050881036     0.0039667447     0.0002890282
14 H    -0.0025992482    -0.0014715291    -0.0024031812
15 H     0.0004932282     0.0024813224    -0.0027804749
16 H    -0.0013761593    -0.0021606888     0.0042623084
17 H     0.0029077891     0.0031157454     0.0036407484
18 H    -0.0042030720    -0.0040464007    -0.0048417240
19 H    -0.0003588325     0.0047874797    -0.0082920476
20 H     0.0076671900    -0.0064383353     0.0012302036
21 H     0.0059582838     0.0037286098     0.0033844959
22 H     0.0015659104    -0.0029139190     0.0091909631
23 H    -0.0025211685    -0.0097762172    -0.0007087235
24 H     0.0087066694    -0.0065935109    -0.0017656987
25 H     0.0096448795     0.0034907689    -0.0010380073
26 H     0.0027592716     0.0108767318     0.0005673437
27 H    -0.0078059434     0.0055373109     0.0013624362
----------------------------------------------
[2026-07-08 02:19:30]   [OPT] [REP_00238] eval=004 E=-551.2700491962 Ha max|grad|=3.037e-02 Ha/Bohr SCF=True time=70.6s

WARN: Mole.unit (Angstrom) is changed to Bohr

converged SCF energy = -551.274847507009
--------------- DFTD3 gradients ---------------
         x                y                z
0 C    -0.0035813470     0.0024433672    -0.0005036605
1 C    -0.0021791979     0.0017426531    -0.0017302536
2 C    -0.0002509408    -0.0036683701     0.0011542488
3 N    -0.0041578476    -0.0071611357     0.0019788398
4 C     0.0086943762     0.0020480047     0.0010396620
5 C    -0.0064153515    -0.0001630716    -0.0041884048
6 O    -0.0110757012    -0.0052277425     0.0003568082
7 C    -0.0072903948    -0.0046479435     0.0006246006
8 C     0.0023467612    -0.0003620986    -0.0003386906
9 C     0.0072885302    -0.0001680654    -0.0003158563
10 C     0.0050221213     0.0012453497    -0.0004890288
11 C     0.0057914905     0.0054997345    -0.0004619439
12 C     0.0006704212     0.0017219863    -0.0005783851
13 H    -0.0040107521     0.0027841901    -0.0023065893
14 H    -0.0008154294     0.0024655901    -0.0000414085
15 H    -0.0025659937     0.0001199191     0.0003460182
16 H     0.0005245441     0.0009484750     0.0009404912
17 H    -0.0005871610    -0.0004178164     0.0008255095
18 H    -0.0018955366     0.0022040101    -0.0034316692
19 H    -0.0020878581     0.0026756035    -0.0056103128
20 H     0.0044748065    -0.0022664854     0.0040958995
21 H    -0.0016397547    -0.0031092198     0.0007769723
22 H     0.0039471945    -0.0036053792     0.0084414889
23 H    -0.0003398916    -0.0020655762     0.0000618425
24 H     0.0058838125    -0.0026337866    -0.0008051020
25 H     0.0028518023     0.0009779254    -0.0003844339
26 H     0.0033333470     0.0064081602     0.0001212292
27 H    -0.0019625868     0.0022332739     0.0003892207
----------------------------------------------
[2026-07-08 02:20:43]   [OPT] [REP_00238] eval=005 E=-551.2748475070 Ha max|grad|=1.108e-02 Ha/Bohr SCF=True time=72.1s

WARN: Mole.unit (Angstrom) is changed to Bohr

[2026-07-08 02:20:43]   [OPT] [REP_00238] done: success=False nit=3 neval=5 max|grad|=1.108e-02 message=STOP: TOTAL NO. OF ITERATIONS REACHED LIMIT
[2026-07-08 02:20:43]   [WARN] [REP_00238] Optimization did not fully converge; using last geometry
[2026-07-08 02:20:43]   [DFT] [REP_00238] final single-point start
converged SCF energy = -551.274847507011
[2026-07-08 02:21:41]   [DFT] [REP_00238] final SCF done: E=-551.2748475070 Ha converged=True time=58.6s
[2026-07-08 02:21:41]   [DFT] [REP_00238] descriptors: HOMO=-3.5522 eV LUMO=2.1124 eV gap=5.6646 eV opt_status=opt_not_converged: STOP: TOTAL NO. OF ITERATIONS REACHED LIMIT
[2026-07-08 02:21:41] END compound_id=REP_00238
