[2026-07-08 14:35:38] ========================================================================
[2026-07-08 14:35:38] BEGIN compound_id=REP_00352 molecule_index=352/732 method=DFT-b3lyp/sto-3g-D3
[2026-07-08 14:35:38] settings functional=b3lyp basis=sto-3g D3=True geom_max_steps=3 scf_max_cycles=50
[2026-07-08 14:35:38]   [xTB] [REP_00352] start: atoms=29 charge=0 multiplicity=1 opt=tight solvent=gas
[2026-07-08 14:35:41]   [OK] [REP_00352] GFN2-xTB converged; RMSD(MMFF,xTB)=0.1114 A
[2026-07-08 14:35:41]   [DFT] build PySCF molecule: atoms=29 charge=0 spin=0
[2026-07-08 14:35:41]   [DFT] [REP_00352] start
[2026-07-08 14:35:41]   [OPT] [REP_00352] start: atoms=29, basis=sto-3g, D3=True, maxiter=3

WARN: Mole.unit (Angstrom) is changed to Bohr

converged SCF energy = -535.502167384053
--------------- DFTD3 gradients ---------------
         x                y                z
0 O    -0.0253664856     0.0766542711     0.0290817026
1 C    -0.0083678785    -0.0133645663    -0.0025436238
2 C    -0.0019584345     0.0053069843    -0.0172204537
3 C    -0.0016339249     0.0020074857    -0.0033633685
4 C    -0.0098364815    -0.0038767848    -0.0044874340
5 C    -0.0034086703    -0.0112041842    -0.0014618887
6 C     0.0069144968    -0.0094322879     0.0028705288
7 C     0.0008534699    -0.0019421709    -0.0000199110
8 C    -0.0017841909     0.0007732067     0.0007641759
9 C    -0.0032186602     0.0128750640    -0.0040824652
10 C     0.0019738730     0.0100550506     0.0076562726
11 C     0.0123495603     0.0034095052    -0.0021628778
12 C     0.0115524894    -0.0071362985     0.0069682477
13 H     0.0384007137    -0.0526176534     0.0074815238
14 H    -0.0096581385     0.0083161016    -0.0051082292
15 H    -0.0094243318    -0.0117510534    -0.0054272741
16 H    -0.0031695246    -0.0020448515    -0.0087312336
17 H     0.0038813826     0.0078438572    -0.0025364780
18 H    -0.0122198106    -0.0028247823    -0.0054098506
19 H    -0.0037830979    -0.0139392161    -0.0018480704
20 H     0.0087911709    -0.0098969603     0.0035056080
21 H     0.0007289643     0.0050769012    -0.0064942855
22 H    -0.0094051329     0.0047087406     0.0018520705
23 H     0.0024212711     0.0083195615     0.0001917610
24 H    -0.0020446501    -0.0006149088     0.0079541088
25 H     0.0026957933     0.0012420122    -0.0078529646
26 H     0.0075493205     0.0015811223     0.0039313820
27 H     0.0056994650    -0.0059487948    -0.0018961572
28 H     0.0013976139    -0.0015471255     0.0083794776
----------------------------------------------
[2026-07-08 14:36:49]   [OPT] [REP_00352] eval=001 E=-535.5021673841 Ha max|grad|=7.665e-02 Ha/Bohr SCF=True time=68.8s

WARN: Mole.unit (Angstrom) is changed to Bohr

converged SCF energy = -535.385592106977
--------------- DFTD3 gradients ---------------
         x                y                z
0 O     0.0688482711    -0.1719807218    -0.0475916486
1 C    -0.0140828267     0.1288003566     0.0182806367
2 C     0.0067512548    -0.0034059683     0.0545689296
3 C    -0.0130459813    -0.0185197164    -0.0145658313
4 C     0.0275598456    -0.0097766640     0.0112912935
5 C     0.0051087094     0.0213193763     0.0031391815
6 C    -0.0332839714     0.0067833644    -0.0148398349
7 C     0.0162155217    -0.0148264344     0.0099862473
8 C     0.0055468883     0.0122071941    -0.0000127510
9 C     0.0070539295    -0.0173361335     0.0186073838
10 C     0.0006588696    -0.0224833746    -0.0190282140
11 C    -0.0278619078    -0.0055087532     0.0088352576
12 C    -0.0189333643     0.0275485417    -0.0125914622
13 H    -0.0621846903     0.1038432718     0.0016013474
14 H     0.0084515021    -0.0396598852    -0.0047188759
15 H    -0.0007571732    -0.0088816461     0.0110153819
16 H    -0.0087247567    -0.0015091015    -0.0221280659
17 H    -0.0058412157     0.0014672283    -0.0061995425
18 H    -0.0045712322    -0.0011975073    -0.0026942039
19 H    -0.0018164152    -0.0050775152    -0.0006494518
20 H     0.0048931215    -0.0049628968     0.0017782303
21 H    -0.0007787267     0.0079905778    -0.0031865133
22 H    -0.0003670473     0.0036189254    -0.0048344287
23 H     0.0041772516     0.0120557637     0.0066065014
24 H     0.0024407251     0.0057990629    -0.0032498962
25 H     0.0043207271     0.0006468323     0.0057215688
26 H     0.0138159558     0.0052353730     0.0004057515
27 H     0.0093841485    -0.0095421361     0.0018966872
28 H     0.0069854793    -0.0026243069     0.0025383918
----------------------------------------------
[2026-07-08 14:38:17]   [OPT] [REP_00352] eval=002 E=-535.3855921070 Ha max|grad|=1.720e-01 Ha/Bohr SCF=True time=87.9s

WARN: Mole.unit (Angstrom) is changed to Bohr

converged SCF energy = -535.511572148235
--------------- DFTD3 gradients ---------------
         x                y                z
0 O     0.0323856442    -0.0193369027     0.0257179498
1 C    -0.0106625340     0.0174735895     0.0030831121
2 C    -0.0005377290     0.0035202797    -0.0020010451
3 C    -0.0035603050    -0.0023485115    -0.0055999592
4 C    -0.0022190151    -0.0050118315    -0.0012354943
5 C    -0.0014389521    -0.0044014040    -0.0004005803
6 C    -0.0014867070    -0.0064803111    -0.0008313528
7 C     0.0039820026    -0.0042080422     0.0019769463
8 C    -0.0002557088     0.0030564700     0.0005289252
9 C    -0.0009748740     0.0067828252     0.0003465406
10 C     0.0019149498     0.0034012395     0.0021932498
11 C     0.0040882576     0.0017367178     0.0001761435
12 C     0.0054493781    -0.0001705288     0.0029547186
13 H    -0.0216007294     0.0227918630    -0.0088935023
14 H    -0.0053267934    -0.0022399761    -0.0052944511
15 H    -0.0065380798    -0.0106293687    -0.0011506853
16 H    -0.0042149758    -0.0018336156    -0.0111362942
17 H     0.0020918263     0.0068052979    -0.0032376910
18 H    -0.0107497486    -0.0025149776    -0.0049007586
19 H    -0.0034007887    -0.0122358738    -0.0016158218
20 H     0.0080426549    -0.0089471583     0.0031733010
21 H     0.0004665133     0.0056602604    -0.0058846490
22 H    -0.0077116929     0.0045308055     0.0006023012
23 H     0.0027588005     0.0090385572     0.0014454124
24 H    -0.0012062792     0.0005414658     0.0058471936
25 H     0.0029554141     0.0011241501    -0.0053251188
26 H     0.0087661705     0.0022893937     0.0032379597
27 H     0.0064496095    -0.0066587008    -0.0011620543
28 H     0.0024523879    -0.0017291533     0.0073528206
----------------------------------------------
[2026-07-08 14:39:27]   [OPT] [REP_00352] eval=003 E=-535.5115721482 Ha max|grad|=3.239e-02 Ha/Bohr SCF=True time=69.9s

WARN: Mole.unit (Angstrom) is changed to Bohr

converged SCF energy = -535.515266179105
--------------- DFTD3 gradients ---------------
         x                y                z
0 O     0.0147098182    -0.0116242846     0.0083408203
1 C    -0.0019860951     0.0082212974     0.0113637777
2 C    -0.0039425743     0.0038166984    -0.0015661716
3 C    -0.0013197816    -0.0019768176    -0.0037061583
4 C    -0.0041013828    -0.0043504967    -0.0023040871
5 C    -0.0022859900    -0.0069102619    -0.0008088961
6 C     0.0010531978    -0.0062032804     0.0002490744
7 C     0.0014735159    -0.0023662020     0.0011070050
8 C     0.0000888013    -0.0001114537     0.0000363399
9 C    -0.0009461429     0.0054858431     0.0000357918
10 C     0.0017808120     0.0036812991     0.0019574789
11 C     0.0039613095     0.0019213675     0.0003350452
12 C     0.0048941919    -0.0012361129     0.0024244626
13 H    -0.0113786832     0.0111362103    -0.0050141222
14 H    -0.0072578938     0.0014534306    -0.0041660911
15 H    -0.0026975725    -0.0027001060    -0.0010116733
16 H    -0.0025429748    -0.0000711933    -0.0078720566
17 H     0.0012939635     0.0049661428    -0.0032781965
18 H    -0.0072250325    -0.0020385646    -0.0033440251
19 H    -0.0024679278    -0.0085997942    -0.0011150766
20 H     0.0051988582    -0.0063719437     0.0019827004
21 H    -0.0000801842     0.0051314746    -0.0037260877
22 H    -0.0059990663     0.0038983973    -0.0000579932
23 H     0.0022199413     0.0069442742     0.0019884304
24 H    -0.0004406506     0.0011821916     0.0037333453
25 H     0.0026809426     0.0009096089    -0.0029185401
26 H     0.0071040990     0.0021319451     0.0018068084
27 H     0.0051525096    -0.0048981285     0.0001402539
28 H     0.0029840689    -0.0014086017     0.0053592551
----------------------------------------------
[2026-07-08 14:40:33]   [OPT] [REP_00352] eval=004 E=-535.5152661791 Ha max|grad|=1.471e-02 Ha/Bohr SCF=True time=65.9s

WARN: Mole.unit (Angstrom) is changed to Bohr

converged SCF energy = -535.518660544684
--------------- DFTD3 gradients ---------------
         x                y                z
0 O    -0.0080823229     0.0051269367    -0.0070984203
1 C    -0.0023968183     0.0029744947     0.0013129345
2 C    -0.0022860470     0.0015696629     0.0018811511
3 C    -0.0024924851    -0.0018356088    -0.0027453448
4 C     0.0006460505    -0.0037806736    -0.0006448504
5 C     0.0000251432    -0.0013225051     0.0000582580
6 C    -0.0026796367    -0.0026145951    -0.0012269783
7 C     0.0010863279    -0.0041301022     0.0010454959
8 C     0.0000377346    -0.0004115234    -0.0010496339
9 C    -0.0007636804     0.0007567656    -0.0001440073
10 C     0.0010758614     0.0028558944     0.0003766841
11 C     0.0025080758     0.0010141323     0.0014090896
12 C     0.0015915186    -0.0006895669     0.0008982396
13 H     0.0057613241    -0.0083503802     0.0015758337
14 H    -0.0019914746    -0.0015909610     0.0027176176
15 H     0.0022113329     0.0063805242     0.0014169097
16 H    -0.0011253645     0.0031840119    -0.0012248480
17 H    -0.0016366265     0.0003610353    -0.0026499092
18 H    -0.0033372050    -0.0016640353    -0.0016633961
19 H    -0.0018243449    -0.0058859801    -0.0006863235
20 H     0.0016838357    -0.0032440084     0.0005168214
21 H    -0.0012124465     0.0037833056     0.0007323843
22 H    -0.0018163789     0.0020943368    -0.0015159315
23 H     0.0012318979     0.0029479833     0.0029864329
24 H     0.0010886479     0.0024784380    -0.0002219439
25 H     0.0022133245     0.0006041533     0.0015407402
26 H     0.0036499088     0.0018869969    -0.0010375311
27 H     0.0028009689    -0.0016784573     0.0023558113
28 H     0.0039671067    -0.0008049286     0.0010676552
----------------------------------------------
[2026-07-08 14:41:46]   [OPT] [REP_00352] eval=005 E=-535.5186605447 Ha max|grad|=8.350e-03 Ha/Bohr SCF=True time=73.0s

WARN: Mole.unit (Angstrom) is changed to Bohr

[2026-07-08 14:41:46]   [OPT] [REP_00352] done: success=False nit=3 neval=5 max|grad|=8.350e-03 message=STOP: TOTAL NO. OF ITERATIONS REACHED LIMIT
[2026-07-08 14:41:46]   [WARN] [REP_00352] Optimization did not fully converge; using last geometry
[2026-07-08 14:41:46]   [DFT] [REP_00352] final single-point start
converged SCF energy = -535.518660544683
[2026-07-08 14:42:35]   [DFT] [REP_00352] final SCF done: E=-535.5186605447 Ha converged=True time=49.3s
[2026-07-08 14:42:35]   [DFT] [REP_00352] descriptors: HOMO=-3.7903 eV LUMO=2.5303 eV gap=6.3207 eV opt_status=opt_not_converged: STOP: TOTAL NO. OF ITERATIONS REACHED LIMIT
[2026-07-08 14:42:35] END compound_id=REP_00352
