[2026-07-08 01:09:25] ========================================================================
[2026-07-08 01:09:25] BEGIN compound_id=REP_00230 molecule_index=230/732 method=DFT-b3lyp/sto-3g-D3
[2026-07-08 01:09:25] settings functional=b3lyp basis=sto-3g D3=True geom_max_steps=3 scf_max_cycles=50
[2026-07-08 01:09:25]   [xTB] [REP_00230] start: atoms=35 charge=0 multiplicity=1 opt=tight solvent=gas
[2026-07-08 01:09:28]   [OK] [REP_00230] GFN2-xTB converged; RMSD(MMFF,xTB)=0.0746 A
[2026-07-08 01:09:28]   [DFT] build PySCF molecule: atoms=35 charge=0 spin=0
[2026-07-08 01:09:28]   [DFT] [REP_00230] start
[2026-07-08 01:09:28]   [OPT] [REP_00230] start: atoms=35, basis=sto-3g, D3=True, maxiter=3

WARN: Mole.unit (Angstrom) is changed to Bohr

converged SCF energy = -575.668995156674
--------------- DFTD3 gradients ---------------
         x                y                z
0 C    -0.0057697743    -0.0058563892    -0.0031136026
1 C    -0.0008864138     0.0000464900     0.0093772669
2 C    -0.0002490952    -0.0008306132    -0.0093860640
3 C     0.0001272859     0.0014992634     0.0085974699
4 C     0.0002967650    -0.0002792337    -0.0102691339
5 C    -0.0009095235     0.0103888515    -0.0029312503
6 C    -0.0004988300     0.0049982929     0.0083645388
7 C    -0.0000357640    -0.0021854610    -0.0075985037
8 C     0.0015931972     0.0028614660     0.0065097484
9 C     0.0235195718     0.0148564443    -0.0003104183
10 C     0.0180372485     0.0271347912    -0.0035525436
11 O    -0.0944359943    -0.0345642648     0.0478100947
12 O     0.0864750358     0.0205064386    -0.0498386283
13 H     0.0045564967    -0.0068729687    -0.0057638425
14 H    -0.0063649174     0.0042333255    -0.0063306469
15 H    -0.0061790596    -0.0057754651     0.0060077881
16 H     0.0048709713    -0.0037470373     0.0065554458
17 H    -0.0039296556     0.0051378546     0.0058439989
18 H     0.0040758992    -0.0049561304    -0.0057219827
19 H    -0.0042549441     0.0036414084    -0.0060956107
20 H    -0.0039609112     0.0047490850     0.0056709997
21 H     0.0049811675    -0.0033634080     0.0070747786
22 H    -0.0042711819     0.0025027901    -0.0064410086
23 H     0.0049766119    -0.0055463748    -0.0048851090
24 H     0.0039567212     0.0049849433    -0.0055214970
25 H    -0.0050980461     0.0065155584     0.0023708733
26 H    -0.0043698615    -0.0031449063     0.0075621334
27 H     0.0033325882     0.0060944384     0.0041520724
28 H     0.0037405389     0.0017068873    -0.0069792541
29 H    -0.0038834238    -0.0077297950    -0.0045216953
30 H     0.0037612083     0.0071776451     0.0036409535
31 H    -0.0041731648    -0.0028864290     0.0081221454
32 H     0.0082829236     0.0024643406     0.0058214657
33 H     0.0052538301     0.0050897803    -0.0070625067
34 H    -0.0326010928    -0.0487879981     0.0028725630
----------------------------------------------
[2026-07-08 01:10:33]   [OPT] [REP_00230] eval=001 E=-575.6689951567 Ha max|grad|=9.444e-02 Ha/Bohr SCF=True time=65.1s

WARN: Mole.unit (Angstrom) is changed to Bohr

converged SCF energy = -575.519043338876
--------------- DFTD3 gradients ---------------
         x                y                z
0 C     0.0007758953     0.0008031905     0.0049738813
1 C    -0.0031168741    -0.0062165154    -0.0191437266
2 C    -0.0014249224    -0.0006547054     0.0224987425
3 C     0.0035534779    -0.0020693228    -0.0197622202
4 C     0.0031835535     0.0050066734     0.0179339672
5 C     0.0004585142    -0.0074323912     0.0015208453
6 C    -0.0041246374    -0.0055821098    -0.0137446178
7 C    -0.0008097780     0.0011873275     0.0137514306
8 C     0.0073900559     0.0088332990    -0.0044333072
9 C    -0.0338114992     0.0126150994     0.0184547827
10 C    -0.1166940697    -0.1404532977     0.0219897118
11 O     0.1770525499     0.0712368320    -0.0896954550
12 O    -0.1405243095    -0.0737026029     0.0638553106
13 H    -0.0066255688     0.0040936274     0.0041362848
14 H     0.0035421942    -0.0063101820     0.0045444915
15 H    -0.0001752865    -0.0005766249    -0.0070639085
16 H    -0.0013639610     0.0018670320     0.0017908419
17 H     0.0009507048    -0.0003538612     0.0025969212
18 H    -0.0009566730     0.0007551613    -0.0021713303
19 H     0.0004548305    -0.0006927611    -0.0025010682
20 H     0.0006709620    -0.0003281178     0.0021645899
21 H    -0.0019809857     0.0026988411     0.0003697125
22 H    -0.0021485993    -0.0014655281    -0.0055196107
23 H    -0.0016613946     0.0018240634    -0.0019506133
24 H     0.0014102565     0.0062489005     0.0004781501
25 H    -0.0020117268     0.0043683121    -0.0035435592
26 H     0.0022412189     0.0036638378    -0.0007771745
27 H     0.0021304811     0.0022162923     0.0053891662
28 H    -0.0007829152    -0.0013353141    -0.0017610305
29 H     0.0026445559     0.0035761871    -0.0008452887
30 H    -0.0054743147     0.0026680497     0.0032206355
31 H     0.0063946761     0.0009740900    -0.0040818896
32 H     0.0236606054     0.0070071543     0.0120505496
33 H     0.0159359880     0.0144858272    -0.0123220596
34 H     0.0712368198     0.0910928654    -0.0124330681
----------------------------------------------
[2026-07-08 01:12:18]   [OPT] [REP_00230] eval=002 E=-575.5190433389 Ha max|grad|=1.771e-01 Ha/Bohr SCF=True time=104.9s

WARN: Mole.unit (Angstrom) is changed to Bohr

converged SCF energy = -575.683693798355
--------------- DFTD3 gradients ---------------
         x                y                z
0 C    -0.0043908627    -0.0044598909    -0.0014597908
1 C    -0.0013700279    -0.0012634575     0.0034072904
2 C    -0.0005180436    -0.0008204586    -0.0027802729
3 C     0.0008455696     0.0007854286     0.0027444296
4 C     0.0008647078     0.0007955955    -0.0044065274
5 C    -0.0006236812     0.0066537661    -0.0020019909
6 C    -0.0012329923     0.0028155137     0.0038029595
7 C    -0.0001958583    -0.0015048401    -0.0032343703
8 C     0.0027853671     0.0042778868     0.0042588334
9 C     0.0096095590     0.0128706821     0.0043756542
10 C    -0.0685040640    -0.0361215275     0.0292369330
11 O     0.0330195497     0.0121644806    -0.0177848370
12 O     0.0188918258    -0.0229448269    -0.0218269888
13 H     0.0022863458    -0.0045715431    -0.0037019160
14 H    -0.0042861740     0.0020964758    -0.0040711918
15 H    -0.0049260793    -0.0046878029     0.0033397562
16 H     0.0036251008    -0.0026174490     0.0055719073
17 H    -0.0029485041     0.0040411771     0.0051727125
18 H     0.0030699242    -0.0038112295    -0.0049866980
19 H    -0.0033146306     0.0027783473    -0.0053586934
20 H    -0.0030327406     0.0037284241     0.0049457949
21 H     0.0035756362    -0.0021429309     0.0056878019
22 H    -0.0038590150     0.0016992919    -0.0062612576
23 H     0.0036472805    -0.0040713651    -0.0042656283
24 H     0.0034650263     0.0052404203    -0.0043141267
25 H    -0.0044977260     0.0060766886     0.0011820511
26 H    -0.0030337212    -0.0017920454     0.0058440133
27 H     0.0030991385     0.0053149850     0.0044081047
28 H     0.0028237505     0.0011103637    -0.0059151017
29 H    -0.0025460524    -0.0054066883    -0.0037236365
30 H     0.0018906455     0.0062667794     0.0035074749
31 H    -0.0019652535    -0.0021384446     0.0055364306
32 H     0.0114777060     0.0034951108     0.0070057057
33 H     0.0074181567     0.0068458661    -0.0082180785
34 H    -0.0011816603     0.0093409574     0.0043129157
----------------------------------------------
[2026-07-08 01:13:20]   [OPT] [REP_00230] eval=003 E=-575.6836937984 Ha max|grad|=6.850e-02 Ha/Bohr SCF=True time=62.0s

WARN: Mole.unit (Angstrom) is changed to Bohr

converged SCF energy = -575.688588604421
--------------- DFTD3 gradients ---------------
         x                y                z
0 C    -0.0036364644    -0.0037074918    -0.0009862173
1 C    -0.0016170781    -0.0016021294     0.0021072967
2 C    -0.0006010359    -0.0008759686    -0.0014404481
3 C     0.0008670201     0.0006978012     0.0015303784
4 C     0.0008805904     0.0011520424    -0.0030915228
5 C    -0.0005242431     0.0054429599    -0.0015511362
6 C    -0.0012091138     0.0022812837     0.0023098986
7 C     0.0000539805    -0.0008821295    -0.0016921671
8 C     0.0027278070     0.0047699958     0.0037295839
9 C     0.0000435399     0.0002278245     0.0038934659
10 C    -0.0068149451    -0.0157529190    -0.0018452375
11 O     0.0022011359    -0.0025217076    -0.0034081674
12 O    -0.0063166516    -0.0151154523    -0.0021208182
13 H     0.0008840183    -0.0032485116    -0.0024732981
14 H    -0.0030646458     0.0007672186    -0.0026958105
15 H    -0.0041868284    -0.0040417323     0.0018569790
16 H     0.0023816256    -0.0016615984     0.0044286665
17 H    -0.0019397083     0.0027317099     0.0041624262
18 H     0.0019803279    -0.0026088710    -0.0039855774
19 H    -0.0022082790     0.0017847091    -0.0042041526
20 H    -0.0019290103     0.0025240385     0.0039229629
21 H     0.0024294703    -0.0011112137     0.0043922729
22 H    -0.0029549854     0.0008648413    -0.0053279921
23 H     0.0025167085    -0.0027054786    -0.0035155242
24 H     0.0028299353     0.0050313776    -0.0032226833
25 H    -0.0037396978     0.0054032009     0.0002980697
26 H    -0.0021249269    -0.0008272081     0.0044731821
27 H     0.0024599501     0.0040044166     0.0040725305
28 H     0.0018662050     0.0004161071    -0.0046183802
29 H    -0.0016816703    -0.0036581102    -0.0031669203
30 H     0.0006880082     0.0062041409     0.0036298686
31 H    -0.0005176298    -0.0010396562     0.0038208634
32 H     0.0106263496     0.0028587154     0.0059636164
33 H     0.0059093475     0.0048669188    -0.0062655767
34 H     0.0036990899     0.0093625007     0.0010323389
----------------------------------------------
[2026-07-08 01:14:22]   [OPT] [REP_00230] eval=004 E=-575.6885886044 Ha max|grad|=1.575e-02 Ha/Bohr SCF=True time=61.5s

WARN: Mole.unit (Angstrom) is changed to Bohr

converged SCF energy = -575.689990229426
--------------- DFTD3 gradients ---------------
         x                y                z
0 C    -0.0029645625    -0.0030110693    -0.0005923732
1 C    -0.0016517380    -0.0015790853     0.0018391993
2 C    -0.0006101034    -0.0008623741    -0.0012534732
3 C     0.0006571301     0.0006817311     0.0012867198
4 C     0.0006534104     0.0012752006    -0.0027633418
5 C    -0.0004210391     0.0047913285    -0.0013018828
6 C    -0.0008469443     0.0021825190     0.0016698052
7 C     0.0002307156    -0.0001605194    -0.0009616699
8 C     0.0009979087     0.0026248966     0.0030984989
9 C     0.0015493533    -0.0038902886     0.0010334870
10 C     0.0087193098    -0.0058949466    -0.0073631207
11 O    -0.0049954927    -0.0064868336    -0.0003211373
12 O    -0.0083317042    -0.0056252459     0.0028699379
13 H    -0.0002505441    -0.0022441338    -0.0014963348
14 H    -0.0021254142    -0.0003185677    -0.0015915456
15 H    -0.0035581644    -0.0034923743     0.0006400740
16 H     0.0010956571    -0.0007793073     0.0031872087
17 H    -0.0009586400     0.0013253185     0.0030154937
18 H     0.0008679470    -0.0014073368    -0.0028645390
19 H    -0.0010696928     0.0007412992    -0.0028921947
20 H    -0.0007943760     0.0013000527     0.0027859806
21 H     0.0013786314    -0.0001349493     0.0030627685
22 H    -0.0018854506     0.0000330130    -0.0041442980
23 H     0.0014372554    -0.0013040734    -0.0026755528
24 H     0.0020695636     0.0046415609    -0.0020475512
25 H    -0.0028715066     0.0046001194    -0.0005411124
26 H    -0.0012890484     0.0000695220     0.0030563799
27 H     0.0016249986     0.0024933360     0.0035067109
28 H     0.0009040242    -0.0002410127    -0.0031767973
29 H    -0.0007225478    -0.0020775523    -0.0023548214
30 H     0.0003925930     0.0059519501     0.0035601840
31 H     0.0005381990     0.0001632877     0.0023858076
32 H     0.0077697138     0.0025682317     0.0034424021
33 H     0.0034461628     0.0029783835    -0.0016848403
34 H     0.0009962604     0.0011143893    -0.0004045815
----------------------------------------------
[2026-07-08 01:15:28]   [OPT] [REP_00230] eval=005 E=-575.6899902294 Ha max|grad|=8.719e-03 Ha/Bohr SCF=True time=66.5s

WARN: Mole.unit (Angstrom) is changed to Bohr

[2026-07-08 01:15:28]   [OPT] [REP_00230] done: success=False nit=3 neval=5 max|grad|=8.719e-03 message=STOP: TOTAL NO. OF ITERATIONS REACHED LIMIT
[2026-07-08 01:15:28]   [WARN] [REP_00230] Optimization did not fully converge; using last geometry
[2026-07-08 01:15:28]   [DFT] [REP_00230] final single-point start
converged SCF energy = -575.689990229426
[2026-07-08 01:16:16]   [DFT] [REP_00230] final SCF done: E=-575.6899902294 Ha converged=True time=48.5s
[2026-07-08 01:16:17]   [DFT] [REP_00230] descriptors: HOMO=-4.1280 eV LUMO=2.9343 eV gap=7.0624 eV opt_status=opt_not_converged: STOP: TOTAL NO. OF ITERATIONS REACHED LIMIT
[2026-07-08 01:16:17] END compound_id=REP_00230
