[2026-07-07 09:26:58] ========================================================================
[2026-07-07 09:26:58] BEGIN compound_id=REP_00102 molecule_index=102/732 method=DFT-b3lyp/sto-3g-D3
[2026-07-07 09:26:58] settings functional=b3lyp basis=sto-3g D3=True geom_max_steps=3 scf_max_cycles=50
[2026-07-07 09:26:58]   [xTB] [REP_00102] start: atoms=26 charge=0 multiplicity=1 opt=tight solvent=gas
[2026-07-07 09:27:01]   [OK] [REP_00102] GFN2-xTB converged; RMSD(MMFF,xTB)=0.1104 A
[2026-07-07 09:27:01]   [DFT] build PySCF molecule: atoms=26 charge=0 spin=0
[2026-07-07 09:27:01]   [DFT] [REP_00102] start
[2026-07-07 09:27:01]   [OPT] [REP_00102] start: atoms=26, basis=sto-3g, D3=True, maxiter=3

WARN: Mole.unit (Angstrom) is changed to Bohr

converged SCF energy = -643.692395437873
--------------- DFTD3 gradients ---------------
         x                y                z
0 C     0.0053012802    -0.0056884436    -0.0004808959
1 C     0.0015488037    -0.0025914961    -0.0008778637
2 C     0.0025600836     0.0107760617    -0.0065887575
3 C     0.0000944026    -0.0061828900     0.0269380333
4 O     0.0419889394     0.0171322258    -0.0846764796
5 C    -0.0329816483     0.0022518356    -0.0192811318
6 O    -0.0104230278    -0.0170019443     0.1037242145
7 C    -0.0017161791     0.0002093173    -0.0251117645
8 C    -0.0018324624    -0.0000194259    -0.0025504269
9 C     0.0303214374    -0.0008511453     0.0283598150
10 C     0.0034578240     0.0005808902     0.0101870756
11 C    -0.0072973321     0.0022824302     0.0125568942
12 C    -0.0426818174     0.0074122604     0.0202046002
13 O     0.0077441834    -0.0087531322    -0.0747397221
14 H     0.0133024570     0.0013949160    -0.0094237669
15 H    -0.0019003955    -0.0139328520     0.0083529944
16 H     0.0010503828     0.0092840595     0.0057637578
17 H    -0.0089865942     0.0028743889    -0.0062776154
18 H     0.0077103160     0.0009973786    -0.0067804744
19 H     0.0032342478    -0.0105474126     0.0089887172
20 H     0.0020457988     0.0086523857     0.0114240925
21 H    -0.0126708948     0.0003151909    -0.0115966338
22 H     0.0163796061    -0.0021338389    -0.0058107694
23 H     0.0130019606    -0.0004622877     0.0149385897
24 H    -0.0119299272     0.0028642161     0.0136436803
25 H    -0.0173139462     0.0010748067    -0.0108071225
----------------------------------------------
[2026-07-07 09:28:10]   [OPT] [REP_00102] eval=001 E=-643.6923954379 Ha max|grad|=1.037e-01 Ha/Bohr SCF=True time=68.9s

WARN: Mole.unit (Angstrom) is changed to Bohr

converged SCF energy = -643.546978240975
--------------- DFTD3 gradients ---------------
         x                y                z
0 C     0.0101153947    -0.0077026806    -0.0041871774
1 C     0.0120703194    -0.0013543257     0.0215120101
2 C    -0.0083556802    -0.0051108135     0.0060054847
3 C     0.0092243960     0.0272442246    -0.0762703240
4 O    -0.0703581501    -0.0240071949     0.1080804962
5 C     0.1246141104    -0.0206213299     0.1513783337
6 O     0.0064778468     0.0341047485    -0.1969170093
7 C    -0.0120728836     0.0065249251     0.1166870364
8 C     0.0183448090    -0.0152922475    -0.1363181243
9 C    -0.0999773941     0.0019640921    -0.1083727637
10 C     0.0109949356     0.0006193858     0.0160721259
11 C    -0.0173022905    -0.0002698428    -0.0221203869
12 C     0.1080656527    -0.0197239250    -0.0616245381
13 O    -0.0304446305     0.0192072282     0.1508200169
14 H    -0.0091680372    -0.0057876092     0.0054554737
15 H     0.0046434984     0.0093346363    -0.0060030093
16 H     0.0003867563    -0.0003499942    -0.0065259115
17 H     0.0083481436     0.0029375495     0.0019495069
18 H    -0.0004252632     0.0040592108    -0.0014746712
19 H    -0.0071016358    -0.0158422606     0.0110714856
20 H    -0.0069111005     0.0016006307     0.0078366245
21 H     0.0125128454    -0.0003250465     0.0064414186
22 H    -0.0206459305     0.0031397889     0.0074373563
23 H    -0.0007350610    -0.0002492170     0.0024862467
24 H    -0.0030501797     0.0017330040     0.0132423815
25 H    -0.0391923705     0.0041839409    -0.0066443678
----------------------------------------------
[2026-07-07 09:29:33]   [OPT] [REP_00102] eval=002 E=-643.5469782410 Ha max|grad|=1.969e-01 Ha/Bohr SCF=True time=83.3s

WARN: Mole.unit (Angstrom) is changed to Bohr

converged SCF energy = -643.712121541805
--------------- DFTD3 gradients ---------------
         x                y                z
0 C     0.0066175006    -0.0063115711    -0.0013822766
1 C     0.0038608663    -0.0022057638     0.0045828210
2 C    -0.0002656806     0.0067554481    -0.0034643525
3 C     0.0024768866     0.0012572573     0.0036744277
4 O    -0.0032207577     0.0043683678    -0.0277529668
5 C     0.0119222500    -0.0108941001     0.0712160653
6 O     0.0030079733     0.0065729742    -0.0340595081
7 C    -0.0014040714     0.0008902528     0.0084143366
8 C     0.0029153494    -0.0032642363    -0.0311559760
9 C    -0.0124984278     0.0005754399    -0.0112591912
10 C     0.0052937644     0.0004646780     0.0107343735
11 C    -0.0089538698     0.0015139952     0.0034516553
12 C     0.0103281333    -0.0021634196    -0.0090411963
13 O    -0.0066567931     0.0004541322    -0.0024346278
14 H     0.0077316313    -0.0002906265    -0.0057684349
15 H    -0.0003627339    -0.0081610855     0.0048612583
16 H     0.0008752048     0.0069873059     0.0029173542
17 H    -0.0049583754     0.0028061629    -0.0043064441
18 H     0.0058080383     0.0016807165    -0.0055598538
19 H     0.0005217159    -0.0116094060     0.0095817981
20 H    -0.0001898176     0.0070289727     0.0108257745
21 H    -0.0065028271     0.0002128994    -0.0069887782
22 H     0.0070115352    -0.0007686219    -0.0024103015
23 H     0.0096238616    -0.0003967341     0.0116692871
24 H    -0.0099004692     0.0025942464     0.0134341091
25 H    -0.0230733148     0.0018860112    -0.0097334004
----------------------------------------------
[2026-07-07 09:30:44]   [OPT] [REP_00102] eval=003 E=-643.7121215418 Ha max|grad|=7.122e-02 Ha/Bohr SCF=True time=70.4s

WARN: Mole.unit (Angstrom) is changed to Bohr

converged SCF energy = -643.717914553055
--------------- DFTD3 gradients ---------------
         x                y                z
0 C     0.0051457119    -0.0049114313    -0.0009917407
1 C     0.0063671859    -0.0015065607     0.0045337750
2 C     0.0002071635     0.0039284540    -0.0018826771
3 C     0.0016754232     0.0014701049    -0.0033266010
4 O    -0.0099519905    -0.0006035467    -0.0002509857
5 C     0.0148348540    -0.0005480542     0.0035436957
6 O     0.0037577690     0.0003358059     0.0045567035
7 C     0.0054837926    -0.0023326051    -0.0009045395
8 C     0.0020046358    -0.0006191640    -0.0053353341
9 C    -0.0130085929     0.0008420438    -0.0099885627
10 C     0.0000382761     0.0003121268     0.0033661723
11 C    -0.0041387627     0.0007411505     0.0018469517
12 C     0.0013691885    -0.0014272469    -0.0126530529
13 O    -0.0065929869     0.0015239292     0.0073702565
14 H     0.0054211369    -0.0012402831    -0.0041698145
15 H     0.0006686947    -0.0054159444     0.0029359804
16 H     0.0006575466     0.0054696162     0.0010590397
17 H    -0.0029185785     0.0026069984    -0.0031578541
18 H     0.0035982511     0.0021267051    -0.0040092722
19 H    -0.0002746222    -0.0071280079     0.0067980732
20 H    -0.0008136671     0.0042848370     0.0079447474
21 H    -0.0068996944     0.0002833313    -0.0088447353
22 H     0.0069129022    -0.0011463847    -0.0041453556
23 H     0.0080339622    -0.0003290481     0.0097139986
24 H    -0.0080504240     0.0020333852     0.0101267564
25 H    -0.0135061576     0.0012631985    -0.0041146959
----------------------------------------------
[2026-07-07 09:31:59]   [OPT] [REP_00102] eval=004 E=-643.7179145531 Ha max|grad|=1.483e-02 Ha/Bohr SCF=True time=75.4s

WARN: Mole.unit (Angstrom) is changed to Bohr

converged SCF energy = -643.720011449975
--------------- DFTD3 gradients ---------------
         x                y                z
0 C     0.0040582979    -0.0037670954    -0.0003767154
1 C     0.0067107960     0.0003329523     0.0021542164
2 C     0.0012150952     0.0017138509    -0.0007492756
3 C     0.0007226216    -0.0003120415    -0.0012330822
4 O    -0.0035646290    -0.0018080826     0.0093998329
5 C     0.0061117508     0.0007683808    -0.0082295547
6 O     0.0054211558     0.0000030606     0.0071417224
7 C     0.0022989267    -0.0024897057    -0.0020573537
8 C     0.0008107795    -0.0001304115    -0.0006139123
9 C    -0.0033707695     0.0001912186    -0.0034658361
10 C    -0.0021442494     0.0002565231     0.0003035411
11 C    -0.0038425133     0.0003789821    -0.0013120389
12 C    -0.0073836182     0.0005869353    -0.0034821944
13 O    -0.0051758260     0.0010462054     0.0039778635
14 H     0.0036941857    -0.0020009324    -0.0027333426
15 H     0.0015158508    -0.0034207685     0.0013105278
16 H     0.0004451667     0.0039545287    -0.0006347128
17 H    -0.0009856249     0.0021076026    -0.0019046843
18 H     0.0014426530     0.0025231125    -0.0024584601
19 H    -0.0007803449    -0.0013313498     0.0030852453
20 H    -0.0011333242     0.0006652518     0.0038052467
21 H    -0.0030206734     0.0001051708    -0.0062245677
22 H     0.0042737804    -0.0008629353    -0.0042106153
23 H     0.0048219088    -0.0004074374     0.0046181014
24 H    -0.0050647611     0.0011870643     0.0053746814
25 H    -0.0070500166     0.0007315935    -0.0014724010
----------------------------------------------
[2026-07-07 09:33:01]   [OPT] [REP_00102] eval=005 E=-643.7200114500 Ha max|grad|=9.400e-03 Ha/Bohr SCF=True time=61.7s

WARN: Mole.unit (Angstrom) is changed to Bohr

[2026-07-07 09:33:01]   [OPT] [REP_00102] done: success=False nit=3 neval=5 max|grad|=9.400e-03 message=STOP: TOTAL NO. OF ITERATIONS REACHED LIMIT
[2026-07-07 09:33:01]   [WARN] [REP_00102] Optimization did not fully converge; using last geometry
[2026-07-07 09:33:01]   [DFT] [REP_00102] final single-point start
converged SCF energy = -643.720011449972
[2026-07-07 09:33:59]   [DFT] [REP_00102] final SCF done: E=-643.7200114500 Ha converged=True time=58.4s
[2026-07-07 09:33:59]   [DFT] [REP_00102] descriptors: HOMO=-4.0461 eV LUMO=1.0549 eV gap=5.1010 eV opt_status=opt_not_converged: STOP: TOTAL NO. OF ITERATIONS REACHED LIMIT
[2026-07-07 09:33:59] END compound_id=REP_00102
