[2026-07-08 07:19:21] ========================================================================
[2026-07-08 07:19:21] BEGIN compound_id=REP_00288 molecule_index=288/732 method=DFT-b3lyp/sto-3g-D3
[2026-07-08 07:19:21] settings functional=b3lyp basis=sto-3g D3=True geom_max_steps=3 scf_max_cycles=50
[2026-07-08 07:19:21]   [xTB] [REP_00288] start: atoms=27 charge=0 multiplicity=1 opt=tight solvent=gas
[2026-07-08 07:19:23]   [OK] [REP_00288] GFN2-xTB converged; RMSD(MMFF,xTB)=0.0905 A
[2026-07-08 07:19:23]   [DFT] build PySCF molecule: atoms=27 charge=0 spin=0
[2026-07-08 07:19:23]   [DFT] [REP_00288] start
[2026-07-08 07:19:23]   [OPT] [REP_00288] start: atoms=27, basis=sto-3g, D3=True, maxiter=3

WARN: Mole.unit (Angstrom) is changed to Bohr

converged SCF energy = -460.253301044967
--------------- DFTD3 gradients ---------------
         x                y                z
0 C     0.0059338063    -0.0044429334     0.0048561948
1 C     0.0188677274     0.0071070444     0.0083981696
2 C     0.0152980121    -0.0001351213    -0.0073943933
3 C    -0.0011661356     0.0123440493    -0.0106306864
4 C    -0.0128061854     0.0142287909     0.0014394616
5 C     0.0017535011     0.0054930776     0.0167024163
6 C    -0.0170340860     0.0084644130    -0.0042577903
7 C    -0.0076847004    -0.0005927559     0.0065012895
8 C    -0.0027745560     0.0006783831    -0.0090580614
9 C    -0.0014344652     0.0418310716     0.0106857339
10 O     0.0024799954    -0.0930285023    -0.0155855032
11 H     0.0049991957    -0.0075058578    -0.0056030956
12 H    -0.0024727359    -0.0047902730     0.0086015686
13 H     0.0076868213     0.0053679162     0.0028862489
14 H     0.0083047384     0.0045999351     0.0003792852
15 H     0.0017700442    -0.0048003341    -0.0076548576
16 H     0.0030811340     0.0076830959     0.0014619055
17 H    -0.0035226198    -0.0000111146    -0.0093094069
18 H    -0.0069860008     0.0072093350     0.0020854623
19 H    -0.0051377190    -0.0035512938     0.0075399446
20 H     0.0051855606     0.0076252557     0.0027680260
21 H    -0.0034409631    -0.0094862379    -0.0012508851
22 H    -0.0084518622     0.0047492066    -0.0010414467
23 H     0.0023169324     0.0015113108     0.0095787936
24 H    -0.0050954926    -0.0087257895    -0.0016953888
25 H    -0.0068267528     0.0063286685    -0.0034513704
26 H     0.0071070218     0.0018449372    -0.0070204186
----------------------------------------------
[2026-07-08 07:20:39]   [OPT] [REP_00288] eval=001 E=-460.2533010450 Ha max|grad|=9.303e-02 Ha/Bohr SCF=True time=76.1s

WARN: Mole.unit (Angstrom) is changed to Bohr

converged SCF energy = -460.059072452475
--------------- DFTD3 gradients ---------------
         x                y                z
0 C     0.0298551839    -0.0138901906     0.0121016173
1 C    -0.0603325718     0.0245448187    -0.0229368241
2 C    -0.0362994320     0.0236118914     0.0110451520
3 C     0.0076822737    -0.0302619541     0.0343816632
4 C     0.0565023710    -0.0286866187    -0.0045173717
5 C     0.0005507206     0.0192007378    -0.0449633018
6 C     0.0419817882     0.0126856508     0.0220236265
7 C    -0.0191772976    -0.0093486612    -0.0029286699
8 C    -0.0176264131    -0.0069123650    -0.0112238572
9 C     0.0074048071    -0.2756759068    -0.0482088598
10 O    -0.0058971363     0.1984786629     0.0361385715
11 H    -0.0040455797     0.0101446551     0.0135606978
12 H     0.0080974921     0.0037705347    -0.0088167635
13 H    -0.0035588697    -0.0155237827     0.0013414107
14 H     0.0198624074     0.0092372244    -0.0078177806
15 H     0.0071645935    -0.0008095407     0.0009974128
16 H     0.0018417552     0.0097159214    -0.0072150283
17 H    -0.0014738906     0.0065881806    -0.0102374870
18 H    -0.0282616311     0.0365609799     0.0094785607
19 H     0.0002575228    -0.0006885687     0.0123331795
20 H    -0.0014293032     0.0103660933     0.0141730040
21 H     0.0010538537     0.0183583508     0.0061538151
22 H     0.0000591749    -0.0082927293     0.0100905305
23 H    -0.0055486220    -0.0014528047    -0.0100457645
24 H     0.0074451387     0.0176091360    -0.0037241243
25 H     0.0045385210    -0.0092679507    -0.0079771533
26 H    -0.0107628411    -0.0000575146     0.0067423761
----------------------------------------------
[2026-07-08 07:23:12]   [OPT] [REP_00288] eval=002 E=-460.0590724525 Ha max|grad|=2.757e-01 Ha/Bohr SCF=True time=152.5s

WARN: Mole.unit (Angstrom) is changed to Bohr

converged SCF energy = -460.257936634206
--------------- DFTD3 gradients ---------------
         x                y                z
0 C     0.0093968419    -0.0057321246     0.0059620021
1 C     0.0076471665     0.0078168125     0.0039335437
2 C     0.0081125074     0.0038044937    -0.0050263072
3 C     0.0002625410     0.0059922956    -0.0043895731
4 C    -0.0030739981     0.0088643626     0.0013904328
5 C     0.0010060977     0.0073974644     0.0076135556
6 C    -0.0084477522     0.0072205815    -0.0007333053
7 C    -0.0096291864    -0.0018028664     0.0055365761
8 C    -0.0049645923    -0.0003040652    -0.0097890535
9 C     0.0022129698    -0.0848476409    -0.0118668343
10 O    -0.0011526830     0.0336156009     0.0065135935
11 H     0.0037184014    -0.0051168395    -0.0031247018
12 H    -0.0011579245    -0.0036531418     0.0063025611
13 H     0.0060752320     0.0027382014     0.0025906220
14 H     0.0097250124     0.0051608426    -0.0006375398
15 H     0.0024244500    -0.0043844896    -0.0065775413
16 H     0.0029556894     0.0080227034     0.0003829096
17 H    -0.0032812351     0.0008393557    -0.0094946023
18 H    -0.0093414698     0.0104805700     0.0028617839
19 H    -0.0044694923    -0.0032439712     0.0082212099
20 H     0.0044168572     0.0079740230     0.0041918798
21 H    -0.0027427222    -0.0057738379    -0.0003658221
22 H    -0.0072652384     0.0031025520     0.0003155753
23 H     0.0013921953     0.0011323656     0.0070386907
24 H    -0.0033898443    -0.0052302890    -0.0018391532
25 H    -0.0053388117     0.0043285742    -0.0039141869
26 H     0.0048452409     0.0015963645    -0.0051619397
----------------------------------------------
[2026-07-08 07:24:31]   [OPT] [REP_00288] eval=003 E=-460.2579366342 Ha max|grad|=8.485e-02 Ha/Bohr SCF=True time=79.1s

WARN: Mole.unit (Angstrom) is changed to Bohr

converged SCF energy = -460.261390728456
--------------- DFTD3 gradients ---------------
         x                y                z
0 C     0.0089752021    -0.0043299027     0.0055615560
1 C     0.0039768646     0.0028246553     0.0019333735
2 C     0.0057695463     0.0032234241    -0.0039842423
3 C     0.0005240191     0.0051642775    -0.0036957582
4 C    -0.0010331988     0.0059670703     0.0013024701
5 C     0.0000425288     0.0051331741     0.0052473145
6 C    -0.0051789864     0.0020110228    -0.0002676350
7 C    -0.0085805798    -0.0013277383     0.0046435306
8 C    -0.0046750339     0.0000653659    -0.0083960928
9 C     0.0014124632    -0.0467287298    -0.0057564090
10 O    -0.0004341624     0.0089713718     0.0022810720
11 H     0.0035044825    -0.0044519772    -0.0023179634
12 H    -0.0005168634    -0.0032886844     0.0055784663
13 H     0.0060044507     0.0016888519     0.0027500513
14 H     0.0094433962     0.0050029634    -0.0011338384
15 H     0.0025835015    -0.0035389587    -0.0056753493
16 H     0.0026768137     0.0075086686    -0.0001650007
17 H    -0.0027948309     0.0011232308    -0.0084260999
18 H    -0.0088617313     0.0101346878     0.0027316867
19 H    -0.0036615989    -0.0024439682     0.0073765316
20 H     0.0040716207     0.0077836718     0.0044502981
21 H    -0.0027736047    -0.0047147432    -0.0000311386
22 H    -0.0071188137     0.0024589221     0.0009271098
23 H     0.0007860542     0.0008991031     0.0059422982
24 H    -0.0030202042    -0.0042341889    -0.0020326209
25 H    -0.0049444317     0.0035951813    -0.0043588178
26 H     0.0037630423     0.0014971460    -0.0045502974
----------------------------------------------
[2026-07-08 07:25:54]   [OPT] [REP_00288] eval=004 E=-460.2613907285 Ha max|grad|=4.673e-02 Ha/Bohr SCF=True time=82.8s

WARN: Mole.unit (Angstrom) is changed to Bohr

converged SCF energy = -460.265565823351
--------------- DFTD3 gradients ---------------
         x                y                z
0 C     0.0056955183    -0.0014894892     0.0032660978
1 C    -0.0028600473    -0.0066571885    -0.0017466988
2 C     0.0007070303     0.0021066434    -0.0012432415
3 C     0.0011654074     0.0024748730    -0.0016258220
4 C     0.0013104084     0.0007611928     0.0010273828
5 C    -0.0007739472     0.0008394238    -0.0000166052
6 C     0.0016024858    -0.0076324685     0.0006238584
7 C    -0.0049555320    -0.0005504654     0.0020009840
8 C    -0.0030560178     0.0002488648    -0.0038637287
9 C    -0.0002235069     0.0116226334     0.0029327164
10 O     0.0005459040    -0.0206415209    -0.0027402773
11 H     0.0028024278    -0.0019710815     0.0007963922
12 H     0.0019093224    -0.0018929279     0.0028574020
13 H     0.0056783909    -0.0011248492     0.0031361455
14 H     0.0069107731     0.0036170507    -0.0027226094
15 H     0.0029577073    -0.0004485394    -0.0023406024
16 H     0.0015641716     0.0053265165    -0.0020117418
17 H    -0.0009844188     0.0020614627    -0.0042988149
18 H    -0.0051243527     0.0067676484     0.0017148227
19 H    -0.0008973957     0.0002683318     0.0040684458
20 H     0.0017126207     0.0052466131     0.0045659072
21 H    -0.0029060089    -0.0010182471     0.0012324084
22 H    -0.0061512483     0.0003757297     0.0026985324
23 H    -0.0013337696     0.0000847908     0.0020738975
24 H    -0.0017310011    -0.0007072181    -0.0028196908
25 H    -0.0034763524     0.0012243369    -0.0053188277
26 H    -0.0001416220     0.0010947242    -0.0023138839
----------------------------------------------
[2026-07-08 07:27:07]   [OPT] [REP_00288] eval=005 E=-460.2655658234 Ha max|grad|=2.064e-02 Ha/Bohr SCF=True time=73.2s

WARN: Mole.unit (Angstrom) is changed to Bohr

[2026-07-08 07:27:07]   [OPT] [REP_00288] done: success=False nit=3 neval=5 max|grad|=2.064e-02 message=STOP: TOTAL NO. OF ITERATIONS REACHED LIMIT
[2026-07-08 07:27:07]   [WARN] [REP_00288] Optimization did not fully converge; using last geometry
[2026-07-08 07:27:07]   [DFT] [REP_00288] final single-point start
converged SCF energy = -460.26556582335
[2026-07-08 07:28:06]   [DFT] [REP_00288] final SCF done: E=-460.2655658233 Ha converged=True time=59.5s
[2026-07-08 07:28:06]   [DFT] [REP_00288] descriptors: HOMO=-3.4884 eV LUMO=2.5926 eV gap=6.0810 eV opt_status=opt_not_converged: STOP: TOTAL NO. OF ITERATIONS REACHED LIMIT
[2026-07-08 07:28:06] END compound_id=REP_00288
