[2026-07-08 02:42:28] ========================================================================
[2026-07-08 02:42:28] BEGIN compound_id=REP_00242 molecule_index=242/732 method=DFT-b3lyp/sto-3g-D3
[2026-07-08 02:42:28] settings functional=b3lyp basis=sto-3g D3=True geom_max_steps=3 scf_max_cycles=50
[2026-07-08 02:42:28]   [xTB] [REP_00242] start: atoms=26 charge=0 multiplicity=1 opt=tight solvent=gas
[2026-07-08 02:42:38]   [OK] [REP_00242] GFN2-xTB converged; RMSD(MMFF,xTB)=0.3601 A
[2026-07-08 02:42:38]   [DFT] build PySCF molecule: atoms=26 charge=0 spin=0
[2026-07-08 02:42:38]   [DFT] [REP_00242] start
[2026-07-08 02:42:38]   [OPT] [REP_00242] start: atoms=26, basis=sto-3g, D3=True, maxiter=3

WARN: Mole.unit (Angstrom) is changed to Bohr

converged SCF energy = -533.142380349688
--------------- DFTD3 gradients ---------------
         x                y                z
0 C     0.0046411224     0.0017563410     0.0068377552
1 C     0.0058553997    -0.0049977413    -0.0096377417
2 C    -0.0062005686     0.0123534735     0.0286143260
3 O     0.0285500430    -0.0251649729    -0.0513342033
4 C    -0.0078880001     0.0056095826     0.0108752690
5 C     0.0028403356    -0.0065417115    -0.0155874170
6 C    -0.0008731571    -0.0029360908    -0.0081346822
7 C     0.0014554438    -0.0028091775    -0.0027946556
8 C    -0.0012365000    -0.0024852879    -0.0170426033
9 O    -0.0647736167    -0.0183374289     0.0564647915
10 C    -0.0027513552     0.0030324110     0.0078321247
11 C    -0.0034820275     0.0077770779     0.0178808611
12 H    -0.0030261842    -0.0048520646     0.0085829700
13 H     0.0000688747     0.0099388252     0.0026378653
14 H     0.0104031394    -0.0025239298    -0.0008315464
15 H     0.0012422119    -0.0093317746    -0.0027628215
16 H     0.0040184154     0.0039653308    -0.0080571817
17 H    -0.0002676130     0.0109382569     0.0065403130
18 H    -0.0031767101    -0.0030343071     0.0120502053
19 H     0.0084419554    -0.0060214393    -0.0113204293
20 H    -0.0061951761    -0.0035471211    -0.0126616039
21 H    -0.0076426645    -0.0112295652     0.0031029650
22 H    -0.0002294672    -0.0061127158    -0.0145467908
23 H     0.0424573188     0.0454130752    -0.0282001281
24 H    -0.0090191286     0.0061822504     0.0105133841
25 H     0.0067343889     0.0029846303     0.0109818766
----------------------------------------------
[2026-07-08 02:43:31]   [OPT] [REP_00242] eval=001 E=-533.1423803497 Ha max|grad|=6.477e-02 Ha/Bohr SCF=True time=53.0s

WARN: Mole.unit (Angstrom) is changed to Bohr

converged SCF energy = -533.018298925881
--------------- DFTD3 gradients ---------------
         x                y                z
0 C     0.0121532141    -0.0069823802    -0.0111181777
1 C    -0.0157833351     0.0228042579     0.0502695379
2 C     0.0477342123    -0.0561090916    -0.1210903535
3 O    -0.0535628195     0.0533854547     0.1118716496
4 C     0.0540039580    -0.0443081840    -0.0880295573
5 C    -0.0152714698     0.0251171063     0.0585891108
6 C     0.0060490371    -0.0104182785    -0.0238956329
7 C    -0.0065607150     0.0191941497     0.0177100354
8 C    -0.0634009113    -0.0216060814     0.0905542879
9 O     0.1279529066     0.0667389091    -0.1079949605
10 C    -0.0282666905     0.0036413025    -0.0023185876
11 C     0.0189534175    -0.0122467149    -0.0199579005
12 H     0.0057956878     0.0064356463    -0.0077099595
13 H     0.0020071614    -0.0113664652    -0.0005142526
14 H    -0.0076576188     0.0054475879     0.0095030473
15 H    -0.0013862961     0.0003481243    -0.0026989349
16 H    -0.0018158734    -0.0013964823    -0.0020227714
17 H    -0.0076420991     0.0183996194     0.0052489544
18 H    -0.0129353317    -0.0065900984     0.0148968084
19 H     0.0096001762    -0.0055692757    -0.0096494508
20 H    -0.0010686534     0.0022921928     0.0038191217
21 H     0.0186232650     0.0090651135    -0.0282444867
22 H    -0.0076301679     0.0082607957    -0.0124881919
23 H    -0.0840174171    -0.0701336119     0.0605664607
24 H    -0.0010816189    -0.0016578203    -0.0059623190
25 H     0.0052420949     0.0072499705     0.0206856964
----------------------------------------------
[2026-07-08 02:44:40]   [OPT] [REP_00242] eval=002 E=-533.0182989259 Ha max|grad|=1.280e-01 Ha/Bohr SCF=True time=69.1s

WARN: Mole.unit (Angstrom) is changed to Bohr

converged SCF energy = -533.156083552269
--------------- DFTD3 gradients ---------------
         x                y                z
0 C     0.0063225597    -0.0002365111     0.0027328936
1 C     0.0001943882     0.0016028798     0.0042750266
2 C     0.0027856794    -0.0045969391    -0.0107012229
3 O     0.0115939958    -0.0059960931    -0.0098406837
4 C     0.0074459723    -0.0057744243    -0.0110552228
5 C    -0.0002199845     0.0008377352     0.0023157839
6 C     0.0006434132    -0.0045864054    -0.0115610382
7 C    -0.0003552692     0.0028162976     0.0021943108
8 C    -0.0169688904    -0.0075596062     0.0077196433
9 O     0.0108430186     0.0449907503     0.0015675400
10 C    -0.0086224292     0.0030647035     0.0052905131
11 C     0.0026986901     0.0030258585     0.0093489913
12 H    -0.0011108438    -0.0023579233     0.0048808544
13 H     0.0004513742     0.0051768580     0.0018624721
14 H     0.0062778935    -0.0007448257     0.0014241969
15 H     0.0004921746    -0.0072205131    -0.0027437987
16 H     0.0025765567     0.0028598921    -0.0067617503
17 H    -0.0023284406     0.0122305626     0.0059142884
18 H    -0.0056634143    -0.0036575612     0.0121151006
19 H     0.0088045854    -0.0058982323    -0.0108356859
20 H    -0.0050439043    -0.0022187547    -0.0089656867
21 H    -0.0009685073    -0.0061772145    -0.0045181967
22 H    -0.0017810380    -0.0019932279    -0.0133153114
23 H    -0.0172175693    -0.0259705975     0.0086914283
24 H    -0.0072628532     0.0044393789     0.0068043553
25 H     0.0063424845     0.0039451189     0.0131372958
----------------------------------------------
[2026-07-08 02:45:35]   [OPT] [REP_00242] eval=003 E=-533.1560835523 Ha max|grad|=4.499e-02 Ha/Bohr SCF=True time=55.0s

WARN: Mole.unit (Angstrom) is changed to Bohr

converged SCF energy = -533.160546638436
--------------- DFTD3 gradients ---------------
         x                y                z
0 C     0.0039652535     0.0005564795     0.0035039081
1 C     0.0032746774    -0.0002389648     0.0010897682
2 C     0.0001448574    -0.0024217857    -0.0062346103
3 O     0.0059867380    -0.0023326625    -0.0031148799
4 C     0.0060005985    -0.0019538798    -0.0020866926
5 C     0.0032402227    -0.0030477660    -0.0060896098
6 C    -0.0030020976    -0.0007054733    -0.0038193575
7 C    -0.0032558854     0.0007493993    -0.0022808951
8 C    -0.0134759774     0.0068667342     0.0061390356
9 O     0.0069772851     0.0174757903    -0.0023681151
10 C    -0.0013942435     0.0019530780     0.0054644700
11 C     0.0038158031    -0.0006874121     0.0004209706
12 H     0.0004406317    -0.0007434634     0.0026178487
13 H     0.0010023497     0.0020729310     0.0014954858
14 H     0.0053449107    -0.0003660459     0.0018745320
15 H     0.0004521718    -0.0027390285    -0.0016437665
16 H     0.0011372317     0.0005902731    -0.0029487224
17 H    -0.0021411468     0.0045657335     0.0032573047
18 H    -0.0031375473    -0.0002168241     0.0050491879
19 H     0.0044578354    -0.0028201482    -0.0050562272
20 H    -0.0044265234    -0.0021805812    -0.0084149830
21 H    -0.0037053341    -0.0069861190    -0.0022864918
22 H    -0.0019144706    -0.0016480885    -0.0052217004
23 H    -0.0082182991    -0.0130155971     0.0036377210
24 H    -0.0069788389     0.0038529235     0.0056711327
25 H     0.0053512086     0.0034238254     0.0113282178
----------------------------------------------
[2026-07-08 02:46:33]   [OPT] [REP_00242] eval=004 E=-533.1605466384 Ha max|grad|=1.748e-02 Ha/Bohr SCF=True time=58.2s

WARN: Mole.unit (Angstrom) is changed to Bohr

converged SCF energy = -533.1630829138
--------------- DFTD3 gradients ---------------
         x                y                z
0 C     0.0028806318    -0.0003714013     0.0005675712
1 C     0.0023824398    -0.0000806418     0.0010767348
2 C     0.0023827429    -0.0000663801     0.0009099168
3 O    -0.0004954517     0.0018307904     0.0044256752
4 C     0.0016305564    -0.0042782012    -0.0102884863
5 C    -0.0029113286     0.0020270881     0.0039140302
6 C     0.0006489146    -0.0020026479    -0.0054165606
7 C    -0.0037584929     0.0040494923     0.0062183983
8 C    -0.0051919043     0.0022767901    -0.0003495813
9 O    -0.0047079848    -0.0072350847     0.0009753469
10 C    -0.0008886110    -0.0010218936    -0.0029037405
11 C     0.0048375835     0.0016425189     0.0071703125
12 H     0.0018712543     0.0006719411     0.0008986765
13 H     0.0015945515    -0.0005166606     0.0013818566
14 H     0.0024717133     0.0007384536     0.0031142263
15 H     0.0010270000     0.0009427567    -0.0005505554
16 H     0.0005655280    -0.0013251524     0.0003634938
17 H    -0.0016497509    -0.0039904294    -0.0002956852
18 H    -0.0001873565     0.0030637607    -0.0031366508
19 H     0.0038548996    -0.0027456041    -0.0051118126
20 H    -0.0019160498    -0.0003702642    -0.0025756548
21 H    -0.0033187172     0.0001422762    -0.0022536082
22 H    -0.0031079920     0.0002633086     0.0039834803
23 H     0.0045581049     0.0049627645    -0.0037816150
24 H    -0.0030875437     0.0015653472     0.0018458928
25 H     0.0004753131    -0.0001679220    -0.0001887694
----------------------------------------------
[2026-07-08 02:47:27]   [OPT] [REP_00242] eval=005 E=-533.1630829138 Ha max|grad|=1.029e-02 Ha/Bohr SCF=True time=53.9s

WARN: Mole.unit (Angstrom) is changed to Bohr

[2026-07-08 02:47:27]   [OPT] [REP_00242] done: success=False nit=3 neval=5 max|grad|=1.029e-02 message=STOP: TOTAL NO. OF ITERATIONS REACHED LIMIT
[2026-07-08 02:47:27]   [WARN] [REP_00242] Optimization did not fully converge; using last geometry
[2026-07-08 02:47:27]   [DFT] [REP_00242] final single-point start
converged SCF energy = -533.163082913799
[2026-07-08 02:48:13]   [DFT] [REP_00242] final SCF done: E=-533.1630829138 Ha converged=True time=46.2s
[2026-07-08 02:48:13]   [DFT] [REP_00242] descriptors: HOMO=-3.5795 eV LUMO=2.6023 eV gap=6.1818 eV opt_status=opt_not_converged: STOP: TOTAL NO. OF ITERATIONS REACHED LIMIT
[2026-07-08 02:48:13] END compound_id=REP_00242
