[2026-07-08 04:37:53] ========================================================================
[2026-07-08 04:37:53] BEGIN compound_id=REP_00259 molecule_index=259/732 method=DFT-b3lyp/sto-3g-D3
[2026-07-08 04:37:53] settings functional=b3lyp basis=sto-3g D3=True geom_max_steps=3 scf_max_cycles=50
[2026-07-08 04:37:53]   [xTB] [REP_00259] start: atoms=17 charge=0 multiplicity=1 opt=tight solvent=gas
[2026-07-08 04:37:54]   [OK] [REP_00259] GFN2-xTB converged; RMSD(MMFF,xTB)=0.0225 A
[2026-07-08 04:37:54]   [DFT] build PySCF molecule: atoms=17 charge=0 spin=0
[2026-07-08 04:37:54]   [DFT] [REP_00259] start
[2026-07-08 04:37:54]   [OPT] [REP_00259] start: atoms=17, basis=sto-3g, D3=True, maxiter=3

WARN: Mole.unit (Angstrom) is changed to Bohr

converged SCF energy = -416.603797897312
--------------- DFTD3 gradients ---------------
         x                y                z
0 C     0.0059970760     0.0224715105     0.0096228185
1 O     0.0089006774    -0.0622381442    -0.0205032353
2 C     0.0001422345     0.0240318982     0.0088004449
3 C     0.0009591800     0.0143126633     0.0054394817
4 C    -0.0043771904     0.0120812112     0.0033635776
5 C    -0.0111408034     0.0000721778    -0.0026814419
6 C    -0.0120185928    -0.0077968892    -0.0057260773
7 C     0.0051918857     0.0053075225     0.0031652565
8 O    -0.0474468737    -0.0563967489    -0.0319397717
9 H     0.0027019467     0.0138266830    -0.0048741018
10 H    -0.0015642311     0.0073686571     0.0128667785
11 H     0.0142542342    -0.0035228553     0.0021501230
12 H     0.0078577859     0.0096482611     0.0054084847
13 H    -0.0066984246     0.0123766174     0.0028934405
14 H    -0.0143683640     0.0014996408    -0.0029152750
15 H    -0.0080649151    -0.0114784156    -0.0061222656
16 H     0.0596745020     0.0184166890     0.0210820166
----------------------------------------------
[2026-07-08 04:38:23]   [OPT] [REP_00259] eval=001 E=-416.6037978973 Ha max|grad|=6.224e-02 Ha/Bohr SCF=True time=28.7s

WARN: Mole.unit (Angstrom) is changed to Bohr

converged SCF energy = -416.472652903811
--------------- DFTD3 gradients ---------------
         x                y                z
0 C     0.0339042241    -0.1104521198    -0.0320147178
1 O     0.0038157115     0.1297331971     0.0482010407
2 C     0.0416627982    -0.1541193319    -0.0460937849
3 C    -0.0147902741     0.0411950150     0.0114524953
4 C    -0.0156808674    -0.0292266087    -0.0144362953
5 C     0.0141318944     0.0130216187     0.0081595037
6 C     0.0361544224     0.0374991060     0.0223414718
7 C    -0.0812071449    -0.0539550697    -0.0391871808
8 O     0.1309558577     0.1116171021     0.0721877038
9 H    -0.0049623805     0.0001013539    -0.0011524315
10 H    -0.0049481778     0.0001030017    -0.0011846495
11 H    -0.0247975517     0.0306956098     0.0051997727
12 H     0.0018481289     0.0150897171     0.0059438034
13 H    -0.0053259223     0.0088839938     0.0019551341
14 H    -0.0052476491     0.0033755980    -0.0000401888
15 H    -0.0069717052    -0.0086904335    -0.0048434588
16 H    -0.0985567523    -0.0348655478    -0.0364290210
----------------------------------------------
[2026-07-08 04:38:53]   [OPT] [REP_00259] eval=002 E=-416.4726529038 Ha max|grad|=1.541e-01 Ha/Bohr SCF=True time=30.1s

WARN: Mole.unit (Angstrom) is changed to Bohr

converged SCF energy = -416.61565840873
--------------- DFTD3 gradients ---------------
         x                y                z
0 C     0.0054941859    -0.0143472052    -0.0038947342
1 O     0.0163860799    -0.0126536772    -0.0006763684
2 C     0.0075480242    -0.0130286190    -0.0029142974
3 C    -0.0015994784     0.0187701983     0.0064501249
4 C    -0.0070288271     0.0026987436    -0.0006981271
5 C    -0.0054079877     0.0033153726    -0.0001129641
6 C    -0.0010623155     0.0017065344     0.0003693025
7 C    -0.0137048241    -0.0065094442    -0.0056866986
8 O     0.0419503592    -0.0135950107     0.0051701879
9 H     0.0005305416     0.0102922453    -0.0043451272
10 H    -0.0027870615     0.0052658819     0.0094617920
11 H     0.0051420512     0.0038718983     0.0026471986
12 H     0.0067061052     0.0106152172     0.0054836586
13 H    -0.0064253427     0.0116720416     0.0027033776
14 H    -0.0124818705     0.0018747459    -0.0023252407
15 H    -0.0077346354    -0.0109595275    -0.0058534637
16 H    -0.0254830451     0.0009766480    -0.0057807635
----------------------------------------------
[2026-07-08 04:39:21]   [OPT] [REP_00259] eval=003 E=-416.6156584087 Ha max|grad|=4.195e-02 Ha/Bohr SCF=True time=28.6s

WARN: Mole.unit (Angstrom) is changed to Bohr

converged SCF energy = -416.619372762529
--------------- DFTD3 gradients ---------------
         x                y                z
0 C     0.0019610586    -0.0067108077    -0.0019710898
1 O     0.0103200498    -0.0051803648     0.0005776306
2 C     0.0011331279    -0.0052531774    -0.0016321997
3 C     0.0031158078     0.0007367984     0.0010208436
4 C    -0.0046905599     0.0061231684     0.0011095932
5 C    -0.0066562804     0.0027277424    -0.0006226247
6 C    -0.0080430480    -0.0035794500    -0.0032408031
7 C     0.0024989636    -0.0149812619    -0.0048625333
8 O     0.0181314543    -0.0008006095     0.0040976165
9 H     0.0000641878     0.0026362624    -0.0002997567
10 H    -0.0004450890     0.0018586629     0.0018447600
11 H     0.0064010762     0.0035313866     0.0028265533
12 H     0.0063944149     0.0119088298     0.0058796062
13 H    -0.0054600711     0.0082186720     0.0016789272
14 H    -0.0088776110     0.0015058272    -0.0015920368
15 H    -0.0046931605    -0.0052401991    -0.0030377433
16 H    -0.0111039804     0.0024623438    -0.0017762779
----------------------------------------------
[2026-07-08 04:39:53]   [OPT] [REP_00259] eval=004 E=-416.6193727625 Ha max|grad|=1.813e-02 Ha/Bohr SCF=True time=31.9s

WARN: Mole.unit (Angstrom) is changed to Bohr

converged SCF energy = -416.621768770036
--------------- DFTD3 gradients ---------------
         x                y                z
0 C     0.0023075071     0.0006951405     0.0008060144
1 O    -0.0011642001     0.0037941615     0.0010737346
2 C     0.0015533199    -0.0097455540    -0.0031713855
3 C     0.0026386455     0.0003332206     0.0007609086
4 C     0.0010926896     0.0007882484     0.0005529703
5 C    -0.0015949272     0.0008143553    -0.0000938334
6 C     0.0031749962    -0.0029626785    -0.0003187888
7 C    -0.0042983550    -0.0020686385    -0.0017873909
8 O    -0.0056764100     0.0004710436    -0.0011710598
9 H    -0.0004024282    -0.0051375424     0.0032874274
10 H     0.0017282317    -0.0019228953    -0.0055376459
11 H     0.0049248737     0.0041689628     0.0027027479
12 H     0.0006405197     0.0027157590     0.0011457480
13 H    -0.0037998731     0.0051043492     0.0009457368
14 H    -0.0054256368     0.0014084575    -0.0007973005
15 H    -0.0052766515    -0.0030764131    -0.0023903133
16 H     0.0096323699     0.0045856009     0.0039911684
----------------------------------------------
[2026-07-08 04:40:22]   [OPT] [REP_00259] eval=005 E=-416.6217687700 Ha max|grad|=9.746e-03 Ha/Bohr SCF=True time=28.5s

WARN: Mole.unit (Angstrom) is changed to Bohr

[2026-07-08 04:40:22]   [OPT] [REP_00259] done: success=False nit=3 neval=5 max|grad|=9.746e-03 message=STOP: TOTAL NO. OF ITERATIONS REACHED LIMIT
[2026-07-08 04:40:22]   [WARN] [REP_00259] Optimization did not fully converge; using last geometry
[2026-07-08 04:40:22]   [DFT] [REP_00259] final single-point start
converged SCF energy = -416.621768770036
[2026-07-08 04:40:42]   [DFT] [REP_00259] final SCF done: E=-416.6217687700 Ha converged=True time=20.2s
[2026-07-08 04:40:42]   [DFT] [REP_00259] descriptors: HOMO=-3.2347 eV LUMO=2.8059 eV gap=6.0406 eV opt_status=opt_not_converged: STOP: TOTAL NO. OF ITERATIONS REACHED LIMIT
[2026-07-08 04:40:42] END compound_id=REP_00259
