[2026-07-08 09:09:24] ========================================================================
[2026-07-08 09:09:24] BEGIN compound_id=REP_00305 molecule_index=305/732 method=DFT-b3lyp/sto-3g-D3
[2026-07-08 09:09:24] settings functional=b3lyp basis=sto-3g D3=True geom_max_steps=3 scf_max_cycles=50
[2026-07-08 09:09:24]   [xTB] [REP_00305] start: atoms=29 charge=0 multiplicity=1 opt=tight solvent=gas
[2026-07-08 09:09:26]   [OK] [REP_00305] GFN2-xTB converged; RMSD(MMFF,xTB)=0.0639 A
[2026-07-08 09:09:26]   [DFT] build PySCF molecule: atoms=29 charge=0 spin=0
[2026-07-08 09:09:26]   [DFT] [REP_00305] start
[2026-07-08 09:09:26]   [OPT] [REP_00305] start: atoms=29, basis=sto-3g, D3=True, maxiter=3

WARN: Mole.unit (Angstrom) is changed to Bohr

converged SCF energy = -461.34519265873
--------------- DFTD3 gradients ---------------
         x                y                z
0 C     0.0006263152    -0.0036380801     0.0032516058
1 C     0.0005425861    -0.0131372141    -0.0084773514
2 C     0.0130846461    -0.0020135926    -0.0069265595
3 C     0.0086408795     0.0060590812    -0.0113724412
4 O    -0.0746911618     0.0337779778     0.0318106399
5 C    -0.0054750082     0.0067957553    -0.0053618442
6 C     0.0036811682    -0.0070959551     0.0066187646
7 C    -0.0033001981     0.0070015439     0.0043503332
8 C     0.0011234782     0.0009291717     0.0009514462
9 C    -0.0101531210     0.0058583359    -0.0017434297
10 C     0.0037136763    -0.0104674565    -0.0030079588
11 H     0.0007075440     0.0065001391     0.0142208068
12 H     0.0028066295    -0.0153804229    -0.0017363239
13 H    -0.0001757283    -0.0076500741    -0.0133504956
14 H    -0.0010505692     0.0100390646    -0.0000147322
15 H    -0.0008450267    -0.0023364394    -0.0107043443
16 H     0.0089120304    -0.0015525284     0.0010863306
17 H     0.0654590837    -0.0170850203     0.0052896867
18 H    -0.0016159556     0.0093641682    -0.0017150940
19 H    -0.0009010351    -0.0016041018    -0.0085793280
20 H     0.0033472581     0.0018796902     0.0097881415
21 H     0.0014794951    -0.0086005973     0.0003647008
22 H    -0.0045223270     0.0119137927     0.0033041840
23 H    -0.0031049356     0.0005061263    -0.0102069601
24 H    -0.0084195598    -0.0057239091     0.0033795479
25 H    -0.0020837639     0.0092527902     0.0035045945
26 H     0.0099267884    -0.0036773051     0.0013076622
27 H    -0.0056520272    -0.0078901161     0.0038492518
28 H    -0.0020419938    -0.0020300952    -0.0098893730
----------------------------------------------
[2026-07-08 09:10:33]   [OPT] [REP_00305] eval=001 E=-461.3451926587 Ha max|grad|=7.469e-02 Ha/Bohr SCF=True time=66.5s

WARN: Mole.unit (Angstrom) is changed to Bohr

converged SCF energy = -461.223170321854
--------------- DFTD3 gradients ---------------
         x                y                z
0 C     0.0038303920    -0.0245195939     0.0096648274
1 C     0.0083180904     0.0244078804     0.0243345821
2 C    -0.0854908416     0.0332872148     0.0345128757
3 C     0.0059357794     0.0050500086     0.0258577282
4 O     0.1752452614    -0.0702236965    -0.0481447249
5 C     0.0250568809    -0.0283773874    -0.0141275712
6 C    -0.0131688143     0.0301437527    -0.0022791086
7 C     0.0083381097    -0.0098278411     0.0062234669
8 C    -0.0174638298    -0.0019798832    -0.0068372787
9 C     0.0073598941    -0.0167493838    -0.0038793404
10 C    -0.0108223079     0.0113905684     0.0015155473
11 H    -0.0006701894    -0.0095039071    -0.0277447777
12 H    -0.0040959338     0.0212709232     0.0099879287
13 H     0.0010925354    -0.0066847019    -0.0027651544
14 H     0.0063889993    -0.0097545879    -0.0075885464
15 H     0.0042966208     0.0036792296     0.0004423374
16 H    -0.0015688330     0.0081696279    -0.0110073922
17 H    -0.1150403185     0.0383013881     0.0104058278
18 H    -0.0025560123     0.0003397221    -0.0027216036
19 H    -0.0075469479     0.0075572287     0.0049431132
20 H     0.0022368993    -0.0091103737    -0.0074618638
21 H     0.0009415782    -0.0019811137     0.0019707151
22 H     0.0016668817    -0.0033334450     0.0001291326
23 H    -0.0039987575     0.0029943977     0.0139719617
24 H     0.0056559639     0.0137584068    -0.0074659147
25 H    -0.0047675757    -0.0037267673    -0.0038704631
26 H    -0.0063583636    -0.0037676899    -0.0029200498
27 H     0.0111975642     0.0038758225    -0.0090814425
28 H     0.0060484579    -0.0046979761     0.0139561174
----------------------------------------------
[2026-07-08 09:12:23]   [OPT] [REP_00305] eval=002 E=-461.2231703219 Ha max|grad|=1.752e-01 Ha/Bohr SCF=True time=110.3s

WARN: Mole.unit (Angstrom) is changed to Bohr

converged SCF energy = -461.354232962608
--------------- DFTD3 gradients ---------------
         x                y                z
0 C     0.0013779249    -0.0080771521     0.0052907762
1 C     0.0022941398    -0.0052190992    -0.0016245076
2 C    -0.0084034532     0.0052128939    -0.0003086461
3 C     0.0083028974     0.0058442956    -0.0032078380
4 O     0.0368769471     0.0001352055     0.0303603082
5 C     0.0012212235    -0.0003298770    -0.0074738424
6 C     0.0006199256    -0.0000403871     0.0050708198
7 C    -0.0008513294     0.0038980191     0.0048361238
8 C    -0.0027324099     0.0000598069    -0.0007872314
9 C    -0.0067035629     0.0014288425    -0.0021464083
10 C     0.0008716962    -0.0061517188    -0.0021082945
11 H     0.0003842881     0.0032686436     0.0055668945
12 H     0.0013901739    -0.0078316952     0.0005614367
13 H     0.0000908129    -0.0073611240    -0.0113705340
14 H     0.0003313508     0.0063444633    -0.0013981319
15 H     0.0000227535    -0.0013404053    -0.0085195499
16 H     0.0070075638     0.0002863905    -0.0011733130
17 H    -0.0317792751     0.0064499465    -0.0081557926
18 H    -0.0017247717     0.0076790737    -0.0018091613
19 H    -0.0022608604     0.0001424046    -0.0059728481
20 H     0.0031321292    -0.0001288132     0.0065084181
21 H     0.0013728277    -0.0073820672     0.0006415260
22 H    -0.0033171095     0.0090318075     0.0026917569
23 H    -0.0031884341     0.0009165088    -0.0055713492
24 H    -0.0056046765    -0.0020395325     0.0013016567
25 H    -0.0025553109     0.0068352623     0.0021450617
26 H     0.0068825300    -0.0036586763     0.0005319476
27 H    -0.0024670770    -0.0055460484     0.0013941551
28 H    -0.0005288682    -0.0024418546    -0.0052814289
----------------------------------------------
[2026-07-08 09:13:26]   [OPT] [REP_00305] eval=003 E=-461.3542329626 Ha max|grad|=3.688e-02 Ha/Bohr SCF=True time=62.8s

WARN: Mole.unit (Angstrom) is changed to Bohr

converged SCF energy = -461.357461287872
--------------- DFTD3 gradients ---------------
         x                y                z
0 C     0.0006021800    -0.0048847983     0.0026840730
1 C     0.0019851790    -0.0045007546    -0.0003015551
2 C    -0.0023059430     0.0062141552     0.0080530648
3 C     0.0041637892     0.0037189534    -0.0025419229
4 O     0.0176747047    -0.0018398787     0.0118830539
5 C    -0.0001632610     0.0026804162    -0.0027723490
6 C     0.0007815281    -0.0005028440     0.0031108485
7 C    -0.0030443377     0.0021872969     0.0034113470
8 C    -0.0013743296     0.0009216161     0.0002338590
9 C    -0.0053742544     0.0016390174    -0.0015892748
10 C     0.0008327099    -0.0043866577    -0.0014067894
11 H     0.0002522884     0.0017578719     0.0030147138
12 H     0.0012995987    -0.0067453957     0.0013629540
13 H     0.0004390259    -0.0059854257    -0.0073626473
14 H     0.0011787397     0.0053225291    -0.0019149972
15 H     0.0011078595    -0.0000073414    -0.0051938300
16 H     0.0064609698     0.0007556566    -0.0014985587
17 H    -0.0148787042     0.0032048393    -0.0039929127
18 H    -0.0015689164     0.0042667625    -0.0023302556
19 H    -0.0022020128     0.0000806082    -0.0058549866
20 H     0.0032943432    -0.0005104001     0.0052772901
21 H     0.0008373480    -0.0043419723     0.0009510729
22 H    -0.0025716749     0.0068548091     0.0022061497
23 H    -0.0033237558     0.0010156792    -0.0038183073
24 H    -0.0047265968    -0.0007587971     0.0004816545
25 H    -0.0025778716     0.0043287021     0.0009487553
26 H     0.0043934349    -0.0032068445     0.0000872508
27 H    -0.0011827924    -0.0046078383     0.0003386487
28 H     0.0000417953    -0.0026791772    -0.0034767619
----------------------------------------------
[2026-07-08 09:14:28]   [OPT] [REP_00305] eval=004 E=-461.3574612879 Ha max|grad|=1.767e-02 Ha/Bohr SCF=True time=62.5s

WARN: Mole.unit (Angstrom) is changed to Bohr

converged SCF energy = -461.359764305219
--------------- DFTD3 gradients ---------------
         x                y                z
0 C     0.0007177295    -0.0044508414     0.0009824587
1 C     0.0001697017     0.0011308364    -0.0010606170
2 C     0.0026331250    -0.0002161817     0.0010912506
3 C     0.0016440377     0.0013373387     0.0022341703
4 O    -0.0067297949    -0.0003826547    -0.0024632666
5 C    -0.0004138828     0.0000114835     0.0003187030
6 C    -0.0015406898     0.0015059254     0.0014625852
7 C    -0.0004831426     0.0025192383     0.0044120718
8 C    -0.0040980937    -0.0015150851    -0.0015242016
9 C    -0.0018433525     0.0006398082    -0.0006976824
10 C     0.0004349301    -0.0002837559     0.0002165396
11 H     0.0000202087    -0.0008445938    -0.0013960257
12 H     0.0006794137    -0.0024907830     0.0030059430
13 H     0.0010185062    -0.0022320004     0.0010668125
14 H     0.0027405725     0.0023721113    -0.0030211821
15 H     0.0018107978     0.0013764977     0.0000068029
16 H     0.0022959015     0.0024387336    -0.0028523557
17 H     0.0083868266    -0.0012178908     0.0017318946
18 H    -0.0021237389     0.0024811741    -0.0025311757
19 H    -0.0002239574     0.0017411720    -0.0000521423
20 H     0.0027465408    -0.0017556405     0.0016314725
21 H     0.0002546198     0.0003475102     0.0010589518
22 H    -0.0012021614     0.0017662753     0.0010412700
23 H    -0.0033819018     0.0012070292    -0.0005251571
24 H    -0.0029489935     0.0016199626    -0.0009830242
25 H    -0.0027932985     0.0006129668    -0.0009260976
26 H     0.0000420727    -0.0023040140    -0.0006567159
27 H     0.0011645866    -0.0026145485    -0.0014634244
28 H     0.0010658777    -0.0028059662    -0.0001170223
----------------------------------------------
[2026-07-08 09:15:31]   [OPT] [REP_00305] eval=005 E=-461.3597643052 Ha max|grad|=8.387e-03 Ha/Bohr SCF=True time=63.2s

WARN: Mole.unit (Angstrom) is changed to Bohr

[2026-07-08 09:15:31]   [OPT] [REP_00305] done: success=False nit=3 neval=5 max|grad|=8.387e-03 message=STOP: TOTAL NO. OF ITERATIONS REACHED LIMIT
[2026-07-08 09:15:31]   [WARN] [REP_00305] Optimization did not fully converge; using last geometry
[2026-07-08 09:15:31]   [DFT] [REP_00305] final single-point start
converged SCF energy = -461.359764305218
[2026-07-08 09:16:29]   [DFT] [REP_00305] final SCF done: E=-461.3597643052 Ha converged=True time=57.4s
[2026-07-08 09:16:29]   [DFT] [REP_00305] descriptors: HOMO=-3.8216 eV LUMO=3.2867 eV gap=7.1083 eV opt_status=opt_not_converged: STOP: TOTAL NO. OF ITERATIONS REACHED LIMIT
[2026-07-08 09:16:29] END compound_id=REP_00305
