[2026-07-07 16:55:12] ========================================================================
[2026-07-07 16:55:12] BEGIN compound_id=REP_00160 molecule_index=160/732 method=DFT-b3lyp/sto-3g-D3
[2026-07-07 16:55:12] settings functional=b3lyp basis=sto-3g D3=True geom_max_steps=3 scf_max_cycles=50
[2026-07-07 16:55:12]   [xTB] [REP_00160] start: atoms=38 charge=0 multiplicity=1 opt=tight solvent=gas
[2026-07-07 16:55:31]   [OK] [REP_00160] GFN2-xTB converged; RMSD(MMFF,xTB)=0.9084 A
[2026-07-07 16:55:31]   [DFT] build PySCF molecule: atoms=38 charge=0 spin=0
[2026-07-07 16:55:31]   [DFT] [REP_00160] start
[2026-07-07 16:55:31]   [OPT] [REP_00160] start: atoms=38, basis=sto-3g, D3=True, maxiter=3

WARN: Mole.unit (Angstrom) is changed to Bohr

converged SCF energy = -725.15922522533
--------------- DFTD3 gradients ---------------
         x                y                z
0 O     0.0121231097     0.0650061258     0.0806981827
1 C    -0.0302844158     0.0058665973    -0.0213683210
2 C    -0.0087037354    -0.0036024191    -0.0242163016
3 C     0.0162933279    -0.0068160377    -0.0057412631
4 O    -0.0733313904     0.0383989368     0.0032778907
5 C     0.0088716965    -0.0137996590     0.0098839684
6 C    -0.0039721506    -0.0087926437     0.0092739873
7 C    -0.0090754571    -0.0067600346    -0.0083473510
8 C    -0.0080148570     0.0091798667    -0.0100167032
9 O     0.0169724055    -0.0705663526    -0.0583987703
10 C    -0.0003466435     0.0089677682     0.0180261289
11 C     0.0012802506     0.0127201235    -0.0076210495
12 C     0.0077826686     0.0092074764     0.0031666638
13 C     0.0119479345    -0.0035274619    -0.0020996696
14 C     0.0025449462    -0.0100634127     0.0064630944
15 C    -0.0076743509    -0.0122638265    -0.0042606223
16 H    -0.0007993856    -0.0064102055    -0.0084150209
17 H    -0.0007636056     0.0063741682    -0.0072619994
18 H     0.0648016111    -0.0036986236     0.0155708948
19 H     0.0040096969     0.0012019640     0.0088992088
20 H     0.0056824157    -0.0063233687    -0.0019997685
21 H    -0.0059216806     0.0037209332     0.0067161541
22 H    -0.0014821396    -0.0097004304     0.0028166397
23 H     0.0032052519    -0.0056269212    -0.0059068398
24 H    -0.0101522229    -0.0014285007    -0.0021473125
25 H     0.0007251685     0.0030714010    -0.0093965740
26 H    -0.0073219049     0.0069426396     0.0028966131
27 H     0.0007187509     0.0025895570     0.0129093363
28 H     0.0009301145    -0.0004303615    -0.0081899131
29 H    -0.0026466435     0.0085638498     0.0004750505
30 H     0.0067492861     0.0060042658    -0.0022724825
31 H    -0.0002157647     0.0025517088     0.0085309223
32 H     0.0081955641    -0.0017109173     0.0035840232
33 H     0.0022582272    -0.0018533438    -0.0082164571
34 H     0.0024509907    -0.0088468421    -0.0000952527
35 H    -0.0008686415     0.0002825379     0.0087944803
36 H    -0.0065639290    -0.0057618457     0.0026741997
37 H     0.0006345545    -0.0027195103    -0.0086612250
----------------------------------------------
[2026-07-07 16:56:57]   [OPT] [REP_00160] eval=001 E=-725.1592252253 Ha max|grad|=8.070e-02 Ha/Bohr SCF=True time=86.8s

WARN: Mole.unit (Angstrom) is changed to Bohr

converged SCF energy = -725.032979808532
--------------- DFTD3 gradients ---------------
         x                y                z
0 O    -0.0611825822    -0.1090316207    -0.1462978620
1 C     0.1407108907     0.0260114001     0.1191415503
2 C    -0.0034626115     0.0365557540     0.0128760665
3 C    -0.0974853242     0.0388952287     0.0218011638
4 O     0.1448242009    -0.0408894659     0.0132598442
5 C    -0.0100209531     0.0206383297    -0.0095046843
6 C    -0.0005239063     0.0133369169    -0.0146964500
7 C     0.0118914585     0.0104147059     0.0123387259
8 C     0.0101035825    -0.0313765643     0.0109672269
9 O    -0.0605866842     0.1019184415     0.0621619529
10 C     0.0080290979    -0.0443587193    -0.0674098210
11 C     0.0017731588    -0.0133402908     0.0179858406
12 C    -0.0044852034    -0.0092998032    -0.0027603868
13 C    -0.0171892223     0.0048222635     0.0012132006
14 C    -0.0017409620     0.0051140714    -0.0087445528
15 C     0.0314733564     0.0207432181     0.0228298472
16 H    -0.0023931453    -0.0187482664    -0.0234502499
17 H    -0.0077346486     0.0035382772    -0.0150313099
18 H    -0.0793071065     0.0081409681    -0.0214749481
19 H     0.0056812114    -0.0035479230     0.0065656285
20 H     0.0095170061    -0.0126245323     0.0016737352
21 H     0.0017714229    -0.0051866230     0.0003820147
22 H    -0.0041485764    -0.0103260451     0.0054616839
23 H    -0.0036342103    -0.0018923192    -0.0023887786
24 H    -0.0097028196    -0.0052998360    -0.0037215204
25 H    -0.0031794278     0.0054362658    -0.0113408038
26 H    -0.0009670391     0.0027183715    -0.0028218962
27 H    -0.0134667934     0.0079804064     0.0194871364
28 H    -0.0017383211     0.0022500167    -0.0012807854
29 H    -0.0018114465     0.0135610849    -0.0034620836
30 H     0.0091021302     0.0078896015     0.0008936881
31 H     0.0029975574     0.0026049302    -0.0025269652
32 H     0.0109452487    -0.0026154595     0.0014054922
33 H     0.0038171294    -0.0007359633     0.0017788865
34 H     0.0046090285    -0.0099900243     0.0041871473
35 H     0.0008871608    -0.0040878218    -0.0008097345
36 H    -0.0102126220    -0.0089446803     0.0013924966
37 H    -0.0031181903    -0.0004658101    -0.0000055905
----------------------------------------------
[2026-07-07 16:58:35]   [OPT] [REP_00160] eval=002 E=-725.0329798085 Ha max|grad|=1.463e-01 Ha/Bohr SCF=True time=97.9s

WARN: Mole.unit (Angstrom) is changed to Bohr

converged SCF energy = -725.179702150725
--------------- DFTD3 gradients ---------------
         x                y                z
0 O    -0.0140964493    -0.0209765246    -0.0256910005
1 C     0.0325193995     0.0347889775     0.0530707441
2 C    -0.0058416915     0.0075233558    -0.0116560381
3 C    -0.0126821299     0.0042263070    -0.0001284558
4 O     0.0159500093     0.0241992869     0.0196684559
5 C     0.0042894615    -0.0047305805     0.0049394129
6 C    -0.0032106644    -0.0031714010     0.0029436458
7 C    -0.0038033108    -0.0023656606    -0.0028742799
8 C    -0.0027861485    -0.0012654499    -0.0042498243
9 O    -0.0171422453    -0.0106309485    -0.0217588462
10 C     0.0034575357    -0.0042264152    -0.0007033428
11 C     0.0017760626     0.0062372967    -0.0011351186
12 C     0.0047427167     0.0045575824     0.0015760660
13 C     0.0045912187    -0.0013905699    -0.0011702417
14 C     0.0013954868    -0.0062186299     0.0025331242
15 C     0.0019925129    -0.0033443991     0.0025055011
16 H    -0.0011434350    -0.0092453976    -0.0117197058
17 H    -0.0024324585     0.0056514769    -0.0093522182
18 H    -0.0071057068    -0.0072560810    -0.0086742553
19 H     0.0044492578     0.0000364683     0.0084443753
20 H     0.0066286989    -0.0078148556    -0.0010900543
21 H    -0.0040587509     0.0015920666     0.0051558847
22 H    -0.0021165857    -0.0098366497     0.0034743002
23 H     0.0015910950    -0.0047259601    -0.0050697291
24 H    -0.0100484826    -0.0023835263    -0.0025373234
25 H    -0.0002403498     0.0036463016    -0.0098575289
26 H    -0.0056900794     0.0059953956     0.0016567589
27 H    -0.0028141362     0.0040977634     0.0140015716
28 H     0.0002479884     0.0001542051    -0.0065481129
29 H    -0.0024602984     0.0097582396    -0.0004820995
30 H     0.0073451766     0.0064552275    -0.0014823713
31 H     0.0005312252     0.0025338585     0.0058543861
32 H     0.0088726981    -0.0019368054     0.0030484193
33 H     0.0026029291    -0.0015792261    -0.0058160661
34 H     0.0029883343    -0.0091255413     0.0009572060
35 H    -0.0004504569    -0.0007411649     0.0064634350
36 H    -0.0074741104    -0.0065082175     0.0023205252
37 H    -0.0003523144    -0.0020447452    -0.0066071218
----------------------------------------------
[2026-07-07 17:00:06]   [OPT] [REP_00160] eval=003 E=-725.1797021507 Ha max|grad|=5.307e-02 Ha/Bohr SCF=True time=90.6s

WARN: Mole.unit (Angstrom) is changed to Bohr

converged SCF energy = -725.185858448095
--------------- DFTD3 gradients ---------------
         x                y                z
0 O    -0.0022239195     0.0004765878     0.0047616716
1 C     0.0115008309    -0.0030906355    -0.0013270148
2 C     0.0027089347     0.0067948038     0.0014209394
3 C    -0.0107927175     0.0097147217     0.0026332637
4 O     0.0182475517     0.0113077300     0.0118804180
5 C     0.0018356357    -0.0012367533     0.0027794719
6 C    -0.0024744960    -0.0032260773     0.0020029515
7 C    -0.0033108052    -0.0026499381    -0.0017864163
8 C    -0.0047198167     0.0006026102    -0.0022422489
9 O    -0.0136433806     0.0063602368    -0.0019977325
10 C    -0.0013217756    -0.0058691546    -0.0044304305
11 C     0.0010321819     0.0037936571    -0.0008025967
12 C     0.0041724517     0.0034620842     0.0011188238
13 C     0.0035374543    -0.0011022808    -0.0003489319
14 C     0.0023142638    -0.0049797347     0.0023694573
15 C     0.0021388302    -0.0036754106     0.0019320640
16 H     0.0002187432    -0.0058431427    -0.0082630660
17 H    -0.0026166328     0.0061573444    -0.0102057592
18 H    -0.0086463262    -0.0047039896    -0.0070820436
19 H     0.0040996957    -0.0007224840     0.0068577728
20 H     0.0055384669    -0.0063056322    -0.0001574694
21 H    -0.0028426050     0.0002977938     0.0038658894
22 H    -0.0024291544    -0.0074156203     0.0031469548
23 H     0.0002220270    -0.0034751671    -0.0036637278
24 H    -0.0076749659    -0.0025438022    -0.0024519832
25 H    -0.0007795919     0.0030502403    -0.0073528394
26 H    -0.0039622432     0.0035131777    -0.0003866533
27 H    -0.0026684822     0.0026831936     0.0078068394
28 H     0.0001142605     0.0010169786    -0.0040641822
29 H    -0.0017853278     0.0083081157    -0.0010045236
30 H     0.0065029280     0.0055977066    -0.0005090303
31 H     0.0010799249     0.0023163720     0.0038292409
32 H     0.0072261989    -0.0016769957     0.0017069494
33 H     0.0025380823    -0.0012368850    -0.0038027905
34 H     0.0028186335    -0.0079355666     0.0015308430
35 H     0.0000246680    -0.0014573598     0.0042910266
36 H    -0.0052851672    -0.0047771514     0.0011471459
37 H    -0.0006472104    -0.0015953434    -0.0031766067
----------------------------------------------
[2026-07-07 17:01:32]   [OPT] [REP_00160] eval=004 E=-725.1858584481 Ha max|grad|=1.825e-02 Ha/Bohr SCF=True time=86.0s

WARN: Mole.unit (Angstrom) is changed to Bohr

converged SCF energy = -725.188854738026
--------------- DFTD3 gradients ---------------
         x                y                z
0 O     0.0010845127     0.0006076737     0.0067515960
1 C    -0.0016713564    -0.0046527970    -0.0113880379
2 C     0.0028518191     0.0024979191     0.0012012935
3 C    -0.0035320396     0.0106183985     0.0048958870
4 O     0.0059812627     0.0014757832     0.0019744768
5 C     0.0002718754     0.0008082218     0.0011904625
6 C    -0.0016107370    -0.0032543898     0.0015653126
7 C    -0.0031931273    -0.0026661019    -0.0008698497
8 C    -0.0053840587     0.0029024685    -0.0018128026
9 O    -0.0031270780     0.0081513887     0.0072827298
10 C    -0.0043286095    -0.0025857864    -0.0014628972
11 C    -0.0004925339     0.0020956606    -0.0011959891
12 C     0.0033089389     0.0023094738     0.0006699079
13 C     0.0034391245    -0.0009261449     0.0003956250
14 C     0.0031317002    -0.0035739506     0.0022394376
15 C    -0.0001403718    -0.0050711699    -0.0001492141
16 H     0.0003053379     0.0012247173    -0.0021350961
17 H    -0.0020985502     0.0042551270    -0.0087545935
18 H     0.0026789016    -0.0025758523    -0.0023150419
19 H     0.0032269189    -0.0015934606     0.0041577503
20 H     0.0031022251    -0.0031020023     0.0011808796
21 H    -0.0015133345    -0.0012032036     0.0022695722
22 H    -0.0026061489    -0.0044218723     0.0026278762
23 H    -0.0012117209    -0.0019932574    -0.0020876964
24 H    -0.0045952130    -0.0026596461    -0.0022295234
25 H    -0.0015336968     0.0021171199    -0.0034916833
26 H    -0.0033528404     0.0016749994    -0.0021051176
27 H    -0.0020347841     0.0005992168    -0.0005910705
28 H     0.0001999246     0.0019808920    -0.0014977468
29 H    -0.0009819298     0.0052694448    -0.0014627183
30 H     0.0049874901     0.0042013686     0.0006318035
31 H     0.0016746411     0.0020509157     0.0016123419
32 H     0.0049179364    -0.0012857642     0.0000494299
33 H     0.0023432001    -0.0008212592    -0.0013556422
34 H     0.0023865521    -0.0059855209     0.0020977822
35 H     0.0005949135    -0.0021927758     0.0021181827
36 H    -0.0023362712    -0.0027973766    -0.0002035942
37 H    -0.0006734178    -0.0015514267     0.0002248018
----------------------------------------------
[2026-07-07 17:02:58]   [OPT] [REP_00160] eval=005 E=-725.1888547380 Ha max|grad|=1.139e-02 Ha/Bohr SCF=True time=86.1s

WARN: Mole.unit (Angstrom) is changed to Bohr

[2026-07-07 17:02:58]   [OPT] [REP_00160] done: success=False nit=3 neval=5 max|grad|=1.139e-02 message=STOP: TOTAL NO. OF ITERATIONS REACHED LIMIT
[2026-07-07 17:02:58]   [WARN] [REP_00160] Optimization did not fully converge; using last geometry
[2026-07-07 17:02:58]   [DFT] [REP_00160] final single-point start
converged SCF energy = -725.188854738025
[2026-07-07 17:04:04]   [DFT] [REP_00160] final SCF done: E=-725.1888547380 Ha converged=True time=66.2s
[2026-07-07 17:04:04]   [DFT] [REP_00160] descriptors: HOMO=-3.2092 eV LUMO=2.6518 eV gap=5.8610 eV opt_status=opt_not_converged: STOP: TOTAL NO. OF ITERATIONS REACHED LIMIT
[2026-07-07 17:04:04] END compound_id=REP_00160
