[2026-07-07 22:17:24] ========================================================================
[2026-07-07 22:17:24] BEGIN compound_id=REP_00206 molecule_index=206/732 method=DFT-b3lyp/sto-3g-D3
[2026-07-07 22:17:24] settings functional=b3lyp basis=sto-3g D3=True geom_max_steps=3 scf_max_cycles=50
[2026-07-07 22:17:24]   [xTB] [REP_00206] start: atoms=28 charge=0 multiplicity=1 opt=tight solvent=gas
[2026-07-07 22:17:28]   [OK] [REP_00206] GFN2-xTB converged; RMSD(MMFF,xTB)=0.1685 A
[2026-07-07 22:17:28]   [DFT] build PySCF molecule: atoms=28 charge=0 spin=0
[2026-07-07 22:17:28]   [DFT] [REP_00206] start
[2026-07-07 22:17:28]   [OPT] [REP_00206] start: atoms=28, basis=sto-3g, D3=True, maxiter=3

WARN: Mole.unit (Angstrom) is changed to Bohr

converged SCF energy = -460.300248410482
--------------- DFTD3 gradients ---------------
         x                y                z
0 C    -0.0030197047    -0.0033508531     0.0057125323
1 C    -0.0080347427     0.0068574441    -0.0000477698
2 C     0.0141631402     0.0045343603    -0.0010372241
3 C     0.0033765076     0.0132327391    -0.0073391642
4 O    -0.0785145190    -0.0218716555     0.0045750310
5 C    -0.0016549624    -0.0045589314     0.0092190774
6 C     0.0025288960     0.0048601123     0.0079289657
7 C     0.0171892900     0.0112387357     0.0008571896
8 C     0.0100827884    -0.0045878938     0.0099282625
9 O    -0.0906929643    -0.0025390833    -0.0215235289
10 H    -0.0000371277    -0.0103383300    -0.0044400574
11 H    -0.0092249660     0.0014405879     0.0037097658
12 H     0.0057093694    -0.0011860953     0.0078872979
13 H    -0.0063295436     0.0032244265    -0.0060612242
14 H     0.0004142873     0.0084370962     0.0034911676
15 H     0.0091786182    -0.0027217533    -0.0050569491
16 H     0.0032372835     0.0098744819     0.0034742002
17 H    -0.0072061860     0.0026951401    -0.0058544640
18 H     0.0671373705    -0.0102910836    -0.0197749129
19 H    -0.0020425013    -0.0060709620     0.0046833588
20 H     0.0017156494     0.0087761370    -0.0040176835
21 H     0.0075405433    -0.0013585501     0.0065861138
22 H    -0.0089580769     0.0014594755     0.0056054916
23 H     0.0050482472     0.0125116040     0.0028070416
24 H     0.0084213905    -0.0014386273    -0.0033935119
25 H    -0.0031503594    -0.0086898197     0.0026501578
26 H     0.0021889529     0.0046050073     0.0102812833
27 H     0.0609840449    -0.0147847369    -0.0108165114
----------------------------------------------
[2026-07-07 22:18:34]   [OPT] [REP_00206] eval=001 E=-460.3002484105 Ha max|grad|=9.069e-02 Ha/Bohr SCF=True time=65.6s

WARN: Mole.unit (Angstrom) is changed to Bohr

converged SCF energy = -460.162914959801
--------------- DFTD3 gradients ---------------
         x                y                z
0 C    -0.0038163103    -0.0051193297    -0.0038223751
1 C     0.0230520728     0.0072285635     0.0067755038
2 C    -0.0921097023    -0.0227492800    -0.0056128558
3 C     0.0082259662    -0.0220366473    -0.0073727807
4 O     0.1541520143     0.0115580936    -0.0301271526
5 C     0.0292637475     0.0175858881    -0.0040777499
6 C    -0.0125781812     0.0069075635     0.0062011028
7 C    -0.0860189165    -0.0396568587    -0.0003836774
8 C    -0.0016925767    -0.0064668255    -0.0251975323
9 O     0.1765770005    -0.0062452577     0.0106587189
10 H     0.0003662575     0.0128903296     0.0083948576
11 H     0.0050574162    -0.0055235933     0.0021883226
12 H    -0.0059184502    -0.0002547989    -0.0047994281
13 H    -0.0006871580     0.0033803799     0.0005674259
14 H    -0.0083371311     0.0017595802     0.0010268984
15 H    -0.0061102171     0.0113339341     0.0008069841
16 H     0.0017879307     0.0060174915    -0.0030416515
17 H     0.0061866134     0.0031487220     0.0021905546
18 H    -0.1040514912     0.0062765596     0.0333804474
19 H     0.0008795424    -0.0068943296     0.0052263740
20 H    -0.0019462602    -0.0094940068     0.0072651577
21 H    -0.0019679584     0.0041152262     0.0018113073
22 H     0.0107645652     0.0033049387    -0.0009727300
23 H     0.0094510668     0.0103504834    -0.0119905489
24 H     0.0036274064    -0.0043125868     0.0085580555
25 H     0.0061699961     0.0086028898     0.0006306182
26 H     0.0026616363    -0.0012668594     0.0020767982
27 H    -0.1128719533     0.0154285946    -0.0002724197
----------------------------------------------
[2026-07-07 22:19:56]   [OPT] [REP_00206] eval=002 E=-460.1629149598 Ha max|grad|=1.766e-01 Ha/Bohr SCF=True time=81.8s

WARN: Mole.unit (Angstrom) is changed to Bohr

converged SCF energy = -460.314693583248
--------------- DFTD3 gradients ---------------
         x                y                z
0 C    -0.0031054502    -0.0039779982     0.0035652040
1 C    -0.0009409535     0.0071812105     0.0012909940
2 C    -0.0092406991    -0.0008168755    -0.0013017688
3 C     0.0045376840     0.0052504874    -0.0075627004
4 O     0.0126978256    -0.0297989972    -0.0223365123
5 C     0.0057158492    -0.0003230044     0.0058731256
6 C    -0.0008751571     0.0054743385     0.0076017559
7 C    -0.0054318628     0.0013647589     0.0009032036
8 C     0.0073812943    -0.0050880452     0.0016864532
9 O     0.0135189008    -0.0192266643    -0.0269972421
10 H     0.0000322076    -0.0053021479    -0.0016473438
11 H    -0.0062007253    -0.0000185147     0.0033378072
12 H     0.0032885108    -0.0009804928     0.0051717326
13 H    -0.0051093449     0.0031898390    -0.0047393576
14 H    -0.0014538674     0.0069952618     0.0029751985
15 H     0.0059464608     0.0001644017    -0.0038231572
16 H     0.0029646846     0.0090151209     0.0022039803
17 H    -0.0044667301     0.0027533485    -0.0042065893
18 H    -0.0097982283     0.0084319883     0.0103126860
19 H    -0.0013493193    -0.0062413246     0.0047693606
20 H     0.0009083545     0.0048629033    -0.0016826655
21 H     0.0055590734    -0.0002720764     0.0055420203
22 H    -0.0047814659     0.0018393180     0.0041640793
23 H     0.0062599912     0.0113825093    -0.0003946769
24 H     0.0074777275    -0.0020652865    -0.0009242584
25 H    -0.0012526666    -0.0050875854     0.0021892445
26 H     0.0022504942     0.0034337155     0.0084615831
27 H    -0.0244701645     0.0078124755     0.0056001560
----------------------------------------------
[2026-07-07 22:21:08]   [OPT] [REP_00206] eval=003 E=-460.3146935832 Ha max|grad|=2.980e-02 Ha/Bohr SCF=True time=71.8s

WARN: Mole.unit (Angstrom) is changed to Bohr

converged SCF energy = -460.31817880076
--------------- DFTD3 gradients ---------------
         x                y                z
0 C    -0.0023684521    -0.0022527749     0.0028030688
1 C    -0.0032294282     0.0031787052    -0.0002692193
2 C    -0.0076839865    -0.0068692079    -0.0053320623
3 C     0.0018954253     0.0034214492    -0.0047330981
4 O     0.0084166429    -0.0144253660    -0.0113748119
5 C     0.0005947223    -0.0012008280     0.0035719595
6 C     0.0005185370     0.0045209778     0.0063625036
7 C    -0.0024719424    -0.0024366211    -0.0069942488
8 C     0.0043535851    -0.0026011435     0.0016515035
9 O     0.0054610705    -0.0074952080    -0.0110322557
10 H     0.0000125459    -0.0034961813    -0.0007187749
11 H    -0.0045249591    -0.0008377341     0.0030357671
12 H     0.0017229130    -0.0010182647     0.0034787241
13 H    -0.0036206015     0.0032887636    -0.0024166533
14 H    -0.0014295980     0.0065437261     0.0026765739
15 H     0.0052724423     0.0007089562    -0.0036873611
16 H     0.0023529875     0.0064244188     0.0004692261
17 H    -0.0023587748     0.0028783436    -0.0035065336
18 H    -0.0022233899     0.0043437859     0.0058209279
19 H    -0.0003620439    -0.0041579578     0.0040462214
20 H     0.0004708499     0.0033049605    -0.0003814217
21 H     0.0037440087     0.0007722501     0.0046844071
22 H    -0.0037216015     0.0019617895     0.0039245899
23 H     0.0038854667     0.0063457772    -0.0004231495
24 H     0.0069660277    -0.0021991496    -0.0003081091
25 H    -0.0000761346    -0.0036698838     0.0019474765
26 H     0.0020615374     0.0013295760     0.0052064042
27 H    -0.0135959020     0.0035967244     0.0015276035
----------------------------------------------
[2026-07-07 22:22:16]   [OPT] [REP_00206] eval=004 E=-460.3181788008 Ha max|grad|=1.443e-02 Ha/Bohr SCF=True time=68.2s

WARN: Mole.unit (Angstrom) is changed to Bohr

converged SCF energy = -460.320903500119
--------------- DFTD3 gradients ---------------
         x                y                z
0 C    -0.0021010769    -0.0003590623     0.0007467146
1 C    -0.0028236550     0.0003208231     0.0002718419
2 C    -0.0024747372    -0.0021962173    -0.0024264284
3 C     0.0003603509    -0.0010963814    -0.0015577565
4 O     0.0004509967    -0.0002369375    -0.0006857616
5 C    -0.0026671613    -0.0010754153    -0.0020581683
6 C    -0.0006574334     0.0001852044     0.0011571566
7 C     0.0011194122     0.0005033091    -0.0012727833
8 C     0.0014616369    -0.0008013375    -0.0026380547
9 O    -0.0049089403     0.0029144739     0.0020708202
10 H    -0.0002052878     0.0000854889     0.0013881844
11 H    -0.0014379962    -0.0023873546     0.0025412214
12 H    -0.0008658536    -0.0007552701     0.0004171633
13 H    -0.0035214557     0.0033382256    -0.0001074620
14 H    -0.0013063984     0.0007356493    -0.0006541781
15 H     0.0013632468     0.0026416629    -0.0018950654
16 H     0.0006999257     0.0005526893    -0.0021873500
17 H     0.0010739544     0.0031843146    -0.0025903344
18 H     0.0079385530    -0.0013018808    -0.0003159292
19 H     0.0010018809    -0.0013590028     0.0031649543
20 H    -0.0000299852     0.0011305590     0.0018091051
21 H     0.0012150812     0.0022270992     0.0034824523
22 H    -0.0002217940     0.0022113121     0.0028460352
23 H    -0.0003652965    -0.0027662009    -0.0010306436
24 H     0.0032820009    -0.0021325631     0.0023394051
25 H     0.0022713681    -0.0004680470     0.0014402714
26 H     0.0012081607    -0.0011103807    -0.0000518831
27 H     0.0001979182    -0.0020247399    -0.0041706152
----------------------------------------------
[2026-07-07 22:23:27]   [OPT] [REP_00206] eval=005 E=-460.3209035001 Ha max|grad|=7.939e-03 Ha/Bohr SCF=True time=71.5s

WARN: Mole.unit (Angstrom) is changed to Bohr

[2026-07-07 22:23:27]   [OPT] [REP_00206] done: success=False nit=3 neval=5 max|grad|=7.939e-03 message=STOP: TOTAL NO. OF ITERATIONS REACHED LIMIT
[2026-07-07 22:23:27]   [WARN] [REP_00206] Optimization did not fully converge; using last geometry
[2026-07-07 22:23:27]   [DFT] [REP_00206] final single-point start
converged SCF energy = -460.320903500118
[2026-07-07 22:24:14]   [DFT] [REP_00206] final SCF done: E=-460.3209035001 Ha converged=True time=46.5s
[2026-07-07 22:24:14]   [DFT] [REP_00206] descriptors: HOMO=-2.8374 eV LUMO=6.9299 eV gap=9.7673 eV opt_status=opt_not_converged: STOP: TOTAL NO. OF ITERATIONS REACHED LIMIT
[2026-07-07 22:24:14] END compound_id=REP_00206
