[2026-07-07 05:05:35] ========================================================================
[2026-07-07 05:05:35] BEGIN compound_id=REP_00068 molecule_index=68/732 method=DFT-b3lyp/sto-3g-D3
[2026-07-07 05:05:35] settings functional=b3lyp basis=sto-3g D3=True geom_max_steps=3 scf_max_cycles=50
[2026-07-07 05:05:35]   [xTB] [REP_00068] start: atoms=28 charge=0 multiplicity=1 opt=tight solvent=gas
[2026-07-07 05:05:39]   [OK] [REP_00068] GFN2-xTB converged; RMSD(MMFF,xTB)=0.1386 A
[2026-07-07 05:05:39]   [DFT] build PySCF molecule: atoms=28 charge=0 spin=0
[2026-07-07 05:05:39]   [DFT] [REP_00068] start
[2026-07-07 05:05:39]   [OPT] [REP_00068] start: atoms=28, basis=sto-3g, D3=True, maxiter=3

WARN: Mole.unit (Angstrom) is changed to Bohr

converged SCF energy = -681.506815320408
--------------- DFTD3 gradients ---------------
         x                y                z
0 C     0.0068892241    -0.0004304536     0.0074414508
1 C     0.0009106872     0.0102117578    -0.0213682222
2 O     0.0498812248    -0.0145994949     0.0924163252
3 C    -0.0429388917    -0.0206102603     0.0020993757
4 O    -0.0066623393     0.0340003270    -0.0955654819
5 C    -0.0060645347     0.0492028626    -0.0287232083
6 O     0.0179774720    -0.0846008168     0.0623195156
7 C    -0.0139531090    -0.0098593203    -0.0182246526
8 C     0.0042740328    -0.0097307627     0.0024610149
9 C    -0.0104188998    -0.0073408307    -0.0026301736
10 C    -0.0087708014     0.0071609928     0.0050028517
11 C    -0.0188064890     0.0163216043    -0.0075005261
12 C    -0.0425450141    -0.0322029465    -0.0164541236
13 O     0.0783248153     0.0527740105     0.0322432632
14 H     0.0090785853     0.0063845220    -0.0028622741
15 H    -0.0026291833     0.0045271772     0.0099534434
16 H     0.0047843380    -0.0096900385     0.0020886141
17 H    -0.0012259978     0.0139710925    -0.0045846701
18 H     0.0066419501    -0.0015345978    -0.0126038454
19 H    -0.0033305979    -0.0018973622    -0.0084859844
20 H     0.0007385654    -0.0009540649     0.0088930983
21 H     0.0001534606    -0.0093046649    -0.0020976746
22 H    -0.0017722143    -0.0007203884    -0.0082818714
23 H    -0.0073504126    -0.0051673821     0.0032218613
24 H     0.0000694957     0.0003474364     0.0091013591
25 H    -0.0088004073     0.0034856475    -0.0008494197
26 H    -0.0034380135     0.0015781923    -0.0090091240
27 H    -0.0009623444     0.0087310549     0.0019168156
----------------------------------------------
[2026-07-07 05:06:27]   [OPT] [REP_00068] eval=001 E=-681.5068153204 Ha max|grad|=9.557e-02 Ha/Bohr SCF=True time=48.1s

WARN: Mole.unit (Angstrom) is changed to Bohr

converged SCF energy = -681.302118224171
--------------- DFTD3 gradients ---------------
         x                y                z
0 C     0.0116636050     0.0167560948    -0.0200930697
1 C     0.0090830972    -0.0166371684     0.0545421230
2 O    -0.0704266241    -0.0081273345    -0.0846562286
3 C     0.1308852527     0.1166260661    -0.1232265575
4 O     0.0073347839    -0.0528702004     0.1478692090
5 C    -0.0077460332    -0.2143297904     0.1523360105
6 O    -0.0313703440     0.1466194077    -0.1011698885
7 C    -0.0064654706     0.0004918304     0.0087105300
8 C    -0.0233850157    -0.0130750453     0.0022305350
9 C     0.0100049295     0.0090106324     0.0018947435
10 C    -0.0136730423    -0.0088718046    -0.0008197529
11 C     0.0063720027    -0.0169068730     0.0014430476
12 C     0.1714824794     0.1515092994     0.0766182499
13 O    -0.1475280695    -0.1106617410    -0.0639026709
14 H     0.0025451248    -0.0033690134     0.0088032347
15 H     0.0015142278    -0.0009119630    -0.0025246363
16 H    -0.0002442588     0.0027005032    -0.0002253632
17 H    -0.0044903540     0.0060004179    -0.0057901916
18 H    -0.0003433467    -0.0041925646    -0.0123134998
19 H    -0.0120653115    -0.0086624947    -0.0322854832
20 H     0.0031202997    -0.0010125804    -0.0033856390
21 H     0.0003227050    -0.0090068942     0.0015136164
22 H    -0.0029631997    -0.0021483142    -0.0001552144
23 H    -0.0086528763    -0.0058949753     0.0016891483
24 H    -0.0017878075     0.0026610632    -0.0007847985
25 H    -0.0112653233     0.0022279782     0.0035432355
26 H    -0.0120764529     0.0072608857    -0.0116850589
27 H     0.0002541552     0.0148509486     0.0017672923
----------------------------------------------
[2026-07-07 05:07:24]   [OPT] [REP_00068] eval=002 E=-681.3021182242 Ha max|grad|=2.143e-01 Ha/Bohr SCF=True time=56.5s

WARN: Mole.unit (Angstrom) is changed to Bohr

converged SCF energy = -681.526919002594
--------------- DFTD3 gradients ---------------
         x                y                z
0 C     0.0074728234     0.0031517991     0.0013277657
1 C     0.0035298034     0.0056222365    -0.0070610159
2 O     0.0044261871    -0.0183883969     0.0415645933
3 C     0.0011500262     0.0197727275    -0.0407613646
4 O     0.0030003240     0.0046919065    -0.0083172339
5 C     0.0105283990    -0.0563487685     0.0441643823
6 O    -0.0048699166     0.0170390313    -0.0113459231
7 C    -0.0110301762    -0.0062854477    -0.0114931577
8 C    -0.0016651723    -0.0103055595     0.0024581599
9 C    -0.0060236577    -0.0037606472    -0.0016226413
10 C    -0.0097418465     0.0036676155     0.0037405295
11 C    -0.0126150135     0.0094969960    -0.0052388698
12 C     0.0487764041     0.0375189871     0.0220681692
13 O    -0.0167910789    -0.0139055624    -0.0076214527
14 H     0.0076141655     0.0043052294    -0.0004510474
15 H    -0.0018876781     0.0033670049     0.0073116536
16 H     0.0036387696    -0.0071610503     0.0015666515
17 H    -0.0018815645     0.0124885624    -0.0049907622
18 H     0.0052145374    -0.0019908570    -0.0127056719
19 H    -0.0051132082    -0.0032465432    -0.0131937577
20 H     0.0012599228    -0.0009294089     0.0063491827
21 H     0.0002517920    -0.0092055553    -0.0013874737
22 H    -0.0020087908    -0.0010044099    -0.0066470985
23 H    -0.0075677178    -0.0053345051     0.0029096863
24 H    -0.0002771497     0.0008055653     0.0070696388
25 H    -0.0092596640     0.0032291057     0.0000236534
26 H    -0.0052836558     0.0027270338    -0.0096286224
27 H    -0.0007907664     0.0100365480     0.0018484254
----------------------------------------------
[2026-07-07 05:08:15]   [OPT] [REP_00068] eval=003 E=-681.5269190026 Ha max|grad|=5.635e-02 Ha/Bohr SCF=True time=51.4s

WARN: Mole.unit (Angstrom) is changed to Bohr

converged SCF energy = -681.53411567922
--------------- DFTD3 gradients ---------------
         x                y                z
0 C     0.0067913895     0.0033764548     0.0003306629
1 C     0.0028809260     0.0024070324    -0.0000782810
2 O    -0.0047220828    -0.0129990602     0.0185302013
3 C     0.0095120269     0.0124922678    -0.0198291130
4 O     0.0039381361     0.0050264604    -0.0060285272
5 C     0.0028995014    -0.0319095242     0.0204620883
6 O    -0.0004233680     0.0019436338     0.0007611985
7 C    -0.0030865590    -0.0047692847    -0.0037414779
8 C    -0.0040434991    -0.0068055732     0.0017131267
9 C    -0.0054768231    -0.0032584545    -0.0006050179
10 C    -0.0071474436     0.0020439367     0.0029746901
11 C    -0.0050879711     0.0076308821    -0.0024439063
12 C     0.0235602429     0.0213315212     0.0110337170
13 O    -0.0016574252    -0.0036701551    -0.0012773947
14 H     0.0074550295     0.0037103296     0.0004796882
15 H    -0.0009110038     0.0024813581     0.0050198227
16 H     0.0028776856    -0.0047522565     0.0011010339
17 H    -0.0015848454     0.0099288406    -0.0045478724
18 H     0.0037647817    -0.0015699558    -0.0105372335
19 H    -0.0045447501    -0.0030754946    -0.0127350058
20 H     0.0011769913    -0.0011552477     0.0048253514
21 H     0.0001149789    -0.0091992997    -0.0010221965
22 H    -0.0020040061    -0.0011020670    -0.0052549867
23 H    -0.0072008372    -0.0047908152     0.0021488529
24 H    -0.0007772279     0.0009689047     0.0056606798
25 H    -0.0094358091     0.0030673574     0.0004774459
26 H    -0.0048151268     0.0027667340    -0.0085765110
27 H    -0.0020112870     0.0099351925     0.0011008152
----------------------------------------------
[2026-07-07 05:09:06]   [OPT] [REP_00068] eval=004 E=-681.5341156792 Ha max|grad|=3.191e-02 Ha/Bohr SCF=True time=50.7s

WARN: Mole.unit (Angstrom) is changed to Bohr

converged SCF energy = -681.53950247449
--------------- DFTD3 gradients ---------------
         x                y                z
0 C     0.0042729853     0.0014418366     0.0018553304
1 C     0.0005414417    -0.0014696070     0.0040490494
2 O    -0.0038229472     0.0004111385    -0.0090240927
3 C     0.0059640718    -0.0023315972     0.0006711352
4 O     0.0062409875     0.0042949212     0.0013069367
5 C    -0.0000013056    -0.0033918466    -0.0071960457
6 O     0.0031613985    -0.0105197532     0.0107095266
7 C     0.0028364299    -0.0018395195     0.0003072533
8 C    -0.0043368871    -0.0034036049     0.0008547374
9 C    -0.0051939519    -0.0018317318     0.0000947304
10 C    -0.0034944060     0.0010275831     0.0011003014
11 C     0.0018179840     0.0051194266    -0.0007044915
12 C    -0.0019494376     0.0010335041    -0.0012537104
13 O     0.0111334235     0.0056920637     0.0042467744
14 H     0.0069403911     0.0028416996     0.0015648753
15 H     0.0016225206     0.0007467725     0.0003981294
16 H     0.0016358339     0.0005318788     0.0002428863
17 H     0.0000216528     0.0021665925    -0.0024651351
18 H     0.0000030467     0.0006510581    -0.0023873648
19 H    -0.0029975361    -0.0024793221    -0.0052920343
20 H     0.0003034174    -0.0017275086     0.0013716997
21 H    -0.0005753912    -0.0065598815     0.0004319414
22 H    -0.0020057713    -0.0012406747    -0.0016482904
23 H    -0.0060110380    -0.0033578262     0.0004331282
24 H    -0.0018069916     0.0011131610     0.0026339211
25 H    -0.0073197565     0.0019762741     0.0016639508
26 H    -0.0034012996     0.0029203077    -0.0035125304
27 H    -0.0035705563     0.0082479217    -0.0005260829
----------------------------------------------
[2026-07-07 05:09:54]   [OPT] [REP_00068] eval=005 E=-681.5395024745 Ha max|grad|=1.113e-02 Ha/Bohr SCF=True time=47.8s

WARN: Mole.unit (Angstrom) is changed to Bohr

[2026-07-07 05:09:54]   [OPT] [REP_00068] done: success=False nit=3 neval=5 max|grad|=1.113e-02 message=STOP: TOTAL NO. OF ITERATIONS REACHED LIMIT
[2026-07-07 05:09:54]   [WARN] [REP_00068] Optimization did not fully converge; using last geometry
[2026-07-07 05:09:54]   [DFT] [REP_00068] final single-point start
converged SCF energy = -681.539502474488
[2026-07-07 05:10:28]   [DFT] [REP_00068] final SCF done: E=-681.5395024745 Ha converged=True time=33.9s
[2026-07-07 05:10:28]   [DFT] [REP_00068] descriptors: HOMO=-3.4468 eV LUMO=1.2204 eV gap=4.6672 eV opt_status=opt_not_converged: STOP: TOTAL NO. OF ITERATIONS REACHED LIMIT
[2026-07-07 05:10:28] END compound_id=REP_00068
