[2026-07-07 20:29:53] ========================================================================
[2026-07-07 20:29:53] BEGIN compound_id=REP_00190 molecule_index=190/732 method=DFT-b3lyp/sto-3g-D3
[2026-07-07 20:29:53] settings functional=b3lyp basis=sto-3g D3=True geom_max_steps=3 scf_max_cycles=50
[2026-07-07 20:29:53]   [xTB] [REP_00190] start: atoms=26 charge=0 multiplicity=1 opt=tight solvent=gas
[2026-07-07 20:29:57]   [OK] [REP_00190] GFN2-xTB converged; RMSD(MMFF,xTB)=0.0873 A
[2026-07-07 20:29:57]   [DFT] build PySCF molecule: atoms=26 charge=0 spin=0
[2026-07-07 20:29:57]   [DFT] [REP_00190] start
[2026-07-07 20:29:57]   [OPT] [REP_00190] start: atoms=26, basis=sto-3g, D3=True, maxiter=3

WARN: Mole.unit (Angstrom) is changed to Bohr

converged SCF energy = -475.934488963662
--------------- DFTD3 gradients ---------------
         x                y                z
0 C     0.0071442443    -0.0023263638     0.0068872192
1 C     0.0000214644    -0.0114895413     0.0010904037
2 C     0.0059361328    -0.0009300497    -0.0086145342
3 C     0.0062767309     0.0026120724    -0.0079657306
4 C    -0.0061024139     0.0116708970    -0.0019517910
5 C     0.0056553592     0.0029418068     0.0095073642
6 C    -0.0072578108     0.0042526057     0.0052560249
7 C     0.0039047601    -0.0035720063     0.0133046689
8 C     0.0421298699     0.0378457911    -0.0511377518
9 N    -0.0568804942    -0.0540622632     0.0847440048
10 O     0.0255971913     0.0377607166    -0.0865078039
11 H    -0.0030544143    -0.0063745777     0.0074140426
12 H     0.0020932538     0.0084477294     0.0050826947
13 H     0.0090076152    -0.0037618091    -0.0030945715
14 H    -0.0013814745    -0.0067264205    -0.0027506615
15 H     0.0102549903    -0.0046258934    -0.0082855008
16 H     0.0064524870     0.0070972541    -0.0103464076
17 H    -0.0080059237     0.0016654465    -0.0040444123
18 H     0.0008891674     0.0084545541     0.0020172219
19 H     0.0061026371     0.0013502604     0.0046459765
20 H    -0.0078910924    -0.0014500877    -0.0057944564
21 H    -0.0000788899     0.0097084559     0.0019599002
22 H    -0.0019545641    -0.0045775323     0.0090007514
23 H    -0.0009733288    -0.0035435847     0.0067838730
24 H     0.0034438411     0.0053578698    -0.0123882116
25 H    -0.0413177352    -0.0356307849     0.0451379900
----------------------------------------------
[2026-07-07 20:31:02]   [OPT] [REP_00190] eval=001 E=-475.9344889637 Ha max|grad|=8.651e-02 Ha/Bohr SCF=True time=65.2s

WARN: Mole.unit (Angstrom) is changed to Bohr

converged SCF energy = -475.715583765703
--------------- DFTD3 gradients ---------------
         x                y                z
0 C     0.0045879144    -0.0048684661     0.0008041286
1 C     0.0252295183     0.0183236525     0.0073734897
2 C    -0.0019814807    -0.0076019069     0.0041328175
3 C    -0.0063347735     0.0086868687     0.0003883552
4 C     0.0144156160    -0.0179506206     0.0000399718
5 C    -0.0077491176     0.0087023045    -0.0035863728
6 C    -0.0002032843    -0.0028057503     0.0041023510
7 C     0.0130033851     0.0267612093    -0.0608101968
8 C    -0.1253383924    -0.1474624369     0.3136900934
9 N     0.1166331561     0.1167030863    -0.1907254303
10 O    -0.0841477903    -0.0930219336     0.1690427861
11 H     0.0058782857     0.0028463826    -0.0002143368
12 H    -0.0005135090    -0.0071048300    -0.0020888839
13 H    -0.0003626581     0.0007467515     0.0063900708
14 H    -0.0019112308    -0.0119640184    -0.0020895403
15 H     0.0026536755    -0.0008732675    -0.0030518211
16 H     0.0033479081     0.0014508822    -0.0033033879
17 H    -0.0034509612     0.0036727625     0.0009389850
18 H    -0.0013407956     0.0092241446    -0.0000552900
19 H     0.0098422633     0.0073878450     0.0097354973
20 H     0.0056445735     0.0016428023     0.0056696881
21 H    -0.0040300411    -0.0020982763     0.0018375491
22 H    -0.0034224773     0.0051214744    -0.0026095919
23 H    -0.0127280171    -0.0117539213     0.0088382345
24 H     0.0032439668     0.0413742766    -0.1640013347
25 H     0.0490404965     0.0549313008    -0.1004551282
----------------------------------------------
[2026-07-07 20:32:18]   [OPT] [REP_00190] eval=002 E=-475.7155837657 Ha max|grad|=3.137e-01 Ha/Bohr SCF=True time=76.2s

WARN: Mole.unit (Angstrom) is changed to Bohr

converged SCF energy = -475.948856766432
--------------- DFTD3 gradients ---------------
         x                y                z
0 C     0.0067718819    -0.0027304798     0.0057674482
1 C     0.0047837531    -0.0059770571     0.0023041896
2 C     0.0043570155    -0.0022088275    -0.0061343597
3 C     0.0037699903     0.0039146690    -0.0063356617
4 C    -0.0022416281     0.0061404043    -0.0016862349
5 C     0.0035989295     0.0041271116     0.0073399491
6 C    -0.0060160888     0.0030401681     0.0050476768
7 C     0.0046823186     0.0012893864     0.0000079413
8 C    -0.0384908531    -0.0272464028     0.0260309373
9 N     0.0265727825     0.0115565722     0.0144773866
10 O    -0.0236625345    -0.0092020786    -0.0162161550
11 H    -0.0014961303    -0.0047273526     0.0060319044
12 H     0.0015935400     0.0056859425     0.0037792936
13 H     0.0073555418    -0.0029645735    -0.0014128250
14 H    -0.0014735883    -0.0076199232    -0.0026123204
15 H     0.0089663283    -0.0040013840    -0.0074003168
16 H     0.0058787571     0.0060571583    -0.0090431623
17 H    -0.0071966174     0.0020073315    -0.0031493669
18 H     0.0004802329     0.0085667003     0.0016273991
19 H     0.0066844041     0.0024646606     0.0054937951
20 H    -0.0054089101    -0.0009247014    -0.0037540181
21 H    -0.0007775508     0.0076020446     0.0019278366
22 H    -0.0021920402    -0.0028615315     0.0069129736
23 H    -0.0031797320    -0.0049795860     0.0068783510
24 H     0.0031590640     0.0093964254    -0.0299015160
25 H     0.0034561102     0.0036646038    -0.0059919874
----------------------------------------------
[2026-07-07 20:33:22]   [OPT] [REP_00190] eval=003 E=-475.9488567664 Ha max|grad|=3.849e-02 Ha/Bohr SCF=True time=64.3s

WARN: Mole.unit (Angstrom) is changed to Bohr

converged SCF energy = -475.952251247955
--------------- DFTD3 gradients ---------------
         x                y                z
0 C     0.0061100002    -0.0024693982     0.0055023878
1 C     0.0042983126    -0.0046352135     0.0003046596
2 C     0.0038372737    -0.0012288318    -0.0056486523
3 C     0.0034081860     0.0025707275    -0.0054225450
4 C    -0.0010718632     0.0049717242    -0.0014742288
5 C     0.0016283081     0.0037329362     0.0045807627
6 C    -0.0050395487     0.0026414450     0.0045583159
7 C     0.0015581603    -0.0007241310     0.0018815094
8 C    -0.0159242171    -0.0098229857     0.0066120065
9 N     0.0012780071     0.0000564324     0.0040395460
10 O    -0.0139083718    -0.0078157275    -0.0005819039
11 H    -0.0005157689    -0.0037366579     0.0051711596
12 H     0.0014229242     0.0038622535     0.0030486181
13 H     0.0064449373    -0.0025266756    -0.0004676637
14 H    -0.0010501571    -0.0067310718    -0.0018989648
15 H     0.0077517647    -0.0033669076    -0.0065561339
16 H     0.0053084085     0.0052906596    -0.0080389602
17 H    -0.0059963623     0.0020684320    -0.0021849601
18 H     0.0000320092     0.0076848133     0.0011035966
19 H     0.0064039423     0.0025971246     0.0054330905
20 H    -0.0039413910    -0.0004910706    -0.0024242417
21 H    -0.0012833835     0.0061019137     0.0019193506
22 H    -0.0023502417    -0.0019051057     0.0057723825
23 H    -0.0018649584    -0.0035019207     0.0050576332
24 H    -0.0000596522     0.0033892159    -0.0128856864
25 H     0.0034919355     0.0040598088    -0.0074086742
----------------------------------------------
[2026-07-07 20:34:30]   [OPT] [REP_00190] eval=004 E=-475.9522512480 Ha max|grad|=1.592e-02 Ha/Bohr SCF=True time=67.7s

WARN: Mole.unit (Angstrom) is changed to Bohr

converged SCF energy = -475.95453831934
--------------- DFTD3 gradients ---------------
         x                y                z
0 C     0.0044209794    -0.0019308955     0.0035327847
1 C     0.0031888806    -0.0026128208    -0.0012095368
2 C     0.0034538041    -0.0005397079    -0.0046960350
3 C     0.0028009752     0.0015502843    -0.0044346368
4 C     0.0001979126     0.0033869578    -0.0014772029
5 C     0.0005980113     0.0025546680     0.0024177619
6 C    -0.0030586076     0.0021143801     0.0032477053
7 C    -0.0019081797    -0.0021095440     0.0014024866
8 C     0.0005177683     0.0019597359    -0.0046755768
9 N    -0.0125270353    -0.0051370948    -0.0058181160
10 O    -0.0012415324    -0.0023848654     0.0062508805
11 H     0.0011388363    -0.0021244660     0.0037561653
12 H     0.0012570736     0.0009015105     0.0019743893
13 H     0.0048639651    -0.0017494646     0.0013963983
14 H    -0.0000879010    -0.0046830775    -0.0005768190
15 H     0.0052050099    -0.0019716882    -0.0048343604
16 H     0.0039342682     0.0034404973    -0.0056211005
17 H    -0.0032369212     0.0021160793    -0.0003109851
18 H    -0.0007490974     0.0055344005     0.0000488628
19 H     0.0041047019     0.0025595298     0.0038817861
20 H    -0.0015781369     0.0002418384    -0.0000935662
21 H    -0.0022195710     0.0034303794     0.0019604872
22 H    -0.0025513834    -0.0002467246     0.0037786970
23 H    -0.0005382120    -0.0018577067     0.0026878582
24 H    -0.0032907960    -0.0019400326     0.0013478010
25 H    -0.0027333673    -0.0004286518    -0.0039408443
----------------------------------------------
[2026-07-07 20:35:40]   [OPT] [REP_00190] eval=005 E=-475.9545383193 Ha max|grad|=1.253e-02 Ha/Bohr SCF=True time=70.3s

WARN: Mole.unit (Angstrom) is changed to Bohr

[2026-07-07 20:35:41]   [OPT] [REP_00190] done: success=False nit=3 neval=5 max|grad|=1.253e-02 message=STOP: TOTAL NO. OF ITERATIONS REACHED LIMIT
[2026-07-07 20:35:41]   [WARN] [REP_00190] Optimization did not fully converge; using last geometry
[2026-07-07 20:35:41]   [DFT] [REP_00190] final single-point start
converged SCF energy = -475.95453831934
[2026-07-07 20:36:28]   [DFT] [REP_00190] final SCF done: E=-475.9545383193 Ha converged=True time=47.5s
[2026-07-07 20:36:28]   [DFT] [REP_00190] descriptors: HOMO=-4.0593 eV LUMO=2.6477 eV gap=6.7070 eV opt_status=opt_not_converged: STOP: TOTAL NO. OF ITERATIONS REACHED LIMIT
[2026-07-07 20:36:28] END compound_id=REP_00190
