[2026-07-07 21:30:17] ========================================================================
[2026-07-07 21:30:17] BEGIN compound_id=REP_00198 molecule_index=198/732 method=DFT-b3lyp/sto-3g-D3
[2026-07-07 21:30:17] settings functional=b3lyp basis=sto-3g D3=True geom_max_steps=3 scf_max_cycles=50
[2026-07-07 21:30:17]   [xTB] [REP_00198] start: atoms=30 charge=0 multiplicity=1 opt=tight solvent=gas
[2026-07-07 21:30:20]   [OK] [REP_00198] GFN2-xTB converged; RMSD(MMFF,xTB)=0.0717 A
[2026-07-07 21:30:20]   [DFT] build PySCF molecule: atoms=30 charge=0 spin=0
[2026-07-07 21:30:20]   [DFT] [REP_00198] start
[2026-07-07 21:30:20]   [OPT] [REP_00198] start: atoms=30, basis=sto-3g, D3=True, maxiter=3

WARN: Mole.unit (Angstrom) is changed to Bohr

converged SCF energy = -609.596085088628
--------------- DFTD3 gradients ---------------
         x                y                z
0 C     0.0048872797    -0.0053421889    -0.0031161861
1 C     0.0018171917    -0.0034513615    -0.0013974486
2 C     0.0024756667     0.0034534278     0.0116449372
3 C     0.0027478147     0.0150571381    -0.0287700655
4 O    -0.0011607446    -0.0378032623     0.0633965885
5 C    -0.0006198921     0.0195723575    -0.0309028194
6 C     0.0064355186    -0.0194436578     0.0295323686
7 O     0.0019276098     0.0343756445    -0.0536321841
8 C    -0.0006153252    -0.0072760028     0.0114579073
9 C    -0.0035800643     0.0092959358    -0.0137149102
10 C    -0.0061911671     0.0051681573    -0.0069006508
11 C    -0.0134636367    -0.0017412284     0.0049550889
12 C     0.0001132532    -0.0058876058     0.0090233059
13 C     0.0046708121    -0.0105013331     0.0153689966
14 H     0.0123195088    -0.0062265028     0.0083508802
15 H    -0.0019096815    -0.0048384933    -0.0150911566
16 H     0.0020509190     0.0107035983     0.0018120563
17 H    -0.0097775367    -0.0007128116     0.0069903337
18 H     0.0070854406    -0.0044877567     0.0063306725
19 H     0.0041632740    -0.0023939870    -0.0129378413
20 H     0.0049827290     0.0120417021    -0.0045049610
21 H    -0.0046875026    -0.0011564648    -0.0135308876
22 H    -0.0029675809     0.0132415282    -0.0045039084
23 H     0.0024883898     0.0012862763     0.0133751165
24 H     0.0006857919    -0.0129899225     0.0043839195
25 H     0.0029149789     0.0078732486    -0.0126241435
26 H    -0.0108204651     0.0063272295    -0.0079391752
27 H    -0.0133740942    -0.0013587663     0.0043447663
28 H    -0.0030021057    -0.0076159498     0.0122637935
29 H     0.0103535591    -0.0052060895     0.0063096837
----------------------------------------------
[2026-07-07 21:31:16]   [OPT] [REP_00198] eval=001 E=-609.5960850886 Ha max|grad|=6.340e-02 Ha/Bohr SCF=True time=55.5s

WARN: Mole.unit (Angstrom) is changed to Bohr

converged SCF energy = -609.471195030683
--------------- DFTD3 gradients ---------------
         x                y                z
0 C     0.0123504774    -0.0137155553    -0.0022050324
1 C     0.0031965130     0.0233541591    -0.0232966879
2 C    -0.0138970122    -0.0006547900    -0.0152429375
3 C     0.0044200933    -0.0635979018     0.1336962028
4 O     0.0125954885     0.0858450428    -0.1476062848
5 C    -0.0066341957    -0.1014562646     0.1634364976
6 C    -0.0023253007     0.1006177113    -0.1581621732
7 O    -0.0025360648    -0.0808948116     0.1261207694
8 C     0.0028043228     0.0632406850    -0.0982146259
9 C    -0.0020392577    -0.0417382744     0.0647153197
10 C    -0.0090501445    -0.0053937004     0.0098215968
11 C     0.0548267933     0.0023885485    -0.0128515214
12 C    -0.0438461733     0.0064362955    -0.0025237574
13 C     0.0022670957     0.0176487901    -0.0275526433
14 H    -0.0162166581     0.0020905926    -0.0145774745
15 H     0.0071893571     0.0049454230     0.0198596810
16 H    -0.0013192030    -0.0112741537     0.0058253993
17 H     0.0173281744     0.0043546459    -0.0019728990
18 H    -0.0040610903     0.0053469986     0.0024885774
19 H    -0.0087853972    -0.0050784982    -0.0259178926
20 H    -0.0078106420     0.0142949833    -0.0067501864
21 H     0.0028938415    -0.0071248009    -0.0238422330
22 H     0.0063986708     0.0244064751    -0.0045455696
23 H    -0.0015135175     0.0071297800     0.0244980368
24 H    -0.0053571483    -0.0244477607     0.0042803097
25 H     0.0044460908     0.0072789549    -0.0119678026
26 H    -0.0030408287     0.0001655505     0.0002450545
27 H    -0.0140547285    -0.0017424876     0.0050479257
28 H    -0.0013850301    -0.0009358743     0.0016822301
29 H     0.0130959284    -0.0114791657     0.0155035613
----------------------------------------------
[2026-07-07 21:32:18]   [OPT] [REP_00198] eval=002 E=-609.4711950307 Ha max|grad|=1.634e-01 Ha/Bohr SCF=True time=61.9s

WARN: Mole.unit (Angstrom) is changed to Bohr

converged SCF energy = -609.611268041674
--------------- DFTD3 gradients ---------------
         x                y                z
0 C     0.0070593533    -0.0076727771    -0.0029420831
1 C     0.0019043934     0.0033725200    -0.0072245007
2 C    -0.0018063095     0.0024111618     0.0048913980
3 C    -0.0013866276    -0.0061602828     0.0148950350
4 O     0.0000035389    -0.0001933829     0.0000377312
5 C     0.0024503422    -0.0160851869     0.0255299956
6 C    -0.0017773285     0.0153763336    -0.0238107403
7 O     0.0078472314     0.0022075152    -0.0047308266
8 C     0.0000463985     0.0097779248    -0.0149826090
9 C    -0.0013825625    -0.0036865874     0.0059283793
10 C    -0.0068556118     0.0020805506    -0.0020413886
11 C     0.0033751723    -0.0006811912     0.0005016996
12 C    -0.0109640502    -0.0024607253     0.0056135580
13 C     0.0052239260    -0.0035390210     0.0045612985
14 H     0.0051636548    -0.0040939096     0.0027723702
15 H     0.0002394242    -0.0022753682    -0.0064569455
16 H     0.0012293148     0.0055533919     0.0026462401
17 H    -0.0033544121     0.0004373896     0.0047353984
18 H     0.0045071090    -0.0022674867     0.0054059300
19 H     0.0001204416    -0.0025194758    -0.0151253363
20 H     0.0009397951     0.0121628432    -0.0048983650
21 H    -0.0018371244    -0.0024639059    -0.0149761674
22 H     0.0001432842     0.0147513481    -0.0043275798
23 H     0.0010276096     0.0025820923     0.0154016082
24 H    -0.0011776896    -0.0150496030     0.0042102490
25 H     0.0034292767     0.0076720778    -0.0124012102
26 H    -0.0089835766     0.0048762647    -0.0060125751
27 H    -0.0134865735    -0.0014447148     0.0044958282
28 H    -0.0026219049    -0.0060594600     0.0097975687
29 H     0.0109065306    -0.0066827693     0.0084910404
----------------------------------------------
[2026-07-07 21:33:12]   [OPT] [REP_00198] eval=003 E=-609.6112680417 Ha max|grad|=2.553e-02 Ha/Bohr SCF=True time=54.4s

WARN: Mole.unit (Angstrom) is changed to Bohr

converged SCF energy = -609.61566054632
--------------- DFTD3 gradients ---------------
         x                y                z
0 C     0.0009711571    -0.0014077475    -0.0013192747
1 C     0.0093512071    -0.0019473402    -0.0016531018
2 C     0.0006456831     0.0004295105     0.0009871109
3 C    -0.0024569708    -0.0029560856     0.0030098854
4 O     0.0024595617     0.0035610997    -0.0065355227
5 C     0.0058079258    -0.0035480386     0.0046537759
6 C    -0.0056100419     0.0024144075    -0.0027180278
7 O     0.0022864337    -0.0001287556    -0.0001822238
8 C     0.0048487136     0.0004120609    -0.0013920765
9 C    -0.0024614693     0.0054038474    -0.0078822968
10 C    -0.0061097024     0.0003429866     0.0005067204
11 C    -0.0091585982     0.0010549002    -0.0000752078
12 C     0.0036294306    -0.0033218784     0.0045025299
13 C    -0.0005054505     0.0027313440    -0.0041314372
14 H     0.0034281870    -0.0035191685     0.0008834653
15 H     0.0015662120    -0.0020086889    -0.0029844187
16 H     0.0004570133     0.0022933505     0.0031592552
17 H    -0.0009921413     0.0008156535     0.0035161036
18 H     0.0009146366     0.0003497583     0.0033433969
19 H    -0.0009359218     0.0019541188    -0.0030299276
20 H    -0.0016156105     0.0026698529    -0.0028797736
21 H     0.0008440243     0.0018259781     0.0001767382
22 H     0.0004958538    -0.0008329981    -0.0017517979
23 H    -0.0012100148    -0.0018588035     0.0005639435
24 H    -0.0010713325     0.0005675222     0.0019637506
25 H     0.0001414239     0.0011910314    -0.0018626326
26 H    -0.0062050119     0.0031121582    -0.0037627625
27 H    -0.0041056504    -0.0004466670     0.0013899833
28 H    -0.0031384446    -0.0042767874     0.0071342755
29 H     0.0077175706    -0.0049497481     0.0063546505
----------------------------------------------
[2026-07-07 21:34:12]   [OPT] [REP_00198] eval=004 E=-609.6156605463 Ha max|grad|=9.351e-03 Ha/Bohr SCF=True time=59.8s

WARN: Mole.unit (Angstrom) is changed to Bohr

converged SCF energy = -609.616787691558
--------------- DFTD3 gradients ---------------
         x                y                z
0 C     0.0062888922    -0.0055010992    -0.0025673986
1 C     0.0015640796     0.0034835147     0.0024899288
2 C     0.0017233348    -0.0003518841     0.0002479294
3 C     0.0031873418     0.0006501989    -0.0027769562
4 O     0.0028859444     0.0020462550    -0.0043755484
5 C     0.0006831223     0.0015956171    -0.0025995915
6 C     0.0003551828    -0.0017201405     0.0027598686
7 O     0.0002464646    -0.0009355008     0.0014219665
8 C    -0.0038998899     0.0045072666    -0.0062520664
9 C    -0.0014285516    -0.0012082480     0.0021344459
10 C    -0.0031461489     0.0018158164    -0.0022601257
11 C     0.0018064306    -0.0022805020     0.0032219981
12 C    -0.0041153501     0.0010846000    -0.0009835917
13 C     0.0064017143    -0.0025936257     0.0029327986
14 H     0.0008123064    -0.0023294895    -0.0015349502
15 H     0.0019441665    -0.0014819525    -0.0005463745
16 H     0.0000578340     0.0000569769     0.0029941888
17 H     0.0012142318     0.0008314197     0.0015946208
18 H    -0.0005979971     0.0016076177     0.0026054977
19 H    -0.0012907123     0.0029948817     0.0013118400
20 H    -0.0024002175    -0.0027446549    -0.0016631729
21 H     0.0019285184     0.0024689961     0.0044647031
22 H     0.0010315795    -0.0051639175    -0.0005256220
23 H    -0.0023575423    -0.0024904200    -0.0034334395
24 H    -0.0016532721     0.0046026558     0.0009105660
25 H    -0.0002067639     0.0022932560    -0.0035014970
26 H    -0.0040703746     0.0015107311    -0.0016547541
27 H    -0.0049435106    -0.0004713117     0.0015690138
28 H    -0.0016012146    -0.0024263383     0.0040241764
29 H    -0.0004262710     0.0000707741    -0.0000230627
----------------------------------------------
[2026-07-07 21:35:06]   [OPT] [REP_00198] eval=005 E=-609.6167876916 Ha max|grad|=6.402e-03 Ha/Bohr SCF=True time=54.4s

WARN: Mole.unit (Angstrom) is changed to Bohr

[2026-07-07 21:35:06]   [OPT] [REP_00198] done: success=False nit=3 neval=5 max|grad|=6.402e-03 message=STOP: TOTAL NO. OF ITERATIONS REACHED LIMIT
[2026-07-07 21:35:06]   [WARN] [REP_00198] Optimization did not fully converge; using last geometry
[2026-07-07 21:35:06]   [DFT] [REP_00198] final single-point start
converged SCF energy = -609.616787691557
[2026-07-07 21:35:53]   [DFT] [REP_00198] final SCF done: E=-609.6167876916 Ha converged=True time=46.7s
[2026-07-07 21:35:53]   [DFT] [REP_00198] descriptors: HOMO=-3.7451 eV LUMO=2.6133 eV gap=6.3583 eV opt_status=opt_not_converged: STOP: TOTAL NO. OF ITERATIONS REACHED LIMIT
[2026-07-07 21:35:53] END compound_id=REP_00198
