[2026-07-08 15:44:37] ========================================================================
[2026-07-08 15:44:37] BEGIN compound_id=REP_00361 molecule_index=361/732 method=DFT-b3lyp/sto-3g-D3
[2026-07-08 15:44:37] settings functional=b3lyp basis=sto-3g D3=True geom_max_steps=3 scf_max_cycles=50
[2026-07-08 15:44:37]   [xTB] [REP_00361] start: atoms=28 charge=0 multiplicity=1 opt=tight solvent=gas
[2026-07-08 15:44:38]   [OK] [REP_00361] GFN2-xTB converged; RMSD(MMFF,xTB)=0.0837 A
[2026-07-08 15:44:38]   [DFT] build PySCF molecule: atoms=28 charge=0 spin=0
[2026-07-08 15:44:38]   [DFT] [REP_00361] start
[2026-07-08 15:44:38]   [OPT] [REP_00361] start: atoms=28, basis=sto-3g, D3=True, maxiter=3

WARN: Mole.unit (Angstrom) is changed to Bohr

converged SCF energy = -387.280408645378
--------------- DFTD3 gradients ---------------
         x                y                z
0 C    -0.0061011085     0.0064145234    -0.0029972913
1 C    -0.0013388941    -0.0032495397    -0.0109355989
2 C    -0.0120120193    -0.0066311038     0.0002529153
3 C    -0.0026019032    -0.0124404750     0.0065211017
4 C     0.0096635671    -0.0087774341     0.0188694142
5 C    -0.0047294937     0.0157813647     0.0142651933
6 C     0.0025382714     0.0174564466    -0.0135596402
7 C     0.0058089120    -0.0065279048    -0.0070134821
8 C     0.0001856526    -0.0077718071    -0.0065710639
9 C     0.0097850185     0.0049320106     0.0015184119
10 H    -0.0018905136     0.0053037824     0.0080986508
11 H     0.0027067230     0.0063074340    -0.0072031895
12 H    -0.0091432859    -0.0031832086    -0.0025450246
13 H     0.0015948790    -0.0044997198    -0.0060331728
14 H    -0.0051513572     0.0033358042     0.0046006622
15 H    -0.0049852463    -0.0055458512    -0.0036804837
16 H    -0.0031692515    -0.0016549865     0.0071686724
17 H     0.0017643848    -0.0079684299    -0.0026701812
18 H     0.0059706039    -0.0025647700     0.0071526379
19 H     0.0075183193     0.0057055773     0.0026547379
20 H    -0.0092520113     0.0026017415     0.0042070921
21 H     0.0026106018     0.0076264523    -0.0052516750
22 H     0.0028803749     0.0020533534    -0.0086550869
23 H     0.0059800107    -0.0068040339     0.0021248193
24 H    -0.0090507413    -0.0046548753    -0.0012781702
25 H     0.0004640101     0.0080518606     0.0064742371
26 H     0.0035064460     0.0029266358    -0.0083282566
27 H     0.0065071341    -0.0062948386     0.0028274101
----------------------------------------------
[2026-07-08 15:45:53]   [OPT] [REP_00361] eval=001 E=-387.2804086454 Ha max|grad|=1.887e-02 Ha/Bohr SCF=True time=74.6s

WARN: Mole.unit (Angstrom) is changed to Bohr

converged SCF energy = -387.156902287837
--------------- DFTD3 gradients ---------------
         x                y                z
0 C    -0.0001677124    -0.0177821315    -0.0057191998
1 C    -0.0136935734     0.0554284418     0.0650784204
2 C     0.0744504664     0.0398412846     0.0118727478
3 C     0.0142453774     0.0494280991    -0.0081011075
4 C    -0.1407652696     0.0946854311    -0.1924788877
5 C     0.0582458165    -0.0953054168    -0.0938171812
6 C    -0.0413039666    -0.1975746910     0.1558205527
7 C    -0.0198761259     0.0808135246     0.0765860728
8 C     0.0083767970    -0.0064659595    -0.0066453457
9 C    -0.0076742999    -0.0300050863    -0.0219925465
10 H     0.0028319402    -0.0187406099    -0.0348570453
11 H    -0.0196649127    -0.0088735155     0.0196570834
12 H     0.0192564350     0.0249185592     0.0046907220
13 H    -0.0009760547    -0.0126529063    -0.0271151025
14 H     0.0011692524    -0.0135730543    -0.0124555440
15 H    -0.0198810876    -0.0159345355    -0.0056985202
16 H    -0.0070148202    -0.0190175433     0.0056506034
17 H    -0.0054550632    -0.0097200410     0.0087119655
18 H     0.0780877782    -0.0335054687     0.0909259520
19 H    -0.0030307239     0.0201836103     0.0176710917
20 H    -0.0155548842     0.0147478485     0.0158098182
21 H     0.0334748306     0.0949923069    -0.0658030405
22 H    -0.0094089712    -0.0217902273     0.0179711972
23 H    -0.0206782556     0.0096213095    -0.0199307381
24 H     0.0304196677     0.0072276356    -0.0028596564
25 H     0.0045518220    -0.0195182478    -0.0171832421
26 H     0.0053095316    -0.0026492394     0.0326812496
27 H    -0.0051836589     0.0312017053    -0.0085275961
----------------------------------------------
[2026-07-08 15:47:04]   [OPT] [REP_00361] eval=002 E=-387.1569022878 Ha max|grad|=1.976e-01 Ha/Bohr SCF=True time=71.5s

WARN: Mole.unit (Angstrom) is changed to Bohr

converged SCF energy = -387.285138802696
--------------- DFTD3 gradients ---------------
         x                y                z
0 C    -0.0054801520     0.0027972049    -0.0032787348
1 C    -0.0032407677     0.0055456032     0.0020913149
2 C     0.0038553045     0.0012430752     0.0015972476
3 C     0.0003879880    -0.0007222332     0.0033671841
4 C    -0.0129627482     0.0129424127    -0.0168079888
5 C     0.0072950389    -0.0096518544    -0.0098661258
6 C    -0.0014672693    -0.0167365830     0.0183726582
7 C    -0.0017111732     0.0097990439     0.0097731869
8 C     0.0015337686    -0.0080855689    -0.0070296479
9 C     0.0072403723    -0.0006758018    -0.0023198961
10 H    -0.0008441784     0.0009138315     0.0008789499
11 H    -0.0008532458     0.0036483961    -0.0026898034
12 H    -0.0041927228     0.0013690822    -0.0012575456
13 H     0.0009473218    -0.0055561241    -0.0091075268
14 H    -0.0041752036     0.0009509996     0.0020828774
15 H    -0.0073749146    -0.0070983997    -0.0038399412
16 H    -0.0039066141    -0.0045434874     0.0070906035
17 H     0.0006283563    -0.0085046297    -0.0009305206
18 H     0.0141382868    -0.0063921270     0.0172239815
19 H     0.0062352422     0.0087439139     0.0055487463
20 H    -0.0106119924     0.0049406798     0.0064688221
21 H     0.0060082784     0.0178965128    -0.0125350783
22 H     0.0008419685    -0.0017226526    -0.0040365239
23 H     0.0015316018    -0.0038381647    -0.0013879510
24 H    -0.0025239239    -0.0024939749    -0.0013833949
25 H     0.0009088389     0.0035337785     0.0026537167
26 H     0.0035665969     0.0018154696    -0.0015241957
27 H     0.0043145554    -0.0001826830     0.0008397815
----------------------------------------------
[2026-07-08 15:48:12]   [OPT] [REP_00361] eval=003 E=-387.2851388027 Ha max|grad|=1.837e-02 Ha/Bohr SCF=True time=68.0s

WARN: Mole.unit (Angstrom) is changed to Bohr

converged SCF energy = -387.288048323787
--------------- DFTD3 gradients ---------------
         x                y                z
0 C    -0.0027009831     0.0020973966    -0.0016714339
1 C    -0.0025850052     0.0019479475     0.0022140895
2 C     0.0018652164    -0.0000450845    -0.0000533756
3 C    -0.0002450878     0.0012785274    -0.0000998851
4 C    -0.0006126676     0.0038107913    -0.0017623905
5 C     0.0000237035    -0.0039284985    -0.0030562336
6 C     0.0015923306    -0.0013556219     0.0046217372
7 C     0.0003710368     0.0033606377     0.0040015812
8 C     0.0008294411    -0.0007533333    -0.0006726041
9 C     0.0025905639     0.0003336668    -0.0001059362
10 H    -0.0008053544    -0.0011511341    -0.0034115602
11 H    -0.0030348388     0.0019686458    -0.0001015059
12 H    -0.0022277414     0.0032658560    -0.0008900583
13 H    -0.0002984102    -0.0018975746    -0.0037663467
14 H    -0.0018656592    -0.0014245636    -0.0002652446
15 H    -0.0047429305    -0.0026279558    -0.0005853497
16 H    -0.0024993556    -0.0048928348     0.0046219102
17 H    -0.0004692380    -0.0045427536     0.0014447466
18 H     0.0027873786    -0.0008593813     0.0037516093
19 H     0.0008203484     0.0039898787     0.0032186903
20 H     0.0002438613     0.0032213621     0.0019527509
21 H     0.0013000638     0.0035874238    -0.0023517148
22 H    -0.0000432381    -0.0035671101    -0.0020844407
23 H    -0.0003639289    -0.0027756955    -0.0031054409
24 H     0.0010417656    -0.0016827505    -0.0017332165
25 H     0.0021325794    -0.0007444693    -0.0011696864
26 H     0.0035416606     0.0011449988     0.0011692460
27 H     0.0034448445     0.0021709956    -0.0001150156
----------------------------------------------
[2026-07-08 15:49:23]   [OPT] [REP_00361] eval=004 E=-387.2880483238 Ha max|grad|=4.893e-03 Ha/Bohr SCF=True time=70.5s

WARN: Mole.unit (Angstrom) is changed to Bohr

converged SCF energy = -387.288703807703
--------------- DFTD3 gradients ---------------
         x                y                z
0 C    -0.0009364154    -0.0006184856    -0.0015281469
1 C     0.0002739037     0.0003112946    -0.0015754476
2 C    -0.0013033523    -0.0009214851    -0.0007545016
3 C     0.0002901846    -0.0011837555     0.0020815003
4 C    -0.0000172363     0.0002345628     0.0005590155
5 C     0.0026936297     0.0019748771     0.0011881546
6 C    -0.0005043015     0.0001559954     0.0004958498
7 C     0.0017489793     0.0006989602     0.0007532178
8 C     0.0003239246     0.0012708974     0.0011201647
9 C     0.0009070655    -0.0005788770    -0.0003981594
10 H    -0.0012580792    -0.0003238963    -0.0029159469
11 H    -0.0033270618     0.0017640617     0.0001355005
12 H    -0.0017626389     0.0037121084    -0.0008695265
13 H    -0.0013158159     0.0010093993     0.0008900917
14 H    -0.0005278578    -0.0024244948    -0.0012270364
15 H    -0.0023491266     0.0002728201     0.0013086165
16 H    -0.0006331457    -0.0039876693     0.0003225016
17 H    -0.0012650697    -0.0008187439     0.0026465019
18 H    -0.0000756898     0.0007722465     0.0005359621
19 H    -0.0033382948     0.0000312560     0.0011709880
20 H     0.0024121877     0.0023153929     0.0006328433
21 H     0.0001773013    -0.0000079726     0.0006233748
22 H    -0.0004068010    -0.0037760652    -0.0007552086
23 H    -0.0010620449    -0.0019160336    -0.0033651406
24 H     0.0025173667    -0.0008887685    -0.0014714245
25 H     0.0025895652    -0.0008002874    -0.0012914953
26 H     0.0032404370     0.0008454213     0.0020395694
27 H     0.0029978032     0.0028054747    -0.0003526116
----------------------------------------------
[2026-07-08 15:50:28]   [OPT] [REP_00361] eval=005 E=-387.2887038077 Ha max|grad|=3.988e-03 Ha/Bohr SCF=True time=65.0s

WARN: Mole.unit (Angstrom) is changed to Bohr

[2026-07-08 15:50:28]   [OPT] [REP_00361] done: success=False nit=3 neval=5 max|grad|=3.988e-03 message=STOP: TOTAL NO. OF ITERATIONS REACHED LIMIT
[2026-07-08 15:50:28]   [WARN] [REP_00361] Optimization did not fully converge; using last geometry
[2026-07-08 15:50:28]   [DFT] [REP_00361] final single-point start
converged SCF energy = -387.288703807705
[2026-07-08 15:51:20]   [DFT] [REP_00361] final SCF done: E=-387.2887038077 Ha converged=True time=51.7s
[2026-07-08 15:51:20]   [DFT] [REP_00361] descriptors: HOMO=-5.9708 eV LUMO=8.4584 eV gap=14.4292 eV opt_status=opt_not_converged: STOP: TOTAL NO. OF ITERATIONS REACHED LIMIT
[2026-07-08 15:51:20] END compound_id=REP_00361
