[2026-07-06 23:01:27] ========================================================================
[2026-07-06 23:01:27] BEGIN compound_id=REP_00036 molecule_index=36/732 method=DFT-b3lyp/sto-3g-D3
[2026-07-06 23:01:27] settings functional=b3lyp basis=sto-3g D3=True geom_max_steps=3 scf_max_cycles=50
[2026-07-06 23:01:27]   [xTB] [REP_00036] start: atoms=39 charge=0 multiplicity=1 opt=tight solvent=gas
[2026-07-06 23:01:30]   [OK] [REP_00036] GFN2-xTB converged; RMSD(MMFF,xTB)=0.1616 A
[2026-07-06 23:01:30]   [DFT] build PySCF molecule: atoms=39 charge=0 spin=0
[2026-07-06 23:01:30]   [DFT] [REP_00036] start
[2026-07-06 23:01:30]   [OPT] [REP_00036] start: atoms=39, basis=sto-3g, D3=True, maxiter=3

WARN: Mole.unit (Angstrom) is changed to Bohr

converged SCF energy = -742.124325413203
--------------- DFTD3 gradients ---------------
         x                y                z
0 C    -0.0015044156    -0.0076633520     0.0001866821
1 C    -0.0099222813     0.0023228923     0.0032546917
2 C     0.0067965409    -0.0018087349    -0.0182604475
3 C     0.0014173372     0.0124654919    -0.0018234558
4 O    -0.0599144337    -0.0031511285     0.0678211580
5 C    -0.0041182032     0.0061308761    -0.0235078142
6 O     0.0393348514     0.0154230381    -0.0903595808
7 N     0.0195920259    -0.0185576677     0.0454773611
8 C    -0.0080031356     0.0091782073     0.0177277327
9 C    -0.0067569523    -0.0075706766     0.0099745947
10 C     0.0070890916    -0.0034803104     0.0086524174
11 C     0.0079695810    -0.0114970324    -0.0034436475
12 C     0.0123377962    -0.0039637440    -0.0104996091
13 C     0.0109023602     0.0008489387     0.0137742150
14 C     0.0087283737    -0.0106535827    -0.0080864493
15 O    -0.0031479118     0.0786528734     0.0011409806
16 H     0.0068322322    -0.0046816033     0.0065160411
17 H    -0.0093813082    -0.0035005235     0.0026667123
18 H     0.0017023175    -0.0044960874    -0.0088535687
19 H    -0.0033999523     0.0045974611     0.0076995005
20 H    -0.0065976773     0.0048530271    -0.0052760697
21 H     0.0026630751    -0.0039277545    -0.0130012618
22 H    -0.0027908698     0.0053327128     0.0077020853
23 H     0.0095262767     0.0031422313    -0.0024956677
24 H    -0.0063850111     0.0046630305    -0.0077519968
25 H     0.0022628844     0.0078759126     0.0069843517
26 H    -0.0120283741     0.0029375267    -0.0026680373
27 H    -0.0047194955    -0.0065823096    -0.0028693318
28 H    -0.0030089590    -0.0000237731     0.0090678051
29 H     0.0047271323     0.0062493747     0.0045472532
30 H     0.0029289367    -0.0070728259     0.0047146134
31 H    -0.0031348993    -0.0066923641    -0.0038365796
32 H     0.0090609284    -0.0015288257    -0.0012589828
33 H    -0.0017684506    -0.0006190828    -0.0098794328
34 H    -0.0033901088     0.0037482766     0.0074681480
35 H     0.0069551564    -0.0033192214     0.0061454600
36 H     0.0104986140     0.0071084304     0.0043189838
37 H     0.0120211360    -0.0102921316    -0.0043617255
38 H    -0.0333276272    -0.0544282882    -0.0176796828
----------------------------------------------
[2026-07-06 23:03:05]   [OPT] [REP_00036] eval=001 E=-742.1243254132 Ha max|grad|=9.036e-02 Ha/Bohr SCF=True time=95.0s

WARN: Mole.unit (Angstrom) is changed to Bohr

converged SCF energy = -742.030919811855
--------------- DFTD3 gradients ---------------
         x                y                z
0 C    -0.0037679855    -0.0022224493     0.0017879898
1 C     0.0045350412     0.0029053142    -0.0286993768
2 C    -0.0547626704     0.0159877337     0.0685642380
3 C     0.0055328063    -0.0087700373    -0.0075352906
4 O     0.0887143975    -0.0032292728    -0.0930166239
5 C     0.0358320379    -0.0101511497     0.0118524499
6 O    -0.0509931890     0.0007863900     0.1372658421
7 N    -0.0584405100     0.0324086934    -0.1860438195
8 C    -0.0002716099    -0.0166750512     0.0417310635
9 C     0.0068307711     0.0057313738     0.0078442233
10 C    -0.0093290928     0.0047803105    -0.0103595096
11 C     0.0064422684     0.0020782511     0.0031924855
12 C     0.0151080569    -0.0095884878     0.0541880121
13 C    -0.0137624102     0.0050209168    -0.0312843615
14 C    -0.0067243353     0.0900434572     0.0180572295
15 O    -0.0282192437    -0.1332578797    -0.0239755349
16 H    -0.0055318105     0.0014283461    -0.0052567915
17 H     0.0053758043    -0.0040930324    -0.0016147759
18 H    -0.0020598724     0.0004520442     0.0069704553
19 H     0.0002162291     0.0026444756    -0.0008886473
20 H    -0.0070260664    -0.0015433166     0.0044467202
21 H     0.0124976087    -0.0122027816    -0.0112638328
22 H     0.0012378496    -0.0011835755    -0.0046533097
23 H    -0.0030083471     0.0067053982    -0.0000492191
24 H     0.0038236563     0.0044052192     0.0029501404
25 H    -0.0024131711     0.0109785407     0.0174154612
26 H    -0.0013215288     0.0046739601    -0.0006601520
27 H    -0.0022673200     0.0010526173     0.0028395909
28 H    -0.0040634551    -0.0072743712     0.0132210466
29 H     0.0010333595    -0.0036408882     0.0013705329
30 H     0.0048616364    -0.0049186255     0.0067708182
31 H     0.0025179201    -0.0056591944    -0.0011442183
32 H     0.0097238728    -0.0089567330    -0.0006911125
33 H    -0.0052086754     0.0018639382    -0.0126191618
34 H     0.0040234127    -0.0029537109     0.0012576175
35 H     0.0170845950    -0.0041354397     0.0132775525
36 H     0.0012518388    -0.0252171319    -0.0062444991
37 H     0.0007596752    -0.0057650503    -0.0094969197
38 H     0.0318614118     0.0775642363     0.0204880613
----------------------------------------------
[2026-07-06 23:04:59]   [OPT] [REP_00036] eval=002 E=-742.0309198119 Ha max|grad|=1.860e-01 Ha/Bohr SCF=True time=114.3s

WARN: Mole.unit (Angstrom) is changed to Bohr

converged SCF energy = -742.14973176236
--------------- DFTD3 gradients ---------------
         x                y                z
0 C    -0.0020731916    -0.0061580778     0.0006694385
1 C    -0.0051187526     0.0029074384    -0.0061763669
2 C    -0.0126276041     0.0035565428     0.0053611821
3 C     0.0025289387     0.0063476092    -0.0036550572
4 O     0.0008119694    -0.0069540619     0.0152254115
5 C     0.0170360014     0.0024027851    -0.0285759886
6 O    -0.0036871832     0.0082556022     0.0135553390
7 N    -0.0143872105     0.0015362982    -0.0375592758
8 C    -0.0050848941     0.0009005145     0.0244522329
9 C    -0.0025852336    -0.0034123713     0.0091184630
10 C     0.0020824117    -0.0009973292     0.0029003257
11 C     0.0075266624    -0.0072782236    -0.0013682758
12 C     0.0134251173    -0.0060946569     0.0085215956
13 C     0.0035332593     0.0020470114     0.0002554862
14 C     0.0043666285     0.0200348759    -0.0005150042
15 O    -0.0331158910    -0.0110464783    -0.0198675971
16 H     0.0032120361    -0.0028339592     0.0030591112
17 H    -0.0050347280    -0.0036238972     0.0014157415
18 H     0.0006065841    -0.0029963871    -0.0042050794
19 H    -0.0021907548     0.0040267756     0.0052183847
20 H    -0.0066842502     0.0029560083    -0.0024402889
21 H     0.0059285217    -0.0061685138    -0.0117319457
22 H    -0.0016449045     0.0033443425     0.0041528234
23 H     0.0058744794     0.0041231931    -0.0017796712
24 H    -0.0033733838     0.0045549822    -0.0046184153
25 H     0.0009532002     0.0086840928     0.0100519474
26 H    -0.0091408319     0.0034747123    -0.0020729784
27 H    -0.0040109415    -0.0044065806    -0.0012869660
28 H    -0.0032958845    -0.0021133095     0.0102174173
29 H     0.0036454686     0.0034244469     0.0036117150
30 H     0.0035018954    -0.0064567666     0.0053213646
31 H    -0.0015499200    -0.0064107880    -0.0030768970
32 H     0.0092592232    -0.0037041678    -0.0010689124
33 H    -0.0027203734     0.0001574854    -0.0106552639
34 H    -0.0013394089     0.0018588504     0.0056898235
35 H     0.0098183690    -0.0033685557     0.0080402692
36 H     0.0072325483    -0.0029766201     0.0011246050
37 H     0.0077512973    -0.0085724591    -0.0060848418
38 H     0.0105868583     0.0110244771     0.0087391344
----------------------------------------------
[2026-07-06 23:06:34]   [OPT] [REP_00036] eval=003 E=-742.1497317624 Ha max|grad|=3.756e-02 Ha/Bohr SCF=True time=94.1s

WARN: Mole.unit (Angstrom) is changed to Bohr

converged SCF energy = -742.156236356422
--------------- DFTD3 gradients ---------------
         x                y                z
0 C    -0.0016703688    -0.0035325689    -0.0002793581
1 C    -0.0064974735     0.0012925516    -0.0006483627
2 C    -0.0033459586    -0.0015285807     0.0033440735
3 C     0.0001074440     0.0046649587    -0.0011315675
4 O     0.0101369918    -0.0043790948    -0.0054831988
5 C    -0.0066570394     0.0021484116     0.0035792232
6 O     0.0011986186     0.0093111307    -0.0060210672
7 N    -0.0042056134    -0.0016018481    -0.0106714048
8 C    -0.0038274589     0.0007658009    -0.0010715229
9 C    -0.0010050948    -0.0035313486     0.0058283916
10 C     0.0024187186    -0.0025522272     0.0032234529
11 C     0.0044402092    -0.0066775760     0.0014238082
12 C     0.0031831015    -0.0033286233    -0.0033818623
13 C     0.0049368292     0.0042280188     0.0010053722
14 C    -0.0054527933     0.0100508937    -0.0089990874
15 O    -0.0122194814    -0.0099730323    -0.0087161938
16 H     0.0013789360    -0.0016676475     0.0013237937
17 H    -0.0031074400    -0.0036733671     0.0008631729
18 H    -0.0000530655    -0.0025335322    -0.0015905258
19 H    -0.0018219649     0.0021665085     0.0003510756
20 H    -0.0073277334     0.0026117510    -0.0024166372
21 H     0.0025365151    -0.0015710125    -0.0019217389
22 H    -0.0003529160     0.0025430595     0.0006083098
23 H     0.0039905245     0.0037834864    -0.0014903607
24 H    -0.0015073556     0.0044509333    -0.0028484031
25 H     0.0006519748     0.0073850564     0.0087203081
26 H    -0.0063045556     0.0033603958     0.0002284359
27 H    -0.0027921143    -0.0018673277     0.0006173657
28 H    -0.0029193034    -0.0033019070     0.0100431796
29 H     0.0025396615     0.0012117278     0.0024802463
30 H     0.0029096530    -0.0037077035     0.0043592197
31 H     0.0002105855    -0.0048596137    -0.0020940176
32 H     0.0086224375    -0.0045619157    -0.0007821946
33 H    -0.0003149208     0.0008352643    -0.0032389388
34 H     0.0003120989    -0.0001313522     0.0039305908
35 H     0.0065487729    -0.0009876609     0.0059898284
36 H     0.0079338330     0.0019323488     0.0008615235
37 H     0.0027016499    -0.0010298910    -0.0004080525
38 H     0.0046507201     0.0042894795     0.0043772381
----------------------------------------------
[2026-07-06 23:08:09]   [OPT] [REP_00036] eval=004 E=-742.1562363564 Ha max|grad|=1.222e-02 Ha/Bohr SCF=True time=95.7s

WARN: Mole.unit (Angstrom) is changed to Bohr

converged SCF energy = -742.15920664019
--------------- DFTD3 gradients ---------------
         x                y                z
0 C    -0.0020104887    -0.0010138328     0.0001582947
1 C    -0.0045815268    -0.0010723961     0.0008917981
2 C     0.0015124200    -0.0010941722    -0.0011460874
3 C     0.0002590820     0.0011164100    -0.0001887496
4 O     0.0031878484    -0.0011305496    -0.0118498755
5 C     0.0004765409     0.0033029134    -0.0100287615
6 O    -0.0048550994     0.0080049714     0.0066811387
7 N     0.0029582861    -0.0039062569     0.0065151983
8 C     0.0005099881     0.0029152485    -0.0059676023
9 C    -0.0010910717    -0.0006076973     0.0029985259
10 C     0.0017660580    -0.0026427508     0.0030575750
11 C     0.0028388264    -0.0037705622     0.0005836491
12 C    -0.0013735149     0.0000744258    -0.0034438837
13 C     0.0032247745     0.0023941962    -0.0011942748
14 C    -0.0035631610     0.0033355391    -0.0060753960
15 O     0.0047076303     0.0005155434     0.0003362009
16 H    -0.0005799646    -0.0004379241    -0.0004832369
17 H    -0.0009729200    -0.0037911147     0.0002067732
18 H    -0.0005966119    -0.0019980270     0.0003545151
19 H    -0.0023498020     0.0011977911    -0.0015235069
20 H    -0.0061704181     0.0016549722    -0.0011760046
21 H    -0.0000214060     0.0013491516     0.0043346294
22 H     0.0003349763     0.0024347547    -0.0013185067
23 H     0.0006529699     0.0029409019    -0.0008051280
24 H     0.0002389551     0.0037499228    -0.0008483598
25 H    -0.0024917665     0.0009941922     0.0036357341
26 H    -0.0032184222     0.0028182605     0.0010642734
27 H    -0.0016003589    -0.0004350830     0.0023788215
28 H    -0.0018751497    -0.0039093403     0.0067284714
29 H     0.0013474739    -0.0012411290     0.0012759889
30 H     0.0025778064    -0.0017102209     0.0038327269
31 H     0.0019849881    -0.0036914556    -0.0007235785
32 H     0.0054199962    -0.0048891932    -0.0002121627
33 H     0.0012891945     0.0005695072    -0.0017199579
34 H     0.0015677753    -0.0013627294     0.0024424772
35 H     0.0031417671     0.0016020447     0.0030346620
36 H     0.0035685836     0.0021919948    -0.0021967003
37 H    -0.0008533590     0.0037162517     0.0019330772
38 H    -0.0053354107    -0.0081438395    -0.0015690193
----------------------------------------------
[2026-07-06 23:09:42]   [OPT] [REP_00036] eval=005 E=-742.1592066402 Ha max|grad|=1.185e-02 Ha/Bohr SCF=True time=92.6s

WARN: Mole.unit (Angstrom) is changed to Bohr

[2026-07-06 23:09:42]   [OPT] [REP_00036] done: success=False nit=3 neval=5 max|grad|=1.185e-02 message=STOP: TOTAL NO. OF ITERATIONS REACHED LIMIT
[2026-07-06 23:09:42]   [WARN] [REP_00036] Optimization did not fully converge; using last geometry
[2026-07-06 23:09:42]   [DFT] [REP_00036] final single-point start
converged SCF energy = -742.159206640189
[2026-07-06 23:10:52]   [DFT] [REP_00036] final SCF done: E=-742.1592066402 Ha converged=True time=69.8s
[2026-07-06 23:10:52]   [DFT] [REP_00036] descriptors: HOMO=-2.9453 eV LUMO=3.6252 eV gap=6.5705 eV opt_status=opt_not_converged: STOP: TOTAL NO. OF ITERATIONS REACHED LIMIT
[2026-07-06 23:10:52] END compound_id=REP_00036
