[2026-07-08 10:51:17] ========================================================================
[2026-07-08 10:51:17] BEGIN compound_id=REP_00320 molecule_index=320/732 method=DFT-b3lyp/sto-3g-D3
[2026-07-08 10:51:17] settings functional=b3lyp basis=sto-3g D3=True geom_max_steps=3 scf_max_cycles=50
[2026-07-08 10:51:17]   [xTB] [REP_00320] start: atoms=34 charge=0 multiplicity=1 opt=tight solvent=gas
[2026-07-08 10:51:25]   [OK] [REP_00320] GFN2-xTB converged; RMSD(MMFF,xTB)=0.3086 A
[2026-07-08 10:51:25]   [DFT] build PySCF molecule: atoms=34 charge=0 spin=0
[2026-07-08 10:51:25]   [DFT] [REP_00320] start
[2026-07-08 10:51:25]   [OPT] [REP_00320] start: atoms=34, basis=sto-3g, D3=True, maxiter=3

WARN: Mole.unit (Angstrom) is changed to Bohr

converged SCF energy = -501.49337519747
--------------- DFTD3 gradients ---------------
         x                y                z
0 C     0.0078084519    -0.0037289972     0.0006402099
1 C     0.0012287675     0.0086193580     0.0030743645
2 C     0.0006803323    -0.0080671215    -0.0018367062
3 C    -0.0005767488     0.0065906699     0.0017375535
4 C     0.0133334324    -0.0166528980     0.0005012521
5 C     0.0228503945    -0.0149481236     0.0466392098
6 O    -0.0433094520     0.0191048694    -0.0856986870
7 C     0.0002603214     0.0114446864     0.0217086586
8 C    -0.0013108652     0.0078266083     0.0021838948
9 C     0.0032564708    -0.0077146540     0.0009354587
10 C    -0.0051120336     0.0075434421     0.0001165676
11 C    -0.0056885689    -0.0066688016    -0.0000241851
12 H     0.0027855002    -0.0038157678    -0.0089929137
13 H    -0.0004219091    -0.0081965007     0.0058245174
14 H     0.0087572104     0.0048457976     0.0033482079
15 H    -0.0018148809     0.0041300892     0.0074975676
16 H     0.0008115267     0.0078076412    -0.0042769526
17 H     0.0012961071    -0.0041729355    -0.0077306933
18 H    -0.0012100337    -0.0074714923     0.0040228733
19 H    -0.0021311463     0.0041806993     0.0073858227
20 H     0.0013111518     0.0078688959    -0.0040342144
21 H     0.0018867885    -0.0046065795    -0.0070724783
22 H    -0.0005448515    -0.0079522570     0.0050403476
23 H     0.0045989298     0.0075317563     0.0051773300
24 H     0.0026412364    -0.0045104336     0.0071049645
25 H    -0.0020373038     0.0058190417    -0.0074414514
26 H    -0.0027351377     0.0055838497     0.0059690835
27 H     0.0024000710    -0.0050032884     0.0055628693
28 H     0.0027595376    -0.0059373463    -0.0061143092
29 H    -0.0024213789     0.0056601540     0.0058834093
30 H    -0.0022494987     0.0059670116    -0.0066409830
31 H    -0.0103847685     0.0010465365    -0.0004454430
32 H     0.0013580020    -0.0059238853     0.0077835581
33 H     0.0019459589    -0.0062333172    -0.0078223937
----------------------------------------------
[2026-07-08 10:52:29]   [OPT] [REP_00320] eval=001 E=-501.4933751975 Ha max|grad|=8.570e-02 Ha/Bohr SCF=True time=64.3s

WARN: Mole.unit (Angstrom) is changed to Bohr

converged SCF energy = -501.293571169717
--------------- DFTD3 gradients ---------------
         x                y                z
0 C    -0.0028640748     0.0069585329     0.0010444028
1 C     0.0080173794    -0.0261359225    -0.0074584319
2 C     0.0097329426     0.0275558917     0.0074374336
3 C     0.0279485605    -0.0196027039     0.0018718284
4 C    -0.0212125851     0.0223217916     0.0167563455
5 C    -0.1293378248     0.0577048883    -0.2298002493
6 O     0.0843194015    -0.0392388153     0.1734736157
7 C     0.0182218157    -0.0280501766    -0.0210711015
8 C    -0.0070222948    -0.0095669088    -0.0054884744
9 C    -0.0094602424     0.0237806496    -0.0051698323
10 C     0.0062912093    -0.0257201823    -0.0024250583
11 C     0.0005953780     0.0078179341    -0.0013969567
12 H    -0.0002166745     0.0041638723     0.0153680928
13 H     0.0051133121     0.0111515116    -0.0092004280
14 H    -0.0030307461    -0.0110726070    -0.0038998933
15 H     0.0008713510     0.0022091309    -0.0036516859
16 H    -0.0011450010    -0.0013430961     0.0051867657
17 H    -0.0013767715    -0.0004085982     0.0066995453
18 H     0.0009034726     0.0014286586    -0.0041153755
19 H     0.0004825001    -0.0014527884    -0.0080311787
20 H    -0.0038782415    -0.0058845671     0.0051224250
21 H     0.0004179341    -0.0049580022    -0.0031853442
22 H     0.0171394533    -0.0217011783     0.0061509768
23 H     0.0086458311     0.0193845562     0.0171436014
24 H    -0.0045315982     0.0087059640     0.0283213454
25 H     0.0056700204    -0.0052646452     0.0124803352
26 H    -0.0061914637     0.0027425969    -0.0014720789
27 H     0.0003772559    -0.0020035525    -0.0017535887
28 H     0.0003371331     0.0024872970     0.0068375682
29 H    -0.0007062219     0.0013196098    -0.0035546614
30 H     0.0000064973    -0.0003986572     0.0064253748
31 H     0.0077778195    -0.0089494526     0.0004759879
32 H    -0.0052792800     0.0055603155    -0.0123782816
33 H    -0.0065960843     0.0064774162     0.0132528551
----------------------------------------------
[2026-07-08 10:54:57]   [OPT] [REP_00320] eval=002 E=-501.2935711697 Ha max|grad|=2.298e-01 Ha/Bohr SCF=True time=147.9s

WARN: Mole.unit (Angstrom) is changed to Bohr

converged SCF energy = -501.497995889742
--------------- DFTD3 gradients ---------------
         x                y                z
0 C     0.0064045985    -0.0023828754     0.0006703061
1 C     0.0021258905     0.0040505261     0.0016968617
2 C     0.0016746244    -0.0034957608    -0.0006547011
3 C     0.0032174378     0.0033566812     0.0018775554
4 C     0.0069915376    -0.0104891205     0.0010457758
5 C    -0.0344912857     0.0109272112    -0.0678398848
6 O     0.0133606918    -0.0061548865     0.0306023639
7 C     0.0023115504     0.0065355018     0.0134677071
8 C    -0.0025111133     0.0056764474     0.0012915586
9 C     0.0015954572    -0.0036820986     0.0001592806
10 C    -0.0036451438     0.0031607175    -0.0002080615
11 C    -0.0048375167    -0.0048148530    -0.0002177209
12 H     0.0023272322    -0.0027491283    -0.0058354338
13 H     0.0002295576    -0.0056618752     0.0038722932
14 H     0.0072004381     0.0028240139     0.0024142636
15 H    -0.0014877643     0.0038712678     0.0061142995
16 H     0.0005610004     0.0066436162    -0.0031141500
17 H     0.0009640778    -0.0036656506    -0.0059150275
18 H    -0.0009422945    -0.0063477084     0.0030205554
19 H    -0.0018496273     0.0034454792     0.0054265719
20 H     0.0006131162     0.0060806416    -0.0028880816
21 H     0.0018736923    -0.0047846143    -0.0066779153
22 H     0.0015228675    -0.0095844485     0.0052900139
23 H     0.0051285371     0.0091252546     0.0069506339
24 H     0.0019312101    -0.0031143465     0.0095738387
25 H    -0.0009755125     0.0042917152    -0.0048628522
26 H    -0.0031266287     0.0052030076     0.0050761434
27 H     0.0021302255    -0.0046222517     0.0046669140
28 H     0.0024527683    -0.0048024980    -0.0044794842
29 H    -0.0022042803     0.0051098366     0.0047218349
30 H    -0.0019422945     0.0051415557    -0.0050087894
31 H    -0.0080269138    -0.0002008873    -0.0003279831
32 H     0.0005478800    -0.0043903084     0.0051805455
33 H     0.0008860769    -0.0045217347    -0.0050785075
----------------------------------------------
[2026-07-08 10:56:03]   [OPT] [REP_00320] eval=003 E=-501.4979958897 Ha max|grad|=6.784e-02 Ha/Bohr SCF=True time=66.1s

WARN: Mole.unit (Angstrom) is changed to Bohr

converged SCF energy = -501.500939601485
--------------- DFTD3 gradients ---------------
         x                y                z
0 C     0.0058881123    -0.0020326680     0.0006580569
1 C     0.0024482371     0.0032442419     0.0015157140
2 C     0.0020766268    -0.0029345924    -0.0004080747
3 C     0.0019476728     0.0029204513     0.0014274145
4 C     0.0027544194    -0.0071750659    -0.0014575665
5 C    -0.0186841087     0.0047731264    -0.0356724663
6 O     0.0021199487    -0.0012098629     0.0077234711
7 C     0.0020169901     0.0052768137     0.0070873240
8 C    -0.0019639017     0.0052756005     0.0021338602
9 C     0.0011853457    -0.0028526838     0.0001040840
10 C    -0.0034040362     0.0022556666    -0.0002435790
11 C    -0.0044711536    -0.0042405711    -0.0002203452
12 H     0.0021896439    -0.0023523092    -0.0046399989
13 H     0.0005086389    -0.0046884684     0.0031256784
14 H     0.0066263179     0.0020843999     0.0020703579
15 H    -0.0012338932     0.0035665212     0.0051781533
16 H     0.0004679336     0.0058512913    -0.0024608581
17 H     0.0008112293    -0.0033201020    -0.0049176624
18 H    -0.0007375262    -0.0055350004     0.0023982303
19 H    -0.0015559960     0.0031275550     0.0045393725
20 H     0.0005454223     0.0052563673    -0.0022518005
21 H     0.0025997318    -0.0051747463    -0.0057015468
22 H     0.0011757768    -0.0087304117     0.0046955207
23 H     0.0050393150     0.0083709573     0.0066367898
24 H     0.0020432410    -0.0029552373     0.0083900720
25 H    -0.0007389602     0.0038607747    -0.0039388366
26 H    -0.0034966817     0.0049420961     0.0044189149
27 H     0.0019332943    -0.0041626354     0.0038979519
28 H     0.0021611241    -0.0042792982    -0.0036441513
29 H    -0.0019895059     0.0045808729     0.0039138071
30 H    -0.0017885788     0.0045998348    -0.0041432970
31 H    -0.0071387124    -0.0006564734    -0.0002885883
32 H     0.0002110888    -0.0037933767     0.0041511790
33 H     0.0004621181    -0.0039131678    -0.0040710175
----------------------------------------------
[2026-07-08 10:57:03]   [OPT] [REP_00320] eval=004 E=-501.5009396015 Ha max|grad|=3.567e-02 Ha/Bohr SCF=True time=59.7s

WARN: Mole.unit (Angstrom) is changed to Bohr

converged SCF energy = -501.504073941776
--------------- DFTD3 gradients ---------------
         x                y                z
0 C     0.0041149566    -0.0007911764     0.0006403234
1 C     0.0031999560     0.0008359600     0.0009277763
2 C     0.0024704298    -0.0008764146     0.0002713604
3 C    -0.0004061746     0.0008388568    -0.0000333532
4 C    -0.0055356239    -0.0009330468    -0.0046352396
5 C     0.0032506974    -0.0029083828     0.0087744425
6 O    -0.0104453057     0.0042582824    -0.0175868678
7 C     0.0020866435     0.0017858592    -0.0037918052
8 C    -0.0008981321     0.0034333304     0.0022799441
9 C    -0.0000628663    -0.0002925896     0.0001470571
10 C    -0.0024926027    -0.0003058770    -0.0002719183
11 C    -0.0031925409    -0.0022499342    -0.0002053193
12 H     0.0017947769    -0.0010697319    -0.0007807654
13 H     0.0014569958    -0.0015453638     0.0007291765
14 H     0.0047522897    -0.0003535501     0.0009399482
15 H    -0.0002976680     0.0024694073     0.0019839289
16 H     0.0002207099     0.0031002811    -0.0002426692
17 H     0.0003682640    -0.0021497421    -0.0016120443
18 H    -0.0000060318    -0.0028137423     0.0003599485
19 H    -0.0007608250     0.0019683664     0.0015505113
20 H     0.0002103914     0.0025496201    -0.0001877305
21 H     0.0037453615    -0.0056182894    -0.0030092332
22 H     0.0012229974    -0.0053142044     0.0017117558
23 H     0.0040500952     0.0054510147     0.0057276433
24 H     0.0014528138    -0.0003659479     0.0039812087
25 H    -0.0000073616     0.0022240654    -0.0004563743
26 H    -0.0041311212     0.0041270051     0.0026475270
27 H     0.0011928082    -0.0025335177     0.0012420337
28 H     0.0012878260    -0.0022829843    -0.0008420846
29 H    -0.0012873676     0.0026660030     0.0011094012
30 H    -0.0012790589     0.0026678918    -0.0011974170
31 H    -0.0042021713    -0.0021512090    -0.0001598191
32 H    -0.0009216814    -0.0018743847     0.0008140311
33 H    -0.0009460744    -0.0019641721    -0.0008259008
----------------------------------------------
[2026-07-08 10:58:05]   [OPT] [REP_00320] eval=005 E=-501.5040739418 Ha max|grad|=1.759e-02 Ha/Bohr SCF=True time=62.1s

WARN: Mole.unit (Angstrom) is changed to Bohr

[2026-07-08 10:58:05]   [OPT] [REP_00320] done: success=False nit=3 neval=5 max|grad|=1.759e-02 message=STOP: TOTAL NO. OF ITERATIONS REACHED LIMIT
[2026-07-08 10:58:05]   [WARN] [REP_00320] Optimization did not fully converge; using last geometry
[2026-07-08 10:58:05]   [DFT] [REP_00320] final single-point start
converged SCF energy = -501.504073941775
[2026-07-08 10:58:55]   [DFT] [REP_00320] final SCF done: E=-501.5040739418 Ha converged=True time=50.2s
[2026-07-08 10:58:55]   [DFT] [REP_00320] descriptors: HOMO=-3.6288 eV LUMO=2.4805 eV gap=6.1092 eV opt_status=opt_not_converged: STOP: TOTAL NO. OF ITERATIONS REACHED LIMIT
[2026-07-08 10:58:55] END compound_id=REP_00320
