[2026-07-07 22:30:31] ========================================================================
[2026-07-07 22:30:31] BEGIN compound_id=REP_00208 molecule_index=208/732 method=DFT-b3lyp/sto-3g-D3
[2026-07-07 22:30:31] settings functional=b3lyp basis=sto-3g D3=True geom_max_steps=3 scf_max_cycles=50
[2026-07-07 22:30:31]   [xTB] [REP_00208] start: atoms=32 charge=0 multiplicity=1 opt=tight solvent=gas
[2026-07-07 22:30:33]   [OK] [REP_00208] GFN2-xTB converged; RMSD(MMFF,xTB)=0.0729 A
[2026-07-07 22:30:33]   [DFT] build PySCF molecule: atoms=32 charge=0 spin=0
[2026-07-07 22:30:33]   [DFT] [REP_00208] start
[2026-07-07 22:30:33]   [OPT] [REP_00208] start: atoms=32, basis=sto-3g, D3=True, maxiter=3

WARN: Mole.unit (Angstrom) is changed to Bohr

converged SCF energy = -610.849807194243
--------------- DFTD3 gradients ---------------
         x                y                z
0 C     0.0015740906     0.0011439082    -0.0088592734
1 C     0.0080071730     0.0060656903     0.0035921300
2 C     0.0066774610    -0.0081844702     0.0007390788
3 C     0.0013027098    -0.0021222520     0.0101419625
4 C     0.0024359594    -0.0020532692    -0.0001515220
5 C     0.0010788599     0.0093664452     0.0053310262
6 C     0.0013742851     0.0170413713     0.0095363828
7 C     0.0018635344     0.0099024192     0.0066616854
8 O    -0.0201798807    -0.0485558636    -0.0339815642
9 C     0.0085285061     0.0339798991     0.0144810388
10 C     0.0073227041     0.0007246061    -0.0165526212
11 O    -0.0812480958     0.0144783335     0.0276879829
12 C    -0.0005698196    -0.0147668251    -0.0081278222
13 C     0.0024311293    -0.0095556160    -0.0039972354
14 H     0.0030536621    -0.0085569465    -0.0038747419
15 H    -0.0084770893     0.0015575351    -0.0044166275
16 H     0.0061837854     0.0069899171    -0.0040673247
17 H     0.0077245147    -0.0003467525     0.0041436221
18 H    -0.0023032362     0.0077400084     0.0040129006
19 H     0.0019509486    -0.0062174169    -0.0026354140
20 H    -0.0059561889    -0.0069052244     0.0041672444
21 H     0.0091214440    -0.0018809601     0.0041337209
22 H    -0.0029987132     0.0088312464     0.0039285864
23 H     0.0067077497     0.0099230014     0.0082084570
24 H    -0.0072092434     0.0105003327     0.0023509551
25 H     0.0049966745     0.0131886780    -0.0010883809
26 H    -0.0023347656     0.0060155712     0.0118470382
27 H    -0.0062822359     0.0129248407     0.0000005846
28 H     0.0051148949     0.0051065884    -0.0154446297
29 H     0.0490078018    -0.0439645185    -0.0064187084
30 H    -0.0063395076    -0.0105407953    -0.0083935714
31 H     0.0073875998    -0.0117891245    -0.0029665585
----------------------------------------------
[2026-07-07 22:31:48]   [OPT] [REP_00208] eval=001 E=-610.8498071942 Ha max|grad|=8.125e-02 Ha/Bohr SCF=True time=74.5s

WARN: Mole.unit (Angstrom) is changed to Bohr

converged SCF energy = -610.728124078265
--------------- DFTD3 gradients ---------------
         x                y                z
0 C     0.0019949741     0.0003237133     0.0062305532
1 C    -0.0099459505    -0.0084086793    -0.0119113938
2 C    -0.0030117839     0.0241602481     0.0120231150
3 C    -0.0006457830     0.0007713522    -0.0012906677
4 C    -0.0153430722     0.0107818636    -0.0007196823
5 C     0.0297994408    -0.0153741992     0.0049563772
6 C    -0.0221068200    -0.0216622944    -0.0212063659
7 C    -0.0205167214    -0.0824693992    -0.0509195288
8 O     0.0289516224     0.1073182142     0.0678019477
9 C    -0.0510423184    -0.1410453662    -0.0573447278
10 C    -0.0894679008     0.0542203483     0.0830917041
11 O     0.1667286240    -0.0597498954    -0.0512486159
12 C     0.0051575583     0.0559285237     0.0320185275
13 C     0.0002015224    -0.0039380771    -0.0022312519
14 H    -0.0033223496     0.0114654198     0.0005442000
15 H     0.0113164999    -0.0016019344     0.0024922765
16 H    -0.0046594599    -0.0056468561    -0.0044207516
17 H     0.0061983238     0.0045938795     0.0014308566
18 H     0.0046463348    -0.0053877685     0.0004098451
19 H     0.0066995702    -0.0104970796    -0.0025776302
20 H     0.0065956327     0.0057375351     0.0029980010
21 H    -0.0064849808     0.0006877141     0.0047492818
22 H     0.0048264104    -0.0137574224    -0.0030534444
23 H     0.0027939454    -0.0002518794     0.0010754324
24 H    -0.0069547330     0.0199585144     0.0075151941
25 H     0.0274009169     0.0341233129    -0.0114688776
26 H     0.0050709351     0.0061327255     0.0125017265
27 H     0.0227716994    -0.0165767990    -0.0231004921
28 H     0.0029703611    -0.0085216353    -0.0104035176
29 H    -0.0965400230     0.0697456033     0.0197407595
30 H    -0.0077555824    -0.0097002035    -0.0085293815
31 H     0.0036076447    -0.0014360170     0.0008296910
----------------------------------------------
[2026-07-07 22:33:31]   [OPT] [REP_00208] eval=002 E=-610.7281240783 Ha max|grad|=1.667e-01 Ha/Bohr SCF=True time=103.6s

WARN: Mole.unit (Angstrom) is changed to Bohr

converged SCF energy = -610.864275581415
--------------- DFTD3 gradients ---------------
         x                y                z
0 C     0.0016316516     0.0009242167    -0.0054063591
1 C     0.0039510099     0.0027454356    -0.0000822124
2 C     0.0046286515    -0.0009396145     0.0032834154
3 C     0.0008310074    -0.0013999765     0.0076679663
4 C    -0.0019781966     0.0012212995    -0.0002698258
5 C     0.0079382511     0.0032225443     0.0051311804
6 C    -0.0050636338     0.0079551914     0.0018719599
7 C    -0.0032180180    -0.0115317838    -0.0069018086
8 O    -0.0120951816    -0.0068101421    -0.0087267461
9 C    -0.0017008452    -0.0131616447    -0.0045747421
10 C    -0.0174758108     0.0134329563     0.0074372688
11 O     0.0132850334    -0.0418089384     0.0075362920
12 C    -0.0004112188     0.0030198641     0.0013853111
13 C     0.0018872174    -0.0080795198    -0.0034871317
14 H     0.0015804540    -0.0039998523    -0.0027838586
15 H    -0.0039877346     0.0008229077    -0.0027588104
16 H     0.0037312181     0.0041333857    -0.0041110195
17 H     0.0074064499     0.0007588990     0.0035230738
18 H    -0.0008118863     0.0047931655     0.0031979350
19 H     0.0030214019    -0.0071110665    -0.0025819482
20 H    -0.0031370491    -0.0040417775     0.0038461462
21 H     0.0056171841    -0.0012920892     0.0042377043
22 H    -0.0012237770     0.0036791358     0.0022121017
23 H     0.0058559556     0.0076311896     0.0066187890
24 H    -0.0070947246     0.0126629279     0.0035458887
25 H     0.0099658242     0.0167743287    -0.0027062832
26 H    -0.0001341595     0.0057539843     0.0122090462
27 H     0.0014776133     0.0051647579    -0.0055570049
28 H     0.0045830721     0.0009784298    -0.0131763598
29 H    -0.0189379890     0.0242090229    -0.0000721527
30 H    -0.0067437276    -0.0102404608    -0.0084113215
31 H     0.0065434352    -0.0094413390    -0.0020998168
----------------------------------------------
[2026-07-07 22:35:06]   [OPT] [REP_00208] eval=003 E=-610.8642755814 Ha max|grad|=4.181e-02 Ha/Bohr SCF=True time=94.4s

WARN: Mole.unit (Angstrom) is changed to Bohr

converged SCF energy = -610.869056170015
--------------- DFTD3 gradients ---------------
         x                y                z
0 C     0.0013612771     0.0008792650    -0.0037847806
1 C     0.0035885921     0.0020252889    -0.0000782643
2 C     0.0030274538    -0.0012198820     0.0022759123
3 C     0.0010806382    -0.0011424010     0.0058412076
4 C     0.0004753853    -0.0022374369    -0.0008127893
5 C    -0.0002378109     0.0047500906     0.0022571573
6 C    -0.0030306187    -0.0000996225    -0.0014223418
7 C    -0.0056763769    -0.0024244298    -0.0032633769
8 O    -0.0060897309    -0.0015430373    -0.0031813716
9 C    -0.0026928327    -0.0054773797    -0.0037608906
10 C    -0.0130976529    -0.0050431163     0.0029493753
11 O     0.0103756598    -0.0148401189     0.0005530519
12 C    -0.0017554810    -0.0059237443    -0.0039259597
13 C     0.0028489350    -0.0037488449    -0.0007808865
14 H     0.0008646088    -0.0016270889    -0.0022722187
15 H    -0.0014301101     0.0004277452    -0.0018971083
16 H     0.0022973526     0.0024447781    -0.0039907485
17 H     0.0055401143     0.0015933706     0.0023158563
18 H     0.0002984246     0.0026076238     0.0022678971
19 H     0.0024787920    -0.0045336949    -0.0012747267
20 H    -0.0015568382    -0.0024326923     0.0035958435
21 H     0.0033929557    -0.0009014507     0.0042778292
22 H    -0.0004008537     0.0013268589     0.0017841406
23 H     0.0054585418     0.0058183621     0.0054837706
24 H    -0.0059922309     0.0106875390     0.0030056303
25 H     0.0054862729     0.0067020968     0.0008821356
26 H     0.0016681584     0.0037855512     0.0050268448
27 H    -0.0031369109     0.0079958355    -0.0037900468
28 H     0.0009746885     0.0022245474    -0.0023276842
29 H    -0.0082630824     0.0120647331    -0.0004649345
30 H    -0.0032091324    -0.0044715057    -0.0037677270
31 H     0.0052857913    -0.0076371039    -0.0017054095
----------------------------------------------
[2026-07-07 22:36:14]   [OPT] [REP_00208] eval=004 E=-610.8690561700 Ha max|grad|=1.484e-02 Ha/Bohr SCF=True time=67.9s

WARN: Mole.unit (Angstrom) is changed to Bohr

converged SCF energy = -610.871747407764
--------------- DFTD3 gradients ---------------
         x                y                z
0 C     0.0013777518     0.0009844107    -0.0007225759
1 C     0.0023250585     0.0002903849     0.0000721834
2 C     0.0020827279    -0.0015540509     0.0009736796
3 C     0.0010904903    -0.0012488173     0.0020238945
4 C    -0.0009340480     0.0040555909     0.0021687422
5 C     0.0013263954    -0.0017780683    -0.0004428574
6 C    -0.0071019483     0.0065564916     0.0002900979
7 C    -0.0003097473    -0.0091130182    -0.0045690178
8 O    -0.0011790845     0.0049327469     0.0024616213
9 C    -0.0054840412     0.0014212375    -0.0007217210
10 C    -0.0053861796     0.0005037994    -0.0000316703
11 O    -0.0030925465     0.0077487373    -0.0018044082
12 C     0.0002143515     0.0032504912     0.0018638188
13 C    -0.0012518407    -0.0051508629    -0.0033442055
14 H     0.0000766972     0.0012468701    -0.0016699659
15 H     0.0015176958     0.0000301872    -0.0008348160
16 H     0.0003578728     0.0001546736    -0.0037360797
17 H     0.0027769440     0.0026299036     0.0004447992
18 H     0.0018091596    -0.0002413748     0.0008746365
19 H     0.0018367677    -0.0007033716     0.0008357576
20 H     0.0007421451    -0.0001668522     0.0032151762
21 H     0.0005523880    -0.0004076668     0.0043473790
22 H     0.0005844140    -0.0013038325     0.0015322997
23 H     0.0020813913     0.0014028195     0.0016288720
24 H    -0.0001190405    -0.0005325889    -0.0002593074
25 H    -0.0003310558    -0.0038185432     0.0031340712
26 H     0.0030814370     0.0010801761    -0.0040582115
27 H    -0.0023164311    -0.0000016193    -0.0030166153
28 H    -0.0028286958     0.0012814267     0.0044220790
29 H     0.0066129424    -0.0045119194    -0.0012692101
30 H    -0.0026476790    -0.0046028696    -0.0035984520
31 H     0.0024911681    -0.0023997574    -0.0001813862
----------------------------------------------
[2026-07-07 22:37:32]   [OPT] [REP_00208] eval=005 E=-610.8717474078 Ha max|grad|=9.113e-03 Ha/Bohr SCF=True time=77.9s

WARN: Mole.unit (Angstrom) is changed to Bohr

[2026-07-07 22:37:32]   [OPT] [REP_00208] done: success=False nit=3 neval=5 max|grad|=9.113e-03 message=STOP: TOTAL NO. OF ITERATIONS REACHED LIMIT
[2026-07-07 22:37:32]   [WARN] [REP_00208] Optimization did not fully converge; using last geometry
[2026-07-07 22:37:32]   [DFT] [REP_00208] final single-point start
converged SCF energy = -610.871747407765
[2026-07-07 22:38:27]   [DFT] [REP_00208] final SCF done: E=-610.8717474078 Ha converged=True time=55.3s
[2026-07-07 22:38:27]   [DFT] [REP_00208] descriptors: HOMO=-3.7058 eV LUMO=2.5854 eV gap=6.2911 eV opt_status=opt_not_converged: STOP: TOTAL NO. OF ITERATIONS REACHED LIMIT
[2026-07-07 22:38:27] END compound_id=REP_00208
