28
 energy: -42.888672102794 gnorm: 0.070103993926 xtb: 6.7.1 (edcfbbe)
C            2.38863246600500       -0.08900452894600       -1.56387770440700
C            2.50998488144400        0.47938930995000       -0.15446260092000
C            2.85104558018000        1.96375805925800       -0.19929580932800
O            1.24691959292900        0.35541427057800        0.52389010694100
C            0.98473042481900       -0.85131645552700        1.09719567433000
O            1.76259958165600       -1.80076316755100        1.13900886792000
C           -0.39823324074000       -0.87725868027600        1.76501399883500
O           -0.68730944608700       -2.16967901099200        2.30979860675700
C           -1.51256158682400       -0.48750836914000        0.81677223836500
C           -2.00314327658000       -1.39666335458300       -0.13414014248600
C           -3.00785895613700       -1.02002965282300       -1.02679254670300
C           -3.53165509369900        0.27013692869400       -0.98354469316800
C           -3.05247882138000        1.18455109336500       -0.04777462263100
C           -2.04799252820600        0.80972575774400        0.84668619319600
H            2.14741635217300       -1.15656677847600       -1.53493180834500
H            1.57746999454200        0.40018508917600       -2.11455661274500
H            3.32026566634500        0.03777953753000       -2.12375270371700
H            3.29770073461800       -0.04175098816600        0.40292684771000
H            2.06964218195600        2.53203322244000       -0.71612810944000
H            2.91500842018900        2.37000460957500        0.81602490314300
H            3.80553947621900        2.13802078355400       -0.70516713304400
H           -0.35900624225900       -0.19057363687100        2.61838910807600
H            0.17634387260000       -2.60673811983300        2.44059446989400
H           -1.60851265982600       -2.41036702268500       -0.17539810246200
H           -3.38350417155900       -1.73591091448700       -1.75320326516800
H           -4.31523831123600        0.56194507663400       -1.67771361859400
H           -3.46160927086500        2.19097573923300       -0.01431205456800
H           -1.68419562027600        1.54021120262700        1.56598161635500
28
 energy: -42.893927588428 gnorm: 0.026111405467 xtb: 6.7.1 (edcfbbe)
C            2.37910220678339       -0.09918139213809       -1.56470842269238
C            2.49585726155747        0.47979007560333       -0.16074060672526
C            2.83486688641803        1.96513763424674       -0.18700089362566
O            1.23751447421813        0.33812698586306        0.52381795695293
C            0.97069391600824       -0.84525471425267        1.09451013875244
O            1.73124013244735       -1.78122454399616        1.14132508930199
C           -0.40521264545226       -0.87071110258710        1.76068211558208
O           -0.65907768832428       -2.16466543618140        2.28838694981166
C           -1.49960384004118       -0.47146480584835        0.79736121924332
C           -1.98864662944062       -1.38226374926624       -0.13417130023518
C           -2.99630698439877       -1.01547928267489       -1.01281721434777
C           -3.52114783029702        0.26633172129829       -0.97503562467437
C           -3.04221143250023        1.17752873048768       -0.04780017786041
C           -2.03817990278995        0.81058718481888        0.83446094418458
H            2.15014988682476       -1.16424039202277       -1.52449796860576
H            1.57859015770908        0.40423510751987       -2.10761462989173
H            3.31346292264305        0.03519083602842       -2.10616686512057
H            3.26566090452530       -0.06394641766697        0.40131724239957
H            2.06052407244650        2.51995521309471       -0.71588509088034
H            2.90785581186099        2.36297164339334        0.82508133347889
H            3.78598989708484        2.12098298904605       -0.69199507126708
H           -0.36274520018794       -0.15751761990420        2.59829015236775
H            0.20000535408562       -2.60545123407804        2.39207225434428
H           -1.59486913381645       -2.38956153281936       -0.16104016943384
H           -3.36865826995657       -1.73108335232791       -1.73349075648731
H           -4.30313535033444        0.55427339329879       -1.66542566123358
H           -3.45328681437788        2.17733156191475       -0.01015530222666
H           -1.67843216269415        1.52960249915225        1.55847146268442
28
 energy: -42.895002077336 gnorm: 0.013890834162 xtb: 6.7.1 (edcfbbe)
C            2.37009619872680       -0.10238125535304       -1.56633490918384
C            2.48363554369071        0.47619756735175       -0.16136313309609
C            2.81899266147078        1.96090530787151       -0.17977765735480
O            1.22378583024957        0.32935862333450        0.52228506003622
C            0.96424134470103       -0.83704501885256        1.09483639898701
O            1.71570861682701       -1.77509663533089        1.13701742748277
C           -0.40818799103807       -0.86462888135108        1.76486967348220
O           -0.64133725145451       -2.15304675236212        2.28098039369388
C           -1.49536427540190       -0.46244031048749        0.79709530954115
C           -1.97590843906297       -1.37595429268113       -0.12925240753381
C           -2.97958879300990       -1.01312039452235       -1.00875469733986
C           -3.50812254970581        0.26515030940530       -0.97394245792718
C           -3.02982189545370        1.17877642184359       -0.05157137326315
C           -2.02956649277174        0.81624327455585        0.83128028326118
H            2.14660504071107       -1.16495473922682       -1.51697976275147
H            1.57504012036871        0.40284058962138       -2.10973764015076
H            3.30784103708556        0.03283272546886       -2.09684695083342
H            3.24146554552658       -0.08069473494000        0.40660871745573
H            2.04650058091202        2.50836154017186       -0.71239298163264
H            2.89022673033581        2.34937564165264        0.83219069679953
H            3.77061880760876        2.11003617003259       -0.68106648600830
H           -0.36641424170228       -0.13335988815426        2.59117396168138
H            0.21516789861078       -2.60956009512612        2.33099511918791
H           -1.57469772895525       -2.37743593943546       -0.14798632364779
H           -3.35458185946027       -1.73275735110008       -1.72101959182679
H           -4.29536573514838        0.54660650852172       -1.65761187548437
H           -3.44516674743171        2.17453976940329       -0.01126538402502
H           -1.66580195622763        1.53125183969057        1.55380169424634
28
 energy: -42.895370002326 gnorm: 0.009456100210 xtb: 6.7.1 (edcfbbe)
C            2.36335175411753       -0.10560498491789       -1.56788222009378
C            2.47540570067832        0.47394964531943       -0.16256833422801
C            2.80844778017131        1.95806088028682       -0.17452411489381
O            1.21275309871410        0.32741974602439        0.51894478445669
C            0.95872075960713       -0.83074784467115        1.09358927689151
O            1.70479223689957       -1.77648083916233        1.13277853988466
C           -0.40935477839651       -0.86147258306559        1.77487224272163
O           -0.63232190367622       -2.14393442406306        2.28909350001773
C           -1.49142327634253       -0.45677102169381        0.80214984239824
C           -1.96626915694500       -1.37373843365686       -0.12357442601957
C           -2.96927749373406       -1.01427815789026       -1.00480276368381
C           -3.49987240288825        0.26347739329218       -0.97268802358076
C           -3.02163671739629        1.18186941822728       -0.05443551256804
C           -2.02175404354654        0.82345671613499        0.83049581492780
H            2.13985458269651       -1.16733792526726       -1.51574566200300
H            1.57059706560428        0.39985184945721       -2.11278486697834
H            3.30313899240750        0.02904610077059       -2.09411013422357
H            3.22693663067476       -0.08875350751987        0.40804290367714
H            2.03550236341268        2.50236537494886       -0.70815887607610
H            2.87398849325765        2.34143931581753        0.83897466363510
H            3.76128869152681        2.10921766421194       -0.67194115551053
H           -0.36623014800032       -0.12164516177473        2.59512439763744
H            0.22161970615821       -2.61977420261165        2.27460799160303
H           -1.55973962814084       -2.37282045601321       -0.13601094520707
H           -3.34063268801643       -1.73526684899103       -1.71727506168927
H           -4.28631125981267        0.54208074842974       -1.65758931355029
H           -3.43595278531143        2.17805116561627       -0.01904909727975
H           -1.65562157371817        1.53834037276352        1.55169765353073
28
 energy: -42.895568122084 gnorm: 0.011454680659 xtb: 6.7.1 (edcfbbe)
C            2.35614968795601       -0.10716138161582       -1.56980379994151
C            2.46924105402124        0.47188123603544       -0.16412078833272
C            2.79996139338691        1.95569620087803       -0.17155820265490
O            1.20509498325567        0.32821874352622        0.51839864122818
C            0.95484861661319       -0.82512937134079        1.09641170148107
O            1.69262882297149       -1.78204040976174        1.12604786671711
C           -0.41022392743797       -0.86055915607033        1.78757048179383
O           -0.62398638346734       -2.13954706743388        2.30263121060503
C           -1.48943607744348       -0.45400567081220        0.81070530495427
C           -1.95945289998032       -1.37336196386843       -0.11669116033859
C           -2.95877506056451       -1.01521368673601       -1.00330119672434
C           -3.48882196685403        0.26351824169212       -0.97486075191935
C           -3.01203903117292        1.18593869691457       -0.05889749447148
C           -2.01550899892582        0.82931680978639        0.83178941665717
H            2.13042569540818       -1.16873105111858       -1.51734696701951
H            1.56383414936617        0.39801160333162       -2.11604841616190
H            3.29656210194391        0.02549417673537       -2.09602407359526
H            3.21841538690830       -0.09291349205504        0.40617784462481
H            2.02585272075571        2.49993145943375       -0.70438319886210
H            2.85896708924502        2.33510547107125        0.84435232497795
H            3.75418142235603        2.11353598304257       -0.66472091158907
H           -0.36777808525367       -0.11938868224384        2.60604350609532
H            0.22397272983147       -2.62884230036765        2.22565868697048
H           -1.55014526924907       -2.37188540317891       -0.12363794393729
H           -3.32748811777046       -1.73757468323492       -1.71635127223377
H           -4.27506718275154        0.53980021578772       -1.66127605022337
H           -3.42429838536438        2.18373468980629       -0.03018338989450
H           -1.64711446778263        1.54617079179887        1.55064973559044
28
 energy: -42.895702034161 gnorm: 0.009079620544 xtb: 6.7.1 (edcfbbe)
C            2.34927705701640       -0.10627835921277       -1.57096280577684
C            2.46622346333985        0.47139757093328       -0.16522137562727
C            2.79575537582070        1.95518369095033       -0.17068374260283
O            1.20278967101707        0.32990118772212        0.52099736751141
C            0.95246208280919       -0.82410880733497        1.09721287860594
O            1.68508126882160       -1.78727068424925        1.11892065752389
C           -0.41005035725138       -0.86181450196148        1.79634410636204
O           -0.61891348178230       -2.14102310145504        2.31235169953402
C           -1.48824501923322       -0.45474926119607        0.81709151413122
C           -1.95719922696686       -1.37485129534096       -0.11132618944156
C           -2.95258749727884       -1.01598217457778       -1.00278396733273
C           -3.47955120747408        0.26452947707565       -0.97779915856980
C           -3.00347855048984        1.18847910334997       -0.06248239277280
C           -2.01052666875556        0.83122433618315        0.83299074793096
H            2.12086016937197       -1.16800259479530       -1.51998066831986
H            1.55620132302212        0.39930081580599       -2.11684341374930
H            3.28884588964791        0.02435164459787       -2.10006819204698
H            3.21674087549133       -0.09342299313233        0.40206482222034
H            2.02073924019188        2.50069414655350       -0.70234106578646
H            2.85103562572903        2.33293419433932        0.84685232674017
H            3.75060967630191        2.11872412767926       -0.66156854304948
H           -0.37070422666664       -0.12364005967763        2.61624816690885
H            0.22030830065802       -2.63226169886808        2.20706084161251
H           -1.54906870897608       -2.37442772165077       -0.11506540071679
H           -3.31920984584150       -1.73827524271015       -1.71752434895562
H           -4.26287872840286        0.54144890507322       -1.66791939762890
H           -3.41248510070812        2.18829166520434       -0.03935690293499
H           -1.64203139941052        1.54964763069671        1.55102354002685
28
 energy: -42.895855272038 gnorm: 0.007877081766 xtb: 6.7.1 (edcfbbe)
C            2.33563135014578       -0.10319148863682       -1.57134569581975
C            2.46114903828074        0.47214643379412       -0.16597858459767
C            2.79002013767602        1.95593347017232       -0.17010038447499
O            1.20152050969651        0.33227871982692        0.52960758919101
C            0.94884841228746       -0.82504939167732        1.09912727365516
O            1.67424074798262       -1.79399091477616        1.10608063020221
C           -0.40933821657572       -0.86280095258146        1.80951364415519
O           -0.61235989074678       -2.14271600799095        2.33026907929691
C           -1.48794054002401       -0.45754981116988        0.82817079600712
C           -1.95659296461273       -1.37838900744273       -0.10017983927865
C           -2.94285290464107       -1.01729122456994       -1.00121982246417
C           -3.46192242983733        0.26668220151072       -0.98487020336984
C           -2.98750974927510        1.19133885147379       -0.06952726818206
C           -2.00294881597576        0.83181525514899        0.83473975073840
H            2.10372764853853       -1.16491752719762       -1.52212424947114
H            1.54119736367769        0.40457232502666       -2.11431889214535
H            3.27297289214894        0.02452053221350       -2.10586402848333
H            3.21558434627315       -0.09284790494246        0.39508003857423
H            2.01466512276083        2.50311967198802       -0.70092934780332
H            2.84289849746147        2.33249916660491        0.84864851462968
H            3.74520735138019        2.12429366167584       -0.65915848339138
H           -0.37203730088141       -0.12831789621578        2.63089264067047
H            0.21101420864689       -2.64430390548825        2.17257211167797
H           -1.55349350107888       -2.38042146601436       -0.09862488685082
H           -3.30745442938519       -1.73969856005163       -1.71715170783090
H           -4.23835379135211        0.54579671145641       -1.68256320906045
H           -3.39065878848509        2.19400545388291       -0.05479974389868
H           -1.63521430408438        1.55248360398242        1.55128538212019
28
 energy: -42.896024472422 gnorm: 0.005217552779 xtb: 6.7.1 (edcfbbe)
C            2.31287547720253       -0.09678615670727       -1.56958409914404
C            2.45429038766636        0.47505828937261       -0.16483126326965
C            2.78387102614024        1.95874819595872       -0.17005359512918
O            1.20367773334560        0.33620079502975        0.54815542252278
C            0.94679104252202       -0.82817844939687        1.10479668155740
O            1.66125601732304       -1.80445501494886        1.08299795908958
C           -0.40706449998498       -0.86474549780884        1.82326527585083
O           -0.60543664540114       -2.14654616171216        2.34904460113535
C           -1.48502078609632       -0.46194746525283        0.83892801062021
C           -1.95618156394213       -1.38405607387846       -0.08646742886889
C           -2.93110577339908       -1.01957528089177       -0.99845441108602
C           -3.43727654757417        0.26967023802237       -0.99555756485231
C           -2.96437596609971        1.19402872260994       -0.07950278105338
C           -1.99091921937273        0.83077745919427        0.83515203709624
H            2.07726691762923       -1.15803626732446       -1.52181549588460
H            1.51592378591265        0.41545810890483       -2.10516387566228
H            3.24592358531348        0.02789672944730       -2.11270592165755
H            3.21610516686915       -0.09053667773548        0.38591582863356
H            2.00851964940938        2.50716624938200       -0.70011234351764
H            2.83830794436586        2.33553192533939        0.84862119850183
H            3.73845151665034        2.12729475695448       -0.66011835510368
H           -0.37277326041861       -0.13422525130257        2.64605245074681
H            0.19270127914981       -2.66177539419968        2.13735054424000
H           -1.56466099110296       -2.39093594083590       -0.07637875256150
H           -3.29526421298526       -1.74260493322833       -1.71382795306094
H           -4.20196542686613        0.55320445810527       -1.70488005910828
H           -3.35882033132952        2.20024413303869       -0.07446074900052
H           -1.62509630492558        1.55312450386607        1.55086574276191
28
 energy: -42.896114578022 gnorm: 0.010944726269 xtb: 6.7.1 (edcfbbe)
C            2.27871194467165       -0.08741145459263       -1.56454125218651
C            2.44412012136401        0.47976215554517       -0.16039961163603
C            2.77586388342670        1.96310064297526       -0.16858389652092
O            1.20637244190547        0.34105783042601        0.57524623625570
C            0.94123562765176       -0.83424250129769        1.10680833750149
O            1.64112759133747       -1.81896648739402        1.04773276762073
C           -0.40334103723322       -0.86670222515824        1.84073609131406
O           -0.59671479102010       -2.14682276672500        2.37613507901720
C           -1.47944487791344       -0.46690621493919        0.85220321476248
C           -1.95453635079064       -1.39230023070470       -0.06711823482223
C           -2.91457384101815       -1.02394853547382       -0.99322440647509
C           -3.40302790930027        0.27218701979298       -1.00984452082096
C           -2.93087231697679        1.19757300267339       -0.09464269737937
C           -1.97166688956303        0.83065638499664        0.83323548095416
H            2.03889353713670       -1.14740487717024       -1.51676355646911
H            1.47767913555447        0.43127289249988       -2.08751078122002
H            3.20517143370050        0.03421542177905       -2.11950826016235
H            3.21486648182444       -0.08884426938324        0.37594208114239
H            2.00018960694539        2.51166012682428       -0.69738255601448
H            2.83485113579227        2.34072291696368        0.84906834023107
H            3.72893614586536        2.12792567723101       -0.66246134259376
H           -0.36895960963797       -0.13543451921357        2.66113644958412
H            0.16572154288887       -2.69032766867851        2.07937797356817
H           -1.57708443278146       -2.40446021649881       -0.04539250557943
H           -3.27990988278396       -1.74920512032580       -1.70538000196882
H           -4.15309864073482        0.56005703126330       -1.73298842655998
H           -3.31418185836910        2.20793727009926       -0.10151495907474
H           -1.60632819194059        1.55484871448785        1.54686606132832
28
 energy: -42.896266377049 gnorm: 0.005904656578 xtb: 6.7.1 (edcfbbe)
C            2.25282040744695       -0.07852433397292       -1.55801114132776
C            2.43947464748688        0.48512021680607       -0.15436934203398
C            2.77516632476915        1.96808747792572       -0.16833679419648
O            1.21420791740127        0.34533579584496        0.59951878943968
C            0.94055752905632       -0.84168463573691        1.10656726322862
O            1.63213294719272       -1.82817751216437        1.01938874090699
C           -0.39908238252864       -0.87130870801145        1.84386912316134
O           -0.59603101460075       -2.15096993454721        2.38208019007002
C           -1.47330535488808       -0.47236271641645        0.85362945903723
C           -1.95493155923679       -1.39914851241878       -0.05980888972003
C           -2.90772521017422       -1.02697094778624       -0.99125275006100
C           -3.38298773378674        0.27361906115072       -1.01926345769214
C           -2.90857797439310        1.19825396174730       -0.10452324504463
C           -1.95688966168419        0.82766368027980        0.82863193585592
H            2.01124172679799       -1.13731871130328       -1.50919374857191
H            1.44686504272478        0.44529037178402       -2.06755757718311
H            3.17243940688005        0.04273702949040       -2.12396620271860
H            3.21840947305381       -0.08565434792115        0.36965424577259
H            1.99870381880832        2.51631062176840       -0.69483117666389
H            2.84374413372538        2.34866365551513        0.84688416755905
H            3.72539653735692        2.12436339402486       -0.67016703835883
H           -0.36519879392645       -0.13862016257250        2.66258424784187
H            0.14070336695302       -2.70275299710955        2.07893110147459
H           -1.58936283679273       -2.41513623263857       -0.03236390565294
H           -3.27829994803622       -1.75394232881465       -1.69852867932376
H           -4.12455558937109        0.56500584135342       -1.74883585769809
H           -3.28462906545409        2.21069245923916       -0.11493522637075
H           -1.59028615477891        1.55142851448643        1.54143687206612
28
 energy: -42.896337388306 gnorm: 0.005935423234 xtb: 6.7.1 (edcfbbe)
C            2.22682755816421       -0.07176766611895       -1.55257861526064
C            2.43343763463587        0.48824729108787       -0.14962484549046
C            2.77175354263153        1.97070598478409       -0.16574149315686
O            1.21941042765204        0.34953356621502        0.62179827245757
C            0.93912479903733       -0.84379405833975        1.11007290928397
O            1.61560682747182       -1.83955031791704        0.98848565651371
C           -0.39610778243091       -0.87428657277503        1.85292527133012
O           -0.59103575385099       -2.15113496249327        2.39472849727076
C           -1.46771967708069       -0.47532223120496        0.85878295597980
C           -1.95213661986929       -1.40435287698254       -0.05088561882989
C           -2.89840335558950       -1.03072026755330       -0.98839396613240
C           -3.36325462785445        0.27314967442950       -1.02684252899660
C           -2.88570676717140        1.20032540704948       -0.11601737493570
C           -1.94111430475943        0.82844072114313        0.82368289965289
H            1.98332345575063       -1.12976689740832       -1.50267330899752
H            1.41534259912327        0.45576457978706       -2.04926564381143
H            3.13927234500401        0.04913414188265       -2.13008507768084
H            3.21838203519615       -0.08511320428393        0.36258262762457
H            1.99308701292449        2.51982225295231       -0.68759118316501
H            2.84758191001286        2.35145313596551        0.84878718505353
H            3.71912023060365        2.12409922052684       -0.67386622675701
H           -0.36136143285774       -0.13963497754464        2.66913011245845
H            0.12167063724657       -2.71832059882761        2.05227127075329
H           -1.59471987497102       -2.42290579232385       -0.01547035617075
H           -3.27146211139043       -1.75947282461834       -1.69257822964385
H           -4.09762195315905        0.56595138220855       -1.76264115912943
H           -3.25281046468889        2.21615684708696       -0.13492739434539
H           -1.57048628977898        1.55335904327500        1.53316646792124
28
 energy: -42.896399950132 gnorm: 0.003961266883 xtb: 6.7.1 (edcfbbe)
C            2.20470167537836       -0.06571049367461       -1.54701236072542
C            2.43021002484461        0.48971108112250       -0.14484506766165
C            2.77119968306074        1.97157971735021       -0.16132479383458
O            1.22570975005007        0.35142692025961        0.63910867200810
C            0.93718837241725       -0.84580813633543        1.10898657573068
O            1.60142318255702       -1.84539976446988        0.96710711192609
C           -0.39395657039198       -0.87772854855871        1.85802858289743
O           -0.58663220552151       -2.14992440974402        2.40357976416903
C           -1.46314392684225       -0.47798910865934        0.86035471818871
C           -1.95030355387126       -1.40884333583196       -0.04641414554288
C           -2.89396432179167       -1.03463225865905       -0.98640774354704
C           -3.35136121840272        0.27099982388007       -1.03098393115620
C           -2.86752258608443        1.20175793851539       -0.12656114096064
C           -1.92621696390738        0.82971665774333        0.81617620795700
H            1.96111915481373       -1.12349004943078       -1.49612868795994
H            1.38585471739446        0.46347034368954       -2.02952207063431
H            3.10858710520527        0.05720605314820       -2.13710710736037
H            3.21931150231886       -0.08661420851724        0.35611293753132
H            1.98850947416295        2.52316182578124       -0.67470670458532
H            2.85666017912440        2.35064424512256        0.85329859593130
H            3.71426801898730        2.12440373664567       -0.67774153667209
H           -0.35674512711666       -0.13882231579753        2.67036134641526
H            0.10888922384375       -2.72676326480818        2.03737038661797
H           -1.59657402948260       -2.42794995781645       -0.00573016665016
H           -3.26988807482310       -1.76444198133152       -1.68823247763826
H           -4.08340847077420        0.56352467504536       -1.76834178939382
H           -3.22605785765630        2.22076952723153       -0.15297805879276
H           -1.54785715749097        1.55574528810194        1.52078398753874
28
 energy: -42.896451466608 gnorm: 0.003582638412 xtb: 6.7.1 (edcfbbe)
C            2.18586135057564       -0.05965033952505       -1.54167935951911
C            2.42989221733036        0.49038747354303       -0.14043984797119
C            2.77407319744179        1.97148757602443       -0.15581748131901
O            1.23469698512283        0.35338867837294        0.65590028805505
C            0.93632526957562       -0.84785605796372        1.10738296942213
O            1.58744622365575       -1.85310463321668        0.94479956545398
C           -0.39262726769379       -0.87925981308891        1.86132528743019
O           -0.58339518625114       -2.14907391532459        2.40733925356787
C           -1.45958570773401       -0.47955561543111        0.85999452502312
C           -1.94980971666757       -1.41255238598914       -0.04340624991498
C           -2.89287783322025       -1.03877457515501       -0.98459739472425
C           -3.34451262648851        0.26836495096478       -1.03453354309557
C           -2.85368038499878        1.20267805301982       -0.13718923331671
C           -1.91374638718232        0.83128372445144        0.80709442351600
H            1.94460222427840       -1.11810790032511       -1.49115224591934
H            1.35836438559303        0.46957635033758       -2.00946372861017
H            3.08022766407184        0.06717669541746       -2.14517230905203
H            3.22333239786278       -0.08931557280061        0.34854764746136
H            1.98579824245677        2.52692511103695       -0.65725418352590
H            2.87221057337302        2.34707335185478        0.85943171219693
H            3.71113852433024        2.12533647139416       -0.68299311285908
H           -0.35428082858728       -0.13812315959307        2.67157125340135
H            0.10194018676932       -2.72838556614496        2.03422245857848
H           -1.59805409501517       -2.43201652706513        0.00153068359605
H           -3.27202164897260       -1.76987944880326       -1.68363271665224
H           -4.07799898323389        0.55947489362543       -1.77083517264946
H           -3.20565933298631        2.22374152494660       -0.17002204559433
H           -1.52765944340398        1.55876065543940        1.50627966081710
28
 energy: -42.896490445023 gnorm: 0.003292411489 xtb: 6.7.1 (edcfbbe)
C            2.16351458595447       -0.05116915022685       -1.53659502217434
C            2.42991491956236        0.49175145292375       -0.13642216692040
C            2.77764032987063        1.97202254625619       -0.15000878547880
O            1.24569797074383        0.35571186638700        0.67614211796532
C            0.93473195605753       -0.85197015364211        1.10493422090350
O            1.57231231657874       -1.86186602749356        0.92111568064255
C           -0.39082004032027       -0.87998924370233        1.86662477701851
O           -0.58079939863530       -2.14886860796766        2.41513493213081
C           -1.45551095295709       -0.48192261929849        0.86122662208534
C           -1.95095967443986       -1.41793531543444       -0.03627760715202
C           -2.89074039623236       -1.04386221386363       -0.98123277452286
C           -3.33339600502436        0.26656093985735       -1.04086074664115
C           -2.83612164946451        1.20368215462286       -0.15009236567984
C           -1.89944635806251        0.83213874904911        0.79746376252346
H            1.92596503858730       -1.11078978222428       -1.48810403479621
H            1.32612865224851        0.47812786672722       -1.98749330455869
H            3.04693514159897        0.08085708171668       -2.15534242552127
H            3.22986008187053       -0.09193840762153        0.33785467813178
H            1.98305692139578        2.53200652503761       -0.63718939457977
H            2.89109872769604        2.34266482595826        0.86585361232372
H            3.70731449997222        2.12718147901171       -0.69001436816653
H           -0.35342249946989       -0.13804277436348        2.67540578089689
H            0.09041029045587       -2.73388076973926        2.02486668784430
H           -1.60511129241196       -2.43970572190459        0.01507670400181
H           -3.27396157455108       -1.77699159848675       -1.67599968830872
H           -4.06607675397472        0.55758943377412       -1.77892653422690
H           -3.18059386434522        2.22691808914095       -0.19107789136074
H           -1.50762097270181        1.56171937550861        1.49116863741647
28
 energy: -42.896523445756 gnorm: 0.004432629519 xtb: 6.7.1 (edcfbbe)
C            2.15205628948963       -0.04434678190156       -1.53512434001031
C            2.43331604210258        0.49088183639838       -0.13589888978652
C            2.78453518612297        1.97024853429727       -0.14382644878502
O            1.25605806806329        0.35498354455764        0.68662400619379
C            0.93595095300181       -0.85260169158142        1.10557314859291
O            1.56387200602223       -1.86437784780141        0.91272936804381
C           -0.39042359087752       -0.87849197348145        1.86751130726145
O           -0.58203883230704       -2.14803198518643        2.41607028706486
C           -1.45298079294472       -0.48192251291955        0.85878331233027
C           -1.95349544912524       -1.42055684377868       -0.03302049890114
C           -2.89381130878270       -1.04816241900754       -0.97802230442244
C           -3.33259426370340        0.26342239081232       -1.04306795984132
C           -2.82883099319853        1.20318054208187       -0.15914152557084
C           -1.89117753501588        0.83319868557947        0.78800460878842
H            1.92114442185226       -1.10592960806506       -1.49108833816331
H            1.30624555728262        0.48291287042068       -1.97222193037650
H            3.02620044037211        0.09631500988911       -2.16452270438159
H            3.23639376682615       -0.09685299585526        0.32782880914971
H            1.98362860175493        2.53603794363955       -0.61438605781448
H            2.91390953278000        2.33264175349899        0.87330504891208
H            3.70618116292558        2.12871679676212       -0.69642118021923
H           -0.35616958464577       -0.13714954755022        2.67619673307736
H            0.08679777308964       -2.73241490868427        2.02623516679537
H           -1.61144303354556       -2.44376435405421        0.02282608619830
H           -3.28130872037331       -1.78337601210915       -1.66811427130513
H           -4.06768050470512        0.55316519977244       -1.78020394067255
H           -3.16926319715010        2.22712813679717       -0.20591567621635
H           -1.49507199530909        1.56514623747166        1.47651928785469
28
 energy: -42.896553974484 gnorm: 0.002564176152 xtb: 6.7.1 (edcfbbe)
C            2.13307241456531       -0.03480203596504       -1.53246397934455
C            2.43425639529642        0.49127432617502       -0.13409859161999
C            2.78966333287028        1.96964228772127       -0.13736388898064
O            1.26714757972622        0.35560711035303        0.70430750628368
C            0.93659379901618       -0.85437265382971        1.10804407022371
O            1.54945004401518       -1.87291115534077        0.89090730786028
C           -0.38876221980459       -0.87735046540216        1.87205055438681
O           -0.58228933021027       -2.14759544578954        2.42132904886345
C           -1.44868570598205       -0.48249180674444        0.85941117872223
C           -1.95581630163717       -1.42484517929823       -0.02452951151609
C           -2.89319992194878       -1.05389547505444       -0.97270971892099
C           -3.32361529181272        0.26018024821713       -1.04849039312030
C           -2.81353530801607        1.20347262204603       -0.17218798789185
C           -1.87821178798510        0.83475893858152        0.77786012950208
H            1.90821264349475       -1.09795055510994       -1.49344854425706
H            1.27807912623411        0.49182890692922       -1.95250456501080
H            2.99659134870236        0.11488634357020       -2.17456909559332
H            3.24174044937436       -0.10159776012272        0.31610058117779
H            1.98262694737327        2.54073943092356       -0.59087478402017
H            2.93668885052861        2.32413840032244        0.88011377368939
H            3.70250410210796        2.12972286028688       -0.70401790754637
H           -0.35792698321767       -0.13727623187784        2.68088503561028
H            0.07537782335630       -2.73692562428570        2.01647428560192
H           -1.62142371583549       -2.45031258438708        0.03873258157678
H           -3.28569349354600       -1.79225050195648       -1.65648170679523
H           -4.05682496022955        0.54911915767844       -1.78810829586668
H           -3.14767620213454        2.22909849553121       -0.22751025400368
H           -1.47834363429943        1.57010834683065        1.46037427478563
28
 energy: -42.896573755230 gnorm: 0.001484361625 xtb: 6.7.1 (edcfbbe)
C            2.12893580616320       -0.02970893183098       -1.53345191523031
C            2.43517911546183        0.49042244679594       -0.13429976170246
C            2.79368293615689        1.96810571769476       -0.13354503310549
O            1.26979900469255        0.35434968448206        0.70664565369603
C            0.93644841905643       -0.85546129777522        1.10752238964310
O            1.54677400712964       -1.87397483892163        0.88824372619149
C           -0.38828861612936       -0.87617287575588        1.87194673719045
O           -0.58371576402980       -2.14645499791386        2.42208567707534
C           -1.44803975894204       -0.48200642378310        0.85930632588055
C           -1.95867017649941       -1.42638880596403       -0.02028311748781
C           -2.89567449926472       -1.05697832143437       -0.96912798810541
C           -3.32282199724089        0.25777583727408       -1.04993747027055
C           -2.81014579019639        1.20311722036204       -0.17737851397435
C           -1.87484671053393        0.83584657842820        0.77340840655902
H            1.90628345573140       -1.09328684468879       -1.49890724702674
H            1.27148517698432        0.49732296143469       -1.94689703846735
H            2.98917791266220        0.12520609858633       -2.17816191834172
H            3.24173736546200       -0.10615193989780        0.31211809336821
H            1.98533294836197        2.54221210395887       -0.57935902040750
H            2.94856839855420        2.31797570242775        0.88373792555819
H            3.70270759643790        2.12812351737372       -0.70573011522451
H           -0.35758370535930       -0.13609761269426        2.68074213159680
H            0.07306483972631       -2.73658647448996        2.01487434877958
H           -1.62741809557484       -2.45226432411166        0.04633570356194
H           -3.29069841964709       -1.79720205834030       -1.64927702590206
H           -4.05511235184410        0.54563215306022       -1.79030749315778
H           -3.14260423073493        2.22919176485497       -0.23578572633690
H           -1.47355686658219        1.57345396087069        1.45271336943658
28
 energy: -42.896603274041 gnorm: 0.002744883252 xtb: 6.7.1 (edcfbbe)
C            2.12383192620862       -0.01904381937466       -1.53676782359969
C            2.43694176445305        0.48823066901493       -0.13445986162543
C            2.80353975225859        1.96408206559414       -0.12513563579915
O            1.27235482356212        0.35273110967532        0.70755548120415
C            0.93537588095339       -0.85666691050564        1.10523551628945
O            1.54275772441770       -1.87541531357964        0.88367434435034
C           -0.38788279797752       -0.87413865233802        1.87018365955921
O           -0.58674395470536       -2.14406327245649        2.42084956962825
C           -1.44795563725306       -0.48018103512900        0.85857893356016
C           -1.96526296405542       -1.42895716736634       -0.01217283316493
C           -2.90289579990364       -1.06342744627177       -0.96156138270619
C           -3.32428461856300        0.25198608046782       -1.05201514203309
C           -2.80656456475970        1.20183716564705       -0.18712653134431
C           -1.87025407167245        0.83857278217406        0.76437016309765
H            1.90379119047818       -1.08309315266611       -1.51177569555268
H            1.26280200950781        0.51015396899968       -1.93823842984257
H            2.97941192310788        0.14557364587366       -2.18461118599545
H            3.23956472121460       -0.11691735324539        0.30612275085871
H            1.99282400342257        2.54499801114163       -0.55568185806574
H            2.97424227228081        2.30434083846607        0.89211361756318
H            3.70551508240121        2.12271214387639       -0.70820894994962
H           -0.35432489320685       -0.13307728304027        2.67848423792683
H            0.07225312857914       -2.73344322422750        2.01730035652990
H           -1.64012142647912       -2.45559342768869        0.06309931854634
H           -3.30309548736198       -1.80770505625739       -1.63408963853689
H           -4.05478713354373        0.53707332622341       -1.79398389394017
H           -3.13560012878156        2.22891899874721       -0.25158851901098
H           -1.46543272458046        1.58051230824796        1.43708053584909
28
 energy: -42.896619636739 gnorm: 0.002242774027 xtb: 6.7.1 (edcfbbe)
C            2.12012185680368       -0.01370635352157       -1.53852346329451
C            2.43670656854087        0.48762600546536       -0.13445533623649
C            2.80817258747147        1.96228131941435       -0.12091270666688
O            1.27223056857964        0.35303872482014        0.70784430125762
C            0.93418749874524       -0.85682205327106        1.10383024708834
O            1.54055338301016       -1.87596733825393        0.88027582371140
C           -0.38789029058416       -0.87382886504445        1.87032747074848
O           -0.58667154532101       -2.14320204323914        2.42158220936996
C           -1.44860668039938       -0.48013916782774        0.85914438544926
C           -1.96931827590235       -1.43114698992021       -0.00715898532011
C           -2.90632766398696       -1.06671886839903       -0.95779371722673
C           -3.32336710854142        0.24978155918461       -1.05398883569201
C           -2.80301901388898        1.20153365606361       -0.19268604517523
C           -1.86746926234047        0.83950660491077        0.76006995012319
H            1.89975643121025       -1.07775777906797       -1.51759981532596
H            1.25805862384926        0.51759381228920       -1.93506601632626
H            2.97414842737803        0.15372463457711       -2.18779297149852
H            3.23780073317967       -0.12172153398480        0.30312534432247
H            1.99656600710936        2.54731604864930       -0.54447286457662
H            2.98584442822075        2.29803419363829        0.89672688381088
H            3.70729493768420        2.12035396499305       -0.70858986114078
H           -0.35229814823926       -0.13178220345200        2.67781074247508
H            0.07215236738623       -2.73312474591430        2.01762297777509
H           -1.64684945971266       -2.45820022844756        0.07273139382644
H           -3.30878067441260       -1.81266456942117       -1.62708839900849
H           -4.05305472484530        0.53394567592034       -1.79709140050952
H           -3.12962354130681        2.22919478903086       -0.26045138971681
H           -1.46031802968562        1.58285175081037        1.42981118155312
28
 energy: -42.896638274802 gnorm: 0.001364785428 xtb: 6.7.1 (edcfbbe)
C            2.11900375011574       -0.00889620729584       -1.54154756645341
C            2.43576062465345        0.48716083118901       -0.13536686598162
C            2.81298469455853        1.96025113314829       -0.11687845507553
O            1.26942968960138        0.35390970769844        0.70434861122502
C            0.93279250236767       -0.85588692137618        1.10234090014038
O            1.54087604110563       -1.87480622657697        0.88037113294267
C           -0.38857553888130       -0.87367013663180        1.87015198155000
O           -0.58561560411838       -2.14239744867675        2.42206422190011
C           -1.45057780877818       -0.48059967231109        0.85969627952204
C           -1.97426789679838       -1.43331104535819       -0.00288273482255
C           -2.91084324971571       -1.06956220224680       -0.95439613588011
C           -3.32414214690062        0.24769897159797       -1.05498095612372
C           -2.80115663737059        1.20086891647295       -0.19688438194482
C           -1.86626539590846        0.83970643314727        0.75672203392759
H            1.89581369993492       -1.07247427862499       -1.52413151005475
H            1.25844904207185        0.52572259464292       -1.93673623710812
H            2.97382950090341        0.15847597418680       -2.18970548773444
H            3.23425083113933       -0.12637939458194        0.30118629370100
H            2.00219744384632        2.55021896385576       -0.53549444068207
H            2.99486735087456        2.29147337356751        0.90157137688701
H            3.71084265157940        2.11773937827617       -0.70648175226494
H           -0.35109267170237       -0.13043227704830        2.67664915616746
H            0.07533183029204       -2.73171874395487        2.02071673020567
H           -1.65409683924817       -2.46082845316615        0.08141351137010
H           -3.31548208949737       -1.81671668122562       -1.62100118621992
H           -4.05319207513451        0.53142798989567       -1.79927015405624
H           -3.12474208988509        2.22929058784112       -0.26816097758142
H           -1.45637960910329        1.58373483355802        1.42391771624103
28
 energy: -42.896672201299 gnorm: 0.001186441649 xtb: 6.7.1 (edcfbbe)
C            2.11813980947169        0.00190659764771       -1.54954999235226
C            2.43314559222891        0.48658280994310       -0.13853690680178
C            2.82311081476996        1.95608748504891       -0.10802420932342
O            1.26171511949278        0.35611235440834        0.69435546558645
C            0.93030822057473       -0.85313427096063        1.10022460128807
O            1.54478065459337       -1.87057873092652        0.88603807230120
C           -0.39054331397963       -0.87351590554404        1.86944412604807
O           -0.58241660662230       -2.14101829211222        2.42366678540378
C           -1.45556130207433       -0.48284423159064        0.86060378838495
C           -1.98686223816397       -1.43899148663245        0.00639713343943
C           -2.92252601534229       -1.07601301351612       -0.94649693992140
C           -3.32632031121580        0.24363720495643       -1.05683026707900
C           -2.79633408867502        1.19972982631930       -0.20620733618360
C           -1.86311051063524        0.83943645789536        0.74909925537534
H            1.88568295502438       -1.06004431476070       -1.53887873924625
H            1.26323532650214        0.54598338966802       -1.94489489113424
H            2.97700187442651        0.16554977370708       -2.19365163404882
H            3.22528526689133       -0.13631225313267        0.29700900061756
H            2.01572338324258        2.55749480193681       -0.51801207791915
H            3.01174298428301        2.27662505766082        0.91305552703377
H            3.72008746899248        2.11166592355626       -0.69957227219553
H           -0.35128284000458       -0.12790565974375        2.67388946849004
H            0.08447071591200       -2.72843851905657        2.02899310451916
H           -1.67199148143659       -2.46756960830645        0.09884776449359
H           -3.33254513463338       -1.82532835088239       -1.60747695569655
H           -4.05459635727900        0.52682753146173       -1.80266449126562
H           -3.11335202127799        2.22946494776014       -0.28460095995167
H           -1.44698796506402        1.58459047519752        1.41100468393434
28
 energy: -42.896684132615 gnorm: 0.000507186658 xtb: 6.7.1 (edcfbbe)
C            2.11545300733157        0.00489377165847       -1.55058668260702
C            2.43321403887675        0.48660838098943       -0.13964918884185
C            2.82505123959135        1.95537950649492       -0.10619232808077
O            1.26317364050386        0.35577424849749        0.69509376497024
C            0.93164086664886       -0.85303687569648        1.10171151541017
O            1.54621868974647       -1.87058963158329        0.88887885045803
C           -0.39050934131975       -0.87289573297655        1.86924426430501
O           -0.58294994768327       -2.14029782528826        2.42432530011872
C           -1.45435608628189       -0.48346445203119        0.85922032253611
C           -1.98748465641892       -1.43983218560960        0.00663356600122
C           -2.92387946999725       -1.07716418553413       -0.94542872468200
C           -3.32731213026616        0.24228073901188       -1.05625900927023
C           -2.79502954120776        1.19885198331556       -0.20786718800884
C           -1.86054466213672        0.83884777723935        0.74637704784898
H            1.87922354309304       -1.05614809971612       -1.54071748170907
H            1.26270613709716        0.55255516458448       -1.94592069945854
H            2.97475573574668        0.16567046236023       -2.19499588245507
H            3.22479433394685       -0.13824477095192        0.29370733552033
H            2.01911275813763        2.55864541412702       -0.51572828636105
H            3.01332105714849        2.27339907544800        0.91561485015111
H            3.72298947927452        2.11052161009787       -0.69672176371876
H           -0.35437697143516       -0.12734120312998        2.67376532643773
H            0.08464948304265       -2.72767185529624        2.03093008612720
H           -1.67461406170046       -2.46889626465285        0.09975272609176
H           -3.33620055566223       -1.82680087823722       -1.60454023384251
H           -4.05592274853059        0.52530788741500       -1.80155014086762
H           -3.11015308095980        2.22892807641290       -0.28844134297376
H           -1.44297075658419        1.58471986305361        1.40657510069692
28
 energy: -42.896702414472 gnorm: 0.000849393576 xtb: 6.7.1 (edcfbbe)
C            2.11019200806354        0.01119254768859       -1.55248080474908
C            2.43318580471221        0.48671610067710       -0.14119145736845
C            2.82884175712282        1.95423834481741       -0.10217727911731
O            1.26479498366667        0.35523064218483        0.69606504467206
C            0.93387345054758       -0.85290954665318        1.10438143875921
O            1.54973472644004       -1.87036726138858        0.89519511892731
C           -0.39033068231022       -0.87239624278451        1.86885303180961
O           -0.58293023952561       -2.13966884306239        2.42586625634253
C           -1.45254844853410       -0.48520432574363        0.85671942143800
C           -1.99067461759781       -1.44254226184668        0.00854802745252
C           -2.92879102562695       -1.08024283491784       -0.94192708973060
C           -3.32865432037307        0.23993467401878       -1.05629102974276
C           -2.79001079328773        1.19796604031652       -0.21360523682152
C           -1.85424011637126        0.83800175970037        0.73947207298294
H            1.86381545287351       -1.04761569101310       -1.54465276190538
H            1.26288680323275        0.56768277211820       -1.94756480464421
H            2.97099642771880        0.16458744772988       -2.19709478650947
H            3.22417272098695       -0.14211914104963        0.28739440960340
H            2.02616256670983        2.56126369447782       -0.51210044838647
H            3.01512416293643        2.26791365505996        0.92124262457341
H            3.72920420478527        2.10874625638587       -0.68952840734268
H           -0.35855388533660       -0.12661312878823        2.67308955121502
H            0.08549560037426       -2.72701029202808        2.03407953904995
H           -1.68082645819779       -2.47245192406188        0.10255043961753
H           -3.34548841719621       -1.83060120118881       -1.59747927249589
H           -4.06001409827103        0.52238894718139       -1.79892547276471
H           -3.10276999152540        2.22850772985283       -0.29670058835417
H           -1.43264757601518        1.58537208231929        1.39549356728563
28
 energy: -42.896720617324 gnorm: 0.001201357860 xtb: 6.7.1 (edcfbbe)
C            2.10427925863226        0.01910548874251       -1.55478329990932
C            2.43276953444210        0.48696608999004       -0.14229758233859
C            2.83362542317675        1.95289706067588       -0.09704741692035
O            1.26537846474814        0.35522910066168        0.69654956497521
C            0.93594054352732       -0.85257506278398        1.10660932033327
O            1.55351704278446       -1.86961866191851        0.90044527746125
C           -0.38993687766560       -0.87259017380447        1.86819068221972
O           -0.58219320312734       -2.13960870919669        2.42667234359180
C           -1.45116649657735       -0.48714668468708        0.85433317479698
C           -1.99541111278785       -1.44611686575053        0.01204524977583
C           -2.93521419928674       -1.08435107263094       -0.93712024312728
C           -3.33080209546894        0.23674944484540       -1.05605437463852
C           -2.78449585735555        1.19685659098968       -0.22050175361643
C           -1.84689452052055        0.83744794360613        0.73090380362628
H            1.84459520317790       -1.03671673210087       -1.54951547561196
H            1.26394917599451        0.58689446021257       -1.94893960597300
H            2.96717862305600        0.16302631286146       -2.19895002105365
H            3.22262572464507       -0.14664519525759        0.28143039324685
H            2.03489162347542        2.56441468435804       -0.50809327866143
H            3.01702131309457        2.26229285117413        0.92823378300659
H            3.73691232815455        2.10612851273741       -0.68027136053277
H           -0.36067450779190       -0.12633689053195        2.67194896610369
H            0.08695906012915       -2.72685440790438        2.03609676406283
H           -1.69071374114689       -2.47725220439894        0.11005609403272
H           -3.35793355966608       -1.83620576041820       -1.58717364748052
H           -4.06360823120738        0.51868600583441       -1.79747571117119
H           -3.09149213639670        2.22872175574108       -0.30900605987900
H           -1.41910678003768        1.58660211895600        1.38094551747737
28
 energy: -42.896740144981 gnorm: 0.001036034971 xtb: 6.7.1 (edcfbbe)
C            2.09896482790843        0.02778216446536       -1.55722300304164
C            2.43197253283401        0.48752503018239       -0.14304263800058
C            2.83900455443878        1.95153870883001       -0.09150549758690
O            1.26482851385228        0.35579980303868        0.69605533637095
C            0.93677085865430       -0.85215530088071        1.10681253699028
O            1.55631559330909       -1.86841818534285        0.90270612878716
C           -0.38957446021222       -0.87322864068194        1.86742949707706
O           -0.58103169534923       -2.13994452538639        2.42648994492795
C           -1.45095767041237       -0.48894186098636        0.85311845183670
C           -2.00267044405460       -1.45023898061353        0.01848045228602
C           -2.94324184617004       -1.08923651535292       -0.93034433414426
C           -3.33175029763420        0.23323964614417       -1.05678873822290
C           -2.77727959178173        1.19581829315851       -0.22935254138513
C           -1.83925622577090        0.83725347196526        0.72179136938171
H            1.82562864869194       -1.02468539370836       -1.55470143635345
H            1.26611232071873        0.60716085316948       -1.95034602984764
H            2.96414965019187        0.16209066232664       -2.20026986298097
H            3.21972429478582       -0.15142509252031        0.27650493861583
H            2.04460253183621        2.56801506489414       -0.50372329155613
H            3.01953955707549        2.25678924459078        0.93556153797541
H            3.74526568706159        2.10269847044524       -0.67055799077954
H           -0.36117825111514       -0.12637109080265        2.67071802199100
H            0.08885204157503       -2.72686865121869        2.03663945728764
H           -1.70271857807023       -2.48226118888012        0.12168198212002
H           -3.37143316964985       -1.84285727419559       -1.57475918213269
H           -4.06609614566142        0.51422427389968       -1.79708635501876
H           -3.07929178617065        2.22871359987268       -0.32291692442118
H           -1.40525145087935        1.58798341358960        1.36585927362042
28
 energy: -42.896763880989 gnorm: 0.000613047538 xtb: 6.7.1 (edcfbbe)
C            2.09397990504045        0.03814584715216       -1.56024173630865
C            2.43060369861321        0.48840827978436       -0.14361494162157
C            2.84563667358458        1.94994777716060       -0.08480776876195
O            1.26321439140279        0.35721529411742        0.69504712489310
C            0.93656243498432       -0.85123026026392        1.10596942174826
O            1.55730894566359       -1.86666863790167        0.90136916330995
C           -0.38947714031245       -0.87429713772381        1.86674271778578
O           -0.57912931479049       -2.14101916529357        2.42536225740078
C           -1.45173315650982       -0.49065640976794        0.85271511316555
C           -2.01241733540339       -1.45515186063140        0.02778108426976
C           -2.95319572539130       -1.09540899145824       -0.92147499509700
C           -3.33255160565969        0.22881889910484       -1.05799254082207
C           -2.76921511263764        1.19441551670282       -0.23994633774256
C           -1.83116483417034        0.83730141399862        0.71160435469537
H            1.80645827181634       -1.01053737423028       -1.56161379553007
H            1.26934985011278        0.62979550537159       -1.95204470780127
H            2.96167258304536        0.16303725086079       -2.20154807789875
H            3.21549221301781       -0.15691165856367        0.27162325494103
H            2.05631578969350        2.57275663403972       -0.49755384097932
H            3.02412765482464        2.25031407823780        0.94411188652590
H            3.75479696337568        2.09814931632571       -0.65987135211984
H           -0.36036257015520       -0.12699845885259        2.66976977522418
H            0.09195806105371       -2.72697782705748        2.03600963757023
H           -1.71951795335556       -2.48834564708561        0.13992541318156
H           -3.38846147122272       -1.85164486480525       -1.55815138012981
H           -4.06686849515647        0.50879923026588       -1.79879198046612
H           -3.06400299249662        2.22877254790326       -0.34124603173610
H           -1.38937972896553        1.58997070261200        1.34809938609995
28
 energy: -42.896791375616 gnorm: 0.000686860267 xtb: 6.7.1 (edcfbbe)
C            2.08921084172479        0.05100914846263       -1.56411169232566
C            2.42927939972911        0.48958028984702       -0.14433810221776
C            2.85419677285082        1.94794673070191       -0.07633758655925
O            1.26108408966763        0.35919139777666        0.69303800104406
C            0.93466873470770       -0.85004041101704        1.10250299009225
O            1.55629630080589       -1.86472889575244        0.89637745314191
C           -0.38959714848647       -0.87520538254111        1.86608068251181
O           -0.57635325971598       -2.14205622639118        2.42414162084140
C           -1.45384875325111       -0.49262095398925        0.85340670636579
C           -2.02626501498949       -1.46128932090150        0.04137258259825
C           -2.96632154869569       -1.10334404574407       -0.90931267372653
C           -3.33327344401125        0.22300850286598       -1.05969622482780
C           -2.75909765671201        1.19238198841104       -0.25355814346405
C           -1.82164054255858        0.83734547674555        0.69928109505490
H            1.78756071692993       -0.99364737215878       -1.57105530903601
H            1.27325215424586        0.65552234646146       -1.95415922591894
H            2.95968681883632        0.16736130622715       -2.20298307563944
H            3.21015898978602       -0.16356516576117        0.26634248243520
H            2.07052263274548        2.57873920515489       -0.48798189951718
H            3.03198415556987        2.24169601792836        0.95468936941182
H            3.76592482736157        2.09260497642590       -0.64806420909009
H           -0.35899903577141       -0.12745390530071        2.66887224487687
H            0.09599283840069       -2.72658477214271        2.03458672418678
H           -1.74189403056592       -2.49555582393745        0.16509555158677
H           -3.40994274501944       -1.86269783711262       -1.53647483186553
H           -4.06644721557366        0.50173199392063       -1.80220921766958
H           -3.04506819278724        2.22825868369846       -0.36496051464325
H           -1.37107068522197        1.59241204812448        1.32668630614954
28
 energy: -42.896820842194 gnorm: 0.001165606982 xtb: 6.7.1 (edcfbbe)
C            2.08491751658968        0.06609045812487       -1.56881991666123
C            2.42800308516011        0.49091760482238       -0.14539003763187
C            2.86432244012668        1.94542950603459       -0.06622097498339
O            1.25945025963251        0.36150405328110        0.69150066485359
C            0.93280386628405       -0.84838806691065        1.09930461164545
O            1.55305067771539       -1.86296187404488        0.88828803967170
C           -0.38993631501512       -0.87581453993359        1.86530332858697
O           -0.57308865106921       -2.14288789490771        2.42305920090844
C           -1.45665107013235       -0.49476954467892        0.85432062415257
C           -2.04297730022647       -1.46810092001464        0.05778588720054
C           -2.98227968926274       -1.11254105125230       -0.89452683732412
C           -3.33405878267834        0.21602986737489       -1.06209109084631
C           -2.74733123478334        1.18962555709053       -0.27005646140047
C           -1.81099818959837        0.83708847641810        0.68478680137646
H            1.77033414016801       -0.97459236491541       -1.58307904106696
H            1.27708036706806        0.68314480203517       -1.95565633480011
H            2.95762206588276        0.17592537848611       -2.20558326736969
H            3.20434316628532       -0.17113846472126        0.25971062903203
H            2.08627669993064        2.58569377073195       -0.47406261507175
H            3.04357145395306        2.23038710365279        0.96708786133049
H            3.77773829545309        2.08669068078444       -0.63595014951810
H           -0.35774041654011       -0.12776833350408        2.66787397094049
H            0.10049953299387       -2.72567412385781        2.03280057044426
H           -1.76964203080455       -2.50361252244624        0.19604724610480
H           -3.43648613051193       -1.87551294107135       -1.50980090338475
H           -4.06615183180399        0.49301750540858       -1.80640633186027
H           -3.02286295900440        2.22702542473738       -0.39383223866957
H           -1.34980896581092        1.59519245327794        1.30083786813702
28
 energy: -42.896853356526 gnorm: 0.001595715163 xtb: 6.7.1 (edcfbbe)
C            2.08070126017499        0.08390549012252       -1.57386944602683
C            2.42790696007017        0.49226111660400       -0.14643212647288
C            2.87655725442597        1.94231845377321       -0.05388294379597
O            1.25841238919126        0.36362360290962        0.68919605135856
C            0.92939540673360       -0.84707952533772        1.09292312510217
O            1.54819873688786       -1.86185082110191        0.87799635802907
C           -0.39021059513332       -0.87563997334760        1.86431164802611
O           -0.56903223485896       -2.14254702495898        2.42332266289424
C           -1.45973065877707       -0.49724242949899        0.85508092379284
C           -2.06298152969240       -1.47577643106578        0.07751964807684
C           -3.00182674102746       -1.12323767498365       -0.87636646510344
C           -3.33645693518488        0.20721695858012       -1.06400462544800
C           -2.73426388842015        1.18567240277485       -0.28943865268737
C           -1.79810504873770        0.83643974642136        0.66680529326889
H            1.75454320915039       -0.95297796129315       -1.59765712909516
H            1.28020184134607        0.71326839289142       -1.95578822821814
H            2.95504533901113        0.18969074922940       -2.20885933213937
H            3.19896872005048       -0.18013997959508        0.25190809761762
H            2.10376126036390        2.59330832588488       -0.45481411254676
H            3.05953021487002        2.21605227750797        0.98189250949029
H            3.79047879872419        2.08088434519526       -0.62332500961340
H           -0.35624996261035       -0.12647388955427        2.66590539925127
H            0.10410683179687       -2.72425612831528        2.03048737767517
H           -1.80255357913204       -2.51230326359857        0.23253345375802
H           -3.46868013321049       -1.89008411497729       -1.47737260372319
H           -4.06653035259226        0.48217050996972       -1.81110765620749
H           -2.99664138146191        2.22472307192352       -0.42885105518221
H           -1.32454518195664        1.59807377384228        1.26911794171529
28
 energy: -42.896894529284 gnorm: 0.002135626800 xtb: 6.7.1 (edcfbbe)
C            2.07557093393705        0.10774049121311       -1.58042462546071
C            2.42870683822643        0.49376654115790       -0.14804633658724
C            2.89293599796216        1.93773738747585       -0.03703056688355
O            1.25945187522442        0.36585264013477        0.68805582549501
C            0.92703005445434       -0.84553063107287        1.08690433389864
O            1.54090095621909       -1.86160314610764        0.86351471007581
C           -0.39024344519951       -0.87458919023123        1.86242531348261
O           -0.56447203288291       -2.14058007089734        2.42446484542642
C           -1.46334590744681       -0.50035909085193        0.85516003859497
C           -2.08943848835323       -1.48511007759390        0.10354668852786
C           -3.02836140894595       -1.13685267779401       -0.85182138323551
C           -3.34019103472052        0.19529085410483       -1.06673212076227
C           -2.71649253223780        1.17981598819691       -0.31663628779404
C           -1.78048830412646        0.83502381614722        0.64131058054199
H            1.73777916600143       -0.92500217386948       -1.61726772699484
H            1.28197183330648        0.75100050629616       -1.95337792754341
H            2.95051917754100        0.21191915202413       -2.21480064781486
H            3.19336189345087       -0.19170340425996        0.24041221443471
H            2.12541550049647        2.60250285072554       -0.42558843385414
H            3.08340953384004        2.19524167978041        1.00174859876251
H            3.80583628123132        2.07431293510406       -0.60852602161110
H           -0.35478932875836       -0.12373954117772        2.66229723954065
H            0.10631354795305       -2.72219557920762        2.02726593608862
H           -1.84607461191748       -2.52239509134495        0.28035359708236
H           -3.51291039623661       -1.90851813123996       -1.43279621104574
H           -4.06975218917422        0.46682420979131       -1.81560809060148
H           -2.96248914634505        2.22004624226710       -0.47615674822656
H           -1.29015476349811        1.60110351123096        1.22458431025940
28
 energy: -42.896932360038 gnorm: 0.002298157945 xtb: 6.7.1 (edcfbbe)
C            2.07101442084812        0.12924999882034       -1.58542331625378
C            2.43064350196421        0.49480004848518       -0.14918013907729
C            2.90831553280540        1.93312546093910       -0.02184188149899
O            1.26186572252929        0.36725168286404        0.68773807657359
C            0.92479667780328       -0.84474421368054        1.08065049412594
O            1.53386264921680       -1.86226792062269        0.85061432210297
C           -0.39000916315136       -0.87278553889186        1.86052871810114
O           -0.56075202599744       -2.13727687905003        2.42691904970279
C           -1.46578491382057       -0.50280000257011        0.85425126896058
C           -2.11182600034563       -1.49223956781696        0.12609210706789
C           -3.05201894376676       -1.14822990671987       -0.82963923546013
C           -3.34481918325717        0.18412867400746       -1.06854178039654
C           -2.70205765878917        1.17336666587198       -0.34085366381841
C           -1.76509122617401        0.83296061370879        0.61765265934274
H            1.72547700075166       -0.90041985637013       -1.63440344917110
H            1.28127339916316        0.78294824810924       -1.94813199668090
H            2.94499464544134        0.23501429639448       -2.22085880241017
H            3.18991053822332       -0.20232777536275        0.22924741976245
H            2.14429184240488        2.60980706108002       -0.39680662617080
H            3.10743138875349        2.17518827211918        1.01917158584851
H            3.81889459302043        2.06927875372052       -0.59710400173524
H           -0.35329144656112       -0.11955902267879        2.65803813755148
H            0.10531750381666       -2.72051463563442        2.02405813740290
H           -1.88335178833992       -2.52952186138238        0.32213397788800
H           -3.55211440150175       -1.92354244799279       -1.39245834636764
H           -4.07454446487167        0.45227036801155       -1.81849067623300
H           -2.93319318513036        2.21415173238685       -0.51909308130292
H           -1.25923501503412        1.60268775225611        1.18296214594198
28
 energy: -42.896983795803 gnorm: 0.003068451571 xtb: 6.7.1 (edcfbbe)
C            2.06313623315121        0.16334810655607       -1.59234209046150
C            2.43516118453179        0.49590205987140       -0.15089400077024
C            2.93351300900428        1.92494396214874        0.00229740559331
O            1.26836814632483        0.36881849294536        0.68895006961557
C            0.92263360560176       -0.84397011749416        1.07167213057607
O            1.52222696786100       -1.86451723468985        0.82987940683560
C           -0.38910604112449       -0.86871742090194        1.85708029637342
O           -0.55581959027015       -2.12993072924393        2.43202710678459
C           -1.46856662000088       -0.50607415250797        0.85156133221979
C           -2.14552000772401       -1.50201295590117        0.16072879311147
C           -3.08859273160892       -1.16514053806041       -0.79486633309879
C           -3.35346436613473        0.16604534670959       -1.07086573600040
C           -2.68034451639080        1.16211806244394       -0.37963154888450
C           -1.74064219664484        0.82914195929319        0.57872375110788
H            1.70859330563344       -0.86224280409600       -1.66081273703764
H            1.27666243498218        0.83133751419926       -1.93614539028864
H            2.93380613087932        0.27524115906534       -2.23141515155869
H            3.18632845512688       -0.21920557518979        0.21042366867283
H            2.17368371946747        2.61982998728331       -0.34823049500030
H            3.14880340424341        2.14160059604572        1.04614324745354
H            3.83868169107323        2.06179250633633       -0.58138814537307
H           -0.35111336001043       -0.11108136297417        2.65010802269945
H            0.09986244581252       -2.71787328885025        2.01872230318763
H           -1.93909390714287       -2.53813998758675        0.38590754854783
H           -3.61300180735965       -1.94557803115904       -1.32851344751193
H           -4.08469549445433        0.42829636635673       -1.82142732125949
H           -2.88981964004301        2.20237889098491       -0.58651440147871
H           -1.21168045478345        1.60368918841685        1.11605281974086
28
 energy: -42.897034498296 gnorm: 0.001903028226 xtb: 6.7.1 (edcfbbe)
C            2.05703655559927        0.18718095751911       -1.59542057518767
C            2.44040409995230        0.49581137553789       -0.15187862742877
C            2.95282038074917        1.91751449413020        0.01872860474633
O            1.27658355652315        0.36899720462172        0.69223139331808
C            0.92209130433884       -0.84408266095505        1.06580653896702
O            1.51232472041390       -1.86774519452027        0.81433048765678
C           -0.38795073910899       -0.86385406355949        1.85432681303795
O           -0.55352103316776       -2.12144443045540        2.43796786330453
C           -1.46945580380484       -0.50744262421216        0.84834929228298
C           -2.16553208867360       -1.50574951869023        0.18306646816351
C           -3.11194460923318       -1.17459145738710       -0.77137434320492
C           -3.36087887239048        0.15296176333222       -1.07204451507796
C           -2.66851243673633        1.15182149704493       -0.40623621150239
C           -1.72572854708795        0.82469633106661        0.55098647397203
H            1.70216602911034       -0.83688278594611       -1.67800735388314
H            1.26772962985693        0.86055107518934       -1.92123391514908
H            2.92217282854999        0.31006767227515       -2.24037266065439
H            3.18651976606349       -0.23117782054950        0.19529819390647
H            2.19380648877438        2.62396273578696       -0.30962413311717
H            3.18363596954559        2.11484355769235        1.06311956994107
H            3.85121690678338        2.05713879479991       -0.57495138963311
H           -0.34953225176990       -0.10200993679822        2.64295713466220
H            0.09006017001228       -2.71586924165550        2.01464737123069
H           -1.97210753179046       -2.53907090266373        0.42699813014872
H           -3.65175802142961       -1.95701286529803       -1.28470367577394
H           -4.09491949623092        0.41032427447761       -1.82151902400025
H           -2.86506232308700        2.18964530941898       -0.63255878861450
H           -1.18166465176137        1.60141645979892        1.06834198168480
28
 energy: -42.897005150445 gnorm: 0.007347601173 xtb: 6.7.1 (edcfbbe)
C            2.04109531890653        0.24346624651829       -1.60191801674114
C            2.45123838852801        0.49716947873668       -0.15381391541068
C            2.99666038757771        1.90239109885059        0.05701006019798
O            1.29428671110924        0.36983530301794        0.69952138831112
C            0.92226889788643       -0.84426523390860        1.05297741206160
O            1.49422911014798       -1.87308338736188        0.78113429105504
C           -0.38482101243570       -0.85509531418860        1.84682481775652
O           -0.54790041441691       -2.10527239928823        2.44778538443997
C           -1.46998677110598       -0.51190037471602        0.83927853344924
C           -2.21464035403472       -1.51868332803577        0.23540788644335
C           -3.16973252460019       -1.19994317981846       -0.71500733832943
C           -3.37813468741371        0.12297331438229       -1.07400005742133
C           -2.63651962242688        1.13089686113348       -0.46980566661223
C           -1.68605423898027        0.81632304389791        0.48402451577960
H            1.67554025462810       -0.77540990558472       -1.71584781821876
H            1.25147054850184        0.93619218995797       -1.89088900241864
H            2.89698873375365        0.38299348550237       -2.25698732709928
H            3.18474773193672       -0.25810424591300        0.16136500206221
H            2.24369287097453        2.63559965859299       -0.22743963087394
H            3.25638189994091        2.05690767182357        1.10288613441045
H            3.88368702345827        2.04699653374214       -0.55305731350237
H           -0.34758877530615       -0.08478915835759        2.62657787263782
H            0.07007513857540       -2.71300908130788        2.00434124137948
H           -2.05469186246363       -2.54859736786653        0.52463667339703
H           -3.74815507559389       -1.98895152994120       -1.17966224922420
H           -4.11895847384126        0.37019338113893       -1.82012123596409
H           -2.80070806983768        2.16564018874065       -0.74216137511980
H           -1.10447113346808        1.59952605025341        0.95417083735017
28
 energy: -42.897089964340 gnorm: 0.001851327839 xtb: 6.7.1 (edcfbbe)
C            2.04149477113876        0.23432282320459       -1.59728532448731
C            2.45194197215370        0.49654075408620       -0.15295954943804
C            2.99141083488714        1.90348302977023        0.04959846231424
O            1.29655780198518        0.36845937571131        0.70223668934777
C            0.92480618582881       -0.84518416512942        1.05642687245185
O            1.49751517253319       -1.87336489904574        0.78685729990344
C           -0.38420180895488       -0.85484449454958        1.84683286593590
O           -0.55054905689158       -2.10471741214057        2.44749343988722
C           -1.46709571564311       -0.51049384852525        0.83751273354048
C           -2.20177500419539       -1.51406129940032        0.22334900682073
C           -3.15799630112818       -1.19368734527414       -0.72519014914928
C           -3.37757175135878        0.12773884931384       -1.07225690738697
C           -2.64483604556545        1.13239290459605       -0.45904575003591
C           -1.69312489170656        0.81606193632252        0.49288548928356
H            1.68147848447446       -0.78660221438772       -1.70566975471665
H            1.24741841209452        0.92001999636116       -1.88803444033922
H            2.89579399075965        0.37657655821865       -2.25376816300626
H            3.18802630120464       -0.25310815489959        0.16457830465559
H            2.23694214330449        2.63011962549741       -0.23912843938452
H            3.24839278239734        2.06411854358264        1.09282253229927
H            3.87836656283348        2.04991344798193       -0.55975072127569
H           -0.34900736826456       -0.08497654150490        2.62685163151226
H            0.06532724771311       -2.71424369559710        2.00539722348659
H           -2.03389915852594       -2.54320801963701        0.50291787455633
H           -3.72882871470573       -1.98009901492468       -1.19746176543578
H           -4.12009363969491        0.37638178056354       -1.81602153749783
H           -2.81721129913281        2.16574776367346       -0.72269323802938
H           -1.11928190754029        1.59671371613332        0.97073641798330
28
 energy: -42.897099316993 gnorm: 0.000992645617 xtb: 6.7.1 (edcfbbe)
C            2.03656540391269        0.24302196443823       -1.59685218234498
C            2.45319316879934        0.49716850175683       -0.15321738913940
C            2.99904236102777        1.90111664274641        0.05487617738818
O            1.30078606938521        0.36926424703173        0.70628970333214
C            0.92531854874664       -0.84482629481624        1.05528485174850
O            1.49477862425295       -1.87366963304320        0.78083641259276
C           -0.38358961214836       -0.85317283837467        1.84580737551051
O           -0.54967454704015       -2.10165769555377        2.44943858966644
C           -1.46708531650241       -0.51157810974500        0.83574760089936
C           -2.20707205347429       -1.51515285663585        0.23001906319685
C           -3.16423187065979       -1.19620834796610       -0.71786994314685
C           -3.38029450097546        0.12355071358024       -1.07226882301754
C           -2.64171390474188        1.12794862593943       -0.46836436617475
C           -1.68821901635202        0.81338481477262        0.48230058989948
H            1.67633786591387       -0.77670865018729       -1.70812908275762
H            1.24146561547140        0.92861987175176       -1.88109507021389
H            2.88728879483073        0.38764546868321       -2.25663270483323
H            3.18808943298293       -0.25671214161432        0.15716488783040
H            2.24670052741161        2.63386996105092       -0.22616669172896
H            3.26207224135807        2.05324635945079        1.09845529322324
H            3.88427904386268        2.04649770951619       -0.55714809920483
H           -0.34878037442459       -0.08200468807910        2.62438342017213
H            0.05966316933960       -2.71415366181095        2.00377421606835
H           -2.04113859989317       -2.54257321154257        0.51430871898196
H           -3.74032199285278       -1.98289186672186       -1.18233012727341
H           -4.12478309999936        0.37114459822519       -1.81437643370904
H           -2.81038389398821        2.16014100054436       -0.73882095228416
H           -1.10829208424278        1.59468951660375        0.95181606911402
28
 energy: -42.897108228925 gnorm: 0.000911581107 xtb: 6.7.1 (edcfbbe)
C            2.02932322470080        0.25751277881149       -1.59629523444803
C            2.45578092823364        0.49807027776477       -0.15289936507104
C            3.01203455582244        1.89693546876848        0.06355372543708
O            1.30675254929575        0.37066770982907        0.71124869568181
C            0.92604145881736       -0.84396398721289        1.05308434766862
O            1.49066762163234       -1.87361514681473        0.77148223680859
C           -0.38254883988709       -0.85091403178139        1.84374641007332
O           -0.54828917233411       -2.09753299450951        2.45134954863407
C           -1.46572259561757       -0.51267774577982        0.83175528023130
C           -2.21650387237909       -1.51739143861152        0.24082605582822
C           -3.17690048947647       -1.20164811350292       -0.70485536834234
C           -3.38553651772931        0.11600335166354       -1.07187887160440
C           -2.63409432268014        1.12153132066936       -0.48483376126736
C           -1.67800840730280        0.80995858778072        0.46423657786439
H            1.66339306952094       -0.75983949212771       -1.71403365324919
H            1.23554103360399        0.94927393577187       -1.87017432602153
H            2.87645427890883        0.40332417172193       -2.25991295058366
H            3.18776433346987       -0.26257685187219        0.14780811073654
H            2.26364501987416        2.63661867972514       -0.20863296927976
H            3.28031427096398        2.03918657792325        1.10691595230505
H            3.89560201948311        2.04090502839828       -0.55104510598910
H           -0.34848493151003       -0.07786947318087        2.62029486434838
H            0.05257562278997       -2.71404446648901        2.00073046460028
H           -2.05774384157855       -2.54357282125404        0.53631189238400
H           -3.76155214638029       -1.98896772139259       -1.15717527367523
H           -4.13278942043010        0.36148505168407       -1.81194028751651
H           -2.79703116543633        2.15178419800622       -0.76519658161212
H           -1.09068426437515        1.59135714601164        0.92276068985426
28
 energy: -42.897111182022 gnorm: 0.002063849943 xtb: 6.7.1 (edcfbbe)
C            2.01904864750143        0.27834398959043       -1.59529608207670
C            2.45873834455316        0.49967957070095       -0.15217169807639
C            3.03050003263488        1.89086374057461        0.07498887750991
O            1.31368320957084        0.37320237961954        0.71709198167038
C            0.92590929264238       -0.84227643709569        1.04888456214173
O            1.48442844264218       -1.87246519896379        0.75749409005589
C           -0.38129957187603       -0.84835133382634        1.84120197872168
O           -0.54540940984700       -2.09268191514803        2.45369320944527
C           -1.46566269493987       -0.51488534460350        0.82826786083663
C           -2.23127920520265       -1.52122440465141        0.25764097762874
C           -3.19483156124429       -1.20974662514398       -0.68629350752190
C           -3.39167210183915        0.10538171734917       -1.07189196111904
C           -2.62475071477353        1.11168611256735       -0.50624249396265
C           -1.66557757373456        0.80450804400673        0.44124823948628
H            1.64091958674585       -0.73438228970731       -1.72082022075145
H            1.23008207046586        0.98211546268058       -1.85544887178330
H            2.86274527492474        0.42231279061114       -2.26357207816971
H            3.18558952309313       -0.27086311010938        0.13594208164140
H            2.28923870164872        2.64071745853201       -0.18749689583168
H            3.30357049405992        2.02067475071594        1.11845698320450
H            3.91331862748981        2.03111634911566       -0.54139874505970
H           -0.34796084758024       -0.07289161075245        2.61518731067170
H            0.04421711094161       -2.71411096931166        1.99504835267991
H           -2.08003446537083       -2.54453709515245        0.56660006202788
H           -3.79122153883821       -1.99801751778177       -1.12216016946116
H           -4.14225950036901        0.34788840735536       -1.80963711659140
H           -2.77673052277450        2.14029963845096       -0.80303097953643
H           -1.06329965052459        1.58764344037788        0.88094535601514
28
 energy: -42.897117170978 gnorm: 0.001139172261 xtb: 6.7.1 (edcfbbe)
C            2.01924422309600        0.27652145171327       -1.59481524880945
C            2.45791819005357        0.49987278769816       -0.15202233779463
C            3.02912928457486        1.89129602637227        0.07311025409016
O            1.31264319026282        0.37362948314584        0.71681832652456
C            0.92565176841698       -0.84187083477038        1.04923065252504
O            1.48491988221894       -1.87163934272180        0.75814289749715
C           -0.38143222775750       -0.84886073226467        1.84161083771881
O           -0.54528930504269       -2.09372128392487        2.45283173712187
C           -1.46562546742930       -0.51460458471478        0.82881407241081
C           -2.22906153428836       -1.52062914895281        0.25554251247323
C           -3.19215708494358       -1.20879203286371       -0.68871039644788
C           -3.39059380330686        0.10646767501316       -1.07204023625678
C           -2.62565041088684        1.11240412699154       -0.50397429821823
C           -1.66687074003654        0.80488717017739        0.44382392889142
H            1.63916067024446       -0.73545749936545       -1.71807380810248
H            1.23215695015862        0.98106558257990       -1.85694539336968
H            2.86387740137538        0.41744604107508       -2.26262908238915
H            3.18479904888488       -0.26989003079450        0.13737646362413
H            2.28878279277084        2.64089291591408       -0.19255218440542
H            3.29993756796646        2.02325744649972        1.11690979476107
H            3.91333282569386        2.02989943252078       -0.54167867033720
H           -0.34813725243665       -0.07392198896843        2.61617010428059
H            0.04570227789683       -2.71420353769805        1.99477217431055
H           -2.07714162363847       -2.54423531513556        0.56355521964119
H           -3.78725404099869       -1.99692540933622       -1.12633492924391
H           -4.14095209657863        0.34915971966914       -1.80996579982997
H           -2.77956348646804        2.14079651294146       -0.79825056120230
H           -1.06752699980232        1.58715536919998        0.88651507433209
28
 energy: -42.897121608451 gnorm: 0.001127695101 xtb: 6.7.1 (edcfbbe)
C            2.01651301000342        0.28008805438405       -1.59430825359716
C            2.45695033303054        0.50054359353471       -0.15188941020509
C            3.03240499826460        1.88982444036888        0.07361664955059
O            1.31259982742135        0.37550663461483        0.71815889431714
C            0.92476202351247       -0.84032728373308        1.04869210564796
O            1.48271128077392       -1.86993065706059        0.75402237371745
C           -0.38150251203387       -0.84875771236677        1.84211324899852
O           -0.54379198851615       -2.09426549810507        2.45190824443954
C           -1.46632539844659       -0.51450851197296        0.82983310229827
C           -2.23004290063172       -1.52055005029671        0.25787589458163
C           -3.19295729862972       -1.20974331419821       -0.68680817047680
C           -3.39111029034484        0.10438940311347       -1.07184058573930
C           -2.62474175089001        1.11054735367326       -0.50620170789609
C           -1.66629427869209        0.80406679188302        0.44236829097698
H            1.62760563495234       -0.72812407635299       -1.71581346653218
H            1.23622419003509        0.99078342654479       -1.85683460144518
H            2.86225677722849        0.41269401135486       -2.26265960386215
H            3.18201996437902       -0.27162507594736        0.13553182080575
H            2.29658559297613        2.64296155985073       -0.19600773859780
H            3.30022234731034        2.02229135374867        1.11856124718681
H            3.91950248839651        2.02328411501382       -0.53831427647513
H           -0.34840244971130       -0.07434670990428        2.61725582206406
H            0.04707984932065       -2.71374584895422        1.99214880723451
H           -2.07882690845060       -2.54338904171852        0.56815820430309
H           -3.78709460943282       -1.99740165488948       -1.12438596172734
H           -4.14035432066693        0.34623935064390       -1.81113514768948
H           -2.77840039235998        2.13796209178370       -0.80145612896313
H           -1.06759321879819        1.58553325498809        0.88464145088005
28
 energy: -42.897124086896 gnorm: 0.001241430063 xtb: 6.7.1 (edcfbbe)
C            2.01371234610491        0.28649384069415       -1.59460433070491
C            2.45733055168242        0.50087148611137       -0.15207255777228
C            3.03779748400116        1.88755931382661        0.07659002912324
O            1.31384180982237        0.37653903174891        0.71926391697682
C            0.92403129775276       -0.83943780628865        1.04726380143002
O            1.48001256094790       -1.86924382865759        0.74968147333903
C           -0.38138587847121       -0.84802363298978        1.84201866368987
O           -0.54246539800282       -2.09348719282728        2.45223847007291
C           -1.46689467103506       -0.51488601306547        0.82995166149588
C           -2.23369283499783       -1.52128135690994        0.26289471043745
C           -3.19628381839206       -1.21168066945612       -0.68248994019642
C           -3.39081306537331        0.10155034228015       -1.07324928527006
C           -2.62253357307990        1.10767323077489       -0.51148352941826
C           -1.66410616696994        0.80258890109005        0.43748723544647
H            1.61742577681863       -0.71873106220373       -1.71809880695804
H            1.23837736879994        1.00357002071661       -1.85495255323553
H            2.85968132734639        0.41435720847256       -2.26359369542103
H            3.18032856610721       -0.27458849464366        0.13181733772627
H            2.30534629388216        2.64377373128251       -0.19338246934610
H            3.30444448412457        2.01796731944457        1.12208121645664
H            3.92629922511786        2.01855242105678       -0.53385526317269
H           -0.34846515889602       -0.07340192327378        2.61691274598762
H            0.04660612967508       -2.71312508144528        1.99023244771388
H           -2.08562048406072       -2.54343333071245        0.57798937266091
H           -3.79525981239165       -2.00052139296216       -1.11449296425743
H           -4.14099323453545        0.34193089689726       -1.81212904480329
H           -2.77403421166119        2.13412793501229       -0.81060759913495
H           -1.06268691431616        1.58428610602767        0.87582006092949
28
 energy: -42.897127017102 gnorm: 0.000853131468 xtb: 6.7.1 (edcfbbe)
C            2.01122281489908        0.29434621371923       -1.59563662035584
C            2.45796888366210        0.50095192074604       -0.15286490899409
C            3.04395556132097        1.88459589073382        0.08035066441792
O            1.31530073312968        0.37712344986520        0.71984353092029
C            0.92321020668600       -0.83871895343836        1.04557104731702
O            1.47653123740181       -1.86900553558099        0.74508757440191
C           -0.38127451728413       -0.84688182358627        1.84195546027977
O           -0.54111984407932       -2.09209344440126        2.45334741192894
C           -1.46800662503431       -0.51546505152870        0.83050243786130
C           -2.23947440082813       -1.52251605448496        0.27014986210124
C           -3.20223794001868       -1.21458441755921       -0.67561551427597
C           -3.39225869199985        0.09740169120624       -1.07359215855328
C           -2.62057007617601        1.10419111869384       -0.51722069565016
C           -1.66187942605882        0.80086795162530        0.43201711052369
H            1.60694886675418       -0.70743456514478       -1.72229807275383
H            1.24131901592664        1.01861029774906       -1.85332246976252
H            2.85752870846229        0.41759228171533       -2.26498467710494
H            3.17849891229371       -0.27825794920528        0.12677879944134
H            2.31492167465741        2.64410458375948       -0.18919804431864
H            3.30927301389771        2.01169850238167        1.12650774489841
H            3.93396886248946        2.01380015958094       -0.52824021331645
H           -0.34820569357348       -0.07183099607126        2.61629937999279
H            0.04572798915428       -2.71213018564840        1.98886836200822
H           -2.09344847733809       -2.54311409087880        0.58914203831454
H           -3.80276763042650       -2.00338037366224       -1.10426749747501
H           -4.14155447682537        0.33640610340561       -1.81374267902967
H           -2.76758145314239        2.13018184085582       -0.82289492465246
H           -1.05599722795024        1.58354143515337        0.86468815563097
28
 energy: -42.897128262654 gnorm: 0.000557525641 xtb: 6.7.1 (edcfbbe)
C            2.01063439018987        0.29830184714623       -1.59666939541347
C            2.45831091245122        0.50076329332863       -0.15376017715836
C            3.04667178223545        1.88293481030230        0.08235899832765
O            1.31588380296704        0.37701650040198        0.71939741441055
C            0.92279213565814       -0.83859896208125        1.04452006945665
O            1.47467750450547       -1.86937884109730        0.74295688686681
C           -0.38120345006609       -0.84593144915212        1.84190086954194
O           -0.54077089899805       -2.09075242853659        2.45438557837938
C           -1.46839573001480       -0.51548661006391        0.83066142916181
C           -2.24167666125930       -1.52267530165231        0.27331005548010
C           -3.20461511224112       -1.21580491773183       -0.67267431763704
C           -3.39322651214482        0.09509628268203       -1.07371852487707
C           -2.61921805299646        1.10267653253256       -0.52050232629739
C           -1.66055803063673        0.80033003599948        0.42910386258704
H            1.60336517138720       -0.70182262120061       -1.72488503702268
H            1.24287550295772        1.02519331113624       -1.85291111924508
H            2.85724030273410        0.42019384166998       -2.26598677906621
H            3.17749398587270       -0.28052100707843        0.12369036592878
H            2.31901629736332        2.64473013809785       -0.18571008653832
H            3.31198927721899        2.00712168243041        1.12909305199452
H            3.93722332048852        2.01163029850271       -0.52560644464509
H           -0.34780809141840       -0.07038979293313        2.61570052430747
H            0.04490556155992       -2.71137608937888        1.98900320942389
H           -2.09771097142475       -2.54280338558824        0.59535297399230
H           -3.80667796740501       -2.00486972241683       -1.09894490531335
H           -4.14231352496150        0.33314788008523       -1.81440173096626
H           -2.76541726885919        2.12787898309805       -0.82823106346608
H           -1.05348767516349        1.58339569149817        0.85979772158297
28
 energy: -42.897129251838 gnorm: 0.000159244780 xtb: 6.7.1 (edcfbbe)
C            2.01078438032913        0.29879191500637       -1.59728260693764
C            2.45814307092132        0.50057353266347       -0.15435617596998
C            3.04676492578601        1.88232130966851        0.08267430606930
O            1.31560619683881        0.37680763222932        0.71864184634175
C            0.92283727237144       -0.83867698875078        1.04448381442551
O            1.47494328027256       -1.86956255780022        0.74355994991752
C           -0.38118173860537       -0.84559533255116        1.84185838297059
O           -0.54079079779820       -2.09006563470266        2.45496280621418
C           -1.46826444052646       -0.51543617587983        0.83052318744571
C           -2.24158897252332       -1.52247575014634        0.27352868038250
C           -3.20441191070500       -1.21575510533338       -0.67265500017411
C           -3.39278314609700        0.09491655185935       -1.07416150980910
C           -2.61950085708343        1.10237528306519       -0.52049607872120
C           -1.66079008262574        0.80015356024767        0.42897338272616
H            1.60323518270070       -0.70106745545414       -1.72612473102551
H            1.24333705741271        1.02586829378978       -1.85326194932339
H            2.85758407582557        0.42083197023029       -2.26629726537133
H            3.17706255192345       -0.28087888661301        0.12281506512915
H            2.31934647761716        2.64431581254972       -0.18440055134144
H            3.31214655464511        2.00540187692043        1.12924223673416
H            3.93722011512537        2.01135826575868       -0.52533206121718
H           -0.34752693713680       -0.06972999125952        2.61530689750413
H            0.04481052235366       -2.71099467167407        1.99017706685416
H           -2.09753882141744       -2.54242777053796        0.59576183925362
H           -3.80641948793339       -2.00469402430143       -1.09866395999589
H           -4.14192190937067        0.33304725714512       -1.81472930846096
H           -2.76609304927611        2.12745333907852       -0.82812823530032
H           -1.05500951302410        1.58314374479246        0.86061107547507
