38
 energy: -48.515240307850 gnorm: 0.057516651980 xtb: 6.7.1 (edcfbbe)
C           -4.24099212471900       -1.68811676912500       -1.34863438294200
C           -3.37845430544800       -1.49743822385000       -0.11072223370600
N           -2.58822172820800       -0.26797945475600       -0.18392568411100
C           -3.19288695799800        0.94816149885000        0.36236175017800
C           -2.93381215445900        1.08630969714900        1.85463417893200
C           -1.33277522208800       -0.32853343379600       -0.79421598215700
O           -0.89313198931100       -1.38146884856700       -1.26253159371100
C           -0.51119623207500        0.97869644986500       -0.85017929180900
O            0.80172794971200        0.88498451726400       -1.38588878263200
C            1.73513553159900        0.21615013426600       -0.53283810475100
C            2.33155798577800        1.20494887034600        0.47558821201400
C            3.45334555571400        0.57241417451700        1.29378001091300
C            4.53624485208600       -0.02414867014400        0.39961225951200
C            3.95207366259500       -1.00486433602100       -0.61274982750300
C            2.83339228289600       -0.36549956815500       -1.42774495838400
H           -4.94204536607700       -0.85655792242600       -1.47302876855900
H           -4.81926955543400       -2.61378254143600       -1.26990476609100
H           -3.62682919235000       -1.74408951388200       -2.25328029757600
H           -4.00423169648000       -1.46644185392100        0.78778621852500
H           -2.70751752190500       -2.35714681601300       -0.00326738176700
H           -4.27074144215800        0.92018199552500        0.16718531174700
H           -2.80368027881500        1.82827868107400       -0.15576327155800
H           -3.38287290794000        2.00940342561100        2.23380367306400
H           -1.86142904840000        1.11233293648200        2.07175747912300
H           -3.36339346460900        0.24642950625400        2.40998055107700
H           -1.05323825112000        1.66336547368000       -1.51106852916000
H           -0.46887956174700        1.43039234064200        0.14460649230700
H            1.24874789984900       -0.60793404328500        0.00345208598400
H            2.70830562330000        2.08934156758700       -0.05459582688100
H            1.55294277953000        1.57490387535300        1.15198878654700
H            3.03675018005900       -0.21337404313900        1.93592751962500
H            3.89594422123700        1.32478305968800        1.95623146434100
H            5.28575457073300       -0.53265507860000        1.01637390531600
H            5.05438052080500        0.78316334653500       -0.13257230199700
H            3.56331461561300       -1.88536976590800       -0.08662508159100
H            4.74332697067400       -1.35701410875300       -1.28401745977600
H            2.39768464551700       -1.10554543299700       -2.11011099861500
H            3.24496915364400        0.42371887408900       -2.07070026709900
38
 energy: -48.519729339852 gnorm: 0.018127650292 xtb: 6.7.1 (edcfbbe)
C           -4.23611567233150       -1.67933867963212       -1.35206470035138
C           -3.36025527793444       -1.48407685240064       -0.12125192899611
N           -2.56580719253124       -0.26409648255560       -0.19023513430769
C           -3.17092944534428        0.94034712235589        0.35498566210602
C           -2.92908771686128        1.08265153071457        1.85422617110254
C           -1.32761295675965       -0.33198908858540       -0.77787999077658
O           -0.89823196683795       -1.37606026200227       -1.22946152442570
C           -0.52941720260078        0.98040673198998       -0.83661937762371
O            0.76769071504175        0.84767423697156       -1.37331487835675
C            1.72767244674832        0.20895591710475       -0.52918451483605
C            2.33031084510167        1.20245380008514        0.47244961964798
C            3.44834344522370        0.56543222488923        1.29186331221294
C            4.53349366368892       -0.01892199686383        0.39406610073875
C            3.94083311900033       -1.00369990335512       -0.60870559669899
C            2.82498310296701       -0.36286888070639       -1.42764580023495
H           -4.93572455523391       -0.85183349365994       -1.47323908598456
H           -4.80761267643609       -2.60250432024998       -1.26462408599621
H           -3.61616652954498       -1.74099671894778       -2.24474749565547
H           -3.98187087864910       -1.44124975456896        0.77864005637212
H           -2.67553057185049       -2.33136891150684       -0.02315946477295
H           -4.24798472725178        0.89420110886482        0.16222161169775
H           -2.78611487090905        1.81757353431919       -0.16820441216686
H           -3.38299286545822        2.00093958217572        2.22465223368617
H           -1.86254160439758        1.11382649299724        2.07118877136045
H           -3.35857770413436        0.24462500824314        2.40195308739819
H           -1.05047269540017        1.66413082030872       -1.51659313865431
H           -0.48422653496474        1.43578356831985        0.16003218878970
H            1.24772438452696       -0.61478893785187        0.01298443308953
H            2.71303055888670        2.06787169229145       -0.07847159006305
H            1.55185546355740        1.56883097948619        1.14982392932818
H            3.03132608693845       -0.22536502529508        1.92329962008892
H            3.88731344753193        1.31755095262686        1.95378111172060
H            5.28328152588294       -0.52459159399482        1.00930488450497
H            5.03802416347048        0.79021672224919       -0.14237378422248
H            3.54901121477728       -1.87597389939183       -0.07687991483576
H            4.72770375610685       -1.35584762381459       -1.28115690183417
H            2.37822280445484       -1.10083757292431       -2.09884138837783
H            3.22645290152606        0.44293797231685       -2.05011397784425
38
 energy: -48.520563728672 gnorm: 0.007222871855 xtb: 6.7.1 (edcfbbe)
C           -4.22439302243048       -1.66942040505197       -1.35382647113513
C           -3.34503594068894       -1.47784312707712       -0.12219256551546
N           -2.55291989811814       -0.26007963925163       -0.19484931972484
C           -3.16232970869525        0.93615167425921        0.34735743223553
C           -2.92230217848500        1.08023144304014        1.85040721171582
C           -1.32291589540180       -0.33335372497397       -0.76703600503834
O           -0.88544021196103       -1.37720639623003       -1.19915876319715
C           -0.53091707233094        0.97929041327780       -0.82714692122822
O            0.75566492289980        0.82551397467578       -1.36444032196627
C            1.71940317280380        0.19988059528814       -0.51905925173689
C            2.32410768506795        1.20278117843187        0.47258627078981
C            3.43973610005097        0.56047222117151        1.29083505922043
C            4.52474293590645       -0.01491506654990        0.38662369623417
C            3.92842135414615       -1.00514556353061       -0.60902512375223
C            2.81278344400389       -0.36204513605486       -1.42629642359397
H           -4.92214619025128       -0.84268417357603       -1.47013895781765
H           -4.79268148682202       -2.59088777211422       -1.26037648367614
H           -3.60306380726390       -1.73206248213886       -2.24235519225784
H           -3.96061354699931       -1.43411656148636        0.78030082357604
H           -2.65102196640349       -2.31759347291681       -0.03910252448952
H           -4.23874178752177        0.87837267974232        0.15765982367090
H           -2.78320515984772        1.81484634520304       -0.17524220938777
H           -3.38281996227517        1.99487531973946        2.21425362496644
H           -1.85834664736665        1.11609866762036        2.06901521833050
H           -3.35107395191464        0.24042707542478        2.39098351966876
H           -1.03923058508514        1.66134058620942       -1.51777981363878
H           -0.49114665384504        1.44071406218445        0.16895639836783
H            1.24457012019469       -0.62501777297062        0.02869606831540
H            2.71559161815942        2.05214838048445       -0.09311963583391
H            1.54915141831864        1.57686586613946        1.14770601528320
H            3.02184818337867       -0.23767883626779        1.90960275120140
H            3.87436484309955        1.30848433440261        1.95854618804123
H            5.28136015170499       -0.51475795696341        0.99618883723571
H            5.01489427591963        0.79714985404743       -0.15526178305071
H            3.53098382381002       -1.86801194498588       -0.06971346740317
H            4.70983884683241       -1.36323389417494       -1.28279032115126
H            2.36270915414748       -1.09404674728429       -2.09725788220019
H            3.21017362326322        0.45445600225998       -2.03284539422869
38
 energy: -48.520753666937 gnorm: 0.003431585539 xtb: 6.7.1 (edcfbbe)
C           -4.21701205817915       -1.66509479807777       -1.35418598427104
C           -3.33670857997047       -1.47865520471648       -0.12161017458647
N           -2.54841588753810       -0.25873589974391       -0.19472923203928
C           -3.16152251046075        0.93533849548132        0.34352282347892
C           -2.92032240606377        1.08051610986386        1.84768040731220
C           -1.31544932964815       -0.33358175844484       -0.75408631501737
O           -0.86673896860239       -1.37888091688526       -1.17589663960082
C           -0.52862968087726        0.98193943958900       -0.82541900597266
O            0.75361445392664        0.82145109689104       -1.36328381310749
C            1.71436207819806        0.19818922568277       -0.51566343312235
C            2.32104994190357        1.20248619562187        0.47256760591322
C            3.43402744317383        0.55542314233222        1.29083641956983
C            4.51874979118856       -0.01303696561608        0.38138781411647
C            3.92052054930049       -1.00814955716830       -0.60866081937997
C            2.80568947604292       -0.36241166798110       -1.42463266701064
H           -4.91204313769312       -0.83602571081258       -1.46770359407549
H           -4.78613601615421       -2.58579165258417       -1.26283806605896
H           -3.59380857235966       -1.72517670142896       -2.24131983844674
H           -3.94921910997424       -1.44026456088999        0.78207985023774
H           -2.63874152361671       -2.31549273509994       -0.04734879241816
H           -4.23747591951058        0.87280958893228        0.15578434554998
H           -2.78625705941966        1.81571338985989       -0.17892596440808
H           -3.38442873233511        1.99330000350854        2.21044213636400
H           -1.85637497747220        1.11988213454947        2.06485628370923
H           -3.34545034266768        0.23797899910189        2.38644598136684
H           -1.03764476472752        1.66083772571230       -1.51784644673375
H           -0.49024608670145        1.44772097807762        0.16914607880316
H            1.24200023741991       -0.62655810105158        0.03538680196552
H            2.71799010838571        2.04468516320166       -0.09842834157040
H            1.54856164965420        1.58450318830529        1.14511241833587
H            3.01451709185094       -0.24851677073899        1.90057178880902
H            3.86689049623419        1.29775424400505        1.96566915602453
H            5.28286221848962       -0.50671793735712        0.98616213643635
H            4.99804847043598        0.80202382943963       -0.16541027517767
H            3.51899223540532       -1.86522940195127       -0.06376682338724
H            4.69898385844336       -1.37276999765166       -1.28179917090865
H            2.35351577822730       -1.08944333108099       -2.09850821925079
H            3.20224978569156        0.45798071912810       -2.02488432461984
38
 energy: -48.520866457983 gnorm: 0.003259985463 xtb: 6.7.1 (edcfbbe)
C           -4.20943697400598       -1.66206581374146       -1.35438046240629
C           -3.32781999235290       -1.48296159636014       -0.12132724377320
N           -2.54589035021491       -0.25853927744121       -0.19441928653122
C           -3.16343044273786        0.93397833355621        0.34038985815532
C           -2.91915545446170        1.08273366412983        1.84444667625709
C           -1.30743902049178       -0.33131512254452       -0.74041201431132
O           -0.84211874233002       -1.37875794451597       -1.14478147182162
C           -0.52559616196559        0.98758565662992       -0.82390143968772
O            0.75363760986622        0.82453656404588       -1.36260462653541
C            1.71016103515726        0.20000438631053       -0.51395583154551
C            2.31980834171099        1.20328489700820        0.47270066156233
C            3.42818758319765        0.54819567928911        1.29071558367727
C            4.51253564778674       -0.01259645667846        0.37587115733537
C            3.91146822312838       -1.01256114801980       -0.60772330944870
C            2.79917012281516       -0.36316551467303       -1.42346862955398
H           -4.90141856656128       -0.82966595107631       -1.46397574185882
H           -4.78097226521356       -2.58185839855917       -1.26884098310081
H           -3.58529885941838       -1.71765106805445       -2.24160725422078
H           -3.93637037545188       -1.45445993793713        0.78486234041237
H           -2.62510646448124       -2.31647067835828       -0.05700180836622
H           -4.23910987944206        0.86615019692615        0.15537244496123
H           -2.79364656509343        1.81587340078365       -0.18388043252757
H           -3.38778890810244        1.99296577774517        2.20796427485329
H           -1.85447574520511        1.12807946227958        2.05819683241849
H           -3.33735444240559        0.23691868973787        2.38399308228336
H           -1.04033210176229        1.66031806823216       -1.51743148207272
H           -0.48738087973807        1.46011865686762        0.16793859571913
H            1.23812923862103       -0.62347313933893        0.03935597351040
H            2.72369910799204        2.04041616688384       -0.10003957920602
H            1.54974744177515        1.59403143867476        1.14261502048328
H            3.00529346738756       -0.26257752857736        1.88923282573023
H            3.85951599314934        1.28187831862485        1.97588777961447
H            5.28665965803437       -0.49798636048301        0.97456954435651
H            4.97873626012700        0.80610333550197       -0.17708021081410
H            3.50480515120743       -1.86319197944629       -0.05639155673659
H            4.68681208175794       -1.38653600290577       -1.27906210811365
H            2.34398715608714       -1.08537704227529       -2.10053839997060
H            3.19778807163465        0.45803826776200       -2.02058467189827
38
 energy: -48.520906330021 gnorm: 0.002846020515 xtb: 6.7.1 (edcfbbe)
C           -4.20629085398081       -1.66182986628571       -1.35485221782701
C           -3.32331888696222       -1.48667859760315       -0.12252927370239
N           -2.54493791797948       -0.25960297265547       -0.19333050413709
C           -3.16583842127970        0.93235358498830        0.33959806789184
C           -2.91901172068336        1.08506175300322        1.84256193039585
C           -1.30205647985356       -0.32974660200525       -0.73072820225631
O           -0.82992992154885       -1.37692291560334       -1.12774402924286
C           -0.52507939017243        0.99208633107744       -0.82235978257638
O            0.75360898305596        0.83120696346354       -1.36254646451723
C            1.70916917696414        0.20428576458833       -0.51475116706612
C            2.32151686730117        1.20496274903626        0.47286001939063
C            3.42627309984000        0.54390314960011        1.29070421332457
C            4.50985955288677       -0.01391968146325        0.37348929066887
C            3.90654389481540       -1.01528390688915       -0.60707190892220
C            2.79671992722501       -0.36332949783400       -1.42373271379230
H           -4.89734470925822       -0.82800536451592       -1.46146133704558
H           -4.77934305144277       -2.58123148398808       -1.27313293629372
H           -3.58308633790264       -1.71465999574696       -2.24329515581073
H           -3.92972981525603       -1.46480180536516        0.78547673415780
H           -2.61798972236691       -2.31828384648995       -0.06279138569881
H           -4.24162294936832        0.86103181523969        0.15631144381750
H           -2.79963575395951        1.81433620438397       -0.18740483254625
H           -3.39108422799681        1.99362213964693        2.20635510597044
H           -1.85381555555961        1.13594635198019        2.05370831530905
H           -3.33163314354195        0.23791983383327        2.38476907074975
H           -1.04550047722552        1.66013996703571       -1.51629872571387
H           -0.48545140381424        1.46912804294929        0.16739552392344
H            1.23585112806292       -0.61790678418479        0.03882200471632
H            2.72944682617432        2.04153617226928       -0.09801159000621
H            1.55226257203354        1.59883533150525        1.14196498432739
H            3.00019237478817       -0.26991989166627        1.88299091769424
H            3.85747223272480        1.27187335936081        1.98201399464938
H            5.28864662035764       -0.49554818421996        0.96895168594234
H            4.97031869285304        0.80609208830473       -0.18225132443941
H            3.49668447983878       -1.86268919424519       -0.05286662063646
H            4.68037595383969       -1.39500154713823       -1.27695936276945
H            2.33916537354599       -1.08442646595712       -2.10082493039312
H            3.19859298384558        0.45546700159328       -2.02232473070687
38
 energy: -48.520935188601 gnorm: 0.001643410997 xtb: 6.7.1 (edcfbbe)
C           -4.20436721927380       -1.66242902504163       -1.35533736871754
C           -3.31881405934292       -1.49078052882977       -0.12494372462482
N           -2.54404199327279       -0.26121415677944       -0.19299375600882
C           -3.16885696702618        0.92972743117139        0.33914536945947
C           -2.91881393369188        1.08816587336620        1.84035914982453
C           -1.29753911568801       -0.32761469150981       -0.72390854146902
O           -0.81905021466451       -1.37483933029168       -1.11191745148438
C           -0.52595080964297        0.99709254709081       -0.81937663213678
O            0.75337436424818        0.84124972052100       -1.36110423170338
C            1.70948621383018        0.21078851474437       -0.51563670267003
C            2.32528910538444        1.20792938497375        0.47365985853774
C            3.42604558753946        0.53981053394548        1.29079574263043
C            4.50820256946914       -0.01698509076960        0.37182941065610
C            3.90154765851080       -1.01789957720417       -0.60673521145415
C            2.79455928437052       -0.36285448341382       -1.42465776936834
H           -4.89574049084810       -0.82820298037575       -1.45810150978245
H           -4.77796998065711       -2.58188904117310       -1.27626704675459
H           -3.58375503999992       -1.71255655387624       -2.24602239773734
H           -3.92276790113342       -1.47546079424208        0.78533163657300
H           -2.61081019196233       -2.32049044184322       -0.06983670185223
H           -4.24493730902272        0.85323529750581        0.15873592651046
H           -2.80785373990681        1.81148866846153       -0.19214771802792
H           -3.39571874663389        1.99455010906420        2.20388050948618
H           -1.85327206715746        1.14697968656910        2.04843390749225
H           -3.32410654338488        0.23991932707177        2.38672444649568
H           -1.05177922266172        1.65996518575884       -1.51454981262389
H           -0.48565075736734        1.47872485772363        0.16822897164214
H            1.23395091794121       -0.60982361102049        0.03760220613415
H            2.73715239935142        2.04510146734577       -0.09410234677856
H            1.55646246682396        1.60325738256540        1.14266065049497
H            2.99592766514863       -0.27574145453298        1.87777756522834
H            3.85818685956134        1.26218165647282        1.98719402243800
H            5.28965906760664       -0.49716679419630        0.96453316295230
H            4.96556571382223        0.80339344497316       -0.18560258090704
H            3.48834634543031       -1.86270883509594       -0.05086705482926
H            4.67384381708360       -1.40273070428561       -1.27553796442357
H            2.33359708502798       -1.08405750424585       -2.09979098641820
H            3.20059918218865        0.45188450940498       -2.02675091995440
38
 energy: -48.520952629025 gnorm: 0.001473028566 xtb: 6.7.1 (edcfbbe)
C           -4.20393870346853       -1.66383315040097       -1.35577125248297
C           -3.31460069217558       -1.49429112903019       -0.12822974251231
N           -2.54251939264070       -0.26310621426262       -0.19311833238515
C           -3.17208543390865        0.92629992607284        0.33812418631447
C           -2.91835663251638        1.09156901841391        1.83741131906685
C           -1.29289375160248       -0.32605349250643       -0.71824359584205
O           -0.81066606015230       -1.37251561308649       -1.10096427765411
C           -0.52802083377799        1.00169426164335       -0.81528148225317
O            0.75300460643179        0.85300233680141       -1.35768332348487
C            1.71056546600599        0.21842760521884       -0.51526888138015
C            2.33073127216565        1.21190845289558        0.47525007770436
C            3.42811869304310        0.53705026468820        1.29114730803562
C            4.50765263705340       -0.02214106376627        0.37092063635375
C            3.89658520321021       -1.02016811097027       -0.60758041294980
C            2.79173615066329       -0.36121340445504       -1.42562492832303
H           -4.89720180616987       -0.83064893724552       -1.45399416935320
H           -4.77622118848250       -2.58416833020214       -1.27692158805085
H           -3.58725771724207       -1.71129445542325       -2.24933182241465
H           -3.91602803011408       -1.48391693633224        0.78416223732604
H           -2.60438573600464       -2.32242150656522       -0.07756371108599
H           -4.24841942430982        0.84277427276978        0.16161021821690
H           -2.81789080560551        1.80792921017508       -0.19809947358890
H           -3.40184461262718        1.99517018894291        2.19945622694568
H           -1.85288887219908        1.16051947457565        2.04253113989604
H           -3.31488076818627        0.24214903293597        2.38842448832938
H           -1.05726573774396        1.66067636033420       -1.51179229602400
H           -0.48877178199462        1.48563469300262        0.17104476448759
H            1.23259763404450       -0.60056358528904        0.03769745044338
H            2.74589151064179        2.04957983649675       -0.08987718259034
H            1.56249702317825        1.60772814470379        1.14489651191624
H            2.99384896540055       -0.27807896620758        1.87537841832860
H            3.86302881813490        1.25530858191787        1.98977952454944
H            5.28840839342439       -0.50501212381040        0.96201175015386
H            4.96648264356813        0.79724064960700       -0.18642510312611
H            3.48024380629826       -1.86348243377882       -0.05185835925412
H            4.66713700774586       -1.40812776268903       -1.27661942469074
H            2.32625525029715       -1.08290625600054       -2.09729178839377
H            3.20135289961490        0.44928116082870       -2.03160100339885
38
 energy: -48.520967502780 gnorm: 0.001247715897 xtb: 6.7.1 (edcfbbe)
C           -4.20451293879401       -1.66511735244638       -1.35537814448461
C           -3.31163918474274       -1.49615652295127       -0.13011493218611
N           -2.54136840705733       -0.26404193268967       -0.19460162783836
C           -3.17416105817311        0.92384040996972        0.33603563359832
C           -2.91785014012530        1.09383508701422        1.83444638648797
C           -1.29096235897975       -0.32488628009744       -0.71781513576523
O           -0.80555205733161       -1.37120165720248       -1.09751718957777
C           -0.52956762729921        1.00429162096486       -0.81189866702258
O            0.75284839143099        0.86018285882486       -1.35310017997126
C            1.71086387123357        0.22287929946139       -0.51267884079495
C            2.33478877722254        1.21464609639546        0.47701824438147
C            3.43107082129205        0.53627634846088        1.29156968864141
C            4.50786113454319       -0.02698155863299        0.37039946820151
C            3.89297698424888       -1.02159417497885       -0.60931415500811
C            2.78843204885023       -0.35918244694135       -1.42535782365563
H           -4.90003883403437       -0.83351953064571       -1.45002525189161
H           -4.77424819436380       -2.58685755817424       -1.27535152655756
H           -3.59085732435372       -1.71005646376948       -2.25098792012459
H           -3.91077346151400       -1.48801528792156        0.78378771780045
H           -2.60007631292796       -2.32335808390388       -0.08325071510111
H           -4.25045598795837        0.83450880864779        0.16306197606720
H           -2.82582586653956        1.80592981855142       -0.20322302386897
H           -3.40686142686576        1.99486200696515        2.19530118225384
H           -1.85268137142345        1.17060150168608        2.03745441650052
H           -3.30746943075096        0.24291779581563        2.38787822792653
H           -1.05848629927575        1.66250369969844       -1.50912625994807
H           -0.49328040519895        1.48741657854675        0.17483547019086
H            1.23182685950130       -0.59506049187143        0.04087577899160
H            2.75161119874626        2.05114194840968       -0.08846502981309
H            1.56796694993383        1.61191953194269        1.14744376390384
H            2.99472883593847       -0.27701564596799        1.87661349333628
H            3.86948357800622        1.25346326035571        1.98901533221735
H            5.28595995225961       -0.51462318436346        0.96126218497347
H            4.97091771913769        0.79087211043664       -0.18580785084900
H            3.47511515824845       -1.86483841014468       -0.05482079611696
H            4.66194474967227       -1.40977032590374       -1.27999144657094
H            2.31942936478427       -1.07995112599464       -2.09534629449276
H            3.19884229265975        0.45013925245620       -2.03212204700429
38
 energy: -48.520986023532 gnorm: 0.001483471323 xtb: 6.7.1 (edcfbbe)
C           -4.20566844092712       -1.66819129802905       -1.35412843815958
C           -3.30675341045295       -1.49982261869703       -0.13269925750679
N           -2.53978626172667       -0.26578374324856       -0.19660650063147
C           -3.17829215913332        0.91985794000163        0.33154775574519
C           -2.91768316171375        1.09792518015501        1.82868552905410
C           -1.28740241144171       -0.32301454140809       -0.71524219478038
O           -0.79866825856455       -1.36701119946187       -1.09651631506698
C           -0.53140401861086        1.00890137488914       -0.80597026047515
O            0.75284462916992        0.87189779978490       -1.34472623751473
C            1.71062053197593        0.23006130837137       -0.50722851793839
C            2.34197383842982        1.21927739378728        0.47985707439621
C            3.43693224464303        0.53561687217416        1.29207831119257
C            4.50829869956014       -0.03644700544972        0.36946779211592
C            3.88635669259614       -1.02444745575450       -0.61283590983605
C            2.78211135843199       -0.35533713694581       -1.42410448115563
H           -4.90562581957700       -0.83965203860044       -1.44211072535395
H           -4.77033093618298       -2.59291709495350       -1.27319397611195
H           -3.59679985124693       -1.70731972933705       -2.25316824211909
H           -3.90154229986154       -1.49593041196866        0.78391899260817
H           -2.59278303816978       -2.32518047275444       -0.09246667621324
H           -4.25431799892103        0.82123455500013        0.16404283714655
H           -2.83937463278529        1.80267026533214       -0.21251155109192
H           -3.41683487627884        1.99400370231375        2.18775193829461
H           -1.85298752977619        1.18880067382994        2.02787695174839
H           -3.29466825276609        0.24375762290608        2.38578459226718
H           -1.06017855047373        1.66740939602164       -1.50265483425928
H           -0.49972057382187        1.48879862611806        0.18244076774369
H            1.23018787346732       -0.58588482671980        0.04807556576362
H            2.76172169949650        2.05258194297142       -0.08773403803997
H            1.57885740990240        1.62111153964216        1.15174768936120
H            2.99754293372292       -0.27351231593957        1.88058048666152
H            3.88246363905947        1.25190735603158        1.98608198584253
H            5.28090764413033       -0.53326653185169        0.96045057611323
H            4.98039207001200        0.77807480187644       -0.18441300000664
H            3.46638802162766       -1.86814328694018       -0.06079317744000
H            4.65233318966753       -1.41247753381577       -1.28698795843916
H            2.30736471604614       -1.07296958829529       -2.09313174085608
H            3.19352529049275        0.45342047896633       -2.03046070622917
38
 energy: -48.520995964408 gnorm: 0.000939274664 xtb: 6.7.1 (edcfbbe)
C           -4.20580702829994       -1.67102667935554       -1.35240605373472
C           -3.30195787987095       -1.50362923749064       -0.13435148630334
N           -2.53932313353572       -0.26683512044176       -0.19867538211366
C           -3.18210203666807        0.91702862078350        0.32801524016196
C           -2.91869362285511        1.10131191711691        1.82410827861386
C           -1.28611705449636       -0.31986732982243       -0.71534949392493
O           -0.79196922787344       -1.36271200675322       -1.09500426467052
C           -0.53227210152687        1.01390243024708       -0.80097170281410
O            0.75250813395066        0.88072103534262       -1.33821421051252
C            1.70992284611324        0.23573113697239       -0.50311991037927
C            2.34787863695537        1.22279493822393        0.48164990346762
C            3.44121948892453        0.53431628567306        1.29213587586915
C            4.50818413490120       -0.04395287921903        0.36809931524586
C            3.88029595716080       -1.02763851405827       -0.61487960711081
C            2.77728652426953       -0.35273606126221       -1.42271396379097
H           -4.90942490771005       -0.84490852066579       -1.43440366663617
H           -4.76645852576737       -2.59829344592107       -1.27273888846161
H           -3.60058236026819       -1.70419639087959       -2.25424675594525
H           -3.89235957141062       -1.50493329443693        0.78523107212877
H           -2.58491408460869       -2.32664318273264       -0.10033147851962
H           -4.25797477181803        0.81212094256735        0.16421781181943
H           -2.84965987725126        1.80010843201388       -0.21976974192060
H           -3.42571516499309        1.99309279754132        2.18279799020490
H           -1.85435950993805        1.20329412065760        2.02000478738661
H           -3.28539158181498        0.24435052611406        2.38389502263085
H           -1.06189291400460        1.67280329176081       -1.49657423367641
H           -0.50319385142539        1.49185336637746        0.18874829028390
H            1.22862060845047       -0.57843250710924        0.05390218299050
H            2.77073620747116        2.05316319372523       -0.08783743344004
H            1.58833072587764        1.62965489280402        1.15452435368976
H            2.99918825551676       -0.27202881125858        1.88271252650610
H            3.89201734958203        1.24909788192361        1.98448001779633
H            5.27788518600682       -0.54607260356243        0.95850090273194
H            4.98546098419027        0.76799740020173       -0.18523758403308
H            3.45815962536148       -1.87091446971596       -0.06369609837664
H            4.64357384159993       -1.41730691709514       -1.29122101751670
H            2.29833258323991       -1.06697159375930       -2.09243808667325
H            3.19056811656472        0.45575635549519       -2.02813840414428
38
 energy: -48.521002479429 gnorm: 0.000382530653 xtb: 6.7.1 (edcfbbe)
C           -4.20587423048835       -1.67368757672941       -1.35080015922951
C           -3.29889743536308       -1.50580253235186       -0.13534762263775
N           -2.53915603012870       -0.26715534006188       -0.19950572306994
C           -3.18465855945149        0.91569344803719        0.32609936078765
C           -2.92105347215284        1.10307391444327        1.82160995268055
C           -1.28579356747052       -0.31722637959656       -0.71575727621683
O           -0.79062515481150       -1.35798994512426       -1.09909248161120
C           -0.53216901039668        1.01741043223057       -0.79764996561808
O            0.75244118853806        0.88572398577969       -1.33460905847888
C            1.70988693514363        0.23932326144147       -0.50095550854312
C            2.35206896947143        1.22521634640681        0.48222318022049
C            3.44438694833438        0.53392440993987        1.29167854232205
C            4.50841916692908       -0.04895327739016        0.36717751547776
C            3.87630718439385       -1.03013411093679       -0.61557020993938
C            2.77488185186251       -0.35140299628902       -1.42193621965929
H           -4.91280925647367       -0.85003819998453       -1.42870410356790
H           -4.76300685344019       -2.60315149264291       -1.27194353331914
H           -3.60327110503302       -1.70247110561021       -2.25454310038773
H           -3.88636917086632       -1.51026800525281        0.78608995276809
H           -2.57962308818810       -2.32689963270679       -0.10466281807039
H           -4.26032460022755        0.80801176081506        0.16304925723889
H           -2.85464933466108        1.79861422470439       -0.22327392726533
H           -3.43294781654494        1.99206728189708        2.18002156855029
H           -1.85736331287341        1.21161382361747        2.01640651423619
H           -3.28206596301061        0.24464574350991        2.38246030655241
H           -1.06221267750314        1.67843782385641       -1.49100471673758
H           -0.50355871237719        1.49232297939388        0.19360348417665
H            1.22817232343391       -0.57368881635146        0.05733682128248
H            2.77688772624476        2.05365583971416       -0.08859280617858
H            1.59497056089926        1.63536257313408        1.15580100447122
H            3.00067223593832       -0.27015449309090        1.88417586148569
H            3.89853178561956        1.24805664804719        1.98249661419267
H            5.27626344228242       -0.55407012763202        0.95734559448987
H            4.98885060964534        0.76088596787724       -0.18649159732377
H            3.45233499781793       -1.87264927831002       -0.06448255473972
H            4.63772411486969       -1.42175832035962       -1.29292851732108
H            2.29347253636587       -1.06325905819026       -2.09246900564470
H            3.19015677367210        0.45672022376759       -2.02655051854403
38
 energy: -48.521008433060 gnorm: 0.000491923374 xtb: 6.7.1 (edcfbbe)
C           -4.20541114729313       -1.67658654390877       -1.34868710491814
C           -3.29485398824677       -1.50780139626382       -0.13629456345785
N           -2.53851025275905       -0.26695658829029       -0.20017561246787
C           -3.18735588952704        0.91473751324614        0.32429813359205
C           -2.92533090943398        1.10431689926886        1.81959407476972
C           -1.28500405229123       -0.31362116253917       -0.71668815873092
O           -0.78847333174143       -1.35226935778295       -1.10415179910465
C           -0.53161266569025        1.02205094863456       -0.79404575024881
O            0.75259000443506        0.89145913953147       -1.33161146720245
C            1.71013718804010        0.24336146456422       -0.49959292322766
C            2.35678015863102        1.22788382733164        0.48212415228521
C            3.44761504269747        0.53338550730233        1.29089818557748
C            4.50847348753104       -0.05397794441740        0.36564332224604
C            3.87176381573979       -1.03363137260149       -0.61559268057444
C            2.77275863524966       -0.35066009547155       -1.42140749914640
H           -4.91675106645751       -0.85624928313289       -1.42178776642069
H           -4.75793938933395       -2.60892061305639       -1.27043292488726
H           -3.60619424991563       -1.70019249068950       -2.25489316665435
H           -3.87906424857084       -1.51576628779837        0.78727462827732
H           -2.57285858661103       -2.32661776984430       -0.10932719753233
H           -4.26274541356033        0.80442714893074        0.16033099107737
H           -2.85882112097028        1.79777705190621       -0.22586419678392
H           -3.44309630607081        1.99028990522179        2.17737766526764
H           -1.86239710071021        1.22008765766787        2.01465866398778
H           -3.28103189023488        0.24393815356867        2.38090863423046
H           -1.06201595703832        1.68629504286646       -1.48426885967522
H           -0.50257124315745        1.49276487340059        0.19924887601245
H            1.22774602547640       -0.56834918586653        0.06003744281030
H            2.78385653561134        2.05448422299812       -0.08970733944815
H            1.60193158690765        1.64129259884272        1.15617865935925
H            3.00175787379501       -0.26879757452153        1.88446774990120
H            3.90501645869961        1.24627957782000        1.98088823976165
H            5.27539194133100       -0.56100058011715        0.95522307583502
H            4.99084378866979        0.75368215326390       -0.18942738435823
H            3.44470172774460       -1.87391355729152       -0.06334764333958
H            4.63103938202304       -1.42932379347153       -1.29307821817219
H            2.28851671445657       -1.06016154646203       -2.09245592074195
H            3.19111844257460        0.45628345716267       -2.02561021106883
38
 energy: -48.521012902523 gnorm: 0.000624966041 xtb: 6.7.1 (edcfbbe)
C           -4.20450830362580       -1.67910787472599       -1.34642350531207
C           -3.29082878773063       -1.50869263600657       -0.13672814127482
N           -2.53729806369719       -0.26609166235659       -0.20086077491898
C           -3.18891104623853        0.91447163012145        0.32289364668296
C           -2.93080455234122        1.10464835842936        1.81865734045969
C           -1.28442581495888       -0.30987713005188       -0.71901279065010
O           -0.78753434921431       -1.34675558027208       -1.11039038611500
C           -0.53051446959774        1.02597696025183       -0.79126049785225
O            0.75342805285383        0.89647561311667       -1.32967172888999
C            1.71081732047369        0.24662849581519       -0.49897751484377
C            2.36069486000541        1.23022791780022        0.48156237769349
C            3.45027688258785        0.53316092340183        1.28983483083635
C            4.50862281287492       -0.05794040306771        0.36409754003394
C            3.86765961708170       -1.03697348332329       -0.61496759170079
C            2.77107307709497       -0.35086265295746       -1.42137086014055
H           -4.92016332710983       -0.86222159257562       -1.41560329624068
H           -4.75226264927415       -2.61429970739986       -1.26819726261848
H           -3.60829259251355       -1.69812989318287       -2.25469227565404
H           -3.87241997621748       -1.51917366123229        0.78848841124032
H           -2.56669008838104       -2.32565199254919       -0.11262159053691
H           -4.26379263021554        0.80271500878554        0.15641225563646
H           -2.86037478393826        1.79801091679055       -0.22643857590781
H           -3.45327668654240        1.98804676063746        2.17586814513382
H           -1.86896757060904        1.22523256927217        2.01599489660434
H           -3.28372512446343        0.24262045088176        2.37900249248103
H           -1.06064603955575        1.69382458534487       -1.47820966406404
H           -0.50082462659349        1.49210903854999        0.20422145758880
H            1.22739128382936       -0.56375888450713        0.06173875809995
H            2.78961630218936        2.05525369306777       -0.09118138143673
H            1.60742791386189        1.64625093802709        1.15580416114059
H            3.00260379637809       -0.26729203641415        1.88433411629077
H            3.91025551456496        1.24516852882148        1.97895195485899
H            5.27523341435993       -0.56595553513106        0.95319681002989
H            4.99201628667478        0.74780173461923       -0.19283260772772
H            3.43747460885889       -1.87447526307905       -0.06094851499375
H            4.62498351617630       -1.43706806711323       -1.29199473276645
H            2.28439449357174       -1.05880813907797       -2.09229345110929
H            3.19229172938017        0.45451207129121       -2.02567794322811
38
 energy: -48.521016242937 gnorm: 0.000443011474 xtb: 6.7.1 (edcfbbe)
C           -4.20304523851363       -1.68078240700345       -1.34449949813164
C           -3.28699111679600       -1.50884055818484       -0.13679903523438
N           -2.53564107834854       -0.26498004499033       -0.20132185640746
C           -3.18985948398734        0.91451660625904        0.32164686940696
C           -2.93627124423364        1.10404463520644        1.81827738285121
C           -1.28305681022316       -0.30675979229861       -0.72058455008569
O           -0.78562162098717       -1.34260077275817       -1.11427698133675
C           -0.52992103910854        1.02961861889813       -0.78941787157095
O            0.75407253368512        0.90135163922280       -1.32840022856771
C            1.71119898812276        0.24947961967162       -0.49882600546762
C            2.36417951878965        1.23209405539232        0.48067665234708
C            3.45254842814946        0.53317630624585        1.28895534330356
C            4.50851027313111       -0.06111020460999        0.36253044756392
C            3.86426588378093       -1.04009064952105       -0.61437869793670
C            2.76942657713875       -0.35153535567785       -1.42123237419861
H           -4.92234959666385       -0.86688229790580       -1.41052972715594
H           -4.74666999873511       -2.61834548283601       -1.26609112283295
H           -3.60923324966313       -1.69609751400076       -2.25438907184837
H           -3.86663443579735       -1.52089676404964        0.78961240028738
H           -2.56126892383768       -2.32442605000520       -0.11471730165024
H           -4.26420069107479        0.80182302492960        0.15201161019671
H           -2.86054339128632        1.79878615361403       -0.22604194372319
H           -3.46276734984730        1.98546750329380        2.17449934825736
H           -1.87535914029834        1.22815907866920        2.01875271972673
H           -3.28806085464453        0.24048915050151        2.37708597439226
H           -1.05983833404933        1.69992383607004       -1.47408583149426
H           -0.49977599109271        1.49228709285254        0.20768364002931
H            1.22646656906757       -0.55951899927124        0.06279692504710
H            2.79453039806838        2.05593015501664       -0.09269760067735
H            1.61198909427329        1.65004380135973        1.15492073176503
H            3.00330817053154       -0.26593580250736        1.88402141606384
H            3.91464620567597        1.24442281219233        1.97742026766157
H            5.27500962281222       -0.56978261409086        0.95116928906706
H            4.99256155727626        0.74301294812454       -0.19611940008124
H            3.43127812621162       -1.87479535575650       -0.05841277063878
H            4.61985457667891       -1.44427705799482       -1.29087106029595
H            2.28040103449812       -1.05883987160489       -2.09108313087043
H            3.19286203129636        0.45187055754877       -2.02658085093180
38
 energy: -48.521018696129 gnorm: 0.000214136753 xtb: 6.7.1 (edcfbbe)
C           -4.20133311811783       -1.68174930202780       -1.34314801382095
C           -3.28395366984559       -1.50855128687903       -0.13656057814402
N           -2.53408254918516       -0.26388409316131       -0.20168327519228
C           -3.19019016309625        0.91476659609624        0.32069449301013
C           -2.94106378711798        1.10304171252888        1.81832468944114
C           -1.28165688824231       -0.30438968066068       -0.72154975069261
O           -0.78373525979638       -1.33976878857563       -1.11585216092618
C           -0.52931404129354        1.03221603185646       -0.78851294784546
O            0.75507223351518        0.90538700362928       -1.32742061305027
C            1.71160351046987        0.25164841263904       -0.49845365598646
C            2.36669406701565        1.23379937216670        0.48005947275115
C            3.45430702426198        0.53332454001228        1.28800903086734
C            4.50858700065484       -0.06351016828690        0.36128837732717
C            3.86139078847904       -1.04237901520514       -0.61380338337639
C            2.76753298160230       -0.35273945228815       -1.42123254054344
H           -4.92313862460161       -0.86997048830622       -1.40726270877388
H           -4.74196334549128       -2.62099871717695       -1.26464335908256
H           -3.60887036417409       -1.69449350680912       -2.25391330898631
H           -3.86256275702333       -1.52136917162059        0.79047609760863
H           -2.55722632970081       -2.32328464553299       -0.11551819384314
H           -4.26400731868268        0.80169300337792        0.14792357186048
H           -2.85976064021784        1.79983763916782       -0.22502867460556
H           -3.46999777142982        1.98327364078803        2.17379129301908
H           -1.88091757904208        1.22854739851806        2.02196653967640
H           -3.29320489292690        0.23836220240854        2.37525935837863
H           -1.05901200988473        1.70343399241967       -1.47233494730542
H           -0.49954705688008        1.49319319534110        0.20939622410294
H            1.22540308700231       -0.55588378186514        0.06398854837704
H            2.79818012652389        2.05647885143537       -0.09414361685025
H            1.61533960506654        1.65344976402078        1.15427512043465
H            3.00399144877510       -0.26453551608566        1.88389134061923
H            3.91820279283721        1.24420020886581        1.97559864482325
H            5.27499458938554       -0.57278538155396        0.94959775173210
H            4.99318353914954        0.73932279207168       -0.19875519796152
H            3.42675465902034       -1.87513502177486       -0.05633765252003
H            4.61558545015352       -1.44929240256898       -1.29008926852292
H            2.27647587928190       -1.06011343486509       -2.08954580106785
H            3.19223938355504        0.44885749790204       -2.02804679810277
38
 energy: -48.521020757254 gnorm: 0.000318620335 xtb: 6.7.1 (edcfbbe)
C           -4.19927499026264       -1.68246152643801       -1.34223076761187
C           -3.28139217674998       -1.50805501268366       -0.13613630768407
N           -2.53269312733385       -0.26277364222027       -0.20192318997330
C           -3.19028938837021        0.91517038647057        0.31993989940818
C           -2.94565866088902        1.10166786756780        1.81861774561187
C           -1.28034679900143       -0.30238787794826       -0.72190819495509
O           -0.78180712674470       -1.33757986396937       -1.11588037478525
C           -0.52912391905579        1.03457848740134       -0.78826812041960
O            0.75572613640359        0.90887510900798       -1.32654418443030
C            1.71161919669794        0.25355913883640       -0.49785368548374
C            2.36928051261825        1.23534177617709        0.47923077432521
C            3.45621733038618        0.53396338138334        1.28723010935477
C            4.50849961766692       -0.06562465640205        0.35996715442137
C            3.85905748710404       -1.04463160468255       -0.61347844576207
C            2.76548703008992       -0.35409150303756       -1.42067658525047
H           -4.92290730332823       -0.87229391806340       -1.40529674670116
H           -4.73766019505279       -2.62296172906860       -1.26380833662139
H           -3.60739682407073       -1.69331078709887       -2.25334952813986
H           -3.85957870899105       -1.52116188803986        0.79112345276989
H           -2.55394369537851       -2.32214192965986       -0.11532615556709
H           -4.26356613875736        0.80232831941163        0.14388259929223
H           -2.85830264933162        1.80098790216291       -0.22353329114534
H           -3.47576019266890        1.98129665374819        2.17354877453847
H           -1.88619614486191        1.22690383125615        2.02556445026021
H           -3.29942490867811        0.23631934253093        2.37338559918284
H           -1.05865758155021        1.70552810385185       -1.47237079438471
H           -0.50019317942223        1.49531282066187        0.20980942570108
H            1.22407251665350       -0.55234394343373        0.06570633230252
H            2.80160764489160        2.05682698823796       -0.09598205420551
H            1.61887292102614        1.65665601110116        1.15344195352197
H            3.00496420721418       -0.26256135995748        1.88416496033044
H            3.92188180416715        1.24472211290230        1.97375791758854
H            5.27449443728114       -0.57568044940429        0.94813406562057
H            4.99402353036320        0.73580978013429       -0.20127704234846
H            3.42335871954071       -1.87585189645801       -0.05459627638367
H            4.61196270129185       -1.45364895635052       -1.28992476769539
H            2.27228892779498       -1.06189161082098       -2.08691137012984
H            3.19075898930743        0.44560614289498       -2.02952488772292
38
 energy: -48.521022505295 gnorm: 0.000371533545 xtb: 6.7.1 (edcfbbe)
C           -4.19713559880927       -1.68302591153853       -1.34195802913836
C           -3.27958358574273       -1.50762685087574       -0.13574236361713
N           -2.53180526799801       -0.26183673208525       -0.20191397591523
C           -3.19061093558132        0.91559833696548        0.31946809382436
C           -2.94938821989484        1.10020448898197        1.81896751891953
C           -1.27917193985539       -0.30085437038821       -0.72126920952722
O           -0.77969687048144       -1.33599954112175       -1.11438121534056
C           -0.52915729936918        1.03668424638658       -0.78826043660616
O            0.75615887797919        0.91155056971895       -1.32550802995231
C            1.71150025225932        0.25519718491663       -0.49685738487760
C            2.37153792362515        1.23703694389221        0.47849951277621
C            3.45804346199709        0.53466610276154        1.28622990989458
C            4.50870553458336       -0.06763336035016        0.35890160726870
C            3.85686086972483       -1.04648833130328       -0.61311807997585
C            2.76319776982069       -0.35568860290515       -1.41998587629329
H           -4.92191438598886       -0.87387199312910       -1.40481046594803
H           -4.73418253701669       -2.62428575238859       -1.26380125560029
H           -3.60515659858930       -1.69278792208993       -2.25302314520651
H           -3.85790320656862       -1.52080101007702        0.79141795574510
H           -2.55153081200937       -2.32117473554861       -0.11453036071711
H           -4.26350559018435        0.80314826011316        0.14064845292483
H           -2.85711430166979        1.80196942910458       -0.22214085042126
H           -3.47978114255636        1.97987196308051        2.17342016065652
H           -1.89021757624958        1.22448111986248        2.02849363021554
H           -3.30518530353995        0.23450108668133        2.37200287618451
H           -1.05869675123615        1.70645029238090       -1.47352828335332
H           -0.50133863438922        1.49843151795700        0.20942711708044
H            1.22282026151032       -0.54898982219135        0.06808567970279
H            2.80475792367270        2.05711621042985       -0.09805877815749
H            1.62226648383469        1.66034844040343        1.15276936836892
H            3.00605334333004       -0.26042011666680        1.88452066703781
H            3.92552307336312        1.24544126725351        1.97148868346600
H            5.27428554918039       -0.57843271966368        0.94701533171544
H            4.99513888515562        0.73246085751704       -0.20347596280206
H            3.42087162055188       -1.87683899791343       -0.05318668629698
H            4.60862930463603       -1.45679813650816       -1.29002591082790
H            2.26797945379799       -1.06395422584802       -2.08425325347732
H            3.18874596870745        0.44235081418699       -2.03082290490016
38
 energy: -48.521024053351 gnorm: 0.000264555884 xtb: 6.7.1 (edcfbbe)
C           -4.19516335742341       -1.68369426106824       -1.34232165384883
C           -3.27868592122956       -1.50737630991597       -0.13546315661428
N           -2.53159147610147       -0.26116191508949       -0.20177984255669
C           -3.19102089365261        0.91598947496124        0.31941231445674
C           -2.95215311806604        1.09915813202753        1.81944226881690
C           -1.27873719964354       -0.29967926434657       -0.72044484480447
O           -0.77850717487125       -1.33469412656533       -1.11280316798870
C           -0.52922482243327        1.03816940436135       -0.78825940239626
O            0.75640133573383        0.91324047179261       -1.32455782103638
C            1.71132803376592        0.25653782715473       -0.49567985990486
C            2.37368016918008        1.23872108055692        0.47769029169662
C            3.45983605044237        0.53577861553539        1.28538638656336
C            4.50877790257319       -0.06923957393676        0.35784922063210
C            3.85504914905060       -1.04822142583527       -0.61279835832765
C            2.76115541380005       -0.35715809102113       -1.41906408411784
H           -4.92041046588521       -0.87501488926492       -1.40591903628342
H           -4.73164411955676       -2.62530838068580       -1.26446784588480
H           -3.60240528055419       -1.69320837784739       -2.25288691278773
H           -3.85768628130103       -1.52047682223283        0.79126985023283
H           -2.55015911736915       -2.32049853328350       -0.11333944616449
H           -4.26366103237018        0.80405738653109        0.13860437074772
H           -2.85629931961385        1.80270070777200       -0.22086647788305
H           -3.48159716085525        1.97942357812200        2.17382352495962
H           -1.89309513856721        1.22135032483587        2.03067421663270
H           -3.31024841792948        0.23360348663284        2.37122683299486
H           -1.05877444097094        1.70659912385282       -1.47484390510111
H           -0.50250902830860        1.50132495436363        0.20885572613168
H            1.22194413256317       -0.54604650183236        0.07087528380910
H            2.80761883495526        2.05731869640631       -0.10040743010296
H            1.62565509834565        1.66409821897819        1.15202572181115
H            3.00719079896738       -0.25789466431966        1.88510601952194
H            3.92900059957134        1.24673841245496        1.96933795728344
H            5.27378731145228       -0.58075444563863        0.94607106907880
H            4.99633497184739        0.72944004397157       -0.20558324183350
H            3.41909220492504       -1.87798438647576       -0.05188451281670
H            4.60580345506250       -1.45949398534130       -1.29031782833610
H            2.26414259670962       -1.06582606442688       -2.08156134391303
H            3.18677570775675        0.43948207881811       -2.03169677583761
38
 energy: -48.521025582375 gnorm: 0.000138128971 xtb: 6.7.1 (edcfbbe)
C           -4.19305840240474       -1.68459113789609       -1.34333894953977
C           -3.27831222216488       -1.50727641554659       -0.13537344986212
N           -2.53178703209320       -0.26066752472864       -0.20143522878383
C           -3.19168363333704        0.91630398777560        0.31962265907434
C           -2.95421147222048        1.09840400826174        1.81994374397293
C           -1.27861974222243       -0.29874986606810       -0.71920572192651
O           -0.77762386561598       -1.33355954984628       -1.11112239951811
C           -0.52957762586979        1.03954671894758       -0.78780281358506
O            0.75615141147843        0.91444265608584       -1.32339042616204
C            1.71097373640364        0.25780395904218       -0.49439022193859
C            2.37587544176748        1.24059197376202        0.47658838641612
C            3.46174426001704        0.53712572498539        1.28423942108974
C            4.50904731333659       -0.07086739751173        0.35681507318085
C            3.85315867721390       -1.04996557239774       -0.61226301520582
C            2.75903280988618       -0.35870772567449       -1.41793515596919
H           -4.91831867209697       -0.87603565606043       -1.40846066279270
H           -4.72955400415057       -2.62623581302213       -1.26581303724383
H           -3.59898308671471       -1.69451763943658       -2.25305709466776
H           -3.85847149663906       -1.52022362300567        0.79061749003199
H           -2.54941056245476       -2.31999380338849       -0.11182072743344
H           -4.26416124927284        0.80489008180890        0.13745107671817
H           -2.85602054542747        1.80316723747517       -0.21978080401446
H           -3.48201360398334        1.97970203081558        2.17422314414730
H           -1.89507543120919        1.21807942487696        2.03230397410181
H           -3.31484060247079        0.23349315374222        2.37102607801327
H           -1.05922986820903        1.70690271144429       -1.47540930425413
H           -0.50354256605034        1.50389782927880        0.20880616934055
H            1.22120979627701       -0.54315394024127        0.07408966677525
H            2.81061350603636        2.05747155998852       -0.10330660466566
H            1.62927309915912        1.66841203339577        1.15092968790744
H            3.00846222159231       -0.25493494309478        1.88562254588889
H            3.93267110439330        1.24832684586454        1.96672309465973
H            5.27360997989233       -0.58288839958361        0.94519051377377
H            4.99754512098520        0.72628874793835       -0.20796317206431
H            3.41722292228229       -1.87902277363249       -0.05022375333472
H            4.60284493540525       -1.46241972261361       -1.29030622536710
H            2.26021705197640       -1.06758988602148       -2.07884596910266
H            3.18484229650417        0.43655070428208       -2.03224388083122
38
 energy: -48.521027292511 gnorm: 0.000239306898 xtb: 6.7.1 (edcfbbe)
C           -4.19063786807829       -1.68565721462768       -1.34505359736577
C           -3.27835638612455       -1.50726783402210       -0.13542715427885
N           -2.53232247799012       -0.26029212792277       -0.20092167665399
C           -3.19258948283754        0.91651089874107        0.32012148030625
C           -2.95577119185463        1.09793120457145        1.82056938426090
C           -1.27883227448068       -0.29789965366085       -0.71785099445222
O           -0.77718875490531       -1.33244085323659       -1.10954874717664
C           -0.52991288236568        1.04066698562945       -0.78671646319932
O            0.75579257274199        0.91549660429642       -1.32206893040662
C            1.71074113086386        0.25918580444087       -0.49304081705519
C            2.37834690675294        1.24284254073350        0.47517168901103
C            3.46383957300142        0.53897986807194        1.28298447140975
C            4.50913501900359       -0.07241490272544        0.35551110785943
C            3.85086163562805       -1.05204089245968       -0.61144121869938
C            2.75678713064939       -0.36050198521249       -1.41682485350597
H           -4.91554929046479       -0.87693881546271       -1.41249849435501
H           -4.72757942923120       -2.62708604022089       -1.26774430005226
H           -3.59467616028018       -1.69668173895419       -2.25355888515746
H           -3.86022500027806       -1.51992449711142        0.78949985993112
H           -2.54909203659445       -2.31962241905759       -0.10996341436058
H           -4.26500415318205        0.80528386580280        0.13721629582383
H           -2.85645132013298        1.80347318362833       -0.21884306915325
H           -3.48144418569527        1.98069753271847        2.17456744983462
H           -1.89636236428834        1.21480105862102        2.03349336609178
H           -3.31901977816660        0.23394528145539        2.37147198539374
H           -1.05974525592849        1.70746006024123       -1.47476588709367
H           -0.50421581793072        1.50560626711693        0.20964592509453
H            1.22069525527927       -0.53998030593591        0.07769368887019
H            2.81393142570782        2.05770046859867       -0.10692660116288
H            1.63333339560822        1.67347301000779        1.14946141060809
H            3.00983531265830       -0.25127793528450        1.88623959612520
H            3.93668880372897        1.25056484845984        1.96375102077875
H            5.27325833316376       -0.58481517643880        0.94409729557312
H            4.99865915228223        0.72291159982431       -0.21095988440742
H            3.41468525610365       -1.87996066427278       -0.04782122245826
H            4.59926653072147       -1.46625575014914       -1.28988338609767
H            2.25610954767685       -1.06967576184190       -2.07602503822416
H            3.18300912923749        0.43320348563927       -2.03290728482665
38
 energy: -48.521028127048 gnorm: 0.000123055877 xtb: 6.7.1 (edcfbbe)
C           -4.19028901891713       -1.68578878189083       -1.34563208586492
C           -3.27842552835324       -1.50730685390596       -0.13565687616393
N           -2.53234291720421       -0.26035900225843       -0.20088001329879
C           -3.19265026028392        0.91633021671125        0.32037505283854
C           -2.95533797318716        1.09815453710863        1.82072738405298
C           -1.27894544380209       -0.29789025338551       -0.71810883400587
O           -0.77739142122494       -1.33242052022614       -1.11010320213627
C           -0.53002138999469        1.04065902064256       -0.78610002195339
O            0.75554929084710        0.91567456025924       -1.32198221217457
C            1.71067851975793        0.25938423332088       -0.49312787002378
C            2.37858123582993        1.24326702820035        0.47465118153170
C            3.46403618642154        0.53952654545806        1.28264161799336
C            4.50910073388344       -0.07254104182707        0.35536051199745
C            3.85029785605299       -1.05245386004466       -0.61089860785772
C            2.75652429923596       -0.36085774860265       -1.41671847284564
H           -4.91501488400656       -0.87692653444103       -1.41358393932191
H           -4.72741736504137       -2.62710911831670       -1.26819594314404
H           -3.59396575186475       -1.69718649790138       -2.25390073980941
H           -3.86068498332793       -1.51985993750300        0.78904184210821
H           -2.54922927338701       -2.31974907400023       -0.10988797925607
H           -4.26508102616294        0.80472962625431        0.13799985775652
H           -2.85705065903313        1.80332846653273       -0.21882544326845
H           -3.48095000010246        1.98095136966295        2.17469547294738
H           -1.89591363432837        1.21514130258874        2.03333899466515
H           -3.31836451975222        0.23430366132918        2.37194925446287
H           -1.05986083567950        1.70822683220377       -1.47340014509873
H           -0.50385271799744        1.50465511050449        0.21069601422638
H            1.22061709411157       -0.53958299295698        0.07788994826743
H            2.81425750461689        2.05784562180424       -0.10774489368955
H            1.63360723095376        1.67423720168186        1.14876099456185
H            3.00991204804161       -0.25036747397911        1.88624417009988
H            3.93711414953394        1.25127740699880        1.96306208943567
H            5.27330965295766       -0.58477054950846        0.94401095085842
H            4.99853718125300        0.72241282331425       -0.21167046403395
H            3.41355395712792       -1.87955110180940       -0.04665480713735
H            4.59841981552806       -1.46768382613400       -1.28894760155167
H            2.25561381964658       -1.07011685255271       -2.07563495161372
H            3.18307902785054        0.43241645666927       -2.03308612672496
