30
 energy: -34.882806185738 gnorm: 0.036614177958 xtb: 6.7.1 (edcfbbe)
C           -2.53424191572100        2.28961090303000       -0.88616088508600
C           -2.07457407368100        2.07918114620700        0.54838362021000
C           -0.98623621860900        1.04041713650800        0.64092549878800
C            0.36008500943300        1.41133182617100        0.52720434763800
C            1.37818235989100        0.45100415560600        0.59307983069000
C            2.82226189178000        0.85847526498300        0.44929131337100
C            3.27190122279400        0.84223703703400       -1.00365541753400
C            1.03473046808000       -0.89683488302700        0.76178575989200
C           -0.30570161438300       -1.28789792552200        0.87755429390200
C           -0.66515101421400       -2.74288268785100        1.03845399281600
C           -0.86309967656800       -3.42786528034300       -0.30508924114500
C           -1.30922726179500       -0.31252249310000        0.80921691992700
H           -1.70903118583000        2.62721293959600       -1.52236174909400
H           -3.32314170999100        3.04746312251400       -0.92340128871600
H           -2.93228525201400        1.36399785703600       -1.31569686674500
H           -1.71580090115100        3.02793237906000        0.96575693576100
H           -2.92633473291700        1.77784720094800        1.17027575138400
H            0.61817694110800        2.45849591856600        0.38142352946400
H            3.45603401207000        0.18681564804100        1.04111429364600
H            2.96680178606800        1.86062896723700        0.87100717482800
H            2.67802823939100        1.53360052269100       -1.61113402415400
H            3.17239835955900       -0.15779549195700       -1.43923958391100
H            4.32209769469700        1.14162690994200       -1.07811183798200
H            1.81912927055200       -1.65032629102000        0.79900759848400
H           -1.57857299955200       -2.83325910934800        1.63890371421900
H            0.12119313378000       -3.25698600351400        1.60450081502700
H           -1.12266628083000       -4.48103223650500       -0.15827375665800
H           -1.66958621628600       -2.95606128257000       -0.87664735078300
H            0.04803610779700       -3.38423715314700       -0.91141207974800
H           -2.35340544345700       -0.61017809726700        0.88344060447600
30
 energy: -34.884792565703 gnorm: 0.011873028833 xtb: 6.7.1 (edcfbbe)
C           -2.53048917316730        2.28625428209836       -0.88446739209672
C           -2.06646944603157        2.07191804285254        0.55195800496627
C           -0.97987177100081        1.03285625807311        0.63237999869838
C            0.35663636657996        1.39804063665466        0.52050977551492
C            1.36869418341366        0.44739493535944        0.58485493773615
C            2.81183987632745        0.85583033193100        0.45324046632270
C            3.26708005277404        0.84101766747925       -1.00178852169617
C            1.02509176493983       -0.88894848518229        0.75293881253789
C           -0.30390005584537       -1.27984840695134        0.86742235640429
C           -0.66237903217589       -2.73190242218363        1.04017434017556
C           -0.86181497268025       -3.42277916164851       -0.30425380069020
C           -1.29735992802741       -0.30999710520744        0.79993497876381
H           -1.70327200493202        2.61867937693658       -1.51124278465939
H           -3.31648680286857        3.04072822121149       -0.92517091254385
H           -2.92181766749879        1.36032623142886       -1.30537250613263
H           -1.69992093084661        3.02034922300374        0.95729908017461
H           -2.91950338056654        1.76092002093022        1.16334534383850
H            0.61438367909333        2.44218385871277        0.39491242865722
H            3.44180020543107        0.17514010386854        1.03461112260338
H            2.94891142832077        1.86146410583949        0.86323207720888
H            2.66936674088992        1.52866242071265       -1.59972276501471
H            3.16183437236744       -0.15622428664274       -1.42848968869996
H            4.31299833520712        1.13881999643501       -1.07956306813663
H            1.80649368686355       -1.63638688768934        0.80942182681652
H           -1.58146170622527       -2.81693171463462        1.62859423425987
H            0.13100984186329       -3.24382539094356        1.59393433403653
H           -1.12054531518199       -4.47225257566561       -0.16162063624908
H           -1.66327006015888       -2.94553211146189       -0.86776664296515
H            0.04774206507426       -3.37206052723687       -0.90239724916968
H           -2.33532035193739       -0.60389663808087        0.89323376230567
30
 energy: -34.884984374289 gnorm: 0.003035924450 xtb: 6.7.1 (edcfbbe)
C           -2.52461596479481        2.28026308325543       -0.88632522136568
C           -2.06323938053943        2.06929631942076        0.55505117974017
C           -0.97800039917036        1.03086798677980        0.63130277661134
C            0.35580381956938        1.39473111400381        0.52013438655077
C            1.36606923090953        0.44652741195613        0.58386848368824
C            2.80787787882352        0.85500142532858        0.45647909724605
C            3.25901668907126        0.83850067491190       -1.00336432417787
C            1.02264371867929       -0.88673124498382        0.75200163027733
C           -0.30332293359098       -1.27740911147185        0.86589508957977
C           -0.66121915058770       -2.72744201778029        1.04254774899689
C           -0.85995319668116       -3.41504657570041       -0.30750635320917
C           -1.29419543744892       -0.30917886073226        0.79888461568437
H           -1.69461099257395        2.61041460422122       -1.50729987012236
H           -3.30921772152520        3.03315730653964       -0.92841759905329
H           -2.91264067687612        1.35259347349898       -1.30151633496340
H           -1.69351989527214        3.01642852652367        0.95555846026336
H           -2.91562887581311        1.75439027284179        1.16203091671975
H            0.61333249696821        2.43775511495693        0.39751964905300
H            3.43526784987573        0.17120484900291        1.03350773925897
H            2.94135803029442        1.86102205452748        0.86177350721340
H            2.65799760833342        1.52539084743667       -1.59537422586900
H            3.15025708959269       -0.15878311735902       -1.42421367217345
H            4.30290900356348        1.13557691295841       -1.08245858037200
H            1.80310223876956       -1.63280946204828        0.81121516831374
H           -1.58160370720657       -2.80972006043865        1.62588353606937
H            0.13441540185121       -3.23749796969890        1.59115197862435
H           -1.11827236655878       -4.46272941300750       -0.16660476568807
H           -1.65985867845410       -2.93354006807314       -0.86591523906773
H            0.05042966036647       -3.35988832566961       -0.90053114487387
H           -2.33058133957384       -0.60234575120133        0.89486328001206
30
 energy: -34.885014807300 gnorm: 0.001018559002 xtb: 6.7.1 (edcfbbe)
C           -2.52078911993936        2.27624232009929       -0.88825065587733
C           -2.06276213866515        2.06900435966194        0.55609148488570
C           -0.97785692622724        1.03121167203578        0.63425257028989
C            0.35597906139969        1.39519953706142        0.52302252205010
C            1.36621628409358        0.44687013688662        0.58681805073485
C            2.80735948295087        0.85495766275630        0.45753948673859
C            3.25368064582676        0.83676418129272       -1.00510433385914
C            1.02288489966926       -0.88648859703384        0.75491262846903
C           -0.30317847833750       -1.27706899261776        0.86884519492387
C           -0.66102854256516       -2.72675351898146        1.04348838944230
C           -0.85876374852399       -3.41004422435817       -0.31034879865697
C           -1.29418347852997       -0.30887898951638        0.80180055199800
H           -1.68820608295544        2.60449503935090       -1.50630851114204
H           -3.30535097194706        3.02848467391494       -0.93408860784626
H           -2.90635408442253        1.34655100816394       -1.30050495039295
H           -1.69371352108997        3.01658604915813        0.95440927365016
H           -2.91597837733670        1.75438672716690        1.16090785186485
H            0.61348472357394        2.43818427709496        0.39975338888353
H            3.43553173657054        0.17104851225423        1.03237240248023
H            2.94155886012980        1.86108127214718        0.86061618792257
H            2.64960696375416        1.52315942142068       -1.59408349044169
H            3.14191453515368       -0.16117858300807       -1.42290625784339
H            4.29708909534706        1.13331952118457       -1.08793350645664
H            1.80333849678634       -1.63266812296505        0.81347799590871
H           -1.58183973596448       -2.81011188238567        1.62479999122071
H            0.13439828364767       -3.23794439286219        1.59006412444297
H           -1.11719373227061       -4.45786268518545       -0.17324525410436
H           -1.65783089599256       -2.92501251876723       -0.86638462539805
H            0.05262402628940       -3.35140247096916       -0.90100381775183
H           -2.33063726042407       -0.60213139300101        0.89713262683161
30
 energy: -34.885043628244 gnorm: 0.001788058625 xtb: 6.7.1 (edcfbbe)
C           -2.51542087342640        2.27060038536824       -0.89096063519087
C           -2.06272225036212        2.06913061587869        0.55709984397003
C           -0.97791371511071        1.03215158938946        0.63966136664350
C            0.35640290914340        1.39648259395783        0.52815994984561
C            1.36691346017327        0.44762199839749        0.59221126043520
C            2.80742196210354        0.85507834490116        0.45854725015935
C            3.24619434413257        0.83432706431625       -1.00755418144037
C            1.02364855615401       -0.88636834237046        0.76016807450522
C           -0.30301831332104       -1.27687158282809        0.87432935834347
C           -0.66098226017832       -2.72664936876511        1.04449894729729
C           -0.85709561301585       -3.40302730890815       -0.31434528910629
C           -1.29460056186744       -0.30846425700681        0.80708051617714
H           -1.67964332659479        2.59647698773550       -1.50590771788084
H           -3.30022940811694        3.02204616395466       -0.94312256435744
H           -2.89799572991801        1.33832043371709       -1.30006965537442
H           -1.69582879002214        3.01814084796075        0.95295430812170
H           -2.91784179691559        1.75620131736850        1.15941025339152
H            0.61390872391388        2.43959490680340        0.40332553697186
H            3.43797014871403        0.17179090334770        1.03078780642185
H            2.94409891507862        1.86147559992540        0.85906690114065
H            2.63830548712444        1.52009301570616       -1.59328090427810
H            3.13069620966236       -0.16452848615896       -1.42207481100776
H            4.28920559006485        1.13012412475996       -1.09670401680421
H            1.80425516111793       -1.63294348470294        0.81722118455924
H           -1.58236336695517       -2.81288117072975        1.62376826858061
H            0.13352116672275       -3.24062572816179        1.58903964979987
H           -1.11581556739609       -4.45149319067267       -0.18358079482217
H           -1.65519065315703       -2.91368108531155       -0.86793735908975
H            0.05555214383775       -3.34014319546352       -0.90256230199120
H           -2.33143255158480       -0.60197969240934        0.90091166794631
30
 energy: -34.885061457202 gnorm: 0.001449877359 xtb: 6.7.1 (edcfbbe)
C           -2.51180529421080        2.26683562162280       -0.89257033578600
C           -2.06270509163002        2.06910574057108        0.55704991188344
C           -0.97771427836631        1.03262444279946        0.64373200976653
C            0.35661488960516        1.39698722616991        0.53241798885805
C            1.36711444219867        0.44809441194552        0.59628161979217
C            2.80739324982541        0.85506497397258        0.45849811439906
C            3.24117700921728        0.83271473107752       -1.00898920165282
C            1.02386581657709       -0.88588183550190        0.76442785001699
C           -0.30281844403705       -1.27640028350479        0.87840009415834
C           -0.66097836991331       -2.72662893260683        1.04444437264739
C           -0.85596505303075       -3.39829036487741       -0.31681902180596
C           -1.29440165330386       -0.30797310024984        0.81134108587554
H           -1.67464421801546        2.59152614113369       -1.50633166053164
H           -3.29683852092483        3.01780461531410       -0.94897211552411
H           -2.89295595839539        1.33341036547701       -1.30050053093976
H           -1.69738444150979        3.01938655962337        0.95169661809281
H           -2.91934325384421        1.75750276681166        1.15814350967659
H            0.61408621416850        2.44002599122794        0.40678441321694
H            3.43985722590201        0.17224775049622        1.02945241469673
H            2.94600781747260        1.86185765921612        0.85773909110291
H            2.63155589925843        1.51807083158881       -1.59346732818544
H            3.12393064740316       -0.16649520121304       -1.42226678808525
H            4.28400111823367        1.12802629081987       -1.10237936398493
H            1.80444737944118       -1.63256296133924        0.82068499021247
H           -1.58286773262734       -2.81499109792678        1.62284820041462
H            0.13294082985150       -3.24271688871745        1.58812107984375
H           -1.11489885640101       -4.44726921075090       -0.19029061414805
H           -1.65353311921806       -2.90702077714065       -0.86954403400059
H            0.05715332464764       -3.33346922975149       -0.90416782334915
H           -2.33129157837317       -0.60158623628822        0.90437736630637
30
 energy: -34.885076060593 gnorm: 0.000489492339 xtb: 6.7.1 (edcfbbe)
C           -2.50838469777512        2.26332118294906       -0.89380390809226
C           -2.06265175534802        2.06900421175511        0.55674542236200
C           -0.97744243403178        1.03292435787516        0.64717420090318
C            0.35675880104613        1.39726317784342        0.53612960741122
C            1.36714646456493        0.44845408734283        0.59972845567565
C            2.80728696864373        0.85500329923823        0.45819674730348
C            3.23646343460851        0.83122836992834       -1.01005819526684
C            1.02393326481773       -0.88534427049600        0.76811281791277
C           -0.30261561829127       -1.27586422674611        0.88181824235883
C           -0.66097101392238       -2.72657316392445        1.04412387136620
C           -0.85488592713436       -3.39379422143946       -0.31886671880424
C           -1.29406850598826       -0.30750173277475        0.81502095929838
H           -1.67016756122676        2.58700767553457       -1.50678416629058
H           -3.29362119595536        3.01387342162807       -0.95395169384131
H           -2.88837076240047        1.32900275041589       -1.30097140719011
H           -1.69833572121028        3.02023881060848        0.95051280554822
H           -2.92041746516012        1.75822793173823        1.15698064310468
H            0.61420854279836        2.44022679889073        0.41035485304724
H            3.44110091584000        0.17239514044727        1.02824252851593
H            2.94720179832949        1.86217513300754        0.85651190503110
H            2.62546896926486        1.51618557033674       -1.59370629375372
H            3.11780031561695       -0.16823116437470       -1.42252081473846
H            4.27912847770058        1.12611280699632       -1.10719500706536
H            1.80446417304901       -1.63200109529248        0.82421862200386
H           -1.58332452481851       -2.81637827321073        1.62190000821825
H            0.13265672972730       -3.24414725994670        1.58716922246326
H           -1.11401024563861       -4.44323253633510       -0.19607991800682
H           -1.65198907179823       -2.90102499369380       -0.87107209553235
H            0.05854573161909       -3.32743606077319       -0.90569284971878
H           -2.33090808692619       -0.60111572752935        0.90790406874356
30
 energy: -34.885086238142 gnorm: 0.000319350317 xtb: 6.7.1 (edcfbbe)
C           -2.50537049182185        2.26022274241485       -0.89490036464533
C           -2.06259684885571        2.06893068509685        0.55662114549322
C           -0.97719673335233        1.03320522757167        0.65034521549038
C            0.35689678074600        1.39754351047328        0.53949364217648
C            1.36718231499007        0.44878727836837        0.60290366989511
C            2.80719933251958        0.85496535721762        0.45807531884792
C            3.23230869993255        0.82991728623059       -1.01100958205821
C            1.02401689570854       -0.88487795806636        0.77145793687968
C           -0.30243030425879       -1.27537670963769        0.88496823859306
C           -0.66095714018494       -2.72650624609073        1.04398530968098
C           -0.85393532253811       -3.38983269717408       -0.32068068679561
C           -1.29379600762998       -0.30708250330551        0.81836230921171
H           -1.66606706962087        2.58289632820521       -1.50700481846911
H           -3.29077958385335        3.01034855170894       -0.95867225566128
H           -2.88416668635456        1.32499729617930       -1.30120953908477
H           -1.69923619131804        3.02097766939439        0.94951179666717
H           -2.92134808075166        1.75893559901834        1.15598489965023
H            0.61429933958764        2.44037191505921        0.41305315793924
H            3.44221611395028        0.17259284191148        1.02720531461010
H            2.94830480638203        1.86241456968620        0.85547041549357
H            2.61991363237645        1.51448107929297       -1.59373166793048
H            3.11220351945686       -0.16979310668931       -1.42256056800256
H            4.27478773192990        1.12437919817286       -1.11177012635768
H            1.80447194655121       -1.63157185438154        0.82688801691565
H           -1.58367846676013       -2.81764342335337        1.62110479574046
H            0.13234515218145       -3.24542306349865        1.58637290997358
H           -1.11323607228877       -4.43968351396402       -0.20151938264582
H           -1.65056475212402       -2.89552114319749       -0.87227653824007
H            0.05982526810681       -3.32189649650971       -0.90689446302446
H           -2.33061178270533       -0.60075842013450        0.91056781262389
30
 energy: -34.885093263868 gnorm: 0.000440033481 xtb: 6.7.1 (edcfbbe)
C           -2.50284823024068        2.25761771463259       -0.89589253877086
C           -2.06254291091222        2.06887941869974        0.55662703805872
C           -0.97705382788121        1.03345497626568        0.65271707210896
C            0.35701761296303        1.39782619232745        0.54198160564971
C            1.36726379097105        0.44905232598158        0.60527673217469
C            2.80712793797636        0.85494535382511        0.45808377842157
C            3.22882330486844        0.82880986424306       -1.01188016093952
C            1.02413476630478       -0.88458514785654        0.77394487484608
C           -0.30230507281050       -1.27506648184341        0.88733392447597
C           -0.66093921021808       -2.72643399801288        1.04397860121413
C           -0.85314223051547       -3.38652138153591       -0.32227419160423
C           -1.29366783586763       -0.30679223559797        0.82084907093597
H           -1.66257238396673        2.57948384517767       -1.50713116824631
H           -3.28835007131211        3.00739193068327       -0.96235938277768
H           -2.88066407130285        1.32159215915113       -1.30133712742070
H           -1.69992310624315        3.02157871911393        0.94870306420454
H           -2.92210210179921        1.75946722557894        1.15518768115765
H            0.61441513995394        2.44064540562419        0.41540594114791
H            3.44310047682514        0.17271609606010        1.02637497597689
H            2.94916205651971        1.86263071550016        0.85463045827951
H            2.61522415081369        1.51310843056800       -1.59369243232278
H            3.10751110816461       -0.17115534016115       -1.42252221962408
H            4.27111641258630        1.12294384179127       -1.11533378728004
H            1.80458800610885       -1.63129921043747        0.82924089931911
H           -1.58398795618564       -2.81863229867253        1.62046209972052
H            0.13212999220514       -3.24643542917315        1.58572804367954
H           -1.11256248504288       -4.43663150697121       -0.20581723034264
H           -1.64941805255253       -2.89086633058013       -0.87322323877500
H            0.06096137209283       -3.31723927468858       -0.90784106171580
H           -2.33049658150208       -0.60048557969373        0.91292059141517
30
 energy: -34.885098525019 gnorm: 0.000331268781 xtb: 6.7.1 (edcfbbe)
C           -2.50082444658260        2.25551404464184       -0.89677114861299
C           -2.06245828821505        2.06880605785623        0.55667953304820
C           -0.97693416614654        1.03369995675590        0.65492257783423
C            0.35713365798407        1.39810568905193        0.54427264138492
C            1.36735722210887        0.44930391391816        0.60748293802312
C            2.80702088200332        0.85491983612837        0.45814017076137
C            3.22601722364763        0.82791014347223       -1.01266103172827
C            1.02425760674774       -0.88432880483175        0.77623827617142
C           -0.30219293204922       -1.27479565685995        0.88953676879175
C           -0.66090969455591       -2.72631854253290        1.04401186837929
C           -0.85250858672306       -3.38386860856384       -0.32363627186454
C           -1.29356853756370       -0.30653012011468        0.82314260319436
H           -1.65961614393545        2.57657661040746       -1.50713065907034
H           -3.28641245737247        3.00497866032612       -0.96563847222270
H           -2.87766368260225        1.31873000070670       -1.30134394938660
H           -1.70055221598361        3.02205178910439        0.94796642617258
H           -2.92271573081583        1.75995619070505        1.15444856311603
H            0.61449822306786        2.44084470200392        0.41705685903300
H            3.44384317861984        0.17286709425596        1.02560849925621
H            2.94991104624417        1.86276035823426        0.85386581632333
H            2.61125161919837        1.51192804259970       -1.59355179590394
H            3.10352088524193       -0.17227498230283       -1.42238735171159
H            4.26814958732579        1.12175328891245       -1.11851379511642
H            1.80467497177730       -1.63111297495609        0.83089318555477
H           -1.58420488179782       -2.81950030139176        1.61986086629439
H            0.13189142830791       -3.24729797825288        1.58512708446750
H           -1.11203640884851       -4.43421454369225       -0.20958730735424
H           -1.64841210026456       -2.88690501963986       -0.87392356003850
H            0.06190568419057       -3.31326268579389       -0.90854024669626
H           -2.33042294300788       -0.60029616014878        0.91457282486692
30
 energy: -34.885102576753 gnorm: 0.000168597985 xtb: 6.7.1 (edcfbbe)
C           -2.49891577006382        2.25353396926854       -0.89757604745701
C           -2.06240260180131        2.06877454965507        0.55681645104706
C           -0.97686515784328        1.03391626192180        0.65665324285744
C            0.35723082316441        1.39835102039926        0.54605150852504
C            1.36746383664050        0.44951092622203        0.60921283845693
C            2.80696225902577        0.85491697083279        0.45827949243814
C            3.22337342646861        0.82706485472084       -1.01337376804015
C            1.02437411488572       -0.88414939628829        0.77802387531072
C           -0.30211304075341       -1.27461633010323        0.89127126892918
C           -0.66088685661868       -2.72623746279211        1.04413734084135
C           -0.85191025223560       -3.38136562157686       -0.32489680223536
C           -1.29351902324697       -0.30633409430707        0.82492956313561
H           -1.65691855161649        2.57398611311858       -1.50716554909358
H           -3.28453811267296        3.00271644297474       -0.96837081192953
H           -2.87499318158827        1.31611140141780       -1.30137419865442
H           -1.70109127181224        3.02251507839564        0.94737430305378
H           -2.92329234875593        1.76038080022048        1.15386293372363
H            0.61459468074048        2.44109884855271        0.41869395421140
H            3.44452893951044        0.17297717299221        1.02499739808817
H            2.95058156182978        1.86292230195991        0.85324924267791
H            2.60765462203781        1.51090646409999       -1.59345931445712
H            3.09993488980842       -0.17333407905213       -1.42229082539721
H            4.26533024662652        1.12066107245124       -1.12115123347577
H            1.80480331443147       -1.63096747373249        0.83254137542300
H           -1.58443323053290       -2.82026696005575        1.61939632543570
H            0.13171573965837       -3.24807782592522        1.58466122610291
H           -1.11151306079418       -4.43185459951785       -0.21278952826844
H           -1.64755342802664       -2.88332492945712       -0.87458366779634
H            0.06280245737810       -3.30969216278217       -0.90920136245653
H           -2.33040502384279       -0.60012331361410        0.91622268197050
30
 energy: -34.885105553510 gnorm: 0.000133747051 xtb: 6.7.1 (edcfbbe)
C           -2.49737270164538        2.25192657695177       -0.89826760490914
C           -2.06233125595510        2.06871042738848        0.55684689656939
C           -0.97677680713750        1.03410336422358        0.65831998777157
C            0.35732017741215        1.39856848583087        0.54778818191877
C            1.36753721498243        0.44970184133352        0.61088020010953
C            2.80687040288053        0.85489361463963        0.45831329089465
C            3.22123143473852        0.82637598274515       -1.01399072128387
C            1.02447144788499       -0.88395901800383        0.77976331999823
C           -0.30202895560599       -1.27441444551038        0.89293647077104
C           -0.66086240264791       -2.72614087289857        1.04415145988922
C           -0.85142786156629       -3.37934416885864       -0.32595718240548
C           -1.29344925564105       -0.30613694082951        0.82666912767062
H           -1.65463746488652        2.57175167971969       -1.50714927987223
H           -3.28305738322227        3.00087347645719       -0.97087162998189
H           -2.87268441747043        1.31390567787569       -1.30136258410480
H           -1.70156947354862        3.02287355784608        0.94677810251725
H           -2.92376364075813        1.76074647800368        1.15326554429740
H            0.61466700907038        2.44127935080202        0.42004568589049
H            3.44509365009838        0.17308483452925        1.02437917441389
H            2.95114897364243        1.86302027820936        0.85263174670261
H            2.60459419473223        1.51000341090590       -1.59333492727231
H            3.09686326264170       -0.17419874723468       -1.42217013460731
H            4.26306380747655        1.11975206998791       -1.12357638710080
H            1.80488746145629       -1.63082704611347        0.83389723930670
H           -1.58460342237345       -2.82093099500934        1.61890366870491
H            0.13153579894587       -3.24873943523379        1.58416861897355
H           -1.11111088689263       -4.43000761005804       -0.21566540803518
H           -1.64678209661050       -2.88027075645891       -0.87510655184973
H            0.06353484881961       -3.30662825636432       -0.90972365742394
H           -2.33036165881938       -0.59997281487705        0.91757926541389
30
 energy: -34.885107730549 gnorm: 0.000142261344 xtb: 6.7.1 (edcfbbe)
C           -2.49597240447826        2.25047757160289       -0.89883606174789
C           -2.06228432343205        2.06867400775098        0.55690212065665
C           -0.97670563443242        1.03425501284851        0.65966818447342
C            0.35738997167256        1.39873435706524        0.54919366446802
C            1.36759695981487        0.44985636088876        0.61222844736331
C            2.80681403564048        0.85488305253768        0.45837067814740
C            3.21929436124337        0.82575879731546       -1.01449160027155
C            1.02454267709658       -0.88379789977377        0.78116932692737
C           -0.30196102533723       -1.27425152326189        0.89428359987586
C           -0.66084512932972       -2.72607555010700        1.04419631908301
C           -0.85098817055248       -3.37750680963040       -0.32685965267464
C           -1.29338286555723       -0.30597463090782        0.82807545719777
H           -1.65269548424828        2.56985659916539       -1.50719322677772
H           -3.28168766389627        2.99921321900902       -0.97291345359777
H           -2.87073541216500        1.31201813183394       -1.30140769660053
H           -1.70195957717796        3.02320317891549        0.94632296632337
H           -2.92417968035829        1.76104932606915        1.15281483405536
H            0.61472550728500        2.44141880860205        0.42121936897360
H            3.44558566807707        0.17316147895162        1.02391023157375
H            2.95163044600757        1.86313278042842        0.85215894244153
H            2.60198997271043        1.50924154201734       -1.59328688801623
H            3.09425613880897       -0.17495070239975       -1.42212292698950
H            4.26099848795799        1.11894785047760       -1.12554867164791
H            1.80494765486097       -1.63069313019695        0.83507151806412
H           -1.58476843265031       -2.82148654220165        1.61854026814222
H            0.13140720483331       -3.24930400704524        1.58380421133502
H           -1.11072987268253       -4.42828554166735       -0.21805104878385
H           -1.64614159149500       -2.87768160695060       -0.87560655239484
H            0.06416530870842       -3.30403651383396       -0.91022368141994
H           -2.33030712692369       -0.59983761750393        0.91875323478760
30
 energy: -34.885109343629 gnorm: 0.000109303481 xtb: 6.7.1 (edcfbbe)
C           -2.49481394967348        2.24927825337239       -0.89931049702619
C           -2.06224712335181        2.06863660412248        0.55689411122585
C           -0.97663762331762        1.03438227812142        0.66084906153939
C            0.35745011480059        1.39887570958980        0.55042683409141
C            1.36764160568747        0.44998954584315        0.61341024211303
C            2.80676328429700        0.85486763116920        0.45836443710867
C            3.21769153497891        0.82524769370977       -1.01491013439572
C            1.02460201413434       -0.88365368325672        0.78240206956020
C           -0.30189971625830       -1.27410122087425        0.89546202244878
C           -0.66083313350497       -2.72602633833122        1.04417952703141
C           -0.85062448384816       -3.37598702531349       -0.32761042963819
C           -1.29332065221411       -0.30583122274359        0.82930772149157
H           -1.65103509252094        2.56823291477767       -1.50721096235293
H           -3.28057632283286        2.99784400948354       -0.97470650829580
H           -2.86906244427948        1.31040783579647       -1.30142763977455
H           -1.70230720567193        3.02347734338528        0.94589937220821
H           -2.92453420801832        1.76131634922619        1.15239220709158
H            0.61477747422774        2.44154120388425        0.42228247724892
H            3.44600762081623        0.17323518759785        1.02347201737379
H            2.95204958371647        1.86321593454144        0.85171959874934
H            2.59976264986378        1.50858689762955       -1.59322598354807
H            3.09202362833514       -0.17558765236284       -1.42206365220815
H            4.25930734234460        1.11827696943775       -1.12728513055610
H            1.80499922569284       -1.63056915309370        0.83613432870602
H           -1.58490211885627       -2.82197446920411        1.61819450615730
H            0.13128322170367       -3.24979429201357        1.58345820735151
H           -1.11042517296746       -4.42689525765797       -0.22012449619991
H           -1.64558752288515       -2.87546383535636       -0.87601548144446
H            0.06470146725924       -3.30181414462478       -0.91063237803420
H           -2.33025399765626       -0.59971406685636        0.91981646494428
30
 energy: -34.885110546061 gnorm: 0.000083017997 xtb: 6.7.1 (edcfbbe)
C           -2.49377745988242        2.24820905652389       -0.89971108743484
C           -2.06221429007981        2.06860714669397        0.55690862173729
C           -0.97657929310937        1.03449195354309        0.66186472380850
C            0.35750193406596        1.39899721628156        0.55149201270601
C            1.36768025111817        0.45010408360534        0.61442552518007
C            2.80672103899737        0.85485698836429        0.45838050728128
C            3.21626003641740        0.82479355812709       -1.01526075193276
C            1.02465284675088       -0.88352862027641        0.78346695238247
C           -0.30184698978167       -1.27397215512183        0.89647584550635
C           -0.66082182884951       -2.72598180188632        1.04418645962693
C           -0.85029835780817       -3.37462610723859       -0.32825800336757
C           -1.29326619232486       -0.30570700765477        0.83037337928733
H           -1.64961319308419        2.56683303694435       -1.50725402970499
H           -3.27956732671789        2.99661715484331       -0.97623528492806
H           -2.86762509503744        1.30902431754829       -1.30147337653012
H           -1.70258960427250        3.02371303560644        0.94556921674700
H           -2.92483263782464        1.76153549329034        1.15206479347630
H            0.61481815298104        2.44163472539879        0.42314359139892
H            3.44636116512765        0.17329185856036        1.02313157234015
H            2.95239661422408        1.86329484276477        0.85137670868072
H            2.59784982453367        1.50801828856852       -1.59320170371051
H            3.09010445827780       -0.17613462816563       -1.42204141382867
H            4.25778319066565        1.11768123415270       -1.12876236830830
H            1.80503680350257       -1.63046478763468        0.83699417643608
H           -1.58501918441380       -2.82237530421542        1.61793013547900
H            0.13118865456752       -3.25020065311717        1.58319314866249
H           -1.11014528109976       -4.42562818417194       -0.22190679568649
H           -1.64510994297407       -2.87356373598421       -0.87639485881177
H            0.06515708501945       -3.29990843374347       -0.91101144579546
H           -2.33020537898823       -0.59961257160739        0.92067566226966
30
 energy: -34.885111439695 gnorm: 0.000069960535 xtb: 6.7.1 (edcfbbe)
C           -2.49290790965214        2.24731036040817       -0.90005907880537
C           -2.06218715606811        2.06857959003001        0.55690170477205
C           -0.97652853303171        1.03458482072607        0.66273388023876
C            0.35754571100071        1.39909976706965        0.55239765531900
C            1.36771201336075        0.45020188913457        0.61529626502185
C            2.80668369515990        0.85484552750302        0.45837469629670
C            3.21505819146248        0.82441110323203       -1.01556689428805
C            1.02469542959938       -0.88342188932992        0.78437192180440
C           -0.30180168905086       -1.27386053896091        0.89734277767728
C           -0.66081314871396       -2.72594590237438        1.04417310739650
C           -0.85002501734746       -3.37348505758416       -0.32881330965172
C           -1.29321943855446       -0.30560153378789        0.83127698627019
H           -1.64836872998673        2.56562172948673       -1.50726162681412
H           -3.27873079910562        2.99559011886532       -0.97756424230614
H           -2.86637566982246        1.30781853935910       -1.30148206768073
H           -1.70284981199736        3.02392054674937        0.94525241205365
H           -2.92510049041202        1.76173505049026        1.15174875712366
H            0.61485686218090        2.44172581308483        0.42394017848040
H            3.44667895658017        0.17334582168026        1.02280373398723
H            2.95271134880043        1.86335917205134        0.85104768996620
H            2.59618348530494        1.50753239189685       -1.59315054479113
H            3.08843600316702       -0.17661330871227       -1.42199083481599
H            4.25651298217725        1.11717911894640       -1.13004908023362
H            1.80507496410058       -1.63037146351029        0.83779060001676
H           -1.58512150118493       -2.82274150640604        1.61767175176387
H            0.13109711503621       -3.25056948525051        1.58293482884413
H           -1.10991515193202       -4.42458075325208       -0.22344644502550
H           -1.64469822041523       -2.87190370370156       -0.87669478719967
H            0.06556159014415       -3.29824642758444       -0.91131120177190
H           -2.33016508079890       -0.59951979026027        0.92147307931833
