22
 energy: -29.452417084464 gnorm: 0.034137570798 xtb: 6.7.1 (edcfbbe)
C            3.36090998336100       -0.35261760909300        0.51091617747800
O            2.25232854456100       -1.21143503050500        0.27768389802300
C            1.03186116345800       -0.61515905741900        0.11126234204600
C            0.77314853053800        0.75545909414400        0.16467918533700
C           -0.52958280621000        1.24241901748400       -0.02322672782100
C           -0.80950656726200        2.71345885383500        0.07635285884200
C           -1.57616596311500        0.33818388469800       -0.24485471879300
C           -1.32865954888400       -1.03712506822600       -0.31555606080300
C           -2.45478998338500       -2.00448455545100       -0.52713473641500
C           -0.02170450672200       -1.50232817650400       -0.12558978153900
H            3.23812376426800        0.20565340015100        1.44489189567300
H            3.52328063707800        0.32231411527600       -0.33597726572100
H            4.25280659957800       -0.97841432494200        0.61277787272300
H            1.56779413137900        1.46930545177900        0.35527620136200
H           -1.66847503076200        2.99121257271800       -0.54352951076100
H           -1.02071747896700        2.98430328131100        1.11535625046700
H            0.04661449893000        3.29841367200400       -0.27590651970300
H           -2.59247379794500        0.70881341288700       -0.36503291834200
H           -2.87791874506500       -2.30284804782500        0.43694648363000
H           -2.10736966290200       -2.89952786047500       -1.05384164293100
H           -3.24569972179500       -1.55588968349200       -1.13741789675000
H            0.18619595986200       -2.56970734235400       -0.15807538600200
22
 energy: -29.454220254957 gnorm: 0.010836376153 xtb: 6.7.1 (edcfbbe)
C            3.35556807514375       -0.34882726606222        0.50994978122970
O            2.24871167036460       -1.19451672778355        0.27606969623213
C            1.02309350056940       -0.61168363531712        0.11196671553036
C            0.76590094211142        0.75250698171268        0.16558285143689
C           -0.52892944066849        1.23118699024361       -0.01367036940839
C           -0.80398625796184        2.70307985768126        0.07236468833586
C           -1.56389320176290        0.33359881143282       -0.24218819309073
C           -1.32323282835258       -1.03470520754959       -0.30380271979376
C           -2.44782655161453       -1.99956244913594       -0.52995287417199
C           -0.02764671189987       -1.49660008931069       -0.12344590279234
H            3.23157979093456        0.21707733349352        1.43786175228651
H            3.51402868161490        0.33508402089173       -0.32895386622158
H            4.22656676114874       -1.00036180888451        0.60595039940957
H            1.55856896632210        1.46455465596772        0.34556172153294
H           -1.66668958952971        2.97454826188933       -0.53544577773518
H           -1.01622841164593        2.98258889655157        1.10466717134299
H            0.05294130808303        3.28521797532797       -0.26672917502971
H           -2.57138745468141        0.70496068976280       -0.37761147178990
H           -2.87604182705079       -2.30157778827368        0.42602409408478
H           -2.09786761581185       -2.89526461707366       -1.04240443298335
H           -3.23858684792867       -1.54581109145896       -1.12718487403557
H            0.18535704261508       -2.55549379410411       -0.16460921436922
22
 energy: -29.454376454169 gnorm: 0.003006103753 xtb: 6.7.1 (edcfbbe)
C            3.35198441427426       -0.34601627915167        0.50880273259397
O            2.24782708727866       -1.18679959619349        0.27489817225226
C            1.01903193424536       -0.61214370100035        0.11370379886903
C            0.76380934745649        0.75089165312385        0.16674131849086
C           -0.52908527937789        1.22730976409520       -0.01178191383198
C           -0.80222580875396        2.69949480534115        0.07131174455994
C           -1.56075307581987        0.33258656928990       -0.24309557373795
C           -1.32168765141667       -1.03468050255473       -0.30147672887085
C           -2.44682778653591       -1.99787157000862       -0.53086240089953
C           -0.03056702572506       -1.49714687603758       -0.12276444599974
H            3.23211332162885        0.22360649817668        1.43551753799208
H            3.51403391404912        0.34297764559812       -0.32582806964452
H            4.21277175120860       -1.00759352260225        0.60194086840393
H            1.55709496599665        1.46089675623002        0.34379987986030
H           -1.66520986699987        2.96799519482558       -0.53352743042890
H           -1.01417276295878        2.98126532374488        1.10303998978762
H            0.05652154358316        3.27680535650974       -0.26439086338525
H           -2.56583002489541        0.70428413405394       -0.38143752900795
H           -2.87734584522764       -2.30019440235634        0.42389434094722
H           -2.09413996994139       -2.89242206291660       -1.03854771205475
H           -3.23477396317720       -1.54047454812751       -1.12495670680679
H            0.18743078110749       -2.55277064003892       -0.16498100908898
22
 energy: -29.454386462106 gnorm: 0.001165899087 xtb: 6.7.1 (edcfbbe)
C            3.35174750312922       -0.34572710004452        0.50840628036809
O            2.24826059815686       -1.18492048261078        0.27383450302562
C            1.01851165199417       -0.61255487251271        0.11346797617815
C            0.76366724551536        0.75068616516001        0.16722061961119
C           -0.52966964457297        1.22709255412060       -0.01129104812893
C           -0.80214678681640        2.69965729831815        0.07115679956382
C           -1.56124990045760        0.33242897541783       -0.24288294337593
C           -1.32192771037338       -1.03533763343747       -0.30088858604506
C           -2.44772797918277       -1.99796032139532       -0.53126067572916
C           -0.03105499174047       -1.49828719855073       -0.12223938371302
H            3.23353082116793        0.22475366141569        1.43538567926622
H            3.51604277819328        0.34489697787868       -0.32508714362549
H            4.21118310837187       -1.00809974972132        0.60120311157225
H            1.55749464972057        1.45974466589489        0.34486915832338
H           -1.66518899297050        2.96799926677996       -0.53329070096556
H           -1.01332048851207        2.98161691009558        1.10329435534642
H            0.05713842308821        3.27548384621028       -0.26497586774203
H           -2.56624462097106        0.70394101422381       -0.38261477744758
H           -2.87912977365106       -2.29974884608493        0.42359761473438
H           -2.09469375513235       -2.89249499608706       -1.03824880944899
H           -3.23454467089455       -1.53969791101525       -1.12575718986549
H            0.18932253593672       -2.55347222405439       -0.16389897190228
22
 energy: -29.454388559538 gnorm: 0.000624011389 xtb: 6.7.1 (edcfbbe)
C            3.35183297153876       -0.34585742678531        0.50796578278647
O            2.24880561513511       -1.18336080552450        0.27244388198395
C            1.01810268288316       -0.61275830114688        0.11367144933217
C            0.76339662215842        0.75070987240395        0.16797710474614
C           -0.53036549863949        1.22723422791716       -0.01123792609858
C           -0.80234686431466        2.70016073430103        0.07120546297940
C           -1.56174836756155        0.33216402937441       -0.24315182410828
C           -1.32200666747871       -1.03612478601551       -0.30102309870161
C           -2.44879834317982       -1.99812263707547       -0.53155513794550
C           -0.03124100335611       -1.49943323443765       -0.12172014110594
H            3.23518897654653        0.22491026807783        1.43561762371897
H            3.51854534331360        0.34638630394986       -0.32446924792396
H            4.21113691156688       -1.00817096725518        0.60057204646780
H            1.55789219452593        1.45883932886487        0.34619742241240
H           -1.66572537560632        2.96883657195403       -0.53264535657798
H           -1.01215957260140        2.98226728601932        1.10378487660023
H            0.05705285635874        3.27505815981085       -0.26624997036677
H           -2.56711034549588        0.70291899054862       -0.38313764397824
H           -2.88169414199757       -2.29838079575506        0.42335948469230
H           -2.09614810844594       -2.89345131432208       -1.03748304525164
H           -3.23421927001355       -1.53948381998337       -1.12762426602324
H            0.19160938466288       -2.55434168491991       -0.16249747763807
22
 energy: -29.454389152381 gnorm: 0.000123597617 xtb: 6.7.1 (edcfbbe)
C            3.35180931573478       -0.34595191900401        0.50807543251283
O            2.24874982368890       -1.18375381055593        0.27234493370779
C            1.01827125145257       -0.61255413845764        0.11339232694287
C            0.76340110752208        0.75079009516337        0.16769718712574
C           -0.53026580129274        1.22724079407186       -0.01122688056131
C           -0.80244517547950        2.70003060612108        0.07131883880059
C           -1.56153412373664        0.33212232600603       -0.24302731716093
C           -1.32186340299283       -1.03600735908019       -0.30094786517418
C           -2.44854635041746       -1.99798791436882       -0.53144434481574
C           -0.03107157305546       -1.49913736403994       -0.12186111986073
H            3.23467044504646        0.22445551340026        1.43573136527234
H            3.51818419990871        0.34603453945891       -0.32446517913627
H            4.21144298578120       -1.00816529545727        0.60077480031389
H            1.55775814912048        1.45909279662417        0.34596893925892
H           -1.66625679880440        2.96862053531557       -0.53205213473296
H           -1.01173435686960        2.98224215133784        1.10385932069412
H            0.05656940728940        3.27529051418942       -0.26666944235489
H           -2.56689405225207        0.70280798398811       -0.38312075380057
H           -2.88179872024983       -2.29773401253841        0.42333597573543
H           -2.09594239096787       -2.89369564174636       -1.03684767135351
H           -3.23381798792279       -1.53965869188316       -1.12806371058252
H            0.19131404849563       -2.55408170854390       -0.16277270083091
