24
 energy: -25.267644051878 gnorm: 0.033793688227 xtb: 6.7.1 (edcfbbe)
C            0.22327693842900       -2.48669405950000       -0.03467318864300
C            0.10307930274300       -1.14801019478100       -0.06343921095400
C            1.17935369807700       -0.28464886672500       -0.68762298010000
C            1.93899015027100        0.55621941971800        0.34152848026300
C            3.06259689918300        1.34807184171100       -0.31046138075500
C           -1.11210518860200       -0.46428328825100        0.52750005123100
C           -2.00538610780000        0.18325073364900       -0.53363560997400
C           -3.25452280791500        0.78942795493800        0.08831281387900
H           -0.54124351048500       -3.11814283596500        0.40806659695800
H            1.08970277164300       -2.99020759084300       -0.45302484946500
H            0.73300269092200        0.36676304640100       -1.44780668854000
H            1.89812437078600       -0.91669551309500       -1.22596017343400
H            2.36121267334900       -0.09189326852100        1.11885056157700
H            1.25987422657900        1.25787483750400        0.83869073992000
H            3.78906608272200        0.68087505324600       -0.78522792781200
H            3.59019580977500        1.94511180516100        0.43996351741300
H            2.67094825960000        2.02910138401100       -1.07279699832200
H           -0.79178795188500        0.28799218938200        1.25751607856500
H           -1.70889974435200       -1.19068707765300        1.09503311968000
H           -2.30247856799900       -0.56221346302800       -1.28101239017700
H           -1.46016484084000        0.97278532172200       -1.06284118006400
H           -2.99331990995700        1.56117392446400        0.81942588341500
H           -3.85238592975600        0.02438460870900        0.59386146439800
H           -3.87712931449000        1.25044403774600       -0.68484800318800
24
 energy: -25.269011955812 gnorm: 0.007841874639 xtb: 6.7.1 (edcfbbe)
C            0.22199811270696       -2.47245273605981       -0.03497941179604
C            0.10339395249136       -1.15151391108336       -0.06336394223641
C            1.17037739565357       -0.28693716118698       -0.68336869086766
C            1.93253042279241        0.55631643836407        0.34063098859595
C            3.06026547914161        1.34780423843072       -0.30881864065203
C           -1.10284842848083       -0.46511589130257        0.52331292188714
C           -1.99905028200935        0.18453439639211       -0.53276759754149
C           -3.25217477069625        0.78950991786909        0.08667396940873
H           -0.53237972428280       -3.10185073144875        0.41019265784255
H            1.07808795179054       -2.97585954195026       -0.45580917008504
H            0.72018362858608        0.37725024462021       -1.42766804501239
H            1.88505416127972       -0.92663847185142       -1.21043226125154
H            2.34629659964684       -0.10239011789116        1.10945842647548
H            1.24873874322646        1.25137488930389        0.83443119189244
H            3.77874735286558        0.68050985862258       -0.78374771307254
H            3.58966957972668        1.94289872876992        0.43481796565316
H            2.66974571831337        2.02295494569282       -1.06966804853918
H           -0.78096419068726        0.29972605727120        1.23690093694386
H           -1.69420914247468       -1.19879713983906        1.07989233351948
H           -2.28596764177896       -0.56947692632856       -1.27123770586467
H           -1.44806624741984        0.96855882609767       -1.05835145725329
H           -2.99102976988127        1.55521196826925        0.81655724752582
H           -3.84216219238757        0.02579965672937        0.59235858194835
H           -3.87623670812439        1.24858246250904       -0.67961581164969
24
 energy: -25.269110768401 gnorm: 0.002216801718 xtb: 6.7.1 (edcfbbe)
C            0.22145965615859       -2.46645371841168       -0.03510806950887
C            0.10314616121157       -1.14875337162312       -0.06342301035907
C            1.16540773578874       -0.28433002458657       -0.68606986380802
C            1.92803295764743        0.55449140206870        0.34343419823396
C            3.05575770451721        1.34488603502609       -0.30802914058938
C           -1.09843291189527       -0.46155315624485        0.52588172721861
C           -1.99428893571567        0.18342120519830       -0.53550764329952
C           -3.24721617015015        0.78741020191632        0.08599214748370
H           -0.52973233814605       -3.09685505002011        0.40995384629832
H            1.07459250156736       -2.97140923241927       -0.45577374454121
H            0.71257229911677        0.38483369566844       -1.42260553384547
H            1.87804356459574       -0.92380778655912       -1.21215041823168
H            2.34009826627390       -0.10757046799182        1.10891997681894
H            1.24435725210491        1.24867042734176        0.83590506993155
H            3.76997898401141        0.67532219335541       -0.78278449545963
H            3.58515934719193        1.93820449183063        0.43439538913663
H            2.66341930423789        2.01815194503400       -1.06767321891102
H           -0.77480603206632        0.30832027588616        1.23149153796802
H           -1.68782157054762       -1.19469355335915        1.08146118118079
H           -2.27894806853203       -0.57344365024908       -1.27050220445610
H           -1.44326748076071        0.96661677703770       -1.05972576959261
H           -2.98394139940834        1.55153149833155        0.81474490970716
H           -3.83260715037827        0.02222025973057        0.59158310014730
H           -3.87096367682501        1.24478960303911       -0.67901124565140
24
 energy: -25.269126441830 gnorm: 0.000803742820 xtb: 6.7.1 (edcfbbe)
C            0.22142445546040       -2.46606144962952       -0.03511673817695
C            0.10307875216639       -1.14800338414738       -0.06343916972181
C            1.16309729659645       -0.28270250027732       -0.68750342693725
C            1.92673586683870        0.55356506133894        0.34452268187158
C            3.05476149135594        1.34383179345853       -0.30684719416402
C           -1.09645490714832       -0.45948103587866        0.52723592885786
C           -1.99284350523656        0.18269482206954       -0.53656054028536
C           -3.24604350473035        0.78650101528522        0.08485227343294
H           -0.52685569712594       -3.09698689616276        0.41445229381309
H            1.07180320041998       -2.97224239370038       -0.46025107955247
H            0.70876281111133        0.38934341226741       -1.41959798568453
H            1.87499162315593       -0.91951139371311       -1.21642045290835
H            2.33777990416112       -0.11077977935525        1.10805225167633
H            1.24351673042404        1.24715587579006        0.83767403614383
H            3.76690872387172        0.67298691582475       -0.78238748952409
H            3.58490592938045        1.93642314468071        0.43518680177465
H            2.66085225084353        2.01668520649473       -1.06578056781241
H           -0.77184944674265        0.31330329103502        1.22828053530403
H           -1.68560002735028       -1.18974507220408        1.08553226859294
H           -2.27609886259056       -0.57614931259643       -1.26950707102932
H           -1.44216377163933        0.96520155753145       -1.06143188900172
H           -2.98114669471657        1.55046580214707        0.81290691425189
H           -3.82916922072918        0.02045465554373        0.59127354434777
H           -3.87039339777824        1.24305066419773       -0.67972719939762
24
 energy: -25.269134440851 gnorm: 0.001124131355 xtb: 6.7.1 (edcfbbe)
C            0.22136114673850       -2.46534876313468       -0.03513139029220
C            0.10295910359913       -1.14666900871589       -0.06346735107070
C            1.16003767654299       -0.27979175145018       -0.68983822016235
C            1.92675400917873        0.55125107870771        0.34538049204536
C            3.05504437446349        1.34192110347458       -0.30514665818489
C           -1.09397186604574       -0.45597592869289        0.52943315573926
C           -1.99244617897290        0.18037954111132       -0.53731876447984
C           -3.24597495806908        0.78450020933120        0.08323548780203
H           -0.52472482599323       -3.09669284695644        0.41849380540781
H            1.06967017059186       -2.97250434829948       -0.46429398278243
H            0.70315584766525        0.39667582197968       -1.41570171750778
H            1.87047600436519       -0.91246306717311       -1.22523093176164
H            2.33671302997669       -0.11684363820095        1.10596980000361
H            1.24510700112104        1.24423270481773        0.84132740318651
H            3.76561627578370        0.67080197194425       -0.78270206292688
H            3.58646029860105        1.93286309171002        0.43726816558554
H            2.65999059524770        2.01618375510558       -1.06238843431441
H           -0.76762396253178        0.32134320116743        1.22405469654157
H           -1.68244576755806       -1.18163752386113        1.09401676895451
H           -2.27397777151531       -0.58183274578788       -1.26717177317741
H           -1.44319379478463        0.96188779485268       -1.06495141762976
H           -2.98019594611868        1.54998125247451        0.80953638048069
H           -3.82751074567303        0.01855100806354        0.59167467194987
H           -3.87127971661486        1.23918708753240       -0.68164939753548
24
 energy: -25.269140526106 gnorm: 0.000671962787 xtb: 6.7.1 (edcfbbe)
C            0.22123288094523       -2.46392343478367       -0.03516310751800
C            0.10284038829181       -1.14535104213032       -0.06349635049967
C            1.15920749322157       -0.27788970864418       -0.69033537432128
C            1.92896952627306        0.54969075573024        0.34526701610387
C            3.05724359797011        1.34071506894164       -0.30448094047403
C           -1.09349591408263       -0.45393752992400        0.52984554823319
C           -1.99434908598731        0.17845573277065       -0.53713040588464
C           -3.24792164227743        0.78289495639986        0.08263020886534
H           -0.52453038902263       -3.09499392424840        0.41939357385629
H            1.06918163625319       -2.97090648788169       -0.46526251149985
H            0.70091089394884        0.40078871811209       -1.41333936326609
H            1.86790096070004       -0.90949897479953       -1.22974136389070
H            2.33901258354290       -0.12076521427109        1.10383470164798
H            1.24895674568927        1.24244074493885        0.84407235679271
H            3.76757578466527        0.67043087009994       -0.78375972981001
H            3.58940160400491        1.93008901971805        0.43884165893603
H            2.66234635361582        2.01690278978649       -1.06023829791849
H           -0.76613859016391        0.32568480847844        1.22151097346952
H           -1.68045723857454       -1.17807368925803        1.09838641342429
H           -2.27555104890842       -0.58600665274571       -1.26486261983641
H           -1.44665232160511        0.95932315443655       -1.06760288247176
H           -2.98263336681922        1.55017674199566        0.80736713535174
H           -3.82937762235697        0.01788287158989        0.59275403029489
H           -3.87367322932581        1.23587042568823       -0.68309194371393
24
 energy: -25.269151402536 gnorm: 0.000564685639 xtb: 6.7.1 (edcfbbe)
C            0.22093379153685       -2.46056136271255       -0.03523093312278
C            0.10256330827246       -1.14225144633887       -0.06356049565668
C            1.15854084304961       -0.27437065863725       -0.69077957123904
C            1.93399008734112        0.54664294879062        0.34515823205994
C            3.06163313952490        1.33882396575982       -0.30370752968690
C           -1.09346863634405       -0.45034105325571        0.53013711012673
C           -1.99874736795923        0.17456915765509       -0.53687271052951
C           -3.25190120515507        0.78022171300493        0.08195438522408
H           -0.52517529488873       -3.09111616314848        0.41903459807578
H            1.06912311942456       -2.96696381150024       -0.46507681658480
H            0.69838148528417        0.40825362033880       -1.40912869239306
H            1.86354899212009       -0.90545241999210       -1.23622348814568
H            2.34520126921285       -0.12806326014677        1.09951146589401
H            1.25714798056039        1.23857048573221        0.84987954228951
H            3.77153731779470        0.67040992493176       -0.78635494843858
H            3.59507258718892        1.92526722568572        0.44122461829910
H            2.66677978144028        2.01840541474121       -1.05654906579851
H           -0.76496448956884        0.33329429140128        1.21697664145718
H           -1.67692058378941       -1.17304526024753        1.10467358090779
H           -2.28035851836046       -0.59410018366455       -1.26020841237500
H           -1.45400105188213        0.95381079586809       -1.07320888395675
H           -2.98724854959763        1.55070669394131        0.80363461486904
H           -3.83328337313933        0.01726838793581        0.59536141994487
H           -3.87838463206796        1.23002099385735       -0.68524593534973
24
 energy: -25.269166764229 gnorm: 0.001364913242 xtb: 6.7.1 (edcfbbe)
C            0.22044491987985       -2.45519029294793       -0.03536090156707
C            0.10209828758813       -1.13712365044626       -0.06367973006353
C            1.15773260786716       -0.26881642103641       -0.69116011673830
C            1.94192159902910        0.54193583946845        0.34582364944250
C            3.06822632731931        1.33616356511713       -0.30249554747826
C           -1.09366534486051       -0.44472218418852        0.53027569540595
C           -2.00571245854016        0.16850184129821       -0.53730676768465
C           -3.25791033432505        0.77638210956972        0.08088356960481
H           -0.52528507866083       -3.08520215435560        0.42004774811111
H            1.06819674069281       -2.96117006278206       -0.46631770311513
H            0.69540439029479        0.42029120242222       -1.40210216047456
H            1.85711745342203       -0.89888119241748       -1.24545041593432
H            2.35545929348967       -0.13966537049150        1.09289271773251
H            1.26994453974482        1.23196262499780        0.86008708994093
H            3.77647939951534        0.67006742607051       -0.79091187943934
H            3.60439238361086        1.91814608323402        0.44415890839554
H            2.67215492380419        2.02046261425198       -1.05051678279656
H           -0.76415037286895        0.34535432292217        1.20943288818512
H           -1.67179843593805       -1.16505029295637        1.11358358091149
H           -2.28841503926535       -0.60704895481803       -1.25306235820185
H           -1.46537777912122        0.94460127075516       -1.08307696330153
H           -2.99287921825344        1.55151430273621        0.79754388075248
H           -3.83810459820331        0.01624737616873        0.59994695231417
H           -3.88627420622312        1.22123999742773       -0.68783662813052
24
 energy: -25.269191514633 gnorm: 0.002122097851 xtb: 6.7.1 (edcfbbe)
C            0.21971475695202       -2.44684113579745       -0.03550431669997
C            0.10137617795253       -1.12896310655087       -0.06383417915051
C            1.15654992419872       -0.26017650265330       -0.69167832238705
C            1.95397268589243        0.53458759534084        0.34746162430191
C            3.07780385675743        1.33222272855423       -0.30078005722256
C           -1.09404170929104       -0.43599647199392        0.53042362013749
C           -2.01625602332837        0.15905763578976       -0.53858440107291
C           -3.26662639212929        0.77072948674368        0.07937059208033
H           -0.52584547715263       -3.07640877880927        0.42050072947678
H            1.06716139351213       -2.95244763584605       -0.46719659027508
H            0.69178764038071        0.43928736370224       -1.39115457410224
H            1.84761041784313       -0.88846409456496       -1.25883432139160
H            2.37139233589574       -0.15770232267112        1.08279971426582
H            1.28943290602608        1.22113010133591        0.87654448830153
H            3.78267666433033        0.66940116748548       -0.79869054617171
H            3.61897351043176        1.90719718006469        0.44787246781130
H            2.67899501656261        2.02361076621661       -1.04094493729769
H           -0.76394072641290        0.36421186910876        1.19767204310757
H           -1.66434964147253       -1.15254532918069        1.12647925887543
H           -2.30091942916811       -0.62719407088445       -1.24214801540533
H           -1.48256187412603        0.92977473465856       -1.09898441422466
H           -3.00013270249816        1.55298178842271        0.78787072195227
H           -3.84411679756318        0.01482201717253        0.60776585721315
H           -3.89865651359527        1.20772501435589       -0.69102771625127
24
 energy: -25.269220358640 gnorm: 0.002822273536 xtb: 6.7.1 (edcfbbe)
C            0.21885531824361       -2.43746671971829       -0.03574293548718
C            0.10053521344632       -1.11972657472944       -0.06405552559934
C            1.15543977548768       -0.25056821734785       -0.69192735867618
C            1.96738081106009        0.52648140621181        0.34960290507110
C            3.08827819213565        1.32793452061861       -0.29895539937791
C           -1.09466421433639       -0.42634513450145        0.53025434423540
C           -2.02800024334947        0.14861284736534       -0.54032727528063
C           -3.27616218190732        0.76457363291626        0.07777420270456
H           -0.52625740969232       -3.06667869670895        0.42131034898654
H            1.06587145702537       -2.94283601746175       -0.46836306654204
H            0.68853117166238        0.46040982515013       -1.37866483996313
H            1.83736556127218       -0.87674915935771       -1.27287633088996
H            2.38919157858322       -0.17760061438201        1.07159772717701
H            1.31108925809048        1.20876802876752        0.89509068415319
H            3.78874761150100        0.66857121653488       -0.80789121782774
H            3.63560284812083        1.89490077271535        0.45151320150949
H            2.68596283641931        2.02716610466211       -1.03001316083951
H           -0.76444487128070        0.38501438596098        1.18428237055619
H           -1.65641085991414       -1.13861258112640        1.13996138542266
H           -2.31493983709661       -0.64944268271974       -1.23004123167019
H           -1.50160084358491        0.91297734626656       -1.11690430538542
H           -3.00757733996461        1.55476984264642        0.77683051536795
H           -3.84998018225353        0.01331933422548        0.61701691655829
H           -3.91281364966995        1.19252713401184       -0.69407322833217
24
 energy: -25.269265935899 gnorm: 0.004554220637 xtb: 6.7.1 (edcfbbe)
C            0.21739769910352       -2.42046609775278       -0.03597725369453
C            0.09906605318920       -1.10292743866350       -0.06433951474879
C            1.15356515686105       -0.23319899286556       -0.69217620558414
C            1.99139446050404        0.51189554090118        0.35338969650478
C            3.10704318071875        1.32019735705432       -0.29574915493154
C           -1.09590974753563       -0.40892476752964        0.52976704917971
C           -2.04901622051472        0.12982166537464       -0.54339826684520
C           -3.29323762409814        0.75348731692420        0.07495921942711
H           -0.52728234374311       -3.04918605231506        0.42213999190621
H            1.06367681497427       -2.92550603692339       -0.47012701345239
H            0.68342287137474        0.49835290722461       -1.35596960609143
H            1.81917410318129       -0.85528274595815       -1.29740357685607
H            2.42082724100027       -0.21315521461467        1.05113720765862
H            1.34999096546830        1.18606901285252        0.92809406223286
H            3.79897527545835        0.66705246745132       -0.82496455011932
H            3.66601189184934        1.87229876144729        0.45770769892407
H            2.69835241799708        2.03374029620934       -1.00990397978446
H           -0.76611560886085        0.42228169727097        1.15997074473808
H           -1.64242415146856       -1.11321711859721        1.16350063112055
H           -2.33980950523372       -0.68917807327287       -1.20796022180423
H           -1.53570969808453        0.88231223937325       -1.14876453109195
H           -3.02086199709489        1.55816678340587        0.75649541483851
H           -3.85984471064443        0.01073502156285        0.63416607501122
H           -3.93868652440339        1.16463147144004       -0.69919519066668
24
 energy: -25.269287121259 gnorm: 0.007987471476 xtb: 6.7.1 (edcfbbe)
C            0.21522501068615       -2.39735811136653       -0.03667118377360
C            0.09695495995137       -1.08009905824508       -0.06495055885242
C            1.15147307666955       -0.20982773887089       -0.69208661531647
C            2.02352138610877        0.49244742368461        0.35761104728063
C            3.13266999834338        1.30963386019201       -0.29160810762418
C           -1.09802500798969       -0.38558941916127        0.52865075006420
C           -2.07715819988289        0.10482070581184       -0.54666496300480
C           -3.31655538225599        0.73837187268900        0.07139119804553
H           -0.52883417056489       -3.02537844853527        0.42301410449033
H            1.06113239763866       -2.90182931803326       -0.47171923609367
H            0.67825318835471        0.54844335482749       -1.32545027004169
H            1.79534118736914       -0.82589215028547       -1.32875982510782
H            2.46202140028285       -0.25983830211707        1.02286706869883
H            1.40212884845370        1.15502715786788        0.97032573276010
H            3.81269400372662        0.66514877438263       -0.84802456018551
H            3.70758809438028        1.84113372170395        0.46563055423888
H            2.71627393256664        2.04265121370686       -0.98254083054917
H           -0.76979554142544        0.47109555323978        1.12732537298340
H           -1.62433944557521       -1.07876515127761        1.19344571364555
H           -2.37216565329670       -0.74117201087078       -1.17757430998929
H           -1.58132926516526        0.84072798323154       -1.18943488295078
H           -3.03996819544077        1.56256901842482        0.72887443813826
H           -3.87309493464158        0.00740757472812        0.65734850705579
H           -3.97401168829506        1.12627149427204       -0.70560041804113
24
 energy: -25.269330019640 gnorm: 0.005359063702 xtb: 6.7.1 (edcfbbe)
C            0.21543862251634       -2.39888383170286       -0.03648747691244
C            0.09713619471513       -1.08160150942389       -0.06482739758303
C            1.15240635924614       -0.21185959946066       -0.69146678444369
C            2.02053442309079        0.49459919568387        0.35626694106604
C            3.13107558085681        1.31029084354046       -0.29233704497979
C           -1.09857112548857       -0.38777406497721        0.52813757972202
C           -2.07460322683854        0.10750975161982       -0.54542550790678
C           -3.31510771029725        0.73932772729018        0.07206990153045
H           -0.52923281267360       -3.02701717361442        0.42202848427160
H            1.06169423771019       -2.90334923453758       -0.47089191854051
H            0.68123970341480        0.54271035205692       -1.32837556503690
H            1.79849306635016       -0.82815732590750       -1.32340856710477
H            2.45680002424826       -0.25392026821556        1.02470858274062
H            1.39734598299873        1.15754863558817        0.96378015051084
H            3.81156408517227        0.66510485197264       -0.84593360685746
H            3.70491862863560        1.84306582677057        0.46408972996535
H            2.71647824106592        2.04155237352159       -0.98500052623638
H           -0.77175333297208        0.46508863569944        1.13050238690997
H           -1.62700783775047       -1.08176746350190        1.18823576767198
H           -2.36806013346899       -0.73452688495522       -1.17968217186774
H           -1.57709533143698        0.84432260585197       -1.18302356576847
H           -3.03998718744513        1.56155753941053        0.73136044372963
H           -3.87196784579644        0.00747548335757        0.65524884969931
H           -3.97173860585476        1.12870353393243       -0.70416995870889
24
 energy: -25.269389167950 gnorm: 0.003799546207 xtb: 6.7.1 (edcfbbe)
C            0.21432787833289       -2.38613860704383       -0.03669692544284
C            0.09601716080209       -1.06892291372390       -0.06506170072235
C            1.15147924710110       -0.19922822232577       -0.69128618775226
C            2.03423994586941        0.48556222590878        0.35680855643828
C            3.14387551185210        1.30347734143308       -0.29036316901111
C           -1.09990486747064       -0.37519768621061        0.52742087664427
C           -2.08647756778638        0.09615500958917       -0.54552973985942
C           -3.32648248738966        0.73026488645628        0.07043092029985
H           -0.53023744754813       -3.01415199665057        0.42203961707101
H            1.06034573390255       -2.89053080351548       -0.47154828031368
H            0.68050466442443        0.56715826598109       -1.31236164348754
H            1.78639133471978       -0.81125493275495       -1.33696870648129
H            2.47150894959851       -0.27500541004438        1.00864273253808
H            1.42184078400038        1.14190333459159        0.97973157467004
H            3.81577336777263        0.66213753769472       -0.85767907776051
H            3.72717629490622        1.82306894885068        0.46755909020777
H            2.72807556399479        2.04569038201404       -0.96962945887368
H           -0.77533426885283        0.48858471363044        1.11345682736498
H           -1.61815932174306       -1.06241251718531        1.20102740304580
H           -2.37883742653477       -0.75720034709534       -1.16267430670530
H           -1.59835135691571        0.82389247063602       -1.19820207885062
H           -3.05207648977256        1.56290562070555        0.71586462259789
H           -3.87562712744910        0.00430980262048        0.66712274952463
H           -3.99006807581565        1.10493289643746       -0.70670496927103
24
 energy: -25.269484940075 gnorm: 0.004075015095 xtb: 6.7.1 (edcfbbe)
C            0.21175063586580       -2.35762881388548       -0.03734627617931
C            0.09343972116382       -1.04035369801980       -0.06569854456434
C            1.14719113843799       -0.16931664665573       -0.69240777785972
C            2.06499657586252        0.46393975656702        0.35926984320572
C            3.17213147570092        1.28774446728105       -0.28483623387410
C           -1.10101946430040       -0.34498318456931        0.52724491439951
C           -2.11288517683711        0.06931941409426       -0.54695072923018
C           -3.35146279132177        0.70953351346228        0.06569211436724
H           -0.53098791981726       -2.98543517775464        0.42471700214086
H            1.05601587443033       -2.86227200600716       -0.47539141038900
H            0.67378213241564        0.62604250103249       -1.27486742124996
H            1.75608793585186       -0.77054945474969       -1.37288060962472
H            2.50567134198653       -0.32704336102877        0.97187607447644
H            1.47754043906034        1.10574529462930        1.02038105593360
H            3.82304496515431        0.65492930602571       -0.88626623088006
H            3.77826249237250        1.77529989016732        0.47743019799946
H            2.75221011398735        2.05694445594571       -0.93177981593598
H           -0.77905371824799        0.54606175867394        1.07345955883843
H           -1.59573181138846       -1.01547194518255        1.23504815303053
H           -2.40333563448101       -0.81286958708560       -1.12359366744595
H           -1.64656791106097        0.77669622744614       -1.23706180545283
H           -3.07767905297951        1.56805929144237        0.67766882647164
H           -3.88160782037335       -0.00285205366093        0.69602173429823
H           -4.03179354148359        1.04846005183106       -0.71433022660455
24
 energy: -25.269546596659 gnorm: 0.005160487462 xtb: 6.7.1 (edcfbbe)
C            0.20914833662504       -2.33119962880150       -0.03836316212783
C            0.09088482105800       -1.01343256361171       -0.06654591766596
C            1.14098925512368       -0.13982178588695       -0.69492733981724
C            2.08912204497496        0.44414683512096        0.36087983820224
C            3.19667212924580        1.27140224680672       -0.27883813042127
C           -1.10020014323462       -0.31478775257339        0.52843498823549
C           -2.13310553957580        0.04554343367270       -0.54762247011045
C           -3.37267378692982        0.68885484207966        0.06053626852141
H           -0.52968595207298       -2.95927096266337        0.43046376274636
H            1.05044205435265       -2.83696330059953       -0.48157959762441
H            0.66495709681156        0.68171198434582       -1.23892601810028
H            1.72603985501681       -0.72743124263149       -1.40800112322722
H            2.52935084746634       -0.37554885158462        0.93612592450675
H            1.52499863220600        1.07187804203586        1.05569360624047
H            3.82296941353620        0.64613568335291       -0.91495226081375
H            3.82707337313118        1.72327882246460        0.48692446651746
H            2.77522125727461        2.06882812639422       -0.89137369057982
H           -0.78005378772712        0.60072782597677        1.03514446232657
H           -1.57400373720662       -0.96626804611249        1.26810652383061
H           -2.41817656792377       -0.86317659168945       -1.08572947712821
H           -1.68710783536422        0.73349130779447       -1.27070978640810
H           -3.10227221887921        1.57392533587990        0.63693419448797
H           -3.88006888811666       -0.01026231378632        0.72508691757086
H           -4.07052065979338        0.98823855401499       -0.72136325329069
24
 energy: -25.269577714642 gnorm: 0.003798910085 xtb: 6.7.1 (edcfbbe)
C            0.20891964403135       -2.32982764778719       -0.03859023746411
C            0.09063659116251       -1.01129059080044       -0.06670584303525
C            1.13736769380744       -0.13577206967491       -0.69722430373033
C            2.08234063933260        0.44421822836203        0.35994241998257
C            3.19471564145919        1.26753898103416       -0.27733834551073
C           -1.09736352506371       -0.31005729638561        0.53053109402237
C           -2.12645569334840        0.04687736699954       -0.54671262519620
C           -3.37005525248815        0.68534560383632        0.05921631532432
H           -0.52665497406267       -2.95884516583791        0.43536859456849
H            1.04753045032866       -2.83728246275377       -0.48622992736733
H            0.66101675626998        0.68529841728717       -1.23542248444970
H            1.72185228943352       -0.71715783618785       -1.41133121823001
H            2.51611515356789       -0.37661181295940        0.93239639388200
H            1.51954208918024        1.07063035777867        1.05192464986211
H            3.81066473950054        0.64158850635699       -0.91980795426534
H            3.83168253161777        1.70761671758274        0.48732710198863
H            2.77721979714184        2.07128607153676       -0.88089804752241
H           -0.77676331788424        0.60479830431223        1.03147591615292
H           -1.57170323295756       -0.95529566300546        1.27096347004393
H           -2.40499343877444       -0.86169004008557       -1.08200480414662
H           -1.68154652010124        0.73341590364033       -1.26691669764583
H           -3.10463599756170        1.57555247175534        0.62638330312500
H           -3.86716141860808       -0.01233301607354        0.73011317295954
H           -4.07227064598475        0.97199667106811       -0.72106121747704
24
 energy: -25.269614676889 gnorm: 0.002092898614 xtb: 6.7.1 (edcfbbe)
C            0.20855214397557       -2.31981728591788       -0.03775483633939
C            0.09007134095186       -1.00135415822126       -0.06628609314433
C            1.13755418856291       -0.12614203563473       -0.69594278652814
C            2.09670075077991        0.43627993490770        0.36074860435160
C            3.20669008982695        1.26330075638995       -0.27611168164414
C           -1.09919292352659       -0.30063861024331        0.52895708079571
C           -2.13914542142411        0.03636831471450       -0.54712407053414
C           -3.38109171467775        0.67896451483723        0.05810762650793
H           -0.52799671495152       -2.94882145123083        0.43423866786665
H            1.04623813958092       -2.82730845217939       -0.48711589936056
H            0.66272332142651        0.70456696540721       -1.22211292840040
H            1.71399285318393       -0.70324516194450       -1.42103824873850
H            2.53277633529103       -0.39417865580263        0.92010794043268
H            1.54119588875427        1.05619087731972        1.06748466675892
H            3.81468525912427        0.64274389924685       -0.93255033266620
H            3.85265736670071        1.69104585409033        0.48841234463857
H            2.78687073605264        2.07663744276304       -0.86630166953305
H           -0.78203919865232        0.62313856541890        1.01736810374958
H           -1.56638781604953       -0.93973140055073        1.28023267540941
H           -2.41821169708739       -0.88158285374759       -1.06887932828596
H           -1.70022112372064        0.71459235701750       -1.28178579008028
H           -3.11506055940242        1.57847850428055        0.61147507874003
H           -3.87138869294555       -0.01136559262191        0.74274772690629
H           -4.08997255177500        0.95187767169994       -0.72147812503133
24
 energy: -25.269633145521 gnorm: 0.002287721266 xtb: 6.7.1 (edcfbbe)
C            0.20732518164443       -2.31191937134211       -0.03894483818102
C            0.08904753820614       -0.99352206547432       -0.06707123168450
C            1.13833842420052       -0.11895527409831       -0.69442518080509
C            2.10800291339240        0.42985084023414        0.36126448654954
C            3.21583180254123        1.25999397364039       -0.27520716687450
C           -1.10132302663744       -0.29384691389592        0.52701194108551
C           -2.14911866145639        0.02814813161372       -0.54731373440391
C           -3.38948303555299        0.67406809292709        0.05746891549988
H           -0.52898454105427       -2.94087449693709        0.43344028760478
H            1.04661051854201       -2.81909911336036       -0.48503483702189
H            0.66566063461437        0.72019843252631       -1.21025632984773
H            1.70797759473679       -0.69251261989306       -1.42838590841220
H            2.54550460963497       -0.40734488688437        0.91039754799366
H            1.55810393278839        1.04434003221118        1.07839485520448
H            3.81525503992488        0.64505747209959       -0.94487094869777
H            3.87081419601720        1.67499803002076        0.48838499466515
H            2.79452660001251        2.08239611393433       -0.85176438450733
H           -0.78747425001236        0.63709424734373        1.00490530991630
H           -1.56257893954790       -0.92787871975986        1.28683796837741
H           -2.42847436579477       -0.89613532981247       -1.05863273953738
H           -1.71464737528856        0.69959738039466       -1.29202928258401
H           -3.12356204914477        1.58211019485388        0.59687862025363
H           -3.87241215653426       -0.00868920713060        0.75495218864077
H           -4.10494058523345        0.93292505678726       -0.72060180736284
24
 energy: -25.269652366367 gnorm: 0.002053384390 xtb: 6.7.1 (edcfbbe)
C            0.20748695995139       -2.30664021681180       -0.03780983628791
C            0.08897756669575       -0.98843291975965       -0.06643573487175
C            1.14020475765940       -0.11504329046674       -0.69210451893039
C            2.11619834931163        0.42575473588931        0.36144645247678
C            3.22170093529470        1.25858725096024       -0.27504106763153
C           -1.10374536046314       -0.29034419334347        0.52468734671903
C           -2.15646160200788        0.02247413193426       -0.54730806910514
C           -3.39500953554363        0.67160571224948        0.05729684585306
H           -0.53162958095204       -2.93570145736674        0.42935644175673
H            1.04723515559897       -2.81358744720871       -0.48322544678519
H            0.67032223392288        0.72851636524182       -1.20223576966773
H            1.70534351290334       -0.68696660756727       -1.43052012606275
H            2.55530151320414       -0.41472865164215        0.90403011082880
H            1.56976085526391        1.03621810248463        1.08473229712699
H            3.81252205009465        0.64974781294058       -0.95732963145024
H            3.88551196981126        1.66104038854804        0.48704649607172
H            2.79935478075463        2.08951645018010       -0.83784666011840
H           -0.79370016906416        0.64459960516229        0.99646803319243
H           -1.56077327424078       -0.92173728569407        1.28908815083457
H           -2.43680930166957       -0.90521459090778       -1.05180993327973
H           -1.72473882696529        0.68907770936437       -1.29813898396270
H           -3.12949599864460        1.58775318935096        0.58248846429098
H           -3.87056756417829       -0.00302193592266        0.76728182850280
H           -4.11698942673858        0.91652714238351       -0.71871796362947
24
 energy: -25.269670589985 gnorm: 0.001963123888 xtb: 6.7.1 (edcfbbe)
C            0.20616726780072       -2.29868027728728       -0.03915735514403
C            0.08790544076064       -0.98052648997183       -0.06728981132379
C            1.14027290136713       -0.10721311498372       -0.69105868011375
C            2.12481431218197        0.41897111297697        0.36142746665969
C            3.22858255698386        1.25497289306401       -0.27351004202179
C           -1.10531284542515       -0.28280453899470        0.52317197274134
C           -2.16369027600922        0.01447256595708       -0.54693045471000
C           -3.40114299205573        0.66677586797548        0.05598763844651
H           -0.53290049465337       -2.92760399274202        0.42851773993599
H            1.04806263066873       -2.80516358352294       -0.48071133418264
H            0.67198181828287        0.74370495524953       -1.19015818260985
H            1.69744626085449       -0.67597866752688       -1.43792272620163
H            2.56483498372211       -0.42853452287493        0.89212599086211
H            1.58556087066149        1.02370749771082        1.09430524225171
H            3.80495162813585        0.65441678158157       -0.97560189456155
H            3.90621682300508        1.63674389238839        0.48764356778645
H            2.80595981560150        2.10065036813142       -0.81433836006946
H           -0.79785933593519        0.65814549404946        0.98392247062815
H           -1.55525708611516       -0.90935923854816        1.29554866942069
H           -2.44369701719002       -0.91953901288973       -1.03945989455053
H           -1.73786524589828        0.67379521029464       -1.30681364794338
H           -3.13799734799737        1.59632930414745        0.55878530201106
H           -3.86410926455102        0.00361871695216        0.78504342260883
H           -4.13292540419718        0.88909877886168       -0.71812837404918
24
 energy: -25.269683068744 gnorm: 0.000530688541 xtb: 6.7.1 (edcfbbe)
C            0.20688666706443       -2.29940906329615       -0.03789429965885
C            0.08834096358010       -0.98133092823847       -0.06651847378030
C            1.13918447223664       -0.10712551114476       -0.69191502602687
C            2.12290178055063        0.41832589120917        0.36066779132611
C            3.22625146891358        1.25590878347154       -0.27277424381127
C           -1.10423627868454       -0.28244183791131        0.52420356358519
C           -2.16164928291345        0.01408606221981       -0.54621131752668
C           -3.39900015726886        0.66802728886015        0.05509755672678
H           -0.53281148396078       -2.92812831263415        0.42894741642189
H            1.04699893058732       -2.80588429837009       -0.48299262013084
H            0.66900137207450        0.74201188905388       -1.19267218368679
H            1.69653920187927       -0.67673818136751       -1.43809618693559
H            2.56350406641662       -0.43006264606171        0.88859334330815
H            1.58483885627535        1.02099580907163        1.09542096516628
H            3.80144312905019        0.65935882262660       -0.97756727121120
H            3.90436091893010        1.63515720844263        0.48817367733863
H            2.80411430302022        2.10336536356633       -0.80871273884544
H           -0.79481693281721        0.65748648131425        0.98644133955315
H           -1.55418452852091       -0.90981642440912        1.29612413058979
H           -2.44206463182557       -0.92091819453465       -1.03585732080070
H           -1.73665644594100        0.67113809634926       -1.30797341695098
H           -3.13659675902466        1.59913499736689        0.55292478474337
H           -3.86153839138728        0.00909791212367        0.78677819745953
H           -4.13081123823597        0.88776079229059       -0.71878894098240
24
 energy: -25.269689899779 gnorm: 0.000844947876 xtb: 6.7.1 (edcfbbe)
C            0.20605720166010       -2.30094287621004       -0.03963519240685
C            0.08789798660362       -0.98292004767847       -0.06761918128445
C            1.13840764255854       -0.10810824115210       -0.69318916309740
C            2.12151142698380        0.41694841885404        0.35946463358492
C            3.22334510232904        1.25833937795409       -0.27178968695150
C           -1.10333933086451       -0.28321757317162        0.52533221828589
C           -2.16014525986002        0.01325051210329       -0.54496985703710
C           -3.39660221078308        0.67098422249590        0.05417547024470
H           -0.53111504089793       -2.92909137629393        0.43188668264266
H            1.04717046773897       -2.80706328907401       -0.48320467418698
H            0.66704573822568        0.74016960799388       -1.19428846041727
H            1.69603864751093       -0.67746560605572       -1.43945060311865
H            2.56350237328415       -0.43241653092351        0.88449465600478
H            1.58338416508780        1.01681458098429        1.09622959256787
H            3.79688159358988        0.66559608871831       -0.98070835176720
H            3.90265046747135        1.63331061788102        0.49014877585836
H            2.79987189947080        2.10861099309563       -0.80183023960798
H           -0.79230263481041        0.65590525508646        0.98830598674518
H           -1.55347698780899       -0.91075462594232        1.29714030287830
H           -2.44182615176223       -0.92279119823425       -1.03179465214775
H           -1.73460774305327        0.66753087490486       -1.30860528794820
H           -3.13333468701220        1.60482700092460        0.54603045937836
H           -3.85818256427543        0.01619429710734        0.78978376810088
H           -4.12883210138785        0.88628951663076       -0.72050847044961
24
 energy: -25.269698172161 gnorm: 0.000825468042 xtb: 6.7.1 (edcfbbe)
C            0.20695133171483       -2.30307546363403       -0.03835444842011
C            0.08857183030850       -0.98516594937057       -0.06677060258451
C            1.13781436277859       -0.11009229394697       -0.69448952073200
C            2.12020935098072        0.41532104646725        0.35824809788181
C            3.21940502167983        1.26205923217310       -0.27082555218519
C           -1.10229868760484       -0.28501234609546        0.52676148310725
C           -2.15854240775198        0.01180431351735       -0.54361606532730
C           -3.39342328797126        0.67526142665089        0.05289942293250
H           -0.53065955223133       -2.93111972271779        0.43254366580173
H            1.04602864402593       -2.80926993694216       -0.48563836303169
H            0.66543404926845        0.73740704830688       -1.19587090260337
H            1.69562208171049       -0.67933041651062       -1.44078921024772
H            2.56490864494997       -0.43453403275173        0.88043778693284
H            1.58090431070115        1.01155144047179        1.09718863255870
H            3.79077595359634        0.67421361759694       -0.98583773476824
H            3.90086749593975        1.63127766956080        0.49234025080711
H            2.79335203673814        2.11618389558621       -0.79318818500042
H           -0.79039954715213        0.65368063037334        0.98980666512654
H           -1.55277169991848       -0.91211853562987        1.29875634235692
H           -2.44274492331976       -0.92509994374100       -1.02752698612078
H           -1.73111140349006        0.66254423379838       -1.30927977081029
H           -3.12832735778936        1.61302980738645        0.53689572088389
H           -3.85378368582530        0.02602123895390        0.79441836325005
H           -4.12678256133949        0.88446304049546       -0.72271036393677
24
 energy: -25.269706773102 gnorm: 0.000571244340 xtb: 6.7.1 (edcfbbe)
C            0.20716350295038       -2.30603036029335       -0.03833413530402
C            0.08875961304158       -0.98807112326351       -0.06676892532870
C            1.13750866227545       -0.11294473000055       -0.69501752267571
C            2.11969167948265        0.41316618773772        0.35794619103936
C            3.21472115868664        1.26640933395479       -0.26977305566530
C           -1.10156099094419       -0.28773337420645        0.52741667657615
C           -2.15763697449120        0.00978155990360       -0.54329110176516
C           -3.38950049254686        0.68030411597958        0.05169936681950
H           -0.53005065214332       -2.93411286387001        0.43316188003494
H            1.04595081295141       -2.81229701894257       -0.48600515061382
H            0.66513191143807        0.73475085741514       -1.19595826154939
H            1.69515926040736       -0.68188785485041       -1.44159456671590
H            2.56879397011697       -0.43619130116447        0.87745489625880
H            1.57837254068916        1.00493118346819        1.09928684983178
H            3.78384249150428        0.68527281323576       -0.99255587274618
H            3.89943859192500        1.63043476136845        0.49310177212701
H            2.78504774036716        2.12428766750869       -0.78346944993213
H           -0.78964302121960        0.65108154546605        0.99000214259768
H           -1.55188168280139       -0.91451583982857        1.29967696595610
H           -2.44630381286865       -0.92728803571058       -1.02449005028490
H           -1.72751135450750        0.65639839768924       -1.31119326748732
H           -3.12149694522618        1.62204626090125        0.52682921679832
H           -3.84888037992809        0.03840105486428        0.80066660245583
H           -4.12511562916040        0.88380676263631       -0.72339247455602
24
 energy: -25.269714858168 gnorm: 0.000487252110 xtb: 6.7.1 (edcfbbe)
C            0.20749247993151       -2.30947037481201       -0.03829298578942
C            0.08910418529237       -0.99147728129734       -0.06668811184033
C            1.13796467979007       -0.11645086595527       -0.69448016873754
C            2.12029336010566        0.41046507394415        0.35837649450026
C            3.20899139947022        1.27181787069223       -0.26879812011044
C           -1.10133743906200       -0.29126942050378        0.52699739526276
C           -2.15776358477694        0.00700676653704       -0.54354547996491
C           -3.38489189761740        0.68662454381923        0.05044445927130
H           -0.52980425088343       -2.93774934294882        0.43287173086804
H            1.04641251763715       -2.81591396001418       -0.48553394685598
H            0.66591836454098        0.73187753461761       -1.19465932395331
H            1.69561698710978       -0.68491390748445       -1.44132274072822
H            2.57484228138321       -0.43830217349807        0.87411868190895
H            1.57735822574996        0.99685651248052        1.10289634974969
H            3.77516524154718        0.69814787767247       -0.99997949267588
H            3.89769237069933        1.63134371935644        0.49258536112922
H            2.77413764945760        2.13281085453988       -0.77298977761114
H           -0.78986225975385        0.64805299262841        0.98880009385552
H           -1.55180671561262       -0.91757402559218        1.29944757981066
H           -2.45189119056554       -0.93029044291816       -1.02097262324224
H           -1.72504533760319        0.64847290219033       -1.31437790129150
H           -3.11224020762776        1.63192021587678        0.51591538495193
H           -3.84266867672437        0.05294268319672        0.80749950402600
H           -4.12367818248922        0.88507224747105       -0.72291363666249
24
 energy: -25.269720868500 gnorm: 0.000508440897 xtb: 6.7.1 (edcfbbe)
C            0.20768614925751       -2.31252996364473       -0.03830689878538
C            0.08927105913559       -0.99450068224859       -0.06671139289543
C            1.13844597965409       -0.11929624407794       -0.69354611927230
C            2.12106137400873        0.40768936355463        0.35923651948970
C            3.20342071930635        1.27682844268217       -0.26805458423547
C           -1.10139967987573       -0.29421402847644        0.52622384680572
C           -2.15800733920765        0.00407414158224       -0.54438411058639
C           -3.38019793723232        0.69249087854716        0.04953847004807
H           -0.53021845235878       -2.94103454955976        0.43164931443901
H            1.04740203064080       -2.81902088312464       -0.48405206764373
H            0.66645253410166        0.72941829932261       -1.19320076720751
H            1.69618652605443       -0.68726267777225       -1.44066247876908
H            2.58129160225812       -0.44088649673807        0.87019020371817
H            1.57727996244614        0.98824927829451        1.10775881101124
H            3.76745583251908        0.71036825379908       -1.00648041445940
H            3.89524525489358        1.63377981708914        0.49164666702593
H            2.76265938039059        2.13968191974362       -0.76378906427507
H           -0.78996229077906        0.64544945430695        0.98746668762833
H           -1.55194756712319       -0.92006517429685        1.29897634603650
H           -2.45781940555859       -0.93385794657951       -1.01697536889132
H           -1.72345352338397        0.63979583703088       -1.31901066741110
H           -3.10205654659942        1.64035439141505        0.50639896476146
H           -3.83721925466319        0.06661524947739        0.81352833063623
H           -4.12157640788609        0.88787331967199       -0.72204150129723
24
 energy: -25.269725377373 gnorm: 0.000322255891 xtb: 6.7.1 (edcfbbe)
C            0.20794692490319       -2.31528023987830       -0.03829811101365
C            0.08957793409578       -0.99726936116318       -0.06664099637906
C            1.13887289340878       -0.12170046339409       -0.69274792714520
C            2.12204561895171        0.40482269966777        0.35967997356871
C            3.19850762276088        1.28157714079625       -0.26719723601786
C           -1.10130218403000       -0.29668216203241        0.52550678169543
C           -2.15849259846212        0.00107009017859       -0.54459504735290
C           -3.37629707631552        0.69803100196035        0.04839637596274
H           -0.53022056470099       -2.94381998594713        0.43122249224229
H            1.04797118584540       -2.82176597130957       -0.48350642511025
H            0.66659017718041        0.72739135339757       -1.19154167475965
H            1.69641122111689       -0.68899705238328       -1.44051897465825
H            2.58733907468694       -0.44393585579272        0.86562005633065
H            1.57813784388790        0.97980929012520        1.11232490502988
H            3.76155527491955        0.72120171659631       -1.01072436583521
H            3.89208994338674        1.63759011618428        0.49122839021718
H            2.75237410858910        2.14504308072619       -0.75669655582580
H           -0.78969196909916        0.64337810987999        0.98589838640019
H           -1.55183071123241       -0.92181360596831        1.29884382996274
H           -2.46327101666632       -0.93771774096676       -1.01217574341663
H           -1.72275911501503        0.63114366990471       -1.32307908298291
H           -3.09288911040212        1.64716310046385        0.49898292394652
H           -3.83337494942763        0.07852020433271        0.81725527003813
H           -4.11929052838332        0.89224086462068       -0.72183851902615
24
 energy: -25.269728979638 gnorm: 0.000173628884 xtb: 6.7.1 (edcfbbe)
C            0.20808720527876       -2.31749314571832       -0.03828838306738
C            0.08970716749000       -0.99950298714366       -0.06663776342552
C            1.13892288181232       -0.12354737404040       -0.69251774283532
C            2.12277554868972        0.40181690070331        0.35967879996437
C            3.19381200705118        1.28579720445735       -0.26634297540708
C           -1.10109605209863       -0.29853197810672        0.52539187988639
C           -2.15865883735791       -0.00204859239549       -0.54454396519569
C           -3.37234134273152        0.70295770830624        0.04740832635833
H           -0.53035529280050       -2.94602530152963        0.43078889578040
H            1.04844794479060       -2.82388842165038       -0.48297454725765
H            0.66610449984337        0.72600589227443       -1.19006827935113
H            1.69597775896358       -0.69000748880707       -1.44132522200333
H            2.59287890936577       -0.44746826085087        0.86014860807954
H            1.57896104038445        0.97107063629010        1.11668353034022
H            3.75731643229958        0.73114523156360       -1.01363998450489
H            3.88762938612884        1.64181483604422        0.49179731314019
H            2.74241441847448        2.14926388130456       -0.75080738073585
H           -0.78899156733962        0.64204664198900        0.98448868041672
H           -1.55122566322679       -0.92272765636967        1.29978205936217
H           -2.46810899586943       -0.94201500381960       -1.00657048683981
H           -1.72197745853594        0.62216610582122       -1.32718504160356
H           -3.08377437057690        1.65287082375024        0.49288333027193
H           -3.83096624922634        0.08920551163436        0.81981839804790
H           -4.11553937081042        0.89709483629192       -0.72256932355003
24
 energy: -25.269731566889 gnorm: 0.000173906574 xtb: 6.7.1 (edcfbbe)
C            0.20826866828261       -2.31948352216932       -0.03829180905885
C            0.08993795391571       -1.00151388244777       -0.06658311925244
C            1.13864496641930       -0.12508132416308       -0.69270415251365
C            2.12346486206124        0.39879793892989        0.35918600016714
C            3.18976072568081        1.28966698647357       -0.26527706639314
C           -1.10046495766384       -0.29996868414809        0.52563692421090
C           -2.15881905100979       -0.00510449935142       -0.54382078126410
C           -3.36911200647714        0.70746594217020        0.04609362991515
H           -0.52984721552730       -2.94789030104467        0.43144673642373
H            1.04833844693923       -2.82584830652182       -0.48354669302798
H            0.66515545933915        0.72506369195357       -1.18863611232342
H            1.69476374582406       -0.69056249862978       -1.44293398077499
H            2.59776553180043       -0.45120557094344        0.85438909612269
H            1.57966360267564        0.96249376512812        1.12031896280848
H            3.75474576819997        0.74015723523557       -1.01517657374503
H            3.88292418837677        1.64639450222612        0.49315235691304
H            2.73370960141791        2.15262650303951       -0.74619289609065
H           -0.78784301885071        0.64124155516431        0.98311972558412
H           -1.54989747097608       -0.92297123604928        1.30136907624147
H           -2.47229212210256       -0.94627724908461       -1.00057402547778
H           -1.72115514114603        0.61347150090657       -1.33033173338611
H           -3.07583404511745        1.65752551777660        0.48805711426523
H           -3.83005541293130        0.09858604307507        0.82088728411963
H           -4.11182307913200        0.90241589247292       -0.72418923759253
24
 energy: -25.269732700178 gnorm: 0.000116622838 xtb: 6.7.1 (edcfbbe)
C            0.20834677127563       -2.32060420336665       -0.03825100118429
C            0.08999578606660       -1.00266188754748       -0.06657399946715
C            1.13825857079744       -0.12603624327279       -0.69324967722845
C            2.12389797655598        0.39647371419976        0.35854184578197
C            3.18686287115935        1.29227195922192       -0.26443008947203
C           -1.09998020898318       -0.30081642139594        0.52623054691489
C           -2.15881383862365       -0.00746073063727       -0.54315628381658
C           -3.36665189587464        0.71047350542959        0.04520086041864
H           -0.52954322889721       -2.94895694341381        0.43190189011849
H            1.04815105150049       -2.82696305799182       -0.48399995488401
H            0.66433975553219        0.72480462852599       -1.18756626086668
H            1.69351789966617       -0.69063749288637       -1.44479215257459
H            2.60106834831953       -0.45414640507066        0.84988321507090
H            1.58015944155808        0.95616140154987        1.12264493659611
H            3.75345003902884        0.74631125622836       -1.01571626055854
H            3.87903994503953        1.64958427015831        0.49465654846380
H            2.72772454222202        2.15480856750216       -0.74324803546616
H           -0.78702581026453        0.64109864971919        0.98202658072746
H           -1.54868561255233       -0.92273898473362        1.30327340046731
H           -2.47501122688745       -0.94962788424851       -0.99594572254263
H           -1.72046801584972        0.60700143890045       -1.33250656932246
H           -3.07028895920188        1.66062725191710        0.48501762687930
H           -3.82989252959390        0.10491618628303        0.82125673532230
H           -4.10845167199474        0.90611742492799       -0.72579945350669
24
 energy: -25.269732944116 gnorm: 0.000057286497 xtb: 6.7.1 (edcfbbe)
C            0.20840621464747       -2.32098151360108       -0.03824083334152
C            0.09007944845829       -1.00303378802705       -0.06653907123324
C            1.13803429805883       -0.12624865624915       -0.69346317919447
C            2.12419788886237        0.39548448783115        0.35823829728033
C            3.18591561626444        1.29319198566770       -0.26404413629591
C           -1.09965486798741       -0.30096674453972        0.52644387070275
C           -2.15895119590988       -0.00846266099441       -0.54273201093916
C           -3.36594379255958        0.71155951790099        0.04470127419374
H           -0.52920161442730       -2.94929103509037        0.43241370936023
H            1.04791291140121       -2.82738295262065       -0.48449376367549
H            0.66393254359772        0.72496425498940       -1.18695821818873
H            1.69274603597759       -0.69043672729331       -1.44568522746360
H            2.60251687886839       -0.45550601150253        0.84780147398892
H            1.58041729489275        0.95333224811864        1.12367600243588
H            3.75331276443782        0.74878652467654       -1.01593435599394
H            3.87757702003626        1.65078766254850        0.49542148270297
H            2.72546026587403        2.15554434319027       -0.74202678876246
H           -0.78660520368570        0.64129985274360        0.98142257292265
H           -1.54793137988005       -0.92234480888092        1.30412208115356
H           -2.47621952070627       -0.95108671335414       -0.99377694953234
H           -1.72026563581305        0.60417028667443       -1.33330397446956
H           -3.06822653635375        1.66167922212959        0.48375005960127
H           -3.83018472287814        0.10735463720388        0.82126468944870
H           -4.10732471117742        0.90758658847742       -0.72665827882966
