28
 energy: -37.718427752369 gnorm: 0.045010845054 xtb: 6.7.1 (edcfbbe)
C            5.34973556569300        0.21819553847800        0.04487634378100
C            3.96371507015200        0.76830783947400        0.11325976387700
C            2.85879485640700        0.04166044050800       -0.11405880601900
C            1.51751870941300        0.65877364957000       -0.02715407219300
O            1.29474013698200        1.82647551108900        0.24393759046700
O            0.60123057834500       -0.30311529910900       -0.29999213658300
C           -0.77554067565500        0.11420402619400       -0.25918266537100
C           -1.57322284769000       -0.85227199156000       -1.13890653108500
C           -3.07097768714400       -0.57412912029500       -1.07101783819900
C           -3.57918078027300       -0.59191503218700        0.36798101245200
C           -2.78476111563600        0.35960745438400        1.25846220134400
C           -1.28703785658700        0.08027878128700        1.18442290017000
H            5.84762858064300        0.34095531675900        1.01151872652400
H            5.36022847970600       -0.84579230781800       -0.21200549779800
H            5.92803878244800        0.75770507526800       -0.71133745565200
H            3.87452775249000        1.82452231277700        0.36461147708900
H            2.90318956632400       -1.01085215674400       -0.36646479817600
H           -0.87709782129000        1.12532753321700       -0.67565236455000
H           -1.22464845732100       -0.77954291167600       -2.17628325347700
H           -1.37169490867700       -1.88664552564200       -0.83063985552000
H           -3.28125937483200        0.40415059381800       -1.52045800777100
H           -3.61252698997300       -1.32073029349900       -1.66263262008900
H           -3.50502393980600       -1.61095080045000        0.76739555595400
H           -4.63983752760600       -0.31741054050400        0.38826104350200
H           -3.12682287588000        0.26570545095800        2.29524696779500
H           -2.97795825065100        1.39453009584400        0.95038751304700
H           -0.74475265973800        0.81145603865200        1.79504414718600
H           -1.06700430984600       -0.89849967879300        1.63036919652600
28
 energy: -37.720941256366 gnorm: 0.013897890268 xtb: 6.7.1 (edcfbbe)
C            5.34757617062336        0.21938679503554        0.04495464899704
C            3.96409000565288        0.76085000567840        0.11067626180100
C            2.86300660912692        0.04570130526710       -0.11402103153815
C            1.51803375352885        0.64629271398835       -0.02913638264594
O            1.28701539050984        1.80103184472356        0.23492132136537
O            0.59008982390889       -0.29115040679502       -0.30211786162644
C           -0.78746963926957        0.10848446840908       -0.25472860323609
C           -1.57461283786824       -0.85915734608237       -1.13686702101968
C           -3.06914525969102       -0.56607574641879       -1.06867174575167
C           -3.57601228038359       -0.59722081166204        0.36980241281482
C           -2.78571498296609        0.36483250780050        1.25134750929497
C           -1.29035565358595        0.07545991542227        1.18739695051920
H            5.84553048229460        0.35060937689010        1.00618187461397
H            5.34948077479872       -0.83936202219695       -0.21100679504991
H            5.92574455829046        0.76376367836723       -0.70234474513003
H            3.86889078547171        1.81076862909552        0.36050667074015
H            2.90108049512328       -1.00304141547085       -0.36542067065171
H           -0.86972658847025        1.12899058403963       -0.65051599083142
H           -1.22052945873967       -0.77613187781074       -2.16880638899871
H           -1.37358148813436       -1.88238848292599       -0.80444036718428
H           -3.27069538966490        0.41604667257393       -1.50700351972408
H           -3.60739898587434       -1.30893164769069       -1.66297225131214
H           -3.48826896037699       -1.61328242264609        0.76609992817756
H           -4.63470243801415       -0.32522121101107        0.39003419748517
H           -3.12383315929049        0.27495041253864        2.28683114179749
H           -2.97171565481097        1.39433173375431        0.93135148830404
H           -0.74013957635108        0.81319908221053        1.77928232690777
H           -1.07663649583985       -0.91273633508405        1.60865517911274
28
 energy: -37.721313891000 gnorm: 0.005719535649 xtb: 6.7.1 (edcfbbe)
C            5.34685688569279        0.22165612151339        0.04550509287659
C            3.96307963790718        0.75623965069028        0.10980066474280
C            2.86451279642372        0.04356219623512       -0.11582431688246
C            1.51801046774604        0.63740118465598       -0.03616520536570
O            1.27634594211372        1.78887743332645        0.22839584576685
O            0.58660046091921       -0.28905057746400       -0.30488131723372
C           -0.78966450331827        0.10759625305617       -0.25296732359896
C           -1.57420016052666       -0.85997745078878       -1.13331314603134
C           -3.06810914292752       -0.56053283960779       -1.06851495167236
C           -3.57269413097410       -0.59959455989314        0.37074738668392
C           -2.78583092174487        0.36825708826449        1.24906469221978
C           -1.29189343843024        0.06977710942670        1.18897565597832
H            5.84333380002390        0.35817467563628        1.00537881809201
H            5.34890997851444       -0.83465554821715       -0.21014645102135
H            5.92363412654963        0.77045946879604       -0.69788341755827
H            3.86002685621826        1.80430454009667        0.35831733048750
H            2.89946698877653       -1.00497302180925       -0.36772601175727
H           -0.86511348463482        1.13269827080881       -0.63989092901123
H           -1.21633158676136       -0.78081569598941       -2.16175457616415
H           -1.37857822661729       -1.87662251810093       -0.78564127969358
H           -3.25936753849797        0.42717686432231       -1.49450268832084
H           -3.60870708845198       -1.29485521784917       -1.66946761495052
H           -3.47123201271622       -1.61353159163209        0.76445554915014
H           -4.63210554714636       -0.33587739172101        0.39372652274143
H           -3.12673265520443        0.28958320360769        2.28341660822720
H           -2.96393561668943        1.39267267220762        0.91434600166519
H           -0.73716157570689        0.80469988062865        1.77610552842033
H           -1.08912031053901       -0.92265020019985        1.60043206944068
28
 energy: -37.721405322408 gnorm: 0.002796857816 xtb: 6.7.1 (edcfbbe)
C            5.34687014432974        0.22504534306509        0.04602109741272
C            3.96153410059923        0.75505983180419        0.10655145573594
C            2.86435440880298        0.04014095653880       -0.11944158132834
C            1.51745590967186        0.63021936968475       -0.03639450507209
O            1.27098684920302        1.78303187251049        0.22584909384835
O            0.58563284544616       -0.29303087858444       -0.30418337720158
C           -0.78941239535356        0.10555723727552       -0.25160159249052
C           -1.57428371232785       -0.86113547183226       -1.13129427481733
C           -3.06727906649718       -0.55435805686406       -1.06848206527141
C           -3.57079134673866       -0.60064567359501        0.37118353172948
C           -2.78515315215208        0.37181902458979        1.24590058738327
C           -1.29202084815304        0.06603053166511        1.19087625582328
H            5.84097175889991        0.36463398515299        1.00676365176865
H            5.35285059961673       -0.83105234297803       -0.20893271611075
H            5.92289344585190        0.77611516228730       -0.69629321867942
H            3.85217573901960        1.80263338162719        0.35592382587415
H            2.89837199763251       -1.00914727373480       -0.37080173809384
H           -0.86330779389370        1.13217818413297       -0.63521279582716
H           -1.21387432257127       -0.78876909433997       -2.15859714189308
H           -1.38477014654663       -1.87572321904089       -0.77633666851923
H           -3.25138566150110        0.43804616138455       -1.48582444496183
H           -3.61124007967113       -1.28079813456369       -1.67536962287776
H           -3.45922566149196       -1.61399035760412        0.76291881561453
H           -4.63183912131815       -0.34500430296722        0.39759098346563
H           -3.12971957908323        0.30305479014387        2.27942133349253
H           -2.95774520938600        1.39347108659811        0.90098380135098
H           -0.73439653484143        0.79559216717666        1.78048878749563
H           -1.09765316754866       -0.92897427953273        1.59828105938017
28
 energy: -37.721456081038 gnorm: 0.002933729156 xtb: 6.7.1 (edcfbbe)
C            5.34734933576272        0.23068591984978        0.04666331642521
C            3.95933615304601        0.75376299462703        0.10619869010455
C            2.86437929438276        0.03483886131376       -0.12192342589047
C            1.51772680364753        0.62346313255130       -0.04094864659498
O            1.26908057389710        1.77701640861835        0.22285906595900
O            0.58591101405787       -0.30033347055562       -0.30348125987149
C           -0.78807043175103        0.10088916527412       -0.24945153750720
C           -1.57580455546196       -0.86362510646673       -1.12867751877007
C           -3.06712205793266       -0.54692214139120       -1.06862255384529
C           -3.56908629910789       -0.60012475161609        0.37138418745926
C           -2.78443818590279        0.37601266405783        1.24301686189736
C           -1.29264573699333        0.06108017209503        1.19313296000301
H            5.83894674920866        0.37285810675997        1.00859716814963
H            5.35977937916839       -0.82568291570807       -0.20806020288333
H            5.92170501253971        0.78469243769574       -0.69523015865701
H            3.84296842859961        1.80151640120342        0.35402441760349
H            2.89898456009836       -1.01455380712054       -0.37470975288750
H           -0.86151518895134        1.12785089363812       -0.63176778141603
H           -1.21226054141879       -0.79878893568332       -2.15529079187173
H           -1.39454119276633       -1.87807596889845       -0.76930192638100
H           -3.24248210630113        0.45101515055672       -1.47666248556659
H           -3.61595750055543       -1.26325951526486       -1.68303240813628
H           -3.44779005357824       -1.61328802167907        0.76080626676273
H           -4.63201855604779       -0.35316133408616        0.40214304497334
H           -3.13357131129390        0.31922520924415        2.27574231871247
H           -2.95025452146640        1.39514516873107        0.88726356235099
H           -0.73142906797392        0.78408951157132        1.78706011621158
H           -1.10717999690777       -0.93632622931731        1.59825701089732
28
 energy: -37.721474621585 gnorm: 0.002217144334 xtb: 6.7.1 (edcfbbe)
C            5.34799583695601        0.23533000594101        0.04673217666991
C            3.95812191939964        0.75386507336690        0.10363955170432
C            2.86504794155593        0.03137710041014       -0.12418735736198
C            1.51810079676131        0.61851912546392       -0.03922045878022
O            1.27059775370790        1.77315405070100        0.22117337013929
O            0.58649595707480       -0.30678344804326       -0.30056376853439
C           -0.78703390419265        0.09625603745396       -0.24785011440084
C           -1.57756355701224       -0.86604789945699       -1.12756641015335
C           -3.06735834321170       -0.54250438458965       -1.06876564164503
C           -3.56918452093998       -0.59814391096989        0.37099564006865
C           -2.78398262194963        0.37838756205342        1.24137938245944
C           -1.29342488805013        0.05764993257962        1.19433860123877
H            5.83765662228219        0.37927058788329        1.00958428086655
H            5.36509986483880       -0.82140803443734       -0.20756669644912
H            5.92144103006139        0.79083107361756       -0.69488633543587
H            3.83781329871624        1.80100557816759        0.35275662996604
H            2.90141209393857       -1.01811631224731       -0.37610959353230
H           -0.85959262052936        1.12296499244940       -0.63061505964447
H           -1.21193716389712       -0.80447820913936       -2.15392542237075
H           -1.40185519356369       -1.88166194683242       -0.76796322759008
H           -3.23729063450970        0.45809484454384       -1.47275809560366
H           -3.61951399752542       -1.25293204746180       -1.68700255831387
H           -3.44476157887484       -1.61140273744225        0.75933307994285
H           -4.63275133149405       -0.35431579074261        0.40388081859217
H           -3.13546976192774        0.32777701584840        2.27360496848332
H           -2.94541242284789        1.39669476965128        0.88106328534058
H           -0.72994053686229        0.77728571641939        1.79069356613048
H           -1.11271003790634       -0.94066874518748        1.59979392544450
28
 energy: -37.721484777273 gnorm: 0.000837864168 xtb: 6.7.1 (edcfbbe)
C            5.34864622208953        0.23892044787047        0.04654736115647
C            3.95734262648016        0.75349528002875        0.10386751402786
C            2.86588565622137        0.02858306985399       -0.12417197523169
C            1.51846175395912        0.61566633156025       -0.04022235621851
O            1.27232930315115        1.77030639391609        0.21909273446256
O            0.58692142887870       -0.31174488962618       -0.29838599683919
C           -0.78646930982676        0.09209277342251       -0.24628791110165
C           -1.57892202045648       -0.86822829654862       -1.12702260779757
C           -3.06746783851237       -0.53986274683284       -1.06882398385280
C           -3.57005893615575       -0.59571247119550        0.37045842701407
C           -2.78368246178127        0.37962972147305        1.24081889140506
C           -1.29410332412536        0.05520291099439        1.19538018029499
H            5.83764931946993        0.38390415835256        1.00954426103446
H            5.36898674221991       -0.81785741225852       -0.20790013100379
H            5.92076637940722        0.79597870769139       -0.69492299981152
H            3.83489416521501        1.80046061629891        0.35222167909244
H            2.90446311794609       -1.02053517820341       -0.37636140188768
H           -0.85791347475093        1.11850110509405       -0.62997117016558
H           -1.21213125558375       -0.80709911904127       -2.15320203399102
H           -1.40659954985772       -1.88506569383075       -0.76865417767421
H           -3.23393634932387        0.46176316816673       -1.47165201805353
H           -3.62165949397479       -1.24722722389693       -1.68856275314323
H           -3.44635380299184       -1.60922700420397        0.75837783277203
H           -4.63344973137550       -0.35146019234347        0.40361162847386
H           -3.13632666460725        0.33133396293620        2.27263761626324
H           -2.94221798359596        1.39797858325172        0.87938605500869
H           -0.72920816514404        0.77355622063903        1.79238474872685
H           -1.11584635297652       -0.94335322356821        1.60180112427033
28
 energy: -37.721493103965 gnorm: 0.001329870209 xtb: 6.7.1 (edcfbbe)
C            5.34966238674595        0.24304982845845        0.04585959422732
C            3.95680677716331        0.75317173379375        0.10346450805437
C            2.86728010894891        0.02545072566757       -0.12374791314334
C            1.51874643992888        0.61164461785461       -0.04004534846348
O            1.27345655611643        1.76656459084136        0.21557887396420
O            0.58732835090861       -0.31770684088500       -0.29476575742573
C           -0.78592349546426        0.08709353846492       -0.24422411520063
C           -1.58006970987003       -0.87083921903127       -1.12643881461476
C           -3.06740545027995       -0.53775983864679       -1.06933208735684
C           -3.57180618196493       -0.59177167581911        0.36927643858413
C           -2.78351310100259        0.38062145248676        1.24103461256923
C           -1.29501720870004        0.05225263532241        1.19665838040299
H            5.83830961545758        0.38953233170576        1.00869651070175
H            5.37338932490116       -0.81352995822324       -0.20882811161998
H            5.91984742235274        0.80218677205762       -0.69537069675949
H            3.83219675448547        1.79977437325899        0.35139156850095
H            2.90886729554320       -1.02344191744570       -0.37515603017908
H           -0.85519218997946        1.11350694612659       -0.62866206077549
H           -1.21217842094146       -0.80858605064000       -2.15222149000775
H           -1.41077770101866       -1.88887065084771       -0.76977777726147
H           -3.23021141460546        0.46424938639096       -1.47252947968826
H           -3.62338091831813       -1.24327311405002       -1.68942188034119
H           -3.45240385417688       -1.60576283284187        0.75728944831059
H           -4.63427455300836       -0.34361474133954        0.40093015596912
H           -3.13706387515932        0.33244828002025        2.27244539477197
H           -2.93888932440084        1.39968538004594        0.88036541524458
H           -0.72879610039281        0.77020567956484        1.79310437113314
H           -1.11898753327100       -0.94628143229005        1.60441482763408
28
 energy: -37.721499608677 gnorm: 0.001169223961 xtb: 6.7.1 (edcfbbe)
C            5.35043583872868        0.24588354586852        0.04511497302155
C            3.95646207129162        0.75285147180587        0.10311947537976
C            2.86815014672668        0.02315228739987       -0.12320273509036
C            1.51890569047893        0.60816068796776       -0.04043755622230
O            1.27284609973002        1.76359149256063        0.21226186404515
O            0.58749696243607       -0.32176396205017       -0.29202158888416
C           -0.78550266569968        0.08410951862886       -0.24257756848630
C           -1.58009417098294       -0.87245599980657       -1.12569605494913
C           -3.06686945737962       -0.53632144824874       -1.06992144542202
C           -3.57341139395842       -0.58862341373123        0.36809745093454
C           -2.78341373575573        0.38123191352654        1.24127804997813
C           -1.29546548687582        0.05000880962184        1.19794926901456
H            5.83904616063280        0.39364720625059        1.00773992404504
H            5.37657356913642       -0.81048517426152       -0.20971655930201
H            5.91893570947099        0.80670480745482       -0.69609698994533
H            3.82991291351381        1.79944627330445        0.35010813610402
H            2.91138768384930       -1.02587663498545       -0.37370969894330
H           -0.85301370420256        1.11081121427503       -0.62682132831440
H           -1.21128607174831       -0.81018960273578       -2.15107445332535
H           -1.41291039245072       -1.89071760028657       -0.76896533798205
H           -3.22704331232749        0.46581888236756       -1.47378799203969
H           -3.62373940529559       -1.24112102070900       -1.69003444699673
H           -3.45805964756635       -1.60302266484707        0.75632571446627
H           -4.63509596373762       -0.33665252229388        0.39791855805114
H           -3.13787316104350        0.33236720771570        2.27236556318631
H           -2.93641783108295        1.40100775656287        0.88165215943955
H           -0.72835724235102        0.76723900603768        1.79429579672371
H           -1.12159920353895       -0.94880203739203        1.60582535874432
28
 energy: -37.721506971008 gnorm: 0.000361646252 xtb: 6.7.1 (edcfbbe)
C            5.35143550855696        0.24943930586117        0.04385351544936
C            3.95619005291197        0.75285972197621        0.10171497210630
C            2.86917200632682        0.02056410340415       -0.12278485263449
C            1.51943517184726        0.60382384642771       -0.04044623735269
O            1.27226724925766        1.76028984986257        0.20812010625916
O            0.58801453618221       -0.32657884578835       -0.28805804248630
C           -0.78469132738386        0.08078148433136       -0.24021724619802
C           -1.57973426800081       -0.87439925244608       -1.12402328715031
C           -3.06591686077385       -0.53457029845369       -1.07113485554706
C           -3.57541766038857       -0.58424912842718        0.36607006890615
C           -2.78354420876188        0.38197531141135        1.24177868308536
C           -1.29632391894581        0.04677160893331        1.19976878454066
H            5.83988769999261        0.39892101623935        1.00633444418743
H            5.38052243544698       -0.80686330343138       -0.21072170552096
H            5.91801517802380        0.81185107250490       -0.69765428505281
H            3.82700262544174        1.79955536645155        0.34727553303013
H            2.91379502952300       -1.02899189245536       -0.37128653765215
H           -0.85035042916964        1.10778073756773       -0.62389804956441
H           -1.20935321787684       -0.81350587515428       -2.14884070680411
H           -1.41555117346134       -1.89273209384892       -0.76637864856805
H           -3.22274298140186        0.46759730171169       -1.47620647045008
H           -3.62348877246589       -1.23866303957105       -1.69149977988249
H           -3.46618720330580       -1.59922605510220        0.75461617227315
H           -4.63595383400500       -0.32692121365393        0.39316942635800
H           -3.13944620496814        0.33211080314142        2.27240866275331
H           -2.93327792898115        1.40281369315735        0.88380580763014
H           -0.72821110789911        0.76223241910645        1.79708960508441
H           -1.12554639572337       -0.95266664375519        1.60713346043127
28
 energy: -37.721512963377 gnorm: 0.000508514088 xtb: 6.7.1 (edcfbbe)
C            5.35244561944875        0.25345450589600        0.04218288704649
C            3.95588420973982        0.75306397658522        0.09993111840683
C            2.87017720841399        0.01793062013128       -0.12218037866788
C            1.52007072430089        0.59972002348211       -0.04072041353350
O            1.27211053973648        1.75710554541536        0.20412279998417
O            0.58860071044839       -0.33159285392054       -0.28345504284364
C           -0.78385330297008        0.07693148490135       -0.23712661577529
C           -1.57913350925291       -0.87688806802067       -1.12186142381386
C           -3.06441298256275       -0.53208563397263       -1.07230777104068
C           -3.57808424926548       -0.57926171545315        0.36357897215531
C           -2.78364687857289        0.38278993524773        1.24169234175896
C           -1.29734533876937        0.04269402265364        1.20224405437379
H            5.84063105026953        0.40512865354333        1.00449391597104
H            5.38462825011045       -0.80297899623449       -0.21152842537354
H            5.91724179630264        0.81701197926204       -0.69986183056518
H            3.82380601872248        1.80009771319646        0.34282992515101
H            2.91605403096012       -1.03220590770536       -0.36834601031838
H           -0.84782964423565        1.10416155090583       -0.62023905588223
H           -1.20635963522607       -0.81860417748729       -2.14598971127363
H           -1.41909274690458       -1.89526198542277       -0.76244999165099
H           -3.21703852324224        0.47028220392926       -1.47859027873410
H           -3.62283670308783       -1.23490271618344       -1.69338269510938
H           -3.47512108790034       -1.59487595305997        0.75230565112981
H           -4.63745221043081       -0.31645990126011        0.38781867072377
H           -3.14162192540366        0.33246955994058        2.27162112330935
H           -2.92917351666240        1.40478407499288        0.88517387748480
H           -0.72789032267093        0.75539355693241        1.80159583483461
H           -1.13075758129744       -0.95790149829426        1.60843700948321
28
 energy: -37.721517499737 gnorm: 0.000657855150 xtb: 6.7.1 (edcfbbe)
C            5.35337655287802        0.25711210929909        0.04035278268630
C            3.95579189319856        0.75369155236741        0.09753597849482
C            2.87119972695033        0.01595134121756       -0.12156241481714
C            1.52062745515793        0.59645611755876       -0.04020528873835
O            1.27206363442839        1.75453751375375        0.20116394588610
O            0.58939495275883       -0.33602472061079       -0.27904642744370
C           -0.78298169402589        0.07294168536607       -0.23397193097484
C           -1.57881497784626       -0.87957897177705       -1.11942819734587
C           -3.06308608124361       -0.52978750632800       -1.07380370008434
C           -3.57998564693302       -0.57460218253395        0.36103601084065
C           -2.78391891186479        0.38372552669638        1.24181953035937
C           -1.29876331957148        0.03829657151602        1.20452599254728
H            5.84121515267339        0.41121847604045        1.00248500108230
H            5.38797801547092       -0.79960482651910       -0.21187346870211
H            5.91689068624430        0.82098288837075       -0.70242229653875
H            3.82136475265511        1.80106561621403        0.33778928390724
H            2.91819560768767       -1.03481390075888       -0.36486670239548
H           -0.84587768823031        1.10040423067600       -0.61655200255582
H           -1.20355219850903       -0.82372013260042       -2.14274433433154
H           -1.42290945557281       -1.89802022948801       -0.75843550626386
H           -3.21123034730005        0.47303821630029       -1.48076955528205
H           -3.62253039879250       -1.23087380768766       -1.69601692344685
H           -3.48293472108979       -1.59076464181568        0.74986610201221
H           -4.63814115561445       -0.30680272968365        0.38261966993443
H           -3.14411233447728        0.33375801075136        2.27105098362449
H           -2.92496859450546        1.40662587814382        0.88595854759321
H           -0.72800839296835        0.74820091662666        1.80591829806627
H           -1.13628251156028       -0.96341300109431        1.60956515911686
28
 energy: -37.721521173015 gnorm: 0.000445231490 xtb: 6.7.1 (edcfbbe)
C            5.35413841957893        0.26060075936553        0.03829480524273
C            3.95567989170419        0.75470254939249        0.09497999115348
C            2.87204137650688        0.01440182820936       -0.12037717865487
C            1.52088759674005        0.59374580147111       -0.03910075655166
O            1.27179933178174        1.75229346057762        0.19918283398768
O            0.59015770421058       -0.34026277411470       -0.27463808273362
C           -0.78219795598845        0.06872771142104       -0.23077299809350
C           -1.57840250218598       -0.88250124060607       -1.11729972922340
C           -3.06147836991660       -0.52733085129258       -1.07505604897881
C           -3.58221299387933       -0.56990494323838        0.35847028639334
C           -2.78393430711624        0.38456239231784        1.24145934315777
C           -1.29998450548070        0.03375989490029        1.20693605403340
H            5.84186513721586        0.41751748303527        1.00005967452349
H            5.39069762790262       -0.79658522850172       -0.21174577527406
H            5.91650522981310        0.82400607623493       -0.70569707925642
H            3.81952905393762        1.80260047315909        0.33197232737308
H            2.92020582126388       -1.03705019334387       -0.36031843352311
H           -0.84439670690809        1.09637073207454       -0.61300635634190
H           -1.20052019490686       -0.82908360072067       -2.13979414437892
H           -1.42692134931556       -1.90110310590469       -0.75487202997101
H           -3.20499196224466        0.47585735507458       -1.48270968773372
H           -3.62211855538322       -1.22639989447549       -1.69839250459805
H           -3.49064258189015       -1.58653854116983        0.74732707512951
H           -4.63922584217807       -0.29744274551500        0.37757543588408
H           -3.14646591454995        0.33524263258129        2.26985123425547
H           -2.92029116242536        1.40828557571012        0.88622928218651
H           -0.72778895886075        0.74064295007211        1.81058031636542
H           -1.14193332742735       -0.96911455671322        1.61085068285788
28
 energy: -37.721523611968 gnorm: 0.000173328657 xtb: 6.7.1 (edcfbbe)
C            5.35476052856527        0.26392433961720        0.03608627733341
C            3.95554871475676        0.75590228416518        0.09282728065352
C            2.87279110341089        0.01310803814777       -0.11824203065933
C            1.52099414787376        0.59127020859538       -0.03787680622270
O            1.27107502999722        1.74999903607084        0.19806076734014
O            0.59097952027081       -0.34437695553920       -0.27059558094456
C           -0.78141180932939        0.06431600203093       -0.22771680329287
C           -1.57816216887310       -0.88554216848513       -1.11525214553295
C           -3.06000369417386       -0.52486090418976       -1.07647206025663
C           -3.58393361923732       -0.56543839006613        0.35597242243880
C           -2.78390045005004        0.38554550907299        1.24116297668428
C           -1.30126212877929        0.02907403123233        1.20915574029146
H            5.84289325788554        0.42415631907983        0.99710004499103
H            5.39280571596302       -0.79388606256569       -0.21111631591669
H            5.91575297342387        0.82624559524180       -0.70976031887913
H            3.81815563892367        1.80456479684311        0.32567578475147
H            2.92220118338725       -1.03906524814018       -0.35452408044942
H           -0.84309320685055        1.09215734745286       -0.60959011007957
H           -1.19778945706786       -0.83412101885964       -2.13691900005070
H           -1.43097933377847       -1.90439136345262       -0.75172410349351
H           -3.19870049187016        0.47891957681498       -1.48442402109408
H           -3.62200589963875       -1.22174055182543       -1.70103595846880
H           -3.49760716649336       -1.58252639058419        0.74483911318718
H           -4.63979145457717       -0.28849004081427        0.37271585922683
H           -3.14875168961336        0.33714463598701        2.26876599764781
H           -2.91545447112234        1.40997811920639        0.88611678450967
H           -0.72752477841387        0.73305624048732        1.81475814016238
H           -1.14758599459100       -0.97492298552258        1.61200068335372
28
 energy: -37.721524659790 gnorm: 0.000134312217 xtb: 6.7.1 (edcfbbe)
C            5.35516205356928        0.26646273152762        0.03423847052913
C            3.95543278919378        0.75701102758989        0.09082513240043
C            2.87332321478590        0.01212687116884       -0.11610919954443
C            1.52095036574845        0.58906727312155       -0.03594861935463
O            1.27024233078321        1.74800086926288        0.19788275881309
O            0.59156154527857       -0.34767334260569       -0.26741443378217
C           -0.78082156422418        0.06092851091313       -0.22559129870382
C           -1.57796621856285       -0.88772761926813       -1.11407314143664
C           -3.05886149002607       -0.52304048380337       -1.07750688952678
C           -3.58533544420665       -0.56195733824582        0.35406512075236
C           -2.78374659715060        0.38621392909343        1.24086977131576
C           -1.30212007964413        0.02562531757640        1.21069907160838
H            5.84398695496986        0.42995900586525        0.99435684960845
H            5.39415335100136       -0.79199517068210       -0.21000392502828
H            5.91483290002734        0.82732455196325       -0.71367053229666
H            3.81723084055280        1.80624053350273        0.32050964735370
H            2.92380658106729       -1.04079561905858       -0.34870570535449
H           -0.84193106982566        1.08894463560777       -0.60718631400412
H           -1.19585051001570       -0.83763135559377       -2.13515770369557
H           -1.43400680950299       -1.90680940120987       -0.74994665285998
H           -3.19400993497042        0.48107594013270       -1.48569070967083
H           -3.62194046711515       -1.21822785483004       -1.70293522849091
H           -3.50284187990096       -1.57934519301341        0.74291004297308
H           -4.64034346234960       -0.28171029524873        0.36911322385034
H           -3.15024783401932        0.33848467362126        2.26788379299541
H           -2.91173306688090        1.41114855476400        0.88610261754428
H           -0.72716903351693        0.72745314311153        1.81765893126810
H           -1.15175746506755       -0.97915389526153        1.61281345996755
28
 energy: -37.721525067440 gnorm: 0.000131931593 xtb: 6.7.1 (edcfbbe)
C            5.35537731512563        0.26805776919596        0.03305226231753
C            3.95528150979110        0.75756029826099        0.08998886845585
C            2.87360537932059        0.01125569778114       -0.11407938295910
C            1.52092582451926        0.58749789763664       -0.03474491122410
O            1.26962677329280        1.74643204984702        0.19839016376208
O            0.59189138701955       -0.34978755221013       -0.26568454884147
C           -0.78044419886966        0.05895798573365       -0.22447620899737
C           -1.57790403733036       -0.88893224008679       -1.11345444247630
C           -3.05825226233218       -0.52181571644075       -1.07817849029744
C           -3.58602519263065       -0.55998343671907        0.35295129687226
C           -2.78361976849506        0.38667209952987        1.24064529468850
C           -1.30259972949767        0.02358572909719        1.21148580110990
H            5.84508659365275        0.43432777077764        0.99224240791922
H            5.39501045460033       -0.79096178890729       -0.20864463353742
H            5.91377264971314        0.82757897704808       -0.71683010900196
H            3.81651119536240        1.80734903285308        0.31683931079271
H            2.92483038719355       -1.04214202989392       -0.34429039524759
H           -0.84108044087027        1.08708732885534       -0.60588469744536
H           -1.19490510109629       -0.83945305368531       -2.13422763415372
H           -1.43575357030186       -1.90819772520453       -0.74915057424166
H           -3.19135133773584        0.48253385559667       -1.48644960930097
H           -3.62198268015761       -1.21602426461234       -1.70408320625575
H           -3.50582604057982       -1.57756156360552        0.74175989237539
H           -4.64049928132162       -0.27776475682158        0.36701467345277
H           -3.15104853161362        0.33924847331152        2.26732851153077
H           -2.90955896099249        1.41192590952550        0.88609972365027
H           -0.72693621758772        0.72417729116327        1.81917255426532
H           -1.15413211818017       -0.98162403802509        1.61319662001834
