13
 energy: -18.615199817183 gnorm: 0.028519827962 xtb: 6.7.1 (edcfbbe)
O           -0.96745870910900        1.37471985564400       -0.08010841610800
C           -1.16178762937600        0.01207385869400        0.28476225424100
C            0.15364068391700       -0.59283330982000        0.76520044129000
C            1.25378073053800       -0.50686432544100       -0.28888997241700
O            1.65820715722600        0.83975721488900       -0.49983077049700
H           -1.84669378763700        1.73757329126600       -0.29256623958500
H           -1.54387373267800       -0.52922656566500       -0.58655766647100
H           -1.90936798089700       -0.03210220738900        1.08304195067800
H           -0.01181204779800       -1.63977886844000        1.04078114705800
H            0.48291985376700       -0.04930062938200        1.65898844827700
H            2.13365243584200       -1.06838971094400        0.03947545754600
H            0.92072718246500       -0.92483016228600       -1.24420025363700
H            0.83806584373900        1.37920155887400       -0.48353395924300
13
 energy: -18.616401473407 gnorm: 0.013769898422 xtb: 6.7.1 (edcfbbe)
O           -0.98210887668662        1.37806302965411       -0.06352561990269
C           -1.16971991554064        0.00959217578923        0.28501652736702
C            0.15050841807649       -0.58423270844139        0.76792973194243
C            1.24897244534850       -0.49619987346358       -0.29022406418477
O            1.68114535796016        0.83171923033722       -0.50479377675514
H           -1.84350865262058        1.74892060918380       -0.29344009712961
H           -1.53137023959594       -0.54555944126540       -0.59091251135302
H           -1.91818237995765       -0.06710150350889        1.08412620913372
H           -0.01916112876916       -1.62835923775549        1.03952194128931
H            0.48168673121996       -0.04226887054324        1.65727839392299
H            2.12881306560019       -1.05695492846181        0.03712774181276
H            0.89591557337655       -0.92816891502059       -1.23749132606577
H            0.87700960158774        1.38055043349601       -0.49405072894521
13
 energy: -18.616752067227 gnorm: 0.004635608462 xtb: 6.7.1 (edcfbbe)
O           -0.99814060072855        1.37943165711833       -0.04290967088466
C           -1.17405040072894        0.00809986786041        0.28544022286806
C            0.15127750973449       -0.57519501276447        0.77311197311759
C            1.24780063637090       -0.49114767297561       -0.29059373128608
O            1.69607678831816        0.82256086272294       -0.50585370712843
H           -1.84657001648528        1.75504731926933       -0.29187981091227
H           -1.51741518754817       -0.54802138076531       -0.59974941246098
H           -1.93081868413932       -0.09551382464962        1.07636154712147
H           -0.01593406014719       -1.61827401566321        1.04249043406681
H            0.47991630659009       -0.03036877085803        1.65892987848485
H            2.12455332816126       -1.06015999027295        0.03123882567880
H            0.87642246479851       -0.92949414369573       -1.23205443426628
H            0.90688191580302        1.38303510467393       -0.50796969326687
13
 energy: -18.616827705561 gnorm: 0.002352889190 xtb: 6.7.1 (edcfbbe)
O           -1.00487894100439        1.37901890646095       -0.02915117549940
C           -1.17510428070380        0.00661466955277        0.28552507413246
C            0.15133114429717       -0.57217446518338        0.77644917069716
C            1.24633587457582       -0.48979958647426       -0.29058494501623
O            1.70288954373755        0.81830605317845       -0.50509856672497
H           -1.84934266206976        1.75497066959168       -0.29153866847962
H           -1.50929899060530       -0.54543174711255       -0.60602693407734
H           -1.93658603105351       -0.10996672615444        1.07026481520602
H           -0.01232277110690       -1.61470497891125        1.04985463537148
H            0.47820083474283       -0.02130680208999        1.65890157261422
H            2.11921678734742       -1.06763718564939        0.02700163586564
H            0.86822171823836       -0.92638798468989       -1.23081460138588
H            0.92133777360350        1.38849917748130       -0.51821959157155
13
 energy: -18.616859006778 gnorm: 0.001573768205 xtb: 6.7.1 (edcfbbe)
O           -1.00985316497079        1.37885909626540       -0.01661703334005
C           -1.17605867217934        0.00517720838610        0.28543469225160
C            0.15118455451831       -0.56957916179621        0.77819661979426
C            1.24500699552868       -0.49076482050316       -0.29106699575333
O            1.70836611041491        0.81448170258561       -0.50221839865602
H           -1.85253735630141        1.75233510682737       -0.29174140981648
H           -1.50309629559100       -0.54137438043678       -0.61189712559891
H           -1.94107974602885       -0.12154551987252        1.06468468789880
H           -0.00849803715691       -1.61087673918585        1.05931619780501
H            0.47744605742404       -0.01098475115966        1.65642431915664
H            2.11450504895758       -1.07622227551116        0.02248191056684
H            0.86250962818701       -0.92188735710955       -1.23172312305026
H            0.93210487719676        1.39238189151042       -0.52471192012610
13
 energy: -18.616867283199 gnorm: 0.001190838188 xtb: 6.7.1 (edcfbbe)
O           -1.01267351070707        1.37943836320588       -0.00939146191501
C           -1.17619496419268        0.00404276988594        0.28465346991959
C            0.15116639094873       -0.56810238797995        0.77876512180223
C            1.24358407928977       -0.49269060047969       -0.29190016751142
O            1.71185625150005        0.81219052889585       -0.49941462967213
H           -1.85507236805317        1.74897925281622       -0.29181877634778
H           -1.49921718993990       -0.53809776341029       -0.61638668203050
H           -1.94296576255862       -0.12864275119308        1.06059090848557
H           -0.00617299819513       -1.60759278835955        1.06848803841008
H            0.47808489379752       -0.00242999011307        1.65268815346933
H            2.11111651528145       -1.08228930668400        0.01856274774230
H            0.85856382818719       -0.91801387237111       -1.23358897852836
H            0.93792483464087        1.39320854578683       -0.52468532269189
13
 energy: -18.616869259141 gnorm: 0.000238762906 xtb: 6.7.1 (edcfbbe)
O           -1.01285761698342        1.37985118318513       -0.00977740136971
C           -1.17617225159390        0.00377042406456        0.28442406724672
C            0.15139674699337       -0.56770202325777        0.77849993745112
C            1.24337754436211       -0.49355363301891       -0.29224212343303
O            1.71218535525435        0.81199864283380       -0.49918479815042
H           -1.85540323376946        1.74829468176058       -0.29182846626983
H           -1.49861672780299       -0.53803756774013       -0.61696090081987
H           -1.94314050590170       -0.12901301311811        1.06013043889294
H           -0.00620395772660       -1.60638518443172        1.07031977183753
H            0.47885025907532       -0.00068888938088        1.65125659752409
H            2.11104951731131       -1.08301369643379        0.01735496643365
H            0.85788436171470       -0.91743746810317       -1.23425119146159
H            0.93765050906589        1.39191654364040       -0.52117847674960
13
 energy: -18.616869419663 gnorm: 0.000110810943 xtb: 6.7.1 (edcfbbe)
O           -1.01292557257443        1.37990969501164       -0.00975485062107
C           -1.17604126560121        0.00356441113743        0.28434420057697
C            0.15155916644037       -0.56758883285725        0.77877041956069
C            1.24303597458921       -0.49360243453751       -0.29239828501370
O            1.71231185369616        0.81191372512869       -0.49944171136016
H           -1.85532986731820        1.74826656418683       -0.29234264571192
H           -1.49803564112988       -0.53823820249742       -0.61723036513322
H           -1.94319022168904       -0.12938517366863        1.05984032765248
H           -0.00597194247084       -1.60613188883384        1.07102622385306
H            0.47912863600548       -0.00006962372597        1.65110145693585
H            2.11059730692233       -1.08344261705528        0.01674792834224
H            0.85709490170239       -0.91719533215613       -1.23440153834444
H            0.93776667142668        1.39199970986743       -0.51969873960479
