21
 energy: -31.625484429334 gnorm: 0.075152761795 xtb: 6.7.1 (edcfbbe)
C           -1.33786112448100        1.82350816916100        0.13764872682900
C           -1.44052538465000        0.31525336136000        0.34990472444000
C           -0.59512851454800       -0.52470846172400       -0.63912889603000
C           -0.63714574604200       -2.01793429274400       -0.26876848891400
C           -1.18552506264300       -0.39617025017000       -2.00067615855700
N           -1.65272516469100       -0.29975228730800       -3.05998000347700
O            0.77647512345100       -0.05900558080800       -0.72828575063600
C            1.57748441900800       -0.07888663342200        0.36529801108400
C            2.93619242997300        0.44366458269200        0.01080931613000
O            1.25676500851600       -0.45658395879200        1.48099169211600
H           -1.68540519474600        2.11434391265700       -0.85813691537100
H           -1.96019495913800        2.34534504788500        0.87205647455800
H           -0.31036978286500        2.17777325955800        0.26220865936600
H           -2.49652584212500        0.02182154954300        0.28112638474800
H           -1.13581613835800        0.10669407513300        1.38167482934400
H           -0.29858854578400       -2.19927362531900        0.75561345505900
H            0.02043306407800       -2.60078433522200       -0.92502433728200
H           -1.65134860953800       -2.42551863640500       -0.35430887854200
H            2.85795268556500        1.48072101036500       -0.32499820042500
H            3.38240682857000       -0.18092363695200       -0.76715189556700
H            3.57945051044800        0.41041673051200        0.89480974117100
21
 energy: -31.629701095675 gnorm: 0.023703426551 xtb: 6.7.1 (edcfbbe)
C           -1.33529354780221        1.81930261179044        0.12776515771588
C           -1.43967154140714        0.31515452899287        0.36132270079229
C           -0.60046491585323       -0.52733406237145       -0.61932556445418
C           -0.63862259999194       -2.01935607120856       -0.26738125299077
C           -1.16870193177908       -0.37818337807062       -1.96634045557647
N           -1.61490655682089       -0.29311800696338       -3.00946302559959
O            0.76246078876033       -0.05689417785243       -0.71528913171152
C            1.56212052517718       -0.07755770252270        0.36564258997656
C            2.92695532002358        0.44182504740485        0.01231709246160
O            1.24047424082963       -0.45825515897500        1.46095771670078
H           -1.67646827312525        2.09512892796204       -0.87012337224854
H           -1.95441318415144        2.34003696527009        0.85782216883754
H           -0.30978357824416        2.16590140145359        0.25027858312246
H           -2.48427404150249        0.00199739734989        0.26501104009116
H           -1.11270881699253        0.08337626610335        1.37864614243870
H           -0.29795826018181       -2.17203164677085        0.75669241827564
H            0.01324325531351       -2.58341343355665       -0.93775744194700
H           -1.65407119653660       -2.40450230356930       -0.36143929452543
H            2.85195076455855        1.46876907723944       -0.33941373597063
H            3.36282381195739       -0.16731521276543       -0.77705244769119
H            3.56730973776859        0.40646893105982        0.89281260234669
21
 energy: -31.630145118425 gnorm: 0.005844463003 xtb: 6.7.1 (edcfbbe)
C           -1.33401315089596        1.80983012237527        0.12174359092473
C           -1.43947671660265        0.30958805206407        0.37178547453725
C           -0.59898095400691       -0.52547056159647       -0.61205857935289
C           -0.64078545442454       -2.01716406549689       -0.26280282664632
C           -1.14909610128013       -0.37258053143223       -1.95580896374695
N           -1.60399866990181       -0.26163863457592       -2.99700539206691
O            0.76157175167141       -0.05564272896121       -0.70856978767810
C            1.55769460186074       -0.07950594769656        0.36775309218364
C            2.92327513203041        0.44323167345280        0.01176022764637
O            1.23223742399010       -0.46107426154144        1.45757297894415
H           -1.67122811888604        2.06599628139174       -0.88117396782394
H           -1.95239683289889        2.33958790617352        0.84274367095784
H           -0.30814853244901        2.15261199023686        0.23899458904132
H           -2.47951285923718       -0.01005542087732        0.26869720274224
H           -1.10489553345036        0.07905849095462        1.38504128684036
H           -0.29852074338923       -2.16398747628996        0.75903633688127
H            0.00572315777618       -2.57363935030217       -0.94006720509705
H           -1.65711436850696       -2.39161315858690       -0.35977192513999
H            2.84434816265427        1.46572361850115       -0.34882043093856
H            3.35162687942395       -0.16131108416328       -0.78360811279462
H            3.56169092652261        0.40805508637034        0.89024123063013
21
 energy: -31.630207231353 gnorm: 0.003949008628 xtb: 6.7.1 (edcfbbe)
C           -1.33525227864150        1.80555574474777        0.11818069265636
C           -1.43830370682524        0.30721397156394        0.37859778267937
C           -0.59801553007901       -0.52467777958533       -0.60899728247162
C           -0.64315600332276       -2.01847949937737       -0.26349159540269
C           -1.14632795665315       -0.35081423909159       -1.94771055808024
N           -1.59113218122102       -0.25601598956386       -2.99582708904644
O            0.76243255872559       -0.05474517031072       -0.70260627846043
C            1.55786837274274       -0.08058295771806        0.37162855777903
C            2.92254679627421        0.44521637149149        0.01142948443651
O            1.23316369756586       -0.46643896492657        1.46105216427477
H           -1.67089257259869        2.04720833095336       -0.88867076813405
H           -1.95368761694601        2.34416289907787        0.83172425185268
H           -0.30883483884791        2.14762599387112        0.23100435721548
H           -2.47655898202697       -0.01570905476250        0.27847684118822
H           -1.09905794457392        0.08057820177997        1.39015912120024
H           -0.29861221328164       -2.16823133000306        0.75608181007855
H           -0.00149463239436       -2.57414117718199       -0.94455329123916
H           -1.66121861799357       -2.38667044890018       -0.35839944790120
H            2.83776465512407        1.46641464092798       -0.35168937120700
H            3.34542820206356       -0.15873886819733       -0.78743308918177
H            3.56334079290971        0.41126932520506        0.88672619780736
21
 energy: -31.630257488878 gnorm: 0.002634877275 xtb: 6.7.1 (edcfbbe)
C           -1.33762373797626        1.80323745780403        0.11284995718496
C           -1.43700897617570        0.30595054868686        0.38165403522517
C           -0.59688759886783       -0.52619636420238       -0.60742102978449
C           -0.64453703295733       -2.02133439438828       -0.26426412121757
C           -1.13984403866902       -0.35016372150311       -1.94744469765261
N           -1.59312868054011       -0.23155245431514       -2.98915956196595
O            0.76454548871571       -0.05728153461100       -0.69759144300067
C            1.56001677942624       -0.08234693248614        0.37589166824430
C            2.92294658304980        0.44695256440058        0.01201535539123
O            1.23752921848312       -0.47089629348181        1.46625903726262
H           -1.67288706232667        2.03542060392026       -0.89646973613486
H           -1.95680030886236        2.34789901613443        0.82102052375684
H           -0.31130355908698        2.14702986007532        0.22307308822117
H           -2.47450180479155       -0.02003708745480        0.28732147200741
H           -1.09441435574985        0.08501510826010        1.39305164190464
H           -0.29788639018229       -2.17298775127892        0.75411265435397
H           -0.00651754543246       -2.57867227444600       -0.94718207147562
H           -1.66429598230602       -2.38572915215830       -0.35618499682268
H            2.83236985948404        1.46757684780229       -0.35211650345338
H            3.34300292497740       -0.15767768614907       -0.78812388787545
H            3.56722621978810        0.41579363939111        0.88439110587491
21
 energy: -31.630280375249 gnorm: 0.001711181864 xtb: 6.7.1 (edcfbbe)
C           -1.34039378724704        1.80274264997441        0.10792559895585
C           -1.43481207739433        0.30618542608295        0.38377918788165
C           -0.59640203870817       -0.52736996608640       -0.60591002690633
C           -0.64673500446323       -2.02304031942122       -0.26607976378440
C           -1.13923778189534       -0.34653891426266       -1.94642376393167
N           -1.59402844584120       -0.22120059773021       -2.98652749067098
O            0.76658348404851       -0.06095203665746       -0.69385233275906
C            1.56324275221623       -0.08622935181346        0.37898244632243
C            2.92372803429275        0.44795371706278        0.01328533446690
O            1.24343690220064       -0.47542768036995        1.46993609139459
H           -1.67738683749654        2.03033162218274       -0.90178097022534
H           -1.96081236443415        2.34863583802701        0.81389360932449
H           -0.31509312791508        2.15074815260673        0.21627995258755
H           -2.47216458989888       -0.02325496261611        0.29647363077472
H           -1.08696125988893        0.08978068035035        1.39475304738171
H           -0.29639131672348       -2.17775452989144        0.75101376463079
H           -0.01241507046028       -2.58154679499327       -0.95208454871681
H           -1.66794234502439       -2.38518642588335       -0.35449828366428
H            2.82829508079086        1.46828801548526       -0.35063919567526
H            3.34442715553584       -0.15646340954221       -0.78664866423755
H            3.57106263830620        0.42029888749554        0.88380486689493
21
 energy: -31.630300899377 gnorm: 0.001715282933 xtb: 6.7.1 (edcfbbe)
C           -1.34752716980632        1.80190451652549        0.09811533362058
C           -1.42768136935032        0.30718925067507        0.38855398266085
C           -0.59478710795746       -0.52925274866470       -0.60293246060454
C           -0.65187968870654       -2.02514738194026       -0.26996629473385
C           -1.13832806813395       -0.33782811197393       -1.94315327890140
N           -1.59339192315264       -0.20526423032156       -2.98178969433505
O            0.77074799630454       -0.06756912224236       -0.68758493537566
C            1.56824126123294       -0.09206998048866        0.38498602286117
C            2.92514612647480        0.44901454268478        0.01635911972899
O            1.25373502210206       -0.48681089962430        1.47503093979994
H           -1.68998166759836        2.01817119878068       -0.91215980955763
H           -1.97092563431625        2.34839689066387        0.80095556253304
H           -0.32499337638886        2.16057109853623        0.20017345083100
H           -2.46422879249659       -0.03091702357476        0.31813314231886
H           -1.06559284410200        0.10189744024146        1.39763978356210
H           -0.29201110320108       -2.18723781115909        0.74341501536320
H           -0.02758216886857       -2.58524036852545       -0.96464150689733
H           -1.67608731823098       -2.38181869010454       -0.34968796281661
H            2.82211505298794        1.46851567033444       -0.34739770269715
H            3.34867506979944       -0.15387754562367       -0.78308810800121
H            3.57633770340818        0.42737330580130        0.88472189068463
21
 energy: -31.630309884540 gnorm: 0.001007736306 xtb: 6.7.1 (edcfbbe)
C           -1.35027196685583        1.80214693115600        0.09688418112921
C           -1.42500947967168        0.30792278461986        0.39006414915840
C           -0.59408237124432       -0.52824948114941       -0.60270447493647
C           -0.65243087940359       -2.02394868916885       -0.27048812868915
C           -1.13800215929941       -0.33689676374264       -1.94221862570893
N           -1.59217260139692       -0.20600330469677       -2.98159806350553
O            0.77170901890771       -0.06825586645163       -0.68894835846049
C            1.56930097331665       -0.09571060789939        0.38353437607983
C            2.92561044188122        0.44858163248149        0.01750639990661
O            1.25376307303156       -0.49131551389263        1.47277045663841
H           -1.69631018465079        2.01530387313419       -0.91279550989731
H           -1.97350971107411        2.34753728060349        0.80080625746308
H           -0.32869798257255        2.16426583626672        0.19479993124540
H           -2.46072617528508       -0.03264030793128        0.32417810135935
H           -1.05853605263615        0.10554925527920        1.39782665879800
H           -0.29018309944190       -2.18768577047261        0.74149390483176
H           -0.03147552355197       -2.58424902031558       -0.96756290306971
H           -1.67728506214137       -2.37865684521271       -0.34755561453161
H            2.82206260172582        1.46788415969616       -0.34652536332925
H            3.35198379896618       -0.15284424562928       -0.78143965373665
H            3.57426334139651        0.42726466332571        0.88765476929900
21
 energy: -31.630317962609 gnorm: 0.001068416713 xtb: 6.7.1 (edcfbbe)
C           -1.35601514682741        1.80304396079266        0.09496264184226
C           -1.42074281996430        0.30930000258878        0.39260513226701
C           -0.59296569064991       -0.52603084370198       -0.60282614474204
C           -0.65280539475179       -2.02190911692663       -0.27136313445250
C           -1.13792423768127       -0.33671720621283       -1.94158231007038
N           -1.59030337949818       -0.20950453184575       -2.98253740184223
O            0.77230187267879       -0.06565833318445       -0.69156636137602
C            1.56988695913637       -0.09687885340424        0.38110570002685
C            2.92743650331848        0.44679548658213        0.01976900632033
O            1.25416508265545       -0.50050606663527        1.46757138861820
H           -1.71094829251097        2.01155768925658       -0.91259924950777
H           -1.97708666148402        2.34651334249775        0.80244250023214
H           -0.33589036189212        2.17132124882942        0.18356754107397
H           -2.45488405882155       -0.03627917302689        0.33484675782637
H           -1.04624210596980        0.11196883245429        1.39795252681202
H           -0.28643478246366       -2.18770376211578        0.73841441675184
H           -0.03718200534618       -2.58262325783852       -0.97228857736632
H           -1.67887414370821       -2.37354831430960       -0.34367303705092
H            2.82575560924366        1.46642565486591       -0.34343144527640
H            3.35725126078084       -0.15286559274523       -0.77884486016563
H            3.57150179375578        0.42329883407973        0.89315740012316
21
 energy: -31.630321796157 gnorm: 0.000429675806 xtb: 6.7.1 (edcfbbe)
C           -1.36011483410038        1.80353197743180        0.09298504217650
C           -1.41936750209785        0.31015435055716        0.39428659286660
C           -0.59260081899657       -0.52478288613603       -0.60249206697242
C           -0.65302135745359       -2.02132208291833       -0.27215080806656
C           -1.13786522968203       -0.33516116440070       -1.94126324633832
N           -1.58941732657198       -0.20835376471777       -2.98245399859825
O            0.77290240419439       -0.06465346568995       -0.69114314414060
C            1.57183306867010       -0.10010660254821        0.38040274302501
C            2.92895740735358        0.44584638020921        0.02109869090651
O            1.25638725569389       -0.50558509166711        1.46629614301871
H           -1.72130346276530        2.00866444677803       -0.91314042030353
H           -1.97847120107331        2.34736195193673        0.80259501494325
H           -0.34030884658740        2.17445910863616        0.17494185745327
H           -2.45279684047702       -0.03868874358953        0.34161189121905
H           -1.04002858668259        0.11593142050100        1.39851468949577
H           -0.28411260250135       -2.18831423957634        0.73658186312435
H           -0.03999757804870       -2.58229268040480       -0.97525056207146
H           -1.67991639033722       -2.37126628891660       -0.34211737575496
H            2.82683373326811        1.46547921449666       -0.34247354846079
H            3.36051477361907       -0.15383637962038       -0.77651111608290
H            3.57189393457617        0.42293453963905        0.89536424860472
21
 energy: -31.630325483024 gnorm: 0.000426328386 xtb: 6.7.1 (edcfbbe)
C           -1.36505637372990        1.80384836009206        0.09058004158062
C           -1.41910382460273        0.31105424147085        0.39560261112259
C           -0.59226429115984       -0.52339091444978       -0.60172504812852
C           -0.65245337195396       -2.02050108004640       -0.27250849399775
C           -1.13718072257441       -0.33302541150039       -1.94070331846138
N           -1.58833216737095       -0.20502966789131       -2.98192169181156
O            0.77320493345776       -0.06246542555682       -0.68922751475968
C            1.57368507699146       -0.10243896429960        0.38075286189552
C            2.93073220420944        0.44403819387095        0.02196434098161
O            1.25963774298753       -0.51136663055801        1.46582650895818
H           -1.73436417781471        2.00598919336540       -0.91312729111196
H           -1.97870068357384        2.34844629912413        0.80360466556943
H           -0.34518190448100        2.17636941452305        0.16374764370288
H           -2.45162198293367       -0.04098056964875        0.34720407460006
H           -1.03586350478428        0.11983110531155        1.39890541318334
H           -0.28200007077352       -2.18824102308525        0.73551196800947
H           -0.04069723489843       -2.58108361177088       -0.97698838710611
H           -1.67956883220696       -2.36981008132159       -0.34129872904200
H            2.82883593750641        1.46349705808276       -0.34223627029206
H            3.36292414728621       -0.15638500149759       -0.77473343510427
H            3.57336910041943        0.42164451578565        0.89645254025552
21
 energy: -31.630329537994 gnorm: 0.000716453557 xtb: 6.7.1 (edcfbbe)
C           -1.37247890523511        1.80443954908411        0.08741317720732
C           -1.41896855417060        0.31237044102085        0.39727544587807
C           -0.59164611712113       -0.52103763606460       -0.60066498037991
C           -0.65101257580903       -2.01851810873925       -0.27285421347224
C           -1.13598256515217       -0.32965625145360       -1.93986272266433
N           -1.58626192614246       -0.20107025752045       -2.98123698166338
O            0.77351836870888       -0.05842238098306       -0.68640341010465
C            1.57598329563357       -0.10546424194238        0.38158301019899
C            2.93329249615235        0.44056126495373        0.02295278384782
O            1.26402489089625       -0.52012763178820        1.46517745667231
H           -1.75613376058049        2.00296869823333       -0.91170488172037
H           -1.97750543840395        2.34981355752632        0.80727223603847
H           -0.35236138735307        2.17937315282482        0.14527363655665
H           -2.45009137421389       -0.04445556947348        0.35396044114276
H           -1.03095954191784        0.12556243332894        1.39968092044665
H           -0.27988234214571       -2.18702806069219        0.73478701801920
H           -0.03923412905188       -2.57801075445399       -0.97820981451813
H           -1.67798081486130       -2.36831452274399       -0.34146769382484
H            2.83211778293212        1.45952652760120       -0.34270988967679
H            3.36598101793644       -0.16140750170316       -0.77239079355263
H            3.57558157989906        0.41889729298508        0.89781174561296
21
 energy: -31.630329602016 gnorm: 0.001381939095 xtb: 6.7.1 (edcfbbe)
C           -1.37990143674032        1.80503073807617        0.08424631283402
C           -1.41883328373846        0.31368664057084        0.39894828063355
C           -0.59102794308243       -0.51868435767941       -0.59960491263129
C           -0.64957177966410       -2.01653513743211       -0.27319993294672
C           -1.13478440772992       -0.32628709140681       -1.93902212686727
N           -1.58419168491396       -0.19711084714958       -2.98055227151520
O            0.77383180395999       -0.05437933640931       -0.68357930544962
C            1.57828151427569       -0.10848951958516        0.38241315850246
C            2.93585278809526        0.43708433603652        0.02394122671404
O            1.26841203880497       -0.52888863301839        1.46452840438644
H           -1.77790334334628        1.99994820310126       -0.91028247232879
H           -1.97631019323406        2.35118081592852        0.81093980650750
H           -0.35954087022514        2.18237689112658        0.12679962941042
H           -2.44856076549411       -0.04793056929821        0.36071680768546
H           -1.02605557905139        0.13129376134634        1.40045642770997
H           -0.27776461351790       -2.18581509829913        0.73406206802892
H           -0.03777102320534       -2.57493789713710       -0.97943124193016
H           -1.67639279751564       -2.36681896416639       -0.34163665860768
H            2.83539962835783        1.45555599711965       -0.34318350906152
H            3.36903788858668       -0.16643000190873       -0.77004815200098
H            3.57779405937869        0.41615007018451        0.89917095097039
21
 energy: -31.630331512851 gnorm: 0.000352104453 xtb: 6.7.1 (edcfbbe)
C           -1.37799684067533        1.80500442985967        0.08564092411539
C           -1.41905953467291        0.31337575137994        0.39804318122285
C           -0.59100862782400       -0.51945409761512       -0.59974204552005
C           -0.64952730368804       -2.01703078721371       -0.27298621075388
C           -1.13462124811445       -0.32735817211350       -1.93908851969043
N           -1.58473509715588       -0.19784498143150       -2.98057234660128
O            0.77391203030776       -0.05576069402575       -0.68440414692051
C            1.57741951655298       -0.10706776111955        0.38249516355273
C            2.93519980862992        0.43754306461125        0.02327403737662
O            1.26652633709125       -0.52481102515203        1.46508818913946
H           -1.77221716714293        2.00176912995538       -0.90950266792977
H           -1.97591536332322        2.35092610190731        0.81093448845537
H           -0.35794289199878        2.18101550318581        0.13204597108164
H           -2.44916555511984       -0.04655852005925        0.35746832690377
H           -1.02859965519745        0.12932379999288        1.40001812421811
H           -0.28003995725896       -2.18583151973383        0.73521739335135
H           -0.03594740412971       -2.57562626279536       -0.97754689817520
H           -1.67602922680126       -2.36792147218248       -0.34359607615073
H            2.83468295113619        1.45572955035422       -0.34454889555022
H            3.36760576593502       -0.16641450826301       -0.77074503208316
H            3.57745946344974        0.41699247045868        0.89818953000184
21
 energy: -31.630332552914 gnorm: 0.000244812124 xtb: 6.7.1 (edcfbbe)
C           -1.37784104992482        1.80491938662871        0.08611980395349
C           -1.41885059054682        0.31322067456137        0.39810395924160
C           -0.59081024484051       -0.51921207701198       -0.59984463662960
C           -0.64953490249950       -2.01659204311478       -0.27303667408265
C           -1.13434351256558       -0.32717064597299       -1.93909474625359
N           -1.58461882814096       -0.19819368636849       -2.98058818593885
O            0.77421652610142       -0.05604614440347       -0.68486879760817
C            1.57712559675766       -0.10629542192957        0.38271052390792
C            2.93529580039116        0.43706570168057        0.02297049529355
O            1.26529548455434       -0.52262819249208        1.46551708986825
H           -1.77316059800826        2.00187447070345       -0.90848747157167
H           -1.97515499740326        2.35026725586845        0.81222545143370
H           -0.35793860546290        2.18110731824054        0.13158381025531
H           -2.44893937592987       -0.04672833758771        0.35726437371419
H           -1.02856522191311        0.12902614521934        1.40011593375262
H           -0.28273277243699       -2.18545066320324        0.73614050227663
H           -0.03380504980573       -2.57489298943461       -0.97593774890509
H           -1.67558053519568       -2.36824448631103       -0.34646100872390
H            2.83522804633570        1.45467843809179       -0.34643228434883
H            3.36736231168765       -0.16810852779626       -0.77028800143107
H            3.57735251884613        0.41740382463207        0.89797010184008
21
 energy: -31.630333527330 gnorm: 0.000393086480 xtb: 6.7.1 (edcfbbe)
C           -1.37976909397862        1.80520334809350        0.08621831384187
C           -1.41822260243348        0.31349065800466        0.39857438075752
C           -0.59042089343642       -0.51861813264237       -0.59965559564801
C           -0.64919876784548       -2.01598566178457       -0.27349830764715
C           -1.13385839433761       -0.32620976495828       -1.93884728414589
N           -1.58437047858788       -0.19745323940972       -2.98029376757576
O            0.77465673269774       -0.05577112387242       -0.68478732986338
C            1.57731419351370       -0.10578975211632        0.38325048277431
C            2.93612417291570        0.43545519036048        0.02272261492957
O            1.26461755142367       -0.52074665510337        1.46628698465213
H           -1.78028600622394        2.00164684565323       -0.90647564033595
H           -1.97378010790549        2.35023912747403        0.81541429573248
H           -0.35981872217900        2.18197393717701        0.12623963089137
H           -2.44788052293542       -0.04776944177618        0.35879615710879
H           -1.02682325156065        0.13017619008246        1.40030183005166
H           -0.28724445891172       -2.18476630915503        0.73746136017151
H           -0.02934314724825       -2.57345616404793       -0.97349433106683
H           -1.67450678390309       -2.36884307677311       -0.35210097984890
H            2.83706445328180        1.45187190037996       -0.35015046877166
H            3.36807323815427       -0.17263054284843       -0.76841390493644
H            3.57767288950024        0.41798266726244        0.89813404897268
