18
 energy: -28.008487456316 gnorm: 0.049290969127 xtb: 6.7.1 (edcfbbe)
C            2.42079215405800        0.73394210562200        0.47217708415200
C            1.04205494927400        0.49160106072500       -0.12326827093200
C            0.34094651115800       -0.69003691998400        0.55678842233100
C           -1.04984884839500       -0.98041018799400       -0.01262879751400
O           -0.92934098399300       -1.28846354140500       -1.40195601004100
C           -2.04248733995600        0.15859726997600        0.22182950269100
O           -2.78138728941100        0.63209535824400       -0.62967431100800
O           -2.10498851390600        0.58309685004100        1.49721426110900
H            2.35201450634100        0.96219303128700        1.54058624777300
H            2.90489903258600        1.58015068815900       -0.02533795441000
H            3.06171583961800       -0.14480831117900        0.34841849073300
H            0.44327651432400        1.40236934667600       -0.01139056891900
H            1.14801428434200        0.30226031404600       -1.19740414912500
H            0.27436058886100       -0.50490756049000        1.63552427211000
H            0.96552692185900       -1.58230596262000        0.42094136492700
H           -1.46784784287000       -1.86891929842100        0.47384691405700
H           -1.78994884270900       -1.07333414850100       -1.81137904073100
H           -2.78775164118500        1.28687990581800        1.48575745571800
18
 energy: -28.011236788944 gnorm: 0.019378065999 xtb: 6.7.1 (edcfbbe)
C            2.41647136703109        0.73697820144957        0.47065250441995
C            1.03471596812601        0.49425434799371       -0.12127496771458
C            0.34668175719732       -0.68881934656966        0.55882095414025
C           -1.04064246306878       -0.98402968094747       -0.01337211176920
O           -0.94088217109750       -1.27782102751784       -1.39556305238654
C           -2.02509691517405        0.14931568001632        0.20893669136329
O           -2.75080900666516        0.59585739877032       -0.64614991359011
O           -2.08545797602959        0.58169695888214        1.47550983571380
H            2.34915315075081        0.96104223753279        1.53488351219044
H            2.90039836427471        1.57756925053306       -0.02454452036095
H            3.05001924031204       -0.14050479377189        0.34720894010996
H            0.42484661639968        1.39486336515278       -0.00622223171414
H            1.12405781151775        0.28783118999040       -1.19014583359027
H            0.25546084057274       -0.49973181145609        1.63149075835557
H            0.95829345269834       -1.58417518641233        0.41910604617728
H           -1.46760819246278       -1.85945367537687        0.50300974053951
H           -1.78147407857167       -1.02317276299154       -1.80873176804203
H           -2.76812776581497        1.27829965472260        1.49643032907879
18
 energy: -28.012205898309 gnorm: 0.011017856077 xtb: 6.7.1 (edcfbbe)
C            2.40960043278690        0.74099688479580        0.46546262686131
C            1.02513515355151        0.49113448649364       -0.11849336243292
C            0.34930732558060       -0.69453655869246        0.56487646339481
C           -1.03667980167766       -0.99078207133328       -0.01537434581065
O           -0.94558660695433       -1.28427770716364       -1.38503056649920
C           -2.01932836162342        0.13990717604088        0.19860379503045
O           -2.72904952966340        0.57124823648549       -0.66955138102542
O           -2.06889917273638        0.58317335364124        1.45726605078122
H            2.34138748883447        0.96177562292790        1.52771393439910
H            2.88897288436445        1.58034165914071       -0.02996508003900
H            3.03813792503773       -0.13626722903265        0.33908984230709
H            0.40875701200054        1.38478156772458        0.00309289621004
H            1.10380366521987        0.27959856092152       -1.18509305161742
H            0.23883721878504       -0.50380269415853        1.63309955483371
H            0.95996694736908       -1.58649844435078        0.42514209571138
H           -1.46659069725121       -1.85657327392846        0.52664398589699
H           -1.75625635429159       -0.96315201013797       -1.81471533167072
H           -2.74151552933620        1.28293244062600        1.51727678659022
18
 energy: -28.012512724646 gnorm: 0.012280816458 xtb: 6.7.1 (edcfbbe)
C            2.40448192264681        0.74301718784932        0.46053421921150
C            1.01712497053144        0.48837808369305       -0.11541016522813
C            0.34848340744434       -0.70003807937190        0.57027113595273
C           -1.03704691603736       -1.00029451353145       -0.01513637984704
O           -0.94942778253279       -1.30280058909211       -1.37673933008998
C           -2.01302554139783        0.13980021438319        0.19222366431973
O           -2.71711527282084        0.56112850236998       -0.68720059004412
O           -2.06160529607000        0.58437815257706        1.44725326629178
H            2.33940609151787        0.96302063038309        1.52307987009184
H            2.87780492264450        1.58404308840643       -0.03733618765592
H            3.03395158600825       -0.13290624993203        0.33019273939791
H            0.39809552999785        1.37928513458917        0.01155458990555
H            1.08957089291793        0.27762296959230       -1.18238798618308
H            0.23267483337093       -0.50867385278834        1.63696655622546
H            0.96240180336375       -1.58911386088982        0.43219944735532
H           -1.46884009762952       -1.86003198741914        0.53905759717635
H           -1.73019213292967       -0.91419129450771       -1.82080356858230
H           -2.72674292102965        1.28737646368893        1.53172603462341
18
 energy: -28.012687832018 gnorm: 0.010162978493 xtb: 6.7.1 (edcfbbe)
C            2.40063143192266        0.74386383028349        0.45684595908548
C            1.01060768182291        0.48750911745956       -0.11166846528496
C            0.34626420114427       -0.70360541699848        0.57434228112819
C           -1.03886348269493       -1.00843087068672       -0.01422116172034
O           -0.95354151608551       -1.31563624433821       -1.37335774068221
C           -2.01530947177804        0.13570717626494        0.19115785319684
O           -2.70554327555419        0.56337996773230       -0.69938994223082
O           -2.06077638141747        0.58408592741212        1.44240167629918
H            2.34121837865092        0.96267794841463        1.52073057479765
H            2.86868820657467        1.58750179072085       -0.04318345187443
H            3.03239175103293       -0.13058237459241        0.32131091492052
H            0.39145571831585        1.37792782987185        0.02068945154895
H            1.07921009496360        0.28077402760099       -1.18024504695331
H            0.23125311429242       -0.51445681054801        1.64147797102793
H            0.96545480639675       -1.58981451760656        0.43668530222862
H           -1.46853109372361       -1.86731661516724        0.54040859396743
H           -1.71128281403298       -0.89021165707076       -1.82123728168509
H           -2.71332734983425        1.29662689124765        1.53729742515134
18
 energy: -28.012846400204 gnorm: 0.008297484188 xtb: 6.7.1 (edcfbbe)
C            2.39655844286229        0.74435279833239        0.45219462484547
C            1.00365606170115        0.48694271108932       -0.10771990934696
C            0.34310991332420       -0.70717877402404        0.57754793341091
C           -1.04200159472938       -1.01766297626373       -0.01034024223800
O           -0.95948590607334       -1.33203349902512       -1.36970114908446
C           -2.01149318593162        0.13778910938240        0.19022936397270
O           -2.68814466907424        0.57408952313785       -0.70903247508209
O           -2.06560491428606        0.57958429465377        1.44052402989594
H            2.34556753818429        0.96131141068314        1.51779218874819
H            2.85886658153987        1.59123600969643       -0.04976230395936
H            3.03133535462268       -0.12790701412853        0.30993639276423
H            0.38568633526015        1.37778417916646        0.03076689048104
H            1.06788536600990        0.28579920443468       -1.17844029630772
H            0.23141074991063       -0.52004794662531        1.64591066300405
H            0.96768970322618       -1.59104370945372        0.44034957125652
H           -1.46983352524248       -1.87544139524402        0.54252185482021
H           -1.68871970576057       -0.86913575311594       -1.82039773095059
H           -2.70648254554764        1.30156182730399        1.53766550669093
18
 energy: -28.012988362280 gnorm: 0.010461177983 xtb: 6.7.1 (edcfbbe)
C            2.39106776290041        0.74519735830986        0.44572400484200
C            0.99484712183880        0.48575928734699       -0.10400402491107
C            0.34070033632812       -0.71204181638547        0.58131829786922
C           -1.04500144907479       -1.02847887912793       -0.00264105997099
O           -0.96631839629143       -1.35144871639882       -1.36322664241727
C           -2.00840844586892        0.13523113134772        0.19094082610912
O           -2.66141194665038        0.58956135215506       -0.71780744262195
O           -2.07369794557151        0.57135112823443        1.44085669681712
H            2.34962907911367        0.95949306894361        1.51260618244136
H            2.84671304644906        1.59537304711475       -0.05772300233281
H            3.02870299485124       -0.12404305630309        0.29587092109582
H            0.37698251087858        1.37609204884020        0.04108467757659
H            1.05284481238266        0.28945233612838       -1.17651736247365
H            0.23218468525726       -0.52606289784446        1.65083998904447
H            0.97018737814130       -1.59319397309709        0.44338348455644
H           -1.47222346222026       -1.88350980651097        0.54965721239205
H           -1.65698675829784       -0.83564743095009       -1.82148366513713
H           -2.69981132416994        1.30691581819692        1.53116582004165
18
 energy: -28.013175255584 gnorm: 0.010170278068 xtb: 6.7.1 (edcfbbe)
C            2.38474213759816        0.74482850192545        0.43641292228944
C            0.98411885131651        0.48545974947735       -0.10048305951843
C            0.33827151348790       -0.71602027076715        0.58558028894291
C           -1.04858519144843       -1.03814233487032        0.00884379731506
O           -0.97600093857952       -1.37079492668976       -1.35495268210384
C           -2.00155964182138        0.13483318453231        0.19319501946082
O           -2.61822058797917        0.62050984168484       -0.72569618932610
O           -2.09329503676785        0.55469088306823        1.44739465054093
H            2.35501361382939        0.95375055858525        1.50477938554939
H            2.83299477926294        1.59893662229042       -0.06723871549858
H            3.02370634535682       -0.12146777628914        0.27551132534962
H            0.36681891180093        1.37501994803450        0.05365580562748
H            1.03312290625478        0.29461658414199       -1.17482853345996
H            0.23537140747333       -0.53258558099444        1.65698770577603
H            0.97145821226947       -1.59443973516095        0.44385292756960
H           -1.47276976415415       -1.89067062723354        0.56040592809932
H           -1.61348572757336       -0.80706981177439       -1.82011089306575
H           -2.70170179033033        1.30854519003935        1.51673522937304
18
 energy: -28.013126419555 gnorm: 0.020794173131 xtb: 6.7.1 (edcfbbe)
C            2.37722645068649        0.74509895697553        0.42280218159004
C            0.97092749590371        0.48302385030064       -0.09777104902334
C            0.33657276031610       -0.72198794988045        0.59207148670744
C           -1.05285282439047       -1.05000951251750        0.02303219828927
O           -0.98996860018404       -1.40260729460303       -1.33812379208004
C           -1.98772647870077        0.13659822561735        0.19310126125630
O           -2.56231822286915        0.65055595424130       -0.73734262113201
O           -2.11758968994699        0.53510685553283        1.45310306406353
H            2.35925660296087        0.94748748153685        1.49220848791266
H            2.81592673622650        1.60328376811617       -0.08138936518550
H            3.01610300574803       -0.11816379381957        0.24906550963170
H            0.35278889333002        1.37008753177050        0.06665922053456
H            1.00731430862316        0.29528246173970       -1.17303283959873
H            0.23763874806094       -0.53895593913089        1.66398330310138
H            0.97165910180936       -1.59758413686159        0.44607585834380
H           -1.47691836507887       -1.89438185387810        0.58497758169101
H           -1.54625915373995       -0.74544010812855       -1.82356534823838
H           -2.71178076875889        1.30260550298882        1.50418977505726
18
 energy: -28.013379946778 gnorm: 0.004910364566 xtb: 6.7.1 (edcfbbe)
C            2.38261364828533        0.74385285831923        0.42680003932952
C            0.97837860695849        0.48454593259411       -0.10115299030084
C            0.33867447968208       -0.71734352143200        0.58857596706535
C           -1.05129535210279       -1.03961497970534        0.01755301846081
O           -0.98449165118945       -1.38580801651293       -1.34165666231931
C           -1.99081077632470        0.13847642975064        0.19370051724072
O           -2.57847664447216        0.64339356639551       -0.72742627313362
O           -2.11639851522355        0.54004013919474        1.45479098267565
H            2.35755934240399        0.94693341882896        1.49517514241137
H            2.82704380818803        1.59932574481648       -0.07532892142038
H            3.01781624848159       -0.12222775504064        0.25771779054472
H            0.36068192552247        1.37209101640031        0.05828009146509
H            1.01869895345904        0.29244001134281       -1.17462398464782
H            0.23731606461151       -0.53314237431443        1.65931071052918
H            0.96856671070048       -1.59561653697224        0.44241498694573
H           -1.47598941763178       -1.88577419455293        0.58140210306237
H           -1.56552986420851       -0.77634194760661       -1.82307249825845
H           -2.72435756714404        1.29477020849433        1.50758489327087
18
 energy: -28.013446565717 gnorm: 0.003519658789 xtb: 6.7.1 (edcfbbe)
C            2.38167735798116        0.74375361815655        0.42175848967026
C            0.97512754004920        0.48400488515550       -0.10093283759716
C            0.33830601164955       -0.71834570864360        0.59138591062880
C           -1.05328737046756       -1.04226801535249        0.02180981047182
O           -0.98850126109569       -1.39235420036468       -1.33488080791911
C           -1.98973108871119        0.13741646127645        0.19440531628431
O           -2.55388664329814        0.66194604688817       -0.73392983026574
O           -2.13037324197724        0.53003402219570        1.45799942398245
H            2.36050586992985        0.94467768702129        1.49061209683030
H            2.82318183937507        1.60045055524999       -0.08072513944759
H            3.01675144919730       -0.12152345587302        0.24829822397795
H            0.35753587939521        1.37115732412614        0.06077045860097
H            1.01177874713994        0.29173795423603       -1.17447371679056
H            0.23843905371499       -0.53361088489495        1.66184965330211
H            0.96815141845067       -1.59613042390430        0.44348592190124
H           -1.47811057625225       -1.88643848147210        0.58869609731711
H           -1.54446720034053       -0.76463897556022       -1.82330486190168
H           -2.73309778474429        1.29013159175954        1.50722070387545
18
 energy: -28.013486732555 gnorm: 0.010618077579 xtb: 6.7.1 (edcfbbe)
C            2.38034655320721        0.74236704941860        0.41120628437932
C            0.96959317984617        0.48302573963700       -0.10171765258392
C            0.33720354015921       -0.71909859556879        0.59585549100244
C           -1.05813033038135       -1.04607979245106        0.02967317424199
O           -1.00047248149777       -1.41254680603950       -1.32026079663053
C           -1.98378053207863        0.14077983526123        0.19464005000380
O           -2.50594135149443        0.69757696038094       -0.74184361283326
O           -2.16089608965082        0.50992997046835        1.46370710045603
H            2.36686237943226        0.93823892337296        1.48112370150235
H            2.81617001400261        1.60193216419726       -0.09111902333603
H            3.01481588081734       -0.12144013421135        0.22838126732045
H            0.35338246680391        1.37012717381854        0.06448799858700
H            0.99937455494943        0.29050600167058       -1.17528730751501
H            0.24065461117207       -0.53261364799627        1.66586225293403
H            0.96605255548863       -1.59678935753938        0.44573488221469
H           -1.48250290648168       -1.88326051471351        0.60764318202077
H           -1.49390920601763       -0.73738075438855       -1.82557807754087
H           -2.75882283828049        1.27472578468295        1.50753599869766
18
 energy: -28.013531111791 gnorm: 0.003660153780 xtb: 6.7.1 (edcfbbe)
C            2.38212579935534        0.74200249899973        0.41385709833708
C            0.97268532694909        0.48350487534351       -0.10268099125905
C            0.33742060687723       -0.71754932052168        0.59411351775892
C           -1.05760870746458       -1.04392281961663        0.02714885171399
O           -0.99968913288871       -1.40825647502988       -1.32311551728010
C           -1.98632219917761        0.14118678750496        0.19427722907750
O           -2.51822854957723        0.69002411040466       -0.73821228957018
O           -2.15670524697807        0.51379804646524        1.46142009069853
H            2.36623056783621        0.93893737317368        1.48362408461050
H            2.82002702075922        1.60096310499129       -0.08797813390004
H            3.01674230065008       -0.12232274264917        0.23356974661828
H            0.35701479446983        1.37146482996395        0.06117966706090
H            1.00540641805384        0.29045888591301       -1.17611466926728
H            0.24014129523008       -0.53060849840194        1.66404927923131
H            0.96585407708127       -1.59605255247795        0.44554404579597
H           -1.48158907497916       -1.88182998761393        0.60414821423578
H           -1.50492424467357       -0.74658965018701       -1.82509945169835
H           -2.75858105152722        1.27479153373813        1.51031414075718
18
 energy: -28.013559805949 gnorm: 0.002423049091 xtb: 6.7.1 (edcfbbe)
C            2.38289706987707        0.74105473071798        0.41131224479310
C            0.97294458455514        0.48331456688992       -0.10412271216472
C            0.33656647732683       -0.71631229561034        0.59429017877698
C           -1.05966175738298       -1.04448048210434        0.02940990516549
O           -1.00474271795636       -1.41334252030509       -1.31942674953022
C           -1.98625567371397        0.14328864806307        0.19479789613714
O           -2.50610875544098        0.70081394817370       -0.73875887972190
O           -2.16878555488604        0.50636482536540        1.46250037963633
H            2.36841982932477        0.93720123420686        1.48133242404622
H            2.82044851591261        1.60060958164677       -0.09015951556415
H            3.01765479827710       -0.12299764583502        0.22971334298937
H            0.35867864389197        1.37246524625749        0.05883977005678
H            1.00568550520169        0.28963951357222       -1.17756995202167
H            0.24033759459998       -0.52779044460717        1.66411648347495
H            0.96474430799438       -1.59550477170205        0.44709392798649
H           -1.48239171581969       -1.88036606057450        0.60891424742369
H           -1.49127530000027       -0.74254928581047       -1.82547836232132
H           -2.76915585176521        1.26859121165555        1.51324028375835
18
 energy: -28.013598136709 gnorm: 0.003704163467 xtb: 6.7.1 (edcfbbe)
C            2.38331551619833        0.73851222405664        0.40400949630809
C            0.97198550322186        0.48234004836669       -0.10826286815571
C            0.33434302831294       -0.71348986832463        0.59551487940057
C           -1.06439003324432       -1.04641073491599        0.03672370747271
O           -1.01707556881531       -1.42635584929491       -1.30964315225086
C           -1.98597796586876        0.14718609787792        0.19752196608973
O           -2.47129499792286        0.72901236786979       -0.74035329924047
O           -2.20102458196735        0.48576478163013        1.46647175537433
H            2.37239868234048        0.93343674107990        1.47435871468113
H            2.82003647785071        1.59881621491742       -0.09730851880727
H            3.01789704051504       -0.12516437994692        0.21966581414462
H            0.36063186374358        1.37412316332832        0.05204379412505
H            1.00396977469375        0.28602552902868       -1.18154379537874
H            0.24082014894295       -0.52029841929110        1.66504636370383
H            0.96213370320895       -1.59404215001255        0.45198594244643
H           -1.48345805174320       -1.87797835110148        0.62155787714242
H           -1.45063120239255       -0.72556073207575       -1.82673169207415
H           -2.79367933707819        1.25408331680785        1.51898792793920
18
 energy: -28.013611577421 gnorm: 0.001582362648 xtb: 6.7.1 (edcfbbe)
C            2.38343789157890        0.73770476841566        0.40272751981029
C            0.97252095097362        0.48163112832708       -0.11070740512651
C            0.33369845304105       -0.71194128195031        0.59560566077759
C           -1.06500178222471       -1.04593549507420        0.03860645379299
O           -1.01908524374956       -1.42626503805813       -1.30837871662700
C           -1.98689884423360        0.14785729757524        0.19935081195555
O           -2.46420395382236        0.73511007452117       -0.73874942604903
O           -2.21027085927605        0.47943939398087        1.46798535798410
H            2.37147103896741        0.93423787053257        1.47269491182290
H            2.82154775184425        1.59682355282742       -0.09934616508462
H            3.01750613102950       -0.12671553831717        0.22049111974890
H            0.36162218680024        1.37435625140390        0.04627976639846
H            1.00573480927975        0.28262799848700       -1.18351336585147
H            0.24054422913525       -0.51604249393074        1.66484112430356
H            0.96119810265172       -1.59313407796915        0.45450585986014
H           -1.48282860006651       -1.87795123591346        0.62275516195158
H           -1.44148514385271       -0.72193365178640       -1.82628777756722
H           -2.79950711808015        1.25013047692863        1.52118402082069
18
 energy: -28.013621941062 gnorm: 0.001485667810 xtb: 6.7.1 (edcfbbe)
C            2.38290658106953        0.73637382653877        0.39841319334196
C            0.97238953404225        0.47920196053879       -0.11607265433349
C            0.33189744984701       -0.70936590265374        0.59709644384166
C           -1.06706910109468       -1.04580657255711        0.04296578627967
O           -1.02417212363842       -1.42825476846144       -1.30401108087301
C           -1.98743354984345        0.14912251521860        0.20320837038808
O           -2.44319520400368        0.75222602407300       -0.73476660266346
O           -2.23142498743103        0.46437475336610        1.47169817851829
H            2.36898963323157        0.93724606937895        1.46744870593733
H            2.82302781266577        1.59258503279680       -0.10664381808880
H            3.01570929309449       -0.12987022380387        0.22090411684423
H            0.36202381563253        1.37349973173842        0.03381720290187
H            1.00743212446482        0.27320871288110       -1.18745510821033
H            0.23957739113047       -0.50690434252592        1.66531302785129
H            0.95865946268339       -1.59174118433216        0.46121464155672
H           -1.48287406456796       -1.87853690326511        0.62695051306351
H           -1.41257280010881       -0.70692284524666       -1.82569714772636
H           -2.81387126717776        1.23956411631547        1.52566114429173
18
 energy: -28.013625679448 gnorm: 0.002105532429 xtb: 6.7.1 (edcfbbe)
C            2.38191709527574        0.73717888295353        0.39816162385231
C            0.97244981325019        0.47693900207236       -0.11796386371393
C            0.33109614353000       -0.70951541216993        0.59838339857825
C           -1.06701541080701       -1.04571179671402        0.04217174457262
O           -1.02186103242526       -1.42409205852282       -1.30571390935999
C           -1.98679572796549        0.14909851184497        0.20464871146440
O           -2.44023465259412        0.75640184465227       -0.73151820343916
O           -2.23271388839445        0.46114541182165        1.47347876740707
H            2.36547476764697        0.94392873489215        1.46610135329356
H            2.82296456867269        1.59056102414860       -0.11083798097848
H            3.01498002563110       -0.13016653934359        0.22673079163291
H            0.36112727112955        1.37127145947049        0.02725649042646
H            1.00962640011995        0.26649055069923       -1.18830074361827
H            0.23764030158079       -0.50393185612586        1.66579348291131
H            0.95775579596831       -1.59227582904313        0.46551366180477
H           -1.48374947018352       -1.88088936015828        0.62296653119251
H           -1.40917247897707       -0.70392993458533       -1.82462012170302
H           -2.81348952146234        1.23749736410768        1.52779317859757
18
 energy: -28.013629406463 gnorm: 0.001119158097 xtb: 6.7.1 (edcfbbe)
C            2.38131945034171        0.73751272006323        0.39710983978460
C            0.97214512400887        0.47551646448067       -0.11880765361529
C            0.33044887018672       -0.70981316089590        0.59933626600865
C           -1.06776920008785       -1.04634719855189        0.04234733407120
O           -1.02237649136889       -1.42426913900003       -1.30545763127427
C           -1.98609079042618        0.14947130292835        0.20532649803928
O           -2.43484674384736        0.76141327901250       -0.73055544667824
O           -2.23578442237725        0.45789547318180        1.47471472959251
H            2.36466659335075        0.94741399562750        1.46446594956628
H            2.82204290101103        1.58970591274034       -0.11422162840678
H            3.01495331654343       -0.12995599937864        0.22829626986205
H            0.36063792042671        1.37002048417763        0.02440666159345
H            1.00998553923007        0.26304521609505       -1.18873114855677
H            0.23635623083807       -0.50265157257841        1.66634127555934
H            0.95710967484203       -1.59289940121988        0.46819666685108
H           -1.48466902742168       -1.88167693193858        0.62259594028799
H           -1.40264779715185       -0.69961497054113       -1.82475315836359
H           -2.81548114810228        1.23523352579738        1.52943414859939
18
 energy: -28.013629744163 gnorm: 0.002541928169 xtb: 6.7.1 (edcfbbe)
C            2.38010099727820        0.73875179082439        0.39677166318138
C            0.97214343073085        0.47235871401398       -0.11953777227483
C            0.32957858064403       -0.71117527375455        0.60086523219736
C           -1.06851956722997       -1.04735568737577        0.04076364121607
O           -1.02162226630782       -1.42211314929957       -1.30749322159444
C           -1.98545306535836        0.14890792772474        0.20609128665524
O           -2.43447368519684        0.76218457604091       -0.72741325907879
O           -2.23317113977680        0.45730634638166        1.47551327945767
H            2.36220287121722        0.95696083517395        1.46253717133111
H            2.82027586633409        1.58775729280924       -0.12042302074414
H            3.01533871393849       -0.12904150791473        0.23526997111285
H            0.35947665819037        1.36668691318249        0.01975737566150
H            1.01187261398680        0.25617373716997       -1.18869412160226
H            0.23266333397361       -0.50176497790687        1.66704146944445
H            0.95626607752899       -1.59490830773564        0.47328344335129
H           -1.48602293545956       -1.88335947187926        0.61922102918429
H           -1.39690567167093       -0.69126603644159       -1.82577532427886
H           -2.81375081282633        1.23389627898664        1.53226606970098
18
 energy: -28.013632950552 gnorm: 0.001020279306 xtb: 6.7.1 (edcfbbe)
C            2.38013234388703        0.73884075199953        0.39673460128479
C            0.97235297547024        0.47212465233853       -0.11984491626868
C            0.32961460690964       -0.71104840701823        0.60088206612600
C           -1.06839947916225       -1.04718723489397        0.04095843304119
O           -1.02159130069763       -1.42154301815894       -1.30760167692091
C           -1.98536336056288        0.14915476024676        0.20630255953307
O           -2.43316557728652        0.76348090849442       -0.72787845943727
O           -2.23446654043739        0.45605363493788        1.47623336665350
H            2.36181097968294        0.95787003672996        1.46228301614514
H            2.82066653594905        1.58732309234718       -0.12099116658583
H            3.01523479569834       -0.12919580070021        0.23616852765316
H            0.35953417226624        1.36649256504397        0.01874258500777
H            1.01235847798584        0.25540636089693       -1.18890625726917
H            0.23262746363927       -0.50123168112121        1.66701653201682
H            0.95613565625569       -1.59491186315337        0.47363720087404
H           -1.48587531393486       -1.88337918508361        0.61900685624725
H           -1.39725067309279       -0.69143325195649       -1.82542288418997
H           -2.81435576257394        1.23318367905087        1.53272452900999
18
 energy: -28.013634505983 gnorm: 0.000281158651 xtb: 6.7.1 (edcfbbe)
C            2.38026555749198        0.73885509589423        0.39736377911939
C            0.97302200834466        0.47196625440361       -0.12080973670816
C            0.32974758704376       -0.71056593854673        0.60032851454632
C           -1.06819403136742       -1.04668611896934        0.04090920717605
O           -1.02200855780823       -1.42074302115336       -1.30786356360161
C           -1.98612422801311        0.14899248303468        0.20660190546113
O           -2.43499838399977        0.76298988781985       -0.72779440051537
O           -2.23439685399531        0.45561208534090        1.47685327921285
H            2.36038241792494        0.95922998394802        1.46259195362137
H            2.82205011535072        1.58632693125489       -0.12090226058568
H            3.01506714559317       -0.12979974688051        0.23891419407844
H            0.35995587591533        1.36644133094438        0.01625652870232
H            1.01415898760120        0.25425360715130       -1.18963217054716
H            0.23276558886528       -0.50017754602051        1.66638477228219
H            0.95595416353773       -1.59463040924486        0.47355613027633
H           -1.48516736209913       -1.88326004025344        0.61880852353533
H           -1.39802630434265       -0.69132953431372       -1.82521406673828
H           -2.81445372604714        1.23252469559058        1.53369232360544
18
 energy: -28.013635480187 gnorm: 0.000367032503 xtb: 6.7.1 (edcfbbe)
C            2.38035997329492        0.73894828384128        0.39810459576364
C            0.97385847449772        0.47166287014130       -0.12197967498819
C            0.32977046343497       -0.71007282050037        0.59968963344154
C           -1.06812614055898       -1.04619201473087        0.04064083772970
O           -1.02234629548311       -1.42006366354775       -1.30832269437940
C           -1.98665815076008        0.14900528545077        0.20715214583402
O           -2.43707568050001        0.76222085507234       -0.72697986846830
O           -2.23414689093290        0.45528774588565        1.47761762491653
H            2.35863765436447        0.96127148311588        1.46288345144873
H            2.82362156313922        1.58514000948937       -0.12094642419507
H            3.01488160191101       -0.13043099725914        0.24243869630023
H            0.36058335904927        1.36630184274995        0.01317091420807
H            1.01657145798837        0.25279803772354       -1.19050260299969
H            0.23289648794134       -0.49889743850506        1.66563187225250
H            0.95564059349513       -1.59445102044118        0.47360235312006
H           -1.48469821974547       -1.88310013760517        0.61839960996987
H           -1.39895727329076       -0.69112447021772       -1.82543350083085
H           -2.81481297784908        1.23169614933715        1.53487794379749
