36
 energy: -49.431906403001 gnorm: 0.071749995665 xtb: 6.7.1 (edcfbbe)
C           -3.72646842759600       -1.00961835087100        1.93290011811900
C           -2.75550157351700        0.15025714256400        1.77677052583800
N           -2.33655623181700        0.32079722088100        0.38524392496200
C           -3.12944572070100        1.23147416633000       -0.44268993177000
C           -2.66940363944000        2.67424016655000       -0.29986918850400
C           -1.21401739675000       -0.37589923248900       -0.05189829377000
O           -0.59695498247900       -1.14897107206400        0.68309634246700
C           -0.79263534215800       -0.17810774065700       -1.50076558213800
C            0.55625225314900       -0.82968109540400       -1.79101519379700
C            1.67389654524900       -0.08947379705500       -1.09694193839500
O            1.64146094610800        1.09588737942900       -0.79435522749500
O            2.73580946049700       -0.92237116209700       -0.91451563654200
C            3.87054947485200       -0.36009400919400       -0.23098393504100
C            3.64024359145800       -0.41813867231500        1.27516884355200
C            5.08725654314600       -1.18991605658300       -0.62231857097500
H           -4.63021938409400       -0.85038027642600        1.33592951385500
H           -4.02339305538200       -1.11843363948300        2.98048341800400
H           -3.27287372349800       -1.95096200054500        1.60596967706400
H           -3.21459310669900        1.08020433729900        2.12923990392300
H           -1.87549463880800       -0.02968056399000        2.40455193794300
H           -3.06922184199400        0.93289937878600       -1.49275925144800
H           -4.18172630869200        1.14012753717000       -0.15090228662400
H           -2.77552614821500        3.02286705885000        0.73236128086800
H           -3.26725958813800        3.32819412393000       -0.94208702769000
H           -1.61748325752300        2.78699940124200       -0.58001720152200
H           -0.74991392273200        0.88963392554500       -1.73498877968700
H           -1.55168548413600       -0.64840984850100       -2.13592256396400
H            0.75984012487000       -0.80326800905200       -2.86686728558500
H            0.55355338686500       -1.87627724868100       -1.46610340852600
H            4.03850084249700        0.67469755632400       -0.55338290392200
H            4.50966581916400       -0.04266329736100        1.82347333930900
H            2.76904660880400        0.18035838582000        1.56077399722200
H            3.43524900065900       -1.44412902843600        1.60039777580200
H            4.94948941464200       -2.24282965806800       -0.35216423435200
H            5.23431457424900       -1.16083695221300       -1.70746139053000
H            5.99524518815800       -0.81849606923700       -0.13758143392800
36
 energy: -49.436722056337 gnorm: 0.021138497475 xtb: 6.7.1 (edcfbbe)
C           -3.72728447661187       -1.00979592093611        1.92582027000793
C           -2.74715959932888        0.14495720842884        1.76226968892918
N           -2.32443237974834        0.31529199252823        0.37900040488499
C           -3.11114092819085        1.22262837690186       -0.43994841753483
C           -2.66232567948080        2.67296047851718       -0.29731673376357
C           -1.21985547739099       -0.36913762943209       -0.04847725305865
O           -0.61352552659245       -1.12254581706120        0.69166548807568
C           -0.80612476785266       -0.17457921369399       -1.50097498375871
C            0.54766247748367       -0.82513829439845       -1.77816398115026
C            1.67344166624544       -0.09214535599500       -1.08606367449362
O            1.64779601174150        1.07417929432642       -0.78563842142548
O            2.72922201039185       -0.90504059035336       -0.90474396928962
C            3.87222074004560       -0.36647666143136       -0.22133761693805
C            3.63245915109064       -0.41591012440257        1.28173800965302
C            5.08195021702847       -1.19656166154057       -0.63315632768898
H           -4.62786192882386       -0.84904108477552        1.33240023193340
H           -4.01732392574951       -1.11249173263933        2.97058925270133
H           -3.26407696494486       -1.94110662344864        1.60397822720875
H           -3.20438953828768        1.07831766949075        2.10461475235546
H           -1.85727403005827       -0.04279103129403        2.37004083827486
H           -3.05473756714918        0.91731570937355       -1.48663422227718
H           -4.15800810107145        1.12980303617981       -0.13201023281238
H           -2.77079092399466        3.01577680539698        0.73089550979266
H           -3.26324731933889        3.31828170508368       -0.93728545002704
H           -1.61605280805412        2.78257355525934       -0.57783838672451
H           -0.74792247110365        0.88963723817387       -1.73370496663267
H           -1.56379439603316       -0.63804341889594       -2.14044413645059
H            0.75419252643774       -0.80316630785513       -2.85227049042526
H            0.55425616046489       -1.86514867885358       -1.44803224312815
H            4.01072666525295        0.67403720924572       -0.54133870834008
H            4.50345486723859       -0.03935530085219        1.81486026564940
H            2.76615001852875        0.18822723347253        1.55120612755867
H            3.43978681359459       -1.44285289185700        1.59241239368000
H            4.93886117206157       -2.23843823894575       -0.34806483312625
H            5.22797403563924       -1.15651240331393       -1.71271382343156
H            5.97717427655866       -0.81770853040499       -0.14456325550489
36
 energy: -49.437378217161 gnorm: 0.008144515904 xtb: 6.7.1 (edcfbbe)
C           -3.72147428792445       -1.00911109473967        1.91699105459412
C           -2.73617872474327        0.14428242199529        1.75421947055228
N           -2.31567382361754        0.31113681353344        0.37323115069009
C           -3.10348829948170        1.21479195413542       -0.43850051767166
C           -2.65258632579400        2.66782303890368       -0.29676067846423
C           -1.21864300932610       -0.36593964017114       -0.04655240931785
O           -0.60950513171775       -1.10825575664404        0.69793081384341
C           -0.80800606714020       -0.16997435023302       -1.50156391020250
C            0.54193764147204       -0.82946337156235       -1.77319910495524
C            1.66579335746966       -0.09255110900944       -1.07662450162500
O            1.64088111760748        1.06988382786922       -0.77214814389699
O            2.71447775745218       -0.89705986014087       -0.89704173468909
C            3.86303752959146       -0.36447834366020       -0.21795994220975
C            3.62918739174435       -0.41638269209584        1.28663391877299
C            5.06810725324768       -1.19629311428765       -0.63718394806583
H           -4.61921103432400       -0.84411004862724        1.32425809503943
H           -4.00888867343158       -1.10620199868164        2.96054658543679
H           -3.25601500703586       -1.93709603955606        1.59687499721251
H           -3.18788612492055        1.07974464847506        2.09421533257976
H           -1.84217330084301       -0.05520304523168        2.34999416719671
H           -3.05227988289575        0.91027543140391       -1.48450716190428
H           -4.14728797490576        1.12440802672451       -0.12073414003604
H           -2.76227161101524        3.00575093158768        0.73056373400738
H           -3.25610970723466        3.30800415066479       -0.93542745619631
H           -1.60837624318349        2.77545806687524       -0.57774222546210
H           -0.73793212039617        0.89337637193763       -1.73019653183179
H           -1.56578514107380       -0.62617165093294       -2.14403232034287
H            0.75350337403309       -0.81182736366860       -2.84570366099737
H            0.54777101779645       -1.86499197299758       -1.43469502091915
H            3.98878484005927        0.67943160283530       -0.53680470102484
H            4.50008087108394       -0.03588572040078        1.81275375139329
H            2.76478697100337        0.18891408865242        1.54713179526266
H            3.44169471401975       -1.44223933207463        1.59491144814832
H            4.92132022893403       -2.23333644483891       -0.34730218323052
H            5.20728742272498       -1.15170247828375       -1.71417525354962
H            5.96112100276321       -0.81500594775752       -0.15063143541367
36
 energy: -49.437533045741 gnorm: 0.003869459814 xtb: 6.7.1 (edcfbbe)
C           -3.71638947453098       -1.00809414438102        1.91257508041612
C           -2.72695974059826        0.14323236057384        1.75205466189680
N           -2.31044336547903        0.30885286118945        0.37003568632827
C           -3.10060034306293        1.21099388614642       -0.43809917256211
C           -2.64552350348490        2.66430553100920       -0.29732805747726
C           -1.21323447125493       -0.36348461410560       -0.04823469971209
O           -0.59665797837768       -1.10140061796447        0.69623408380318
C           -0.80781529144693       -0.16868826621404       -1.50564588799658
C            0.53894015594833       -0.83385181327908       -1.77366479641196
C            1.65922312155626       -0.09409920304778       -1.07164784489892
O            1.62924416622096        1.06874057431512       -0.76306867007238
O            2.70475103629171       -0.89572014032301       -0.89024124557924
C            3.85497593073765       -0.36180160991557       -0.21404529448467
C            3.62469191240760       -0.41430072836187        1.29186874453580
C            5.05706190881119       -1.19355980948469       -0.64022291643653
H           -4.61182194808481       -0.83961567984929        1.31793700289736
H           -4.00483928649481       -1.10440595245644        2.95546950255750
H           -3.25110895338899       -1.93546511498721        1.59164304671182
H           -3.17337906254779        1.07927122717857        2.09489189875373
H           -1.83185408949672       -0.06434740837746        2.34262057853375
H           -3.05465805930854        0.90802554453599       -1.48460542067983
H           -4.14269852341990        1.12356568880163       -0.11508960224203
H           -2.75335463500863        3.00064614819376        0.73041585736505
H           -3.24871405668553        3.30442709015263       -0.93550532095555
H           -1.60143745822582        2.76812233516152       -0.57912917831617
H           -0.72958512247105        0.89495793420815       -1.72941195233318
H           -1.56919273451725       -0.61774520014763       -2.14814301681826
H            0.75583725421549       -0.82155131997987       -2.84475050898470
H            0.54177690662381       -1.86635918089369       -1.42701862472188
H            3.97619381383472        0.68297325248248       -0.53220546194813
H            4.49598434023685       -0.03072688247688        1.81461871967234
H            2.75929967984830        0.18862083287986        1.55238804585599
H            3.44162756715891       -1.44043273126535        1.60006264125456
H            4.90847131708252       -2.22948056948300       -0.34918315038754
H            5.19001552787622       -1.14863703914036       -1.71749541721986
H            5.95217345903300       -0.81296724069625       -0.15730997762036
36
 energy: -49.437647269457 gnorm: 0.003719551089 xtb: 6.7.1 (edcfbbe)
C           -3.70956569315110       -1.00690660409019        1.90865312409809
C           -2.71348686093788        0.13988875575274        1.75144801285636
N           -2.30448085838479        0.30542526703158        0.36677769792613
C           -3.09741074259254        1.20776435849810       -0.43672195439625
C           -2.63455824657172        2.66007241064423       -0.29892164312630
C           -1.20528354951577       -0.36041958133376       -0.05379355621164
O           -0.57551712961616       -1.09115258011592        0.68899905274090
C           -0.80763331656161       -0.16767543289651       -1.51424785303537
C            0.53454563876516       -0.84044908025199       -1.77771924533557
C            1.64851044712126       -0.09785522320049       -1.06622125821509
O            1.60879119024426        1.06554439127726       -0.75419490791740
O            2.69249248597291       -0.89547111854874       -0.88070082955397
C            3.84302726981615       -0.35687398326315       -0.20737822265870
C            3.61833584258627       -0.41112821573406        1.29995233101257
C            5.04203312303528       -1.18765235206944       -0.64208293456352
H           -4.60197292597718       -0.83263255428843        1.31101615856689
H           -4.00109718442755       -1.10405080486177        2.95052881946160
H           -3.24723331768785       -1.93524786455329        1.58579316076321
H           -3.15060838205953        1.07708284167920        2.10141144847885
H           -1.81674895355950       -0.07854208084117        2.33519415562056
H           -3.05995835723152        0.90588074582809       -1.48400949382678
H           -4.13732032367221        1.12496706339020       -0.10667863124102
H           -2.73803735132399        2.99668576365040        0.72928605682267
H           -3.23559403267358        3.30251395684796       -0.93656569113074
H           -1.59016583781272        2.75689610213753       -0.58262235805900
H           -0.71937606269161        0.89656538442132       -1.73200761094206
H           -1.57473411445260       -0.60672073604330       -2.15598056245507
H            0.76003518162976       -0.83691787056756       -2.84657554189852
H            0.53220028004532       -1.86931008279392       -1.42013965472069
H            3.95937795771002        0.68851398172784       -0.52450138871640
H            4.48922105109417       -0.02176153731533        1.81953586967653
H            2.74982073139585        0.18642646655424        1.56279374338227
H            3.44218969709461       -1.43813628907103        1.60946409282693
H            4.89314632342877       -2.22384332970127       -0.35173148769265
H            5.16482512554832       -1.14228106233905       -1.72075334317905
H            5.94223089541144       -0.80919910556219       -0.16653622263473
36
 energy: -49.437686654165 gnorm: 0.003165698670 xtb: 6.7.1 (edcfbbe)
C           -3.70642933413377       -1.00666908881222        1.90818236562201
C           -2.70580542472756        0.13598705522010        1.75202283079281
N           -2.30175707909954        0.30336898605894        0.36585332550372
C           -3.09555665800010        1.20767543439482       -0.43490483422937
C           -2.62675365596552        2.65821840891562       -0.30009690610396
C           -1.20063654882382       -0.35812306991896       -0.05820746128818
O           -0.56418662916402       -1.08497533224751        0.68286720706168
C           -0.80841811995859       -0.16771829757809       -1.52051837156509
C            0.53159188422002       -0.84414104078553       -1.78196493589096
C            1.64246254936818       -0.10052361699719       -1.06597521507101
O            1.59722350427012        1.06262783539873       -0.75316967235239
O            2.68691215955415       -0.89626236132231       -0.87616241026435
C            3.83594502439952       -0.35429330471958       -0.20261581638628
C            3.61375486132784       -0.40962853278523        1.30488157173900
C            5.03484882455884       -1.18264187039923       -0.64146135846549
H           -4.59766492432840       -0.82820262589918        1.30971680632940
H           -3.99972199280926       -1.10459653076836        2.94963650335714
H           -3.24809103775733       -1.93691356892117        1.58414850498068
H           -3.13646813085451        1.07423652788966        2.10756789660459
H           -1.80768256710589       -0.08821378003566        2.33151664638559
H           -3.06356036362826        0.90496792843239       -1.48231707531639
H           -4.13432251895310        1.12826213709619       -0.10059592117414
H           -2.72678542221635        2.99698980129959        0.72793000466340
H           -3.22571950726062        3.30288715470655       -0.93769341511172
H           -1.58219829650285        2.75004474601057       -0.58563260146146
H           -0.71607441037481        0.89647273053110       -1.73733789029566
H           -1.57852750135973       -0.60245429207180       -2.16114925715095
H            0.76116750422172       -0.84505187630084       -2.84961837151022
H            0.52614112070241       -1.87183890542708       -1.42060854106860
H            3.94964250506681        0.69136830504415       -0.51897974513773
H            4.48342029247961       -0.01564320698085        1.82344751778619
H            2.74230022138362        0.18333425002816        1.56989021929990
H            3.44303512995920       -1.43746858154817        1.61553799809990
H            4.88796169624808       -2.21971868467402       -0.35211246286195
H            5.15234204073757       -1.13669894232177       -1.72106492527589
H            5.93761080452450       -0.80466379051367       -0.17024287752113
36
 energy: -49.437718488212 gnorm: 0.001564722252 xtb: 6.7.1 (edcfbbe)
C           -3.70443933969477       -1.00649684258654        1.90913858022344
C           -2.69852823635026        0.13073287277265        1.75292346856822
N           -2.29986297218637        0.30075012279563        0.36545949121424
C           -3.09351366201395        1.20885107682836       -0.43213762730884
C           -2.61707981517647        2.65664554867940       -0.30142725160097
C           -1.19710205076301       -0.35670098034277       -0.06321734678698
O           -0.55444561353977       -1.07890381296415        0.67660790641426
C           -0.81027501157362       -0.16847533351245       -1.52710166846185
C            0.52853846133152       -0.84702569541226       -1.78769443234732
C            1.63661989820025       -0.10329308020142       -1.06739807288641
O            1.58799191807458        1.05958154247592       -0.75576352369455
O            2.68223975836753       -0.89766568659922       -0.87283921540716
C            3.82869907963261       -0.35222949482787       -0.19778565680207
C            3.60800638251617       -0.40947241387698        1.30936959504073
C            5.02960164063259       -1.17609438899749       -0.63932407347035
H           -4.59530228804540       -0.82309969749116        1.31132168046560
H           -3.99830346147691       -1.10462400278833        2.95059476873253
H           -3.25206033819230       -1.93961802346278        1.58397981638077
H           -3.12192463077266        1.07038063124673        2.11465870202074
H           -1.79865619192803       -0.09948134729687        2.32758206383404
H           -3.06797942457195        0.90404677817148       -1.47930889588409
H           -4.13103795342100        1.13418187658250       -0.09270353232903
H           -2.71289137919199        2.99890332180852        0.72602899601578
H           -3.21354830278702        3.30392842960979       -0.93910462320622
H           -1.57253317800907        2.74258182853902       -0.58945754764058
H           -0.71639827792858        0.89529186782798       -1.74566985294730
H           -1.58248749867753       -0.60164702977635       -2.16588578222526
H            0.76094557348176       -0.85002419426065       -2.85447210305002
H            0.52059967067269       -1.87465543543632       -1.42586658014917
H            3.93918318072515        0.69404593988391       -0.51288745170636
H            4.47535238393279       -0.00941426924709        1.82752159417483
H            2.73258953044750        0.17743727965123        1.57633784162337
H            3.44442648812996       -1.43842390927436        1.62106795919366
H            4.88697312744423       -2.21435943490303       -0.35094382609761
H            5.14331195748195       -1.12913994666885       -1.71955533638911
H            5.93329057522761       -0.79651409694796       -0.17127873078785
36
 energy: -49.437753744779 gnorm: 0.002646970243 xtb: 6.7.1 (edcfbbe)
C           -3.70346124936295       -1.00585379133254        1.91191480263670
C           -2.68933001875979        0.12286202533292        1.75413115586116
N           -2.29751691559306        0.29644575329418        0.36540929464419
C           -3.09001293185251        1.21098590872827       -0.42738689691987
C           -2.60089857610863        2.65421219673971       -0.30317109317678
C           -1.19260646499190       -0.35536567650113       -0.06908803010813
O           -0.54310012804468       -1.07209099112958        0.66921610720176
C           -0.81433596130683       -0.17110725384548       -1.53530207561230
C            0.52459999667782       -0.84941088589897       -1.79729384934895
C            1.62990878034303       -0.10611783844179       -1.07286171424540
O            1.57950390379576        1.05640464898919       -0.76294050785503
O            2.67643010945301       -0.89983239487295       -0.87077385684288
C            3.81832686852768       -0.35024260722724       -0.19189678275572
C            3.59761024222833       -0.41145587358645        1.31444052078072
C            5.02488659575824       -1.16536741991825       -0.63464359660617
H           -4.59482583982488       -0.81481811097780        1.31703193375415
H           -3.99576459379285       -1.10308171842692        2.95407545369585
H           -3.26096662558092       -1.94340459014675        1.58496300272272
H           -3.10241805851325        1.06462876609679        2.12375324482531
H           -1.78719444810895       -0.11626499677167        2.32187486837690
H           -3.07486236472460        0.90254989116384       -1.47391765073661
H           -4.12549814632290        1.14486313434515       -0.07958123181314
H           -2.69007996943968        3.00176718481607        0.72325908872885
H           -3.19381423451861        3.30512339959817       -0.94090006594836
H           -1.55664688733517        2.73101958509149       -0.59523050180734
H           -0.72224184774663        0.89170125227678       -1.75933754377763
H           -1.58873974187251       -0.60661565929217       -2.16974698792319
H            0.75821040323015       -0.85001964528349       -2.86363304223477
H            0.51577525962818       -1.87847011961157       -1.43938989237079
H            3.92360612210048        0.69742673145189       -0.50438638040057
H            4.46017855783808       -0.00144502984547        1.83309561590249
H            2.71540002140363        0.16522062377668        1.58265156666054
H            3.44597129907755       -1.44233731758609        1.62643289673900
H            4.89059039055363       -2.20515801861777       -0.34688837843873
H            5.13663564599208       -1.11685219889896       -1.71506462864712
H            5.92668080719192       -0.77989896348976       -0.16804551223773
36
 energy: -49.437783453162 gnorm: 0.002879465369 xtb: 6.7.1 (edcfbbe)
C           -3.70395593025149       -1.00457495961152        1.91406397394893
C           -2.68445052737176        0.11904077928681        1.75478625036874
N           -2.29590217735388        0.29316530777286        0.36544584507051
C           -3.08722718376323        1.21152779803937       -0.42435850804565
C           -2.58981812372760        2.65212895535791       -0.30393791935376
C           -1.19056683380124       -0.35635036330843       -0.07143432951767
O           -0.53727300211857       -1.07022924721687        0.66623195352828
C           -0.81725432352837       -0.17391695877567       -1.53889619591075
C            0.52294417413212       -0.84945358006528       -1.80370007356371
C            1.62663004865407       -0.10677021674170       -1.07669532171871
O            1.57707486816128        1.05618515557995       -0.76868347743504
O            2.67293673394095       -0.90048088535767       -0.87109786153208
C            3.81219880159470       -0.34916384334590       -0.18956012167311
C            3.58964159107260       -0.41402467030428        1.31631059491891
C            5.02330996591703       -1.15833838893040       -0.63132191407881
H           -4.59604136030137       -0.80857704407002        1.32193840353071
H           -3.99376705391354       -1.10077753966252        2.95701249111481
H           -3.26755124170894       -1.94436235672739        1.58548358686837
H           -3.09165770795953        1.06212642887498        2.12767285378930
H           -1.78164961761784       -0.12589564296770        2.31892513923690
H           -3.07910169295127        0.90142879782526       -1.47051594603431
H           -4.12117400495787        1.15147738773605       -0.07101594058186
H           -2.67471901561138        3.00201219968326        0.72203456371735
H           -3.18079361060113        3.30511660142187       -0.94136591712860
H           -1.54590943881645        2.72308857924631       -0.59848362075258
H           -0.72894819705783        0.88833468289887       -1.76692934199111
H           -1.59242864137752       -0.61368136503255       -2.16964599290960
H            0.75580473090096       -0.84474161603412       -2.87032917478118
H            0.51590968472763       -1.88008759647689       -1.45046996753622
H            3.91414738353064        0.69964286895719       -0.49973296646932
H            4.44838823892589        0.00204838159982        1.83638822886388
H            2.70280275660658        0.15570255310493        1.58383191802857
H            3.44555964148473       -1.44627304361805        1.62702238872102
H            4.89450904040523       -2.19870319737577       -0.34343016489410
H            5.13624782727605       -1.10906173567401       -1.71143767849410
H            5.92208419745868       -0.76756222609033       -0.16333642458086
36
 energy: -49.437847525470 gnorm: 0.002686498251 xtb: 6.7.1 (edcfbbe)
C           -3.70588796964439       -1.00011209136375        1.91974162803252
C           -2.67252343082941        0.11088381347859        1.75683796226997
N           -2.29065338344188        0.28476433254353        0.36600455660521
C           -3.07930333603502        1.21139733186723       -0.41686650952091
C           -2.56159163366317        2.64595079206634       -0.30534312737980
C           -1.18446688221828       -0.35964961476418       -0.07549587193453
O           -0.52326011796834       -1.06901548097521        0.65950704703518
C           -0.82451838887952       -0.18246499610836       -1.54658807709028
C            0.51965952334644       -0.84838083658130       -1.82039810417243
C            1.62010912533859       -0.10638997326152       -1.08898177825075
O            1.57178603825930        1.05765076775411       -0.78412390009552
O            2.66457529032259       -0.90053894512073       -0.87372091100227
C            3.79720300553774       -0.34590071646417       -0.18442651492101
C            3.56793828259684       -0.42096930130041        1.32024758645536
C            5.01952148492465       -1.14080622268201       -0.62256717937148
H           -4.59983280274228       -0.79095923762682        1.33497114606385
H           -3.98881648116947       -1.09431852487426        2.96470682041260
H           -3.28457631799478       -1.94487103184217        1.58596610504628
H           -3.06544478401291        1.05746392089791        2.13607465178991
H           -1.76913690109684       -0.14845332473165        2.31334108781086
H           -3.08852751553197        0.89810724911171       -1.46221525118830
H           -4.10925957854107        1.16625297045870       -0.05013685330758
H           -2.63574838821562        3.00053849540565        0.71979927074769
H           -3.14802267987095        3.30399266303817       -0.94165742155818
H           -1.51861904755641        2.70241809145977       -0.60606452266466
H           -0.74770654453666        0.87849736959368       -1.78434787841301
H           -1.60171041739126       -0.63444107531651       -2.16697244357804
H            0.74886248690371       -0.82733243149973       -2.88808239623578
H            0.51987556536909       -1.88341504592404       -1.48040980505011
H            3.89183392106084        0.70563635633046       -0.48821084767543
H            4.41624031578126        0.00944479026742        1.84576562651561
H            2.66913301957001        0.13108692944296        1.58457767059159
H            3.44196316543953       -1.45689076452078        1.62600250324390
H            4.90361382341570       -2.18244743008987       -0.33457920700407
H            5.13709344489734       -1.08967130155125       -1.70181347396807
H            5.91019810857505       -0.73705752711903       -0.14977225551512
36
 energy: -49.437893727842 gnorm: 0.002231367277 xtb: 6.7.1 (edcfbbe)
C           -3.70706994845452       -0.99366987555442        1.92568673756500
C           -2.65796762415449        0.10305708000528        1.75948355477943
N           -2.28330804843015        0.27519189506159        0.36653524260357
C           -3.06938082510365        1.20983541939192       -0.40903330684553
C           -2.53099741949747        2.63827890654875       -0.30643226495898
C           -1.17773203511449       -0.36577517448738       -0.08038476502551
O           -0.50718553932722       -1.07047502399251        0.65117446214391
C           -0.83162068219782       -0.19265972664821       -1.55532712659364
C            0.51655355030748       -0.84741022738068       -1.83886546499620
C            1.61212685015635       -0.10520608157101       -1.10068456709056
O            1.56290288737345        1.06043354695410       -0.80050606533437
O            2.65489085829449       -0.89839463684065       -0.87634670403941
C            3.78066268996917       -0.34058299956957       -0.17842957007517
C            3.54304723090220       -0.42818486640328        1.32476269574108
C            5.01337312558812       -1.12136447076585       -0.61360607404580
H           -4.60244254505485       -0.76909996974174        1.34862988136653
H           -3.98300995908662       -1.08701354856230        2.97250879314136
H           -3.30231433052808       -1.94332905172309        1.58512886642865
H           -3.03461774089937        1.05383923659261        2.14501856752880
H           -1.75460215030671       -0.17236633980750        2.30835934835815
H           -3.09666782195478        0.89429064266450       -1.45361635389249
H           -4.09489287980890        1.17972346353090       -0.02877477694734
H           -2.59355033311582        2.99675496556697        0.71814197669862
H           -3.11264006704084        3.30193768849208       -0.94113539142750
H           -1.48912622639755        2.67939734525550       -0.61364771759730
H           -0.76708998361807        0.86718837020746       -1.80128865556276
H           -1.61076907540399       -0.65648859370049       -2.16497890798790
H            0.74256761019443       -0.80970464732463       -2.90724592178362
H            0.52529809355591       -1.88652304515211       -1.51188714900569
H            3.86810019263803        0.71387227255322       -0.47440734658318
H            4.37955331646058        0.01599344580713        1.85782331808665
H            2.63167706029730        0.10494722171535        1.58535801293298
H            3.43507763919664       -1.46804301985603        1.62392268536771
H            4.90926276046044       -2.16446139654195       -0.32693940747932
H            5.13525523919606       -1.06733477354432       -1.69214912532346
H            5.89663613090336       -0.70665403118105       -0.13607814742347
36
 energy: -49.437926874048 gnorm: 0.001674869141 xtb: 6.7.1 (edcfbbe)
C           -3.70695308507568       -0.98734882789348        1.93024108225838
C           -2.64611183552235        0.09814759476211        1.76166372275742
N           -2.27601723168673        0.26838054338567        0.36716682407792
C           -3.06043795591658        1.20781908522528       -0.40366577897818
C           -2.50910307109122        2.63201960974316       -0.30637347370805
C           -1.17224447005523       -0.37208771005163       -0.08398858850037
O           -0.49662929281968       -1.07578990465884        0.64384569930133
C           -0.83626083231885       -0.20166909526070       -1.56183685954813
C            0.51481798304278       -0.84703284485975       -1.85267972866208
C            1.60673265146379       -0.10283141113153       -1.11073552509907
O            1.55388599558231        1.06355662558294       -0.81251324863254
O            2.64815998786858       -0.89442110638949       -0.87943082864278
C            3.76846827025051       -0.33514915474193       -0.17356192501860
C            3.52325154283214       -0.43345522367394        1.32804632137197
C            5.00737838665610       -1.10659372331751       -0.60706046033933
H           -4.60286846957467       -0.75053621341533        1.35901167912066
H           -3.97792369580398       -1.08114009539385        2.97822073655422
H           -3.31480649083839       -1.94007501620511        1.58383193986391
H           -3.01049949035318        1.05209703557267        2.15077410855050
H           -1.74369719099630       -0.18865279254657        2.30591295331337
H           -3.09907447028592        0.89191094101666       -1.44760296593268
H           -4.08268884265370        1.18689651905752       -0.01536650838571
H           -2.56373004456782        2.99205924644084        0.71798677247744
H           -3.08757884609394        3.29957976795172       -0.93962137597631
H           -1.46830092369082        2.66317533522290       -0.61785461351152
H           -0.78084153625620        0.85749125788208       -1.81197724760978
H           -1.61649524204779       -0.67322540913044       -2.16404287348447
H            0.73806923239395       -0.79805963131738       -2.92117675036509
H            0.53115685868626       -1.88854565259829       -1.53427434321014
H            3.85170314839701        0.72136622104503       -0.46288885736403
H            4.35059510129617        0.01812973480261        1.86869674872938
H            2.60373799954837        0.08666419387824        1.58527776163471
H            3.42607510928272       -1.47587060992390        1.62096411118339
H            4.90968371973250       -2.15095351676521       -0.32340380169681
H            5.13245231739319       -1.04889609851254       -1.68512149798723
H            5.88609471322136       -0.68695967378329       -0.12569387581846
36
 energy: -49.437974597544 gnorm: 0.001897591625 xtb: 6.7.1 (edcfbbe)
C           -3.70473346557119       -0.97568245298027        1.93661912655119
C           -2.62679167982340        0.09241942838578        1.76485428599671
N           -2.26320937569086        0.25906873058190        0.36790175138179
C           -3.04586264763026        1.20425208564547       -0.39699668511232
C           -2.47984277244375        2.62298611824250       -0.30449759162618
C           -1.16547624596360       -0.38600899101752       -0.09081363565353
O           -0.48499445319668       -1.09136834222660        0.63084781483375
C           -0.84191966892544       -0.21660007564298       -1.57208707496265
C            0.51326774082705       -0.84762416527137       -1.87188706886231
C            1.59855194987283       -0.09811240874157       -1.12394442698604
O            1.53686745064282        1.06911227996844       -0.82871490676761
O            2.63943851118348       -0.88522974461198       -0.88466185243380
C            3.75146322316740       -0.32480348442094       -0.16577405959900
C            3.49328163631219       -0.44064849464701        1.33259274211914
C            4.99704952246891       -1.08470932360140       -0.59819478859904
H           -4.60118647871999       -0.71984451823888        1.37465156684416
H           -3.96841407431831       -1.07171218488505        2.98617332770577
H           -3.33199084276007       -1.93250959127678        1.58049200221571
H           -2.97258137707675        1.05137706580433        2.15820074811844
H           -1.72623993787975       -0.21044613646411        2.30309079641503
H           -3.09713921064616        0.88909168167034       -1.44014992945070
H           -4.06407436904448        1.19315937788272        0.00007274204732
H           -2.52438288521543        2.98357340765323        0.71998729826394
H           -3.05483844411105        3.29596876649157       -0.93485439905347
H           -1.44074718428862        2.64280243257013       -0.62160943880229
H           -0.79888335825440        0.84209885853040       -1.82477342358939
H           -1.62234337353351       -0.69725763034832       -2.16585148936344
H            0.73337329608301       -0.78615706185467       -2.93992589079806
H            0.54124411713073       -1.89124318734247       -1.56256006257679
H            3.82974311578410        0.73480023462839       -0.44404839824014
H            4.30783077882602        0.01716849051626        1.88657454999751
H            2.56376389041885        0.06297484796359        1.58460487052402
H            3.40769561096443       -1.48683571333539        1.61435649902074
H            4.90432403259377       -2.13167957813621       -0.32301083410708
H            5.12655825357481       -1.01857648082762       -1.67556902684842
H            5.87119871524217       -0.66380424066507       -0.11032580587964
36
 energy: -49.438013502271 gnorm: 0.001894652022 xtb: 6.7.1 (edcfbbe)
C           -3.70112595687532       -0.96522583331958        1.94244336512371
C           -2.60900672376255        0.08737133648058        1.76679329558336
N           -2.25187295220297        0.25244824058141        0.36792294075484
C           -3.03385098750500        1.20263978888401       -0.39206505836138
C           -2.45780260362699        2.61738816101223       -0.30168891101307
C           -1.16121814445226       -0.39944817635475       -0.09868501235349
O           -0.48070059543082       -1.11030364762582        0.61726041288027
C           -0.84662587242006       -0.22979630951453       -1.58221476222810
C            0.51215182297773       -0.84983927959240       -1.88717459822245
C            1.59167504866487       -0.09440967905632       -1.13569522266204
O            1.52093660153579        1.07226866206728       -0.84006181840701
O            2.63360148746935       -0.87702825024451       -0.88997866394647
C            3.73746604960316       -0.31557656276323       -0.15870082949471
C            3.46811223245725       -0.44654937860678        1.33628426160464
C            4.98898818123047       -1.06580915329572       -0.59045617532729
H           -4.59874578349609       -0.69300918720281        1.38985787638500
H           -3.95750589932987       -1.06338392885146        2.99375606602638
H           -3.34608087525079       -1.92581868131476        1.57770233329625
H           -2.93840899895778        1.05060060988822        2.16455131221365
H           -1.70909897922709       -0.22889985966984        2.29886727510443
H           -3.09334569507202        0.88769196705699       -1.43499298931310
H           -4.04989086180138        1.19752053385705        0.01125328176615
H           -2.49486792998598        2.97795853949232        0.72323211612771
H           -3.03118727373899        3.29493647030343       -0.92876534968744
H           -1.41991761649026        2.63027716065803       -0.62373686703033
H           -0.81238177561836        0.82889266142624       -1.83615890911353
H           -1.62650866014986       -0.71703607514063       -2.17122641202307
H            0.73054102945591       -0.78153326807339       -2.95493224769895
H            0.54902519810113       -1.89455006977143       -1.58241959047484
H            3.81158640462432        0.74681731665179       -0.42729398833457
H            4.27326132956393        0.01430639468153        1.90181459249342
H            2.53109555941150        0.04546808886286        1.58439162030870
H            3.39008879559053       -1.49627950780572        1.60817030469492
H            4.89847217979073       -2.11607688341097       -0.32594546045792
H            5.12348707440087       -0.98947895394226       -1.66677378707733
H            5.85965519051596       -0.64653324634811       -0.09456506841295
36
 energy: -49.438058330023 gnorm: 0.002004617363 xtb: 6.7.1 (edcfbbe)
C           -3.69461864019889       -0.95290787313595        1.94981474672368
C           -2.58879213618774        0.08291930663430        1.76743352016063
N           -2.23963267298858        0.24657784700230        0.36648819586951
C           -3.02054465996811        1.20245539421255       -0.38817748929295
C           -2.43854049543430        2.61395085600177       -0.29671022455699
C           -1.16076997874492       -0.41803854819099       -0.11026913748689
O           -0.48455254265074       -1.13942829205875        0.59926702727560
C           -0.85127247801280       -0.24460767609784       -1.59436315584935
C            0.51154961170539       -0.85394721011039       -1.90176989660615
C            1.58328850817859       -0.09170220199665       -1.14512504030188
O            1.50265958243751        1.07384444646491       -0.84843234846037
O            2.62905484933907       -0.86766956527989       -0.89700587621039
C            3.72334824751935       -0.30525970304341       -0.15201714428421
C            3.44158781280786       -0.45316650685498        1.33868251035008
C            4.98148903711890       -1.04504551014961       -0.58207940945605
H           -4.59391034253796       -0.66397579933782        1.40907735771770
H           -3.94115266134384       -1.05343401289462        3.00337499222272
H           -3.35895251856037       -1.91672206435359        1.57598225848132
H           -2.90055502565147        1.05003157103735        2.16990182473843
H           -1.68951466645797       -0.24697372266418        2.29209620821027
H           -3.08469373272031        0.88962712511908       -1.43124685669215
H           -4.03525271537098        1.19981472961561        0.01816959919700
H           -2.46969051165933        2.97197777932168        0.72922496966758
H           -3.01163603737849        3.29595289627590       -0.91936902804866
H           -1.40204136380795        2.62351665045970       -0.62301474207857
H           -0.82534250894443        0.81428985869264       -1.84775357673046
H           -1.62851168717848       -0.73755006531563       -2.18180906231935
H            0.72986109461332       -0.78277025385171       -2.96913088096701
H            0.55631395662581       -1.89860666420332       -1.59833944585777
H            3.79321185136784        0.76002066012073       -0.40986554419982
H            4.23867842933004        0.00501703956473        1.91705142974043
H            2.50041153041337        0.03145448871402        1.58338948294416
H            3.36567615840794       -1.50548798095919        1.59960660191663
H            4.89059636530588       -2.09941884720814       -0.33342219007579
H            5.12497405919422       -0.95328725794060       -1.65620128079916
H            5.84727628143174       -0.63145089359092       -0.07268906221834
36
 energy: -49.438092010118 gnorm: 0.001821566170 xtb: 6.7.1 (edcfbbe)
C           -3.68892629875772       -0.94310262711635        1.95625791840477
C           -2.57088944149259        0.07852694904450        1.76727598778017
N           -2.23038436172665        0.24146327870441        0.36421397648707
C           -3.01043880719695        1.20296113897274       -0.38468901216036
C           -2.42119399779802        2.61150652317406       -0.29233043549424
C           -1.16103852264788       -0.43231251750895       -0.12109326235348
O           -0.48879215825549       -1.16331186985968        0.58273155831412
C           -0.85606682106653       -0.25653303640643       -1.60585084944940
C            0.51021726013167       -0.85818650072923       -1.91407339591836
C            1.57592236689499       -0.09105056977898       -1.15387459728849
O            1.48673800039403        1.07270547919030       -0.85252263694669
O            2.62506127599749       -0.86176994938745       -0.90285915313226
C            3.71056719688333       -0.29753788825056       -0.14643795118730
C            3.41922758349942       -0.45872797774442        1.34097494370786
C            4.97602785153796       -1.02657106522621       -0.57415782759842
H           -4.59037624318557       -0.63950230846943        1.42657498270230
H           -3.92568774860751       -1.04459688743097        3.01207350081566
H           -3.37071141345000       -1.91037514729433        1.57494683787932
H           -2.86644426083401        1.04906811542081        2.17499579841736
H           -1.67116527799740       -0.26457429136041        2.28354543565708
H           -3.08047345022894        0.89196609171439       -1.42828140927631
H           -4.02388388041953        1.20402649301365        0.02620701353218
H           -2.44641977101825        2.96805198926175        0.73447255267582
H           -2.99398234800402        3.29752199234789       -0.91101546792003
H           -1.38576666867900        2.61700977258014       -0.62321309693553
H           -0.83614295009052        0.80233214426125       -1.85978076979145
H           -1.63155662120028       -0.75416269110108       -2.19200318134272
H            0.72912624212382       -0.78438636492906       -2.98113758619391
H            0.56036434172000       -1.90309627569216       -1.61190321590081
H            3.77527947709462        0.77021153354191       -0.39572067095148
H            4.21015720321233       -0.00085121559538        1.92870186738912
H            2.47317145016336        0.01892404237654        1.58327553222509
H            3.34717753472136       -1.51420505847666        1.59238867462738
H            4.88679757976517       -2.08442397113744       -0.33924267169985
H            5.12878856821962       -0.92107351381781       -1.64580313422598
H            5.83571711029704       -0.61592381629217       -0.05187692212468
36
 energy: -49.438136669996 gnorm: 0.002422062990 xtb: 6.7.1 (edcfbbe)
C           -3.67472422161986       -0.92327262908714        1.97165306857748
C           -2.53450747508930        0.07024403339701        1.76508356461959
N           -2.21269132783661        0.23135031014493        0.35761002104537
C           -2.99000550453597        1.20537472248092       -0.37837777398868
C           -2.38687778074563        2.60806433223104       -0.28227490342837
C           -1.16448336729146       -0.46243342579803       -0.14524200743286
O           -0.50413924093419       -1.21708875116897        0.54584124513851
C           -0.86626095950509       -0.28072466314432       -1.63069362641844
C            0.50707371323423       -0.86786232223654       -1.93868282667867
C            1.55950634243177       -0.09238524141323       -1.16910594818192
O            1.45297115618579        1.06689319625144       -0.85575543340869
O            2.61754033557733       -0.85128282663909       -0.91648614395373
C            3.68407027910119       -0.28264361216991       -0.13673079302791
C            3.37348219171550       -0.47106924287685        1.34383785527504
C            4.96637963414017       -0.98761371110759       -0.55656194322503
H           -4.58007139605878       -0.59297350773738        1.46487252463789
H           -3.89013777674583       -1.02582161147653        3.03213892664963
H           -3.39024040929148       -1.89584413456003        1.57694922180817
H           -2.79827542738802        1.04623427932098        2.18202931507295
H           -1.63452808223938       -0.29758484211457        2.26367045963519
H           -3.07099201650432        0.90041537948725       -1.42336883372926
H           -4.00087714653118        1.21308282166743        0.04064303357333
H           -2.40082719261470        2.95955263300422        0.74666763549524
H           -2.95889588399766        3.30284408100054       -0.89219171604889
H           -1.35371543017924        2.60611095384635       -0.62158087685997
H           -0.85749437252924        0.77812978040671       -1.88497699717220
H           -1.63719047877418       -0.78717469489274       -2.21609739490287
H            0.72904306370566       -0.78925833439496       -3.00491312842791
H            0.56622616432469       -1.91319725289282       -1.63871331176677
H            3.73731987280920        0.78984145139633       -0.36879568475802
H            4.15342193305422       -0.01771607339287        1.95021612600864
H            2.42061096814444       -0.00379929949445        1.58161914739896
H            3.30506785833421       -1.53153954493734        1.57618165200441
H            4.88156576867131       -2.05270920146404       -0.35233921607768
H            5.14211399612174       -0.85127504716274       -1.62169388728467
H            5.81054221286030       -0.58286800447364       -0.00366201744420
36
 energy: -49.438153701359 gnorm: 0.001334154416 xtb: 6.7.1 (edcfbbe)
C           -3.66968237708833       -0.91968726667620        1.97572416460493
C           -2.52628046889347        0.06852710563394        1.76369845575577
N           -2.21017457276314        0.22850394152625        0.35481605046398
C           -2.98582722299188        1.20644583092896       -0.37726267114735
C           -2.37838159826099        2.60738683517665       -0.28010194985263
C           -1.16733996791544       -0.46940792590108       -0.15187639900950
O           -0.50923212067638       -1.22810808487751        0.53670854258842
C           -0.86900953645862       -0.28529216779815       -1.63702871448081
C            0.50566988479932       -0.87005787813602       -1.94391830788097
C            1.55471711667395       -0.09440509999224       -1.17032667490079
O            1.44419541053071        1.06325447110866       -0.85257436923840
O            2.61539923652760       -0.85017916212747       -0.91931737892029
C            3.67740195335833       -0.28003591360786       -0.13509960032313
C            3.36327777786889       -0.47374988538312        1.34386199543122
C            4.96404621008898       -0.97840861038001       -0.55180723336767
H           -4.57541077403646       -0.58504825493273        1.47372195607141
H           -3.88008322270533       -1.02155959134623        3.03701578703503
H           -3.39176881051684       -1.89298762057781        1.57982051080253
H           -2.78308978573384        1.04525231779010        2.18213042964252
H           -1.62622091970986       -0.30445968747012        2.25754738736866
H           -3.07023326128182        0.90382859219600       -1.42263003979060
H           -3.99565054996636        1.21643755088445        0.04410090135812
H           -2.38982431210868        2.95725140935582        0.74932444032274
H           -2.94931173388521        3.30461830724850       -0.88809441957441
H           -1.34578459547958        2.60277468614400       -0.62089438349885
H           -0.86200259622628        0.77355004152904       -1.89094467626535
H           -1.63852257107019       -0.79297353705684       -2.22307090907519
H            0.72970542285995       -0.78984870764880       -3.00960967954802
H            0.56533422379692       -1.91566196802861       -1.64515590255771
H            3.72696980407556        0.79306970919797       -0.36408646150666
H            4.14156204342929       -0.02232439320558        1.95328399039357
H            2.40974818592850       -0.00768655656604        1.58089696266745
H            3.29502223804884       -1.53482665752992        1.57235473439448
H            4.88219175017231       -2.04433848163930       -0.35380293968341
H            5.14528420709888       -0.83562815101737       -1.61443112798124
H            5.80330553251035       -0.57422519682191        0.00779686242578
36
 energy: -49.438175004539 gnorm: 0.001378174156 xtb: 6.7.1 (edcfbbe)
C           -3.65660136864727       -0.90786058951086        1.98979452492069
C           -2.49931010106616        0.06098821320284        1.76043717634012
N           -2.20193143688322        0.21756418412346        0.34689221331918
C           -2.97142659223303        1.20957379605993       -0.37191229234249
C           -2.34539431962449        2.60281701978065       -0.27448241385719
C           -1.17330190324122       -0.49049297828744       -0.17211636625968
O           -0.51973396570532       -1.26123237358851        0.50733004166176
C           -0.87915920084340       -0.30124460431571       -1.65783338013159
C            0.50063658972977       -0.87595921728611       -1.96379594000753
C            1.53856478364059       -0.10082338373659       -1.17549004824985
O            1.41566399158216        1.05227801522170       -0.84529847146025
O            2.60760868854949       -0.84694879145180       -0.92931643080985
C            3.65445650656737       -0.27158057110940       -0.12923818642163
C            3.32771600008690       -0.48341127379934        1.34485587887548
C            4.95654904282673       -0.94658248990284       -0.53629533036595
H           -4.56525638288892       -0.55528801843260        1.50478898183402
H           -3.84921227692599       -1.00730565801412        3.05466458903979
H           -3.40332068357272       -1.88566798357466        1.58740524957990
H           -2.73142561322743        1.04146757333058        2.18431977933605
H           -1.59838626199772       -0.32996711201318        2.23831495013155
H           -3.07040947054398        0.91350546601759       -1.41774101281281
H           -3.97662946159891        1.23065520976059        0.05914393451807
H           -2.34682680040693        2.94944312255457        0.75590672488143
H           -2.91060264879965        3.30881807830108       -0.87743929844234
H           -1.31479360833802        2.58541809338691       -0.62042454086173
H           -0.88066876172005        0.75737894682416       -1.91230007662754
H           -1.64518305887766       -0.81530050756785       -2.24292593059897
H            0.73020519206746       -0.78521236445667       -3.02769643976706
H            0.56395557435828       -1.92396390668904       -1.67379019412528
H            3.69174277830185        0.80422734395660       -0.34705681234503
H            4.09784032884138       -0.03398096562763        1.96572852431853
H            2.36964467259830       -0.02547757068611        1.57892987990621
H            3.26386397393223       -1.54686183496129        1.56095064929002
H            4.88717640371124       -2.01597695484406       -0.35656913707638
H            5.15517219044359       -0.78339035702621       -1.59221089768617
H            5.77877719990468       -0.53960555563903        0.04523943502026
36
 energy: -49.438180421683 gnorm: 0.001670872546 xtb: 6.7.1 (edcfbbe)
C           -3.65314812283290       -0.90678911728379        1.99379543178906
C           -2.49609922329554        0.05969257344790        1.75928692888676
N           -2.20180951843977        0.21531680182869        0.34521138424993
C           -2.96871987851965        1.21072830051100       -0.37097178812639
C           -2.33583301410742        2.60067847152425       -0.27433032028574
C           -1.17408700111934       -0.49286781480243       -0.17524650576279
O           -0.52114974748183       -1.26604400093528        0.50211197294518
C           -0.88196017818888       -0.30405205488025       -1.66159773622056
C            0.49886699615720       -0.87601815266659       -1.96818505989457
C            1.53532500972871       -0.10208085011371       -1.17736245613525
O            1.40827061003326        1.04868328612216       -0.84000232653687
O            2.60615545087725       -0.84635618761952       -0.93266947831630
C            3.64947814229657       -0.27044382635509       -0.12840002008009
C            3.32023163794530       -0.48596407255422        1.34454915326512
C            4.95483980032672       -0.93988157509415       -0.53258064691260
H           -4.56127698346440       -0.55529552794663        1.51015516778918
H           -3.84339743559481       -1.00505818168762        3.05883744061452
H           -3.40121274368689       -1.88401336000258        1.59320049365174
H           -2.72605534647491        1.03972692218974        2.18205952068656
H           -1.59567437978416       -0.33147603179498        2.23533293456015
H           -3.07224977673863        0.91580803480748       -1.41642372291012
H           -3.97210950781887        1.23612313243995        0.06354241192020
H           -2.33493978914650        2.94777155248056        0.75580593559824
H           -2.89779976160164        3.30905907625705       -0.87730924778201
H           -1.30569176651361        2.57798838357421       -0.62079203920520
H           -0.88559202961282        0.75428238265208       -1.91649927828360
H           -1.64736727624118       -0.81965998777832       -2.24601008706284
H            0.72907453892770       -0.78029836929812       -3.03129300897858
H            0.56351463777732       -1.92513776778256       -1.68274909635639
H            3.68434759077590        0.80570692399297       -0.34411694922524
H            4.08829777153252       -0.03651648427538        1.96781633281681
H            2.36104026775131       -0.03006980136904        1.57724991155645
H            3.25792674076111       -1.55001565840248        1.55816777580817
H            4.88973205629909       -2.00987093379575       -0.35537093631165
H            5.15620254979036       -0.77300315606468       -1.58730885152125
H            5.77286967968345       -0.53065292932525        0.05286609249374
36
 energy: -49.438189360921 gnorm: 0.001160283431 xtb: 6.7.1 (edcfbbe)
C           -3.65043542057066       -0.90298870302407        1.99833471582092
C           -2.48747292911132        0.05601223058598        1.75937232066763
N           -2.19897858698078        0.21025492683865        0.34381762011600
C           -2.96305090686460        1.21098812640999       -0.36820069218480
C           -2.31888105323888        2.59619808390218       -0.27476767879535
C           -1.17352042471093       -0.49908001866908       -0.18047404958195
O           -0.51878147338849       -1.27328199003525        0.49421189621128
C           -0.88590155299122       -0.31006409128960       -1.66781227618441
C            0.49681257013214       -0.87618211851179       -1.97674086404928
C            1.52925380702518       -0.10203539031281       -1.18030614179817
O            1.39638738136716        1.04677223844347       -0.83805873661726
O            2.60208675433868       -0.84305471029903       -0.93564248063843
C            3.64054082365938       -0.26619017911168       -0.12514608014339
C            3.30656774943721       -0.48957384662740        1.34590117510119
C            4.95026437172108       -0.92792839675875       -0.52768493469192
H           -4.55935239174027       -0.54483668990086        1.51952660940979
H           -3.83588156966592       -1.00080119835833        3.06435651120768
H           -3.40718551452118       -1.88227698442706        1.59527627692925
H           -2.70845781883406        1.03810230134297        2.18461079988045
H           -1.58652929874049       -0.34225983920147        2.23067496374526
H           -3.07516905909438        0.91622352890570       -1.41311315851437
H           -3.96375659258508        1.24377385762705        0.07277102682131
H           -2.31304008293707        2.94487884289048        0.75497684178118
H           -2.87651558726720        3.30841710946589       -0.87741497994310
H           -1.28939524657090        2.56478246385050       -0.62322224544006
H           -0.89428897930895        0.74793132078389       -1.92371650920279
H           -1.65064184267673       -0.82920990252447       -2.24984376158590
H            0.72770544173143       -0.77357071478108       -3.03893438138129
H            0.56507412450398       -1.92655198199842       -1.69708085982593
H            3.67155229531877        0.81124633020548       -0.33611442024623
H            4.06963271774622       -0.03770714131976        1.97397218489143
H            2.34337393756907       -0.04037339343980        1.57644680967217
H            3.24972941874415       -1.55523212229939        1.55509962479613
H            4.88984139723998       -1.99912571184356       -0.35437214280855
H            5.15380297389373       -0.75650780451135       -1.58147154771237
H            5.76461056737104       -0.51674843200751        0.06153789701764
36
 energy: -49.438193210788 gnorm: 0.000455822094 xtb: 6.7.1 (edcfbbe)
C           -3.65021145528405       -0.90374209871418        1.99816397639762
C           -2.48778069451490        0.05584495808299        1.75970824103919
N           -2.19902515345248        0.20982831878050        0.34419863515516
C           -2.96238892217619        1.21110226157227       -0.36806800060357
C           -2.31740889588488        2.59543284318256       -0.27602593205983
C           -1.17358360650244       -0.49959354879280       -0.18005050784175
O           -0.51902564381231       -1.27352297655311        0.49484813574897
C           -0.88599772447156       -0.31023205782666       -1.66722429509530
C            0.49700847055821       -0.87511731070418       -1.97630975904749
C            1.52825543344159       -0.10109936749655       -1.17817255987505
O            1.39506948665538        1.04757339115581       -0.83684502002402
O            2.60198744559921       -0.84129628489098       -0.93542292437830
C            3.64052634783804       -0.26516030849458       -0.12479791138722
C            3.30620615166231       -0.48977658284593        1.34551112671772
C            4.94953208499607       -0.92764537288854       -0.52847561119779
H           -4.55909008929011       -0.54571123809402        1.51858632251952
H           -3.83646836580102       -1.00092969204148        3.06426188034243
H           -3.40653602038241       -1.88337311367781        1.59559387268372
H           -2.70978457819762        1.03797874100594        2.18429815755470
H           -1.58677006188753       -0.34088100158004        2.23220294843797
H           -3.07519760874756        0.91622546027303       -1.41254784137841
H           -3.96256287929058        1.24474442308565        0.07277304816285
H           -2.31149817073968        2.94448683298281        0.75348215401794
H           -2.87389350817685        3.30789248725388       -0.87938663356095
H           -1.28812282730832        2.56275833999557       -0.62383996060686
H           -0.89538058744430        0.74773992558254       -1.92297300343404
H           -1.65028868515173       -0.82993843252729       -2.24921430530265
H            0.72791875855964       -0.77222827581414       -3.03844483491203
H            0.56615990800396       -1.92529719206461       -1.69682098790380
H            3.67158428469840        0.81232038107401       -0.33476685180223
H            4.06829550670197       -0.03835466704301        1.97454222397298
H            2.34287810243153       -0.04172955100870        1.57581808328151
H            3.24989703676797       -1.55518064837879        1.55406931230019
H            4.88821948690830       -1.99866779621552       -0.35462286320385
H            5.15205930710980       -0.75736711022421       -1.58276836286984
H            5.76541766658421       -0.51708373615068        0.05948938087632
36
 energy: -49.438195989221 gnorm: 0.000591666025 xtb: 6.7.1 (edcfbbe)
C           -3.64997304928587       -0.90480069546563        1.99816650081506
C           -2.48853270406184        0.05591648958073        1.76012680617989
N           -2.19916772223048        0.20953408833997        0.34474117736095
C           -2.96178439400380        1.21119292120138       -0.36804155721427
C           -2.31470698165023        2.59439418222304       -0.27747265286712
C           -1.17354286156437       -0.49991737340099       -0.17923807264209
O           -0.51913950932250       -1.27364557881618        0.49596250830811
C           -0.88645049066340       -0.31075588729565       -1.66640140283915
C            0.49712053135670       -0.87377862861207       -1.97576993240574
C            1.52810132919751       -0.09876279418307       -1.17806621487160
O            1.39301412770902        1.04884248649950       -0.83424869136409
O            2.60217868048355       -0.83862390782153       -0.93626488379558
C            3.64036449547890       -0.26391885828630       -0.12432639108859
C            3.30554999351613       -0.49031409257556        1.34534204014076
C            4.94848415917350       -0.92730808922335       -0.52924323973183
H           -4.55875970262861       -0.54780708707265        1.51736240796903
H           -3.83743457187065       -1.00153032967562        3.06416517497644
H           -3.40511662910506       -1.88451905252466        1.59637414133692
H           -2.71223164846702        1.03806222526204        2.18388143815806
H           -1.58732702988111       -0.33892574570994        2.23387904209828
H           -3.07559022582677        0.91533221802046       -1.41205798985924
H           -3.96144938410261        1.24626353995684        0.07329292425253
H           -2.30869477965559        2.94486995617553        0.75155274836247
H           -2.86970287808713        3.30695074589656       -0.88206043760861
H           -1.28538942131606        2.55984561096720       -0.62466469641910
H           -0.89723317537247        0.74709649265522       -1.92242716413596
H           -1.65030006307056       -0.83149087900918       -2.24802057353926
H            0.72758054142059       -0.77011562829368       -3.03784627574788
H            0.56783053188058       -1.92396313292129       -1.69679046442324
H            3.67219282653662        0.81373535403276       -0.33303638548166
H            4.06664457153711       -0.03910698141174        1.97559698082747
H            2.34173065616897       -0.04346312784894        1.57533567900291
H            3.25000478716291       -1.55588917761396        1.55272817938842
H            4.88634702142743       -1.99817556448744       -0.35470351210361
H            5.14943526479769       -0.75803101914904       -1.58406626763916
H            5.76594770431896       -0.51719267941302        0.05700838932430
36
 energy: -49.438198724239 gnorm: 0.000444727413 xtb: 6.7.1 (edcfbbe)
C           -3.64964159143569       -0.90663401687989        1.99825685726654
C           -2.48991591025002        0.05619978125647        1.76070478422853
N           -2.19973645400883        0.20923036309835        0.34548440974200
C           -2.96105175979666        1.21162102496995       -0.36791429069865
C           -2.31007640249394        2.59324330974393       -0.27976437386170
C           -1.17402957505975       -0.50047414297244       -0.17817215285624
O           -0.51979032685598       -1.27411829914126        0.49733011402485
C           -0.88742480517061       -0.31157006557452       -1.66544992961704
C            0.49705214625519       -0.87193094083015       -1.97512577943564
C            1.52663378880007       -0.09616048669997       -1.17606561027238
O            1.38981537797837        1.05065867372726       -0.82998040412199
O            2.60189145146897       -0.83504994308901       -0.93711468669161
C            3.64018577912936       -0.26216964129089       -0.12401633265540
C            3.30469333017393       -0.49132053991669        1.34510827454287
C            4.94733951499853       -0.92648831026178       -0.53042317516807
H           -4.55833776622254       -0.55212884753271        1.51551320992098
H           -3.83873453006728       -1.00279118552757        3.06397711383684
H           -3.40217982630518       -1.88618540874733        1.59788168311533
H           -2.71621250212973        1.03830039928508        2.18333773688873
H           -1.58832448506292       -0.33628029567652        2.23574006370276
H           -3.07685658394668        0.91402667299372       -1.41136762300872
H           -3.96009988372459        1.24958995883969        0.07483834640324
H           -2.30391886060953        2.94617131897636        0.74849046407546
H           -2.86253759142722        3.30606852586277       -0.88643920896130
H           -1.28038426974134        2.55511058576864       -0.62592756245996
H           -0.90032737499412        0.74605208728758       -1.92221319468090
H           -1.65043106948023       -0.83419135361669       -2.24652316987163
H            0.72768753488467       -0.76695738332298       -3.03705881556567
H            0.56962598052269       -1.92225309929001       -1.69697426853941
H            3.67307339273463        0.81590243337561       -0.33072556219044
H            4.06468843557543       -0.03988584569020        1.97672283608079
H            2.33988378545803       -0.04617167677047        1.57507104440259
H            3.25051326143289       -1.55749615942276        1.55073629881527
H            4.88476246251214       -1.99715908721728       -0.35463079336310
H            5.14574830838668       -0.75843177609770       -1.58591076730941
H            5.76641701847134       -0.51632662961686        0.05337379700629
36
 energy: -49.438200284930 gnorm: 0.000269258568 xtb: 6.7.1 (edcfbbe)
C           -3.64923826845412       -0.90843960881167        1.99826028378365
C           -2.49092749955982        0.05634124712025        1.76112395556889
N           -2.20048511094292        0.20929420114171        0.34596143168170
C           -2.96051729539003        1.21256790968099       -0.36751850816758
C           -2.30634598850396        2.59298538661538       -0.28167978601719
C           -1.17504166868043       -0.50074568458864       -0.17764654139155
O           -0.52089780149541       -1.27457508462743        0.49775866566913
C           -0.88874619235858       -0.31230554822150       -1.66511110815630
C            0.49648801500975       -0.87092531524778       -1.97459577665299
C            1.52544977175320       -0.09509675006813       -1.17483087322560
O            1.38747693890167        1.05087788698819       -0.82637806453965
O            2.60157321475312       -0.83324339734789       -0.93781508672942
C            3.63982285760837       -0.26138575532213       -0.12388191365629
C            3.30420019793096       -0.49212453989605        1.34513734120558
C            4.94694720077812       -0.92532101273401       -0.53109263286145
H           -4.55793049581567       -0.55622116426039        1.51400891230048
H           -3.83930798998885       -1.00392778687432        3.06381581229014
H           -3.39917418970014       -1.88782323098552        1.59915984970045
H           -2.71895237086446        1.03823085280172        2.18323031234128
H           -1.58903416798128       -0.33481061818900        2.23664998786220
H           -3.07848158011898        0.91415703149443       -1.41056972370123
H           -3.95902783944557        1.25337006739933        0.07654996217725
H           -2.30009930408661        2.94759803760228        0.74598085668972
H           -2.85647499533582        3.30611274250486       -0.89014247433356
H           -1.27633161677245        2.55147656485503       -0.62679882078472
H           -0.90326000594419        0.74502387307591       -1.92284700521233
H           -1.65113142347490       -0.83659288362285       -2.24555641986705
H            0.72746453528506       -0.76483419484464       -3.03635590756432
H            0.57013694109044       -1.92143585511583       -1.69731855301617
H            3.67292920318406        0.81695425385523       -0.32930441808709
H            4.06358950453459       -0.04031887827188        1.97729500705120
H            2.33876490280402       -0.04824331588425        1.57535206355866
H            3.25113143548908       -1.55861304233050        1.54972532195506
H            4.88522859861373       -1.99589187979705       -0.35442444348253
H            5.14397362688909       -0.75791447637195       -1.58690222545936
H            5.76622886028893       -0.51420003172218        0.05152985179480
36
 energy: -49.438201669565 gnorm: 0.000223376702 xtb: 6.7.1 (edcfbbe)
C           -3.64870933240709       -0.91014012931789        1.99822952254522
C           -2.49167940540361        0.05639273044956        1.76128679668128
N           -2.20128089365575        0.20975212677496        0.34611364483924
C           -2.96012085244425        1.21395525654534       -0.36706203246806
C           -2.30273362159442        2.59314170544238       -0.28292255062393
C           -1.17631406056476       -0.50080855507200       -0.17756708327259
O           -0.52264046001342       -1.27529506594023        0.49757440616524
C           -0.89006488776544       -0.31304968969926       -1.66523674066296
C            0.49563063308980       -0.87081249013498       -1.97431968767290
C            1.52396775265239       -0.09540959373476       -1.17347847987663
O            1.38521131741570        1.04989474991899       -0.82301191764851
O            2.60106300547059       -0.83279066345765       -0.93816982724623
C            3.63911545132164       -0.26096947772943       -0.12393444330686
C            3.30390046204956       -0.49290917231592        1.34509760748235
C            4.94692547434034       -0.92353725348605       -0.53129476653679
H           -4.55737699097277       -0.56004401686067        1.51254679286266
H           -3.83968054715034       -1.00489929466863        3.06367336632336
H           -3.39627809572401       -1.88940882281172        1.60039701188748
H           -2.72103657063246        1.03790604920552        2.18336569177852
H           -1.58943304272799       -0.33381801595341        2.23689001214518
H           -3.08035669171629        0.91502203275943       -1.40975573928579
H           -3.95798268292237        1.25731696270640        0.07839603130029
H           -2.29653298854352        2.94954036337004        0.74411088011987
H           -2.85067415558090        3.30635685662050       -0.89316258536597
H           -1.27248244844755        2.54864037095932       -0.62703458263398
H           -0.90581756323512        0.74392193654200       -1.92416650090746
H           -1.65189980632656       -0.83881289128380       -2.24509325297772
H            0.72719106069594       -0.76371586443552       -3.03587753858992
H            0.56947948918049       -1.92156930020773       -1.69799946113721
H            3.67159386254339        0.81755361834175       -0.32857241720598
H            4.06302705987770       -0.04061984108629        1.97722400633366
H            2.33810968793851       -0.04995855741002        1.57565976266951
H            3.25185803877520       -1.55955185345940        1.54918517572767
H            4.88699393321456       -1.99411851668185       -0.35406146855223
H            5.14338326667580       -0.75633256107062       -1.58720369568498
H            5.76564460258699       -0.51082313281859        0.05094339551898
36
 energy: -49.438202826168 gnorm: 0.000254394143 xtb: 6.7.1 (edcfbbe)
C           -3.64786747264738       -0.91172791810371        1.99794975312349
C           -2.49200806376226        0.05634332714964        1.76133920021309
N           -2.20188428054847        0.21016922642049        0.34612400792292
C           -2.95938842182537        1.21573600907872       -0.36642628341923
C           -2.29908724043173        2.59368038983495       -0.28384745973384
C           -1.17787213971993       -0.50144140010650       -0.17789623662708
O           -0.52485138173245       -1.27678380168414        0.49692799188775
C           -0.89152485060743       -0.31409091670733       -1.66566485360344
C            0.49453479457363       -0.87144688585778       -1.97412566511196
C            1.52231204169442       -0.09667039710664       -1.17213355521394
O            1.38262236172093        1.04790884912400       -0.81964271556191
O            2.60046079993518       -0.83321290169783       -0.93826129598803
C            3.63799748743205       -0.26070108437062       -0.12387732296532
C            3.30345447525371       -0.49353085413891        1.34518433248595
C            4.94691726929953       -0.92098985046838       -0.53143888750172
H           -4.55647605385970       -0.56356860888865        1.51077872136864
H           -3.83989287469107       -1.00560601681263        3.06328206212260
H           -3.39340447957351       -1.89102882174498        1.60150757354704
H           -2.72255199786626        1.03751167078181        2.18350633681658
H           -1.58933251542790       -0.33293512683696        2.23689443254495
H           -3.08169343707425        0.91668538125039       -1.40886824475170
H           -3.95657267419627        1.26150176578872        0.08029322129617
H           -2.29319025876635        2.95155112058122        0.74265757553277
H           -2.84471019135671        3.30723969870996       -0.89578596404298
H           -1.26855482402362        2.54619530761832       -0.62668001756155
H           -0.90817756709397        0.74256996692220       -1.92567014632435
H           -1.65295877013359       -0.84099976852512       -2.24503767827307
H            0.72683539674825       -0.76350311731377       -3.03545290672661
H            0.56814883076711       -1.92245219810391       -1.69872075789182
H            3.66905994389252        0.81795011118162       -0.32802485533863
H            4.06254078968634       -0.04087619968876        1.97709555948799
H            2.33741681651940       -0.05148262163597        1.57638353891454
H            3.25249253227237       -1.56029661317965        1.54881175917902
H            4.88921817019946       -1.99164356068849       -0.35393942678986
H            5.14325878255015       -0.75357642190557       -1.58733609884590
H            5.76472900279311       -0.50647773887594        0.05086363855324
36
 energy: -49.438203725085 gnorm: 0.000194657002 xtb: 6.7.1 (edcfbbe)
C           -3.64686774203475       -0.91292956427910        1.99757875038274
C           -2.49203513295274        0.05636924242508        1.76121740693747
N           -2.20204376412929        0.21065242029611        0.34599286726793
C           -2.95842112685842        1.21742460592518       -0.36604627262350
C           -2.29561378340671        2.59417710053513       -0.28408996570706
C           -1.17910198686453       -0.50220768465336       -0.17837199122198
O           -0.52730857110985       -1.27883331712906        0.49614987115372
C           -0.89277103227208       -0.31541154558803       -1.66620535607033
C            0.49349559876743       -0.87266895666335       -1.97404204873584
C            1.52057290294598       -0.09817629029266       -1.17098478101863
O            1.37976017759734        1.04577628573239       -0.81699683317082
O            2.59972243791147       -0.83374779641672       -0.93812168402583
C            3.63663218160544       -0.26016679460184       -0.12369967486724
C            3.30295141259483       -0.49404541778113        1.34534698032109
C            4.94660022767771       -0.91819973302082       -0.53153338676188
H           -4.55532264613848       -0.56624547614859        1.50900105666862
H           -3.84001419936569       -1.00608248548724        3.06279916249474
H           -3.39077246654035       -1.89228372332858        1.60227216437079
H           -2.72362021389288        1.03726344044305        2.18341584174171
H           -1.58900846222232       -0.33195565512534        2.23690956196414
H           -3.08211108236556        0.91843115810987       -1.40833762195647
H           -3.95510288141598        1.26485713515541        0.08148803757521
H           -2.29013978334547        2.95321691514198        0.74201310332983
H           -2.83926187384838        3.30805980201017       -0.89739062501894
H           -1.26484341746141        2.54444398323510       -0.62576988537373
H           -0.90975554672020        0.74104600659285       -1.92686972324115
H           -1.65400202613290       -0.84288991932384       -2.24534662681334
H            0.72655921554164       -0.76428491333440       -3.03515816650673
H            0.56683245965117       -1.92380055636066       -1.69909837173691
H            3.66600667981801        0.81860772461148       -0.32746136742820
H            4.06202190426084       -0.04121212115694        1.97711740381851
H            2.33678303382051       -0.05277370441496        1.57723672961511
H            3.25284659446691       -1.56090939081082        1.54854396071407
H            4.89089344844681       -1.98899988456700       -0.35430762300313
H            5.14272891139073       -0.75015000817357       -1.58737205312586
H            5.76371055258106       -0.50235088155595        0.05089049277568
