24
 energy: -35.667626611434 gnorm: 0.069601473795 xtb: 6.7.1 (edcfbbe)
C            3.87919942940500        0.77037782131700        0.36941785237400
C            2.62687757478600        1.03555854744100       -0.44746771781200
C            1.48070668783800        0.13876616100100       -0.03700434729200
O            1.52809190716600       -0.71017069303100        0.84221149301900
O            0.38183643358700        0.45725474669300       -0.83128961280800
C           -0.75444489552600       -0.30688369846600       -0.54592898380700
C           -0.88081429739000       -1.56432458290700       -1.13943501026300
C           -2.02595614572900       -2.32029306184800       -0.90047536963900
C           -3.03665530150700       -1.81241367471400       -0.08395876048300
C           -2.90902627105600       -0.54435339487300        0.49119854570000
C           -1.76792511332100        0.23337977775100        0.25619146086300
C           -1.63046970570800        1.59007580482900        0.87925433745400
H            3.69646890821500        0.94062601070800        1.43564619577100
H            4.21555993911400       -0.26474715414100        0.24865509442000
H            4.68968838706300        1.43306613934100        0.05089651400800
H            2.31818242536300        2.07718478431100       -0.30958945647700
H            2.84120389007600        0.86104246046300       -1.50708030430400
H           -0.09234796280600       -1.95607070315400       -1.77427316648600
H           -2.13045829761800       -3.30562576678100       -1.34659477679200
H           -3.92775366969600       -2.40538729101500        0.10688288324100
H           -3.70983308997300       -0.16913309614700        1.12451674902100
H           -0.86110700494200        1.57105117291500        1.65752927497900
H           -2.56964275080900        1.91673999161000        1.33806107890300
H           -1.36138107653000        2.33427969869700        0.12263602641100
24
 energy: -35.672355855680 gnorm: 0.019661874811 xtb: 6.7.1 (edcfbbe)
C            3.88550109044807        0.76795577490405        0.37444645785810
C            2.63199303773739        1.03725248743344       -0.44417055388304
C            1.47866700710952        0.14941480031167       -0.04145060131093
O            1.50700602372600       -0.68913773014756        0.81437873421642
O            0.38341863466669        0.44894111802869       -0.80351324709390
C           -0.76637539315883       -0.30729816473560       -0.54719071479944
C           -0.88912987729150       -1.56154067995028       -1.12762415325733
C           -2.02755353946049       -2.31429730637833       -0.89402847673612
C           -3.03261647060555       -1.80951019268963       -0.08569122314708
C           -2.90448377342809       -0.55146407198928        0.48256950520155
C           -1.77206565983652        0.22437823297683        0.25920704942740
C           -1.62691414781019        1.58221658542709        0.87548731792411
H            3.69579422595317        0.93508083232133        1.43350207747942
H            4.21031531270201       -0.26406244645327        0.25244436600308
H            4.69178546797578        1.42745164583519        0.05629123476532
H            2.31168044561263        2.07436124014641       -0.32216766311733
H            2.82576976929868        0.87117597651943       -1.50630573708064
H           -0.09561134106987       -1.94622547755562       -1.75261770815384
H           -2.12924077060154       -3.29339614673955       -1.34090383534329
H           -3.92002743379175       -2.39778066571625        0.10379808069870
H           -3.69820414699553       -0.17031710616069        1.11058904954234
H           -0.85362053037470        1.56771573190837        1.64463327162607
H           -2.56238843486386        1.89980633176423        1.33532693897223
H           -1.34369949593954        2.31927923093932        0.12298983020920
24
 energy: -35.672858602147 gnorm: 0.009061580886 xtb: 6.7.1 (edcfbbe)
C            3.88095396254017        0.76673188261635        0.37448281367779
C            2.63049203783090        1.04372911881398       -0.44757060494299
C            1.47779843657896        0.15486634883815       -0.04146490651409
O            1.49835186013701       -0.68492793037580        0.80971258957991
O            0.38714331649428        0.44535227322973       -0.78568461020422
C           -0.76711084924861       -0.30994226486167       -0.54242201983747
C           -0.88829386416513       -1.56286275563726       -1.11849276158253
C           -2.02842328353075       -2.31249611473452       -0.89375782829954
C           -3.03431795319948       -1.80726187090490       -0.09057731924779
C           -2.90572777079585       -0.55158698699395        0.47469371196192
C           -1.77313805224231        0.22104858911122        0.26119000234094
C           -1.62074200994698        1.57772253710399        0.87616272474623
H            3.68536076657750        0.93223797425205        1.43049612995908
H            4.19653156161510       -0.26560949141390        0.25005789949670
H            4.68867907240369        1.42220414843217        0.05918634533971
H            2.30880523789112        2.08078624507212       -0.33154052810014
H            2.81840264058740        0.88044936571208       -1.51085711371149
H           -0.08833364397352       -1.94351228097334       -1.73522717803574
H           -2.12545915547777       -3.29084706614829       -1.33847825608414
H           -3.92066681822358       -2.39349842198873        0.09903651873493
H           -3.69516283502829       -0.16502296653354        1.10202064902597
H           -0.84425263850219        1.55938064600692        1.64093659298953
H           -2.55292449392057        1.89593267151197        1.33591115463819
H           -1.32796552439911        2.30712634986516        0.12218599407024
24
 energy: -35.672929170197 gnorm: 0.003574144007 xtb: 6.7.1 (edcfbbe)
C            3.87791084374190        0.76787849339280        0.37282740309137
C            2.62847827680391        1.04778022694695       -0.44998904720695
C            1.47707819133181        0.15733866064090       -0.04235756639585
O            1.50116531559288       -0.68489312330497        0.80959807319668
O            0.38683191231692        0.44511481509629       -0.78008826474427
C           -0.76664569495724       -0.31225278729673       -0.53894377905334
C           -0.88591721560118       -1.56590783176061       -1.11307259759137
C           -2.02799612327995       -2.31425718646011       -0.89231806511212
C           -3.03722679759687       -1.80647186718727       -0.09423350739377
C           -2.90869307456904       -0.55052950721531        0.47121223084918
C           -1.77407743785052        0.22028290697695        0.26213501637627
C           -1.61620370971919        1.57580376793284        0.87798354842162
H            3.67903647177445        0.93203135037104        1.42834132065787
H            4.18844614246834       -0.26575834466205        0.24726379510624
H            4.68883237846919        1.42064705322448        0.06063864924570
H            2.30683617376262        2.08493405523663       -0.33375322136823
H            2.81544308442174        0.88432104490134       -1.51352007590444
H           -0.08162813270507       -1.94630329297113       -1.72441555445790
H           -2.12340898152205       -3.29253365689791       -1.33734372392725
H           -3.92593537046691       -2.39039203252186        0.09130525080464
H           -3.69895947129875       -0.15992748026146        1.09536996889663
H           -0.83812257389635        1.55240942455810        1.64128506252192
H           -2.54575742358833        1.89817706624820        1.33887731067891
H           -1.31948678363035        2.30250824501286        0.12319777330944
24
 energy: -35.672967361473 gnorm: 0.001867875769 xtb: 6.7.1 (edcfbbe)
C            3.87471145629711        0.77014996208787        0.37046142110907
C            2.62626471937053        1.05259744797814       -0.45280852692861
C            1.47715713291863        0.15914461637751       -0.04423704672059
O            1.50997937275393       -0.68500324065332        0.80833594460509
O            0.38539671158518        0.44440669542327       -0.77493902349850
C           -0.76598272093228       -0.31617923829922       -0.53370556262879
C           -0.88275704174804       -1.57112432496655       -1.10543315522380
C           -2.02810853248998       -2.31677320253946       -0.89005824122415
C           -3.04241247909122       -1.80429715469552       -0.10055896033247
C           -2.91404549921698       -0.54811855495562        0.46586859820094
C           -1.77571631916987        0.21943192734786        0.26304880302741
C           -1.61061994575872        1.57316956511333        0.88090708496643
H            3.67342801432154        0.93293490719249        1.42591209256063
H            4.18124366498002       -0.26471387369853        0.24389888296975
H            4.68867263494878        1.42052654309194        0.06126253002418
H            2.30417862206045        2.08953370282292       -0.33489014884937
H            2.81303281301783        0.88929796089468       -1.51652382548170
H           -0.07371503536495       -1.95290810971147       -1.70995258426279
H           -2.12163532315149       -3.29601240191612       -1.33377328711485
H           -3.93475102547553       -2.38508726738758        0.07867149034044
H           -3.70652916800712       -0.15343664274954        1.08526934294168
H           -0.83130428457925        1.54232244577732        1.64312831311234
H           -2.53693892949934        1.90169692660212        1.34369056135792
H           -1.30954883776730        2.29844131086347        0.12642529705074
24
 energy: -35.672982538319 gnorm: 0.002207776333 xtb: 6.7.1 (edcfbbe)
C            3.87384140470450        0.77312887312536        0.36829572319654
C            2.62528331004314        1.05573244790533       -0.45428402073976
C            1.47857230300816        0.15845639287451       -0.04566164043555
O            1.51991594913732       -0.68745527469814        0.80522840609274
O            0.38421468208831        0.44283874514990       -0.77140474146375
C           -0.76576648160865       -0.31981315299193       -0.52944245728458
C           -0.88064579978681       -1.57624013774519       -1.09833643997341
C           -2.02891923531856       -2.31882360112990       -0.88713416709616
C           -3.04753062150289       -1.80133004644259       -0.10650870583813
C           -2.91940240841740       -0.54503398943274        0.46025556819203
C           -1.77745348269366        0.21879504731271        0.26316759749792
C           -1.60682327623184        1.57051054631572        0.88380700205672
H            3.67253394621091        0.93509252880520        1.42400615906590
H            4.17992967458809       -0.26187577506254        0.24118212011338
H            4.68813476184066        1.42336111131902        0.05978536905148
H            2.30185881279508        2.09198271374155       -0.33404625527176
H            2.81235391471574        0.89445466428288       -1.51830654311679
H           -0.06865559438400       -1.96115705123209       -1.69689442641905
H           -2.12177848485168       -3.29931800498660       -1.32856423204275
H           -3.94373922278515       -2.37863621142098        0.06566249282858
H           -3.71492011904920       -0.14764351909042        1.07415906390582
H           -0.82709523562987        1.53342581414694        1.64548592502681
H           -2.53096856660970        1.90303720142787        1.34844745627870
H           -1.30294023026054        2.29651067782611        0.13110074637610
24
 energy: -35.672982635127 gnorm: 0.002875573999 xtb: 6.7.1 (edcfbbe)
C            3.87325628405795        0.77509481543247        0.36686315828952
C            2.62463095337197        1.05781158890767       -0.45526546243311
C            1.47950127387873        0.15801369152968       -0.04660590743871
O            1.52649071710922       -0.68905925455470        0.80318125571698
O            0.38342777945580        0.44180640946844       -0.76907096689143
C           -0.76562378800960       -0.32221746541967       -0.52662214717327
C           -0.87924594622139       -1.57962543985188       -1.09364265112212
C           -2.02945142169895       -2.32018314748977       -0.88519909325135
C           -3.05091373148626       -1.79937142579208       -0.11044227928495
C           -2.92294590941023       -0.54299684696900        0.45654652583868
C           -1.77860338653058        0.21837361703774        0.26324720556659
C           -1.60430537549362        1.56875142619957        0.88572550171831
H            3.67192663060196        0.93651447115411        1.42274506916277
H            4.17904089315859       -0.26000660819174        0.23938520900078
H            4.68777884006371        1.42522365651838        0.05881609482934
H            2.30032930214305        2.09361089738530       -0.33349487950627
H            2.81190440691893        0.89786411820429       -1.51948992218051
H           -0.06530210969000       -1.96661107958849       -1.68825659778448
H           -2.12186749621755       -3.30150690409576       -1.32512187513070
H           -3.94968499509653       -2.37437247257984        0.05705532630256
H           -3.72047123485048       -0.14381325165245        1.06681406371218
H           -0.82430379274119        1.52753478798872        1.64704586514599
H           -2.52700919097365        1.90393435262533        1.35159509453707
H           -1.29855870233790        2.29523006373365        0.13419141237712
24
 energy: -35.672991199282 gnorm: 0.001365693464 xtb: 6.7.1 (edcfbbe)
C            3.87491867920607        0.77570768823266        0.36696533051551
C            2.62527927983811        1.05661116698960       -0.45432333227464
C            1.48058250101394        0.15596860883824       -0.04616943688211
O            1.52598299363891       -0.69162771699325        0.80218517975356
O            0.38418015594212        0.44114169410217       -0.76911497963107
C           -0.76559707139786       -0.32191403111708       -0.52702317345659
C           -0.87991348028960       -1.57920565543746       -1.09405411692479
C           -2.03005090145228       -2.31961489218902       -0.88539423743223
C           -3.05101666259098       -1.79884436563290       -0.11043999815408
C           -2.92272301203544       -0.54255438434844        0.45623565802343
C           -1.77841139808547        0.21851834695124        0.26295104584306
C           -1.60564357856660        1.56892988507297        0.88563026616157
H            3.67480995082143        0.93749970427651        1.42294381113217
H            4.18262480792856       -0.25878348209818        0.23969340773680
H            4.68779954118861        1.42720333983002        0.05742758991729
H            2.29987187149913        2.09203571124321       -0.33243684497641
H            2.81233867515741        0.89756949220329       -1.51868212863948
H           -0.06688099284478       -1.96685132763618       -1.68921763127570
H           -2.12288218195981       -3.30110899319935       -1.32466847169808
H           -3.94925617020959       -2.37408578853790        0.05786941592852
H           -3.72018288330045       -0.14392781121537        1.06661306236727
H           -0.82597316532512        1.52888255234573        1.64713359793986
H           -2.52911571401532        1.90221761831530        1.35127108376460
H           -1.30074124415901        2.29623264000417        0.13460490226254
24
 energy: -35.673002497083 gnorm: 0.001810798235 xtb: 6.7.1 (edcfbbe)
C            3.88007363980246        0.78007122043147        0.36548999769723
C            2.62648460712716        1.05457831986682       -0.45216228200906
C            1.48552143300421        0.14845068252508       -0.04500475592479
O            1.53161509494550       -0.70449188227670        0.79616483844802
O            0.38625006302866        0.43803075809324       -0.76489280012398
C           -0.76496826729113       -0.32337564070411       -0.52470118503506
C           -0.88031427063847       -1.58110948970346       -1.09023242221286
C           -2.03227605620860       -2.31926152971743       -0.88416157603580
C           -3.05485752678265       -1.79557392300794       -0.11413293695350
C           -2.92567572910145       -0.53916348314479        0.45145852568337
C           -1.77903915391104        0.21865900620125        0.26230402162083
C           -1.60787697825768        1.56811582472814        0.88728226285647
H            3.68388230987585        0.94274158481081        1.42193029494613
H            4.19348599286766       -0.25264548179611        0.23852465108602
H            4.68785447609735        1.43586709942909        0.05134142370415
H            2.29575656847113        2.08804963878857       -0.32810211630542
H            2.81218748214019        0.89943760055979       -1.51729085768298
H           -0.06763938288250       -1.97247723227701       -1.68299879149340
H           -2.12598666750981       -3.30154736613862       -1.32109666890720
H           -3.95455889489513       -2.36879673540182        0.05146287407745
H           -3.72496812281661       -0.13950385404963        1.05817501215897
H           -0.82838299854511        1.52821712852458        1.64863987094020
H           -2.53234632133146        1.89764995096043        1.35353884337525
H           -1.30422129718656        2.29807780329832        0.13846377609096
24
 energy: -35.673010175800 gnorm: 0.001205258926 xtb: 6.7.1 (edcfbbe)
C            3.88207477454694        0.78331341230108        0.36377762461765
C            2.62637976272567        1.05462372366174       -0.45171086299911
C            1.48885153421820        0.14397416917674       -0.04520275611372
O            1.53892643562129       -0.71350831270266        0.79147390196257
O            0.38682745680272        0.43633358921922       -0.75942274932051
C           -0.76423517477145       -0.32542563896089       -0.52072466154321
C           -0.87936170345735       -1.58351186140782       -1.08543645012097
C           -2.03338856029347       -2.31968365814101       -0.88307549728324
C           -3.05854868022796       -1.79340348726226       -0.11801973139606
C           -2.92907967874389       -0.53693337743097        0.44762732451684
C           -1.78012942609030        0.21848795545710        0.26283312505779
C           -1.60799576718651        1.56734445905246        0.88895451078113
H            3.68741374450347        0.94606774145384        1.42049658967320
H            4.19743404011540       -0.24877693935546        0.23655121988184
H            4.68787049005516        1.44074090114884        0.04791129098207
H            2.29214489658339        2.08676129610211       -0.32579384553325
H            2.81118707336249        0.90137322690406       -1.51726708343717
H           -0.06504619581779       -1.97673212483907       -1.67485015592161
H           -2.12682087736998       -3.30228691042644       -1.31937198214148
H           -3.96032262490687       -2.36453322743605        0.04385688483274
H           -3.73007213766822       -0.13506651225672        1.05078625242068
H           -0.82793911457624        1.52601908547985        1.64975138774179
H           -2.53191872912350        1.89696009999093        1.35612678959965
H           -1.30425153829923        2.29786239027137        0.14072887374338
24
 energy: -35.673023906180 gnorm: 0.001261146537 xtb: 6.7.1 (edcfbbe)
C            3.88732092465160        0.79010136303850        0.35950551342587
C            2.62654167117719        1.05352907270880       -0.45072987465776
C            1.49690059876262        0.13345141238260       -0.04467512170283
O            1.55820200446674       -0.73789729837685        0.77804258833930
O            0.38768640761029        0.43398362935936       -0.74343408121206
C           -0.76268366271399       -0.32922477797047       -0.50992590415410
C           -0.87678128621656       -1.58779235735547       -1.07391394784510
C           -2.03512574286091       -2.32002023186983       -0.88092407256566
C           -3.06599042026459       -1.78927696547013       -0.12618904163398
C           -2.93687298558310       -0.53281706730917        0.44002227070267
C           -1.78354467047610        0.21839550333270        0.26505628745588
C           -1.61058301449699        1.56669886507709        0.89239864850509
H            3.69660725112255        0.95365832361084        1.41688883782750
H            4.20726755851585       -0.24060771630848        0.23221841771309
H            4.68830853637472        1.45127958292875        0.03909576079234
H            2.28431486003642        2.08249836517823       -0.32081746992085
H            2.80906846146884        0.90409288502215       -1.51730965167012
H           -0.05837255686497       -1.98390155709059       -1.65601859688581
H           -2.12791783842943       -3.30228364709991       -1.31822039953301
H           -3.97238614980233       -2.35595671664864        0.02643364988550
H           -3.74166468989918       -0.12622766660464        1.03531047707180
H           -0.82881241668192        1.52444163529521        1.65157740437557
H           -2.53346856383149        1.89623207949833        1.36151264368849
H           -1.30801427606325        2.29764328467159        0.14409566199917
24
 energy: -35.673034109785 gnorm: 0.002766219840 xtb: 6.7.1 (edcfbbe)
C            3.89429715274258        0.79777790950741        0.35452940140897
C            2.62761879600431        1.05141963739909       -0.44962273389734
C            1.50845605849930        0.11701926657133       -0.04725068901022
O            1.58356184878816       -0.77052908019377        0.75763204807380
O            0.38839472987569        0.43243494961889       -0.72196958261994
C           -0.76114576855890       -0.33266247922355       -0.49532302261576
C           -0.87342024085913       -1.59143604733620       -1.05936234186748
C           -2.03675580095809       -2.31924930084145       -0.87866337209868
C           -3.07466038053374       -1.78405608288877       -0.13635118645440
C           -2.94668919241908       -0.52812826956865        0.43160822608279
C           -1.78848455499417        0.21861402195990        0.26908042648062
C           -1.61626764492045        1.56695883937455        0.89658285943704
H            3.70835014620755        0.96151467453976        1.41280239412627
H            4.22052419087173       -0.23091393664029        0.22654837451176
H            4.68901675611606        1.46410529430071        0.02890592027516
H            2.27500172238707        2.07637925658559       -0.31510452945863
H            2.80874043284972        0.90732187201894       -1.51722397306644
H           -0.04983597097327       -1.99063743896276       -1.63233756025259
H           -2.12788952123149       -3.30136585765033       -1.31682342553483
H           -3.98538190173853       -2.34670089100763        0.00575603914897
H           -3.75630762124182       -0.11718325710052        1.01761189165639
H           -0.83246901943041        1.52558600406312        1.65378272457572
H           -2.53842584438184        1.89551949605221        1.36769510574735
H           -1.31622837209920        2.29821141942240        0.14749700535246
24
 energy: -35.673043755703 gnorm: 0.003109993312 xtb: 6.7.1 (edcfbbe)
C            3.89791446909979        0.79995826793797        0.35186499890116
C            2.62873086470154        1.04983184656486       -0.44941251150095
C            1.51358726941404        0.11021276927998       -0.04810529360837
O            1.59614408719525       -0.78782388638163        0.74455211748731
O            0.38830891679801        0.43363240741317       -0.70986219767875
C           -0.76071006966247       -0.33300376730716       -0.48776265842097
C           -0.87109360429958       -1.59195363743573       -1.05191572872143
C           -2.03616903510403       -2.31846802714647       -0.87725894539594
C           -3.07750777601303       -1.78215661166959       -0.14055872419536
C           -2.95124580689450       -0.52635179480285        0.42812222865860
C           -1.79163815531360        0.21927352867400        0.27126818024652
C           -1.62110977203878        1.56798436606776        0.89845214697627
H            3.71413847680152        0.96335670770588        1.41057071359278
H            4.22685674153172       -0.22773575858653        0.22304294834741
H            4.68978668048296        1.46869094835740        0.02431551852344
H            2.27193923459355        2.07287080795081       -0.31231123192840
H            2.80900142062384        0.90867001554592       -1.51765970642819
H           -0.04500917428618       -1.99190673986972       -1.62072494005597
H           -2.12617758263557       -3.30023250383658       -1.31646984787003
H           -3.98978260869964       -2.34358029893976       -0.00371822515365
H           -3.76331095195823       -0.11428930584447        1.00993421396793
H           -0.83632012210210        1.52838959344678        1.65471360499195
H           -2.54330435224497        1.89532599140370        1.37028517059383
H           -1.32302914998751        2.29930508147223        0.14863816867180
24
 energy: -35.673078925738 gnorm: 0.009026899952 xtb: 6.7.1 (edcfbbe)
C            3.91343328282592        0.80604661548827        0.34078431166769
C            2.63503104907906        1.04164784741145       -0.44968539872071
C            1.53677461601720        0.07853522122135       -0.05650199185852
O            1.65229741509271       -0.86813186558966        0.67726959272381
O            0.38670258826591        0.44387845741111       -0.65376708016022
C           -0.75957624290700       -0.33073876434090       -0.45347353750219
C           -0.85960019210389       -1.59020397971951       -1.01914559335367
C           -2.03029502865960       -2.31355364582681       -0.87048878605475
C           -3.08649382752614       -1.77537050376247       -0.15663877879109
C           -2.97040423050195       -0.51989410901501        0.41527287546004
C           -1.80692657316106        0.22369856506871        0.28219708996807
C           -1.64741000627656        1.57519741914486        0.90636876512229
H            3.73740889065800        0.96587482071002        1.40137786667292
H            4.25414011058010       -0.21709203811721        0.20683101850429
H            4.69360133175892        1.48560331116044        0.00763174487272
H            2.26066905841181        2.05637951561605       -0.30121793024874
H            2.81352077999598        0.91391165978911       -1.52041476728107
H           -0.02238332877351       -1.99169748799940       -1.57024183641293
H           -2.11399474254941       -3.29353674965957       -1.31509608022222
H           -4.00366166559951       -2.33391123335610       -0.04217869633667
H           -3.79365736851299       -0.10547780061705        0.97947213509786
H           -0.85821763288260        1.54701216805842        1.65853632881548
H           -2.57081649659531        1.89517497274674        1.38081466943422
H           -1.36014178663395        2.30664760417709        0.15229407860439
24
 energy: -35.673140476040 gnorm: 0.004527199135 xtb: 6.7.1 (edcfbbe)
C            3.91539624196591        0.80090160607634        0.33897861129960
C            2.63807930711428        1.03829711817929       -0.45186579877423
C            1.53910696752453        0.07594537758882       -0.06071432473676
O            1.65890317861727       -0.87917002840597        0.65765795110579
O            0.38518947315086        0.45180979668333       -0.63981619784894
C           -0.76023121850985       -0.32550750388388       -0.44610758725182
C           -0.85535989329969       -1.58469541131624       -1.01348655157978
C           -2.02432966958552       -2.31087102379201       -0.86927254007665
C           -3.08261753673527       -1.77693950582060       -0.15632135354454
C           -2.97196422015686       -0.52146893250899        0.41668246645478
C           -1.81146301920633        0.22625333580657        0.28573411407703
C           -1.65866042148769        1.57984096655056        0.90720758186553
H            3.73851126613987        0.95758191970822        1.39979553432340
H            4.25608370053222       -0.22163369934492        0.20184453858943
H            4.69545500702342        1.48138681506606        0.00872182952418
H            2.26400524553772        2.05231213121921       -0.30254399843882
H            2.81781628057041        0.91187971239296       -1.52261501492788
H           -0.01605856765137       -1.98277318359020       -1.56305757396883
H           -2.10503220190253       -3.28965300833116       -1.31710054577033
H           -3.99770667354797       -2.33861221057837       -0.04440028506463
H           -3.79693807529413       -0.11039180414480        0.98006330871008
H           -0.86878753932003        1.55853316588189        1.65887211095251
H           -2.58355390793193        1.89643923752845        1.38107123515273
H           -1.37584372354514        2.31053512903534        0.15067248992912
24
 energy: -35.673200169693 gnorm: 0.014601249171 xtb: 6.7.1 (edcfbbe)
C            3.93111162969507        0.79065976218821        0.32681599303167
C            2.65054368876045        1.02558189746650       -0.45861250628094
C            1.56267081060541        0.04430899542649       -0.08231878582349
O            1.71616505848339       -0.97020317719786        0.55068537987709
O            0.37991412150738        0.48188793028828       -0.56485750860859
C           -0.76078449124638       -0.30847759738215       -0.40305540165333
C           -0.83499954609788       -1.56738817159312       -0.97529223534160
C           -2.00297974328360       -2.30005046180954       -0.85956646838535
C           -3.07938285016312       -1.77534974678643       -0.16747898281343
C           -2.99067539725700       -0.51972736733659        0.40969228254230
C           -1.83391445517163        0.23698896360573        0.30260520578237
C           -1.70768714813929        1.59728874926615        0.91617159362590
H            3.75649405645520        0.93571163938641        1.38970171043382
H            4.27977759315814       -0.22754184483163        0.17827690612047
H            4.70404616143304        1.48105709798365        0.00134238446188
H            2.26510909394882        2.03289252568365       -0.29886811393754
H            2.83344355920926        0.91240518036349       -1.53087232898735
H            0.01854437122436       -1.95948596105673       -1.50669693336464
H           -2.06897569585683       -3.27680400537235       -1.31469331864859
H           -3.99205063631405       -2.34423034822111       -0.07648605789575
H           -3.83033987078502       -0.11600891704587        0.95637984640587
H           -0.91364754798600        1.60065072144380        1.66383975974953
H           -2.63791363968585        1.89748799597581        1.39084559504341
H           -1.44446912249153        2.32834613955505        0.15244198466724
24
 energy: -35.673334611601 gnorm: 0.003422978236 xtb: 6.7.1 (edcfbbe)
C            3.92608943804711        0.77686969766616        0.32956669794507
C            2.65218367812106        1.02803308580451       -0.46324306271294
C            1.55483475151650        0.05540387360900       -0.08946371544251
O            1.69526366958760       -0.94948025678786        0.54720061785635
O            0.37880561843764        0.49126237469382       -0.57572995012274
C           -0.76159496160302       -0.29871969530057       -0.41070264709353
C           -0.83231999729383       -1.55714728308276       -0.98333271487956
C           -1.99385651758658       -2.29806803952214       -0.85822779010802
C           -3.06926867084417       -1.78004151610211       -0.15955308931078
C           -2.98473378177829       -0.52357321109962        0.41564086595811
C           -1.83247688685477        0.24006807579844        0.30178423289749
C           -1.71349848453904        1.60056406937889        0.91550020308699
H            3.74570246960584        0.91785670645051        1.39218732440238
H            4.26715540937838       -0.24389328635529        0.17973245177794
H            4.70778366564415        1.46195706774717        0.01249854020688
H            2.27849664024731        2.04106257323596       -0.30856132335784
H            2.83894588016221        0.90932390603909       -1.53386230003521
H            0.01992233938637       -1.94621998128191       -1.51914453918704
H           -2.05486496252588       -3.27752336107944       -1.30772952974255
H           -3.97604044656959       -2.35663682422633       -0.05918261777360
H           -3.82536011037025       -0.12693608822166        0.96644364672331
H           -0.92254332752195        1.60635687219720        1.66531869077812
H           -2.64667098416369        1.89498401686883        1.38840965970143
H           -1.45195442848075        2.33449722356994        0.15445034843322
24
 energy: -35.673408730713 gnorm: 0.003762958425 xtb: 6.7.1 (edcfbbe)
C            3.93211364501153        0.76233593579314        0.32405772959001
C            2.66010418350446        1.02399625001942       -0.46965570835683
C            1.56334817910996        0.04488465503728       -0.10824795985421
O            1.71483553305407       -0.99233127926664        0.47676542789698
O            0.37573886273020        0.51454369675692       -0.53918608059809
C           -0.76194922843712       -0.28224455086435       -0.39083512777644
C           -0.81773922331798       -1.54109614579562       -0.96443047099337
C           -1.97436364085757       -2.29155282786670       -0.84919333453173
C           -3.06097149040254       -1.78193600941049       -0.16102545832279
C           -2.99280433831221       -0.52343706843777        0.41205708229856
C           -1.84523601693218        0.24944916557228        0.30893783369309
C           -1.74594060082840        1.61215894668490        0.92147436928975
H            3.74960040730083        0.89401367065162        1.38768904168084
H            4.26979238312403       -0.25840972389547        0.16578566380835
H            4.71716992578989        1.44767857305631        0.01508111196224
H            2.28811696327319        2.03718776602996       -0.31070936332750
H            2.85056722799751        0.90990516130613       -1.54030025145118
H            0.04186568915334       -1.92513675290635       -1.49214230809817
H           -2.02268844938315       -3.27240073800030       -1.29723771866602
H           -3.96366113214694       -2.36672895407225       -0.06762324731317
H           -3.84310760325731       -0.13423703952135        0.95398115341900
H           -0.95462315664579        1.63133778049963        1.67033743045730
H           -2.68367902444113        1.89236595976403        1.39456632637306
H           -1.49648909508428        2.34965352886547        0.15985385882128
24
 energy: -35.673432748898 gnorm: 0.003945144187 xtb: 6.7.1 (edcfbbe)
C            3.93289514098244        0.75724963962856        0.32296393475017
C            2.66208482077606        1.02527922220144       -0.47127254758958
C            1.56440622237536        0.04538136576408       -0.11534819788245
O            1.71743685110970       -1.00154830195941        0.45344398444447
O            0.37574759359759        0.52068534664393       -0.53180503311251
C           -0.76161153448997       -0.27712654554477       -0.38728121957469
C           -0.81346162157526       -1.53681417558544       -0.95929450411444
C           -1.96779805675877       -2.29106746165277       -0.84427645097015
C           -3.05773449598003       -1.78298442982831       -0.16029302988605
C           -2.99466314033896       -0.52238741278115        0.40837714057622
C           -1.84864558504673        0.25309174376194        0.30817139186160
C           -1.75464475064133        1.61442647489076        0.92392256255692
H            3.74945393817884        0.88691517440314        1.38657104736670
H            4.26482795878329       -0.26489098825167        0.16159318648459
H            4.72210605287250        1.43909411189008        0.01675131609235
H            2.29250636109718        2.03920201516303       -0.30924845596710
H            2.85350407329433        0.91302426279612       -1.54209023006626
H            0.04732814940875       -1.91948160915797       -1.48564290669761
H           -2.01158802145879       -3.27341305217247       -1.28904052619480
H           -3.95956909445798       -2.36967722960808       -0.06768076010527
H           -3.84759851902756       -0.13373634718681        0.94638390638106
H           -0.96372025965449        1.63445018120660        1.67303023764335
H           -2.69324086006989        1.88954645160580        1.39763211811333
H           -1.50802122297384        2.35478156377310        0.16443303589111
24
 energy: -35.673451221422 gnorm: 0.001625115988 xtb: 6.7.1 (edcfbbe)
C            3.93310349697360        0.75564299396641        0.32227537762173
C            2.66288291139689        1.02741256668517       -0.47190184779654
C            1.56588868063933        0.04598599030287       -0.12063944871413
O            1.71988521683086       -1.00342947210333        0.44088189623831
O            0.37639726970609        0.52192642957334       -0.52868494206452
C           -0.76096177756875       -0.27608855323590       -0.38586206943088
C           -0.81217463557102       -1.53663845735098       -0.95610276499162
C           -1.96557319947437       -2.29255282362240       -0.84019372824768
C           -3.05762831687223       -1.78311209941184       -0.16087948206973
C           -2.99612152520233       -0.52049402857109        0.40326748876465
C           -1.84978136679802        0.25470405464556        0.30629752141068
C           -1.75728621512954        1.61399397337676        0.92616913330989
H            3.74999055832407        0.88653224908750        1.38559777821005
H            4.25970087672306       -0.26808661464882        0.16034001703778
H            4.72559790955346        1.43352793406409        0.01599860272713
H            2.29318531462682        2.04068776508148       -0.30475091691352
H            2.85487190459831        0.91922303509021       -1.54326266150722
H            0.04912741429229       -1.91980408453688       -1.48120117663197
H           -2.00676479327082       -3.27653872666060       -1.28112241469880
H           -3.96000181957378       -2.36925679736769       -0.06857465684019
H           -3.85076189699655       -0.12875245811318        0.93611132487270
H           -0.96646100569329        1.63136589100202        1.67563819787592
H           -2.69574428472732        1.88625674321313        1.40094138893096
H           -1.51137071678431        2.35749448953394        0.16965738290796
24
 energy: -35.673458974978 gnorm: 0.005183323538 xtb: 6.7.1 (edcfbbe)
C            3.93753875588139        0.75016186488309        0.31710100749152
C            2.66676257682894        1.02870883460686       -0.47409494261134
C            1.57552122099301        0.03740424098982       -0.13577283994845
O            1.74106246884042       -1.03131003487614        0.38838603517882
O            0.37650994936239        0.53051859276062       -0.50082692798819
C           -0.75947702534572       -0.27130013209223       -0.37051662425189
C           -0.80460500074514       -1.53300712243404       -0.93932344717493
C           -1.95708365405732       -2.29214693883340       -0.83094539806389
C           -3.05818747314063       -1.78176881317702       -0.16706552353013
C           -3.00415064485989       -0.51624357843231        0.39165953583233
C           -1.85690793974587        0.25939831680297        0.30854529364766
C           -1.77393803756342        1.61760532762287        0.93240166245681
H            3.75745060014248        0.88159133147179        1.38074110073947
H            4.25755070804946       -0.27531416728575        0.15302168001753
H            4.73309593361242        1.42374595586068        0.00981003366063
H            2.29249380386845        2.03797774280975       -0.29357821989546
H            2.86052405270619        0.93437646711046       -1.54691075867816
H            0.06198448121958       -1.91669873325951       -1.45586113418652
H           -1.98951455263682       -3.27894439352194       -1.26628108387168
H           -3.96047896481601       -2.36884655841447       -0.08057696689853
H           -3.86591249364446       -0.12043840960545        0.91004258278151
H           -0.98209494289753        1.63700716039135        1.68128579162951
H           -2.71380768500916        1.88058150771117        1.40937650991487
H           -1.53433613704024        2.36694153891054        0.17938263374945
24
 energy: -35.673487039707 gnorm: 0.001106002271 xtb: 6.7.1 (edcfbbe)
C            3.93818745091340        0.75117426823493        0.31666155943223
C            2.66550432779432        1.02952445857104       -0.47122727234037
C            1.57543132788658        0.03712178712153       -0.13247998209152
O            1.74285521143546       -1.03310593829307        0.38342394630444
O            0.37670640578770        0.52781760796254       -0.49747055160649
C           -0.75934244340922       -0.27370057979555       -0.36905234341924
C           -0.80533364421674       -1.53495017737888       -0.93874571745538
C           -1.95887343307120       -2.29188383441486       -0.83210987269279
C           -3.05900806430627       -1.78119895814668       -0.16745240467069
C           -3.00396355917454       -0.51669904088092        0.39324270602922
C           -1.85624599254127        0.25781785707196        0.30985680149760
C           -1.77216119500903        1.61754627714529        0.93043119239444
H            3.76065191658633        0.88267034625706        1.38090536136813
H            4.25923183118570       -0.27401249508970        0.15282009419313
H            4.73211795317543        1.42568444961666        0.00721892471191
H            2.29068510335095        2.03761364636802       -0.28853290539629
H            2.85707122213152        0.93850428741809       -1.54426754136842
H            0.06059050720693       -1.91930767024140       -1.45527100215905
H           -1.99302938658768       -3.27774772893557       -1.26957360204158
H           -3.96162615296217       -2.36753097583681       -0.08232163491888
H           -3.86490017403858       -0.12158614443729        0.91302480418085
H           -0.98053132319030        1.63898137932052        1.67918088403148
H           -2.71221863500891        1.88272364908226        1.40634077683601
H           -1.53179925393589        2.36454352928055        0.17539777918222
24
 energy: -35.673506537810 gnorm: 0.002705946873 xtb: 6.7.1 (edcfbbe)
C            3.93905203692304        0.75514893575963        0.31714896390713
C            2.66272882499400        1.03256287772174       -0.46473689360531
C            1.57737538123520        0.03196309952683       -0.13323263509103
O            1.74943654194104       -1.04073293137119        0.37261426330606
O            0.37785659602279        0.52088366256583       -0.49244582494897
C           -0.75858968671718       -0.27952801739823       -0.36552931656662
C           -0.80739339715293       -1.53964480772409       -0.93755670310077
C           -1.96391266633403       -2.29174333672376       -0.83430680343942
C           -3.06187634565448       -1.77989248910336       -0.16748577713352
C           -3.00379087104337       -0.51720450614041        0.39696932179355
C           -1.85445395706082        0.25447014366679        0.31288349290392
C           -1.76763605493482        1.61729958310268        0.92648252390483
H            3.76690736446200        0.88536032813132        1.38271172081918
H            4.26192175594329       -0.26918231290798        0.15147161284542
H            4.72995565228656        1.43163267751319        0.00417588820226
H            2.28455408625262        2.03774033076685       -0.27543393488855
H            2.85185524284522        0.94973497742424       -1.53839111156918
H            0.05728011331690       -1.92589982045287       -1.45403993193381
H           -2.00236961569829       -3.27553600993823       -1.27639722353160
H           -3.96585145057028       -2.36412785288012       -0.08510930235571
H           -3.86327557333769       -0.12235325034058        0.91874706275898
H           -0.97646883732363        1.64274827734531        1.67522723495392
H           -2.70785863766912        1.88765387709758        1.39978293889334
H           -1.52544650272353        2.35864656435859        0.16645043387687
24
 energy: -35.673517107546 gnorm: 0.001571343511 xtb: 6.7.1 (edcfbbe)
C            3.93953018523611        0.75744229606253        0.31755223317489
C            2.66150158450521        1.03444422944515       -0.46159219680969
C            1.57900261435126        0.02915203506893       -0.13367369973129
O            1.75437917056651       -1.04672312444504        0.36560991948239
O            0.37854998337788        0.51777997600899       -0.48974123187395
C           -0.75821441099372       -0.28230435838702       -0.36440108150572
C           -0.80852340564950       -1.54208358320770       -0.93714137767998
C           -1.96668014422492       -2.29211496810875       -0.83496314870778
C           -3.06376709742113       -1.77934814540422       -0.16724945317953
C           -3.00393776358544       -0.51712814953194        0.39821853835897
C           -1.85376160337996        0.25317395877569        0.31349206309215
C           -1.76532671593309        1.61708017937466        0.92447521324795
H            3.76981310015570        0.88695148194960        1.38359312914223
H            4.26264752242857       -0.26656196552125        0.15031796447845
H            4.72929327292607        1.43469556241035        0.00330856476882
H            2.28054244278689        2.03761588546303       -0.26675946439648
H            2.84955073380486        0.95710347377744       -1.53603170136357
H            0.05574412866425       -1.92952013756311       -1.45345943088260
H           -2.00730849272882       -3.27504193841591       -1.27881725266476
H           -3.96858574786268       -2.36247689513878       -0.08548005535977
H           -3.86277612478193       -0.12169668183176        0.92063888083041
H           -0.97425278009398        1.64376709009444        1.67325715329159
H           -2.70531764784412        1.88997852047017        1.39667088317413
H           -1.52210280430152        2.35581525865426        0.16217555111410
24
 energy: -35.673529937661 gnorm: 0.001508234348 xtb: 6.7.1 (edcfbbe)
C            3.94028655445785        0.76211369320797        0.31920635964877
C            2.65932389545011        1.03863829586310       -0.45531763662944
C            1.58313267342929        0.02232868058740       -0.13879723408750
O            1.76556626266489       -1.05970918129288        0.34746379804142
O            0.37994847843516        0.51181840726043       -0.48540837747740
C           -0.75741534602827       -0.28780024663117       -0.36278838383584
C           -0.81108767517110       -1.54699997276564       -0.93639556448293
C           -1.97227047277304       -2.29335620885368       -0.83525356687360
C           -3.06779148026902       -1.77830278992251       -0.16634397903897
C           -3.00442192773909       -0.51634152087316        0.39962891058279
C           -1.85251133506375        0.25113004686873        0.31372301710022
C           -1.76078096315983        1.61656806174505        0.92068599014393
H            3.77441224022810        0.89034135461275        1.38584112149926
H            4.26318857706107       -0.26143075902483        0.14874752003022
H            4.72854448295731        1.44036227730491        0.00323640207027
H            2.27084367782598        2.03681028779161       -0.24760507785715
H            2.84669275130343        0.97465913534046       -1.53121052055098
H            0.05230531816595       -1.93702927768785       -1.45254223456891
H           -2.01670513251887       -3.27518322679050       -1.28100158949878
H           -3.97418040174597       -2.35929904168910       -0.08425085988676
H           -3.86207761722853       -0.11868222135351        0.92260534921233
H           -0.96971041850819        1.64422165769852        1.66950739533695
H           -2.69998007479313        1.89399099544505        1.39126228637790
H           -1.51531206697786        2.35115155315865        0.15500687474517
24
 energy: -35.673535359753 gnorm: 0.001197721368 xtb: 6.7.1 (edcfbbe)
C            3.94004770789099        0.76307046253674        0.31981920515759
C            2.65863730450685        1.04036857651048       -0.45373592982027
C            1.58453277845523        0.02059317185976       -0.14171917824006
O            1.76911222798961       -1.06366833235461        0.33839743057789
O            0.38026897806522        0.51034135331748       -0.48466565470521
C           -0.75712675854064       -0.28932928332953       -0.36281484772794
C           -0.81170198682988       -1.54881940239029       -0.93547182225412
C           -1.97344400418599       -2.29436419059224       -0.83385248791552
C           -3.06896156511121       -1.77788996031648       -0.16610547154193
C           -3.00482712973690       -0.51535957774892        0.39850738591796
C           -1.85222325939798        0.25097129066949        0.31284632175486
C           -1.75931741798604        1.61619599839231        0.92000432240753
H            3.77480922657317        0.88993399276513        1.38668260214761
H            4.26300463758389       -0.26017407235945        0.14770504584181
H            4.72796841314858        1.44188847608173        0.00426060834206
H            2.26761281607250        2.03640452161958       -0.24097185177832
H            2.84639769492494        0.98258148013384       -1.52985024294704
H            0.05139250977211       -1.94005248139300       -1.45121768520093
H           -2.01835146203974       -3.27657518860271       -1.27861550332731
H           -3.97596271151400       -2.35790646712471       -0.08380419510013
H           -3.86249111910884       -0.11605051393638        0.92029406460098
H           -0.96839512445611        1.64255630924802        1.66907784999307
H           -2.69829667730724        1.89444192250029        1.39041925358349
H           -1.51268507876604        2.35084191451327        0.15481078023490
24
 energy: -35.673543326939 gnorm: 0.000358775216 xtb: 6.7.1 (edcfbbe)
C            3.93914838234158        0.76354726191694        0.32069466809573
C            2.65766285146069        1.04354052717101       -0.45194300062290
C            1.58648798238683        0.01833847732277       -0.14859029232085
O            1.77385651762734       -1.06954529770559        0.32095731354326
O            0.38040828554714        0.50904530297216       -0.48430946169889
C           -0.75671569193410       -0.29084599662866       -0.36302726634227
C           -0.81198885847421       -1.55130716363035       -0.93320077627992
C           -1.97407847032602       -2.29613156569999       -0.83045622817322
C           -3.07034980663190       -1.77705294965756       -0.16620308105485
C           -3.00580362402466       -0.51320346193171        0.39544153067620
C           -1.85202961705740        0.25135013813090        0.31107227469085
C           -1.75767344019560        1.61576123680008        0.91976523751919
H            3.77359378770491        0.88652891523178        1.38797442962233
H            4.26220158565045       -0.25907930413273        0.14506392461774
H            4.72711571352845        1.44352932662272        0.00780326187180
H            2.26364408616407        2.03657684381269       -0.23154793566409
H            2.84680619420991        0.99543546802548       -1.52799695367126
H            0.05084468465358       -1.94460905559816       -1.44768442240560
H           -2.01827678481713       -3.28007425191154       -1.27147019872672
H           -3.97798696746193       -2.35586361340204       -0.08333694024404
H           -3.86388122043745       -0.11125206068883        0.91453776202013
H           -0.96729419957081        1.63903914778054        1.66959543768352
H           -2.69656540256545        1.89439515706572        1.39019932533551
H           -1.50912598777581        2.35187691813420        0.15666139152933
24
 energy: -35.673547964274 gnorm: 0.000464859446 xtb: 6.7.1 (edcfbbe)
C            3.93840147678336        0.76378259200587        0.32137761376163
C            2.65670893712260        1.04678590148098       -0.44994371510145
C            1.58838990379794        0.01633795078645       -0.15443580534244
O            1.77934002158265       -1.07636577324707        0.30242629672298
O            0.38053717675535        0.50794727640786       -0.48231355840040
C           -0.75632697782740       -0.29220299215942       -0.36243149435297
C           -0.81188426009888       -1.55360031846077       -0.93052774211708
C           -1.97448689417291       -2.29759928866197       -0.82723043983120
C           -3.07144609720446       -1.77640630042686       -0.16590717380137
C           -3.00674632576174       -0.51154452589904        0.39346180065595
C           -1.85200565506333        0.25153906023792        0.31000638621890
C           -1.75646179052877        1.61567059892460        0.91918548209421
H            3.77292043642103        0.88182923389308        1.38931404823561
H            4.26169485543923       -0.25797603361339        0.14105953638609
H            4.72611826622820        1.44542523995619        0.01154273148154
H            2.26007477672511        2.03701861957241       -0.22176260897373
H            2.84644353219458        1.00776333214460       -1.52627212085495
H            0.05088780191358       -1.94877831539512       -1.44352273216928
H           -2.01849589210919       -3.28257556102535       -1.26606563290116
H           -3.97993629006401       -2.35397128256605       -0.08389666423896
H           -3.86536033608027       -0.10769816879306        0.91014346542684
H           -0.96674710152801        1.63731674463661        1.66978469708784
H           -2.69542444223546        1.89521326702192        1.38905129893095
H           -1.50619512228673        2.35208874317947        0.15695633108344
24
 energy: -35.673551345582 gnorm: 0.000349306992 xtb: 6.7.1 (edcfbbe)
C            3.93821835589627        0.76382154814866        0.32163110513323
C            2.65620767963463        1.04908448435557       -0.44832417411625
C            1.59009692165759        0.01444731437455       -0.15942670074650
O            1.78430157313232       -1.08169853534806        0.28763585849898
O            0.38069637721870        0.50718595402447       -0.47939088301288
C           -0.75594149355376       -0.29326993475758       -0.36072754958984
C           -0.81156143485526       -1.55511358035892       -0.92794527296680
C           -1.97484098494123       -2.29824944625510       -0.82531056987882
C           -3.07244220817241       -1.77575817055681       -0.16608998028474
C           -3.00764908303352       -0.51052628754628        0.39247200837295
C           -1.85218278476341        0.25153307018048        0.31004646277020
C           -1.75627439194548        1.61593485440939        0.91861517677486
H            3.77246787194239        0.87648151802229        1.39011380763189
H            4.26230638034225       -0.25680198175720        0.13627056830462
H            4.72538007103235        1.44767032841748        0.01527076236812
H            2.25749374032375        2.03711365143077       -0.21442175340623
H            2.84645431404355        1.01661433799909       -1.52478267901654
H            0.05140197419059       -1.95149559576365       -1.43958949487619
H           -2.01868028419734       -3.28381546738377       -1.26281469272536
H           -3.98127181260463       -2.35288342203039       -0.08461125425388
H           -3.86671881280178       -0.10578942596599        0.90766842458492
H           -0.96738156636266        1.63726814673593        1.67006807903028
H           -2.69551411758244        1.89646139003372        1.38732824276960
H           -1.50456628459795        2.35178524959120        0.15631450863535
24
 energy: -35.673555534605 gnorm: 0.000301460278 xtb: 6.7.1 (edcfbbe)
C            3.93851602877033        0.76340696522537        0.32132872628248
C            2.65583580698318        1.05137599787350       -0.44652865522841
C            1.59228138457567        0.01221288949246       -0.16419486881745
O            1.79072851851603       -1.08834422510102        0.27015380555790
O            0.38104099894824        0.50650660633665       -0.47365279507120
C           -0.75546581690544       -0.29436280688728       -0.35751966676874
C           -0.81087308405060       -1.55646578793166       -0.92430546923714
C           -1.97487268340241       -2.29868772038752       -0.82314786994612
C           -3.07327729123292       -1.77526982652517       -0.16603017484881
C           -3.00879587979500       -0.50973206147153        0.39188817559049
C           -1.85274384288562        0.25150641915860        0.31080584601486
C           -1.75718461137660        1.61668512426186        0.91777641999343
H            3.77249389102017        0.86777172985777        1.39065172444077
H            4.26489110176735       -0.25511487390965        0.12840976729687
H            4.72414631598014        1.45129021393156        0.02007971301028
H            2.25512056670103        2.03699194852818       -0.20625280254341
H            2.84616700788627        1.02608050496196       -1.52315174295934
H            0.05252691720495       -1.95392122149190       -1.43422165058835
H           -2.01876777660920       -3.28429736414364       -1.26054209539688
H           -3.98266540494400       -2.35179605092544       -0.08638006048929
H           -3.86863318159380       -0.10427608309309        0.90520060050902
H           -0.96964187579519        1.63880709684872        1.67058305055232
H           -2.69714067467981        1.89846400209988        1.38429802620757
H           -1.50368641508030        2.35116852329126        0.15475199644016
24
 energy: -35.673560107164 gnorm: 0.000370738304 xtb: 6.7.1 (edcfbbe)
C            3.93981446189203        0.76267623152464        0.32022652600452
C            2.65581150906855        1.05356172739478       -0.44436804290771
C            1.59544785560610        0.00888928572229       -0.16968786136865
O            1.79923810719502       -1.09710516993974        0.24825650519054
O            0.38174337490660        0.50568396834718       -0.46423472749212
C           -0.75474173921383       -0.29564851392154       -0.35210494961188
C           -0.80973043379052       -1.55779928131922       -0.91893110560089
C           -1.97480747406149       -2.29879892359077       -0.82084767524685
C           -3.07450175219212       -1.77453277772457       -0.16656876511653
C           -3.01059491691671       -0.50880278099000        0.39101621145868
C           -1.85386562163327        0.25159903978857        0.31230653370127
C           -1.75969991018205        1.61803449197753        0.91670803653123
H            3.77329516186095        0.85393769516492        1.39076163580934
H            4.27069583603257       -0.25215311529550        0.11549709164621
H            4.72237388043831        1.45754866810206        0.02690187304677
H            2.25272346876580        2.03619303628659       -0.19587863230068
H            2.84578973674846        1.03715567699517       -1.52129663037620
H            0.05440744178960       -1.95634644417774       -1.42660019384352
H           -2.01843740680336       -3.28440881467340       -1.25826710457175
H           -3.98424636603307       -2.35073016631286       -0.08875212421538
H           -3.87152226831618       -0.10259963193181        0.90190235244828
H           -0.97449224244071        1.64190107811978        1.67185559511557
H           -2.70107247505472        1.90123745955981        1.37950076423913
H           -1.50362822766346        2.35050726089372        0.15260468746164
24
 energy: -35.673562587410 gnorm: 0.000274658428 xtb: 6.7.1 (edcfbbe)
C            3.94164645953678        0.76185250543280        0.31851928434687
C            2.65601124714374        1.05483411119826       -0.44260531521061
C            1.59819184413704        0.00614727076311       -0.17314129662658
O            1.80592897210065       -1.10381473485603        0.23199712682713
O            0.38253493489626        0.50500741868473       -0.45534171432862
C           -0.75410575919134       -0.29650549298239       -0.34715210546693
C           -0.80865546883082       -1.55863095661325       -0.91415657852874
C           -1.97445353377070       -2.29888556220885       -0.81872474073416
C           -3.07535862948653       -1.77412858848453       -0.16691543189350
C           -3.01224761367827       -0.50805222022301        0.38999253569025
C           -1.85505852762817        0.25184103667298        0.31357368648149
C           -1.76261880344582        1.61924751454537        0.91601465998698
H            3.77489124578926        0.84088019697498        1.38996632202403
H            4.27762240088557       -0.24904487725728        0.10293010430130
H            4.72068435421201        1.46371556305841        0.03254578904780
H            2.25119725608890        2.03510361356108       -0.18778618216442
H            2.84499169327941        1.04507116086945       -1.51975953598257
H            0.05625242468756       -1.95808701266376       -1.41970325718028
H           -2.01783161724191       -3.28418569641833       -1.25686739361039
H           -3.98576887312898       -2.34965509749344       -0.09157563690782
H           -3.87437268872065       -0.10098904858033        0.89820617880999
H           -0.97977891480195        1.64474759472135        1.67352851084621
H           -2.70547866305865        1.90333829458646        1.37522072957810
H           -1.50422373977094        2.35019300671214        0.15123426069547
24
 energy: -35.673563433559 gnorm: 0.000254008130 xtb: 6.7.1 (edcfbbe)
C            3.94284244760777        0.76158047801559        0.31729852021231
C            2.65616728065283        1.05488150312815       -0.44193693019292
C            1.59920070665546        0.00522819049002       -0.17307428601955
O            1.80795120888869       -1.10573698792264        0.22833011343851
O            0.38296676332609        0.50456107556976       -0.45152473379959
C           -0.75378457724667       -0.29688071143951       -0.34493918032578
C           -0.80819059560189       -1.55892030878604       -0.91213213671499
C           -1.97439815156710       -2.29873829616402       -0.81835061712935
C           -3.07593671486467       -1.77372846970398       -0.16787496840840
C           -3.01305530322630       -0.50765889202254        0.38907210725635
C           -1.85559702879361        0.25194342410438        0.31404942593193
C           -1.76407803504328        1.61968632803591        0.91584544654274
H            3.77650721024508        0.83536813151021        1.38908678052629
H            4.28129600113768       -0.24734001358994        0.09701171153517
H            4.71989951422729        1.46662698907474        0.03405984065642
H            2.25111245416878        2.03443700671787       -0.18494264530148
H            2.84400121490613        1.04712694389906       -1.51929777189740
H            0.05702571738079       -1.95869211832756       -1.41686018185011
H           -2.01735547801204       -3.28411122877323       -1.25635650632114
H           -3.98633574027020       -2.34924016370991       -0.09284476706665
H           -3.87558886588949       -0.10029826300574        0.89633618591900
H           -0.98244048117198        1.64568032298430        1.67455124328926
H           -2.70768528183567        1.90397147242855        1.37339756687765
H           -1.50452426567124        2.35025358748648        0.15109578284274
