19
 energy: -29.851834296171 gnorm: 0.031659052958 xtb: 6.7.1 (edcfbbe)
Br           4.67397200213600        0.82309711018100        1.09633044744300
C            3.28461201230900       -0.43632591248900        0.58789068456500
C            1.92988091573800        0.24746158758900        0.58278610559700
O            0.95197680577000       -0.72271675525600        0.20342765610100
C           -0.34811602509800       -0.30281016655700        0.13786626799900
C           -1.26172231271000       -1.29153094640700       -0.23769337395600
C           -2.62267892348100       -1.00007318995600       -0.34434071606500
C           -3.07917606711900        0.28749212673300       -0.07474845155800
C           -2.17430703125100        1.27907545904600        0.30038344150400
C           -0.81078205127100        0.98612902084400        0.40698969076500
H            3.54188602357300       -0.82793741790400       -0.40060837597700
H            3.31496533560500       -1.26480425193800        1.30160083156900
H            1.93556545128500        1.07542271347400       -0.13704582017200
H            1.70598764035300        0.63344237738600        1.58508380659500
H           -0.90984075114700       -2.29820423869000       -0.44914283093000
H           -3.32292765597500       -1.77765414020000       -0.63727190610100
H           -4.13805089961500        0.51841717605700       -0.15665609095900
H           -2.53000963035100        2.28459190884400        0.51102974131000
H           -0.14123483875300        1.78692753924300        0.70178506444900
19
 energy: -29.853124384623 gnorm: 0.012893959684 xtb: 6.7.1 (edcfbbe)
Br           4.65112559124356        0.81466361682796        1.09112200643256
C            3.27167706758711       -0.44945919440419        0.58279610885730
C            1.92673927298934        0.25378631763946        0.58398996170121
O            0.95257597365318       -0.70718765098981        0.20749204837791
C           -0.35234591054472       -0.30106512721780        0.13774946562169
C           -1.26331360362198       -1.28794619163684       -0.23698761661424
C           -2.61159788735706       -0.99594522051097       -0.34180467827196
C           -3.06829178710675        0.28486809449909       -0.07397066354499
C           -2.16729334379950        1.26726523692515        0.29828912407833
C           -0.81307951361444        0.98231222755188        0.40570428694606
H            3.52610495368530       -0.82761499462984       -0.40821224046577
H            3.29781228691930       -1.26712656216244        1.30430144841687
H            1.93485142174188        1.08483745039701       -0.13329013836651
H            1.70562808976938        0.64353540581878        1.58619151203889
H           -0.90329848781302       -2.28531402337040       -0.44496366719127
H           -3.30643257094279       -1.77070105204231       -0.63328528705152
H           -4.12145509782605        0.51593480925103       -0.15508007984458
H           -2.51698887248085        2.26825800700721        0.50857268471529
H           -0.14241758248389        1.77689885104702        0.69905189634374
19
 energy: -29.853310631598 gnorm: 0.004199453188 xtb: 6.7.1 (edcfbbe)
Br           4.66091970950396        0.79795464405480        1.08814003991193
C            3.26481153501412       -0.44894398142582        0.58201344191315
C            1.92182644305564        0.25824864668516        0.58448039387993
O            0.95307076867557       -0.69800477456137        0.20991410269489
C           -0.35498358330487       -0.30130900893262        0.13733412481423
C           -1.26385568618760       -1.28925293637886       -0.23739601452569
C           -2.60714882314907       -0.99635096270693       -0.34131478274034
C           -3.06571144308178        0.28320549822662       -0.07405271823093
C           -2.16571425196733        1.26252672157703        0.29728289166447
C           -0.81401599447647        0.98101043894303        0.40524434452487
H            3.50978931846261       -0.82504203486576       -0.40992913308724
H            3.28144641190673       -1.26464997501407        1.30295787418536
H            1.93535775374333        1.09298658624580       -0.12994338423328
H            1.70642623382934        0.65224652390112        1.58734643257261
H           -0.89451868800851       -2.28118200013961       -0.44273439237503
H           -3.29953367494181       -1.77087056292997       -0.63240776058801
H           -4.11652874348492        0.51388000648322       -0.15494930987213
H           -2.51171348281139        2.26278755804869        0.50787216086822
H           -0.13992380277956        1.77075961278954        0.69780786080201
19
 energy: -29.853343809869 gnorm: 0.001478388117 xtb: 6.7.1 (edcfbbe)
Br           4.66266216617340        0.78917542396362        1.08612015847521
C            3.26134056946779       -0.45179920028764        0.58081805021974
C            1.92108731487119        0.26233022463093        0.58542934615500
O            0.95498304752032       -0.69208837423899        0.21168676674317
C           -0.35462259026418       -0.29966190887388        0.13780433571625
C           -1.26161270616389       -1.28991332114000       -0.23726709858708
C           -2.60502034800287       -0.99790654217541       -0.34143020263806
C           -3.06596272980339        0.28181634277376       -0.07444218288863
C           -2.16711859522576        1.26238772135059        0.29706005150091
C           -0.81452425858604        0.98273432329502        0.40561849410488
H            3.50120587668205       -0.82818091831074       -0.41203882791343
H            3.27282315333236       -1.26786485798473        1.30114315934746
H            1.93801291077560        1.09907936991178       -0.12776130219941
H            1.70914582121103        0.65846390025855        1.58904055774340
H           -0.88642565009529       -2.27998952584388       -0.44135026985764
H           -3.29671603855517       -1.77345582479139       -0.63269474127182
H           -4.11693743184343        0.51082613493155       -0.15578621966158
H           -2.51326065628829        2.26295709767725        0.50770920590426
H           -0.13905985520743        1.77108993485363        0.69800689128636
19
 energy: -29.853353831512 gnorm: 0.001507727118 xtb: 6.7.1 (edcfbbe)
Br           4.67243312213731        0.77410686605980        1.08355703946421
C            3.25943455458112       -0.45335208579646        0.58016573436327
C            1.92128759171116        0.26645253376224        0.58651381826044
O            0.95572851175898       -0.68563634283033        0.21344066989840
C           -0.35491223932045       -0.29612405851227        0.13867268851174
C           -1.25889842184239       -1.28958900065123       -0.23682254863249
C           -2.60345626900934       -1.00008374513886       -0.34177994200945
C           -3.06727647811105        0.27951827190831       -0.07520619150110
C           -2.17104864898123        1.26325024269962        0.29675739760600
C           -0.81695039530834        0.98613095803345        0.40616584480642
H            3.49448055250602       -0.83133710909656       -0.41346198261998
H            3.26616640880211       -1.27088762463133        1.29919679491988
H            1.94214899927893        1.10489289598694       -0.12546430616757
H            1.71334302637338        0.66439651722787        1.59086931642108
H           -0.87814144038146       -2.27832377211185       -0.43981936675059
H           -3.29446685414654       -1.77713975850602       -0.63333957351039
H           -4.11925133955001        0.50542322663358       -0.15747934129695
H           -2.51941048980558        2.26385908043878        0.50712087932790
H           -0.14121019069463        1.77444290452431        0.69857924108817
19
 energy: -29.853357157233 gnorm: 0.000535240164 xtb: 6.7.1 (edcfbbe)
Br           4.67223237967181        0.77318079694451        1.08329351172439
C            3.25989083162189       -0.45458022460721        0.57991142968482
C            1.92272319496468        0.26688907103570        0.58681704204305
O            0.95553014364984       -0.68466789338343        0.21366207673801
C           -0.35487060679921       -0.29450958370773        0.13909226444517
C           -1.25809470624313       -1.28844581056942       -0.23642208284264
C           -2.60288445681185       -1.00022579619917       -0.34174002691786
C           -3.06725587036431        0.27887833584454       -0.07536739016947
C           -2.17207297523051        1.26343258503263        0.29666771376488
C           -0.81793681642219        0.98726173849359        0.40632425721755
H            3.49407586038686       -0.83303914832443       -0.41391697136789
H            3.26577001580869       -1.27257295669120        1.29867563394817
H            1.94368866247528        1.10492623209146       -0.12535488115821
H            1.71485644503631        0.66438018319958        1.59117104871642
H           -0.87768628414614       -2.27722082999974       -0.43947572560392
H           -3.29340843911875       -1.77756508910119       -0.63330735936873
H           -4.11951978351014        0.50386901383547       -0.15791344842174
H           -2.52183934931254        2.26348744156658        0.50670188247061
H           -0.14319824565859        1.77652193453948        0.69884719727635
19
 energy: -29.853358185370 gnorm: 0.000222133224 xtb: 6.7.1 (edcfbbe)
Br           4.67454673581876        0.76956241908182        1.08267477899525
C            3.25969138038989       -0.45507041107860        0.57975928179552
C            1.92337006708242        0.26766090345183        0.58710102261527
O            0.95516108842134       -0.68352539615506        0.21390490447235
C           -0.35503809621957       -0.29314367448608        0.13941984971485
C           -1.25751693341554       -1.28754792870211       -0.23611488559105
C           -2.60233694577645       -1.00045603657850       -0.34172584305917
C           -3.06737650534852        0.27824193291520       -0.07554626990251
C           -2.17296674001586        1.26330451784113        0.29651586229234
C           -0.81885531134442        0.98816879881975        0.40643411037948
H            3.49345629556426       -0.83355348842403       -0.41411144949480
H            3.26515439237315       -1.27307838441855        1.29844391380924
H            1.94450794205870        1.10542175660069       -0.12513045716781
H            1.71567185082978        0.66486962320629        1.59141694349151
H           -0.87695905393116       -2.27612000851614       -0.43909660341428
H           -3.29214093083290       -1.77815104609915       -0.63328811567976
H           -4.11972463983329        0.50253175700017       -0.15828298208014
H           -2.52384415203576        2.26282872310039        0.50626577060713
H           -0.14480044378681        1.77805594244096        0.69902634039554
19
 energy: -29.853358495325 gnorm: 0.000126429552 xtb: 6.7.1 (edcfbbe)
Br           4.67522817071660        0.76825562201149        1.08243154954835
C            3.25946168652134       -0.45552957038008        0.57961097179862
C            1.92372775619042        0.26822896092498        0.58729418788113
O            0.95528520133357       -0.68274735190145        0.21412015852262
C           -0.35492501142759       -0.29256095895793        0.13958391831626
C           -1.25708504849668       -1.28730056268918       -0.23599403019250
C           -2.60200209922404       -1.00067832590364       -0.34173791631959
C           -3.06749805745808        0.27793993839494       -0.07563952807714
C           -2.17335113174992        1.26327041968312        0.29645587592326
C           -0.81910731466103        0.98863729401980        0.40652029448325
H            3.49221292448506       -0.83420161507030       -0.41443286389011
H            3.26391280900544       -1.27372183877287        1.29810271717501
H            1.94511062407384        1.10601702431051       -0.12489026516347
H            1.71627550147411        0.66546799806538        1.59164348854624
H           -0.87602168377909       -2.27571177647869       -0.43886726424277
H           -3.29146270132614       -1.77867421672558       -0.63333140619411
H           -4.11988766729258        0.50193579857645       -0.15845677241751
H           -2.52464243433522        2.26269056126980        0.50612408324952
H           -0.14523152405202        1.77868259962328        0.69912897323193
