12
 energy: -19.766965253435 gnorm: 0.064563707567 xtb: 6.7.1 (edcfbbe)
O            2.31564631133900       -1.20816012072700        0.27683430261700
C            1.19007025035600       -0.74180160090400        0.21846319692600
C            0.84635957536600        0.64970587427300       -0.21977307114900
C           -0.63060412981800        0.53184659343500       -0.49890194698400
C           -1.06091822340300       -0.53290757094600        0.47566415860700
O            0.05792373592200       -1.41199758591700        0.58592612744500
H            1.05176281352500        1.34362476255600        0.60024473884500
H            1.40405796980200        0.93170257590400       -1.11556122969700
H           -0.78235857280700        0.17760133425200       -1.52595142746700
H           -1.17610673062300        1.47169138206200       -0.38079284095400
H           -1.93266796088500       -1.08753455273600        0.11685047004400
H           -1.28316503877400       -0.12377109125200        1.46699752176800
12
 energy: -19.769900960005 gnorm: 0.018232192622 xtb: 6.7.1 (edcfbbe)
O            2.28769172458596       -1.22697156506038        0.29012607242811
C            1.19328178331548       -0.74148096652124        0.23390380340504
C            0.84835791511875        0.65426624097691       -0.23362413939704
C           -0.64430711890342        0.54884962908465       -0.51104604278917
C           -1.06120604822649       -0.53680889769052        0.47019376217314
O            0.06565670379594       -1.40014778677184        0.58529464883801
H            1.06832818404635        1.34758575961177        0.58040571101020
H            1.44125117908034        0.93371332597400       -1.10346627424060
H           -0.80637412113356        0.20069656004412       -1.53504937839575
H           -1.19409425564735        1.47984112035855       -0.37421212602319
H           -1.91616459834591       -1.12842485873759        0.13302339291607
H           -1.28242134768610       -0.13111856126843        1.46445057007618
12
 energy: -19.770269753166 gnorm: 0.006338035268 xtb: 6.7.1 (edcfbbe)
O            2.27999690369256       -1.23878190994289        0.30347257032792
C            1.19557612205844       -0.74817625839155        0.22967771567304
C            0.84784763479095        0.65541580568354       -0.24281893179306
C           -0.64883229071418        0.55363395100390       -0.51672887230540
C           -1.06122452135256       -0.54070522283006        0.46866955411615
O            0.07263652795552       -1.39063348073644        0.59551721459766
H            1.06873807353039        1.34994743631425        0.57043824439138
H            1.45092592248930        0.93553314922229       -1.10328492378756
H           -0.81884808036863        0.21753630007699       -1.54135066494842
H           -1.19297328908445        1.48147607344517       -0.35630288269213
H           -1.90353038910104       -1.14999981153223        0.13482815390824
H           -1.29031261389631       -0.12524603231298        1.45788282251319
12
 energy: -19.770339850707 gnorm: 0.003558271732 xtb: 6.7.1 (edcfbbe)
O            2.28061245793100       -1.24393303466372        0.30710135828861
C            1.19817476616412       -0.74602347342146        0.24068441303858
C            0.84888726575150        0.65570787661999       -0.24806074462144
C           -0.64890425672925        0.55573651683324       -0.51502109589302
C           -1.06219321692788       -0.54379403954784        0.46784417110773
O            0.07522471115031       -1.38632311821958        0.60151666715233
H            1.07308330599154        1.35541165586883        0.56031543421707
H            1.44900158496928        0.92838582413286       -1.11208186893275
H           -0.82657584880591        0.22772481140150       -1.54021944052692
H           -1.18855316489253        1.48323042298458       -0.34182032158854
H           -1.89637557909653       -1.15737098001945        0.12517264882309
H           -1.30238202550566       -0.12875246196894        1.45456877893627
12
 energy: -19.770379178163 gnorm: 0.001859735327 xtb: 6.7.1 (edcfbbe)
O            2.28257737924111       -1.24338452507049        0.31130634945965
C            1.19881796901877       -0.74597286126877        0.24249772769078
C            0.84994645282082        0.65502845684376       -0.25153532538476
C           -0.64826853312404        0.55706013463339       -0.51287263370128
C           -1.06265063731501       -0.54591431605789        0.46740338567059
O            0.07716709568114       -1.38239723023117        0.61141171204053
H            1.07819329107495        1.35745836790657        0.55360684805705
H            1.44632931290533        0.92128310513320       -1.11995483524646
H           -0.83323577453827        0.23664042705397       -1.53890095601649
H           -1.18402797639186        1.48503649094188       -0.33033231911060
H           -1.89015482092330       -1.16278189956423        0.11590441890700
H           -1.31469375844965       -0.13205615032021        1.45146562763498
12
 energy: -19.770415179592 gnorm: 0.002138313263 xtb: 6.7.1 (edcfbbe)
O            2.28591647952893       -1.23755145825977        0.31945788110141
C            1.19964694109861       -0.74422788061069        0.24767661952768
C            0.85238062585200        0.65216364700921       -0.25801196187217
C           -0.64745203522927        0.56084778865469       -0.50647116082022
C           -1.06357205246902       -0.54975357449722        0.46646373523230
O            0.08049948207083       -1.37524207107376        0.63126575897712
H            1.09287534153311        1.36138581107276        0.53742297986149
H            1.44120539243444        0.90300398275767       -1.13668166591402
H           -0.84582643820115        0.25545832066874       -1.53441811396363
H           -1.17633396462969        1.49005330379304       -0.30833131492949
H           -1.87815627085973       -1.17297620957626        0.09514267755833
H           -1.34118350112907       -0.14316165993838        1.44648456524221
12
 energy: -19.770421668165 gnorm: 0.001153131623 xtb: 6.7.1 (edcfbbe)
O            2.28595475728924       -1.23624662409435        0.32231911478873
C            1.19993142898991       -0.74344873249477        0.24937426559312
C            0.85276659138844        0.65137762756105       -0.25900469712344
C           -0.64791964692317        0.56198500014494       -0.50508008455243
C           -1.06390057681363       -0.55021016893219        0.46586530993859
O            0.08055412228659       -1.37473441879072        0.63184596275846
H            1.09630427270990        1.36283841240462        0.53323149255001
H            1.44097857404960        0.89962126383804       -1.13879785854760
H           -0.84764151331103        0.25845635101125       -1.53325036749651
H           -1.17611609897568        1.49111688594324       -0.30510137443612
H           -1.87699745927933       -1.17444458206556        0.09261785909039
H           -1.34391445141083       -0.14631101452554        1.44598037743780
12
 energy: -19.770426858328 gnorm: 0.000721429849 xtb: 6.7.1 (edcfbbe)
O            2.28600155670064       -1.23376437370098        0.32855952515588
C            1.20025433094497       -0.74217938335065        0.25162570364429
C            0.85314018654332        0.65018805719080       -0.26005226324165
C           -0.64881466986277        0.56339877179862       -0.50307224338554
C           -1.06441124072905       -0.55097839251891        0.46469943918379
O            0.08020344329529       -1.37523204903496        0.63037243604833
H            1.10164451755263        1.36561546699193        0.52668307307679
H            1.43999111263400        0.89457604350615       -1.14191727917110
H           -0.85001802356860        0.26287812477196       -1.53185652131327
H           -1.17565650917430        1.49246810190485       -0.30023945500009
H           -1.87628950182855       -1.17595354814555        0.08965310807155
H           -1.34604520250756       -0.15101681941324        1.44554447693203
12
 energy: -19.770428634981 gnorm: 0.000458642780 xtb: 6.7.1 (edcfbbe)
O            2.28639317678259       -1.23291185462055        0.33197577863040
C            1.20048250934556       -0.74181992328880        0.25260495119646
C            0.85331414246184        0.64997262727782       -0.26080261960577
C           -0.64896934353646        0.56385475969940       -0.50238657973912
C           -1.06457437911111       -0.55173187903700        0.46413797498935
O            0.08034772844907       -1.37561728690625        0.63001075398540
H            1.10336001864305        1.36682337353973        0.52416096112244
H            1.43909937209522        0.89213927830474       -1.14416359848068
H           -0.85155839386108        0.26540095533947       -1.53151001623298
H           -1.17489415969981        1.49295863432828       -0.29711887585644
H           -1.87594734848167       -1.17670279221623        0.08793807453100
H           -1.34705332308717       -0.15236589242058        1.44515319546092
12
 energy: -19.770429834407 gnorm: 0.000152013488 xtb: 6.7.1 (edcfbbe)
O            2.28688757285493       -1.23158871814465        0.33581998515688
C            1.20058663923523       -0.74152045257401        0.25349212434336
C            0.85346509398540        0.64982248750175       -0.26163423953976
C           -0.64901272465125        0.56435106256292       -0.50173622836323
C           -1.06468865811100       -0.55254775708711        0.46353433703344
O            0.08043545492750       -1.37606699678704        0.62962584675416
H            1.10516642551644        1.36788508772767        0.52161726222741
H            1.43799053681743        0.88925346766835       -1.14658222803997
H           -0.85329134641284        0.26825763186559       -1.53109407848333
H           -1.17402459234024        1.49334558166400       -0.29390687428474
H           -1.87559802154360       -1.17721127271675        0.08611054145256
H           -1.34791638027800       -0.15398012168072        1.44475355174423
12
 energy: -19.770430191028 gnorm: 0.000103702581 xtb: 6.7.1 (edcfbbe)
O            2.28717947267318       -1.23084308945618        0.33774838980184
C            1.20069008826187       -0.74134180700633        0.25422753010342
C            0.85357969734971        0.64966317580932       -0.26218811047542
C           -0.64909237601215        0.56475898843496       -0.50124420144610
C           -1.06478346311117       -0.55299840172678        0.46319994017714
O            0.08053607913578       -1.37614665873285        0.62966020257665
H            1.10643469972910        1.36854383332153        0.51991912415548
H            1.43754431212291        0.88744590974675       -1.14796677374948
H           -0.85434419038228        0.26990146717681       -1.53074783099812
H           -1.17367379876474        1.49370529805625       -0.29185016392862
H           -1.87522677479454       -1.17775948768843        0.08480709173278
H           -1.34884374620767       -0.15492922793502        1.44443480205145
