25
 energy: -39.725397534622 gnorm: 0.052617667993 xtb: 6.7.1 (edcfbbe)
C           -2.50121177069600       -2.26814646646800        0.35145968267100
C           -2.24988829520300       -0.77762790961200        0.20981330599700
O           -0.84753448855900       -0.55645778100100        0.33957796601100
C           -0.37558599614300        0.71217537306200        0.13412978458900
C           -1.19099406867800        1.84216773812000       -0.00481744986500
C           -0.62810001923800        3.11480399532600       -0.15519811249300
C            0.75465577422100        3.27758135873900       -0.15847052942000
C            1.57970831776700        2.16412379994200       -0.02099772684700
C            1.01922898564300        0.88386676074900        0.10921823802700
C            1.96483837917100       -0.24515900290900        0.24311132042100
O            2.95471812830800       -0.20877233677600        0.95765228764500
O            1.62303432917800       -1.24325608885800       -0.60840052045500
C            2.50161196547200       -2.36612068523200       -0.56423373084300
H           -2.14416930292700       -2.62885317464200        1.32183310920300
H           -3.56729562765500       -2.49433253549800        0.26080556420500
H           -1.95445637941300       -2.82567339510900       -0.41633701716400
H           -2.60132688790400       -0.44784489526100       -0.77474233814700
H           -2.79064116492200       -0.24695511701600        1.00151152050000
H           -2.27382382384600        1.77151630780500        0.01431533762300
H           -1.27506364274700        3.98320309796100       -0.25826425772000
H            1.18903915539800        4.26859437480100       -0.26396576490200
H            2.66071692315100        2.28940732995500       -0.01757122238100
H            3.50611320834400       -2.07860057414100       -0.89009465293000
H            2.11800700835400       -3.12418630661400       -1.25267299549500
H            2.52841929292500       -2.79545386732400        0.44233820177200
25
 energy: -39.728672318596 gnorm: 0.015840237693 xtb: 6.7.1 (edcfbbe)
C           -2.48452396480711       -2.27064091483955        0.35271503392573
C           -2.24293663122518       -0.77675886479148        0.21035708189525
O           -0.84644439523215       -0.54196867153438        0.32371008606906
C           -0.37811651543186        0.72103744587095        0.12889084642687
C           -1.18896569332419        1.84644485947364       -0.00538757928102
C           -0.62804745827981        3.10697156643205       -0.15241129316927
C            0.74640906316257        3.27293981598885       -0.15390186683194
C            1.56390972330902        2.16614414138852       -0.00960596894714
C            1.01533394679822        0.89244306095667        0.11203669190670
C            1.96479504817593       -0.24337276066911        0.22478060304873
O            2.93937396781277       -0.23190003019635        0.93531267536702
O            1.62865542497332       -1.25313465102620       -0.59689448930374
C            2.49911580005507       -2.37596410173255       -0.56224322038472
H           -2.13348693113944       -2.62114648816881        1.32234326448992
H           -3.54770868515107       -2.48501066168112        0.26360794736146
H           -1.94669428141472       -2.81667498434338       -0.42111100438010
H           -2.59818085623323       -0.43152691105982       -0.76823612448106
H           -2.77985498930054       -0.23694688511596        1.00041960780990
H           -2.26579721671913        1.76589861967043        0.00760128852373
H           -1.27513255193068        3.96677365831833       -0.25855025520102
H            1.17860701548325        4.25781807381420       -0.26302309966138
H            2.63895491413581        2.27862640051801       -0.00776654808382
H            3.50365783888478       -2.08300347388159       -0.87595104178694
H            2.09563810279892       -3.11668041637995       -1.25363628561198
H            2.54143932460047       -2.79036782701243        0.44694365030172
25
 energy: -39.729134322458 gnorm: 0.006886524794 xtb: 6.7.1 (edcfbbe)
C           -2.47073662021858       -2.26950354247243        0.35266021993716
C           -2.23858381715287       -0.77391290962087        0.21001320498822
O           -0.84498006420208       -0.53488276029910        0.30680727046515
C           -0.38112984997958        0.72469402948238        0.12284971103024
C           -1.19040439849167        1.84949561651112       -0.00909210693669
C           -0.62990038644698        3.10618509737934       -0.15196798060224
C            0.74240123789533        3.27408278542515       -0.14892622496889
C            1.55639993250659        2.16655126737629       -0.00905846588771
C            1.01233534171671        0.89542379210272        0.10893018076175
C            1.95567077616096       -0.24945062135146        0.22472392915557
O            2.94061604027806       -0.24434143951224        0.91607744066759
O            1.62377179340021       -1.26190647863787       -0.58475302134173
C            2.49499151260480       -2.38141604226826       -0.55882949542804
H           -2.11488228753399       -2.61231860156569        1.31992770381425
H           -3.53260551558600       -2.48283912649948        0.26791280033653
H           -1.93495083988743       -2.80559721290626       -0.42532177083086
H           -2.60598167020793       -0.42349999003068       -0.76381551027921
H           -2.77071968533325       -0.23382508714618        1.00510183437053
H           -2.26471605493996        1.75982294833942       -0.00040652702594
H           -1.27866754255530        3.96201107811482       -0.25979585683407
H            1.17380028549520        4.25680108369175       -0.25482668267284
H            2.63006443980797        2.27019522280125        0.00333996402588
H            3.49987753083958       -2.08648886759651       -0.86901833577822
H            2.08049514538416       -3.10983309557575       -1.25211434929722
H            2.54783469644704       -2.79544714574255        0.44958206833276
25
 energy: -39.729243940698 gnorm: 0.003338620918 xtb: 6.7.1 (edcfbbe)
C           -2.46180151686909       -2.26948900913613        0.35226478394285
C           -2.23618553161309       -0.77282483201788        0.20932885236332
O           -0.84307613425052       -0.53346059835045        0.29237974370289
C           -0.38149754255863        0.72542267523429        0.11593854594394
C           -1.19133001340604        1.85073384312328       -0.01486128990449
C           -0.63136094404130        3.10829889045449       -0.15246241663453
C            0.74106641981018        3.27794954671965       -0.14376260925842
C            1.55516923872560        2.17011778650910       -0.00301872735591
C            1.01261884614268        0.89802637214131        0.10708367040773
C            1.95588035703455       -0.24799847399483        0.21758301638312
O            2.94562744505331       -0.24739853999480        0.90502036358602
O            1.61583130355680       -1.26652211468174       -0.57907941634004
C            2.48655835700343       -2.38602408680270       -0.55474924319936
H           -2.09802116177690       -2.60958715172146        1.31713579968440
H           -3.52299087475334       -2.48762897161574        0.27298184006002
H           -1.92644790679160       -2.80038768609565       -0.42901431313300
H           -2.61574559403551       -0.42180322778659       -0.76043424191664
H           -2.76234584637019       -0.23469468107721        1.01052815684651
H           -2.26529565149182        1.75627683674143       -0.00889281641824
H           -1.28178824116992        3.96323159814461       -0.25954836839499
H            1.17188597640823        4.26099752441153       -0.24596644832114
H            2.62932390533654        2.27065088429360        0.01193594423687
H            3.49108482899397       -2.09171979986720       -0.86778778506356
H            2.06781289023437       -3.11198483965681       -1.24631499421872
H            2.54502739082925       -2.80018194497522        0.45371195300334
25
 energy: -39.729384135183 gnorm: 0.004781902305 xtb: 6.7.1 (edcfbbe)
C           -2.44567442277036       -2.27110417334340        0.35188362092521
C           -2.23323329221914       -0.77228728624540        0.20776171830203
O           -0.84040002951760       -0.53195863222672        0.26195185712740
C           -0.38143944911070        0.72671737945458        0.10041480102818
C           -1.19172745131303        1.85343998946297       -0.02779994796882
C           -0.63237634567950        3.11327529424606       -0.15256009645723
C            0.74037919517784        3.28535769940703       -0.13212606787390
C            1.55509030301026        2.17676184151192        0.00633138470283
C            1.01378136259522        0.90229771397038        0.10162036658293
C            1.95420681868690       -0.24523357473112        0.20826841152675
O            2.95956361093216       -0.24167954984625        0.87755345485905
O            1.59747231990641       -1.27525730061311       -0.56608993654366
C            2.46847153609923       -2.39434579468023       -0.54643960755176
H           -2.06434622784438       -2.60789274686071        1.31145617654838
H           -3.50540151348962       -2.50117310700941        0.28543462064933
H           -1.91242493614585       -2.79368176739872       -0.43656881900085
H           -2.63766519956862       -0.42146005670355       -0.75323132345573
H           -2.74501648793244       -0.23781012429391        1.02170827246427
H           -2.26551797649137        1.75261082274598       -0.02961633418676
H           -1.28498591795183        3.96744614321187       -0.25917881621548
H            1.17027837469072        4.27008157075786       -0.22319504957680
H            2.63004657208686        2.27475176394945        0.03136743083679
H            3.47154025948338       -2.10041795786993       -0.86630400173541
H            2.04394892094572       -3.11908511339086       -1.23438944806786
H            2.53542997642068       -2.80935303350602        0.46174733308304
25
 energy: -39.729505779550 gnorm: 0.007984693039 xtb: 6.7.1 (edcfbbe)
C           -2.42776833853347       -2.27463773427680        0.35194949490877
C           -2.23029434311008       -0.77372785693927        0.20522820656814
O           -0.83747838400401       -0.53081793731641        0.22433340549654
C           -0.38028463176089        0.72882376940521        0.08007539929677
C           -1.19103439944164        1.85661800743564       -0.04414248069840
C           -0.63259838250996        3.11895444836033       -0.15164153848027
C            0.74011416200978        3.29343357295266       -0.11568412245592
C            1.55575498549406        2.18474332089686        0.01810479571345
C            1.01580776429823        0.90734284587536        0.09362766580846
C            1.95545383412192       -0.23890139472692        0.19397771978493
O            2.97953789772626       -0.22560588047942        0.83770742359738
O            1.57550969722116       -1.28457079466005       -0.55083550382287
C            2.44542475920899       -2.40424273533190       -0.53501218797451
H           -2.02549269913785       -2.60879134612255        1.30468304723381
H           -3.48572027954498       -2.51829234856321        0.30253075309898
H           -1.89990042294812       -2.78982713726759       -0.44554897753525
H           -2.66319211312620       -0.42462988213358       -0.74481279912812
H           -2.72328925283618       -0.24235699976754        1.03337401789570
H           -2.26475266165327        1.75154486828792       -0.05674134694530
H           -1.28641504862531        3.97299515109155       -0.25642309426792
H            1.16888943417342        4.28049201667700       -0.19134342074202
H            2.63089163787131        2.28261954853593        0.05479511878175
H            3.44636762220681       -2.11215616857441       -0.86401791574775
H            2.01468135158321       -3.13063623530284       -1.21747678864335
H            2.51978781131771       -2.81837309805737        0.47329312825891
25
 energy: -39.729606976627 gnorm: 0.007946202569 xtb: 6.7.1 (edcfbbe)
C           -2.41269223431515       -2.27868024043537        0.35277294589298
C           -2.22750067484104       -0.77662806561913        0.20160240823412
O           -0.83506908719311       -0.52995599707104        0.18936314386718
C           -0.37858013318144        0.73139168726551        0.06025255036625
C           -1.18987648218621        1.85939171765210       -0.05862629394898
C           -0.63265228282808        3.12371105956047       -0.14855164652185
C            0.73957047167137        3.29981353623952       -0.09846554726001
C            1.55609562403764        2.19137912366671        0.02796087921652
C            1.01771044488139        0.91148043077522        0.08423796793849
C            1.95895019496161       -0.23158988678316        0.17802460695108
O            3.00018351749025       -0.20482368230909        0.79389991214530
O            1.55773682165546       -1.29147885100087       -0.53800397083057
C            2.42452794811243       -2.41310654561070       -0.52309607575860
H           -1.99227652722669       -2.61048702049363        1.29893375215300
H           -3.46904635553772       -2.53216026830963        0.32034646002018
H           -1.89316126009879       -2.79032482073407       -0.45285314346766
H           -2.68362283107154       -0.43086632982682       -0.73830551651855
H           -2.70253691465127       -0.24608891134356        1.04038381764113
H           -2.26346992594393        1.75315984595336       -0.08219342800357
H           -1.28636487911083        3.97816640588724       -0.25075447600963
H            1.16712485195703        4.28896622887990       -0.15812112419896
H            2.63064170421287        2.29114103883843        0.07477674022560
H            3.42396608271525       -2.12523507110155       -0.85975652204366
H            1.98816319230886       -3.14271472803715       -1.19973092328056
H            2.50217873418248       -2.82446065604422        0.48590348319267
25
 energy: -39.729694040946 gnorm: 0.004224431651 xtb: 6.7.1 (edcfbbe)
C           -2.40287464900510       -2.28183776452630        0.35418446663358
C           -2.22476064488086       -0.77985651206175        0.19660751776410
O           -0.83317582623205       -0.52961436447017        0.16206483891642
C           -0.37662811472577        0.73379578874659        0.04420299275503
C           -1.18887818667434        1.86099310546583       -0.06837211257929
C           -0.63331799231570        3.12663820966352       -0.14310440743898
C            0.73811087654223        3.30363615337771       -0.08316904745339
C            1.55557508950176        2.19568449795029        0.03389193656569
C            1.01916485028233        0.91411253719777        0.07466222988798
C            1.96437636727597       -0.22493321290903        0.16180549378559
O            3.01797299459271       -0.18487519794970        0.75241246500020
O            1.54839511650332       -1.29470150458170       -0.53054315946235
C            2.40983597178700       -2.41990718149164       -0.51215352353682
H           -1.96927677821051       -2.61114618418666        1.29498857889778
H           -3.45833784774911       -2.53901041931702        0.33690598827290
H           -1.89386889667670       -2.79472610956634       -0.45738766161594
H           -2.69552323695502       -0.43842494344368       -0.73578575522966
H           -2.68579483351880       -0.24783138409584        1.04086791665635
H           -2.26223155687385        1.75609060293253       -0.10069303635501
H           -1.28613093410210        3.98184790651959       -0.24124700994594
H            1.16429631732254        4.29416018722774       -0.12892472061724
H            2.62902943379821        2.29841287216847        0.08663356790841
H            3.40928659616278       -2.13893013141144       -0.85290360671235
H            1.96904467945264       -3.15313930182186       -1.18346912076089
H            2.48571120469924       -2.82643764941857        0.49852516866568
25
 energy: -39.729744334049 gnorm: 0.002384800180 xtb: 6.7.1 (edcfbbe)
C           -2.39821985479672       -2.28279823206994        0.35498371669798
C           -2.22222039345818       -0.78141762677084        0.19075413163180
O           -0.83124538631343       -0.53019162855103        0.14228469072225
C           -0.37498271525857        0.73494783785222        0.03322481857440
C           -1.18877473159417        1.86093765589146       -0.07300122429629
C           -0.63523130619399        3.12771618506439       -0.13608905768245
C            0.73555763663786        3.30578396887300       -0.07148731013750
C            1.55414303981132        2.19819997485834        0.03592804129584
C            1.02020085569845        0.91556257603351        0.06642706914397
C            1.97027403437182       -0.22052498254635        0.14714164292073
O            3.03484308516291       -0.16962835157640        0.71525183857826
O            1.54439550729039       -1.29761698087445       -0.52557303017693
C            2.40202766283231       -2.42540165141421       -0.50244523278998
H           -1.95436139470218       -2.60935817710265        1.29159264864931
H           -3.45394732591888       -2.53874484620813        0.35109035915808
H           -1.90001518207508       -2.79899745427368       -0.46108940313127
H           -2.70206451079866       -0.44304115720103       -0.73716326070012
H           -2.67401269516462       -0.24733383536978        1.03794598395021
H           -2.26179222723714        1.75661617800765       -0.11094118157639
H           -1.28788809119375        3.98321339641125       -0.22921912470406
H            1.16028945176936        4.29701976749899       -0.10691370637034
H            2.62683706395613        2.30296806092610        0.09095893051058
H            3.40212509053149       -2.15062599414978       -0.84529475584106
H            1.95773933865371       -3.16120840303777       -1.16908134923129
H            2.47632304799044       -2.82607628027262        0.51071476480612
25
 energy: -39.729785977862 gnorm: 0.002381254566 xtb: 6.7.1 (edcfbbe)
C           -2.39675504876198       -2.28226186971314        0.35503220853711
C           -2.21969627116856       -0.78173784176758        0.18384249688743
O           -0.82907976253502       -0.53167051836497        0.12437963907939
C           -0.37322496935229        0.73473772611974        0.02350787354723
C           -1.18910517111185        1.85966311890661       -0.07478660127104
C           -0.63815295903078        3.12792037910534       -0.12714663262632
C            0.73224297573268        3.30777770514290       -0.06091461946117
C            1.55253436914689        2.20063479708260        0.03605432931991
C            1.02154479368584        0.91667767613385        0.05741091457191
C            1.97716847028365       -0.21643919401578        0.13051779780514
O            3.05296035437107       -0.15493713664359        0.67565529265132
O            1.54140975903037       -1.30260886090533       -0.51946390727414
C            2.39763821864128       -2.43136250505537       -0.49166651714760
H           -1.94217389290223       -2.60607422731423        1.28721890868170
H           -3.45336282342542       -2.53464178478897        0.36548863178752
H           -1.91064967993690       -2.80300125729199       -0.46534581552870
H           -2.70629568381759       -0.44589569058370       -0.74125029159585
H           -2.66438604163277       -0.24467398589643        1.03271950397983
H           -2.26173058236524        1.75464114016753       -0.11556934375650
H           -1.29189395734530        3.98319078657427       -0.21338606579972
H            1.15520953312516        4.29969184203147       -0.08733252813757
H            2.62495097854565        2.30675399317437        0.09093656745296
H            3.39776449945411       -2.16106094494846       -0.83775012504476
H            1.95014353801968       -3.17017130347761       -1.15255707608878
H            2.47293935335035       -2.82515204367332        0.52440535943255
25
 energy: -39.729834470629 gnorm: 0.002759705179 xtb: 6.7.1 (edcfbbe)
C           -2.39806241427789       -2.28015439403334        0.35431457677386
C           -2.21693568949632       -0.78103255385663        0.17355106157971
O           -0.82653352395234       -0.53436840444960        0.10129310799244
C           -0.37086989537307        0.73295380774170        0.01105807620053
C           -1.18964275127103        1.85707466452276       -0.07427542014403
C           -0.64254318058805        3.12741530878664       -0.11301510283804
C            0.72759157772307        3.31012493422706       -0.04795147922826
C            1.55055718741029        2.20363978869844        0.03350141869989
C            1.02368018029363        0.91763116150393        0.04333318431102
C            1.98622878461652       -0.21126382759794        0.10648008110682
O            3.07759384519227       -0.13463952661588        0.61911341478223
O            1.53750068403010       -1.31203023782210       -0.50848365974183
C            2.39540216425708       -2.43958505080565       -0.47555579171388
H           -1.92769072139295       -2.60112904089475        1.27959597977583
H           -3.45610183589530       -2.52589047414185        0.38593379061966
H           -1.93034115163055       -2.80778928851294       -0.47241194263148
H           -2.71064939254024       -0.44799965197175       -0.74912024912033
H           -2.65363535566041       -0.23912728405404        1.02372874659930
H           -2.26182702709504        1.74995414579808       -0.11582340385889
H           -1.29903139688953        3.98183771588116       -0.18753656519827
H            1.14797577410417        4.30314771426680       -0.06281534712884
H            2.62307914224046        2.31092624872673        0.08631723641578
H            3.39411593361758       -2.17203816352223       -0.82797295576234
H            1.94456656181761       -3.18377291530297       -1.12740439697458
H            2.47557250076074       -2.82388467657346        0.54414563948555
25
 energy: -39.729872563692 gnorm: 0.002904622628 xtb: 6.7.1 (edcfbbe)
C           -2.40499461219572       -2.27653343800772        0.35303027783355
C           -2.21608703170005       -0.77927379831622        0.16354660051474
O           -0.82555484794174       -0.53740295219742        0.08621009370929
C           -0.36913847733557        0.72969260697333        0.00291115981248
C           -1.19013198891692        1.85380810869454       -0.06880508020777
C           -0.64639548630219        3.12555935865338       -0.09814376419743
C            0.72385853961146        3.31055537317985       -0.03979990538004
C            1.54913059574930        2.20475752440945        0.02662063275084
C            1.02551950718505        0.91712885773797        0.02940705399528
C            1.99326310756673       -0.20781077226874        0.08509627974796
O            3.09455734421869       -0.11903116280967        0.57185341211516
O            1.53737597466252       -1.32148776597518       -0.49789399475685
C            2.40067733825782       -2.44520994790184       -0.46101487357097
H           -1.92172494939277       -2.59621193714026        1.27182403058665
H           -3.46438437932192       -2.51310004593956        0.40355611189542
H           -1.95540054107513       -2.81225924548732       -0.47843651774982
H           -2.71063552490140       -0.44827409263029       -0.75973718619376
H           -2.64948442531456       -0.23188896419264        1.01205882472271
H           -2.26214360496361        1.74465414575412       -0.10607416407515
H           -1.30621030142840        3.97876335602571       -0.15961111686093
H            1.14211666686301        4.30430019846921       -0.04729280830254
H            2.62214651790652        2.31240260305922        0.07361377068865
H            3.39668603783394       -2.17605074663787       -0.82000413958998
H            1.94930752519018       -3.19587989692283       -1.10428799203495
H            2.48764701574558       -2.82120736653105        0.56137329454934
25
 energy: -39.729856987902 gnorm: 0.008994589529 xtb: 6.7.1 (edcfbbe)
C           -2.40867503164969       -2.27371389590704        0.35013838840062
C           -2.21583238202053       -0.77807531034754        0.15092134643770
O           -0.82520519346399       -0.54011781742301        0.05983351997201
C           -0.36772740652304        0.72684032144784       -0.00900043799219
C           -1.19036731322774        1.85167414849544       -0.06469928918201
C           -0.64991556629604        3.12499764372559       -0.07980580730531
C            0.72050494070299        3.31229664115689       -0.02690534298718
C            1.54757142932596        2.20701056325750        0.02037854913697
C            1.02740084228350        0.91722625862712        0.01230614442461
C            2.00075645995444       -0.20227530236729        0.05803210910036
O            3.12500799777753       -0.09233021279565        0.49921798305320
O            1.52689102301865       -1.33782102236068       -0.47449033224679
C            2.40063231358415       -2.45379038520231       -0.43948548319671
H           -1.90558881909852       -2.59189012723170        1.25939320784399
H           -3.46838031374671       -2.50384640552225        0.42626337397279
H           -1.98114214572776       -2.81572318951201       -0.48913737392228
H           -2.71798175333941       -0.44963094150690       -0.77030111125618
H           -2.64106578284997       -0.22579224510434        1.00099621742475
H           -2.26235898406940        1.73975536721962       -0.09978012843960
H           -1.31311476999052        3.97686629117254       -0.12583936187764
H            1.13672074724583        4.30725152414701       -0.02282330917632
H            2.62103114007348        2.31460594313840        0.06278812048161
H            3.39001383258849       -2.17896405203768       -0.81334954657401
H            1.94691077520649       -3.21416874945370       -1.06991812125646
H            2.50391396024255       -2.82038504561773        0.58526668516591
25
 energy: -39.729907986606 gnorm: 0.001379669575 xtb: 6.7.1 (edcfbbe)
C           -2.41242096604389       -2.27386580127519        0.34977565710541
C           -2.21895590834453       -0.77784604899064        0.15650210206857
O           -0.82778167035765       -0.53906031393059        0.07806818284603
C           -0.36962079805175        0.72691264630559        0.00118259836253
C           -1.19022519449796        1.85253601517837       -0.06073449958285
C           -0.64722589585821        3.12424995698588       -0.08627027657140
C            0.72358780132311        3.30941768678949       -0.03748918449071
C            1.54872953750461        2.20368954793519        0.01824157778226
C            1.02570160460839        0.91542256107745        0.02032835903286
C            1.99501444305312       -0.20641200008770        0.07262535489572
O            3.10716145144396       -0.10647033475741        0.53520617566750
O            1.53257560755168       -1.33240996243052       -0.48093855105635
C            2.40771561966923       -2.44734919700290       -0.44903651401482
H           -1.91995050576021       -2.59464902275016        1.26308503461908
H           -3.47149038446145       -2.50517266626089        0.41309204568889
H           -1.97518510377230       -2.81304800824673       -0.48514557103523
H           -2.71283146311836       -0.44708330922323       -0.76809460830580
H           -2.65174032809256       -0.22802233342755        1.00402306997963
H           -2.26261312624028        1.74234080471924       -0.09172351787881
H           -1.30885638036174        3.97652424845041       -0.13755019954160
H            1.14170758625821        4.30334329535025       -0.04304714010347
H            2.62232312349460        2.31020867307879        0.05834317770852
H            3.39699969009893       -2.16855618066969       -0.81969995006705
H            1.95767647031696       -3.20581546914516       -1.08426881741117
H            2.50970478963888       -2.81888478767412        0.57352549430415
25
 energy: -39.729923466868 gnorm: 0.001097594320 xtb: 6.7.1 (edcfbbe)
C           -2.41642646416841       -2.27347054998050        0.34663264808864
C           -2.22205774841670       -0.77758662828909        0.15467873293902
O           -0.83026141914038       -0.53929133237525        0.07680994305310
C           -0.37084246853485        0.72603211050273        0.00216468559107
C           -1.19034308261017        1.85301258148330       -0.05540422635179
C           -0.64667549895585        3.12442733201825       -0.08126014345965
C            0.72460507434785        3.30857739251754       -0.03848175871702
C            1.54869908802609        2.20227614871797        0.01392008770758
C            1.02483375167220        0.91388418667147        0.01797903067328
C            1.99523280770047       -0.20603456460101        0.06873595472647
O            3.11095756563468       -0.10119313195396        0.52126490891098
O            1.52977759198203       -1.33826558780187       -0.47026871888698
C            2.41220869864002       -2.44761441127919       -0.44382857412222
H           -1.91956330172948       -2.59579894872710        1.25743153118413
H           -3.47561598855353       -2.50365733844007        0.41556371262846
H           -1.98399348613827       -2.81234346804264       -0.49127945054886
H           -2.71504285854319       -0.44582376150965       -0.77015414468053
H           -2.65497477281965       -0.22817138283506        1.00239634588872
H           -2.26303128752419        1.74370414580474       -0.08186330652026
H           -1.30800484988160        3.97702611398233       -0.12874770373119
H            1.14359660772953        4.30222756390884       -0.04645404169764
H            2.62254275423149        2.30777417477967        0.04957068707906
H            3.39637715993059       -2.16173541290180       -0.82294230593610
H            1.96295579503782       -3.21063568879347       -1.07469435476082
H            2.52504633208429       -2.81731954285798        0.57823046094444
25
 energy: -39.729940482788 gnorm: 0.003406744796 xtb: 6.7.1 (edcfbbe)
C           -2.42149749440939       -2.27355810953303        0.33981943779553
C           -2.22792871141855       -0.77703936270942        0.15336312896243
O           -0.83548142224921       -0.53857690796138        0.07656419058048
C           -0.37388770030630        0.72568596181953        0.00581140321602
C           -1.19112449115813        1.85480270746737       -0.04587278416105
C           -0.64559763938593        3.12528203526095       -0.07454523358057
C            0.72650978314014        3.30693985980769       -0.04159084361838
C            1.54816014783373        2.19908770350866        0.00738619497906
C            1.02221603240892        0.91092200901726        0.01693864604194
C            1.99490541509730       -0.20619250931413        0.06456650841183
O            3.12115150881411       -0.09027126794984        0.49274673853874
O            1.52421949135554       -1.34818911167549       -0.44896220681268
C            2.41854903846473       -2.44818802570095       -0.43480449810368
H           -1.91897637527956       -2.60000360663573        1.24597095355858
H           -3.48008424230717       -2.50416713254440        0.41515515780316
H           -1.99503344287956       -2.80955992245615       -0.50298005666995
H           -2.72003424995243       -0.44178057786772       -0.77034429290490
H           -2.66051428263014       -0.23047540200679        1.00278641055984
H           -2.26432972733781        1.74782576918452       -0.06584457584193
H           -1.30532255698875        3.97939097558806       -0.11650324618393
H            1.14766571398579        4.30001869048867       -0.05420177770856
H            2.62238457780171        2.30241400823351        0.03648676588652
H            3.39305040963666       -2.15122564627694       -0.83028801854202
H            1.96865868571346       -3.21811377126414       -1.05730935234049
H            2.55234153205162       -2.81502836648188        0.58565135013591
25
 energy: -39.729949800566 gnorm: 0.002289618656 xtb: 6.7.1 (edcfbbe)
C           -2.42155281642286       -2.27427435390241        0.33656136936813
C           -2.22928103636837       -0.77699845182391        0.15500406678393
O           -0.83649059689919       -0.53812248720101        0.07693710584618
C           -0.37467393896522        0.72622381449572        0.00706364486400
C           -1.19144914868590        1.85572307222529       -0.04341834422547
C           -0.64525321182109        3.12612591041588       -0.07365621875826
C            0.72700641113683        3.30711124919729       -0.04288127660770
C            1.54797898043146        2.19871445842821        0.00649546136360
C            1.02143715969340        0.91051909286372        0.01767093949107
C            1.99541212342924       -0.20573286435550        0.06342440185844
O            3.12296364848171       -0.08744505030257        0.48565589059841
O            1.52246556390151       -1.35085271228723       -0.44213771609048
C            2.41891337766292       -2.44895142948880       -0.43239436174704
H           -1.91729592567289       -2.60331705557722        1.24109333499113
H           -3.48009998035583       -2.50644033937174        0.41238405207768
H           -1.99546312052366       -2.80677657016571       -0.50899138786080
H           -2.72333276836248       -0.43882877235715       -0.76674555513574
H           -2.66052832450416       -0.23363943152422        1.00733730868272
H           -2.26478385379967        1.74956540855387       -0.06196986027856
H           -1.30405643774303        3.98093641129815       -0.11595255079231
H            1.14886584889670        4.29997156734726       -0.05803563882692
H            2.62220394219850        2.30149957568748        0.03477578716398
H            3.39009578857206       -2.15026387054359       -0.83437701153077
H            1.96683008337003       -3.22051865198268       -1.05138739297152
H            2.56008823235074       -2.81422851963092        0.58754395173818
25
 energy: -39.729965809639 gnorm: 0.001454343308 xtb: 6.7.1 (edcfbbe)
C           -2.42224040602627       -2.27526865461558        0.32899220555871
C           -2.23103548859031       -0.77639962439396        0.15953339895932
O           -0.83815270048814       -0.53723241134547        0.08133692262119
C           -0.37585636677790        0.72700037693555        0.01156173414819
C           -1.19216826500735        1.85673229484298       -0.03767042270509
C           -0.64507059812962        3.12676802160418       -0.07256636614355
C            0.72741912467907        3.30686534647249       -0.04635273346104
C            1.54760981283858        2.19793211433591        0.00438149079752
C            1.02030028007477        0.90991211563942        0.01981522116188
C            1.99624712147593       -0.20521943996705        0.06184505431441
O            3.12798019497642       -0.08184925345163        0.46888431969281
O            1.51960253084213       -1.35516038233089       -0.42834406396873
C            2.41982902226170       -2.45000115501880       -0.42738894771161
H           -1.91685391036756       -2.61095702493451        1.23032488093623
H           -3.48053338396613       -2.50937065276666        0.40318493311775
H           -1.99588352303689       -2.80014815314865       -0.52133172733356
H           -2.72694528633537       -0.43096487382928       -0.75839570276790
H           -2.66066019272810       -0.23986014328057        1.01708590132928
H           -2.26566037307831        1.75163192436634       -0.05252145215690
H           -1.30275836007876        3.98245468607957       -0.11559411561239
H            1.15022757287362        4.29920315273956       -0.06682147420007
H            2.62192580639925        2.29972838082919        0.02991697981647
H            3.38438941476519       -2.14932213897141       -0.84339556890381
H            1.96193633944668       -3.22479869334887       -1.03804409880276
H            2.57635163397812       -2.81167581244365        0.59156363131554
25
 energy: -39.729988438803 gnorm: 0.002922561901 xtb: 6.7.1 (edcfbbe)
C           -2.42304875141470       -2.27716494186964        0.30946615013710
C           -2.23215407147721       -0.77468395099240        0.17013577483929
O           -0.83974919571014       -0.53593451006221        0.09046547601065
C           -0.37666721267953        0.72804115999683        0.02118067176319
C           -1.19330992792433        1.85760407267925       -0.02401968995317
C           -0.64604619384995        3.12732647927663       -0.06803689197782
C            0.72665084579753        3.30705250708501       -0.05213013038943
C            1.54669999222047        2.19800213949189       -0.00136731941004
C            1.01960967766637        0.90987917542204        0.02170939752695
C            2.00049351859070       -0.20219637782427        0.05240446548963
O            3.14715847489476       -0.06421947498626        0.41285248910291
O            1.51066897272493       -1.36581026509856       -0.39313996011913
C            2.41847958313131       -2.45425059721856       -0.41126864482875
H           -1.91474672143161       -2.63094972906352        1.20193934509673
H           -3.48090240472708       -2.51344917405793        0.38057532345694
H           -1.99810114874306       -2.78356197468517       -0.55299428741088
H           -2.73301851183113       -0.41051839911534       -0.73783734414841
H           -2.65702675717659       -0.25495192323493        1.04069262283292
H           -2.26690983694965        1.75311466045564       -0.03031794613735
H           -1.30317976283148        3.98357000378022       -0.11141683538581
H            1.14999825209466        4.29883226274615       -0.08102444937274
H            2.62125623069021        2.29860562082757        0.01748174489038
H            3.36679759211635       -2.15200996304874       -0.86418325082806
H            1.94375500823970       -3.23837289140906       -0.99750407380767
H            2.61329234858020       -2.80395390909649        0.60633736262446
25
 energy: -39.730005919114 gnorm: 0.001616405270 xtb: 6.7.1 (edcfbbe)
C           -2.42141051957846       -2.27821448944432        0.30246048104635
C           -2.22917496486340       -0.77442979879083        0.17753701474115
O           -0.83741069505497       -0.53577066448544        0.09930451594291
C           -0.37506042670877        0.72831988571145        0.02566037865581
C           -1.19294113625288        1.85684074676261       -0.02147264772815
C           -0.64686786683471        3.12689123197157       -0.07009680564444
C            0.72547345385697        3.30789344498575       -0.05501940644940
C            1.54686166003126        2.19974475796555       -0.00239357692587
C            1.02108073766498        0.91139119362544        0.02320364742694
C            2.00188653810325       -0.20108284103786        0.05137282375019
O            3.15089869286628       -0.06259988985441        0.40081512840004
O            1.51036150634868       -1.36384167803327       -0.38833571430619
C            2.41432823579624       -2.45502832076815       -0.40825965768930
H           -1.91724841115449       -2.64062136881520        1.19355388034025
H           -3.47959987586712       -2.51475246571352        0.36637707551551
H           -1.99274296934592       -2.77616749951161       -0.56286020952972
H           -2.73067282040928       -0.40179987969634       -0.72648244428991
H           -2.65332215248595       -0.26239335339795        1.05297881985224
H           -2.26630359468877        1.75126078631141       -0.02546023116878
H           -1.30508678158273        3.98230191490153       -0.11570724651340
H            1.14768073173244        4.30006655126475       -0.08546297043317
H            2.62133526733104        2.30136823912878        0.01528213331518
H            3.35958517723461       -2.15879108375093       -0.86908108599432
H            1.93317914036906       -3.24039339411618       -0.98646675303808
H            2.61517107349337       -2.80019202521473        0.60855285072605
25
 energy: -39.730024028604 gnorm: 0.002411544307 xtb: 6.7.1 (edcfbbe)
C           -2.42135188568880       -2.27884665485463        0.28863214275811
C           -2.22448047450977       -0.77418824635275        0.18438704167671
O           -0.83335072276475       -0.53648489400979        0.10748231968890
C           -0.37163104680896        0.72748603603434        0.03051273374303
C           -1.19177822579317        1.85502926950077       -0.01249027272586
C           -0.64915899264529        3.12611847103079       -0.06413828356784
C            0.72287316845409        3.30998168491711       -0.05584008065664
C            1.54688165427383        2.20347165943296       -0.01000687290491
C            1.02449549094650        0.91384696317905        0.01750237299028
C            2.00730278636372       -0.19654718108258        0.03708786867757
O            3.16663842163276       -0.05091824631860        0.35220734922829
O            1.50461337262347       -1.36773245107365       -0.36989648158210
C            2.40847789582009       -2.45907383781032       -0.39344510821836
H           -1.91921634005161       -2.65629366200060        1.17429950081289
H           -3.48019562751715       -2.51186373252284        0.34878611256569
H           -1.99473815809847       -2.76606489062839       -0.58293510629792
H           -2.72642264241907       -0.38886660438584       -0.71376393225112
H           -2.64702679916680       -0.27332614803852        1.06663697897576
H           -2.26488260144057        1.74692650681157       -0.00970787135686
H           -1.31075514480707        3.97926566216543       -0.10582168296416
H            1.14246458369788        4.30314749105767       -0.08607796357021
H            2.62145344197213        2.30705447109543        0.00098354216694
H            3.34405721765511       -2.16882345704362       -0.87781688349877
H            1.91565428747251       -3.25266460277936       -0.95043311181089
H            2.63007634080010       -2.79063360632558        0.62385568812334
25
 energy: -39.730032071130 gnorm: 0.000788349184 xtb: 6.7.1 (edcfbbe)
C           -2.42059539373449       -2.27922194849566        0.28844320543938
C           -2.22446155899703       -0.77476930442090        0.18323807510318
O           -0.83284733038872       -0.53644341987502        0.10694530275108
C           -0.37137412224921        0.72756154438790        0.02983919114192
C           -1.19133515417822        1.85526026590085       -0.01156487211470
C           -0.64886668528601        3.12645550824966       -0.06189943346607
C            0.72317964228894        3.31044211885090       -0.05512142414865
C            1.54703976985214        2.20404160587145       -0.01171255782163
C            1.02472968588815        0.91418843936750        0.01540366288510
C            2.00709161118823       -0.19609227472058        0.03406209338240
O            3.16538250960893       -0.05190372952799        0.35054571731036
O            1.50395143560738       -1.36731800294317       -0.37058302433370
C            2.40757032295276       -2.45904756830182       -0.39192938798909
H           -1.91903631061255       -2.65596945523340        1.17515833093827
H           -3.47977585772871       -2.51231913561532        0.34842684481265
H           -1.99330337023289       -2.76697081602018       -0.58286334813077
H           -2.72603639199435       -0.39027832427764       -0.71566928572913
H           -2.64752347250222       -0.27359449658322        1.06524745102849
H           -2.26443172698889        1.74709408546308       -0.00783386110890
H           -1.31048733737308        3.97941353784189       -0.10180894618103
H            1.14269140242684        4.30369381637721       -0.08510957344157
H            2.62153519940607        2.30792368764071       -0.00261735519106
H            3.34257068937358       -2.17029404778533       -0.87780868404311
H            1.91448615857441       -3.25370297656327       -0.94661485880594
H            2.62984628509964       -2.78814910958962        0.62582673771441
25
 energy: -39.730038789067 gnorm: 0.001628044087 xtb: 6.7.1 (edcfbbe)
C           -2.41886309943733       -2.27997848638572        0.28808532199042
C           -2.22447282183594       -0.77586936257194        0.18014393661748
O           -0.83199794071258       -0.53603127546905        0.10549766698247
C           -0.37107565738279        0.72798303988970        0.02821776083043
C           -1.19068845955582        1.85607270741175       -0.00892306896029
C           -0.64847475012166        3.12740308438985       -0.05667094822992
C            0.72371592205674        3.31138057355105       -0.05423841581927
C            1.54730371974195        2.20494706973162       -0.01706212466917
C            1.02500621777393        0.91481906660790        0.01008321392674
C            2.00618795437569       -0.19577536946248        0.03047701633223
O            3.16416989303268       -0.05312241438359        0.34594780174769
O            1.50244939454564       -1.36693047832691       -0.37156131495509
C            2.40567448288536       -2.45934534549964       -0.38878785468086
H           -1.91895979920200       -2.65467806300155        1.17711221693295
H           -3.47835800051958       -2.51395456249838        0.34702891281053
H           -1.98956063140779       -2.76956395157279       -0.58157766832270
H           -2.72448299035053       -0.39334523089753       -0.72063381900687
H           -2.64897812652288       -0.27332519715413        1.06081743159385
H           -2.26379764482671        1.74779521307295       -0.00286057630241
H           -1.31019013503212        3.98019980853822       -0.09130002998010
H            1.14309234981750        4.30481299064035       -0.08242871572894
H            2.62173116629991        2.30924036222859       -0.01162079371825
H            3.33924824642110       -2.17383653346883       -0.87872587153147
H            1.91111694423319       -3.25692208444048       -0.93732887016650
H            2.63020376572475       -2.78197556093092        0.63030879230893
25
 energy: -39.730043774904 gnorm: 0.001016002506 xtb: 6.7.1 (edcfbbe)
C           -2.41764885950491       -2.28024725083957        0.28770898068219
C           -2.22421084882019       -0.77618435270733        0.17816951462652
O           -0.83163828854979       -0.53559056539264        0.10438140073424
C           -0.37104250943763        0.72844127816668        0.02765489647369
C           -1.19074772335348        1.85662114781443       -0.00678494072614
C           -0.64866988386979        3.12800177850773       -0.05342457096560
C            0.72359963324607        3.31190828086788       -0.05378428299685
C            1.54725366496262        2.20539222223619       -0.01948210683382
C            1.02504828853966        0.91529080329924        0.00743003284562
C            2.00632647192534       -0.19530813334702        0.02671487631013
O            3.16467725687378       -0.05296503403731        0.34256122583129
O            1.50177143888482       -1.36711498133133       -0.37298926891280
C            2.40435929065453       -2.46019721615044       -0.38669509371759
H           -1.91866554485292       -2.65345868101329        1.17775358623845
H           -3.47690924575268       -2.51520643153755        0.34551588660106
H           -1.98686013197032       -2.77080278589080       -0.58050817808309
H           -2.72316907500789       -0.39465890961092       -0.72347719329287
H           -2.64968771736051       -0.27288689464632        1.05778038571961
H           -2.26387155092723        1.74823051046457        0.00079242583815
H           -1.31049347686914        3.98092543618244       -0.08459180582386
H            1.14288235718039        4.30538512932465       -0.08135695776310
H            2.62173548220544        2.30966552167628       -0.01675337209982
H            3.33692290501024       -2.17750271276233       -0.88035495744665
H            1.90783691131075       -3.26031179250150       -0.92992482395781
H            2.63120115548352       -2.77742636677372        0.63366434072093
25
 energy: -39.730050177317 gnorm: 0.000786416121 xtb: 6.7.1 (edcfbbe)
C           -2.41553770632777       -2.28047248488670        0.28681279405861
C           -2.22365319333124       -0.77630916119032        0.17491584533313
O           -0.83137552895462       -0.53486968769422        0.10231299511252
C           -0.37115416039315        0.72922695944622        0.02704935099805
C           -1.19112187898043        1.85742313927755       -0.00276597175750
C           -0.64909906783311        3.12886057090091       -0.04804944320616
C            0.72318896786724        3.31262771724442       -0.05317245230815
C            1.54707897188461        2.20592235051472       -0.02357276339156
C            1.02492561194110        0.91595803362597        0.00367407358953
C            2.00607163116739       -0.19501041087870        0.02271434330751
O            3.16578064034978       -0.05145937752050        0.33517865144569
O            1.50076605814284       -1.36788989778093       -0.37441720992490
C            2.40243271743281       -2.46176611124866       -0.38344779820072
H           -1.91807250835778       -2.65090373640844        1.17856787830403
H           -3.47430716726862       -2.51703208822963        0.34216839588309
H           -1.98174050039163       -2.77204233759990       -0.57906517135807
H           -2.72129057420258       -0.39648899775538       -0.72798564210544
H           -2.65090294466744       -0.27219398578730        1.05292628827316
H           -2.26423295214733        1.74889708699039        0.00757023884886
H           -1.31098842346616        3.98209646457064       -0.07462268210348
H            1.14235155126716        4.30611829848131       -0.08036619623000
H            2.62162654185927        2.31001764294382       -0.02387283460645
H            3.33249700545571       -2.18473096139652       -0.88542269487793
H            1.90149764764065       -3.26670565596094       -0.91588443693939
H            2.63525926131403       -2.76927336965977        0.63875444185748
25
 energy: -39.730054888359 gnorm: 0.000884895331 xtb: 6.7.1 (edcfbbe)
C           -2.41345013717347       -2.28080143844203        0.28548599798436
C           -2.22299233250067       -0.77643851759605        0.17169752888546
O           -0.83111713324942       -0.53430681057242        0.10020682305880
C           -0.37113952179834        0.72995793110566        0.02680934315306
C           -1.19138153480821        1.85805974231022        0.00152267000239
C           -0.64941041783992        3.12956661561526       -0.04296381099179
C            0.72280149783409        3.31333546565438       -0.05242589227951
C            1.54693966546606        2.20663135464906       -0.02670934416621
C            1.02492731044451        0.91666795697819        0.00041376641684
C            2.00623984819221       -0.19434557402905        0.01693322903974
O            3.16678775140204       -0.04999230523731        0.32615405203244
O            1.49961778674191       -1.36857810987721       -0.37509774096705
C            2.40031532453883       -2.46314587775546       -0.37964041977234
H           -1.91799670941023       -2.64876590904019        1.17930269862092
H           -3.47194036334894       -2.51876758606298        0.33793511958634
H           -1.97614197653109       -2.77304248425187       -0.57821347634090
H           -2.71985196671816       -0.39816329930532       -0.73230599474789
H           -2.65207038602915       -0.27179525147357        1.04845363503745
H           -2.26443852455318        1.74943914770711        0.01502793176936
H           -1.31131326669128        3.98299363484697       -0.06514345021621
H            1.14185704163382        4.30685495773697       -0.07961507998068
H            2.62148940821439        2.31067283432096       -0.03026178806865
H            3.32634846713742       -2.19300022131824       -0.89304247682187
H            1.89388703017258       -3.27369713995819       -0.89855939876309
H            2.64203313887487       -2.75933911600685        0.64403607753092
25
 energy: -39.730060049875 gnorm: 0.000982159240 xtb: 6.7.1 (edcfbbe)
C           -2.41120907190153       -2.28137268967873        0.28314011070366
C           -2.22221584121463       -0.77676650061965        0.16839573652419
O           -0.83081795958168       -0.53375242674631        0.09781556323671
C           -0.37100751990434        0.73077228184522        0.02663745326152
C           -1.19145828618920        1.85877890504996        0.00669653245107
C           -0.64959339127732        3.13039014478034       -0.03690192666515
C            0.72253342993715        3.31416588275150       -0.05146719960940
C            1.54686670962400        2.20749346173334       -0.03043586564409
C            1.02501298731687        0.91743597300688       -0.00332931152071
C            2.00646700151934       -0.19360003197552        0.01078986088806
O            3.16867279420446       -0.04812171529286        0.31319100720051
O            1.49770445275918       -1.36949929853205       -0.37337020625744
C            2.39766888261148       -2.46441735163832       -0.37467086170344
H           -1.91874272509000       -2.64752514500325        1.17936146988498
H           -3.46952234009587       -2.52088911956669        0.33155565709254
H           -1.96950382463102       -2.77375233701364       -0.57825898835294
H           -2.71872050445442       -0.39957757973105       -0.73638669700355
H           -2.65309040680754       -0.27215341885702        1.04432645967577
H           -2.26442835419034        1.75010200783511        0.02394378297300
H           -1.31150203968461        3.98388088283568       -0.05484693549150
H            1.14150581992213        4.30772661234358       -0.07888067805474
H            2.62137226807768        2.31157447493304       -0.03738045016396
H            3.31653108994170       -2.20305495328945       -0.90560153421608
H            1.88317518239822       -3.28230367525330       -0.87415365295168
H            2.65430164671095       -2.74553438391876        0.64983067374456
25
 energy: -39.730066678644 gnorm: 0.001060167259 xtb: 6.7.1 (edcfbbe)
C           -2.40956557516362       -2.28197770623232        0.27969556994471
C           -2.22159374780352       -0.77705130262797        0.16649806528123
O           -0.83062121773465       -0.53337112132717        0.09619449445332
C           -0.37078506160893        0.73137326896404        0.02712123105096
C           -1.19134745022029        1.85928368415699        0.01139911725887
C           -0.64965457579553        3.13099845586073       -0.03212243928797
C            0.72237456444213        3.31484979753107       -0.05084829963110
C            1.54681001438814        2.20826706856248       -0.03327116171179
C            1.02516371593371        0.91804358002019       -0.00594667635693
C            2.00687989512129       -0.19279492044849        0.00521759821226
O            3.17127508870539       -0.04585504565657        0.29798348136857
O            1.49539820474759       -1.37075142390945       -0.36853774047001
C            2.39533753844377       -2.46540742569583       -0.36941786352470
H           -1.92043098676659       -2.64821069842724        1.17774980107747
H           -3.46784707833356       -2.52262489385110        0.32357930549347
H           -1.96368114601716       -2.77318726993458       -0.58026212130252
H           -2.71845878685855       -0.39939656165147       -0.73804038943130
H           -2.65332820848492       -0.27372042793996        1.04282304643626
H           -2.26422411767882        1.75055730840302        0.03210718625812
H           -1.31161200291101        3.98446847300655       -0.04647655091089
H            1.14127013580144        4.30845412073333       -0.07858271553173
H            2.62126006373551        2.31241992806840       -0.04316167201921
H            3.30426754688056       -2.21295264166307       -0.92164676397661
H            1.87157896405248       -3.29085000495965       -0.84644032428502
H            2.67153422312583       -2.73056424098386        0.65438582160645
25
 energy: -39.730075807497 gnorm: 0.000815502947 xtb: 6.7.1 (edcfbbe)
C           -2.40955239414784       -2.28237672713718        0.27571490394693
C           -2.22150729132804       -0.77708386898532        0.16742103941135
O           -0.83068147979877       -0.53332461201709        0.09644903922633
C           -0.37057977538009        0.73144564459735        0.02834849534406
C           -1.19110558937935        1.85935124991160        0.01425504987869
C           -0.64959430350179        3.13112414791063       -0.03000781622525
C            0.72239116292780        3.31505594842630       -0.05075837137899
C            1.54678656444728        2.20855521945848       -0.03416071949911
C            1.02532805567813        0.91814660727110       -0.00621655923816
C            2.00745223965381       -0.19223253671949        0.00236778745783
O            3.17410871003918       -0.04375092146139        0.28467410778114
O            1.49349869517239       -1.37215886998623       -0.36098435246652
C            2.39454999473626       -2.46572584151376       -0.36551681525603
H           -1.92294458968445       -2.65158165307871        1.17398395636688
H           -3.46799616591268       -2.52326344054319        0.31592511020338
H           -1.96125356063931       -2.77070723912379       -0.58467634412324
H           -2.71954576340852       -0.39662510185001       -0.73541178958421
H           -2.65243940591937       -0.27653437560096        1.04583928323563
H           -2.26391770267471        1.75061335255771        0.03673177819832
H           -1.31160506033663        3.98442565712233       -0.04409974175046
H            1.14126356642038        4.30865704186486       -0.07964819745110
H            2.62119573513625        2.31273457940567       -0.04546205635664
H            3.29305375479308       -2.21906379597200       -0.93652622386606
H            1.86345871348477       -3.29640178931208       -0.82383753457843
H            2.68963588962290       -2.71927867522677        0.65559597072554
25
 energy: -39.730087665586 gnorm: 0.002367259492 xtb: 6.7.1 (edcfbbe)
C           -2.41021956717854       -2.28302079718099        0.26579644478343
C           -2.22182633372677       -0.77691252770064        0.17029798662390
O           -0.83086522372502       -0.53314862228980        0.09824354552022
C           -0.37026445058935        0.73139660648677        0.03154637411791
C           -1.19068864581104        1.85951993905057        0.02044102867098
C           -0.64963936311793        3.13137522630579       -0.02564833100106
C            0.72236829646635        3.31540686155940       -0.05071371261375
C            1.54665371903642        2.20893429456724       -0.03685794549946
C            1.02563884851079        0.91816480617193       -0.00712670998280
C            2.00873608798048       -0.19105375950676       -0.00442454276325
O            3.18098011054018       -0.03848115114101        0.25253218823349
O            1.48922661212130       -1.37630009338219       -0.34221786661335
C            2.39384681522108       -2.46697593871040       -0.35621801594532
H           -1.92856941553754       -2.66000778556160        1.16364989124684
H           -3.46899241301111       -2.52423845667805        0.29821267137159
H           -1.95730280390113       -2.76406100856487       -0.59644085474486
H           -2.72190302846546       -0.38878203729750       -0.72824449879027
H           -2.65036537771848       -0.28343830682013        1.05401210868633
H           -2.26343798490091        1.75068504620905        0.04654857453731
H           -1.31191434454974        3.98454338236165       -0.03751001224778
H            1.14110496743064        4.30904171061205       -0.08093400628170
H            2.62105715672364        2.31301899204370       -0.05154490841728
H            3.26665390219438       -2.23237906641059       -0.97346855812386
H            1.84491854144391       -3.31171569236957       -0.76915062324042
H            2.73480389456445       -2.69157162175596        0.65921977247504
25
 energy: -39.730096905818 gnorm: 0.001226730204 xtb: 6.7.1 (edcfbbe)
C           -2.41182984059272       -2.28272996366682        0.26330345583273
C           -2.22234764811471       -0.77646205970619        0.17320457160584
O           -0.83111972466799       -0.53335575567314        0.10007534411826
C           -0.37030352956293        0.73091306805424        0.03249560748534
C           -1.19067548182917        1.85914684967049        0.01971180163667
C           -0.64973974843723        3.13096889611157       -0.02722718429175
C            0.72230052252465        3.31505744306727       -0.05081688628854
C            1.54652475015372        2.20857048624275       -0.03581969325179
C            1.02563806830274        0.91772996297525       -0.00587420511512
C            2.00917231623441       -0.19100287478940       -0.00457628992306
O            3.18261931238402       -0.03718646720581        0.24602044532060
O            1.48896432188332       -1.37761409560751       -0.33643380547244
C            2.39526492209954       -2.46702386235160       -0.35503189470358
H           -1.92945879476809       -2.66366268904920        1.15902717092499
H           -3.47069127803523       -2.52315086539783        0.29596720171738
H           -1.96041177827158       -2.76087236045214       -0.60126095208513
H           -2.72344228308589       -0.38462711596108       -0.72305800208302
H           -2.64876930549377       -0.28571482708010        1.05942303525661
H           -2.26344790004116        1.75026768129850        0.04499411123943
H           -1.31211822018311        3.98413219411157       -0.04013698229525
H            1.14098247865306        4.30871129568298       -0.08066479098924
H            2.62095938525947        2.31254755904386       -0.04992335378473
H            3.26181269448913       -2.23272984144897       -0.97943057348164
H            1.84518894347089       -3.31323312226861       -0.76100709014727
H            2.74492781762925       -2.68867953560200        0.65703895877657
25
 energy: -39.730106141165 gnorm: 0.001743539903 xtb: 6.7.1 (edcfbbe)
C           -2.41559718323645       -2.28220025173627        0.25309051438825
C           -2.22366585831511       -0.77541302476664        0.17965680915619
O           -0.83177825637480       -0.53361957895953        0.10406684521420
C           -0.37043953259355        0.72991752364849        0.03507379955574
C           -1.19069276795094        1.85858301405849        0.02230656883312
C           -0.65012942652839        3.13037605730202       -0.02532052962685
C            0.72202862770860        3.31452176994936       -0.04966030075835
C            1.54605368552668        2.20793120809926       -0.03589664795426
C            1.02560062980665        0.91681205426040       -0.00539704750635
C            2.01060277603696       -0.19035785775192       -0.01028278974417
O            3.18908847675662       -0.03171635802917        0.21467862949215
O            1.48671217134494       -1.38278525935717       -0.31634674370797
C            2.39826991313263       -2.46802763933147       -0.34680113015777
H           -1.93222624402604       -2.67450652475671        1.14324259467253
H           -3.47469422559529       -2.52115160579237        0.28465013281401
H           -1.96663786063112       -2.75105649358001       -0.61776251764007
H           -2.72730878519283       -0.37257029401840       -0.71001618756908
H           -2.64486314467749       -0.29350618356719        1.07312852397486
H           -2.26349369244120        1.74960218625831        0.04792134460114
H           -1.31268625598952        3.98341536311294       -0.03998870430067
H            1.14059166541680        4.30816595448499       -0.08011398331281
H            2.62058724692403        2.31149837051192       -0.05233744727105
H            3.23843634128364       -2.24185165920095       -1.00928524100966
H            1.83781873335997       -3.32527711372508       -0.71393182370942
H            2.78842296625586       -2.66678365711518        0.65532533156819
25
 energy: -39.730107679698 gnorm: 0.001609459193 xtb: 6.7.1 (edcfbbe)
C           -2.41720355398801       -2.28157376962210        0.25222897122361
C           -2.22420890474020       -0.77515555195334        0.18032056179741
O           -0.83201929638180       -0.53389285342847        0.10433475563686
C           -0.37068612301194        0.72945677234192        0.03451556766170
C           -1.19087618110527        1.85829181187901        0.02203024064016
C           -0.65025607812432        3.13003372583599       -0.02462487577357
C            0.72196550002316        3.31411557865586       -0.04895957560616
C            1.54587957401820        2.20743764464250       -0.03647753470066
C            1.02539324794334        0.91632612168926       -0.00654125139773
C            2.01059263459121       -0.19060404216058       -0.01169208638454
O            3.18857059317566       -0.03144330911205        0.21221260039856
O            1.48803086264155       -1.38354768571246       -0.31593161052357
C            2.40036674329278       -2.46803808918252       -0.34584508228896
H           -1.92942674188780       -2.67545881066574        1.13908952678297
H           -3.47634836446547       -2.51945389861827        0.28902660227437
H           -1.97327065766549       -2.74958318445432       -0.62151504045989
H           -2.72787462421788       -0.37095689931624       -0.70833892195267
H           -2.64429772704332       -0.29412999408433        1.07450997538200
H           -2.26372391285579        1.74939366117386        0.04725539625523
H           -1.31276287664955        3.98313353466988       -0.03897052865938
H            1.14056514525348        4.30775306254030       -0.07847515551726
H            2.62042587531178        2.31086604101293       -0.05351121650134
H            3.23838404001402       -2.24217100244709       -1.00725518610586
H            1.84281504263963       -3.32565646206021       -0.71157008661441
H            2.78996578323264       -2.66514240162566        0.65418395443501
25
 energy: -39.730117238116 gnorm: 0.000903292408 xtb: 6.7.1 (edcfbbe)
C           -2.41749100857566       -2.28166055502801        0.24745665644764
C           -2.22437907573356       -0.77511063716415        0.17954398348049
O           -0.83219724670317       -0.53383587872319        0.10376339543831
C           -0.37072038590278        0.72952537288625        0.03548770080866
C           -1.19082435539044        1.85846461117502        0.02660566684429
C           -0.65029067962701        3.13020498210120       -0.02041879808493
C            0.72186841123214        3.31426003150314       -0.04879858554666
C            1.54566347499216        2.20756892657276       -0.04010526385362
C            1.02529359147508        0.91633176683375       -0.00938273007869
C            2.01091798942807       -0.19012490934403       -0.01748219398781
O            3.19099388136904       -0.02881085026173        0.19473576933488
O            1.48668371794410       -1.38565299690318       -0.30918755317300
C            2.40038365485320       -2.46880763128266       -0.33975432231680
H           -1.92859231280774       -2.67805121618730        1.13257088681553
H           -3.47668489781102       -2.51946388294325        0.28510996039192
H           -1.97486612567897       -2.74729041822603       -0.62822898046729
H           -2.72834983503506       -0.36844372427785       -0.70778938115571
H           -2.64411692315573       -0.29658740762349        1.07522041052731
H           -2.26361237814277        1.74966142414435        0.05517436868946
H           -1.31282433053466        3.98343722141769       -0.02992330090831
H            1.14045065280205        4.30793294657421       -0.07759439132189
H            2.62013765448414        2.31091736740239       -0.06017014080884
H            3.22592713293819       -2.25144942270962       -1.02174632158483
H            1.83646067962749       -3.33369506482498       -0.68200019671474
H            2.81016871395351       -2.64932005511314        0.65691336122653
25
 energy: -39.730117936111 gnorm: 0.003168776965 xtb: 6.7.1 (edcfbbe)
C           -2.41851758324285       -2.28173193027565        0.23920313959073
C           -2.22475447018563       -0.77485194968072        0.17772417576510
O           -0.83260464905250       -0.53397277198401        0.10172945637294
C           -0.37080491135076        0.72947504446083        0.03632738713567
C           -1.19077461130146        1.85858944014633        0.03495319392284
C           -0.65040787536537        3.13042012240702       -0.01126647257141
C            0.72157290472387        3.31442559347499       -0.04759260549408
C            1.54516825527592        2.20767426414879       -0.04621459389085
C            1.02501273867978        0.91622366049604       -0.01456410857687
C            2.01156538299518       -0.18932395458361       -0.02776047133959
O            3.19518697939481       -0.02408106019489        0.16440184528816
O            1.48466664878592       -1.38923564012297       -0.29770563954415
C            2.40103638213399       -2.47000497125718       -0.32881416358003
H           -1.92446825901637       -2.68265879922278        1.11958404066672
H           -3.47777941055303       -2.51876900356038        0.28245928164510
H           -1.98186142147620       -2.74372748593029       -0.64155942282315
H           -2.72942649691137       -0.36391474300778       -0.70742331701876
H           -2.64361316382591       -0.30022104943391        1.07604377570043
H           -2.26339774361158        1.74995933781822        0.06928306133361
H           -1.31284748268048        3.98369995430722       -0.01460585800331
H            1.14017497518591        4.30808486127957       -0.07695185257848
H            2.61953061575028        2.31084949477432       -0.07241207667738
H            3.20568002177554       -2.26759366048964       -1.04327806927559
H            1.82831885642036       -3.34569203085439       -0.63239946027535
H            2.84334431745255       -2.62362272271695        0.66083875422961
25
 energy: -39.730125369450 gnorm: 0.001567366349 xtb: 6.7.1 (edcfbbe)
C           -2.41753334556989       -2.28192428844196        0.24209564004343
C           -2.22435078562488       -0.77511336501327        0.17570493226777
O           -0.83242462242545       -0.53395607273399        0.10019909356768
C           -0.37072399371768        0.72973530326103        0.03548456475620
C           -1.19072850322006        1.85869243737380        0.03433927598766
C           -0.65028077848751        3.13056038514333       -0.01156672985258
C            0.72162040699424        3.31457740525501       -0.04786187631040
C            1.54527864446589        2.20787207676464       -0.04608107815754
C            1.02503079278653        0.91649154026043       -0.01458967910129
C            2.01122138938430       -0.18947704454601       -0.02604911564299
O            3.19352819586515       -0.02553043304353        0.17321575339953
O            1.48518922312002       -1.38771805211555       -0.30314733933140
C            2.40019446526674       -2.46967454809714       -0.33105763954031
H           -1.92298487511779       -2.67966265037221        1.12365761868055
H           -3.47669989715503       -2.51927718318994        0.28669099779926
H           -1.98110394377085       -2.74670299412699       -0.63729461412516
H           -2.72844783186754       -0.36731713725562       -0.71135945859511
H           -2.64461715197945       -0.29782883489525        1.07202147877012
H           -2.26331261354422        1.75007280300285        0.06862819487353
H           -1.31265179972838        3.98382340710187       -0.01476432928097
H            1.14024738941232        4.30823363055344       -0.07745359994802
H            2.61959732847433        2.31119215768643       -0.07166026876348
H            3.21260752277050       -2.26489609066844       -1.03418633168980
H            1.83057271295099       -3.34164822377346       -0.64618101440679
H            2.83077207071831       -2.63052422813133        0.66121552460204
25
 energy: -39.730129787998 gnorm: 0.000452543481 xtb: 6.7.1 (edcfbbe)
C           -2.41742141931457       -2.28204077341893        0.24128308658529
C           -2.22404833135883       -0.77527054506131        0.17309505226424
O           -0.83234716883020       -0.53407470314441        0.09715664997398
C           -0.37053491121982        0.72983966766388        0.03461074705598
C           -1.19058084521954        1.85869187032396        0.03698002103554
C           -0.65028047609282        3.13068250208034       -0.00825448299859
C            0.72146429962952        3.31481345504339       -0.04762702678140
C            1.54519078894479        2.20817366848177       -0.04831111385434
C            1.02511694371618        0.91670384688714       -0.01700068555157
C            2.01146992535706       -0.18915201826077       -0.02909966856237
O            3.19370935669275       -0.02477853680124        0.16859516628967
O            1.48530488807045       -1.38777075285179       -0.30318589321519
C            2.39995214596979       -2.47006607920671       -0.32867815497068
H           -1.91829119883020       -2.67904830442422        1.12065754973715
H           -3.47644265169299       -2.51903594787742        0.29171295566617
H           -1.98577459030127       -2.74779329218022       -0.63997711081204
H           -2.72843360847510       -0.36836752448285       -0.71437236808570
H           -2.64463568839407       -0.29727382635815        1.06895447421580
H           -2.26304606564311        1.75004025873073        0.07349191002224
H           -1.31268257875323        3.98391268398800       -0.00831635417782
H            1.14000384949499        4.30851500099822       -0.07722655769227
H            2.61940562132080        2.31163753912199       -0.07544382733239
H            3.21076506287617       -2.26872062908435       -1.03318976195716
H            1.82996784300254       -3.34279223316405       -0.63840773563817
H            2.83216880905130       -2.62682532700483        0.66255312878552
25
 energy: -39.730134142636 gnorm: 0.000366165388 xtb: 6.7.1 (edcfbbe)
C           -2.41819454549250       -2.28195491696645        0.23721984592821
C           -2.22406281594408       -0.77513862990833        0.17201398158477
O           -0.83244358277560       -0.53427951102223        0.09429569428037
C           -0.37036585707850        0.72964213304628        0.03410185334314
C           -1.19043723068439        1.85850013468006        0.04052154796078
C           -0.65045962908681        3.13063876100318       -0.00377901400467
C            0.72115163630263        3.31496216663390       -0.04672783687844
C            1.54492709913983        2.20837805754015       -0.05082527080416
C            1.02521982291238        0.91670253705154       -0.01976412647620
C            2.01218806600365       -0.18855810917755       -0.03429417630716
O            3.19585309992159       -0.02230209692440        0.15352491918444
O            1.48485556130543       -1.38928916376529       -0.29690987259182
C            2.40040110282878       -2.47091985028672       -0.32313100449354
H           -1.91283048951211       -2.68161508776377        1.11187323879062
H           -3.47704404502707       -2.51803390799041        0.29487471980553
H           -1.99353881415734       -2.74595682803003       -0.64840500106824
H           -2.72986678049017       -0.36592934500796       -0.71361398400136
H           -2.64296572020106       -0.29909148644455        1.06970985983598
H           -2.26278225474520        1.74972079472472        0.07956654774644
H           -1.31297599918281        3.98375611061809       -0.00076263854377
H            1.13952715751891        4.30872576120877       -0.07641946049819
H            2.61908472900088        2.31191625993257       -0.08051731183534
H            3.20112391753406       -2.27628660515121       -1.04088789107465
H            1.82723592502859       -3.34730877819988       -0.61530367276863
H            2.84639964688150       -2.61627839980229        0.66363905288783
25
 energy: -39.730132629740 gnorm: 0.003120738230 xtb: 6.7.1 (edcfbbe)
C           -2.42057921847316       -2.28168217980371        0.22380999348445
C           -2.22425313864232       -0.77462555393896        0.17111399501641
O           -0.83271744374463       -0.53475000253475        0.08655596903388
C           -0.36994167014229        0.72900941102574        0.03290778919751
C           -1.19004010912107        1.85797459981433        0.04962516584048
C           -0.65098601825936        3.13047347375872        0.00780501788090
C            0.72032355575632        3.31535550795414       -0.04391575996262
C            1.54413638344835        2.20894555327875       -0.05743569991241
C            1.02548380283523        0.91665398219163       -0.02718303152642
C            2.01417936662671       -0.18679141533163       -0.04959642802103
O            3.20260534307071       -0.01484797946988        0.10512024727694
O            1.48299064665783       -1.39414681178637       -0.27501770673356
C            2.40171644453565       -2.47328526244114       -0.30627868336588
H           -1.89766406551049       -2.69143424868462        1.08366137932094
H           -3.47876238479984       -2.51566197942496        0.30135002632829
H           -2.01591079928695       -2.73798636612876       -0.67541040599643
H           -2.73552462459589       -0.35629213950405       -0.70711454507721
H           -2.63613578788259       -0.30643014782700        1.07623313189777
H           -2.26210803260115        1.74875114623646        0.09485329189389
H           -1.31389392893036        3.98331674408216        0.01941839976126
H            1.13821894082473        4.30933403054412       -0.07253012098336
H            2.61812272421272        2.31265251693713       -0.09368576238170
H            3.16876716002383       -2.29962261167708       -1.06773335785755
H            1.81780657258160       -3.36212126623606       -0.54190545142541
H            2.89416628141697       -2.58278900103596        0.66535254631278
25
 energy: -39.730140775322 gnorm: 0.000908955207 xtb: 6.7.1 (edcfbbe)
C           -2.41966653171495       -2.28174894964373        0.22835064684474
C           -2.22413757752869       -0.77477303629723        0.17198520074725
O           -0.83258724164570       -0.53457652193268        0.08852585393568
C           -0.37005132085057        0.72917712126100        0.03284687516981
C           -1.19016254734480        1.85809181540266        0.04557550027615
C           -0.65085103349457        3.13048951913916        0.00333594823388
C            0.72057594747578        3.31525369270446       -0.04449587776453
C            1.54441202345330        2.20881395375229       -0.05442381288583
C            1.02545884997285        0.91670542384441       -0.02434357963532
C            2.01354584054163       -0.18735709787158       -0.04397635997923
O            3.20029091327885       -0.01751897322775        0.12166303055445
O            1.48365598339440       -1.39233290952970       -0.28170293222713
C            2.40112421530396       -2.47250220089402       -0.31209222701668
H           -1.90182746509092       -2.68854821360939        1.09232028132251
H           -3.47788649706528       -2.51651250511377        0.30016192612766
H           -2.00926253393841       -2.74017942973429       -0.66684068672445
H           -2.73436751768144       -0.35910524409601       -0.70801302258067
H           -2.63733918280812       -0.30427695199468        1.07522136110647
H           -2.26233441066279        1.74891377580341        0.08794355293201
H           -1.31366298299953        3.98335237705572        0.01117990343957
H            1.13858732535715        4.30917725983461       -0.07335507219489
H            2.61848090594248        2.31250891198959       -0.08793958062126
H            3.17949181848208       -2.29127667079407       -1.05795805393034
H            1.82128989576133       -3.35619765122774       -0.56807699541460
H            2.87722312386256       -2.59557749482244        0.66410812028668
25
 energy: -39.730142950905 gnorm: 0.000491393745 xtb: 6.7.1 (edcfbbe)
C           -2.41943968315076       -2.28182755803643        0.22645005098365
C           -2.22402803903603       -0.77478882054708        0.17234703489778
O           -0.83258535643964       -0.53454185184770        0.08629260833798
C           -0.37000084846421        0.72919629875203        0.03206663436930
C           -1.19013113616754        1.85811638262188        0.04585547664180
C           -0.65092046631404        3.13056752474267        0.00448091419721
C            0.72050388347665        3.31543069539601       -0.04359660512648
C            1.54435273156744        2.20903186006280       -0.05467934601179
C            1.02551565976781        0.91683767907801       -0.02527675211938
C            2.01371229701538       -0.18707702342449       -0.04600436584382
O            3.20106248003645       -0.01667456457271        0.11420151558520
O            1.48321791568350       -1.39277535718906       -0.27786386463122
C            2.40071341102902       -2.47285918084714       -0.30955186081288
H           -1.89830235054407       -2.69029190759080        1.08753658868546
H           -3.47734262769241       -2.51671953552558        0.30191503924779
H           -2.01259040720537       -2.73844447021075       -0.67118731427109
H           -2.73622312917990       -0.35758561847505       -0.70571828322691
H           -2.63501516425655       -0.30582214391577        1.07734824041878
H           -2.26229523762763        1.74882138385794        0.08829914156296
H           -1.31378734979032        3.98337241816679        0.01300901657081
H            1.13845465718136        4.30939681265333       -0.07185747142523
H            2.61841713993649        2.31277698003355       -0.08853729086215
H            3.17408205396502       -2.29473304926031       -1.06080108423236
H            1.81987717968250       -3.35738224635147       -0.55846518465319
H            2.88275238652740       -2.59202470757246        0.66373716171970
25
 energy: -39.730146397047 gnorm: 0.000395339502 xtb: 6.7.1 (edcfbbe)
C           -2.41803766660536       -2.28229391131822        0.22179049195828
C           -2.22360608419777       -0.77499455538512        0.17216385860458
O           -0.83256709981474       -0.53418766416269        0.08076178676772
C           -0.36995162823812        0.72963228913647        0.03017344937062
C           -1.19008751418032        1.85856953808368        0.04786016635502
C           -0.65098409268420        3.13111242756778        0.00861094494201
C            0.72041224051882        3.31608043449083       -0.04141779247246
C            1.54422551044454        2.20973525436023       -0.05641139405029
C            1.02553323038619        0.91738254404950       -0.02861010098312
C            2.01383891283850       -0.18632933455940       -0.05252068158890
O            3.20265585826082       -0.01458507805229        0.09438688605836
O            1.48158882671543       -1.39392517841830       -0.26954043197546
C            2.39891920928316       -2.47389890531960       -0.30273291400326
H           -1.89026216828677       -2.69373593206482        1.07730226605682
H           -3.47522135801986       -2.51812783099395        0.30429579991292
H           -2.01773851476515       -2.73509305174695       -0.68060357448395
H           -2.74002729688282       -0.35496090716357       -0.70201251831800
H           -2.63041419002004       -0.30929746038591        1.08068926428071
H           -2.26221507777944        1.74912504073275        0.09155797265045
H           -1.31387274227350        3.98390432191829        0.02018788763663
H            1.13830859664778        4.31012039153873       -0.06807888212882
H            2.61824085296069        2.31350949766132       -0.09185599105118
H            3.15962302262525       -2.30517486787793       -1.06879420206640
H            1.81455573475393       -3.36203871565060       -0.53106853436053
H            2.89708343831355       -2.58052834644200        0.66386624289019
25
 energy: -39.730147903977 gnorm: 0.001723417950 xtb: 6.7.1 (edcfbbe)
C           -2.41545276001030       -2.28312706451614        0.21440067801710
C           -2.22305764293796       -0.77524887465612        0.17187155156788
O           -0.83280119630659       -0.53339583261084        0.07235258038976
C           -0.37004149252716        0.73050862063082        0.02763841781494
C           -1.19007428909913        1.85940600372924        0.05118996308167
C           -0.65095803845752        3.13200539611582        0.01503148239286
C            0.72034811101955        3.31702926442261       -0.03803446357641
C            1.54400069929021        2.21075817610775       -0.05914889399022
C            1.02540153187689        0.91821968476766       -0.03365015236897
C            2.01385162878471       -0.18523064244352       -0.06297739516311
O            3.20550775787372       -0.01102150200552        0.06091416837031
O            1.47835178838797       -1.39603872112184       -0.25520924057353
C            2.39580053867402       -2.47558946133320       -0.29139642335386
H           -1.87856173559805       -2.69893354478135        1.06224560919404
H           -3.47153583857279       -2.52079372817330        0.30596400838296
H           -2.02349100741215       -2.73000155924004       -0.69471630580829
H           -2.74617585133884       -0.35093044397135       -0.69633666386025
H           -2.62362605807817       -0.31475058633422        1.08588058752194
H           -2.26211283391982        1.74977010860599        0.09686499694995
H           -1.31369811608425        3.98484439234956        0.03151144544111
H            1.13825847545440        4.31114294231523       -0.06214288474934
H            2.61792632323879        2.31451008355512       -0.09720883278932
H            3.13599612737004       -2.32173459713431       -1.08162836137262
H            1.80591226058184       -3.36832041336905       -0.48746780323369
H            2.92023161779116       -2.56307770091074        0.66405193171705
25
 energy: -39.730151150609 gnorm: 0.000509286590 xtb: 6.7.1 (edcfbbe)
C           -2.41567959356686       -2.28303979363067        0.21455376706046
C           -2.22312141052353       -0.77523899901672        0.17149686940595
O           -0.83288359855730       -0.53333702713425        0.07288211145271
C           -0.37003879218317        0.73050325586822        0.02785649245951
C           -1.19001741628365        1.85939847350731        0.05170658528869
C           -0.65087289048296        3.13199816744495        0.01560468717596
C            0.72040057348847        3.31699335738733       -0.03785965407213
C            1.54401462828935        2.21071675366600       -0.05917699346775
C            1.02540211544868        0.91817391735278       -0.03367616589292
C            2.01369950366516       -0.18522691956677       -0.06367264067374
O            3.20467248563405       -0.01126808952659        0.05931340092988
O            1.47868889410448       -1.39593105720720       -0.25465196120073
C            2.39606045380859       -2.47549539607256       -0.29141461044205
H           -1.88051473853307       -2.69828614800558        1.06369858274275
H           -3.47187029398664       -2.52075132004626        0.30404368950786
H           -2.02176681055784       -2.73052752068460       -0.69338182381796
H           -2.74559526861575       -0.35133045437094       -0.69724582229423
H           -2.62452785040344       -0.31441412167179        1.08491862276872
H           -2.26202522045927        1.74975616758662        0.09763325013184
H           -1.31355082040994        3.98483008933011        0.03182468573892
H            1.13832062708171        4.31108492431863       -0.06238460938485
H            2.61790675345648        2.31444865082371       -0.09766157030754
H            3.13509113253257       -2.32231964965297       -1.08114978745891
H            1.80710864812693       -3.36810507097319       -0.48563584737421
H            2.92109888892751       -2.56263218972734        0.66237874172573
25
 energy: -39.730152062420 gnorm: 0.000223922564 xtb: 6.7.1 (edcfbbe)
C           -2.41579672013080       -2.28299694371291        0.21469394883490
C           -2.22324067281410       -0.77520668313527        0.17113220105574
O           -0.83296030663485       -0.53336264695199        0.07346048211578
C           -0.37008194441247        0.73046445341613        0.02824711131641
C           -1.19003690966910        1.85938229576603        0.05213211826513
C           -0.65086957299262        3.13196798024043        0.01578767575445
C            0.72039650978901        3.31690076820985       -0.03794409943744
C            1.54396639748691        2.21058747655388       -0.05946856530233
C            1.02534629362564        0.91806613177923       -0.03370260807104
C            2.01378780069161       -0.18529926369974       -0.06381688235497
O            3.20503561320832       -0.01115674844140        0.05771161562720
O            1.47873217085673       -1.39607640637002       -0.25392265046408
C            2.39632395365999       -2.47551183174718       -0.29123961973579
H           -1.88235372388603       -2.69779549708316        1.06515946123253
H           -3.47217143263474       -2.52064352425343        0.30216257328990
H           -2.02003117833666       -2.73096707442807       -0.69221416483174
H           -2.74503805463166       -0.35162331043617       -0.69819655398215
H           -2.62540002422909       -0.31405336629534        1.08406543472061
H           -2.26203703373830        1.74976637879451        0.09828862090728
H           -1.31349355018805        3.98483422293020        0.03235076909379
H            1.13836691085564        4.31097488364413       -0.06239309961135
H            2.61785965722912        2.31429317080365       -0.09810585110627
H            3.13433136581101       -2.32233048406253       -1.08197189664383
H            1.80708391954239       -3.36821929410670       -0.48444192166904
H            2.92228053154265       -2.56199468741588        0.66222590099826
