25
 energy: -36.191558027822 gnorm: 0.041423206181 xtb: 6.7.1 (edcfbbe)
C            2.58423344443200        0.27652792433300        1.69674907214100
C            2.68680884845600        0.04835182489500        0.19386120022700
C            1.34941942084300       -0.39840731932900       -0.41942521032300
C            1.53300890594500       -0.67334858619600       -1.91062115947000
O            0.41607315563800        0.67422564467000       -0.24856721490900
C           -0.90975205619600        0.38712515688400       -0.09076536606600
C           -1.69437509995000        1.47950220018000        0.29339089961500
C           -3.07021852410200        1.33919766915100        0.48828324352300
C           -3.66633586054800        0.09742757740700        0.29176329741200
Br          -5.52726338250100       -0.10463315162100        0.55139401329100
C           -2.89833394300500       -0.99723441406100       -0.09949510311200
C           -1.51968943782600       -0.85116445387800       -0.29303842320500
H            3.56042028512400        0.56158250560000        2.10172502873900
H            1.87652866447300        1.07756060850600        1.93181840056300
H            2.25707329290800       -0.63370843646200        2.20922349066600
H            3.45619412377500       -0.70851941568400        0.00155272176100
H            3.01803171634800        0.98455703640700       -0.27215998393000
H            1.03098471873700       -1.30680118113100        0.10541761030700
H            0.59088123386200       -0.97864802629100       -2.37625151098800
H            1.86125878601300        0.23017006312900       -2.43662608273500
H            2.27092845451100       -1.46376745722400       -2.07910687560600
H           -1.22648494841300        2.44958653569000        0.44500255250200
H           -3.65983149433300        2.20031605908900        0.78983932858400
H           -3.36070364668100       -1.96755520590700       -0.26096380964900
H           -0.95885665751200       -1.72234315815700       -0.61300011933900
25
 energy: -36.193600714432 gnorm: 0.014266413814 xtb: 6.7.1 (edcfbbe)
C            2.58082737338485        0.27589961568318        1.70370773805311
C            2.68324211088190        0.05906603804603        0.19904981432256
C            1.35830127283357       -0.39256685129371       -0.42792145654376
C            1.52424971765136       -0.67896551867485       -1.91863842935605
O            0.41791936697308        0.66261477725251       -0.23192420038004
C           -0.90552469122671        0.38748962236284       -0.08566800238072
C           -1.69408122091399        1.47604220858871        0.29686311614793
C           -3.05693211663630        1.33699122113015        0.48267067363360
C           -3.64696407967851        0.09837576434988        0.28703320526112
Br          -5.51551467578366       -0.10793002845418        0.54804796333500
C           -2.88350858344348       -0.98938513395505       -0.10103183291589
C           -1.51670064703643       -0.84639138838246       -0.29221472995837
H            3.55022113857111        0.56381986335826        2.10877647476472
H            1.86713678090484        1.06695416628640        1.92714610871366
H            2.25546196478315       -0.63374416318109        2.20826272402952
H            3.43708490990977       -0.70381713746811       -0.00957283445748
H            2.99925996399520        0.98817861717188       -0.28142180909992
H            1.02235801273964       -1.29535152835976        0.09624878835716
H            0.58054360109828       -0.98538951374657       -2.37072071004969
H            1.86122743623703        0.22436065883650       -2.42646497332783
H            2.25967668414082       -1.46566781418964       -2.07675459293162
H           -1.22500347687695        2.43715757324151        0.44716224737515
H           -3.65010361060422        2.18891307591886        0.78331773285304
H           -3.34744374288739       -1.95264386327418       -0.26064218952252
H           -0.95573348901897       -1.71401026124712       -0.60531082592367
25
 energy: -36.193868672434 gnorm: 0.004243018295 xtb: 6.7.1 (edcfbbe)
C            2.57497304265256        0.27429657441506        1.69999242343708
C            2.68400382413429        0.06191815382653        0.19541718333097
C            1.35882727810886       -0.39373777427951       -0.42402300252994
C            1.51984062797189       -0.67837542963384       -1.91672657550189
O            0.42005400498319        0.65707275779966       -0.21573724691629
C           -0.90083206842125        0.39015062640898       -0.08280907163300
C           -1.69264987282706        1.47772982682442        0.29799133850110
C           -3.05030804649871        1.33780608285002        0.48023977729207
C           -3.63658974563243        0.09859397193237        0.28286377395447
Br          -5.51123734550950       -0.11061484423876        0.54263634446074
C           -2.87473344371904       -0.98687491112172       -0.10299622405370
C           -1.51148468849684       -0.84398828403908       -0.29011007648444
H            3.53909746214579        0.56849586145227        2.10670793788997
H            1.85287028728798        1.05628439634393        1.91941907404403
H            2.25608117257566       -0.63943973840367        2.19726469673628
H            3.43663446973666       -0.69860700430291       -0.01942229018611
H            2.98835474826168        0.99283220996280       -0.28503038701601
H            1.01751504071759       -1.29649164179988        0.10045552818810
H            0.57370833015813       -0.98320398134312       -2.35809027724870
H            1.85988045848265        0.22167153339257       -2.42306127758083
H            2.24996554409822       -1.46755775117470       -2.07137222549184
H           -1.21866105958011        2.43338480463729        0.45005499796641
H           -3.64846122473426        2.18468207567824        0.77816524025147
H           -3.33999577098097       -1.94729115719442       -0.26243961028647
H           -0.94685302491700       -1.70873635799253       -0.59939005112448
25
 energy: -36.193927536213 gnorm: 0.001808948009 xtb: 6.7.1 (edcfbbe)
C            2.57450630671265        0.27258456938386        1.69896272204273
C            2.68502017870806        0.06366016349812        0.19380526716968
C            1.35940227099598       -0.39438317111462       -0.42163551243906
C            1.51303866789834       -0.67915880386833       -1.91586262988119
O            0.42236306963664        0.65533504452990       -0.20529163877182
C           -0.89707762317653        0.39125183142122       -0.07943887028271
C           -1.69088305711219        1.47948185799712        0.29880237467897
C           -3.04858102491060        1.33939518097254        0.47741813392006
C           -3.63304828703534        0.09890466416883        0.27880936139244
Br          -5.51050639155045       -0.11098377643277        0.53642058336179
C           -2.87133189521792       -0.98697538285316       -0.10483654872476
C           -1.50749655856727       -0.84357376672032       -0.28811428857484
H            3.53457664570740        0.57506917505822        2.10860299985358
H            1.84381802686476        1.04693661791958        1.91685372557425
H            2.26225748286382       -0.64555255485554        2.19221938279508
H            3.44113241651422       -0.69204405825080       -0.02375486418870
H            2.98195224680758        0.99746451067172       -0.28487369749108
H            1.02177979313538       -1.29866953391570        0.10358011297786
H            0.56443157909123       -0.98078017873632       -2.35300790411677
H            1.85481193985344        0.21937484847372       -2.42271912845597
H            2.23998496321985       -1.47103202600780       -2.07105484231805
H           -1.21307471935265        2.43339509269352        0.45143743299331
H           -3.65001973578578        2.18428396518558        0.77418598256891
H           -3.33713009816171       -1.94709207273798       -0.26450391168084
H           -0.93992619714095       -1.70689219648062       -0.59600424240389
25
 energy: -36.193973011063 gnorm: 0.003387799673 xtb: 6.7.1 (edcfbbe)
C            2.57743873819737        0.26775694644082        1.69733615451001
C            2.68865794083843        0.06885839214210        0.19017095278203
C            1.36101494073163       -0.39580128404834       -0.41524730702395
C            1.49860461096932       -0.67985378391595       -1.91199429073173
O            0.42635050574353        0.65222266042960       -0.18544931716428
C           -0.89207759732711        0.39143512976478       -0.07299293111053
C           -1.68830699649794        1.48152928297837        0.29974791307374
C           -3.04737433207244        1.34200472532720        0.47109841806857
C           -3.62944948547586        0.09984626177774        0.26999538934852
Br          -5.51070395401354       -0.10879978226526        0.51835311853657
C           -2.86781708316630       -0.98794072447357       -0.10862024370930
C           -1.50197133263088       -0.84420333711213       -0.28388096920711
H            3.53003203006088        0.59020831793451        2.10980245930155
H            1.82852642228809        1.02460906800443        1.91825848608607
H            2.28484169426578       -0.66043790609865        2.18537071701870
H            3.45349670000018       -0.67592075377883       -0.03415954914430
H            2.97199297629201        1.00972455604569       -0.28351199366454
H            1.03441662723495       -1.30349349427953        0.11209791783732
H            0.54341592085806       -0.97292937215529       -2.34099694623985
H            1.84339960393913        0.21558370514292       -2.42261213411792
H            2.21736564267306       -1.47875942996929       -2.07287968647335
H           -1.20473651840017        2.43353376656151        0.45330800026561
H           -3.65376142053674        2.18542373295588        0.76324981830018
H           -3.33386137166616       -1.94820247533335       -0.26940425990412
H           -0.92949426230733       -1.70639420207535       -0.58703971663892
25
 energy: -36.193993353113 gnorm: 0.002471646155 xtb: 6.7.1 (edcfbbe)
C            2.58157634513239        0.26629062168915        1.69772343549877
C            2.68944113213164        0.07072038136172        0.18993854210878
C            1.36146518463572       -0.39566239343252       -0.41369497889752
C            1.49572427632262       -0.67941380883429       -1.91041207597662
O            0.42630135007545        0.65155145688645       -0.18212003790865
C           -0.89278228767372        0.39026109703821       -0.07141955617342
C           -1.68885533850514        1.48093313971413        0.29924234916896
C           -3.04836124162692        1.34211124687434        0.46835049368938
C           -3.63074047831781        0.10029774847447        0.26681073390537
Br          -5.51184727027474       -0.10726939384416        0.51190082106858
C           -2.86874336661299       -0.98818040455944       -0.10947657500296
C           -1.50245354745562       -0.84520957891318       -0.28222218654620
H            3.53324546449136        0.59391873670542        2.10813338274405
H            1.82883078941165        1.01807663434925        1.92247979429906
H            2.29632938154193       -0.66437694734873        2.18539082614178
H            3.45575489351945       -0.67169547406608       -0.03757509085213
H            2.97015728756656        1.01318623502732       -0.28225986255061
H            1.03733523919986       -1.30364546379964        0.11441760709286
H            0.53870812350786       -0.96959368922581       -2.33776206273856
H            1.84156027426152        0.21533205886529       -2.42195256504714
H            2.21179725238526       -1.48028932333180       -2.07399175799999
H           -1.20568760389770        2.43307672056214        0.45314619876295
H           -3.65439997589046        2.18619009260264        0.75934058252200
H           -3.33446764490716       -1.94853530379873       -0.27064262339930
H           -0.92988823902309       -1.70807438899615       -0.58334539391050
25
 energy: -36.194037425165 gnorm: 0.000944468550 xtb: 6.7.1 (edcfbbe)
C            2.59343860013067        0.26218144772537        1.69864098569097
C            2.69124625305466        0.07604670707351        0.18915388431328
C            1.36232306209692       -0.39506979526962       -0.40932705309473
C            1.48997474504081       -0.67847889171765       -1.90563080641971
O            0.42540886330674        0.64993318019118       -0.17451187196118
C           -0.89555639858879        0.38716845714131       -0.06818208188404
C           -1.69092816444600        1.47900142098123        0.29780280634780
C           -3.05125974364947        1.34195035523431        0.46193266508141
C           -3.63504838987919        0.10139499169252        0.25919002101295
Br          -5.51580897989877       -0.10310683727697        0.49542851049045
C           -2.87197823812230       -0.98827592390947       -0.11211856008691
C           -1.50476361412367       -0.84774902228617       -0.27877681684275
H            3.54306881206630        0.60527739375974        2.10124012758502
H            1.82962124152967        0.99919062119492        1.93479534600594
H            2.33042933879810       -0.67554249906091        2.18551660262804
H            3.46062937742832       -0.66039713222805       -0.04819239680387
H            2.96378992425976        1.02285860936560       -0.27946769377983
H            1.04291356978705       -1.30328607546002        0.12087413193569
H            0.52863872700050       -0.96026408583327       -2.32959626342487
H            1.84057828599185        0.21399906422683       -2.41859471654731
H            2.19841729423833       -1.48504623278037       -2.07470989746226
H           -1.20964714117806        2.43153968040536        0.45309807165127
H           -3.65566377169226        2.18820603387026        0.74972247970977
H           -3.33713402655135       -1.94862285538972       -0.27425906812768
H           -0.93268962660195       -1.71290861164994       -0.57402840601854
25
 energy: -36.194078969387 gnorm: 0.003266538921 xtb: 6.7.1 (edcfbbe)
C            2.61530460998570        0.25416785809564        1.69957770291370
C            2.69398979937953        0.08501506627198        0.18699320776309
C            1.36277575610521       -0.39392767444991       -0.40073738351865
C            1.47912713558866       -0.67724393944757       -1.89720038571221
O            0.42372278482627        0.64758369516330       -0.15883818965205
C           -0.89922176637431        0.38323841353304       -0.06055340633413
C           -1.69511606054763        1.47690437808723        0.29632455819268
C           -3.05698283844790        1.34238275267756        0.44997357022102
C           -3.64190101258778        0.10306892127342        0.24481894979345
Br          -5.52347660696889       -0.09733978658440        0.46445543327054
C           -2.87635167409635       -0.98846927180989       -0.11651625335732
C           -1.50742626840517       -0.85136542972265       -0.27155991706595
H            3.56041768935566        0.62571269723340        2.08875694225198
H            1.83108314016971        0.96372531734002        1.95541893860656
H            2.39240432661133       -0.69636722824363        2.18349085417209
H            3.46880836874959       -0.63998380538091       -0.06897406070570
H            2.94954217258049        1.03998691211411       -0.27525407445625
H            1.05092209168375       -1.30269794723462        0.13308418463618
H            0.51096296157687       -0.94399157614727       -2.31605300013772
H            1.83993270259771        0.21066985249479       -2.41154452143145
H            2.17419529582919       -1.49415716863234       -2.07277938749478
H           -1.21612179012052        2.42983631047144        0.45362309624947
H           -3.66036367164554        2.19134862307890        0.73178060499344
H           -3.34099200096207       -1.94862974286643       -0.28065943060887
H           -0.93523514488570       -1.71946722731527       -0.55762803259024
25
 energy: -36.194078244866 gnorm: 0.005476783208 xtb: 6.7.1 (edcfbbe)
C            2.62976159730460        0.24887218228715        1.70020456367318
C            2.69580651442523        0.09095447625193        0.18556944785730
C            1.36308427341403       -0.39317556060207       -0.39506290136647
C            1.47195475875093       -0.67642832031668       -1.89162654926533
O            0.42260972917017        0.64602058792932       -0.14847970159825
C           -0.90165138434344        0.38062469954840       -0.05551331828800
C           -1.69787981695874        1.47550726737897        0.29534090601879
C           -3.06076183355352        1.34266689166512        0.44206127229297
C           -3.64643771614163        0.10418194074893        0.23531148138231
Br          -5.52854169469457       -0.09351081865044        0.44399033106293
C           -2.87925279224980       -0.98859475255865       -0.11942865473225
C           -1.50919596607339       -0.85376558340885       -0.26679142345549
H            3.57188822710870        0.63925995028095        2.08050101932094
H            1.83201723843760        0.94025866344235        1.96906905123150
H            2.43341606804121       -0.71015147148506        2.18216925980240
H            3.47422836380972       -0.62647259187378       -0.08271141961339
H            2.94012261578043        1.05132573612971       -0.27246268741897
H            1.05623297499359       -1.30231103204162        0.14115670016460
H            0.49926543356980       -0.93322266709882       -2.30709046232338
H            1.83950691353700        0.20846815360190       -2.40688704713976
H            2.15816966896888       -1.50018929715084       -2.07152403353564
H           -1.22040307287274        2.42869951162791        0.45396678761139
H           -3.66345065948292        2.19343072534401        0.71992449032294
H           -3.34355286481242       -1.94862947464609       -0.28490151414797
H           -0.93693657613096       -1.72381921640384       -0.54678559785753
25
 energy: -36.194102724471 gnorm: 0.003377383557 xtb: 6.7.1 (edcfbbe)
C            2.63034140926197        0.24866023716981        1.69949555597990
C            2.69545966198520        0.08992957754916        0.18522706249581
C            1.36215824554119       -0.39282311806449       -0.39459122643780
C            1.47189697767674       -0.67614605651424       -1.89159435511167
O            0.42228509334044        0.64688955224457       -0.14797556457114
C           -0.90123602299187        0.38198803233136       -0.05492415328817
C           -1.69861809107548        1.47640054141407        0.29595449414388
C           -3.06139071510051        1.34274351462105        0.44229779513606
C           -3.64593096976109        0.10352766301187        0.23564122726594
Br          -5.52896393561593       -0.09517171031172        0.44227733540094
C           -2.87838166680327       -0.98886858419484       -0.11888660400766
C           -1.50848662230621       -0.85296061004731       -0.26626729007461
H            3.57236406680185        0.63481784923572        2.08080567155894
H            1.83698106835959        0.94247762757789        1.96788976533882
H            2.42977300360308       -0.70775519518941        2.18047040463402
H            3.47254191521855       -0.62814081389073       -0.08300964884711
H            2.94033045101961        1.04962513528997       -0.27286746063430
H            1.05453158590045       -1.30199737804792        0.14113749722631
H            0.50030778278899       -0.93390415883705       -2.30789945665997
H            1.83934012562069        0.20873575298024       -2.40634310091361
H            2.15901986798186       -1.49910571692830       -2.06957683954544
H           -1.22078100598222        2.42962997667735        0.45421726830137
H           -3.66555683314865        2.19293677308024        0.71882098258117
H           -3.34257662123358       -1.94910768376182       -0.28388894015659
H           -0.93540877108364       -1.72238120739554       -0.54641041981627
25
 energy: -36.194124174101 gnorm: 0.001112016973 xtb: 6.7.1 (edcfbbe)
C            2.63573491821192        0.24587099212004        1.69851082040113
C            2.69553970838081        0.09067754691491        0.18389445104839
C            1.36060135811702       -0.39197201441121       -0.39125501382483
C            1.46857058318721       -0.67584974683557       -1.88927757174502
O            0.42166950008242        0.64797455633552       -0.14225488835908
C           -0.90074794284103        0.38425578434077       -0.05194661468446
C           -1.70079300017311        1.47821619085330        0.29660373116759
C           -3.06375642492919        1.34354434167774        0.43909749409009
C           -3.64596442908202        0.10302003849091        0.23193363659733
Br          -5.53093893441754       -0.09723608159491        0.43230420542962
C           -2.87717230639153       -0.98932199978686       -0.11911355986080
C           -1.50715978208957       -0.85180737062112       -0.26346850042699
H            3.57706247717106        0.63315273720766        2.07780301703154
H            1.84254143211059        0.93636193274909        1.97105793335306
H            2.43932751140438       -0.71158540622872        2.17570735815876
H            3.47220427377201       -0.62508322017209       -0.08913777690627
H            2.93604717822000        1.05169652822834       -0.27275780889648
H            1.05386459987681       -1.30146278155066        0.14454370446736
H            0.49711651235598       -0.93232990652399       -2.30532461243625
H            1.83767209694915        0.20795805224176       -2.40380694045680
H            2.15456523455996       -1.49973881487360       -2.06511153966232
H           -1.22214846428338        2.43135629625788        0.45494017337478
H           -3.67099090362112        2.19264929948551        0.71227334685054
H           -3.34092094206084       -1.95000804751918       -0.28342839267213
H           -0.93192425451225       -1.72033890678564       -0.54178665203994
25
 energy: -36.194138226011 gnorm: 0.001349174725 xtb: 6.7.1 (edcfbbe)
C            2.64542346299722        0.24092680105669        1.69814074649271
C            2.69588353155011        0.09338192722546        0.18224660200782
C            1.35892160602682       -0.39045715388838       -0.38652557139360
C            1.46344077233666       -0.67548391742088       -1.88536469833496
O            0.42056314341035        0.64930395850527       -0.13453899631534
C           -0.90120428180309        0.38637752994543       -0.04828407306344
C           -1.70411391705700        1.48004468330715        0.29625108317390
C           -3.06752276009875        1.34448091250757        0.43326268760388
C           -3.64744447086651        0.10275886441217        0.22560299552374
Br          -5.53420179946229       -0.09878755905502        0.41788783946149
C           -2.87670536822881       -0.98981431716469       -0.12001930357085
C           -1.50633821810730       -0.85088913073854       -0.25959504302410
H            3.58654889802144        0.63343648809101        2.07251653771155
H            1.84898072850568        0.92423763654028        1.97912340440266
H            2.45964574120825       -0.72049393364054        2.17113059334688
H            3.47305428022530       -0.61821328836744       -0.09927256474408
H            2.92914439974610        1.05735054425806       -0.27174448682868
H            1.05423189626626       -1.30003721783533        0.15032024160314
H            0.49104935439949       -0.92954106758690       -2.30013322085759
H            1.83486490132787        0.20680229996942       -2.40035882982764
H            2.14712227056671       -1.50143796346077       -2.05999902984958
H           -1.22548102593871        2.43338024753711        0.45496088874074
H           -3.67770867473278        2.19285859582726        0.70213827746526
H           -3.33949032656535       -1.95115927075638       -0.28356190185461
H           -0.92866414372997       -1.71902566926814       -0.53418417787049
25
 energy: -36.194147186040 gnorm: 0.000893197939 xtb: 6.7.1 (edcfbbe)
C            2.65171774614055        0.23776343404484        1.69842709493974
C            2.69618973637743        0.09550105497626        0.18172418210570
C            1.35830063902459       -0.38927048482751       -0.38409171921162
C            1.46063065335845       -0.67517676800138       -1.88291428475348
O            0.41978406461375        0.65017092892147       -0.13109649419868
C           -0.90223888890262        0.38700871386487       -0.04689292150250
C           -1.70618315368012        1.48069793322584        0.29487911377708
C           -3.06984414500904        1.34477269797863        0.42927891730713
C           -3.64904488151614        0.10272117031691        0.22190711089199
Br          -5.53597731462279       -0.09928621626784        0.41092012590929
C           -2.87712615330118       -0.99004329018333       -0.12061199453962
C           -1.50656226470313       -0.85072362683804       -0.25764349041939
H            3.59364169523629        0.63268462646489        2.06951661748336
H            1.85356296119188        0.91743147318158        1.98546236418399
H            2.47191383656099       -0.72640236811904        2.16942578026169
H            3.47390987802559       -0.61361232395094       -0.10518653119805
H            2.92568694000690        1.06155813082557       -0.27001095408105
H            1.05487424931828       -1.29856481998517        0.15391006837092
H            0.48742844458506       -0.92869145187739       -2.29647601472372
H            1.83225704812179        0.20655950000256       -2.39882444111300
H            2.14348441980578       -1.50189581654033       -2.05803397272439
H           -1.22854854871166        2.43449663080531        0.45363511374654
H           -3.68074784000162        2.19321471594769        0.69617754186343
H           -3.33907319116640       -1.95182553048127       -0.28375431318875
H           -0.92803593075495       -1.71908831348435       -0.52972689918787
25
 energy: -36.194155434266 gnorm: 0.000373076524 xtb: 6.7.1 (edcfbbe)
C            2.65717833473603        0.23467148046353        1.69876477771173
C            2.69656493685346        0.09735522369996        0.18156355708503
C            1.35791065967949       -0.38790892443848       -0.38211670681073
C            1.45809925226259       -0.67457382300661       -1.88074408444773
O            0.41915994434072        0.65125395388402       -0.12847772199788
C           -0.90327455108379        0.38753938550971       -0.04591219894284
C           -1.70808090501634        1.48133771186172        0.29284406779828
C           -3.07190469132782        1.34489562435324        0.42543257292227
C           -3.65044166994895        0.10246956302516        0.21906176539048
Br          -5.53724735558487       -0.10010315059153        0.40564559341524
C           -2.87738169606555       -0.99037708225005       -0.12073937291978
C           -1.50670263801442       -0.85064832658290       -0.25577584197798
H            3.60069626658886        0.62814647793805        2.06779983041865
H            1.86025013248714        0.91371592186904        1.99103427837086
H            2.47886397010322       -0.73096446390453        2.16763903304970
H            3.47445851845995       -0.60979487258548       -0.11001961527374
H            2.92355529627317        1.06517195960832       -0.26777875580663
H            1.05554991123985       -1.29686588387526        0.15703011021910
H            0.48443546607922       -0.92950162375633       -2.29270046691456
H            1.82778401530318        0.20732898932890       -2.39791385114076
H            2.14159670638071       -1.50065313762100       -2.05694208774981
H           -1.23185542163078        2.43585912845787        0.45096275874279
H           -3.68333591999619        2.19362067083705        0.69019308524680
H           -3.33834121992806       -1.95267771530701       -0.28335555575460
H           -0.92753734219312       -1.71929708691754       -0.52549517063515
25
 energy: -36.194163942708 gnorm: 0.000291343002 xtb: 6.7.1 (edcfbbe)
C            2.66228450504972        0.23113977778289        1.69903139405751
C            2.69718051878352        0.09937574500003        0.18137906425502
C            1.35773793128017       -0.38652954560902       -0.37995171977326
C            1.45480989065873       -0.67353401905579       -1.87852468747957
O            0.41886590575571        0.65219236187723       -0.12478260942526
C           -0.90391294373630        0.38806420580464       -0.04458874568055
C           -1.70977080904229        1.48220609718561        0.29019034722487
C           -3.07376887383196        1.34523682045847        0.42068707723828
C           -3.65139332502471        0.10217590868986        0.21592683014724
Br          -5.53821011273866       -0.10108597331119        0.39988006363681
C           -2.87713504346963       -0.99091024753166       -0.12039584172579
C           -1.50630287726754       -0.85075678382045       -0.25311748077826
H            3.60787294835904        0.62082363275498        2.06703192872456
H            1.86778714678677        0.91097103774801        1.99643372711099
H            2.48296831335498       -0.73598394521883        2.16473261100533
H            3.47549949362216       -0.60529783607000       -0.11513816852219
H            2.92123899085562        1.06921639115036       -0.26517835788552
H            1.05697846268976       -1.29544405972516        0.16021864589771
H            0.48074769093042       -0.93146023981816       -2.28784645102469
H            1.82050101789607        0.20922249223164       -2.39722164304111
H            2.14010451905793       -1.49778742619459       -2.05647663808390
H           -1.23473476034822        2.43746900910053        0.44710654752083
H           -3.68600042879816        2.19425328909679        0.68262230138373
H           -3.33706038200132       -1.95382205352955       -0.28216497653429
H           -0.92628777882411       -1.71973463899687       -0.51985321824976
25
 energy: -36.194171895351 gnorm: 0.000396872234 xtb: 6.7.1 (edcfbbe)
C            2.66709355665412        0.22743994075362        1.69930064411967
C            2.69782632128473        0.10120901690875        0.18114115844085
C            1.35765442098965       -0.38532917910562       -0.37786122149062
C            1.45144871460652       -0.67182316854986       -1.87661028076819
O            0.41864744325580        0.65271748252685       -0.12044453203794
C           -0.90432421131464        0.38828945091866       -0.04283993936618
C           -1.71126891355351        1.48296539459471        0.28738697987282
C           -3.07550168673737        1.34570387208209        0.41546010829149
C           -3.65222698136901        0.10191770815736        0.21261130247964
Br          -5.53925735447395       -0.10172646480262        0.39322300083199
C           -2.87678912604587       -0.99165144707469       -0.11944773924543
C           -1.50571895989364       -0.85128355863986       -0.24955135668273
H            3.61505335801090        0.61210868463013        2.06671049325336
H            1.87590836694667        0.90913088618960        2.00106116311362
H            2.48506409563628       -0.74066272093195        2.16192668285584
H            3.47655562460619       -0.60097128698091       -0.11996574259684
H            2.91890616137054        1.07291457213537       -0.26276169804453
H            1.05873779363941       -1.29461443744052        0.16273640859052
H            0.47716131440336       -0.93353327322806       -2.28302571820776
H            1.81203085250279        0.21248806667724       -2.39635248085614
H            2.13941384526321       -1.49338387744896       -2.05679161548237
H           -1.23710250645880        2.43890520525350        0.44273955459166
H           -3.68861489667303        2.19521712051056        0.67377367190638
H           -3.33584544838005       -1.95521723756442       -0.27980423285836
H           -0.92485178427262       -1.72081074957119       -0.51261461071204
25
 energy: -36.194178351753 gnorm: 0.000374746650 xtb: 6.7.1 (edcfbbe)
C            2.67096082702178        0.22458531358975        1.69942635191780
C            2.69856619143522        0.10233734978763        0.18097091485890
C            1.35776077268955       -0.38467243815663       -0.37603456363864
C            1.44855595655604       -0.66961818696942       -1.87525980312651
O            0.41851864837664        0.65247768276375       -0.11594709737640
C           -0.90455080843935        0.38795828025872       -0.04076942063498
C           -1.71239711346978        1.48335551178671        0.28489992358935
C           -3.07688915229814        1.34624713238071        0.41034569646442
C           -3.65295503357189        0.10182507874103        0.20951551587529
Br          -5.54037905018566       -0.10164301118504        0.38628770964126
C           -2.87660948848718       -0.99248686477000       -0.11791854276624
C           -1.50530468109982       -0.85225537789305       -0.24552187587573
H            3.62087720793272        0.60475578489092        2.06631936118890
H            1.88256653031806        0.90792995971371        2.00483104345916
H            2.48653956724260       -0.74438541188756        2.15935145667854
H            3.47766660354660       -0.59774716491031       -0.12392344879288
H            2.91702528903500        1.07562058542268       -0.26065633467192
H            1.06067722435987       -1.29474353275949        0.16426070659401
H            0.47420885742360       -0.93472651320329       -2.27923091894909
H            1.80436111655333        0.21649530151010       -2.39524554070873
H            2.13913313336272       -1.48838830132657       -2.05796853119706
H           -1.23863251658635        2.43972729607140        0.43883253979110
H           -3.69065221238796        2.19633668019517        0.66514741111550
H           -3.33520442476058       -1.95652659734130       -0.27679404073365
H           -0.92384344456936       -1.72245855670988       -0.50491851270370
25
 energy: -36.194183568491 gnorm: 0.000313026362 xtb: 6.7.1 (edcfbbe)
C            2.67411349169501        0.22225712085065        1.69960450875068
C            2.69910470712521        0.10296041674754        0.18083582401845
C            1.35785677311715       -0.38446695066682       -0.37465513522061
C            1.44630928329285       -0.66715522025712       -1.87446679714353
O            0.41842302844002        0.65174286944853       -0.11169520208487
C           -0.90470570484878        0.38724466454314       -0.03866627487726
C           -1.71315064747409        1.48336217777432        0.28310788926436
C           -3.07788760640712        1.34666938207376        0.40612762340733
C           -3.65364415460365        0.10185103495521        0.20675571036175
Br          -5.54153723117765       -0.10100340874864        0.37954338191808
C           -2.87669549412923       -0.99328253062267       -0.11642620005603
C           -1.50508766093965       -0.85347437447933       -0.24155480109463
H            3.62539488968355        0.59975548074193        2.06582461509912
H            1.88774986624525        0.90680319904800        2.00713425045950
H            2.48800969454138       -0.74698095069449        2.15817451394694
H            3.47830998380469       -0.59577875761677       -0.12649415787634
H            2.91581374554378        1.07713567849734       -0.25955786512115
H            1.06243486233315       -1.29558961838905        0.16479064735012
H            0.47185205531297       -0.93467431947206       -2.27654320851137
H            1.79825731639663        0.22081093180306       -2.39392009826930
H            2.13897365642202       -1.48356999694259       -2.05981299897381
H           -1.23950271721251        2.44002427846320        0.43565541320295
H           -3.69217437045675        2.19751966501207        0.65721997335403
H           -3.33506503750450       -1.95772943255154       -0.27356362365460
H           -0.92315272920206       -1.72443133951795       -0.49741798825112
25
 energy: -36.194188048102 gnorm: 0.000228719324 xtb: 6.7.1 (edcfbbe)
C            2.67656159641723        0.22085396231965        1.69963914459939
C            2.69984302004593        0.10279417366114        0.18077371210550
C            1.35807724706050       -0.38456824519900       -0.37345381821653
C            1.44430488365795       -0.66454046304510       -1.87396430129334
O            0.41840717531054        0.65062471537944       -0.10755376020671
C           -0.90477818131540        0.38626450078001       -0.03641899570997
C           -1.71369200467495        1.48319282940519        0.28160486256951
C           -3.07871366252422        1.34712396072191        0.40203292221629
C           -3.65425226168704        0.10192858409442        0.20427168088424
Br          -5.54265712194510       -0.09999157244516        0.37301502358576
C           -2.87684157841361       -0.99412198226458       -0.11467358111572
C           -1.50498705515857       -0.85482008930069       -0.23764326864033
H            3.62857693969696        0.59696076835340        2.06515911974481
H            1.89112390971938        0.90576150424053        2.00887095009483
H            2.49011335293177       -0.74873322310007        2.15732626496851
H            3.47902238653921       -0.59522827992093       -0.12831752556740
H            2.91540883950346        1.07754119461727       -0.25885517593254
H            1.06414977514616       -1.29687317956392        0.16478103613602
H            0.46969608129057       -0.93353258342167       -2.27464767645259
H            1.79335210426803        0.22512234124435       -2.39243595649329
H            2.13843984439236       -1.47905659984024       -2.06199503775133
H           -1.23994230723656        2.43996154500711        0.43323831726065
H           -3.69328223968253        2.19855261406894        0.65029842850393
H           -3.33519718398149       -1.95877751691689       -0.27059610737318
H           -0.92273355936293       -1.72643895887540       -0.49045625791784
25
 energy: -36.194192033064 gnorm: 0.000192354471 xtb: 6.7.1 (edcfbbe)
C            2.67875835877001        0.21982096934366        1.69967519263984
C            2.70051631134338        0.10229312608800        0.18073061931064
C            1.35821747416231       -0.38489181145659       -0.37233417786642
C            1.44234283603468       -0.66185745293660       -1.87356693661313
O            0.41849527485369        0.64939828000602       -0.10338766591195
C           -0.90479218063240        0.38525451762585       -0.03422692934535
C           -1.71401808499285        1.48287374841330        0.28063025207186
C           -3.07925868881998        1.34737242560142        0.39874713052171
C           -3.65476789296275        0.10202087968160        0.20180927465024
Br          -5.54362357984444       -0.09900624211655        0.36672122843174
C           -2.87704936762543       -0.99482423848694       -0.11346120570552
C           -1.50491567549593       -0.85610373295214       -0.23408804663006
H            3.63101025665759        0.59614658421757        2.06429390716530
H            1.89340720365577        0.90437823665239        2.00983515313001
H            2.49309307712037       -0.75000080544729        2.15720644985987
H            3.47931620508244       -0.59569887906956       -0.12931309994533
H            2.91574966104397        1.07716969711997       -0.25875141011491
H            1.06565748741494       -1.29840930760676        0.16459282789056
H            0.46741276094651       -0.93142742910457       -2.27305656050934
H            1.78926066866257        0.22933011391170       -2.39083619819253
H            2.13728859919377       -1.47500226186239       -2.06440952494009
H           -1.24020587524258        2.43976516188753        0.43130561541334
H           -3.69420117710183        2.19953101300875        0.64370276755143
H           -3.33535800794616       -1.95974263502318       -0.26793575222839
H           -0.92233564428004       -1.72838995749550       -0.48388291063486
25
 energy: -36.194195750457 gnorm: 0.000171346479 xtb: 6.7.1 (edcfbbe)
C            2.68111613392058        0.21892126625550        1.69968956669014
C            2.70132976706794        0.10148009263677        0.18064852971887
C            1.35833660929684       -0.38517584580218       -0.37113224494254
C            1.44012767023201       -0.65914246474100       -1.87306031327414
O            0.41863087936498        0.64821981187458       -0.09892285320388
C           -0.90477264180244        0.38428458202716       -0.03181458622961
C           -1.71441590813298        1.48261485427818        0.27963294831187
C           -3.07995447476867        1.34768370524502        0.39500984211479
C           -3.65528906987467        0.10204003087145        0.19928290442738
Br          -5.54462125623214       -0.09806852452454        0.36009013856382
C           -2.87712344639683       -0.99560447494740       -0.11216314743896
C           -1.50474655376187       -0.85733548001831       -0.23053194234017
H            3.63323706291625        0.59663822400622        2.06319643121435
H            1.89523970462124        0.90248445678237        2.01048896318297
H            2.49716673497505       -0.75096458465435        2.15761425442959
H            3.47951906658266       -0.59691051476529       -0.13010477135138
H            2.91658425286296        1.07622436402552       -0.25915959760144
H            1.06714255493334       -1.29989258604969        0.16448318946037
H            0.46463602591336       -0.92859304352105       -2.27130131625314
H            1.78545691587545        0.23342288901399       -2.38901507187789
H            2.13534493009814       -1.47135392125006       -2.06684653234227
H           -1.24056909676199        2.43955716289389        0.42990495307261
H           -3.69511225405324        2.20026468430040        0.63766219617014
H           -3.33540154654099       -1.96064013876312       -0.26598863727686
H           -0.92186206033735       -1.73015454517437       -0.47766290322596
25
 energy: -36.194197523589 gnorm: 0.000150605454 xtb: 6.7.1 (edcfbbe)
C            2.68289378511277        0.21847298616027        1.69964766142598
C            2.70166217118387        0.10120323423150        0.18056180002674
C            1.35809933861211       -0.38491738081042       -0.37033944433937
C            1.43884874875586       -0.65837765480915       -1.87240134117147
O            0.41851802040301        0.64845595978209       -0.09755116398641
C           -0.90491444874163        0.38441901746461       -0.03073473916360
C           -1.71494167459325        1.48267120202163        0.27983620734962
C           -3.08054155017231        1.34754754604058        0.39418311028303
C           -3.65560604258078        0.10186639457232        0.19804776939997
Br          -5.54510794425976       -0.09837126659806        0.35653354686257
C           -2.87703777309964       -0.99577094594757       -0.11234452061579
C           -1.50457470518208       -0.85736138896190       -0.22945262276429
H            3.63521117376777        0.59651424431532        2.06218767799953
H            1.89694705482718        0.90151700310530        2.01154476079043
H            2.50013346497725       -0.75174213564635        2.15739970592722
H            3.47940105444507       -0.59749437015330       -0.13096246663950
H            2.91706170685570        1.07600296956548       -0.25925214483063
H            1.06705681261685       -1.29971549072048        0.16520022583470
H            0.46304894799117       -0.92735802798131       -2.27019817230528
H            1.78415771371416        0.23421584957707       -2.38831717904479
H            2.13365818050151       -1.47073909490870       -2.06687142942553
H           -1.24149621036897        2.43988577741255        0.42965676377655
H           -3.69619047824337        2.20034132649852        0.63509961056827
H           -3.33495684151856       -1.96103010597572       -0.26583250784572
H           -0.92133050500629       -1.73023564823459       -0.47564110811356
25
 energy: -36.194199352113 gnorm: 0.000153409975 xtb: 6.7.1 (edcfbbe)
C            2.68487009240068        0.21792629308522        1.69958827938440
C            2.70201561736958        0.10085619904690        0.18045484760127
C            1.35782633209985       -0.38461997383441       -0.36941934851400
C            1.43737201490339       -0.65758404628176       -1.87164636206937
O            0.41849031016959        0.64875430586465       -0.09564739373834
C           -0.90502220418343        0.38468701998326       -0.02970309330875
C           -1.71556295700384        1.48288206482302        0.27967042951487
C           -3.08128114455792        1.34753856648486        0.39255804484035
C           -3.65595414027527        0.10168489189742        0.19643130195138
Br          -5.54556864434560       -0.09886130205759        0.35309137690507
C           -2.87683764430272       -0.99598568865167       -0.11246066147933
C           -1.50431052282136       -0.85731358473545       -0.22831951190365
H            3.63724399759191        0.59691624158806        2.06096573382177
H            1.89860749994335        0.90013274127945        2.01252398350645
H            2.50373817743792       -0.75254829668421        2.15746786985071
H            3.47902645433209       -0.59837241331565       -0.13183226583977
H            2.91774011996214        1.07553055811869       -0.25955122432695
H            1.06708006586292       -1.29950097511532        0.16611581806376
H            0.46110297820230       -0.92572450384547       -2.26886520856195
H            1.78285753226166        0.23502440153731       -2.38742228968365
H            2.13151185141232       -1.47029330266302       -2.06702886053415
H           -1.24255742049623        2.44026433258985        0.42979641704530
H           -3.69735421296619        2.20024825835831        0.63276193990131
H           -3.33435143814658       -1.96141627870198       -0.26607101209164
H           -0.92068271485292       -1.73022550877076       -0.47345881033646
25
 energy: -36.194201216023 gnorm: 0.000110328064 xtb: 6.7.1 (edcfbbe)
C            2.68705782479109        0.21735954968091        1.69944904282637
C            2.70249471085188        0.10054421183306        0.18029550399645
C            1.35762747084787       -0.38443920367092       -0.36828262129610
C            1.43556992465252       -0.65667882182062       -1.87074246639623
O            0.41855110571083        0.64880196192969       -0.09302690145339
C           -0.90509194633267        0.38483816671170       -0.02866953238413
C           -1.71612182716394        1.48302637634869        0.27946917408990
C           -3.08196283686687        1.34748998388926        0.39100388903257
C           -3.65629033705127        0.10149730426120        0.19473409092541
Br          -5.54606218085804       -0.09921432949806        0.34923058011795
C           -2.87667378096596       -0.99618678525306       -0.11288241848406
C           -1.50406289097521       -0.85733348411714       -0.22730348019926
H            3.63934002905825        0.59776909509718        2.05965654686019
H            1.90022095883574        0.89841035479695        2.01337777461175
H            2.50785932107208       -0.75335923413421        2.15752932307928
H            3.47880549298310       -0.59900322059633       -0.13291103304678
H            2.91821685694034        1.07511807217716       -0.25980271087077
H            1.06745950782089       -1.29954050369641        0.16719487293638
H            0.45869703708474       -0.92373848187674       -2.26722052065213
H            1.78138265596781        0.23593270766967       -2.38631270591486
H            2.12882297551382       -1.46989443951024       -2.06719101588697
H           -1.24351652197910        2.44056060694418        0.42988193152859
H           -3.69841546970996        2.20018802994937        0.63014464719437
H           -3.33380752831959       -1.96180477764795       -0.26643200966985
H           -0.92010055191071       -1.73034313946767       -0.47118996094603
25
 energy: -36.194203009036 gnorm: 0.000100000075 xtb: 6.7.1 (edcfbbe)
C            2.68930806626274        0.21690133117960        1.69928727883020
C            2.70302071786971        0.10040515001055        0.18009274532786
C            1.35750947440070       -0.38442573752082       -0.36704314315799
C            1.43363397306054       -0.65576593161774       -1.86976619590337
O            0.41862736384755        0.64849195953253       -0.08993412035411
C           -0.90513555032526        0.38466910209398       -0.02725933450775
C           -1.71655678847986        1.48298612039126        0.27936061159999
C           -3.08254771023220        1.34749130165118        0.38921745952362
C           -3.65664417709265        0.10142785878137        0.19274519769272
Br          -5.54656051006264       -0.09932781613951        0.34533762612812
C           -2.87662928230717       -0.99639974012074       -0.11335199081832
C           -1.50388710091546       -0.85757517662364       -0.22612577612043
H            3.64143929996754        0.59873740544790        2.05838748956101
H            1.90179823338833        0.89669798273542        2.01428491553330
H            2.51221690919248       -0.75417502474410        2.15740837064238
H            3.47890829200562       -0.59912925689126       -0.13419175417032
H            2.91826870387126        1.07507811188886       -0.25999460573870
H            1.06815967983694       -1.29987982645397        0.16830167319521
H            0.45610395584735       -0.92164247019119       -2.26539754464624
H            1.77974524914512        0.23684300110783       -2.38513404037753
H            2.12591089140070       -1.46950752706312       -2.06746935517228
H           -1.24420462152271        2.44061996900053        0.42992767266913
H           -3.69926179178580        2.20025260568218        0.62743583132311
H           -3.33355427971894       -1.96207454778306       -0.26714903407203
H           -0.91966899765625       -1.73069884435434       -0.46896997698894
25
 energy: -36.194204655377 gnorm: 0.000095640115 xtb: 6.7.1 (edcfbbe)
C            2.69153538094805        0.21645653997490        1.69914370551757
C            2.70346802478654        0.10053084230270        0.17988597467886
C            1.35746783387662       -0.38450510131684       -0.36584850317848
C            1.43182083548170       -0.65494582101625       -1.86881989195453
O            0.41865103185133        0.64797731573755       -0.08697731677128
C           -0.90523263231513        0.38432454294006       -0.02604692226139
C           -1.71690326863319        1.48281519660431        0.27928137301977
C           -3.08302598936450        1.34746931956190        0.38770398115843
C           -3.65699377414807        0.10136935519605        0.19109909834411
Br          -5.54715629678441       -0.09905725562701        0.34112423668927
C           -2.87673550912560       -0.99661441168129       -0.11381669413938
C           -1.50385254699350       -0.85795933694759       -0.22507366265409
H            3.64356714657943        0.59953925406373        2.05718128328659
H            1.90347617185510        0.89508064546609        2.01525083856979
H            2.51632766184022       -0.75497825610268        2.15722466053994
H            3.47919350151207       -0.59863805898387       -0.13556710517418
H            2.91787096435325        1.07540999195748       -0.26015675460747
H            1.06909783564515       -1.30037637893579        0.16934088196200
H            0.45364539020375       -0.91975113952083       -2.26358154726579
H            1.77811331434889        0.23771668968760       -2.38397903590213
H            2.12321170930450       -1.46913652281784       -2.06777923641281
H           -1.24461691012688        2.44043632763709        0.43013554020302
H           -3.69992929538088        2.20040833745491        0.62478628554999
H           -3.33358272155028       -1.96229056153016       -0.26783559362632
H           -0.91941785816654       -1.73128151410453       -0.46667559557286
25
 energy: -36.194206125127 gnorm: 0.000091816361 xtb: 6.7.1 (edcfbbe)
C            2.69360203003726        0.21606506083593        1.69897329291362
C            2.70384627549511        0.10082666614110        0.17965799007845
C            1.35746690783885       -0.38462300627362       -0.36475385082349
C            1.43025518802799       -0.65426413340150       -1.86794980519866
O            0.41861210929896        0.64736091879959       -0.08425952566505
C           -0.90535431728868        0.38382663203138       -0.02470734876887
C           -1.71718285714256        1.48254993312592        0.27937739152893
C           -3.08345684706709        1.34749820528202        0.38621737549430
C           -3.65741679137015        0.10146508034118        0.18914422769280
Br          -5.54776081404321       -0.09864389282383        0.33732510102694
C           -2.87697440212043       -0.99679151732563       -0.11433283274264
C           -1.50391862493410       -0.85845272898513       -0.22391814040602
H            3.64566728411197        0.59997230869096        2.05604050087725
H            1.90521504277485        0.89372096109003        2.01632905110851
H            2.51994763777287       -0.75575478452765        2.15680328495800
H            3.47962605928582       -0.59769362197645       -0.13707718329950
H            2.91712603117697        1.07606100353116       -0.26012580109558
H            1.07009946831284       -1.30090192670546        0.17030311441131
H            0.45153872594333       -0.91828059323935       -2.26190203349012
H            1.77656012954505        0.23848709674107       -2.38295473493693
H            2.12096827575081       -1.46874803494585       -2.06804732321860
H           -1.24485366888976        2.44012255708333        0.43040066537455
H           -3.70046183618678        2.20061250006101        0.62236430448263
H           -3.33382132606005       -1.96245404969483       -0.26844954634892
H           -0.91932968027220       -1.73196063385566       -0.46445817395426
25
 energy: -36.194207410162 gnorm: 0.000085950383 xtb: 6.7.1 (edcfbbe)
C            2.69548334703216        0.21564108253532        1.69883194543460
C            2.70411313242993        0.10128471584535        0.17944015230591
C            1.35746358349404       -0.38469707964654       -0.36382867525122
C            1.42896118804639       -0.65375271753880       -1.86719552860229
O            0.41850644687691        0.64683086330402       -0.08208539324007
C           -0.90551967682588        0.38337389027228       -0.02362036928490
C           -1.71745277022260        1.48229851060328        0.27945458000210
C           -3.08383802459031        1.34751289382446        0.38502660787915
C           -3.65778567775533        0.10150123453919        0.18778617428108
Br          -5.54838922926785       -0.09809415801540        0.33341999138025
C           -2.87723111045741       -0.99697853293053       -0.11457380771386
C           -1.50404606939314       -0.85890307480454       -0.22292221353576
H            3.64769932855173        0.59993893429556        2.05506177906363
H            1.90702142568791        0.89262833409359        2.01743918637864
H            2.52296908752276       -0.75655789587736        2.15628937521891
H            3.48005068524024       -0.59649049894978       -0.13856430979644
H            2.91620030997665        1.07695021713986       -0.26000008347734
H            1.07097577059949       -1.30130760895093        0.17115024519529
H            0.44985518671469       -0.91733843226906       -2.26046029256194
H            1.77509634900987        0.23909767777767       -2.38214016353885
H            2.11927607076685       -1.46834792828445       -2.06817939917261
H           -1.24504237197680        2.43979519813134        0.43069628161657
H           -3.70093460581855        2.20081301053684        0.62027841604140
H           -3.33412245319131       -1.96258754743892       -0.26890302761538
H           -0.91930992245280       -1.73261108819275       -0.46240147100824
25
 energy: -36.194208532521 gnorm: 0.000081481277 xtb: 6.7.1 (edcfbbe)
C            2.69720773775979        0.21513320169985        1.69870718473855
C            2.70430344064107        0.10180603604474        0.17923160178682
C            1.35743719034750       -0.38467376406627       -0.36303640992111
C            1.42789746384182       -0.65338225332856       -1.86651876936994
O            0.41836527836057        0.64647268106955       -0.08031879477816
C           -0.90569726247743        0.38303170882779       -0.02264650892148
C           -1.71774709388492        1.48211169171789        0.27957055634552
C           -3.08424033802645        1.34754397798082        0.38394753398611
C           -3.65818208530034        0.10159056502078        0.18630113181951
Br          -5.54895896287097       -0.09766851835569        0.33013361971615
C           -2.87747940919701       -0.99711288928736       -0.11486892781837
C           -1.50416039956540       -0.85927757836746       -0.22192165785151
H            3.64968639697429        0.59947284520112        2.05419779034832
H            1.90888760399087        0.89167884546932        2.01857549106097
H            2.52544093463196       -0.75741036513228        2.15571087910916
H            3.48042146822101       -0.59517542859016       -0.14005422311379
H            2.91521871010618        1.07791692131411       -0.25979028315742
H            1.07172668676440       -1.30153035391095        0.17194525044750
H            0.44851826937320       -0.91688964648297       -2.25915743803034
H            1.77366294116612        0.23959870503699       -2.38149052995005
H            2.11807912969092       -1.46792681186857       -2.06817365895688
H           -1.24529718883002        2.43956282884733        0.43097504374113
H           -3.70144469739725        2.20099871890849        0.61835780419846
H           -3.33436532388709       -1.96272553986846       -0.26920133832131
H           -0.91928049043516       -1.73314557788035       -0.46047534710921
25
 energy: -36.194209534627 gnorm: 0.000074217339 xtb: 6.7.1 (edcfbbe)
C            2.69879698494903        0.21457907194431        1.69859019137038
C            2.70446283830976        0.10232028567405        0.17904171493301
C            1.35738142855918       -0.38458081567554       -0.36231026962177
C            1.42695621916701       -0.65309042607051       -1.86587892064913
O            0.41821789491731        0.64627416964586       -0.07885388443673
C           -0.90587534601161        0.38282863146958       -0.02182155378019
C           -1.71807760492861        1.48202670052775        0.27956856664462
C           -3.08465941951325        1.34759252002587        0.38289249354312
C           -3.65852842266899        0.10162170536268        0.18513374816001
Br          -5.54948245858487       -0.09736864568508        0.32703442375249
C           -2.87765608810324       -0.99724320259238       -0.11499840352089
C           -1.50424847454483       -0.85952665115517       -0.22106357889300
H            3.65161920311844        0.59867049313319        2.05342987524778
H            1.91075563767928        0.89083787862046        2.01976730713389
H            2.52754823847075       -0.75833411413707        2.15499462688531
H            3.48074416227180       -0.59389350434905       -0.14153215500628
H            2.91428785146280        1.07891239418013       -0.25943678612891
H            1.07229456532676       -1.30158918126037        0.17274975174704
H            0.44741032646111       -0.91681752702350       -2.25794829269513
H            1.77218423954778        0.24002137857231       -2.38098604060683
H            2.11721453552538       -1.46744004684974       -2.06804131780210
H           -1.24565561818340        2.43946967648003        0.43110708472368
H           -3.70198459994018        2.20113903553441        0.61664118697074
H           -3.33449454010342       -1.96287406586065       -0.26936303803001
H           -0.91921155318634       -1.73353576051185       -0.45871672994248
25
 energy: -36.194210445093 gnorm: 0.000070731929 xtb: 6.7.1 (edcfbbe)
C            2.70034463227250        0.21388786399246        1.69852684486993
C            2.70457645750213        0.10286377949275        0.17888188239868
C            1.35729995058486       -0.38439128820297       -0.36165352012549
C            1.42606281443275       -0.65285020204997       -1.86527174928102
O            0.41807064913121        0.64623628013571       -0.07758450623597
C           -0.90604673887285        0.38275968459008       -0.02112517080570
C           -1.71844253233438        1.48202730071946        0.27948405862789
C           -3.08509540526070        1.34763344707923        0.38190331779437
C           -3.65885268806822        0.10163727112847        0.18398513430122
Br          -5.54993235657527       -0.09722932484583        0.32434033913491
C           -2.87776392746787       -0.99735770007567       -0.11510785177247
C           -1.50427514481775       -0.85969157209803       -0.22020949236799
H            3.65352466050011        0.59763881474201        2.05278000663326
H            1.91266108045135        0.88995424030330        2.02095914489508
H            2.52945024137505       -0.75936477110933        2.15435516174493
H            3.48096557441934       -0.59264452712109       -0.14294528811520
H            2.91341169320389        1.07990606030189       -0.25908109363602
H            1.07275804886527       -1.30150038409892        0.17352749733513
H            0.44640611879307       -0.91700230822240       -2.25677677834928
H            1.77059538869088        0.24043203070271       -2.38054647694510
H            2.11656549681348       -1.46689054795609       -2.06785646988607
H           -1.24612444937721        2.43951557324727        0.43105767315609
H           -3.70259495639513        2.20127779590117        0.61485330730466
H           -3.33450005824764       -1.96304184655705       -0.26944331136468
H           -0.91906454962121       -1.73380566999946       -0.45705265931253
