23
 energy: -31.600795891941 gnorm: 0.031797913930 xtb: 6.7.1 (edcfbbe)
O           -2.33833424326900        0.44977108912100        1.45259974363900
C           -2.10463313920200        0.66290289878800        0.05886769590700
C           -2.02231237637800       -0.67227961288400       -0.67224990819000
C           -0.83371725686100       -1.50265365674000       -0.19336219790100
C            0.44517796633800       -0.70913150719900       -0.08799974615200
C            1.66278067407000       -1.39846716587200        0.01800264444100
C            2.86485601870000       -0.70406589222800        0.14916408641200
C            2.86350986131100        0.68691738998500        0.18141403004400
C            1.65962019490100        1.38392004930800        0.08737209768100
C            0.44199797796000        0.69659001812100       -0.03507993538000
C           -0.83637298570800        1.49529036413700       -0.16046720826800
H           -1.49356621782400        0.18422895650600        1.85890218192000
H           -2.96780762316200        1.22703591858900       -0.31111096117700
H           -1.93307804400400       -0.48979633296000       -1.75067048697800
H           -2.94042335196700       -1.24974104502800       -0.51249793094000
H           -0.69340624668300       -2.34255333794400       -0.88462914585100
H           -1.05512652908800       -1.92622269181300        0.79422750691500
H            1.67946584885700       -2.48623216801600       -0.00213133249900
H            3.80183385827700       -1.24928829782900        0.22577672979600
H            3.79977422605500        1.22990751074800        0.27955912639700
H            1.67462913968500        2.47166023299500        0.11077547664700
H           -0.81611139130700        2.31873800796200        0.56385428933400
H           -0.85875636070100        1.92346927225100       -1.17031675579800
23
 energy: -31.602708403909 gnorm: 0.010500858289 xtb: 6.7.1 (edcfbbe)
O           -2.33132657709885        0.46302485337543        1.45766259536654
C           -2.09650752073074        0.65954441888744        0.07065137010142
C           -2.01051537860306       -0.66851046156389       -0.67912119817585
C           -0.82518058898105       -1.49972738384987       -0.19187921864121
C            0.45098687006009       -0.70831213104575       -0.08175107266163
C            1.66193544710777       -1.38812905572722        0.02029871009996
C            2.85625030435714       -0.70133281015994        0.14941131331690
C            2.85230744363014        0.68286740922238        0.18075271299302
C            1.65380054127533        1.36820622292123        0.08601078964484
C            0.44625070113701        0.68620796666661       -0.04198496016921
C           -0.82895546680609        1.48308280997126       -0.17005536618035
H           -1.49929925644759        0.17280442691582        1.85574577427898
H           -2.96648290915243        1.22434925489148       -0.28272562462551
H           -1.91538001188066       -0.46923104756379       -1.75045675172591
H           -2.93499657122017       -1.22995436794251       -0.52157364431285
H           -0.67314260995794       -2.34359316226020       -0.87054400377421
H           -1.05676801930200       -1.92205155516704        0.79249635891258
H            1.67056491761799       -2.46989801852577       -0.00667182136877
H            3.78829089669390       -1.24472554315171        0.22477495899267
H            3.78165000526562        1.22734114303492        0.27879567556614
H            1.65677558795289        2.45017612465569        0.11314278475894
H           -0.81322023310541        2.31291029359849        0.54229932201304
H           -0.86703757181188        1.91495061281491       -1.17527870441051
23
 energy: -31.602986494019 gnorm: 0.004553977228 xtb: 6.7.1 (edcfbbe)
O           -2.31887035704595        0.46627260998104        1.45998860967468
C           -2.09084959296069        0.65969123139821        0.07814923036969
C           -2.00600222091917       -0.66708077417980       -0.68085177833709
C           -0.82451184554889       -1.49953518471938       -0.18925520115109
C            0.44983754953143       -0.70695664719314       -0.07946542917458
C            1.65958908571883       -1.38377883531493        0.02089674906944
C            2.85235120551184       -0.70065597785414        0.14990142456797
C            2.84776201270206        0.68292547539163        0.18165798222658
C            1.65055238945107        1.36388543489453        0.08508141577478
C            0.44517374217228        0.68432854381169       -0.04527894063607
C           -0.82592287901419        1.48290519042237       -0.17495253468344
H           -1.49656297389554        0.14722816020999        1.85079899224878
H           -2.96650273082217        1.22257661579732       -0.26570649879191
H           -1.89915574531071       -0.45337516485177       -1.74607105772024
H           -2.93229994158079       -1.22556000485508       -0.53419695444840
H           -0.66713584328098       -2.34631022531210       -0.86140093316697
H           -1.06253797686843       -1.91875841545776        0.79479995004322
H            1.66106857709592       -2.46406314813415       -0.00458232816707
H            3.78219636042916       -1.24424568386588        0.22445021704205
H            3.77422225138892        1.22834066568104        0.28075891872329
H            1.64592273869426        2.44416835617509        0.10996765961696
H           -0.80577156844954        2.32071983221182        0.52748571863934
H           -0.87255223699875        1.90727794576142       -1.18217521172092
23
 energy: -31.603095930423 gnorm: 0.003054786816 xtb: 6.7.1 (edcfbbe)
O           -2.30553872687231        0.46657229874344        1.46534686385465
C           -2.08910260929015        0.66086091141491        0.08565402657472
C           -2.00332269956062       -0.66352312197667       -0.68247766932831
C           -0.82644076356447       -1.49884236367683       -0.18634253019547
C            0.44769274137247       -0.70602876401634       -0.07759080300429
C            1.65803178687014       -1.38226329360090        0.02364675326255
C            2.85103607498936       -0.70047557014093        0.15156597622570
C            2.84654724978722        0.68397429297055        0.18216884014292
C            1.64947805511407        1.36363354901369        0.08333471166252
C            0.44329827674081        0.68495613232238       -0.04772516580456
C           -0.82614980518032        1.48366722014250       -0.18048852597022
H           -1.49109296417475        0.11570418215533        1.84660502267372
H           -2.96907932342649        1.22172039046625       -0.25140230102926
H           -1.88512330307621       -0.43933069292754       -1.74362754405214
H           -2.93148566037623       -1.22068371482007       -0.54810939842250
H           -0.66786604331847       -2.34834388666177       -0.85437603669331
H           -1.06826814323103       -1.91473965051815        0.79845023283666
H            1.65504333068977       -2.46259380833761       -0.00122964806857
H            3.78021090130445       -1.24449322915869        0.22582803299702
H            3.77210115316715        1.22985951104511        0.28277817779592
H            1.64041644204180        2.44380824442594        0.10653217189557
H           -0.80197480594907        2.32874869235744        0.51320385060862
H           -0.87841116405713        1.89781267077594       -1.19174503796297
23
 energy: -31.603147756005 gnorm: 0.003311124606 xtb: 6.7.1 (edcfbbe)
O           -2.29115656649644        0.46441876503154        1.47134424982037
C           -2.08826559465117        0.66182420649685        0.09190208663416
C           -2.00268359958277       -0.65983267233919       -0.68346692891060
C           -0.82929284976318       -1.49744711406164       -0.18414884183360
C            0.44557317769562       -0.70489289020512       -0.07670126545614
C            1.65658345214545       -1.38181426374054        0.02668453760252
C            2.85005299430532       -0.70022196895509        0.15407103810185
C            2.84607681955202        0.68506624378450        0.18302143628031
C            1.64924887079257        1.36525515868898        0.08197427333102
C            0.44153443884063        0.68690915908209       -0.04920077338050
C           -0.82751945599988        1.48557293138332       -0.18550411516420
H           -1.48381272361480        0.08402115786787        1.84101955510745
H           -2.97189934718256        1.22126949168233       -0.23762469705603
H           -1.87449712849652       -0.42812063027070       -1.74174025155545
H           -2.93248594266963       -1.21709002928657       -0.56151872169930
H           -0.67227489542271       -2.34903161356916       -0.85004365895732
H           -1.07285046617911       -1.91092669382544        0.80149476765305
H            1.65152075489034       -2.46266809366288        0.00411806672128
H            3.77927557424727       -1.24458252829734        0.22942429549459
H            3.77203681683800        1.23078793171105        0.28381419843876
H            1.63901348074563        2.44588135978369        0.10269266678157
H           -0.80037136949666        2.33740000421873        0.49983527314415
H           -0.88380644049742        1.88822208848071       -1.20144719109892
23
 energy: -31.603161405109 gnorm: 0.001889217829 xtb: 6.7.1 (edcfbbe)
O           -2.28462009340184        0.46222298446063        1.47421700635201
C           -2.08831416256812        0.66199951471943        0.09375992168117
C           -2.00317157705255       -0.65806556948484       -0.68347528317818
C           -0.83044499070266       -1.49669657543265       -0.18439750398760
C            0.44491860145712       -0.70432972677687       -0.07694959750788
C            1.65577212684240       -1.38200351758466        0.02845295746022
C            2.84938939744880       -0.70002710607428        0.15600061175945
C            2.84584057015233        0.68535957458041        0.18339541766623
C            1.64926201380801        1.36649708297064        0.08128386969623
C            0.44107098396790        0.68804284995668       -0.04971735741682
C           -0.82852992584408        1.48636277162068       -0.18757475555291
H           -1.47959986619278        0.07388124834720        1.83779898690151
H           -2.97328927747369        1.22145592988847       -0.23129939140008
H           -1.87303337031417       -0.42518930741368       -1.74133388599219
H           -2.93317998035261       -1.21589872155583       -0.56514714831947
H           -0.67484137113389       -2.34833522715095       -0.85079868845608
H           -1.07351661027559       -1.91038030802754        0.80134363618350
H            1.65135761322917       -2.46309063214028        0.00696197373350
H            3.77884740603094       -1.24439622132259        0.23276002104858
H            3.77245150916585        1.23062751040854        0.28409212413405
H            1.64036485261204        2.44738526477950        0.10143113107263
H           -0.80098367129610        2.34041739065033        0.49456682042896
H           -0.88575017810651        1.88416079057963       -1.20537086630782
23
 energy: -31.603169168065 gnorm: 0.000648647389 xtb: 6.7.1 (edcfbbe)
O           -2.27679678578334        0.46060797995988        1.47761976634831
C           -2.08781930171149        0.66219510080333        0.09517316518822
C           -2.00491826914804       -0.65620823778631       -0.68272354548536
C           -0.83135450692539       -1.49557656056477       -0.18620397567495
C            0.44455981377315       -0.70353524166303       -0.07759259622017
C            1.65461822986262       -1.38196776002272        0.03081550195963
C            2.84822503055667       -0.69947996742782        0.15921418793511
C            2.84516492557181        0.68561139219604        0.18440985407460
C            1.64899258456025        1.36783872646918        0.08060283942761
C            0.44106743081486        0.68920267538275       -0.05064469987633
C           -0.82923694636570        1.48700977162789       -0.19037554403251
H           -1.47402624316906        0.06217407597842        1.83286106812084
H           -2.97389901906421        1.22273242991550       -0.22351458665395
H           -1.87580853167716       -0.42362890588289       -1.74094616228690
H           -2.93465030861390       -1.21477799147987       -0.56493834491289
H           -0.67686413318820       -2.34572996866079       -0.85494000605640
H           -1.07289181535093       -1.91178488856961        0.79884311052259
H            1.65183170132267       -2.46310275745181        0.01119583632250
H            3.77780443786287       -1.24370584552950        0.23867336843109
H            3.77248835764629        1.23025723493002        0.28456086975840
H            1.64263002840886        2.44884694428733        0.09977449223790
H           -0.80168842878945        2.34343987527646        0.48813010297999
H           -0.88742825059320        1.87958191821032       -1.20999470210834
23
 energy: -31.603172610777 gnorm: 0.000500621756 xtb: 6.7.1 (edcfbbe)
O           -2.27501850154191        0.46128638721313        1.47830345166481
C           -2.08722499243790        0.66250842415971        0.09543050188938
C           -2.00584739225341       -0.65609799580641       -0.68177945957038
C           -0.83099661333594       -1.49554447787497       -0.18790332589322
C            0.44466564995516       -0.70328840256303       -0.07803255517049
C            1.65431911143743       -1.38161447448818        0.03159013981682
C            2.84790962640514       -0.69925876699873        0.16076198745452
C            2.84496998113937        0.68568835492937        0.18518096739297
C            1.64884854826886        1.36783827285591        0.08021725073746
C            0.44135776513032        0.68930214177076       -0.05165414951464
C           -0.82887879333692        1.48692103733668       -0.19161786077316
H           -1.47256977737013        0.06046772446515        1.83171593049602
H           -2.97364007415164        1.22331571994215       -0.22184037791375
H           -1.87992808626249       -0.42407643355227       -1.74055436951844
H           -2.93515929880966       -1.21466827499325       -0.56071823434449
H           -0.67591387646104       -2.34389931513786       -0.85868688330232
H           -1.07176523825252       -1.91448106098998        0.79616115156525
H            1.65168620598790       -2.46264120317438        0.01227332159550
H            3.77720287441301       -1.24356557956329        0.24122368722708
H            3.77207534820966        1.23034014029556        0.28594087897476
H            1.64271146929699        2.44871605936045        0.09927370448824
H           -0.80105843736385        2.34392606098803        0.48614391684900
H           -0.88774549866646        1.87882566182342       -1.21142967415190
23
 energy: -31.603176761289 gnorm: 0.000625823954 xtb: 6.7.1 (edcfbbe)
O           -2.27145349698437        0.46314519936543        1.47974516723776
C           -2.08609965197548        0.66313600302790        0.09635613849745
C           -2.00784187899308       -0.65627417739404       -0.67981339023793
C           -0.83033525529958       -1.49561168682549       -0.19144772503830
C            0.44473199249394       -0.70281556517893       -0.07893806358606
C            1.65402652442548       -1.38100255366267        0.03289638543166
C            2.84765293433999       -0.69897630545206        0.16353833279794
C            2.84490597509434        0.68590295819855        0.18717645002063
C            1.64884175063821        1.36790333276384        0.08021988204069
C            0.44168189907110        0.68964880303814       -0.05321415183315
C           -0.82833383713544        1.48696288517136       -0.19402150284155
H           -1.46996964076386        0.05825065705536        1.83074316819197
H           -2.97301889140401        1.22405814479359       -0.21940824006920
H           -1.88819812419608       -0.42528320564514       -1.73956667389321
H           -2.93644727025725       -1.21478809294616       -0.55246617535228
H           -0.67431577113204       -2.33995244970800       -0.86701530361310
H           -1.06923373814442       -1.92059254595673        0.79049285572347
H            1.65111136815743       -2.46198896460943        0.01447749368491
H            3.77642914839690       -1.24362418321172        0.24579869338323
H            3.77165248870338        1.23071896360516        0.28874089507376
H            1.64264306804040        2.44869764969882        0.09831790483919
H           -0.79974124066866        2.34552661368427        0.48189537020215
H           -0.88868835240693        1.87695852018593       -1.21450751066101
23
 energy: -31.603179017882 gnorm: 0.000449588409 xtb: 6.7.1 (edcfbbe)
O           -2.26712396899936        0.46455389054799        1.48153550684862
C           -2.08545451521021        0.66384512229389        0.09777334302040
C           -2.00939095849246       -0.65610157460242       -0.67798811868502
C           -0.82993692674582       -1.49572337658836       -0.19452751799311
C            0.44463570853264       -0.70236858120914       -0.08013140244745
C            1.65373913240011       -1.38061120334732        0.03423902570149
C            2.84726877777510       -0.69879514358190        0.16633755590835
C            2.84475490097605        0.68615072896244        0.18881148434551
C            1.64893789232627        1.36816317395854        0.07980982778614
C            0.44176697096494        0.69008123092287       -0.05493952033644
C           -0.82818658290084        1.48704364662967       -0.19669510640693
H           -1.46666148420694        0.05531422451743        1.82999206253042
H           -2.97315578952489        1.22468744543076       -0.21622413754992
H           -1.89454481878326       -0.42542813131418       -1.73832568106463
H           -2.93740719945450       -1.21464224192327       -0.54640049001324
H           -0.67361604622500       -2.33690952485030       -0.87407502535177
H           -1.06685028210092       -1.92552691991752        0.78579734582501
H            1.65047456232618       -2.46162236696384        0.01607002713209
H            3.77575423884552       -1.24368686215716        0.25019849919523
H            3.77131476696572        1.23100301247470        0.29184496275144
H            1.64249088583878        2.44896065722999        0.09826200097930
H           -0.79880623657473        2.34745193511303        0.47684572939074
H           -0.89000302773242        1.87416085837209       -1.21821037156724
23
 energy: -31.603180255132 gnorm: 0.000289531918 xtb: 6.7.1 (edcfbbe)
O           -2.26382556239821        0.46520843979182        1.48281933810593
C           -2.08488327435553        0.66388783312027        0.09881556024524
C           -2.01059230248727       -0.65623034220706       -0.67701254344880
C           -0.82985176668248       -1.49569302456188       -0.19652100886031
C            0.44453094217404       -0.70208181657959       -0.08125522094758
C            1.65361638705149       -1.38046716677497        0.03435839174799
C            2.84698140684304       -0.69872016012927        0.16775642045643
C            2.84449214260184        0.68629686492790        0.19052394797540
C            1.64889734330054        1.36839455052604        0.08035063544406
C            0.44169094817204        0.69034722383813       -0.05585832424568
C           -0.82823033683039        1.48715565256708       -0.19847380840058
H           -1.46358344400261        0.05495671184379        1.82998073750908
H           -2.97309182738438        1.22459975038270       -0.21395138864426
H           -1.89842901836552       -0.42553603312774       -1.73762443461522
H           -2.93824739417875       -1.21487648815323       -0.54324104405755
H           -0.67374952406024       -2.33499885741638       -0.87848552374146
H           -1.06521103865498       -1.92828750828780        0.78292357609148
H            1.65006870063928       -2.46152597495627        0.01682836916951
H            3.77536306868173       -1.24365241231302        0.25313140512728
H            3.77107416650318        1.23107265639631        0.29421942933870
H            1.64237553256352        2.44924758938735        0.09819171773198
H           -0.79837735206497        2.34889591260574        0.47329315925530
H           -0.89101779706541        1.87200659911803       -1.22076939123793
23
 energy: -31.603181083696 gnorm: 0.000210767169 xtb: 6.7.1 (edcfbbe)
O           -2.26117883856468        0.46534914734932        1.48380191349974
C           -2.08472580506245        0.66391844306248        0.09956836952156
C           -2.01120791165944       -0.65614032492455       -0.67653062720928
C           -0.82992316154496       -1.49571262985431       -0.19765853837291
C            0.44439761413523       -0.70196987085801       -0.08204428470756
C            1.65347823252101       -1.38048056021435        0.03445289478246
C            2.84667802867448       -0.69869614178309        0.16882116919966
C            2.84418714709406        0.68640055902996        0.19164533817434
C            1.64876395679194        1.36858647373600        0.08055462932388
C            0.44153736590385        0.69046530982646       -0.05651578974055
C           -0.82845701414089        1.48711200244390       -0.19981033621365
H           -1.46044686654249        0.05489890586547        1.82983556879351
H           -2.97338672744260        1.22460078429210       -0.21196534755589
H           -1.90019070422831       -0.42521763079242       -1.73718858599451
H           -2.93867492459719       -1.21491067220807       -0.54207205596559
H           -0.67410669851089       -2.33433572966182       -0.88056800046391
H           -1.06444068218006       -1.92927617976626        0.78153265936755
H            1.64987403897155       -2.46155578081101        0.01656622430544
H            3.77511891714208       -1.24351638973711        0.25476900098370
H            3.77079979508158        1.23103594099740        0.29632446507230
H            1.64215519028521        2.44946629670333        0.09873018813307
H           -0.79829414880053        2.34992210639455        0.47050785707173
H           -0.89195680332657        1.87005594090799       -1.22275671200608
