19
 energy: -33.379121954289 gnorm: 0.058358148874 xtb: 6.7.1 (edcfbbe)
C           -2.54158006526700       -1.14902014020500        0.67922347561800
O           -2.02032084270000        0.17587204668800        0.64796512534800
C           -0.71413786946000        0.31073500163100        0.25369772296900
C            0.14522130690400       -0.72166504218900       -0.11690150927400
C            1.46199997826300       -0.42402553420200       -0.49833178837500
C            2.37754065202100       -1.51380099637100       -0.89215562977200
O            2.02495552068200       -2.68668793884500       -0.89845527014000
C            1.92790095959500        0.89507607201300       -0.51289363375800
C            1.06956663884000        1.92826691397500       -0.14253521546100
C           -0.23476846055400        1.62716415692700        0.23466735994500
O           -1.05465317465300        2.66237610999400        0.59322618690800
H           -1.99799258020900       -1.76967945120900        1.39915127423700
H           -3.58290819214300       -1.08963119933700        1.01009841650200
H           -2.53416829731400       -1.59926302680600       -0.31888777136800
H           -0.17420165373900       -1.75932733360200       -0.12013757909300
H            3.40028913771700       -1.21995154154500       -1.18219549983300
H            2.94723366490900        1.12947363067900       -0.80776695172500
H            1.40882738685400        2.96027376958700       -0.14605089243200
H           -1.90880410974600        2.24381450281800        0.81828217970300
19
 energy: -33.381668456877 gnorm: 0.025109224569 xtb: 6.7.1 (edcfbbe)
C           -2.53867200044598       -1.14929395240922        0.67828904806432
O           -2.01058732282703        0.16267402977430        0.64361804240318
C           -0.70468498043896        0.30602295301650        0.25027964953581
C            0.15249481131706       -0.71512895445587       -0.11852365445380
C            1.46510587970889       -0.42258159326191       -0.49915734305896
C            2.35833062022103       -1.52022315202453       -0.88679603256658
O            2.03065605357744       -2.68674940090640       -0.90024062088081
C            1.92094573258567        0.89455488304380       -0.51077449989716
C            1.06866086767651        1.92130465658112       -0.14294309385327
C           -0.23484959663756        1.63083991200654        0.23505723460964
O           -1.06026773147160        2.65147946130611        0.59389785248417
H           -1.98910096913908       -1.77246444479164        1.38833779323155
H           -3.57421637616145       -1.05461686399999        1.01085923288080
H           -2.52090094497493       -1.60343928512256       -0.31568009266020
H           -0.15883460800187       -1.74876169932686       -0.12388599848714
H            3.37663789840233       -1.21241998464096       -1.17406843285385
H            2.93559060834790        1.12089883861917       -0.80498334781890
H            1.39847209900953        2.94880389286347       -0.14395667568747
H           -1.91478004074789        2.24910070372993        0.82067093900768
19
 energy: -33.382151961010 gnorm: 0.006486113780 xtb: 6.7.1 (edcfbbe)
C           -2.53595856384594       -1.14799769734704        0.67757102313102
O           -2.00551879261267        0.15707171519628        0.64148042930811
C           -0.69956966404030        0.30497434954726        0.24857932312576
C            0.15489736507862       -0.71100773793960       -0.11886461550679
C            1.46898447250309       -0.42349110222844       -0.50045836587039
C            2.34880135723402       -1.52606931510243       -0.88440526388167
O            2.03799462192203       -2.69178108761889       -0.90302899992492
C            1.91825806147756        0.89369015503875       -0.51002147813754
C            1.06826883199865        1.91750120131752       -0.14319787870605
C           -0.23662031632037        1.63665613489034        0.23618693400570
O           -1.06450538874672        2.64505068766999        0.59458293266907
H           -1.98828862271337       -1.77708177695097        1.38378481903038
H           -3.56660574788327       -1.03529405664835        1.01040084623448
H           -2.51792302595835       -1.60874527161496       -0.31329402642276
H           -0.15220529866947       -1.74402690900002       -0.12548593858579
H            3.36757400118389       -1.20507935804756       -1.17050938028794
H            2.93209630357703        1.11393382346956       -0.80458362009283
H            1.39169856988441        2.94451679770518       -0.14226780568629
H           -1.92137816406884        2.25717944766440        0.82353106559746
19
 energy: -33.382183482475 gnorm: 0.002404351220 xtb: 6.7.1 (edcfbbe)
C           -2.53714970127493       -1.14676792816362        0.67806485434771
O           -2.00537315304210        0.15702939805542        0.64143025307358
C           -0.69906868538439        0.30467578702913        0.24839266299876
C            0.15441929364818       -0.71150117236908       -0.11876514312913
C            1.47023285427583       -0.42493402056920       -0.50098997211344
C            2.35011510645490       -1.52640393240841       -0.88484097130549
O            2.04323497858113       -2.69350205799852       -0.90483673567074
C            1.91836191514504        0.89274744949308       -0.51014663848233
C            1.06815756862439        1.91656862445695       -0.14325554272426
C           -0.23745337434339        1.63807047620939        0.23658687599586
O           -1.06464828976146        2.64393017276668        0.59451593861236
H           -1.99102732017444       -1.77780584414702        1.38451091857665
H           -3.56723159441498       -1.03336289205076        1.01078802187714
H           -2.52062996084185       -1.60948020428632       -0.31246484189062
H           -0.15237205569960       -1.74512377584761       -0.12554288671097
H            3.36988138813755       -1.20173018372279       -1.17090384351430
H            2.93286600224270        1.11235339087633       -0.80497919985419
H            1.39103057893502        2.94451572765923       -0.14205923291435
H           -1.92334555110759        2.26072098501814        0.82449548282675
19
 energy: -33.382189929244 gnorm: 0.000549784138 xtb: 6.7.1 (edcfbbe)
C           -2.53863440424157       -1.14575029249322        0.67862930764174
O           -2.00551589789571        0.15726951169644        0.64149919005471
C           -0.69877644577175        0.30397356315296        0.24823312962434
C            0.15403833612049       -0.71262243899691       -0.11875614214389
C            1.47082785296189       -0.42608183994262       -0.50129289852171
C            2.35228350188578       -1.52566060543875       -0.88546470709007
O            2.04738730290944       -2.69364818837112       -0.90614295178607
C            1.91841540948093        0.89193483875388       -0.51024535121025
C            1.06802535674271        1.91588408551054       -0.14328184651739
C           -0.23787232967529        1.63824615597200        0.23673584022325
O           -1.06423632548725        2.64316323679683        0.59431227574846
H           -1.99362116253913       -1.77770703697925        1.38559948020511
H           -3.56886680050812       -1.03260557421461        1.01137351223845
H           -2.52337545000324       -1.60933284089239       -0.31186248421354
H           -0.15282335478602       -1.74659072725825       -0.12554832814012
H            3.37248362834753       -1.19937518843972       -1.17146453613291
H            2.93327679316052        1.11186349212283       -0.80515857383033
H            1.39121055776985        2.94434577064331       -0.14213184553813
H           -1.92422656847104        2.26269407837905        0.82496692938735
19
 energy: -33.382190472889 gnorm: 0.000258210361 xtb: 6.7.1 (edcfbbe)
C           -2.53939656522130       -1.14525120463421        0.67891665137089
O           -2.00551333562641        0.15737639241979        0.64150574513429
C           -0.69849936038398        0.30335389647920        0.24808000427106
C            0.15408429345087       -0.71337055691303       -0.11884987826964
C            1.47092242644849       -0.42648917702197       -0.50135169015817
C            2.35347379677467       -1.52504543581494       -0.88570683245174
O            2.04923848516033       -2.69328625574158       -0.90669901451370
C            1.91829153460993        0.89160654085903       -0.51023370731623
C            1.06791101591087        1.91562584405672       -0.14327217868831
C           -0.23791824818093        1.63783200571284        0.23670617500310
O           -1.06405108316970        2.64265555265233        0.59420027908894
H           -1.99486996419750       -1.77736969335541        1.38613532482915
H           -3.56980247887935       -1.03179216288708        1.01174722010943
H           -2.52468896076895       -1.60897858376387       -0.31152864751160
H           -0.15287329175318       -1.74731734142433       -0.12560368159806
H            3.37341221125302       -1.19833943271048       -1.17171101973144
H            2.93309871616356        1.11197517832426       -0.80508171033583
H            1.39150340904373        2.94401985923319       -0.14225551917379
H           -1.92432260063416        2.26279457453055        0.82500247994065
