26
 energy: -29.550234204739 gnorm: 0.027647573022 xtb: 6.7.1 (edcfbbe)
C            3.76660221382100        0.08816777370000        0.61247017296500
C            2.27790410605200       -0.02783247659400        0.48487772540400
C            1.49820965667100       -0.46680066324300        1.48646968392200
C            0.07198372599600       -0.61896886650100        1.33068222291800
C           -0.59216857583500       -0.12634019369400        0.26876226874200
C           -2.10098011746500       -0.26316789110400        0.14998848962300
C           -2.79154715670300        1.09377259852900       -0.00317136066500
C           -2.49628998004300       -1.20456823183900       -0.98992652871300
C            0.16086949282700        0.60795562447500       -0.82140219889300
C            1.68044397660000        0.35277709718300       -0.84723979329600
H            4.26142447743300       -0.53627705302500       -0.13831837236500
H            4.08103203552500        1.12623260029700        0.46430837716100
H            4.12061643354400       -0.23072431381900        1.59843746426200
H            1.92102890199300       -0.75305792641200        2.44567858863900
H           -0.45038147808500       -1.13777708402300        2.13021579137600
H           -2.48656701056300       -0.70963013302000        1.07703461082100
H           -2.53560638663500        1.57633231746700       -0.95269955406900
H           -2.50976792388500        1.77195537423500        0.80977055213700
H           -3.88031201972900        0.97522025955300        0.02421812716100
H           -3.57714643145700       -1.38356254382200       -0.98054757221800
H           -2.23995388056000       -0.79151963682700       -1.97106411855500
H           -1.99791438100000       -2.17501850473700       -0.88942789183600
H           -0.23954547966400        0.34975431444000       -1.80795859809800
H           -0.01172469924600        1.68372368674900       -0.68665290260700
H            2.17256813638600        1.25329600716000       -1.23496141254000
H            1.89722236402400       -0.45394213512500       -1.55954377127700
26
 energy: -29.551782282354 gnorm: 0.007868121701 xtb: 6.7.1 (edcfbbe)
C            3.75622911775661        0.09502037534751        0.60709737996706
C            2.26898253541926       -0.01975665922286        0.49046655346324
C            1.49449130746416       -0.46869810196842        1.48037646015299
C            0.06501400450263       -0.61296111786626        1.32643719383240
C           -0.59305341441476       -0.13310027692970        0.26688419387315
C           -2.09419700470164       -0.26546923213321        0.14844189072226
C           -2.77972773637407        1.09272701746894       -0.01060667386622
C           -2.48952781610191       -1.20220245407084       -0.99470242071652
C            0.15398500252029        0.61369098480543       -0.80843666147040
C            1.67009276207761        0.34020615500842       -0.84188124821515
H            4.24710328358231       -0.52081200227616       -0.14862818262624
H            4.07577125292869        1.12695562197505        0.45293406601242
H            4.09990025899728       -0.22829037281677        1.58931071508769
H            1.92259651935126       -0.75855183714805        2.43115275821949
H           -0.46368327444986       -1.12101094033956        2.12286568515698
H           -2.45839679112797       -0.71330427185182        1.08159931087652
H           -2.51918603759526        1.56385284856883       -0.95787666927534
H           -2.49280462011088        1.76335808825189        0.79932383893863
H           -3.86285942349869        0.97021665993575        0.01814792684935
H           -3.56602848240979       -1.37573641777706       -0.98182427846982
H           -2.22921361546014       -0.78127336757165       -1.96530703187906
H           -1.98742174719003       -2.16391203050929       -0.89051905499456
H           -0.26444245990507        0.36239545366635       -1.78626132122855
H           -0.02221111643062        1.68537767958136       -0.65605316294152
H            2.17797136939453        1.22760106104612       -1.23202871865648
H            1.89061612577805       -0.47632286317102       -1.54091254881333
26
 energy: -29.552151461484 gnorm: 0.003786694440 xtb: 6.7.1 (edcfbbe)
C            3.74763331515487        0.10145675339443        0.60148069159187
C            2.26114450977954       -0.01613370326540        0.49436328873180
C            1.49248397615654       -0.47170458715975        1.48223886561437
C            0.06096987067871       -0.61137755311208        1.33094821571585
C           -0.59297737035549       -0.13641230691504        0.27058574248849
C           -2.08961586938168       -0.26800736461689        0.14883008679902
C           -2.77017299172861        1.09244153235500       -0.01504635163354
C           -2.48120877209352       -1.20247094445057       -0.99879516847548
C            0.15021936406189        0.61868649329018       -0.79793374018118
C            1.65990915046234        0.33150287147599       -0.83983362313781
H            4.23293143764626       -0.50968008544280       -0.16000321880292
H            4.06524400448622        1.13205609469190        0.44359556271374
H            4.09090816086052       -0.22313705278301        1.58021218552559
H            1.92501629837931       -0.75996631075187        2.42939102154075
H           -0.47157140531223       -1.11792262110728        2.12329787936509
H           -2.45006020355700       -0.71654654803051        1.08186941033497
H           -2.50146306755880        1.55234705505338       -0.96229459946169
H           -2.48016488379944        1.76088847003581        0.79207282354023
H           -3.85083385213430        0.97105691505672        0.01029036980054
H           -3.55548788375306       -1.37239454395801       -0.98924770451607
H           -2.21488428568302       -0.77353325706757       -1.96139829044651
H           -1.97785093589793       -2.16039594868707       -0.89429274402305
H           -0.27968258438613        0.38684802371415       -1.77479742723853
H           -0.01344406600933        1.68856148271774       -0.62374065232639
H            2.17783082240165        1.20468628527938       -1.24710389022458
H            1.86512726158469       -0.50084914971383       -1.52468873329562
26
 energy: -29.552466923732 gnorm: 0.006855910522 xtb: 6.7.1 (edcfbbe)
C            3.73973991174465        0.11021231923499        0.59400406836736
C            2.25353287823500       -0.01283997103573        0.49723011373987
C            1.49114787677860       -0.47181374877784        1.48756644138470
C            0.05882334086948       -0.61438417627426        1.33777231658523
C           -0.59333976271594       -0.14025918628812        0.27683393759453
C           -2.08696156785895       -0.27182743963948        0.15021638533202
C           -2.76116835559607        1.09185150202834       -0.02074537965414
C           -2.47059316629601       -1.20309377197610       -1.00461970784630
C            0.14699616739203        0.62979757682096       -0.78184093030234
C            1.64723562688862        0.31563994395099       -0.84034048665597
H            4.21883662032065       -0.49741700222788       -0.17364272739213
H            4.05137931184461        1.14152840987515        0.43211485831043
H            4.08913139863503       -0.21357534900253        1.56908876955994
H            1.92852444603185       -0.75698717178540        2.43250222070789
H           -0.47619055442640       -1.12121268981408        2.12715331902269
H           -2.45188010801484       -0.72157071345612        1.08007186331556
H           -2.48192563193648        1.54197862831252       -0.96821302702932
H           -2.46881697724234        1.75962036796529        0.78425507470589
H           -3.84100123746899        0.97552256719080       -0.00089292628776
H           -3.54365678436921       -1.37109130672614       -1.00328936362951
H           -2.19496473393519       -0.76672046654750       -1.96004651288955
H           -1.96651139600933       -2.15898309698793       -0.89944016502398
H           -0.29691785395276        0.43168235844477       -1.76022728373796
H            0.00425111341187        1.69789884186694       -0.57456251892060
H            2.17788006320683        1.16739801425758       -1.27689447154780
H            1.82644937446530       -0.54135443940623       -1.50405386770983
26
 energy: -29.552885609307 gnorm: 0.011136415817 xtb: 6.7.1 (edcfbbe)
C            3.73038603962764        0.12539229574161        0.58123885450637
C            2.24467293614069       -0.01184783335513        0.49849516579653
C            1.49023839596326       -0.46955070029743        1.49636083036015
C            0.05766220462200       -0.62121227867224        1.34856113868463
C           -0.59527208102906       -0.14282936009203        0.28905256720406
C           -2.08578604952586       -0.27706583084157        0.15106386218658
C           -2.75134670477034        1.09083495755345       -0.02990803539023
C           -2.45309667577999       -1.20447008428529       -1.01475322199465
C            0.14458251233542        0.65271258950925       -0.75140309881296
C            1.62673924750764        0.28249473821763       -0.84335101456526
H            4.20323783812017       -0.47750898145165       -0.19390640332373
H            4.02863132316769        1.15996206305779        0.41381393717574
H            4.09432219725355       -0.19419381142002        1.55170298146723
H            1.93333904988349       -0.74241158969417        2.44202076860102
H           -0.47747624159006       -1.13690199068399        2.13171466711770
H           -2.46367141594952       -0.72910123168615        1.07406809155483
H           -2.45707226175832        1.53121811130055       -0.97692413834209
H           -2.45828214535541        1.75900860195941        0.77376628774830
H           -3.83148816259963        0.98352310641859       -0.01984763679085
H           -3.52555518248971       -1.37171357018379       -1.03118832553989
H           -2.16058913373137       -0.76047206909676       -1.96140029297133
H           -1.94900284674904       -2.15944635407317       -0.90675628907058
H           -0.32320615045965        0.52118521295781       -1.73333715002548
H            0.04651000871509        1.71719152104692       -0.48415095630177
H            2.17926826807508        1.09297257250722       -1.33576761406583
H            1.75225503037823       -0.61777008443391       -1.46916497520964
26
 energy: -29.553199167567 gnorm: 0.010229933017 xtb: 6.7.1 (edcfbbe)
C            3.72762547349224        0.13434571163582        0.57263210874258
C            2.24269324651377       -0.01644053629955        0.49566339968622
C            1.49049218136187       -0.46594979843840        1.50085174249825
C            0.05882686979027       -0.62739258039679        1.35316554618988
C           -0.59754369749777       -0.14077232934894        0.29741479975923
C           -2.08752852885030       -0.27809228849809        0.15019766103495
C           -2.75075632387136        1.09051704914486       -0.03479713856620
C           -2.44179063755884       -1.20436611718826       -1.02092269328865
C            0.14677305938775        0.66864703608317       -0.73017855450514
C            1.61432721689478        0.25655834221767       -0.84612478328741
H            4.20151552906385       -0.46596601768194       -0.20425552822314
H            4.01399074797699        1.17259883243902        0.40287261168731
H            4.10285143694199       -0.17958127997711        1.54176611570233
H            1.93451092470416       -0.72477444761433        2.45088031930393
H           -0.47278647775948       -1.15475326233930        2.13195783693961
H           -2.47630317709983       -0.73200911095408        1.06815989526470
H           -2.45032188505127        1.53175826642543       -0.98016016321374
H           -2.46095478647526        1.75962320918686        0.77046226290929
H           -3.83207911302340        0.98745203261854       -0.03132844374866
H           -3.51482705022735       -1.37228171127819       -1.05170639469370
H           -2.13724575096391       -0.76072183436573       -1.96481204866328
H           -1.93959298631777       -2.16092724941934       -0.90854660674408
H           -0.33269872647930        0.58213510733340       -1.71202003736345
H            0.08376568815053        1.72803650769523       -0.42895480040790
H            2.17711267389901        1.03766808972732       -1.37359370766820
H            1.69994409300059       -0.66531162070438       -1.44862339934594
26
 energy: -29.553547160611 gnorm: 0.004616143012 xtb: 6.7.1 (edcfbbe)
C            3.72968700641962        0.13974003060322        0.56536311672724
C            2.24645061275567       -0.02815020601297        0.48783067604709
C            1.49161786707435       -0.45973413247828        1.50181478168626
C            0.06209697343151       -0.63353347753977        1.35246293860132
C           -0.60061079614537       -0.13193465517751        0.30460181717862
C           -2.09161495562084       -0.27461699423236        0.14727431666283
C           -2.75954032358771        1.09060694274922       -0.03664685908076
C           -2.43190563183049       -1.20199110299802       -1.02509904776460
C            0.15429431629807        0.68279380268724       -0.71235332251193
C            1.60592881380102        0.22940183852593       -0.84996095953129
H            4.21296955039210       -0.45842144957767       -0.20816655738225
H            4.00209723599975        1.18284550398912        0.39573714266158
H            4.11431900942892       -0.16545832451618        1.53611245949167
H            1.93179837886324       -0.69940451370852        2.46045066752741
H           -0.46122061239153       -1.17890040635101        2.12681650763668
H           -2.49014123743374       -0.73107253244947        1.06088057059754
H           -2.46010037525280        1.54381133241988       -0.97847402864588
H           -2.47923361624675        1.76082994153512        0.77397323355251
H           -3.84261231769527        0.98560166109196       -0.03870635122534
H           -3.50641659547402       -1.37137710816026       -1.07125787929993
H           -2.11569765809214       -0.76632357897830       -1.97062978807727
H           -1.93445067173752       -2.16267161231366       -0.90480717470333
H           -0.32998667052270        0.63254916725425       -1.68904732024478
H            0.12779502258542        1.73320215552105       -0.39158984496948
H            2.17225065668850        0.98283024772725       -1.40253943406166
H            1.65222601829468       -0.70062252960738       -1.43403966087350
26
 energy: -29.553639818877 gnorm: 0.006053775254 xtb: 6.7.1 (edcfbbe)
C            3.72828938996369        0.14507047925737        0.55937757228127
C            2.24687183633659       -0.03496015723227        0.48316049081762
C            1.49145213215152       -0.45386529275978        1.50171932088023
C            0.06288662762182       -0.63590148274333        1.35063466391170
C           -0.60202569338188       -0.12421233364179        0.30972594754995
C           -2.09159371065632       -0.27183818187398        0.14481699198967
C           -2.76617394184384        1.08926667145624       -0.03863503955524
C           -2.42041564279568       -1.19952314703779       -1.02944250808148
C            0.15918665142489        0.69856888931522       -0.69700064108485
C            1.59766388886902        0.20418183497163       -0.85449374858135
H            4.21896332251155       -0.44950023426100       -0.21219570231083
H            3.99123280317715        1.19034029480449        0.38832564145082
H            4.11504126482446       -0.15392597685724        1.53126278882435
H            1.92934082238282       -0.68094887924243        2.46442193936722
H           -0.45548286069680       -1.19203644663033        2.12066856793199
H           -2.49117469238624       -0.73175678811680        1.05626906720999
H           -2.46639111114722        1.54977214753085       -0.97716444155564
H           -2.49521522281246        1.75856872663490        0.77616310712690
H           -3.84876293491201        0.97713333109765       -0.04595178740501
H           -3.49469471475021       -1.36836642230342       -1.08685110023635
H           -2.09380608159850       -0.76731461887276       -1.97331015210090
H           -1.92596584574971       -2.16105971066875       -0.90219504630655
H           -0.33821736773119        0.68465258173380       -1.67005477350838
H            0.16773996161875        1.74267544872937       -0.34788239976882
H            2.17657567946667        0.92927884597969       -1.43585203724901
H            1.60467544011506       -0.74429957926671       -1.41551672159856
26
 energy: -29.553703138116 gnorm: 0.002431491393 xtb: 6.7.1 (edcfbbe)
C            3.72871372192799        0.14372527592746        0.55922952852001
C            2.24831217467982       -0.03850717901993        0.48050965447711
C            1.49151999867783       -0.45205697147706        1.49903786182904
C            0.06289749215731       -0.63361113963229        1.34708258754938
C           -0.60134763978070       -0.11880351736454        0.30878129288685
C           -2.09037223577748       -0.26867648760206        0.14380273048066
C           -2.77315047624070        1.08831180890603       -0.03657004794470
C           -2.41710262041539       -1.19710757910370       -1.02927201422338
C            0.16317002411803        0.70105458705119       -0.69784187841087
C            1.59737879332728        0.19885484617236       -0.85643841149990
H            4.22451684384932       -0.44974209159234       -0.20977838554834
H            3.99073334186188        1.18872115519375        0.38832635594655
H            4.11088120310618       -0.15372916359258        1.53293105651630
H            1.92689209749435       -0.67555055014062        2.46295778541497
H           -0.45365805272914       -1.19104919489708        2.11637241801206
H           -2.48485109958105       -0.73066935926603        1.05625133984109
H           -2.47613385515724        1.55513444008927       -0.97296062247262
H           -2.50941218543192        1.75649850101286        0.78115124006804
H           -3.85475659097858        0.96683030812583       -0.04566430678350
H           -3.49102598327507       -1.36434750247641       -1.08856906654269
H           -2.08775765593164       -0.76710448642185       -1.97289359991329
H           -1.92453818200735       -2.15876047739110       -0.89884211439187
H           -0.33489498580846        0.69023059822971       -1.66753441614074
H            0.17986403548642        1.74129147899317       -0.34827765116186
H            2.17747176867450        0.91755379180470       -1.43974115290753
H            1.59665006775573       -0.74849109152592       -1.41205018360204
26
 energy: -29.553722883534 gnorm: 0.001266741988 xtb: 6.7.1 (edcfbbe)
C            3.72760016782414        0.14363577437517        0.55785699533372
C            2.24760589317741       -0.03995486935792        0.47898853287292
C            1.49157582144419       -0.45105119443704        1.49855945295910
C            0.06219739201882       -0.63060528706538        1.34712299443068
C           -0.60071008029754       -0.11482614974999        0.30907839465453
C           -2.08892601486139       -0.26761774068335        0.14409478545627
C           -2.77708737539174        1.08695757497160       -0.03515194866764
C           -2.41257628969962       -1.19565887712449       -1.03047905148892
C            0.16539816570036        0.70531577354707       -0.69643548578961
C            1.59499937111077        0.19282523722747       -0.85859297477578
H            4.22454253639978       -0.44983455526628       -0.21011570769340
H            3.98877605406687        1.18843373798611        0.38536435720805
H            4.10789876940444       -0.15247000301513        1.53239602277435
H            1.92678709911419       -0.67173168767637        2.46279804015849
H           -0.45463702446411       -1.18800507629332        2.11561512985889
H           -2.48074044818853       -0.73192463715592        1.05649122695391
H           -2.47870042366387        1.55644643530945       -0.96945129798970
H           -2.51928186693177        1.75403009710744        0.78472211955771
H           -3.85770282390642        0.95911448791901       -0.04844819075275
H           -3.48621464656252       -1.36108793546802       -1.09363573298521
H           -2.07866740438844       -0.76469747264670       -1.97178364507005
H           -1.92103463577208       -2.15700576113037       -0.89818397856479
H           -0.33526503419284        0.70217523161474       -1.66470397554327
H            0.19077769952204        1.74291522756290       -0.34139586096531
H            2.17854132951280        0.90305876684192       -1.44840411726017
H            1.58484376902698       -0.75843709738978       -1.40630608467329
26
 energy: -29.553732783072 gnorm: 0.001206049112 xtb: 6.7.1 (edcfbbe)
C            3.72645969757589        0.14196960539729        0.55551351604745
C            2.24608328514317       -0.03988465818118        0.47799400613683
C            1.49169449477050       -0.44869764277647        1.49973620189815
C            0.06133373887389       -0.62532886176472        1.34946360302851
C           -0.59994956027460       -0.11064524804076        0.30967963982583
C           -2.08741824155987       -0.26731455032360        0.14514450436770
C           -2.78130446094085        1.08493685214764       -0.03282056688761
C           -2.40698474472620       -1.19410292983371       -1.03260263791613
C            0.16684293953366        0.70914978000135       -0.69588204026223
C            1.59221449065371        0.18863603604561       -0.86039998468644
H            4.22197123201749       -0.45404443068849       -0.21115628919676
H            3.98852595470777        1.18602493995296        0.37976982552398
H            4.10598908789492       -0.15192001765947        1.53087221521410
H            1.92828355826529       -0.66866571569680        2.46325952519429
H           -0.45754178439248       -1.18003484559277        2.11825305504839
H           -2.47729123677719       -0.73512062648429        1.05657594238923
H           -2.47858910122688        1.55782884750668       -0.96360367412671
H           -2.53155658909311        1.74978760818578        0.79076274677325
H           -3.86070664940082        0.95079968114144       -0.05362884273787
H           -3.48028139117804       -1.35742366774542       -1.10112430733449
H           -2.06731558960298       -0.76084708028802       -1.97040683351250
H           -1.91671353568727       -2.15546967682313       -0.89908455584623
H           -0.33568782454773        0.71165410686161       -1.66317722498030
H            0.19886363934377        1.74477072169274       -0.33699506424857
H            2.17898248496205        0.89054083587219       -1.45617985983045
H            1.57409610566781       -0.76659906290365       -1.39996289988273
26
 energy: -29.553737385404 gnorm: 0.000631385421 xtb: 6.7.1 (edcfbbe)
C            3.72677772989560        0.14047204806421        0.55425437782701
C            2.24590958560443       -0.03949680727229        0.47817686461881
C            1.49169576131903       -0.44678160160378        1.50093771816324
C            0.06142275133604       -0.62298185245585        1.35133031834377
C           -0.60023364133480       -0.10977398568026        0.31068711430544
C           -2.08761793529326       -0.26777434344372        0.14506338511440
C           -2.78207990285345        1.08422045457189       -0.03212223136779
C           -2.40551008937713       -1.19376814541111       -1.03382108834594
C            0.16625491379438        0.70950993601405       -0.69544752303070
C            1.59170346632607        0.18873251203579       -0.85988867830032
H            4.22060835675826       -0.45794823180251       -0.21173309722382
H            3.99021008590204        1.18393919593169        0.37652311362634
H            4.10735882748681       -0.15203037287404        1.52973474734840
H            1.92900608363024       -0.66664588719059        2.46438710261820
H           -0.45793552072690       -1.17682660030287        2.12073475204168
H           -2.47831562962476       -0.73679607782754        1.05545606783414
H           -2.47710736382445        1.55957689268477       -0.96100189550840
H           -2.53514181862960        1.74764500303497        0.79367602086869
H           -3.86137864829850        0.94974218381508       -0.05617349691766
H           -3.47872442400101       -1.35729411068753       -1.10405287410987
H           -2.06463271796200       -0.76021263863372       -1.97102652436714
H           -1.91554185414679       -2.15552231595392       -0.90033863175947
H           -0.33630533820585        0.71139143342238       -1.66279273609182
H            0.19804945546488        1.74563964245120       -0.33732822144308
H            2.17842975212686        0.88985407667817       -1.45638704742627
H            1.57309811463577       -0.76687040756168       -1.39884753681912
26
 energy: -29.553743142047 gnorm: 0.000548785690 xtb: 6.7.1 (edcfbbe)
C            3.72753803339478        0.13659523857917        0.55219028180523
C            2.24569156437988       -0.03726453725112        0.47939215141712
C            1.49138541491240       -0.44148901379782        1.50343524038146
C            0.06145400235604       -0.61815331412195        1.35459563160800
C           -0.60090965378629       -0.10897826107328        0.31224603013024
C           -2.08801625434303       -0.26887178393132        0.14484021919472
C           -2.78345148636476        1.08273350799151       -0.03033027093494
C           -2.40302687562532       -1.19299690243656       -1.03599415762257
C            0.16478727681544        0.70897922792870       -0.69554359418311
C            1.59136062282194        0.19069155376982       -0.85830374251797
H            4.21704773863404       -0.46758666472063       -0.21226691709002
H            3.99541011476958        1.17808371360417        0.36946633881864
H            4.10930263405552       -0.15352672293214        1.52797873230879
H            1.92976923473260       -0.66190517778867        2.46637727932055
H           -0.45815939626548       -1.17027549212813        2.12539001782266
H           -2.47967847341382       -0.74022809011012        1.05353942302897
H           -2.47369417476147        1.56349566276165       -0.95496277254111
H           -2.54234277080175        1.74270620665226        0.80021765238216
H           -3.86255899269610        0.94744520705052       -0.06144855364046
H           -3.47604260291583       -1.35705063188120       -1.10864303040159
H           -2.06062946453325       -0.75871477834787       -1.97229024526112
H           -1.91326257926473       -2.15518314930058       -0.90295987960834
H           -0.33691828907068        0.70715062270234       -1.66340860528524
H            0.19387160931155        1.74669848281332       -0.34098050100477
H            2.17691292790717        0.89241197190974       -1.45493298605491
H            1.57415983975348       -0.76476687593904       -1.39760374207368
26
 energy: -29.553745685931 gnorm: 0.000689488890 xtb: 6.7.1 (edcfbbe)
C            3.72788069043980        0.13416878234885        0.55057004002892
C            2.24569901551937       -0.03719983462605        0.47930704296440
C            1.49124034012085       -0.43826799252511        1.50451234446566
C            0.06117826936074       -0.61426795886022        1.35662245194746
C           -0.60144092318344       -0.10699555184540        0.31355167844820
C           -2.08808541349280       -0.26937831539584        0.14453223633540
C           -2.78527750395393        1.08146523606521       -0.02884504730205
C           -2.40057981314534       -1.19226921793714       -1.03777150189131
C            0.16437112247899        0.71004538513446       -0.69491154911721
C            1.59064224903744        0.18975323290916       -0.85806849380999
H            4.21518429671053       -0.47410750569692       -0.21209381482168
H            3.99830822169035        1.17427971717889        0.36369841060508
H            4.10984950090436       -0.15349176701451        1.52700733298988
H            1.92966795725649       -0.65617878329605        2.46815391991673
H           -0.45782592719064       -1.16610024897354        2.12803198125418
H           -2.47980177758876       -0.74268014602517        1.05223120276319
H           -2.47222751625033        1.56638061938949       -0.95021789200193
H           -2.54934733284820        1.73883399575221        0.80530090590594
H           -3.86399774678800        0.94414542349824       -0.06541199814708
H           -3.47339937924157       -1.35684055654096       -1.11272552135346
H           -2.05669724647038       -0.75699496390655       -1.97309492378615
H           -1.91062435410862       -2.15439779237935       -0.90489557877231
H           -0.33792204575062        0.70809115754865       -1.66270788956734
H            0.19435195812324        1.74824056620399       -0.34070073215190
H            2.17652172333318        0.89023359978648       -1.45591996728664
H            1.57233163503921       -0.76646708079006       -1.39615463761732
26
 energy: -29.553747307655 gnorm: 0.000332457310 xtb: 6.7.1 (edcfbbe)
C            3.72801128260145        0.13261550537664        0.54989455598862
C            2.24560072785477       -0.03651386688074        0.47945487400259
C            1.49106676332746       -0.43562890789506        1.50531430184569
C            0.06092518902822       -0.61228078246709        1.35744870608506
C           -0.60156679895642       -0.10612879635568        0.31384710975203
C           -2.08800017377603       -0.26955873359036        0.14454353732367
C           -2.78672524634877        1.08068947943604       -0.02770792686146
C           -2.39923533686429       -1.19160027864827       -1.03874513955430
C            0.16446707721085        0.71020629694963       -0.69506177348002
C            1.59037984348767        0.18943046346095       -0.85814953764447
H            4.21413729083392       -0.47838762737473       -0.21134637368825
H            4.00020105624970        1.17171267498557        0.36030316684555
H            4.10960769632760       -0.15332483094454        1.52695950873671
H            1.92938389656180       -0.65291559309030        2.46900697739311
H           -0.45755612571113       -1.16375038350446        2.12936841923334
H           -2.47927510772928       -0.74411116077821        1.05182733962500
H           -2.47207058650087        1.56790469063919       -0.94721238764339
H           -2.55376568825961        1.73647756094249        0.80835137084319
H           -3.86507552344194        0.94188253241041       -0.06720898488179
H           -3.47185662005045       -1.35680836258340       -1.11440870174766
H           -2.05523807990571       -0.75515188174879       -1.97345540662866
H           -1.90862892196432       -2.15340588616404       -0.90648546333916
H           -0.33779525261857        0.70794284872634       -1.66276527077470
H            0.19501674686782        1.74841521406907       -0.34149376495758
H            2.17639821369488        0.88945950552018       -1.45661417732487
H            1.57159367808315       -0.76716968048808       -1.39566495914955
26
 energy: -29.553748421157 gnorm: 0.000270243254 xtb: 6.7.1 (edcfbbe)
C            3.72800878152556        0.13137423401049        0.54948072642028
C            2.24546531758710       -0.03653903429647        0.47935100506323
C            1.49092394424606       -0.43386321509975        1.50575814258501
C            0.06058580463594       -0.61044152608609        1.35812346232819
C           -0.60155671569379       -0.10551484174065        0.31384334909746
C           -2.08782189517469       -0.26976252583555        0.14450546278708
C           -2.78791684803591        1.07999954333654       -0.02658267888536
C           -2.39829329069778       -1.19097754473465       -1.03967305174466
C            0.16468031845281        0.71010805513841       -0.69551548717143
C            1.59019000875038        0.18870555591981       -0.85842478286332
H            4.21353386172195       -0.48224571610345       -0.20999397635117
H            4.00141239565112        1.16958022601018        0.35693680038578
H            4.10898399402353       -0.15238028258159        1.52740105802233
H            1.92902126110092       -0.64981297899605        2.46976355003636
H           -0.45758122489828       -1.16105006754102        2.13070658193334
H           -2.47846655034730       -0.74543600889454        1.05147849264204
H           -2.47224553360912        1.56894774967916       -0.94472318864030
H           -2.55715961619653        1.73453786310266        0.81091394997787
H           -3.86594209311744        0.93968130411457       -0.06819080170087
H           -3.47066810661250       -1.35745213234500       -1.11504143765171
H           -2.05523358001432       -0.75281422656540       -1.97388623512717
H           -1.90622964728550       -2.15211485284302       -0.90864369791545
H           -0.33787081386595        0.70827329153102       -1.66319927066215
H            0.19631296575511        1.74823627213827       -0.34182030187204
H            2.17624584128488        0.88868551971236       -1.45675652373474
H            1.57162142081569       -0.76772466102749       -1.39581114695989
26
 energy: -29.553749228188 gnorm: 0.000409995420 xtb: 6.7.1 (edcfbbe)
C            3.72796409934726        0.13063630143438        0.54921428515574
C            2.24532876136517       -0.03642591210766        0.47931095391381
C            1.49075019310310       -0.43221061463854        1.50622500364910
C            0.06027767337856       -0.60875719864079        1.35886046932239
C           -0.60162300007953       -0.10486695359821        0.31401196109547
C           -2.08773477779348       -0.27006216318503        0.14434880874118
C           -2.78873573782334        1.07940735399251       -0.02552448161969
C           -2.39767905167515       -1.19035512163639       -1.04074339327023
C            0.16497116358269        0.71011495518758       -0.69556560312845
C            1.59016607257395        0.18792968680227       -0.85874567014105
H            4.21320193399141       -0.48540183488826       -0.20846814275898
H            4.00217353469575        1.16806858757259        0.35384449265322
H            4.10838930237996       -0.15078537477998        1.52800081899816
H            1.92873025218549       -0.64731861255307        2.47039007696139
H           -0.45762228427150       -1.15915271459810        2.13173567651140
H           -2.47799459176820       -0.74679791226514        1.05093056542376
H           -2.47256383409832        1.56974673115593       -0.94272855099172
H           -2.55925787830444        1.73295968829565        0.81303424645744
H           -3.86656960937295        0.93810342615237       -0.06833175967743
H           -3.46981409024545       -1.35877620379326       -1.11520577331738
H           -2.05642990082015       -0.75016687878819       -1.97467642079069
H           -1.90355889389463       -2.15063870282431       -0.91149062162976
H           -0.33762173956003        0.70836890054764       -1.66295708592838
H            0.19732629660623        1.74799152984112       -0.34209872920052
H            2.17669200070823        0.88755061280478       -1.45769669652127
H            1.57123410579129       -0.76916157548716       -1.39567442990883
