23
 energy: -30.277496961214 gnorm: 0.052988769135 xtb: 6.7.1 (edcfbbe)
C           -4.10988839777800       -0.55022526040400        0.24499310067800
C           -2.88943706368700        0.19183831529000       -0.27589431543600
C           -1.59290816931200       -0.43330147703900        0.23689896762800
C           -0.36901384721800        0.31478642959700       -0.28841750901300
C            0.92119218687700       -0.29247202134800        0.21068401037300
O            1.01283466776800       -1.26428185795700        0.94661352063900
O            1.97523557015400        0.41428802434100       -0.28886394224200
C            3.25739693089900       -0.07578251145700        0.12158870876800
C            4.32281651656300        0.80154873015600       -0.50625705401600
H           -4.10024058756400       -1.59628008600500       -0.07752138465900
H           -5.02588460159800       -0.08634276871200       -0.13405247806700
H           -4.14531300053300       -0.52791523688800        1.33887915428900
H           -2.90129939194600        0.17852103080800       -1.37197050753600
H           -2.94612765635800        1.24102782343200        0.03665759693700
H           -1.58737813594600       -0.42578683116400        1.33411706460200
H           -1.54267080438100       -1.48537699458300       -0.07065268976500
H           -0.40447601170800        1.35933600616100        0.04071865058000
H           -0.35914389203800        0.28491553063400       -1.38371759641400
H            3.33799754985400       -0.03141130179100        1.21348506810600
H            3.38351741524900       -1.11030423173400       -0.21688036442900
H            4.24203641076400        0.78445076753500       -1.59817587523600
H            4.19734725924200        1.84359379128100       -0.19399987264200
H            5.32340705269800        0.46517412984400       -0.22069073827000
23
 energy: -30.279715255055 gnorm: 0.011635943187 xtb: 6.7.1 (edcfbbe)
C           -4.11817991220644       -0.55057950578623        0.24499658981250
C           -2.89377480407979        0.18891167907617       -0.27382490322991
C           -1.59688113408189       -0.43249319966463        0.23616297026588
C           -0.37043082996771        0.31091516703610       -0.28554266766319
C            0.92353465585702       -0.28919661380819        0.20828772513187
O            1.02212186663956       -1.24445332921419        0.93195301316716
O            1.97740033203214        0.39888748645169       -0.27717897392325
C            3.26654804934694       -0.07429218403464        0.12075590598989
C            4.32391747299081        0.81057460579565       -0.51302999962057
H           -4.10172912460818       -1.59171712949476       -0.07429112115920
H           -5.03259182582048       -0.09207061696636       -0.12994620166306
H           -4.14652922932901       -0.52980900691167        1.33354968650497
H           -2.89785378075162        0.17408846987303       -1.36739006285265
H           -2.94263600043103        1.23551165900080        0.03980254223624
H           -1.58686957947847       -0.42115991889586        1.32889583022798
H           -1.54223294759114       -1.47907080855581       -0.07364772190957
H           -0.39641329132424        1.35653070082044        0.02975211820771
H           -0.35162228811161        0.29492735339802       -1.37769117087757
H            3.33202761551913       -0.04445954757169        1.21330955368969
H            3.37714916848610       -1.11390922485676       -0.20453598632884
H            4.24265338014272        0.78121923133181       -1.59896016623507
H            4.19783251289112        1.84347671284494       -0.19065453670833
H            5.31455969387709        0.46816802012913       -0.22323090818769
23
 energy: -30.279860839597 gnorm: 0.004766151136 xtb: 6.7.1 (edcfbbe)
C           -4.11667345884095       -0.55216800376657        0.24624266620530
C           -2.89243656815599        0.18921042141490       -0.27400746784682
C           -1.59503327254811       -0.43188474842719        0.23576281668156
C           -0.37146301236386        0.31389490567303       -0.28782318384482
C            0.92233887993998       -0.28812825706770        0.20744387019294
O            1.02476475571297       -1.24141130868803        0.92974258830666
O            1.97413733653944        0.39272661989270       -0.27263593908291
C            3.26619142972738       -0.07526592643691        0.12147901641886
C            4.31950060660593        0.81226954282629       -0.51444897394558
H           -4.09791959901850       -1.59160985515027       -0.07321278390005
H           -5.02970488229032       -0.09463122302478       -0.12792341400287
H           -4.14267792793627       -0.53069902122012        1.33330556731461
H           -2.89634475829360        0.17316898213570       -1.36668108642212
H           -2.94112817695365        1.23462354614716        0.04055378871341
H           -1.58257930642185       -0.41856659829052        1.32709683991008
H           -1.53794178136476       -1.47649728110913       -0.07547284174453
H           -0.39432211715884        1.36066679724299        0.02309575448103
H           -0.34967732673434        0.30252536002163       -1.37975754272918
H            3.33083727543805       -0.04969384823893        1.21479353491071
H            3.37586052781024       -1.11681224618321       -0.19996089183470
H            4.23561921884685        0.77849545843921       -1.59751788401467
H            4.19078264062376        1.84112599730857       -0.18871722855507
H            5.30786951683744        0.46866068649815       -0.22381569033685
23
 energy: -30.279876419014 gnorm: 0.001783620057 xtb: 6.7.1 (edcfbbe)
C           -4.11564033656555       -0.55348225720779        0.24726680474225
C           -2.89248268774891        0.18976380921048       -0.27442617920284
C           -1.59373552987082       -0.42978464120140        0.23422010353282
C           -0.37078016528502        0.31620409709452       -0.28954333589166
C            0.92228627768917       -0.28744806796215        0.20692897784464
O            1.02364363233828       -1.24177414000199        0.92998062079565
O            1.97371271726361        0.39079345301533       -0.27119143957094
C            3.26582129394059       -0.07706878303217        0.12282711417075
C            4.31688632559458        0.81197668776853       -0.51431125463080
H           -4.09500909360003       -1.59269010861163       -0.07242773892555
H           -5.02924136830229       -0.09691703808515       -0.12618492101429
H           -4.13977279771023       -0.53166153946217        1.33424642657650
H           -2.89721094184739        0.17319907659142       -1.36686918061413
H           -2.94199997839701        1.23478612143827        0.04054188912209
H           -1.58009419196977       -0.41607884089276        1.32529778327839
H           -1.53545683193952       -1.47400785903611       -0.07726968076303
H           -0.39272849138907        1.36319082793641        0.02120754873613
H           -0.34808524614139        0.30508278329726       -1.38160117323670
H            3.33085949941978       -0.05194963988530        1.21644425630155
H            3.37588076062671       -1.11901858241122       -0.19824441143713
H            4.23107645338313        0.77743339894864       -1.59678356256748
H            4.18624318313772        1.83998912378406       -0.18808176988046
H            5.30582751737442        0.46946211870193       -0.22448536249076
23
 energy: -30.279881848876 gnorm: 0.001353405244 xtb: 6.7.1 (edcfbbe)
C           -4.11315571158615       -0.55567489691573        0.24899961607004
C           -2.89284900567030        0.19113861536873       -0.27547449538117
C           -1.59250093794997       -0.42640686158232        0.23171166085541
C           -0.36991531393415        0.31961037389217       -0.29208530456026
C            0.92188126907258       -0.28621848298272        0.20598863455407
O            1.01896907648749       -1.24185825879058        0.92989527571571
O            1.97396895928884        0.38883108470564       -0.26970327446779
C            3.26552109966058       -0.07999995837284        0.12502848093087
C            4.31426581058304        0.81065955361461       -0.51340113824866
H           -4.08993707990901       -1.59488078568921       -0.07080666329329
H           -5.02865240356454       -0.10142526186625       -0.12276644405220
H           -4.13470937752085       -0.53366681704334        1.33611281537079
H           -2.89956729840153        0.17412688044023       -1.36782985762396
H           -2.94436398317310        1.23589262755608        0.03981911503782
H           -1.57771578725731       -0.41265950123971        1.32279680448270
H           -1.53307859193530       -1.47059085272826       -0.07977371563514
H           -0.39069297075634        1.36660747148194        0.01924772195214
H           -0.34602740566695        0.30796795545919       -1.38426511549845
H            3.33093915703219       -0.05476463780875        1.21877923967363
H            3.37596903787175       -1.12203460245887       -0.19617567529889
H            4.22574165721520        0.77596630779312       -1.59566728219330
H            4.18091604667020        1.83834949669261       -0.18719358682237
H            5.30499375344464        0.47103055047123       -0.22569529669269
23
 energy: -30.279883253085 gnorm: 0.000371352746 xtb: 6.7.1 (edcfbbe)
C           -4.11264383569767       -0.55618165771503        0.24939808289938
C           -2.89324930118324        0.19133160187546       -0.27563265778599
C           -1.59266750278028       -0.42567390487211        0.23115357952218
C           -0.36992782237645        0.32023379653790       -0.29255601061239
C            0.92167177167354       -0.28592607976083        0.20576122704654
O            1.01738792169748       -1.24136514290668        0.92947303982119
O            1.97439817172001        0.38900497645646       -0.26982082649953
C            3.26570589967505       -0.08031802679763        0.12527430845155
C            4.31475333841237        0.81011915582305       -0.51297799327827
H           -4.08880964531049       -1.59544373847860       -0.07025830180726
H           -5.02904354097949       -0.10299876026537       -0.12159232132825
H           -4.13357868406892       -0.53431416367201        1.33654917246591
H           -2.90048231307006        0.17447555881548       -1.36804529990578
H           -2.94527597125536        1.23616768365808        0.03950640952435
H           -1.57799292229894       -0.41209751076694        1.32231761875869
H           -1.53335777048667       -1.46998414691596       -0.08019362233045
H           -0.39082436207803        1.36714029047888        0.01881771721345
H           -0.34615982956139        0.30852348101147       -1.38466471991641
H            3.33082695421270       -0.05495979787109        1.21891141642277
H            3.37585642551630       -1.12221871099134       -0.19602886519022
H            4.22630151933583        0.77561377333879       -1.59541362230923
H            4.18147488531735        1.83802584432497       -0.18690141652881
H            5.30563661358735        0.47084547869001       -0.22553539975844
23
 energy: -30.279883676292 gnorm: 0.000138757641 xtb: 6.7.1 (edcfbbe)
C           -4.11204999020519       -0.55687881496767        0.24994275003374
C           -2.89365966312993        0.19156228223904       -0.27581952436895
C           -1.59277263848572       -0.42493443226113        0.23059248135623
C           -0.37009276529326        0.32105985428880       -0.29318445779701
C            0.92133190543331       -0.28552212562873        0.20544594075046
O            1.01637330002965       -1.24086090238503        0.92906033514543
O            1.97446937022335        0.38921995363931       -0.26998069462703
C            3.26563308670839       -0.08049739410985        0.12540725403263
C            4.31510540656470        0.80960555007344       -0.51257937334158
H           -4.08751188713088       -1.59614517879260       -0.06964802012860
H           -5.02918851790226       -0.10467919075468       -0.12032978874733
H           -4.13227970184730       -0.53505394196264        1.33710851340893
H           -2.90138036510705        0.17476781650857       -1.36826495844947
H           -2.94617291654945        1.23643178253051        0.03924998887975
H           -1.57793786163504       -0.41139089013249        1.32177245311993
H           -1.53330344635176       -1.46926414528246       -0.08072099910860
H           -0.39097048052270        1.36795275297456        0.01811234609743
H           -0.34630945934078        0.30942005103839       -1.38525828040953
H            3.33045419756739       -0.05517300291750        1.21901958939822
H            3.37548202229455       -1.12239276575205       -0.19586877107989
H            4.22689883287195        0.77512360340857       -1.59504678802733
H            4.18207159491043        1.83755665593837       -0.18650629886645
H            5.30580997689863        0.47009248230422       -0.22496218239599
