30
 energy: -36.788409282188 gnorm: 0.060274961045 xtb: 6.7.1 (edcfbbe)
C            2.56400562613000        1.26745265331300        1.01420985016500
C            2.68643966108200        0.19228678410100        0.21797068571400
C            3.96632488407100       -0.05076897192500       -0.54056729076600
C            1.62658343179800       -0.87742169888500        0.01275884451300
C            0.18241345199400       -0.57542642789900        0.45819379702500
C           -0.47686629502300        0.51421011857300       -0.40353305633300
C           -1.93833154485300        0.76180654764800        0.00715507946500
C           -2.56119087524900        1.85749643614400       -0.85667890952300
C           -2.75133671294500       -0.53530880609600       -0.10038268440800
C           -2.14085653931200       -1.65184615907400        0.73384109965700
C           -0.68157839102600       -1.83244670196900        0.37823916729100
O           -0.22889116466100       -2.94548788805700        0.11562902824900
H            1.67268751247500        1.46966249112000        1.59696988982000
H            3.37291036939300        1.98580879853200        1.11836948627900
H            3.77291244029300       -0.05825448154200       -1.61821096533600
H            4.71852950770100        0.72034774603300       -0.34314978136800
H            4.39751838602500       -1.01626609689600       -0.25642347030800
H            1.98304847724200       -1.77668291268900        0.53352047521300
H            1.60354959023100       -1.13786108944000       -1.05474423312300
H            0.17999398177500       -0.27563300980900        1.51376403149700
H            0.07954978540400        1.45422157945100       -0.32297146646800
H           -0.44287132690900        0.21816088942900       -1.46089629656700
H           -1.95586922678400        1.10274969593100        1.05079712834700
H           -3.59430976292800        2.05272100474400       -0.55050353602100
H           -2.00091674096700        2.79341460384900       -0.75999996645700
H           -2.56892492869400        1.57522904315200       -1.91495167802500
H           -2.79874733996000       -0.85307518896300       -1.15022297746400
H           -3.78299052089900       -0.36123373478500        0.22740032044800
H           -2.20790283637000       -1.42772018358900        1.80386644379900
H           -2.67488289903800       -2.59013504040000        0.55055098468700
30
 energy: -36.791350433673 gnorm: 0.013832661811 xtb: 6.7.1 (edcfbbe)
C            2.54270505682804        1.25281948512279        1.00807426547252
C            2.66753858717925        0.19746990634318        0.21572837225650
C            3.94333167257515       -0.05201763959297       -0.53867904523373
C            1.62434564028082       -0.87439049288069        0.00577893950357
C            0.18750690228246       -0.57403274038473        0.45197653931669
C           -0.48066655928922        0.51119842257387       -0.40199901385749
C           -1.93452286869333        0.76753750938883        0.00926743866285
C           -2.55717421706833        1.86151484201107       -0.85377617662854
C           -2.73982201417527       -0.52724073242728       -0.10360296897298
C           -2.11857582487225       -1.64646666868973        0.72723378924725
C           -0.65503888546081       -1.83986524322141        0.40182216962965
O           -0.20455257279766       -2.92651401316911        0.11616826714159
H            1.65434805188966        1.45742961644329        1.58164546860916
H            3.34852344744402        1.96160619829247        1.12253171758385
H            3.75758940137411       -0.06628423249362       -1.61333535579382
H            4.68459896012749        0.71867957207912       -0.32993433869646
H            4.36741978827597       -1.01794889763749       -0.26132143186468
H            1.96506371237497       -1.77279661433249        0.53352199690991
H            1.60490537430820       -1.13550731787250       -1.05742280721492
H            0.18792397997723       -0.25872871710380        1.50182087530024
H            0.08987310114645        1.43941526664796       -0.31979251844120
H           -0.45148703291387        0.20351074501524       -1.45192901618902
H           -1.94968342072557        1.09933957827820        1.05442751319242
H           -3.58639807797979        2.05091512460707       -0.55021260583138
H           -1.99767383362283        2.79151862739190       -0.76002255761833
H           -2.56106983440693        1.57056400639418       -1.90387158916297
H           -2.77816537027078       -0.83962621625536       -1.15149738359972
H           -3.76949828569245       -0.35394678990543        0.22304896322785
H           -2.19568903737334       -1.41053670411857        1.79246184145142
H           -2.64565584072544       -2.58761588050201        0.55188865160176
30
 energy: -36.791712304769 gnorm: 0.006518088280 xtb: 6.7.1 (edcfbbe)
C            2.52328287991328        1.24391666047267        1.01228150337102
C            2.65469357510181        0.19645951687631        0.21821675277131
C            3.92759323297620       -0.05120773855375       -0.53795996977872
C            1.62000183157417       -0.87428680281412        0.00178703424327
C            0.18768292710492       -0.57350000955531        0.44871007688258
C           -0.47751652985008        0.50931859625093       -0.40889233107498
C           -1.92534343869069        0.76805202264529        0.00986497036169
C           -2.54863598360680        1.86392362898283       -0.85004525754685
C           -2.72918439956345       -0.52526253900076       -0.10638577517892
C           -2.10575830303016       -1.64212707601141        0.72958316417978
C           -0.64697434609181       -1.84098971382521        0.38781379576393
O           -0.19104906794924       -2.92209156346961        0.12030270713720
H            1.63277914170873        1.44883140154437        1.57852525760392
H            3.32222152494163        1.95627979228139        1.12769446251568
H            3.73991691606003       -0.06574819814846       -1.61072730582275
H            4.66515778289868        0.71803145299228       -0.32464965763799
H            4.34530809937577       -1.01968104612679       -0.26564884955501
H            1.95336708045065       -1.77407240329341        0.52962488855653
H            1.60234247097462       -1.13336724749863       -1.06024003633144
H            0.18711602515681       -0.24858542320458        1.49604319032500
H            0.10268304563424        1.43030767369605       -0.32848377547256
H           -0.45621077041596        0.19476214103691       -1.45530010730598
H           -1.93704240470890        1.09587171099779        1.05613025110293
H           -3.57564783329661        2.05051544030894       -0.54507171030442
H           -1.98901122588429        2.79115439223078       -0.75697262893090
H           -2.55204872237279        1.56924090879468       -1.89689040442117
H           -2.76403371422824       -0.83605450703843       -1.15321269619504
H           -3.75682243777885       -0.35631698127584        0.22355811529099
H           -2.17595310054294       -1.38851627182472        1.79130853013841
H           -2.63291425586480       -2.58485781746821        0.56903580531454
30
 energy: -36.791807080340 gnorm: 0.003181374326 xtb: 6.7.1 (edcfbbe)
C            2.51095311074881        1.24372836444149        1.01276805669431
C            2.64919519040163        0.19706486222116        0.21671009442959
C            3.92295707900182       -0.04753724764959       -0.53842219771025
C            1.61944657242749       -0.87623031489740       -0.00129229830039
C            0.18817405382910       -0.57653682603175        0.44596508899428
C           -0.47537804600885        0.50612168490376       -0.41405441539700
C           -1.91991955709711        0.76842642653593        0.00999549653199
C           -2.54335382079569        1.86623573312077       -0.84813413557892
C           -2.72437432198295       -0.52444208081829       -0.10651446657343
C           -2.10406823235703       -1.64066031074130        0.73386308931724
C           -0.64524231166610       -1.84512278008572        0.39416986355951
O           -0.19078613508865       -2.92612023490891        0.11973106524863
H            1.62052157210634        1.44168898072155        1.58203172286124
H            3.30801484816879        1.95750895253404        1.13493883133732
H            3.73306162859070       -0.05972271668862       -1.61086686311785
H            4.66074988853924        0.72036018214537       -0.32335337276857
H            4.33758808955514       -1.01797524336033       -0.26810534569178
H            1.95346589984464       -1.77639590404825        0.52543195483665
H            1.60134848716145       -1.13453576735236       -1.06339262459376
H            0.19009122187413       -0.24753809342440        1.49171225281301
H            0.10892114869165        1.42489517175934       -0.34023878673971
H           -0.46035685565732        0.18743831950746       -1.45920321072894
H           -1.92832230056352        1.09535759337407        1.05659694965831
H           -3.56964085121871        2.05365466286375       -0.54159257982196
H           -1.98191557310653        2.79222162191130       -0.75480507935167
H           -2.54754599607071        1.57142366800514       -1.89493637510085
H           -2.75548866660485       -0.83595464664304       -1.15303824639465
H           -3.75260854274045       -0.35652080728671        0.22086305155934
H           -2.16996014170564       -1.37911364953279        1.79362970570899
H           -2.63552743828091       -2.58171960057369        0.57954277432138
30
 energy: -36.791876030633 gnorm: 0.002041734384 xtb: 6.7.1 (edcfbbe)
C            2.49851258762507        1.24027289409940        1.01824345026845
C            2.64518537950838        0.19579029207728        0.21856477220001
C            3.91882853426181       -0.04011351785941       -0.53921904292163
C            1.62045362554831       -0.88066084598826       -0.00394959684925
C            0.18919061498709       -0.58264869972827        0.44229829333157
C           -0.47290811015626        0.49886624794303       -0.42113250053829
C           -1.91367924523205        0.76808565683871        0.00871682288821
C           -2.53660041648403        1.86962037434461       -0.84586341722652
C           -2.72013062104890       -0.52393107649898       -0.10613262206789
C           -2.10386418615573       -1.63750307528340        0.74183052314283
C           -0.64727943594153       -1.84910352842934        0.39685023173303
O           -0.19632558916070       -2.93193424459415        0.11779940452280
H            1.60434811867295        1.43272175635669        1.58467295023011
H            3.28891781199827        1.96201604641266        1.14132623412716
H            3.72527414922408       -0.04521896440199       -1.61142879726072
H            4.65716157092136        0.72609660643022       -0.32089794809560
H            4.33228120857980       -1.01306142551369       -0.27537414578692
H            1.95671800899590       -1.78218716719197        0.51934405949067
H            1.60272929724875       -1.13598156712126       -1.06709699194732
H            0.19151603317207       -0.24974015972726        1.48638027249223
H            0.11721885297311        1.41457152576107       -0.35640807016491
H           -0.46497451272754        0.17422999451598       -1.46467126756224
H           -1.91687771069559        1.09416638296979        1.05562710972071
H           -3.56182225705130        2.05956139928017       -0.53678271495674
H           -1.97168146097274        2.79364886569108       -0.75101795756539
H           -2.54283479137388        1.57704361279936       -1.89352128336244
H           -2.74544324910177       -0.83900771221457       -1.15178039253150
H           -3.74978123647957       -0.35563387305381        0.21595530641157
H           -2.16137453457541       -1.36402500142339        1.79887692743897
H           -2.64275843656407       -2.57594079648830        0.59879039084116
30
 energy: -36.791916015190 gnorm: 0.002502994176 xtb: 6.7.1 (edcfbbe)
C            2.48813438776989        1.23879960252548        1.01927343825945
C            2.64133017162245        0.19592611814723        0.21852349697291
C            3.91591377057377       -0.03200178975722       -0.54008527664680
C            1.62128273758379       -0.88528781850957       -0.00566514086968
C            0.18957290795866       -0.58862476966902        0.43944583605721
C           -0.47095106985143        0.49122662129464       -0.42771775518776
C           -1.90893097699242        0.76685512829799        0.00670110052496
C           -2.53039310497787        1.87193469046718       -0.84440710549677
C           -2.71826575074348       -0.52380139277514       -0.10544970643969
C           -2.10433384699198       -1.63350892937954        0.74985098066181
C           -0.65093612203848       -1.85208329573612        0.39649438029768
O           -0.20493430857689       -2.93676820718801        0.11499287174564
H            1.59458782402304        1.42200347426383        1.59000403495577
H            3.27587560117248        1.96277902098982        1.14828716561219
H            3.72144690812235       -0.02847274371628       -1.61237617233932
H            4.65363085314560        0.73347232577961       -0.31664047801858
H            4.33092204991325       -1.00652015461893       -0.28409771337132
H            1.95997785477870       -1.78720431555134        0.51571390543554
H            1.60527401877424       -1.13846357476735       -1.06964648848512
H            0.19090481997502       -0.25291292418040        1.48246369607957
H            0.12367155858989        1.40457483032618       -0.37058072782876
H           -0.46821959558616        0.16079577712935       -1.46967331941731
H           -1.90730021419759        1.09258086244343        1.05373969966376
H           -3.55438525116619        2.06464415869976       -0.53262467320508
H           -1.96216359536525        2.79404715359773       -0.74776918453550
H           -2.53953410169000        1.58272331719696       -1.89312041664028
H           -2.73915160981630       -0.84393722461633       -1.14978944955412
H           -3.74916537956129       -0.35347552874206        0.21158716616168
H           -2.15436878939717       -1.34941910610698        1.80445574091114
H           -2.64949174705477       -2.56988130584295        0.61811009469894
30
 energy: -36.791944598019 gnorm: 0.001731205438 xtb: 6.7.1 (edcfbbe)
C            2.48282461279755        1.23366014696011        1.02440294359578
C            2.63953987190064        0.19372053930737        0.22121625695979
C            3.91378330124087       -0.02383686073599       -0.54112167921431
C            1.62197039521761       -0.89030673421095       -0.00658168236177
C            0.18967206962568       -0.59399663716152        0.43699418018372
C           -0.46932763256713        0.48420774603258       -0.43351980954924
C           -1.90528105261301        0.76552918244648        0.00425113068518
C           -2.52484374559933        1.87343949364025       -0.84395362928517
C           -2.71782110340348       -0.52351633457026       -0.10414656911148
C           -2.10508647432029       -1.62935810194091        0.75716406323775
C           -0.65466198441451       -1.85476705868015        0.39591626055207
O           -0.21495408717414       -2.94060748019551        0.10994728339726
H            1.58725837891708        1.41361447632539        1.59284292053479
H            3.26513114775093        1.96375032786922        1.15064775909036
H            3.71922964042597       -0.00895554321201       -1.61348625177389
H            4.64968798560266        0.74159793691236       -0.31029617825551
H            4.33256792171392       -0.99953510824396       -0.29594138404074
H            1.96186226858696       -1.79211068568872        0.51417461430468
H            1.60859710563990       -1.14161520839509       -1.07119231028293
H            0.18988715323642       -0.25640565832637        1.47937999631085
H            0.12836609808024        1.39587030697681       -0.38240264179148
H           -0.47049709114457        0.14847973726331       -1.47388719051325
H           -1.89924613317226        1.09132217030996        1.05124975548537
H           -3.54751833675637        2.06902982615524       -0.52950451096825
H           -1.95347611208064        2.79365077513728       -0.74619833740340
H           -2.53732789996946        1.58720653239115       -1.89346812744291
H           -2.73687128268447       -0.84906501650109       -1.14693237191410
H           -3.74928941488330       -0.34996642546827        0.20947670238549
H           -2.14925984011619       -1.33683706974775        1.80961753957109
H           -2.65491575984147       -2.56419927464703        0.63535126761645
30
 energy: -36.791965091664 gnorm: 0.001083017785 xtb: 6.7.1 (edcfbbe)
C            2.47744149226331        1.22868136294069        1.02772995326858
C            2.63706913451999        0.19191150502438        0.22190008628710
C            3.91173172927614       -0.01351205658563       -0.54303831389087
C            1.62310750723195       -0.89666715638414       -0.00680676698825
C            0.18995808369393       -0.59958261323936        0.43403559463405
C           -0.46771822927107        0.47641654761638       -0.43983933624096
C           -1.90180519728751        0.76432526068188        0.00083866444458
C           -2.51913219227505        1.87400643231287       -0.84555917171713
C           -2.71867811220292       -0.52250270166159       -0.10054298174346
C           -2.10602725158302       -1.62471553325543        0.76518697247027
C           -0.65904242538692       -1.85718499805544        0.39313255430053
O           -0.22773062813770       -2.94359270747400        0.09973879024357
H            1.58291838379568        1.40199772747337        1.59944430177358
H            3.25746069063108        1.96024230490412        1.15636037530768
H            3.71885396743824        0.01662656057423       -1.61536571192838
H            4.64439343600713        0.75197241829503       -0.30053947197530
H            4.33535602783584       -0.99044994614553       -0.31210017768327
H            1.96363402459828       -1.79656923854118        0.51642980793799
H            1.61332763653960       -1.14831805604122       -1.07112070318647
H            0.18887230464596       -0.26004252359170        1.47587174646663
H            0.13240159403673        1.38657344007695       -0.39394164252167
H           -0.47230329657065        0.13534039589351       -1.47832969031383
H           -1.89060092027415        1.09140537035476        1.04739200118824
H           -3.54001080633716        2.07387738171003       -0.52795574762764
H           -1.94377405952103        2.79183239879422       -0.74906060216150
H           -2.53618577767637        1.58876671911482       -1.89515725985601
H           -2.74103343726801       -0.85397895733970       -1.14133790201618
H           -3.74902863343455       -0.34368396829814        0.21380500497517
H           -2.14385002804638       -1.32478407631011        1.81557743107728
H           -2.65960501724556       -2.55839129284208        0.65325219547793
30
 energy: -36.791978788152 gnorm: 0.000836805000 xtb: 6.7.1 (edcfbbe)
C            2.47646106926372        1.22499829295639        1.03200501397824
C            2.63643588048591        0.19065990391199        0.22285557724349
C            3.91048393024856       -0.00878919050284       -0.54451904680754
C            1.62377230043676       -0.89892637519377       -0.00622578017112
C            0.19014496546753       -0.60115850482580        0.43283117811661
C           -0.46663683339988        0.47424031109004       -0.44228016795409
C           -1.89993066450074        0.76439730992322       -0.00000055941594
C           -2.51682950669652        1.87256822678725       -0.84852716296312
C           -2.71990637652750       -0.52089543628682       -0.09636906205531
C           -2.10588373782186       -1.62350107694899        0.76778564596108
C           -0.66017251487273       -1.85774536537016        0.39066516545282
O           -0.23243006963791       -2.94340718970150        0.08993069470474
H            1.58231100820837        1.39632030491874        1.60478841774705
H            3.25498618781094        1.95830216894668        1.15933648737115
H            3.71712420237087        0.03006473139207       -1.61631268873484
H            4.64251136139617        0.75515534701124       -0.29599965539639
H            4.33476373794884       -0.98715948911451       -0.32183574205327
H            1.96355030763589       -1.79712305886885        0.52019299601337
H            1.61580614267080       -1.15312935680850       -1.06972621161353
H            0.18850971608974       -0.26107082202983        1.47444432000158
H            0.13435922962467        1.38392517964429       -0.39793376638710
H           -0.47270310458157        0.13157482210831       -1.48014232978600
H           -1.88645811662316        1.09413040653243        1.04573347480111
H           -3.53663547068020        2.07537682749469       -0.52945582792900
H           -1.93953215584468        2.78949053358635       -0.75611046334961
H           -2.53664070544712        1.58409841846615       -1.89715979788886
H           -2.74854163876518       -0.85340645437289       -1.13662130411983
H           -3.74818572434801       -0.33911498601336        0.22319178763251
H           -2.14039738609692       -1.32315544049564        1.81801603150027
H           -2.66033603381900       -2.55672003823440        0.65744277610380
30
 energy: -36.792003018330 gnorm: 0.000935220243 xtb: 6.7.1 (edcfbbe)
C            2.47407974278363        1.21830547444400        1.04210702683925
C            2.63482599851342        0.18947936884126        0.22551155014356
C            3.90625945995581        0.00188573658948       -0.54903464348745
C            1.62627791555704       -0.90359586185407       -0.00234626336047
C            0.19083803268898       -0.60486666519201        0.43056116581203
C           -0.46448154139975        0.46953687991159       -0.44685892704080
C           -1.89562004951292        0.76631566771979       -0.00158774421207
C           -2.51253054454068        1.86889652640627       -0.85778948788668
C           -2.72223827985291       -0.51599036725113       -0.08402473173988
C           -2.10415489587024       -1.62249901971914        0.77269377963993
C           -0.66197562071157       -1.85886490416932        0.38179851004689
O           -0.24108452482114       -2.94189600140278        0.06201868596761
H            1.58233225249277        1.38307608386556        1.62056920419448
H            3.25130283117075        1.95284648868191        1.17070723609800
H            3.70953512376797        0.06145574582145       -1.61930446625972
H            4.63973521303459        0.75980357411946       -0.28786988410799
H            4.32905860305930       -0.98136339230073       -0.34602926837316
H            1.96496017678242       -1.79787504491572        0.53155185616362
H            1.62241729752061       -1.16483467708357       -1.06391338938108
H            0.18584680414346       -0.26408684663715        1.47163927490034
H            0.13900211824991        1.37787736411973       -0.40606322215780
H           -0.47390730620083        0.12389631115323       -1.48358364420228
H           -1.87679449888664        1.10477735006516        1.04134437654687
H           -3.52962741211554        2.07969850176034       -0.53526840393298
H           -1.93033245878801        2.78401466884277       -0.77892918187941
H           -2.53945340433781        1.56852405690497       -1.90303295861516
H           -2.76893560050713       -0.84913459007913       -1.12353613468911
H           -3.74455958991984       -0.32722272222893        0.25115597353185
H           -2.12911741161330       -1.32405106392330        1.82364968956110
H           -2.66165843064659       -2.55410864248801        0.66386402188283
30
 energy: -36.792010904763 gnorm: 0.000640879175 xtb: 6.7.1 (edcfbbe)
C            2.47298622180578        1.21537497728271        1.04872355052614
C            2.63387839907599        0.18973461424823        0.22830028990045
C            3.90266324040088        0.00678478589610       -0.55172001134414
C            1.62697858654049       -0.90470264072491        0.00017325862463
C            0.19078676476847       -0.60687627760177        0.43051462647071
C           -0.46274381349152        0.46732718001225       -0.44890286407514
C           -1.89252116443777        0.76725017755568       -0.00172208937120
C           -2.50965842178721        1.86642865718904       -0.86253682200491
C           -2.72266908316893       -0.51328828303481       -0.07801918733340
C           -2.10276351228904       -1.62222887176705        0.77481157794770
C           -0.66282530163462       -1.85967010477590        0.37768094685945
O           -0.24460699432630       -2.94088136093402        0.04869606328999
H            1.58254072260898        1.37592025263346        1.63040949361168
H            3.24798024917059        1.95259813195541        1.17627586888390
H            3.70195367278854        0.07687676179906       -1.62068839196593
H            4.63918420715989        0.76026225527307       -0.28652916700594
H            4.32331501280844       -0.97964442402687       -0.35952159529752
H            1.96576685181406       -1.79770402332139        0.53624203774435
H            1.62515461986013       -1.16828226243980       -1.06093257088562
H            0.18280027806429       -0.26576309912345        1.47135569506637
H            0.14310929490539        1.37435450182826       -0.41089682033352
H           -0.47442761176407        0.11931527405838       -1.48496590031372
H           -1.87146488840938        1.11084600945833        1.03945848348795
H           -3.52522294449115        2.08146668754592       -0.53822109133320
H           -1.92526354309295        2.78066323488068       -0.79079045275369
H           -2.54048253548937        1.56019669944041       -1.90595529385463
H           -2.77623626295182       -0.84644016271114       -1.11713006809539
H           -3.74246470656624       -0.32219886694689        0.26316899427570
H           -2.12262620897824       -1.32555461839789        1.82640910298595
H           -2.66312112889757       -2.55216520524917        0.66631233629531
30
 energy: -36.792014081997 gnorm: 0.000282934607 xtb: 6.7.1 (edcfbbe)
C            2.47341732237711        1.21451392119988        1.05241746058415
C            2.63372764402053        0.19017824715753        0.23029546430161
C            3.90000147434425        0.00909714804620       -0.55409578751161
C            1.62754705768571       -0.90531007329079        0.00288600905955
C            0.19093048353319       -0.60787621951564        0.43140465965835
C           -0.46219790894890        0.46610281043800       -0.44886493735675
C           -1.89143808967688        0.76825877946746       -0.00203914689316
C           -2.50850495621095        1.86560358792157       -0.86538025543996
C           -2.72214714655218       -0.51200527587609       -0.07541955693753
C           -2.10199908973983       -1.62256335980276        0.77541504163899
C           -0.66316666407037       -1.86021576441559        0.37587259502169
O           -0.24592472389446       -2.94046389447470        0.04251608168834
H            1.58365694853208        1.37286689179685        1.63576704375923
H            3.24763803904392        1.95252876925285        1.18027193598191
H            3.69600419145765        0.08420249970950       -1.62197169591726
H            4.63898306229572        0.75997583238618       -0.28818220488670
H            4.31923914320916       -0.97871727944387       -0.36741259665886
H            1.96704416292339       -1.79797843286863        0.53915847498772
H            1.62620196298701       -1.16896292337519       -1.05823108148376
H            0.18084168938341       -0.26681402366437        1.47218385321614
H            0.14470701006898        1.37232870859325       -0.41200534429224
H           -0.47439342760477        0.11702111982419       -1.48453814034726
H           -1.86964780600065        1.11454338252621        1.03812877926473
H           -3.52331381625293        2.08298672938398       -0.54026090024801
H           -1.92276404414172        2.77929193310312       -0.79778947701432
H           -2.54131138516823        1.55567155468398       -1.90759806485811
H           -2.77835272009317       -0.84509220163896       -1.11434312476801
H           -3.74081636343763       -0.31996309683747        0.26804285586534
H           -2.12007829543719       -1.32771428260384        1.82755790441280
H           -2.66388375463655       -2.55149508768092        0.66621415517533
30
 energy: -36.792013380202 gnorm: 0.000664419493 xtb: 6.7.1 (edcfbbe)
C            2.47384378817821        1.21365858308284        1.05609199999026
C            2.63357799990744        0.19061946737000        0.23228189760962
C            3.89735407050079        0.01139637388083       -0.55645671672861
C            1.62811486616853       -0.90591616797616        0.00558528486136
C            0.19107461571754       -0.60887303738788        0.43228650811927
C           -0.46165763986764        0.46488316199762       -0.44882784455749
C           -1.89036162901390        0.76926571022663       -0.00235509105385
C           -2.50735992537595        1.86478584196687       -0.86820919773560
C           -2.72162553325427       -0.51072717090006       -0.07282921295937
C           -2.10123602101697       -1.62289805750414        0.77601502923546
C           -0.66350540775241       -1.86076012578003        0.37406995848135
O           -0.24723528603753       -2.94004979738500        0.03636218988565
H            1.58476053024802        1.36983536744448        1.64108795904377
H            3.24729571770854        1.95246020006370        1.18425124555820
H            3.69008781518543        0.09148251877413       -1.62324553684500
H            4.63878487158737        0.75968882543417       -0.28982732304212
H            4.31518355619497       -0.97779380375542       -0.37525354665085
H            1.96831905055203       -1.79825474312435        0.54205710288538
H            1.62724546598630       -1.16963832075702       -1.05554385650644
H            0.17889311397911       -0.26786238914035        1.47300419406309
H            0.14629418344910        1.37031088437353       -0.41310961604091
H           -0.47436349026118        0.11473899508049       -1.48411356615033
H           -1.86783793925690        1.11822686682561        1.03680446473654
H           -3.52141711417841        2.08450130769953       -0.54229025220153
H           -1.92027984727931        2.77793110645445       -0.80475518900839
H           -2.54213820024584        1.55116968293152       -1.90923142516866
H           -2.78046053983629       -0.84374794742893       -1.11156619322245
H           -3.73917189645974       -0.31773640730743        0.27289962899232
H           -2.11753687821601       -1.32986829328051        1.82870112756304
H           -2.66464229731535       -2.55082863187719        0.66611597684863
30
 energy: -36.792015451572 gnorm: 0.000230384064 xtb: 6.7.1 (edcfbbe)
C            2.47416703120377        1.21415735791011        1.05466773703696
C            2.63362059983960        0.19065062661459        0.23145482852688
C            3.89800879903841        0.01065997546610       -0.55616547049251
C            1.62760329534460       -0.90540886482862        0.00485240510219
C            0.19086370809369       -0.60823293797064        0.43268249426077
C           -0.46143487991592        0.46553393805943       -0.44857094097527
C           -1.89064038023008        0.76842485239043       -0.00218541973014
C           -2.50739360303507        1.86475176617540       -0.86707634879760
C           -2.72202019472144       -0.51150621320171       -0.07460028162248
C           -2.10199231428771       -1.62262024732424        0.77570976459814
C           -0.66357326765177       -1.86037051639661        0.37534259999697
O           -0.24668864140642       -2.94012680800832        0.03988881381340
H            1.58558380887535        1.37020635164404        1.64058177270173
H            3.24796207459439        1.95258278199265        1.18242239343433
H            3.69124027841109        0.08950305801440       -1.62331276618602
H            4.63847376485201        0.76018956761645       -0.28995590503033
H            4.31667618991862       -0.97822057455311       -0.37368663076498
H            1.96748605487866       -1.79770026890944        0.54152174558816
H            1.62655279743522       -1.16939469696893       -1.05622970255333
H            0.17941971230185       -0.26719405294135        1.47344060376218
H            0.14606946699437        1.37136360141938       -0.41229978979618
H           -0.47362879887032        0.11549863698361       -1.48395502578498
H           -1.86889510157937        1.11607919252659        1.03750126843877
H           -3.52167792571244        2.08385594053250       -0.54139548197151
H           -1.92066687586152        2.77797692704970       -0.80183985455901
H           -2.54161279267831        1.55287609772111       -1.90867416862597
H           -2.77871626193988       -0.84479455473542       -1.11347447910256
H           -3.74047458205260       -0.31903274697913        0.26928163861542
H           -2.11972743621420       -1.32858535802148        1.82815445176196
H           -2.66458452562886       -2.55112283127552        0.66591974835732
30
 energy: -36.792016587482 gnorm: 0.000215010981 xtb: 6.7.1 (edcfbbe)
C            2.47473641374107        1.21375787922692        1.05494511615685
C            2.63361368359666        0.19045017349814        0.23138561013967
C            3.89759023257987        0.01099512908162       -0.55712455250880
C            1.62740101653231       -0.90548826773557        0.00530722354864
C            0.19078239660331       -0.60798838552162        0.43344353492882
C           -0.46123386664007        0.46570625596664       -0.44801390631288
C           -1.89082973600883        0.76800382086325       -0.00230094534135
C           -2.50708870676348        1.86491290903534       -0.86674029782229
C           -2.72188019484881       -0.51207847613090       -0.07614333806104
C           -2.10255235286088       -1.62246803129368        0.77555985366014
C           -0.66358387264195       -1.86023175163690        0.37666239102860
O           -0.24633265842939       -2.94017971105250        0.04250918992878
H            1.58649267077240        1.36978858371422        1.64129395732275
H            3.24842397588102        1.95242925588498        1.18177454212130
H            3.69022093518413        0.08984963606846       -1.62420713047127
H            4.63776679386336        0.76089840724177       -0.29125305292562
H            4.31691698541487       -0.97775813793829       -0.37509607391619
H            1.96714484794625       -1.79758829729267        0.54231981693831
H            1.62614218079154       -1.16995779465390       -1.05563209092398
H            0.17965074714520       -0.26674986694257        1.47414535720567
H            0.14595943473730        1.37177116717675       -0.41124515287888
H           -0.47277606497561        0.11575808150601       -1.48342944269593
H           -1.86990017185653        1.11472441407563        1.03775048312613
H           -3.52139654603602        2.08406134126696       -0.54121925899723
H           -1.92021084766181        2.77796281034533       -0.80073197743805
H           -2.54109768228227        1.55376071087712       -1.90856167203103
H           -2.77681868322146       -0.84556243553106       -1.11507742855021
H           -3.74102842473234       -0.31991207533652        0.26603733734049
H           -2.12152865439360       -1.32749881370397        1.82775044671226
H           -2.66458385144054       -2.55136853105705        0.66589146071868
30
 energy: -36.792018598778 gnorm: 0.000261676601 xtb: 6.7.1 (edcfbbe)
C            2.47591238097268        1.21298942135974        1.05578157251370
C            2.63348171794729        0.19026844547347        0.23120944243462
C            3.89607322742073        0.01220193675656       -0.55979889641175
C            1.62725137731522       -0.90598961512811        0.00690455030157
C            0.19070183066974       -0.60775350660725        0.43512375340452
C           -0.46072471095753        0.46594167660344       -0.44665279828090
C           -1.89113876461266        0.76732126552799       -0.00274365289756
C           -2.50633152557265        1.86524510038562       -0.86652761563477
C           -2.72144627103375       -0.51310460899406       -0.07910529877108
C           -2.10359769073128       -1.62218508395126        0.77522426178383
C           -0.66368559999013       -1.86009310024694        0.37916194399279
O           -0.24587904711097       -2.94054308757055        0.04735286114806
H            1.58884429593780        1.36817564700263        1.64413220821819
H            3.24947777419743        1.95202433764363        1.18112096379416
H            3.68674620270687        0.09178088213864       -1.62642228424653
H            4.63613804491930        0.76239626889316       -0.29457763590788
H            4.31647541953041       -0.97633897630859       -0.37940449054159
H            1.96698276754838       -1.79728824613424        0.54521711375701
H            1.62560781485248       -1.17205704304108       -1.05361433956775
H            0.17989883409660       -0.26614904412453        1.47571039560122
H            0.14589698556099        1.37237661475761       -0.40869240523984
H           -0.47075455908856        0.11641310957464       -1.48220161255180
H           -1.87187916276794        1.11258448970500        1.03786279442026
H           -3.52057948872691        2.08488840395109       -0.54117179878879
H           -1.91880435898259        2.77779879845079       -0.79951628056255
H           -2.54019162883700        1.55501474019230       -1.90863027592977
H           -2.77288267909365       -0.84708310766071       -1.11808017760795
H           -3.74187852679114       -0.32150377982380        0.25973022522585
H           -2.12493462995507       -1.32571849520966        1.82692072465382
H           -2.66478002942839       -2.55161344361358        0.66568675169318
30
 energy: -36.792021310911 gnorm: 0.000371223712 xtb: 6.7.1 (edcfbbe)
C            2.47779574595362        1.21182308083764        1.05780354574686
C            2.63323899377200        0.19015459122485        0.23151569842847
C            3.89301159218854        0.01425702400708       -0.56446284836784
C            1.62713320355978       -0.90679335442158        0.01020157728834
C            0.19048771468321       -0.60764671920549        0.43778333670995
C           -0.45978850973225        0.46632448593668       -0.44444874752762
C           -1.89130856437635        0.76670127858397       -0.00332310813041
C           -2.50504574427829        1.86548796739011       -0.86698610655463
C           -2.72051545021779       -0.51421165135568       -0.08287643723872
C           -2.10484824638293       -1.62212954792054        0.77442000386976
C           -0.66383260759571       -1.86008674300613        0.38217835626587
O           -0.24506257443026       -2.94108752244896        0.05355232887959
H            1.59265018452031        1.36561244327548        1.64935389321346
H            3.25111081796554        1.95145547910798        1.18099464743040
H            3.67981380432436        0.09594528752042       -1.63015350205146
H            4.63359821310818        0.76430327666573       -0.30034016775325
H            4.31455581915562       -0.97443591020586       -0.38762595044281
H            1.96694210971508       -1.79661981599727        0.55087268248433
H            1.62525037542377       -1.17566527034187       -1.04958094834968
H            0.17949595774749       -0.26576056354620        1.47827951271871
H            0.14623227212784        1.37307591359027       -0.40436917677018
H           -0.46742804578479        0.11769617989431       -1.48030383568131
H           -1.87450757718674        1.11057585397038        1.03780944638050
H           -3.51916442994559        2.08603194551280       -0.54191504276649
H           -1.91663306805634        2.77739927263800       -0.79935232260621
H           -2.53884375588779        1.55573847416420       -1.90921948547955
H           -2.76756880213598       -0.84861260553122       -1.12193106586894
H           -3.74244758470629       -0.32330764081430        0.25185016933894
H           -2.12909288236199       -1.32420793738982        1.82563594095234
H           -2.66522896117058       -2.55201727213303        0.66463760588387
30
 energy: -36.792024862988 gnorm: 0.000271039516 xtb: 6.7.1 (edcfbbe)
C            2.48048127358415        1.21034105811233        1.06098479828820
C            2.63283733319109        0.19025596008605        0.23216413910560
C            3.88828341572814        0.01733533517883       -0.57127089356966
C            1.62712231467903       -0.90801181601925        0.01539821584081
C            0.19022721196261       -0.60769337018866        0.44163477605073
C           -0.45824159052723        0.46695739215949       -0.44108470589853
C           -1.89127571492489        0.76620542526967       -0.00409543644097
C           -2.50323071664299        1.86546511146529       -0.86841554370087
C           -2.71933813244868       -0.51519193060337       -0.08710723866439
C           -2.10628788227681       -1.62229455546215        0.77302317860258
C           -0.66398150237884       -1.86025395912777        0.38568931779072
O           -0.24386617748626       -2.94185297502036        0.06046777699302
H            1.59841138800358        1.36151341757200        1.65788565717969
H            3.25330885731087        1.95102824032830        1.18105550605943
H            3.66906244449703        0.10254344904720       -1.63545599870659
H            4.63027813154560        0.76658882145879       -0.30885095681826
H            4.31093732764493       -0.97183407927022       -0.40008369177406
H            1.96723005848375       -1.79550957770920        0.55973629244181
H            1.62516405312377       -1.18118370940422       -1.04326969357119
H            0.17834549619294       -0.26573188923625        1.48212393252717
H            0.14721886879303        1.37396694682198       -0.39800517716299
H           -0.46258106873296        0.11972831638811       -1.47742521831552
H           -1.87775556650648        1.10915336185858        1.03737765486778
H           -3.51733977932514        2.08716578905042       -0.54409932573297
H           -1.91387053078244        2.77674540375286       -0.80055681579568
H           -2.53662477758883        1.55551248239247       -1.91058615785091
H           -2.76151490398771       -0.84980756462911       -1.12630202893344
H           -3.74289256327790       -0.32505476431724        0.24303845040861
H           -2.13411479746118       -1.32366699974977        1.82391342746685
H           -2.66599247039654       -2.55241932020289        0.66211575931525
30
 energy: -36.792028751359 gnorm: 0.000241817371 xtb: 6.7.1 (edcfbbe)
C            2.48378968019751        1.20853060631175        1.06531097844767
C            2.63229833381977        0.19047943038474        0.23329778076646
C            3.88191307878489        0.02134016939185       -0.57995355373247
C            1.62719967908521       -0.90947286572853        0.02231175303781
C            0.18984807233906       -0.60794674744868        0.44634133273012
C           -0.45621175324310        0.46765752432690       -0.43702656736764
C           -1.89085662917646        0.76595585406968       -0.00471903461892
C           -2.50064372338339        1.86507273562741       -0.87083989295487
C           -2.71775726410660       -0.51589312799596       -0.09143055281744
C           -2.10786916070829       -1.62284332151920        0.77105992048006
C           -0.66422209647003       -1.86058312172146        0.38917069142203
O           -0.24243249903964       -2.94261666101734        0.06761482343356
H            1.60563423820108        1.35638714159941        1.66883386199303
H            3.25595930582454        1.95049341174784        1.18170682490906
H            3.65479734131862        0.11138933362186       -1.64213137270203
H            4.62588732421706        0.76936718522043       -0.31960738800671
H            4.30556747025674       -0.96867535833148       -0.41626419620546
H            1.96763022472420       -1.79389874521028        0.57146740998845
H            1.62534853926526       -1.18827343758455       -1.03486376987997
H            0.17641148623554       -0.26613213244079        1.48689538018241
H            0.14875504682749        1.37480106193192       -0.39013530407111
H           -0.45655573244497        0.12223560396819       -1.47400017771143
H           -1.88119967446012        1.10854134393969        1.03691671534603
H           -3.51509933038996        2.08756144009739       -0.54820921814245
H           -1.91087371315745        2.77603661951004       -0.80270064137248
H           -2.53267857704367        1.55440740859035       -1.91283130813996
H           -2.75536276186777       -0.85040454315031       -1.13082821859545
H           -3.74272177154560       -0.32638837985977        0.23447925966332
H           -2.13944343999035       -1.32409111135257        1.82183221799521
H           -2.66711169407398       -2.55303731697659        0.65830224592536
30
 energy: -36.792031724089 gnorm: 0.000198427130 xtb: 6.7.1 (edcfbbe)
C            2.48613699813101        1.20684461241202        1.06911270186011
C            2.63168549211008        0.19061054525063        0.23435803850216
C            3.87644685935972        0.02510032443876       -0.58701697748707
C            1.62741379552862       -0.91106369928019        0.02808831278001
C            0.18963944368044       -0.60851347333163        0.45014141785849
C           -0.45432055405695        0.46789959569482       -0.43380363332026
C           -1.89017823803677        0.76585877484417       -0.00546322536947
C           -2.49822601484702        1.86469447283514       -0.87322307966348
C           -2.71674555229164       -0.51604884473521       -0.09398417506961
C           -2.10896082671592       -1.62318776172199        0.76974031872953
C           -0.66448936756436       -1.86108020863793        0.39151323240226
O           -0.24179155602891       -2.94339333509235        0.07163544678758
H            1.61126214653361        1.35153080737063        1.67820657028284
H            3.25738224339253        1.95032774745325        1.18224752215526
H            3.64276817147614        0.11952464535597       -1.64741436309988
H            4.62203968435045        0.77208383273991       -0.32829200589054
H            4.30105663327344       -0.96560887902994       -0.42999640990762
H            1.96828243764927       -1.79279949686960        0.58131504588282
H            1.62590613692205       -1.19456521324303       -1.02782399922911
H            0.17463360294759       -0.26685900119188        1.49075217755204
H            0.15053894359481        1.37500436466959       -0.38440309542686
H           -0.45186372157131        0.12358214608044       -1.47114063024651
H           -1.88323392176735        1.10870229710373        1.03605359567432
H           -3.51344408168551        2.08722213882800       -0.55292464987190
H           -1.90865876756892        2.77574972338719       -0.80427613308777
H           -2.52794240001063        1.55346474795710       -1.91510513871408
H           -2.75164519029783       -0.85038437627196       -1.13350664343052
H           -3.74252581878559       -0.32662523928025        0.22930547709934
H           -2.14303695140549       -1.32486472848152        1.82054606041898
H           -2.66812962631999       -2.55320651925195        0.65535824183104
30
 energy: -36.792034148705 gnorm: 0.000175772614 xtb: 6.7.1 (edcfbbe)
C            2.48725097112708        1.20555227663380        1.07185492280241
C            2.63105886513899        0.19070641206250        0.23512330732316
C            3.87234925003120        0.02825861882362       -0.59193006553732
C            1.62766020255964       -0.91237964575021        0.03209181918587
C            0.18950950738769       -0.60928273457065        0.45249441214148
C           -0.45297130481713        0.46748438625714       -0.43211612432131
C           -1.88928535659884        0.76593300753104       -0.00571152676980
C           -2.49589346641903        1.86430870639081       -0.87511542049687
C           -2.71601299931640       -0.51580384068068       -0.09509875591493
C           -2.10967659669146       -1.62336028292253        0.76911211862919
C           -0.66490288799726       -1.86157593085906        0.39265571045069
O           -0.24203541139068       -2.94391774606728        0.07313568021506
H            1.61473235543584        1.34756224836262        1.68496361516271
H            3.25762749266629        1.95022648545653        1.18298378136765
H            3.63402365928000        0.12586035505833       -1.65096063004188
H            4.61887304441066        0.77463530123821       -0.33416414800296
H            4.29777716168156       -0.96277652544298       -0.43974058260824
H            1.96884247866212       -1.79211007136848        0.58828994869295
H            1.62653447420904       -1.19924108180531       -1.02287278064020
H            0.17327353765023       -0.26766906004898        1.49310261299985
H            0.15208737753919        1.37436279658266       -0.38142829076611
H           -0.44894153412171        0.12351854297956       -1.46957434048805
H           -1.88376853883519        1.10937820528157        1.03561616584266
H           -3.51207609816922        2.08607034287741       -0.55733527526027
H           -1.90719428803793        2.77581921603888       -0.80473738842884
H           -2.52281936623350        1.55301632263199       -1.91707639777265
H           -2.75009210779339       -0.85011913965300       -1.13464801340916
H           -3.74196052984175       -0.32602866943908        0.22728536133578
H           -2.14482276882917       -1.32533995796213        1.81996876047705
H           -2.66914712269132       -2.55308853763437        0.65383152383417
30
 energy: -36.792035200649 gnorm: 0.000119534101 xtb: 6.7.1 (edcfbbe)
C            2.48686471339785        1.20470931439921        1.07274254302211
C            2.63080633356811        0.19045671911504        0.23530923179677
C            3.87171865893238        0.02936370373612       -0.59250394002942
C            1.62765315905657       -0.91277578345787        0.03192025007538
C            0.18957641513324       -0.60968458664166        0.45258999309689
C           -0.45258282073932        0.46695849632104       -0.43235734847165
C           -1.88879614604979        0.76581689522656       -0.00589949304255
C           -2.49494572384734        1.86419069324074       -0.87557978018394
C           -2.71618433858543       -0.51555275088805       -0.09463059729701
C           -2.10984908901317       -1.62307197270676        0.76963834782342
C           -0.66515653542385       -1.86177127841099        0.39293161166677
O           -0.24270743259675       -2.94421358122069        0.07338092308441
H            1.61455799554906        1.34587380714735        1.68625547284513
H            3.25673402440352        1.94988759339306        1.18373822690417
H            3.63271354647967        0.12721038018911       -1.65136370304291
H            4.61762967913941        0.77643232296219       -0.33485343070636
H            4.29820328261930       -0.96135548130617       -0.44098416283991
H            1.96890939822262       -1.79253824686634        0.58795608075539
H            1.62650043321380       -1.19942685166964       -1.02308929927629
H            0.17349362160455       -0.26787957183654        1.49312853797204
H            0.15273389010754        1.37370891188783       -0.38220330230865
H           -0.44891747127381        0.12246723983579       -1.46962160630627
H           -1.88305547126804        1.10956052028294        1.03532648848425
H           -3.51153426281298        2.08558173739522       -0.55874601606539
H           -1.90658197035919        2.77590964125286       -0.80442691278469
H           -2.52074087066033        1.55313337016588       -1.91767072110652
H           -2.75075315673163       -0.85007280126987       -1.13411124901626
H           -3.74199492669078       -0.32532073847941        0.22808338567778
H           -2.14481747005598       -1.32485075538622        1.82046667055416
H           -2.66947746532368       -2.55274694640882        0.65457379872125
30
 energy: -36.792036959564 gnorm: 0.000172530799 xtb: 6.7.1 (edcfbbe)
C            2.48564401176395        1.20335153674570        1.07402713713474
C            2.63009012540493        0.19017371068834        0.23534682953729
C            3.87048924833942        0.03181345604127       -0.59366848773691
C            1.62784643629469       -0.91390679593183        0.03184981191457
C            0.18974850740228       -0.61081268288468        0.45248858331819
C           -0.45213994979075        0.46542729233829       -0.43304476920572
C           -1.88785961581342        0.76590709867727       -0.00615975445327
C           -2.49303645917372        1.86427833632873       -0.87644581200752
C           -2.71629686953780       -0.51488906812875       -0.09358352454098
C           -2.11014295606596       -1.62255485194202        0.77066535966277
C           -0.66569674079011       -1.86238886425385        0.39330367831689
O           -0.24423109136156       -2.94510384032963        0.07352947871039
H            1.61388560287918        1.34249972325105        1.68870793956131
H            3.25487761489139        1.94906283822644        1.18556643923287
H            3.63026710160936        0.12945730114119       -1.65227521823721
H            4.61497842104219        0.78050420001462       -0.33649035378150
H            4.29938425081357       -0.95800032489415       -0.44287652523811
H            1.96939267916350       -1.79361434272823        0.58774987914636
H            1.62677023955404       -1.20028254936772       -1.02320064909670
H            0.17382050074825       -0.26853574498508        1.49283072226066
H            0.15381769579693        1.37180281522015       -0.38409153608561
H           -0.44926673826462        0.11982922936598       -1.46993487085754
H           -1.88137709527664        1.11029852257816        1.03485940335748
H           -3.51067781309282        2.08443947343101       -0.56208383598756
H           -1.90572881885563        2.77654771640538       -0.80308180885950
H           -2.51578393125727        1.55402474246807       -1.91888003534580
H           -2.75238417599245       -0.84984880723464       -1.13288920076283
H           -3.74159770659162       -0.32353458366978        0.23017974312914
H           -2.14447069827674       -1.32395700672306        1.82142150003564
H           -2.67032177556704       -2.55198852984629        0.65617987688052
30
 energy: -36.792038239163 gnorm: 0.000160713144 xtb: 6.7.1 (edcfbbe)
C            2.48475732042134        1.20124210055307        1.07654099980649
C            2.62948668815019        0.18960701441660        0.23600893329705
C            3.86884783512962        0.03481334798536       -0.59524317275193
C            1.62807841830180       -0.91527108238726        0.03211566155822
C            0.18982567147680       -0.61222999587042        0.45227685647386
C           -0.45151722659367        0.46369474596325       -0.43400024992193
C           -1.88662966189961        0.76602542733901       -0.00650588027005
C           -2.49082225224056        1.86434113117744       -0.87753074142425
C           -2.71645813471940       -0.51400560380826       -0.09227453712159
C           -2.11037993492466       -1.62196110473230        0.77171526649073
C           -0.66636619638498       -1.86318486109868        0.39340381374953
O           -0.24599690906404       -2.94627676009053        0.07330317689425
H            1.61317302854723        1.33875766090122        1.69191617473014
H            3.25250101813783        1.94862985010526        1.18726924119166
H            3.62669317069849        0.13203505066811       -1.65345378143759
H            4.61180060950730        0.78535219848087       -0.33906893799351
H            4.30063075670372       -0.95384101779322       -0.44532994348678
H            1.96986975449138       -1.79477217224813        0.58817387112854
H            1.62742010242591       -1.20166041697997       -1.02294853156463
H            0.17365272051642       -0.26947854809548        1.49243481948028
H            0.15544235239193        1.36948551064753       -0.38646544580585
H           -0.44967861658274        0.11687267167791       -1.47051298693239
H           -1.87919278610261        1.11138683039113        1.03418173352602
H           -3.50964333915929        2.08289968565341       -0.56599543728829
H           -1.90492708036628        2.77727317725341       -0.80158521368754
H           -2.51005289089449        1.55506073624263       -1.92030250275948
H           -2.75432169099182       -0.84941001828525       -1.13134306581434
H           -3.74110076306628       -0.32146819551264        0.23282097493734
H           -2.14354950351095       -1.32304295138593        1.82239801282379
H           -2.67154246040308       -2.55087441116620        0.65800089217431
30
 energy: -36.792038249413 gnorm: 0.000358213918 xtb: 6.7.1 (edcfbbe)
C            2.48380820569989        1.19905734785086        1.07914570150246
C            2.62883302976444        0.18903690596435        0.23667717640028
C            3.86710822885294        0.03796955566283       -0.59691149469607
C            1.62832272155056       -0.91670428601958        0.03240809267687
C            0.18990665384813       -0.61371699798832        0.45205904562365
C           -0.45085948175000        0.46187580768334       -0.43500433615653
C           -1.88533527448681        0.76615232472755       -0.00687548003345
C           -2.48849982430513        1.86440642406881       -0.87867894339068
C           -2.71662256013329       -0.51307652789850       -0.09090148365259
C           -2.11062552075713       -1.62133987862866        0.77281494977605
C           -0.66706619019578       -1.86402103544269        0.39350881081088
O           -0.24784577393290       -2.94750397378821        0.07306040217043
H            1.61246935278759        1.33478754191501        1.69535293793686
H            3.25003986640833        1.94813747514446        1.18910728558674
H            3.62291242243049        0.13473707337137       -1.65470330285589
H            4.60844230716113        0.79045943880657       -0.34180466812804
H            4.30192915545442       -0.94946577841142       -0.44791397620593
H            1.97037247910491       -1.79597480295142        0.58865451277693
H            1.62810820985743       -1.20313039435184       -1.02266324408783
H            0.17346843629040       -0.27046357216337        1.49202272970391
H            0.15715339471354        1.36705161839675       -0.38895914383344
H           -0.45010543648814        0.11376609072793       -1.47111940195330
H           -1.87689779457634        1.11253692593305        1.03346222787990
H           -3.50855717161076        2.08128386439160       -0.57010264410951
H           -1.90408632289850        2.77803510306418       -0.80003425528635
H           -2.50404794884474        1.55613968944718       -1.92180259526473
H           -2.75635030105264       -0.84894592347397       -1.12972216900874
H           -3.74057427964862       -0.31929720232604        0.23559305733618
H           -2.14257752153985       -1.32208703298770        1.82342204506694
H           -2.67282306170804       -2.54970578072216        0.65990816341706
