29
 energy: -34.654704239167 gnorm: 0.035735794580 xtb: 6.7.1 (edcfbbe)
C           -3.12568671358100       -1.12796476786000        0.79231092712500
C           -2.29260871181700       -0.23191325690300        0.23430516169800
C           -2.83760335077900        0.94463807966000       -0.53160366339300
C           -0.77457909074900       -0.38488527057600        0.36174075323300
C           -0.15965411602600        0.78807789057800        1.14459144219100
C            1.35180402225000        0.63365433509700        1.30425371682100
C            2.04644029835400        0.48186526536700       -0.05376511674100
C            3.55220323980400        0.30055747050500        0.12843652221600
C            1.45070297532200       -0.69295570084000       -0.83469226620100
C           -0.06629166566200       -0.56811224318300       -1.00198085430100
O           -0.51742666312700       -1.75800914069200       -1.65271032205000
H           -4.20488241445900       -1.03206810871200        0.71350447110000
H           -2.75422742624000       -1.98343958645200        1.34976103492400
H           -3.93283290057900        0.93753574584300       -0.56330487538700
H           -2.53493997785200        1.88754670686300       -0.06744879752400
H           -2.48566866504400        0.93251730564700       -1.56709824041600
H           -0.58322308468800       -1.30009194755400        0.94232543890300
H           -0.62053404520600        0.85990961495100        2.13748410917600
H           -0.35824356608600        1.73799158365000        0.63319183766300
H            1.74935237660800        1.50927904247900        1.83130047235800
H            1.56272085168600       -0.23945181122500        1.93490621225000
H            1.88490620645800        1.40108882590500       -0.63239727546100
H            3.77858191414100       -0.60475367701800        0.70191067187400
H            4.05376490522800        0.22109349602800       -0.84178923563100
H            3.98444529036600        1.15491312729500        0.65990318795300
H            1.68486086395200       -1.64105994482600       -0.33121945443900
H            1.91821711664000       -0.76618017519200       -1.82514190601000
H           -0.27895352620400        0.27578765905200       -1.66834572826500
H           -1.49064414271000       -1.73557051788700       -1.65308321506500
29
 energy: -34.656975576724 gnorm: 0.011210140324 xtb: 6.7.1 (edcfbbe)
C           -3.10047836003009       -1.12657758814002        0.77884896836221
C           -2.27949085147000       -0.23971989244229        0.22912152092485
C           -2.81866607085616        0.93639660188453       -0.53216423114170
C           -0.77384590599974       -0.38404735576980        0.36854115746782
C           -0.16188347911482        0.79545908450869        1.13373403998217
C            1.34612898682436        0.62781252546971        1.30088467373316
C            2.04245974078475        0.48340965939835       -0.05201848840952
C            3.54727799713040        0.30034346573101        0.12521956908254
C            1.43840958180214       -0.69105569447308       -0.82073885086997
C           -0.07464016144704       -0.55997026641237       -0.99369303217223
O           -0.52503713068035       -1.74350640979870       -1.64349143074486
H           -4.17279810171783       -1.02762807951012        0.70926453072199
H           -2.73585631120627       -1.97586710446879        1.33493190451778
H           -3.90869125128463        0.91342712388762       -0.55338528066582
H           -2.51240754928451        1.87378264842296       -0.06862515505384
H           -2.46067256109915        0.93692056605546       -1.56205946676595
H           -0.58149706106429       -1.30030460290087        0.94059031628309
H           -0.63499666152081        0.86094932188384        2.11798313451925
H           -0.36084876790038        1.73228885993281        0.60521281358236
H            1.74811370368263        1.49921619303648        1.82567355010227
H            1.55673747403901       -0.25268048015211        1.91543224506425
H            1.87256801368065        1.40110986694265       -0.62848172989147
H            3.76251733637801       -0.60232848426420        0.69621355607256
H            4.04338556939676        0.21754502343646       -0.84129537143815
H            3.97690871022861        1.14926494268494        0.65675888303991
H            1.65193198010046       -1.63214129387183       -0.30451705571069
H            1.89369404174302       -0.76152982400052       -1.81289456585843
H           -0.28657197407989        0.30376545228998       -1.64144438335770
H           -1.49175093703483       -1.73433425936080       -1.63825681277488
29
 energy: -34.657388722737 gnorm: 0.005011999081 xtb: 6.7.1 (edcfbbe)
C           -3.08647396692452       -1.12872294886054        0.77937515835425
C           -2.27011582569980       -0.24064490270354        0.23567071269024
C           -2.80467355104506        0.93265255523455       -0.53054717807125
C           -0.77129795317743       -0.38165984927699        0.37316146967399
C           -0.16180775619472        0.80218015704630        1.12949991307891
C            1.34306994446882        0.62800537608154        1.30163688603080
C            2.03477908447190        0.48422801332902       -0.05302816896525
C            3.53915748809296        0.29895941090647        0.12193586989222
C            1.43238815211762       -0.69288683229819       -0.81682389321812
C           -0.07868573772003       -0.55456076740925       -0.98971349911285
O           -0.53193685197301       -1.72627871359238       -1.64594183856352
H           -4.15640904816344       -1.04510623856443        0.69159141080636
H           -2.72387518934909       -1.98130720088059        1.32640994727129
H           -3.89120426076716        0.90234726362095       -0.55305580545903
H           -2.49776334539481        1.86817315774926       -0.06740031228713
H           -2.43901837641048        0.93613330296070       -1.55634641968276
H           -0.57368589916609       -1.29543996767069        0.94427520065507
H           -0.64202617242424        0.87880491647747        2.10784114173864
H           -0.35249005407650        1.72818714471132        0.58338122656619
H            1.74891913153067        1.49297710179888        1.83148511499042
H            1.54466666108089       -0.25959677522310        1.90541342618382
H            1.86105033747953        1.40011978162071       -0.63036511533256
H            3.74742638680552       -0.60317182827679        0.69215569430358
H            4.03047154478272        0.21383832883160       -0.84391812167789
H            3.96823682631176        1.14582873273506        0.65248157757511
H            1.62974254943347       -1.62636645004363       -0.28603616114652
H            1.88417333182658       -0.77292885227328       -1.80721024420012
H           -0.28703021172068        0.32488420992294       -1.62201685867743
H           -1.49558723819535       -1.72864812595343       -1.62856612481546
29
 energy: -34.657515178088 gnorm: 0.003251550284 xtb: 6.7.1 (edcfbbe)
C           -3.08151493921880       -1.14356407036832        0.76661980062469
C           -2.26665165104029       -0.24674095704338        0.23329893202315
C           -2.79988491828950        0.93012942467181       -0.52872946471284
C           -0.76992849533963       -0.37944486796260        0.37670516295153
C           -0.16142087611359        0.80956431579745        1.12589201957203
C            1.34165282148157        0.62820755756197        1.30240352882127
C            2.03224476647163        0.48408907410968       -0.05314891962837
C            3.53685853273914        0.29806574539382        0.11936009578667
C            1.42881391566742       -0.69558110578527       -0.81174084410068
C           -0.08100296972137       -0.54966140962095       -0.98803805858473
O           -0.53905867165681       -1.71059078084828       -1.65257178028199
H           -4.15190981644629       -1.05681531175036        0.68867741275004
H           -2.71762342481431       -1.98750970078569        1.32616952554834
H           -3.88519905426064        0.89799308620179       -0.55740443453386
H           -2.49480595575086        1.86331764994578       -0.05963539970223
H           -2.42679535498945        0.93814177181581       -1.55177329898957
H           -0.56643609255280       -1.29059488762184        0.94990729923545
H           -0.64634338934326        0.89986501144199        2.10038664942742
H           -0.34385100044047        1.72912209338036        0.56690191239557
H            1.75221748420345        1.48796633862566        1.83615331308419
H            1.53601347574186       -0.26362834488640        1.90150355485682
H            1.85606694673461        1.39845177534553       -0.63197980179721
H            3.74200105364295       -0.60431525441163        0.68979046520104
H            4.02505626484678        0.21094729995531       -0.84742872867222
H            3.96722103093400        1.14449101133474        0.64875605133952
H            1.61768659211948       -1.62458126822966       -0.27155639709764
H            1.88178693617640       -0.78588302666595       -1.79962265359018
H           -0.28305618365351        0.33922343281739       -1.61122219165085
H           -1.50213702712771       -1.72066460241882       -1.62232874167438
29
 energy: -34.657617491978 gnorm: 0.002768051557 xtb: 6.7.1 (edcfbbe)
C           -3.07910894236325       -1.15463079888699        0.76311220000275
C           -2.26637394733575       -0.24853571659436        0.23817250823403
C           -2.80039242085515        0.92809126640403       -0.52453805750398
C           -0.76966908817651       -0.37473115256879        0.38082525268330
C           -0.15994962237002        0.82051007454784        1.12017897478536
C            1.34126936130620        0.62897078324634        1.30255140679478
C            2.03232604471399        0.48190724405746       -0.05307696779724
C            3.53735719408632        0.29617952127801        0.11676519709793
C            1.42604610057706       -0.70080939097419       -0.80494628834489
C           -0.08251917605304       -0.54427384462062       -0.98602046325316
O           -0.54924270783611       -1.69224261635780       -1.66155056986630
H           -4.15039546343737       -1.08010979412068        0.67304282742037
H           -2.71085519905444       -2.00414498157957        1.31286543664483
H           -3.88535360638023        0.89429307390601       -0.56212661344697
H           -2.49975095739546        1.86013603264504       -0.04953222519789
H           -2.41888464358490        0.93893193535576       -1.54486815258547
H           -0.55947133639313       -1.28199040774994        0.95860402787330
H           -0.64909569767844        0.92824819995717        2.09096544462861
H           -0.33248022684936        1.73402757763361        0.54777272783448
H            1.75777610753299        1.48351292676505        1.83976130511321
H            1.52729731799776       -0.26610156079346        1.89963855136686
H            1.85415674561615        1.39428770164027       -0.63438939440855
H            3.74202786777396       -0.60597719057965        0.68826783652328
H            4.02277072464100        0.20687065687037       -0.85155056050671
H            3.96971040606641        1.14327297645183        0.64389704243064
H            1.60744768613725       -1.62563693301212       -0.25513446609991
H            1.88234769063560       -0.80406916031376       -1.78980398705981
H           -0.27454915330311        0.35322113677160       -1.60092899248997
H           -1.51244105801841       -1.70920755937857       -1.61260899227187
29
 energy: -34.657669700544 gnorm: 0.002365446571 xtb: 6.7.1 (edcfbbe)
C           -3.07798420128669       -1.16489251035766        0.75511342733696
C           -2.26869922972686       -0.25001483864609        0.23890219164293
C           -2.80639453173782        0.92777906768828       -0.51954315473172
C           -0.77051246999638       -0.36939056244536        0.38207669440172
C           -0.15829049333051        0.82883434913310        1.11528391598043
C            1.34198888976900        0.63150263107252        1.30226180044928
C            2.03445869612476        0.47801838974473       -0.05247725355235
C            3.53958085282986        0.29311913738420        0.11625503432431
C            1.42574967036165       -0.70664659009984       -0.80001493278534
C           -0.08167923566428       -0.54097544633964       -0.98487565803370
O           -0.55689722847336       -1.68076908650105       -1.66819268480242
H           -4.14971535969390       -1.09655544413149        0.66187290834667
H           -2.70502019903364       -2.01532864405804        1.30144791472136
H           -3.89171125337175        0.89007463893027       -0.56357971220197
H           -2.51287808578782        1.85921554706900       -0.03819892314514
H           -2.42015658174909        0.94406991998144       -1.53827184263498
H           -0.55729994232286       -1.27371115367311        0.96373533981990
H           -0.64882559387719        0.94758436078962        2.08416390566254
H           -0.32471523523415        1.73938415065145        0.53618394886167
H            1.76174910373491        1.48436065083928        1.83992659359455
H            1.52238094815628       -0.26344477880951        1.90175821234522
H            1.85677863214549        1.38849609905694       -0.63695716982199
H            3.74759089050459       -0.60769468005312        0.68940723842799
H            4.02401817016720        0.20255554083625       -0.85298241225805
H            3.97300924243709        1.14201863033214        0.64042796490674
H            1.60318155224904       -1.62951958115350       -0.24485119371155
H            1.88492274063991       -0.81872915946157       -1.78317044474773
H           -0.26471289819554        0.36011454758542       -1.59632595856987
H           -1.51991684963792       -1.69945518536482       -1.60403074122443
29
 energy: -34.657701890705 gnorm: 0.001459434037 xtb: 6.7.1 (edcfbbe)
C           -3.07533599585073       -1.17185621842964        0.74754509438389
C           -2.26988090368625       -0.24991268055158        0.23851116687356
C           -2.81240806419488        0.92879569073822       -0.51474056624585
C           -0.77061546278766       -0.36499919419228        0.38236040716167
C           -0.15744092793924        0.83506758191855        1.11151177602674
C            1.34246285823639        0.63464634105861        1.30090795478171
C            2.03686144832595        0.47420166587710       -0.05223025420655
C            3.54172317281006        0.28948394267332        0.11712797204935
C            1.42541861313066       -0.71153993992178       -0.79627159014995
C           -0.08082519687588       -0.53898568755453       -0.98432825977981
O           -0.56237241428162       -1.67494731023606       -1.67132679913817
H           -4.14704648553370       -1.10826742902694        0.65248446934190
H           -2.69875800472369       -2.02381499828567        1.28919753282666
H           -3.89790287035545        0.88497783860136       -0.56246748534108
H           -2.52698673912592        1.85976794047952       -0.02759718495490
H           -2.42375351056596        0.95245967064711       -1.53241890627985
H           -0.55682362869456       -1.26742228979697        0.96672454901132
H           -0.64772529821495        0.95885175047436        2.07970833931798
H           -0.32136191320090        1.74409551425611        0.52940413464656
H            1.76338620424177        1.48868205045343        1.83590838671475
H            1.51996077260512       -0.25794939334884        1.90510731582705
H            1.86119083675497        1.38283870358793       -0.64027974431081
H            3.75236890806660       -0.60964961540919        0.69231830722616
H            4.02635306498821        0.19736382559031       -0.85217463944335
H            3.97534995329613        1.14018663377202        0.63873427107110
H            1.60020342281461       -1.63358909665826       -0.23839813558815
H            1.88602443096064       -0.82844290310602       -1.77854142880365
H           -0.25748397791035        0.36316328109322       -1.59504341075106
H           -1.52458229228936       -1.69320567470361       -1.59638826366614
29
 energy: -34.657736085368 gnorm: 0.001355601763 xtb: 6.7.1 (edcfbbe)
C           -3.07044934567210       -1.17956850124426        0.73687326506522
C           -2.27004352228040       -0.24889738463306        0.23708800163187
C           -2.81900899069578        0.93148075074189       -0.50811190036790
C           -0.77015772486683       -0.35994585514254        0.38189323320188
C           -0.15681131173376        0.84153122318366        1.10735253767986
C            1.34319732837863        0.64075013418998        1.29816258842356
C            2.03931678861345        0.47031688136374       -0.05281709913567
C            3.54335840730377        0.28353518672640        0.11959413826167
C            1.42495946286050       -0.71613870429371       -0.79353561981091
C           -0.07993473737990       -0.53735256346020       -0.98388171914747
O           -0.56706309930935       -1.67202636044737       -1.67146311178755
H           -4.14196312211025       -1.12107126915894        0.64066478112091
H           -2.69018145892040       -2.03302043016676        1.27297094318750
H           -3.90416493144514        0.87747389637045       -0.55986191837964
H           -2.54499288590445        1.86127179497719       -0.01248029035527
H           -2.42726574931645        0.96746784996992       -1.52418256337733
H           -0.55649730805888       -1.26070603622699        0.96847621688484
H           -0.64594864374387        0.96688199377706        2.07563858796864
H           -0.32099088914813        1.74932200834459        0.52371445814157
H            1.76429146918998        1.49863272481939        1.82707861362867
H            1.51942546014836       -0.24732100866248        1.90959871583020
H            1.86784804593196        1.37663720124877       -0.64580760599650
H            3.75397444588359       -0.61354554511934        0.69799414683138
H            4.02947984330199        0.18810718822389       -0.84870816741861
H            3.97702904521933        1.13583269003680        0.63870217015868
H            1.59617948841466       -1.63744824721733       -0.23321977931129
H            1.88624255885480       -0.83683521162568       -1.77515387094230
H           -0.25197879170309        0.36436911155281       -1.59557959892846
H           -1.52784983181221       -1.68973351812812       -1.58565414445644
29
 energy: -34.657766311600 gnorm: 0.001254072634 xtb: 6.7.1 (edcfbbe)
C           -3.06637184884358       -1.18553234839214        0.72844723642849
C           -2.26886553721110       -0.24844317082986        0.23623451713317
C           -2.82129178717242        0.93423795630049       -0.50232226975770
C           -0.76926182131059       -0.35711628187917        0.38184944132245
C           -0.15699641125128        0.84605610158940        1.10474323907609
C            1.34336963803777        0.64688116382878        1.29509330485650
C            2.04022570418636        0.46964386925923       -0.05445932809446
C            3.54336555475795        0.27837138568284        0.12183490751491
C            1.42393991158506       -0.71719726538906       -0.79284540911762
C           -0.08044052214257       -0.53684133195892       -0.98380321824616
O           -0.56887333647403       -1.67250882120401       -1.66915134552462
H           -4.13789587231262       -1.13053613727265        0.63096245499927
H           -2.68414031604039       -2.04072909308572        1.25992113154727
H           -3.90555542661717        0.87294253591298       -0.55920186418151
H           -2.55562943929874        1.86180685819230        0.00182557287908
H           -2.42489966784843        0.98124154764268       -1.51614273209872
H           -0.55476132056417       -1.25682357801943        0.96964531990665
H           -0.64541334586739        0.97152385130540        2.07349937138429
H           -0.32287479745325        1.75274916585926        0.51983940635893
H            1.76421272728218        1.50821681116263        1.81859506255732
H            1.52025172790267       -0.23750493737910        1.91156791098853
H            1.87266082246396        1.37445671135018       -0.65087802286856
H            3.74902843388730       -0.61790346805406        0.70304879401249
H            4.03145946914454        0.17866186161980       -0.84487278072912
H            3.97821454009032        1.13043175375683        0.64004521777885
H            1.59256229019482       -1.63758250536417       -0.23061239393855
H            1.88518380879544       -0.84013358763864       -1.77398185982696
H           -0.25237814423198        0.36407441648763       -1.59698420690370
H           -1.52882503368865       -1.69244346348380       -1.57655244885548
29
 energy: -34.657801465448 gnorm: 0.000941198731 xtb: 6.7.1 (edcfbbe)
C           -3.06372145916797       -1.19204003446025        0.71932506555954
C           -2.26808410515215       -0.24872603629069        0.23584151493952
C           -2.82214449125732        0.93785082544429       -0.49502755104810
C           -0.76882460529873       -0.35492340769323        0.38199506840732
C           -0.15737515977909        0.85038449795114        1.10174817994108
C            1.34349128835680        0.65460018355463        1.29143573169047
C            2.04064197971361        0.47085359606682       -0.05701546803242
C            3.54255932378815        0.27269539361278        0.12428480742915
C            1.42320186878660       -0.71634143732617       -0.79362804373865
C           -0.08139028065053       -0.53753212760384       -0.98368986092261
O           -0.56890238820862       -1.67598572674791       -1.66440848473401
H           -4.13527980550643       -1.13974476640037        0.62028902993707
H           -2.67997734047037       -2.04957644766650        1.24586192138089
H           -3.90520802902222        0.87019185720748       -0.56094834063535
H           -2.56572639794588        1.86166869875039        0.02081623963396
H           -2.41772511183525        0.99780063169527       -1.50503167610623
H           -0.55260826432502       -1.25325490861039        0.97134661358714
H           -0.64487197270706        0.97579453333150        2.07111495084723
H           -0.32613905959761        1.75591480492717        0.51589694346505
H            1.76347388392092        1.51960860780919        1.80959477075230
H            1.52224839751255       -0.22602527039042        1.91265964260683
H            1.87794501170352        1.37452160049436       -0.65640395679227
H            3.74021612802295       -0.62331360996543        0.70860349521592
H            4.03324996752458        0.16741112504743       -0.84034081869072
H            3.98010852501430        1.12347524155190        0.64202852579238
H            1.59092889963575       -1.63564529937606       -0.22983604106232
H            1.88401700740501       -0.84092166050939       -1.77454256903587
H           -0.25590096098975        0.36132914577108       -1.59972422571381
H           -1.52820284947073       -1.70007001017507       -1.56690045607231
29
 energy: -34.657839443992 gnorm: 0.000900457648 xtb: 6.7.1 (edcfbbe)
C           -3.06147399046000       -1.19957811890402        0.70873084528743
C           -2.26720814165814       -0.24941293406581        0.23597401742259
C           -2.82218108105987        0.94236210770033       -0.48579826403123
C           -0.76827372888570       -0.35302065546732        0.38311003916896
C           -0.15837887864374        0.85588825151571        1.09813764052043
C            1.34278179801950        0.66243206450124        1.28717705540726
C            2.04123247722921        0.47240068738812       -0.05976571049091
C            3.54185024570904        0.26711910569690        0.12632495854826
C            1.42214649202080       -0.71536881028046       -0.79390751909611
C           -0.08292822414241       -0.53950098192962       -0.98324805824550
O           -0.56864216001835       -1.68103758351538       -1.65913570445088
H           -4.13301119362254       -1.14997040258845        0.60711091689582
H           -2.67645357668027       -2.06056438082337        1.22892004631505
H           -3.90384438863116        0.86786268782157       -0.56522213667319
H           -2.57805721138254        1.86100613963750        0.04552842967985
H           -2.40592831057561        1.01842269142303       -1.49005523053937
H           -0.54995176509214       -1.24925752288327        0.97506207577214
H           -0.64537892060096        0.98411867956934        2.06770872503539
H           -0.32870476401559        1.75914572840364        0.50886401837565
H            1.76194752669282        1.53079042186340        1.80028907767791
H            1.52298394931953       -0.21452365090145        1.91316334475085
H            1.88354276673781        1.37494452778180       -0.66205164334949
H            3.73129395385329       -0.62846019118275        0.71394038839622
H            4.03493185264542        0.15566320825543       -0.83627819293699
H            3.98282883299046        1.11651098046931        0.64325293320580
H            1.59052295538182       -1.63363650818244       -0.22879112003744
H            1.88206704115973       -0.84118668319255       -1.77491968259457
H           -0.26025483621887        0.35736186506383       -1.60222728132880
H           -1.52745872007153       -1.71051072317461       -1.55654896008389
29
 energy: -34.657879407165 gnorm: 0.001201547181 xtb: 6.7.1 (edcfbbe)
C           -3.06039742603429       -1.20724514957401        0.69723387155298
C           -2.26718689458533       -0.25030034272950        0.23604958723430
C           -2.82233559763802        0.94765520138330       -0.47534136771803
C           -0.76847786123623       -0.35134596840329        0.38430498869838
C           -0.15869223413712        0.86125152535514        1.09296098683494
C            1.34246193747479        0.66984010065483        1.28358748031182
C            2.04150180534640        0.47357847051474       -0.06223461553258
C            3.54088703071589        0.26265953740533        0.12799806503426
C            1.42190184327594       -0.71524377411895       -0.79415270268870
C           -0.08381984969634       -0.54243957367429       -0.98197454937746
O           -0.56775055004401       -1.68742130197155       -1.65209809316314
H           -4.13182641586638       -1.15976917841649        0.59283973820589
H           -2.67439751334991       -2.07203521378537        1.21059190156367
H           -3.90219592410215        0.86621674069981       -0.57069624841196
H           -2.59243915837433        1.85990804053480        0.07357033278068
H           -2.39251920950156        1.04210135385007       -1.47243819067829
H           -0.54827064338418       -1.24495123771799        0.97960615482176
H           -0.64576652491236        0.99397359478881        2.06195429660842
H           -0.32973985131519        1.76149484495421        0.49927553947674
H            1.76112169656720        1.54078822753291        1.79276901116475
H            1.52299718281858       -0.20418390297666        1.91355952475214
H            1.88800673142900        1.37485206274278       -0.66740865134094
H            3.72412981894342       -0.63200333741747        0.71890622464567
H            4.03558687560061        0.14554629119956       -0.83304039355482
H            3.98471497253725        1.11144024862442        0.64339034861016
H            1.59170617109263       -1.63247521384816       -0.22766093054402
H            1.88081197434467       -0.84235896255140       -1.77551288891483
H           -0.26394624003582        0.35167742656495       -1.60452700835663
H           -1.52606614593314       -1.72121050962089       -1.54616740341390
29
 energy: -34.657927136512 gnorm: 0.001462759736 xtb: 6.7.1 (edcfbbe)
C           -3.05946295828493       -1.21496526326236        0.68391523626904
C           -2.26712700429727       -0.25078453062373        0.23602898367724
C           -2.82252562342507        0.95432190442924       -0.46302212976571
C           -0.76857598410196       -0.34972228068858        0.38582478866147
C           -0.15936156431285        0.86718208124966        1.08734687831187
C            1.34149354073231        0.67618367135348        1.27987303610774
C            2.04196315100409        0.47396705723003       -0.06439740865755
C            3.54050220219762        0.25972333786766        0.12893841019357
C            1.42175693440071       -0.71635939958289       -0.79340908883928
C           -0.08464227752722       -0.54738438069096       -0.98032556879078
O           -0.56665678028353       -1.69635055584392       -1.64416730380914
H           -4.13070890140390       -1.16923247717044        0.57627181915313
H           -2.67277347581815       -2.08426080039207        1.18937009796434
H           -3.90005019295711        0.86527534807711       -0.57728678410636
H           -2.60969835557419        1.85855691491273        0.10622195889552
H           -2.37726963110748        1.07033715872990       -1.45110805502126
H           -0.54719210822590       -1.24020286426120        0.98538979143436
H           -0.64701729572212        1.00684480749595        2.05513463747839
H           -0.32945847420281        1.76346134223958        0.48745008761898
H            1.76001543318560        1.54908723999058        1.78572061781558
H            1.52132468001375       -0.19516256144825        1.91370571382383
H            1.89143674701493        1.37361915706665       -0.67262380539907
H            3.71970487799411       -0.63328327308605        0.72354663074255
H            4.03644774628691        0.13727815652006       -0.83080309172061
H            3.98628207471317        1.10892638459154        0.64195357755014
H            1.59382218939331       -1.63251147232904       -0.22572097429713
H            1.87969869320114       -0.84468791277200       -1.77511591003210
H           -0.26726811038094        0.34331145634806       -1.60722137968716
H           -1.52465953251224       -1.73316824595114       -1.53614575697029
29
 energy: -34.657994248957 gnorm: 0.001791862434 xtb: 6.7.1 (edcfbbe)
C           -3.05855904279843       -1.22440506751620        0.66543554167000
C           -2.26720123179926       -0.25102083501790        0.23551681914254
C           -2.82282345288965        0.96390294448261       -0.44628664324258
C           -0.76886640372201       -0.34797283001070        0.38791335823765
C           -0.15972065719856        0.87454899849706        1.07933161141281
C            1.34043812868132        0.68287884228510        1.27568174262981
C            2.04212902192163        0.47364648116509       -0.06691177484993
C            3.54006250662631        0.25810599079074        0.12928514250770
C            1.42191256477418       -0.71966370911261       -0.79125132693292
C           -0.08522219606055       -0.55467221951384       -0.97768392437702
O           -0.56505436454866       -1.70935933443956       -1.63245009304785
H           -4.12947939284562       -1.18034902308545        0.55357461912044
H           -2.67130433751026       -2.10017830349969        1.15955689774257
H           -3.89678843803875        0.86524888529018       -0.58571859875789
H           -2.63324450610378        1.85639731955609        0.15004412792558
H           -2.35754457721502        1.10948099984167       -1.42147739720819
H           -0.54682333646035       -1.23422321823446        0.99353488726842
H           -0.64860705285661        1.02399389187188        2.04499872500973
H           -0.32745495574776        1.76538369866115        0.47070315301187
H            1.75934924954668        1.55751704176241        1.77815565025712
H            1.51818589999668       -0.18581038097437        1.91376412365549
H            1.89356900932072        1.37079383177360       -0.67931073916959
H            3.71732780200355       -0.63196867496163        0.72886512788649
H            4.03684265609426        0.12971073810505       -0.82927535405089
H            3.98684314743116        1.10930289452158        0.63820420252897
H            1.59658365563011       -1.63409643530087       -0.22114282666773
H            1.87895440936548       -0.85028780506302       -1.77323398775373
H           -0.27048826443728        0.33102849523894       -1.61104705093826
H           -1.52301584115952       -1.74793321711327       -1.52343100440923
29
 energy: -34.658094111025 gnorm: 0.002716994897 xtb: 6.7.1 (edcfbbe)
C           -3.05741101975862       -1.23828473754150        0.63499295261923
C           -2.26749420930864       -0.25061715228204        0.23425255407246
C           -2.82342360213143        0.97984013231275       -0.41933774929743
C           -0.76957135080763       -0.34512341947984        0.39089056971136
C           -0.16030143753301        0.88517856341391        1.06760862986573
C            1.33878764867368        0.69234264538087        1.26947134272762
C            2.04233723918113        0.47223764220481       -0.07046847900317
C            3.53996468108418        0.25790208658452        0.12863984555325
C            1.42258318623507       -0.72631636923152       -0.78681861627659
C           -0.08555235875608       -0.56782612013213       -0.97294782664265
O           -0.56247061652846       -1.73165364848800       -1.61313503512545
H           -4.12776951155519       -1.19681179720876        0.51593395448630
H           -2.66948114913909       -2.12405303194539        1.11107088387501
H           -3.89107336769654        0.86879129408577       -0.59621269976878
H           -2.66825705122309        1.85248193978697        0.21696638662916
H           -2.32997524290001        1.17032893218820       -1.37349956766958
H           -0.54747016842994       -1.22488533276485        1.00580364246944
H           -0.65118495920224        1.04968169070706        2.02977524793729
H           -0.32412769502838        1.76761576474967        0.44596660129288
H            1.75861086577069        1.56924368590073        1.76717802694391
H            1.51312950995988       -0.17250864235120        1.91364276878813
H            1.89479992302042        1.36485374612436       -0.68970644245153
H            3.71667198647937       -0.62685449580440        0.73635519046506
H            4.03756692538116        0.12081260667798       -0.82842168388811
H            3.98680832000433        1.11348831267054        0.63034332394812
H            1.60063159851480       -1.63725836548742       -0.21179645270934
H            1.87880496641431       -0.86194392558304       -1.76874726543756
H           -0.27448404566569        0.30940625040930       -1.61704674507272
H           -1.52064906505501       -1.77006825489777       -1.50540834944066
29
 energy: -34.658191296317 gnorm: 0.004340673652 xtb: 6.7.1 (edcfbbe)
C           -3.05561340473806       -1.25544215569689        0.59398706204357
C           -2.26757667720692       -0.25016375165317        0.23204515288029
C           -2.82411146823797        1.00035524168929       -0.38359118514162
C           -0.77031337104114       -0.34227745686395        0.39504733834343
C           -0.16089073671523        0.89834316527237        1.05238426483972
C            1.33680899419749        0.70435308078764        1.26142678634843
C            2.04204527659639        0.47067759329207       -0.07541415984872
C            3.53942954914741        0.25861515518739        0.12750186325431
C            1.42323344713462       -0.73581382362811       -0.77973209563082
C           -0.08599470762291       -0.58443772085815       -0.96671559551870
O           -0.55859804030542       -1.76028782582796       -1.58743209577122
H           -4.12509007763577       -1.21688289718272        0.46534221217517
H           -2.66680546487823       -2.15543914550189        1.04400963776399
H           -3.88296810690998        0.87927462295691       -0.60339880778354
H           -2.70752421109774        1.84545993614656        0.29919008599451
H           -2.30055324759047        1.24467670911083       -1.31041361207706
H           -0.54845518737418       -1.21364965910780        1.02217889583871
H           -0.65394964289958        1.08152400861386        2.01009131326644
H           -0.32007739931170        1.77026588325006        0.41472077730842
H            1.75750922467133        1.58450303528591        1.75255274918980
H            1.50714271983339       -0.15524280493383        1.91378206036693
H            1.89508174524862        1.35700333125597       -0.70398954615184
H            3.71643402899553       -0.61877051425299        0.74606806522665
H            4.03786456964599        0.11020634492524       -0.82760842577199
H            3.98603106437452        1.12039806379981        0.61912625034407
H            1.60520751664852       -1.64158325452410       -0.19706974135315
H            1.87887044635234       -0.87920373330062       -1.76109144051560
H           -0.27962258062602        0.28155481297146       -1.62502187336763
H           -1.51751425865492       -1.79801624121366       -1.48263092765105
29
 energy: -34.658258853431 gnorm: 0.003943881530 xtb: 6.7.1 (edcfbbe)
C           -3.05419640128761       -1.26791348725758        0.55973204671009
C           -2.26789367796823       -0.24944701725726        0.23001978840747
C           -2.82528316994476        1.01618361785302       -0.35414647896639
C           -0.77120660339439       -0.33991365725909        0.39792795631487
C           -0.16146623026156        0.90784332758933        1.04094364666339
C            1.33526264061224        0.71378385899717        1.25511306862320
C            2.04196108633887        0.46911303096596       -0.07905287397883
C            3.53937764490552        0.26028064480129        0.12626308587500
C            1.42412081133296       -0.74380551030255       -0.77340890732390
C           -0.08586625299920       -0.59814552945866       -0.96139917789761
O           -0.55503304533543       -1.78293833683601       -1.56707865137507
H           -4.12287268761866       -1.23193500862201        0.42242788811637
H           -2.66454870059201       -2.17832624791631        0.98857586841322
H           -3.87692757085132        0.89440323080603       -0.59960207855763
H           -2.73059799508896        1.83784466046013        0.35763524947159
H           -2.28677475252114        1.29590336133212       -1.25985388744928
H           -0.54990999393248       -1.20475123854785        1.03420777243408
H           -0.65628815887239        1.10522533924979        1.99488146486242
H           -0.31712785008000        1.77156065847288        0.39142429304436
H            1.75647796838450        1.59659825457202        1.74093611495785
H            1.50288353165764       -0.14147773614189        1.91377445405893
H            1.89459257650941        1.34997090779830       -0.71523338085087
H            3.71723276565922       -0.61070684834092        0.75381269190676
H            4.03832142801416        0.10269049067047       -0.82725644420402
H            3.98527667982919        1.12744262186990        0.60932676995315
H            1.60836250285383       -1.64480413082141       -0.18357777451390
H            1.87987438542958       -0.89469621923255       -1.75383722294503
H           -0.28294855668833        0.25896026885138       -1.63042642105052
H           -1.51480237409076       -1.81894330629615       -1.46678385209814
29
 energy: -34.658313330130 gnorm: 0.002778740698 xtb: 6.7.1 (edcfbbe)
C           -3.05216895306776       -1.27526037007033        0.53269628812718
C           -2.26800481134110       -0.24843946559603        0.22763120930125
C           -2.82673839023757        1.02449166986734       -0.33591840002408
C           -0.77192726220503       -0.33767198829869        0.40056321599165
C           -0.16127919045426        0.91327357625797        1.03527665588937
C            1.33522143120182        0.72015036573346        1.25096347403567
C            2.04166983589333        0.46748159522199       -0.08173083417883
C            3.53946954165905        0.26188089219530        0.12404745534151
C            1.42405896924455       -0.75028982435331       -0.76748806432765
C           -0.08588663487668       -0.60619822223803       -0.95666864342358
O           -0.55403468200164       -1.79540222842552       -1.55325259536930
H           -4.12004136613866       -1.23992161526519        0.39076128651652
H           -2.66142010745668       -2.18962532759487        0.94914407041948
H           -3.87466832064669        0.90232612991608       -0.59678585489825
H           -2.74597566884216        1.82871051428708        0.39600827841212
H           -2.27770789608586        1.32738688878463       -1.22680165133374
H           -0.55174496281925       -1.19852212022562        1.04217864229140
H           -0.65603036992316        1.11748567100452        1.98718986744174
H           -0.31570270361498        1.77246500424045        0.38042911798440
H            1.75677943317362        1.60561900600644        1.73172285712187
H            1.50246304583987       -0.13135283509314        1.91446950460282
H            1.89300303263111        1.34383024606303       -0.72375937927816
H            3.71882296713247       -0.60419920751601        0.75782702513757
H            4.03816773575745        0.09803672872237       -0.82845942027332
H            3.98447589435091        1.13310024401554        0.60046598761200
H            1.60754633339431       -1.64683485741542       -0.17090964436042
H            1.88028226047781       -0.90882508724082       -1.74647945976676
H           -0.28406131387595        0.24551544888210       -1.63179847714864
H           -1.51456784716901       -1.82921083186580       -1.45597750324221
29
 energy: -34.658364192517 gnorm: 0.001876262986 xtb: 6.7.1 (edcfbbe)
C           -3.04855350020847       -1.28397103086673        0.49798878060015
C           -2.26771481710241       -0.24625183692123        0.22465775123454
C           -2.82774689859578        1.03451663960934       -0.31577008874938
C           -0.77251991223369       -0.33489260363735        0.40514255740849
C           -0.16051618198372        0.91901564553402        1.03137177603093
C            1.33652840660659        0.72819640216789        1.24650080933531
C            2.04083962592975        0.46476638303553       -0.08505259661563
C            3.53946823898642        0.26417702561343        0.11971273101471
C            1.42317546712019       -0.75963891975867       -0.75834594325166
C           -0.08615919785024       -0.61518669601079       -0.94969131678635
O           -0.55483853708736       -1.80890319581628       -1.53595046468837
H           -4.11538229443535       -1.24993618851174        0.34893515702234
H           -2.65617674888817       -2.20472344501991        0.89760197887386
H           -3.87175897131905        0.91119010546034       -0.59307258764334
H           -2.76433190431641        1.81887325307312        0.43773016283142
H           -2.26908198977041        1.36407352063146       -1.18978967075970
H           -0.55548793220044       -1.19171011718543        1.05274407065028
H           -0.65327938938642        1.12821746881206        1.98263027623530
H           -0.31565812176787        1.77436443121314        0.37230915778360
H            1.75813026180127        1.61846243441178        1.71866622681992
H            1.50571632738855       -0.11732056145015        1.91723069316875
H            1.88957571549205        1.33486867961066       -0.73496660892024
H            3.72223026129697       -0.59539356035491        0.76110846696580
H            4.03672793464509        0.09286144656873       -0.83208257299049
H            3.98299808758189        1.14096919767920        0.58703290079244
H            1.60424611847723       -1.64975307300399       -0.15198370496436
H            1.87964612404908       -0.92918694025554       -1.73521026560067
H           -0.28402320292713        0.23074744971789       -1.63164073971960
H           -1.51605296930232       -1.83843191434634       -1.44246192747643
29
 energy: -34.658394750696 gnorm: 0.002100173103 xtb: 6.7.1 (edcfbbe)
C           -3.04275098119213       -1.29562419172703        0.44955564646422
C           -2.26699549961897       -0.24364803894131        0.21953286525854
C           -2.82944090485039        1.04842266881773       -0.29026851489437
C           -0.77316446265500       -0.33189202280845        0.41234003045102
C           -0.15956715832576        0.92522748260376        1.02962612465490
C            1.33928935719098        0.73948671594145        1.24050074145134
C            2.03961507284320        0.46040470228819       -0.08978608249304
C            3.53978400629573        0.26762982222322        0.11161369231091
C            1.42192675364345       -0.77394082070026       -0.74401222461655
C           -0.08610206759590       -0.62685538821309       -0.93917961874759
O           -0.55749236851402       -1.82467043153555       -1.51438948902339
H           -4.10783338886709       -1.26645880923996        0.28493620232474
H           -2.64899302056740       -2.22179666188936        0.83179637715018
H           -3.86814905315918        0.92197043055488       -0.58900127404058
H           -2.79000414347640        1.80811345330619        0.49076463838727
H           -2.25894009248995        1.41420525114982       -1.14337344580645
H           -0.56137237331579       -1.18425287667755        1.06732173768035
H           -0.64792482396755        1.13743815046580        1.98253378314269
H           -0.31862607766864        1.77779422961305        0.36788133330588
H            1.76042238859362        1.63744875392987        1.69879270686359
H            1.51349177948000       -0.09642376592396        1.92212835084592
H            1.88328111786146        1.32114095456927       -0.75110453048249
H            3.72856986876833       -0.58274164367055        0.76336201014225
H            4.03366927434082        0.08601852763013       -0.83997510454284
H            3.98125351492025        1.15240996472414        0.56557954395060
H            1.59840548735832       -1.65409279656614       -0.12235800320667
H            1.87889841693544       -0.96038340591046       -1.71734165245557
H           -0.28180192398202        0.21320369748597       -1.62874326681692
H           -1.51944869798560       -1.84813395150025       -1.42338756865628
29
 energy: -34.658301666566 gnorm: 0.009583191105 xtb: 6.7.1 (edcfbbe)
C           -3.03954515388249       -1.29198262090100        0.44116827492717
C           -2.26643579458928       -0.24142257353813        0.21760717668694
C           -2.83061507247393        1.04636560731684       -0.29449652870340
C           -0.77326906202632       -0.33221899006514        0.41536447247872
C           -0.15850099559831        0.92065397472522        1.03924337849109
C            1.34287875662705        0.73997224381358        1.24142629654455
C            2.03872376535054        0.45807966039822       -0.09007048475943
C            3.54037823984799        0.27044667524400        0.10559741463828
C            1.42067800263756       -0.77921435940431       -0.73669307240312
C           -0.08558404968172       -0.62501764478888       -0.93523681342549
O           -0.56173549034801       -1.81772035900001       -1.51615379522162
H           -4.10342256002299       -1.26432341968927        0.27015934181022
H           -2.64570140128382       -2.21720992499004        0.82306299451640
H           -3.87059284016314        0.92589612840516       -0.57874807724969
H           -2.78061201823059        1.80705327047502        0.47232229876337
H           -2.27504714607977        1.40032822427444       -1.15128104726293
H           -0.56575318695824       -1.18708767558836        1.06796580917112
H           -0.64165109056848        1.12176683703726        1.99736309255438
H           -0.32473195698103        1.77909637107508        0.38697173865639
H            1.76268351138003        1.64170593803515        1.69317420154302
H            1.52395785348437       -0.09178134943109        1.92605424752658
H            1.87730720200503        1.31546376882104       -0.75411887847363
H            3.73468464450217       -0.57751691897624        0.75814681412681
H            4.03053621058779        0.08838142993530       -0.84747207708507
H            3.98046886614254        1.15751119913602        0.55539155960455
H            1.59160071766614       -1.65478034590039       -0.10799139575975
H            1.87866007574629       -0.97385664124353       -1.70737622004432
H           -0.27567346874741        0.21860843724679       -1.62116187375733
H           -1.52368655834217       -1.83719694242320       -1.42487383929220
29
 energy: -34.658414086090 gnorm: 0.002095452018 xtb: 6.7.1 (edcfbbe)
C           -3.04207616219061       -1.29459900391076        0.44303353423794
C           -2.26710817082262       -0.24157303489877        0.21994922161510
C           -2.82886010015310        1.04886072384958       -0.29394383611796
C           -0.77362834532810       -0.33245293731967        0.41562174981622
C           -0.15894912286089        0.92112360629175        1.03938161305190
C            1.34228521491073        0.74017071280799        1.24146516117864
C            2.03852902169918        0.45886953307807       -0.09025794174477
C            3.54015896232329        0.27101072512675        0.10536515775501
C            1.42058265939236       -0.77866283199259       -0.73688375799493
C           -0.08603152888608       -0.62554077669549       -0.93590806973747
O           -0.56106750410880       -1.81854423579072       -1.51808999575550
H           -4.10563136032338       -1.26646429156926        0.27147256979000
H           -2.64897067499257       -2.22240600900991        0.82357630382025
H           -3.87034670600767        0.92398013817647       -0.57952919173844
H           -2.77664559257105        1.81451760882983        0.47682965844789
H           -2.26924715087372        1.40109738894045       -1.15663168871812
H           -0.56546401310349       -1.18754984361511        1.06825788010918
H           -0.64209039820313        1.12228948573689        1.99801679992079
H           -0.32560886126165        1.78003597648383        0.38706008517353
H            1.76188655976600        1.64138719181978        1.69414681520567
H            1.52294233550366       -0.09216143676579        1.92550086236461
H            1.87703919143394        1.31639185282731       -0.75417460074596
H            3.73432421749005       -0.57716186858798        0.75813207349340
H            4.03012054912903        0.08843236305581       -0.84795604613136
H            3.98096882380242        1.15804231455302        0.55496171331612
H            1.59270672250694       -1.65428090451902       -0.10826442250183
H            1.87881680648033       -0.97357946823077       -1.70750083124092
H           -0.27577982937678        0.21870557175753       -1.62213142740603
H           -1.52285554337447       -1.83993855042964       -1.42615438086136
29
 energy: -34.658419563434 gnorm: 0.000430196323 xtb: 6.7.1 (edcfbbe)
C           -3.04274932838334       -1.29534741522508        0.44232729798591
C           -2.26714104099024       -0.24222650661674        0.21997218015191
C           -2.82858081041367        1.04892563117207       -0.29385718487869
C           -0.77381507233534       -0.33319506827768        0.41592293630370
C           -0.15903551545932        0.92063398856262        1.03946179363683
C            1.34211787089269        0.74004967958912        1.24166335460186
C            2.03838707887166        0.45937305365203       -0.09028647739106
C            3.53998847362063        0.27156984781749        0.10511981193180
C            1.42076719890629       -0.77831213697349       -0.73701020622521
C           -0.08597764308606       -0.62566517469248       -0.93590539355772
O           -0.56098073999268       -1.81854433852255       -1.51853120137124
H           -4.10648480905682       -1.26582192678105        0.27272036790606
H           -2.65062743711215       -2.22353480461550        0.82400785998819
H           -3.87040311635811        0.92508859927261       -0.57972502373218
H           -2.77430492189123        1.81668530857193        0.47693615540249
H           -2.26760135175446        1.40052992242057       -1.15799652906963
H           -0.56498857014383       -1.18836432996643        1.06846234614025
H           -0.64245113879473        1.12185954015738        1.99810694508494
H           -0.32608509731640        1.77955452681503        0.38706073487056
H            1.76159815165910        1.64098855275571        1.69492457963507
H            1.52271267498173       -0.09275640239557        1.92512812075914
H            1.87662554562465        1.31704301585547       -0.75394842975039
H            3.73424685256885       -0.57654346472393        0.75806908299866
H            4.02976572167345        0.08865090914568       -0.84830726255497
H            3.98112722185452        1.15863437569480        0.55442046746186
H            1.59356940614883       -1.65394450243788       -0.10846726286445
H            1.87890941628282       -0.97315095661416       -1.70775498054722
H           -0.27601339399921        0.21887822174399       -1.62201174061995
H           -1.52257562599782       -1.84105814538441       -1.42515733369495
29
 energy: -34.658410503589 gnorm: 0.002670900366 xtb: 6.7.1 (edcfbbe)
C           -3.04376842170688       -1.29646429718288        0.44128014744251
C           -2.26719108551990       -0.24320704061644        0.22001874227857
C           -2.82815512771717        1.04902137048101       -0.29372729680348
C           -0.77409697387169       -0.33431442605132        0.41637791494820
C           -0.15916625500893        0.91989364042143        1.03958610277608
C            1.34186467144629        0.73986274009100        1.24196320184547
C            2.03817168498845        0.46013264509284       -0.09032958678025
C            3.53973078796562        0.27241717088829        0.10474758543023
C            1.42104449207150       -0.77778247612563       -0.73720202770887
C           -0.08589745893290       -0.62585502467253       -0.93590033510402
O           -0.56084896728015       -1.81854621562744       -1.51919745672001
H           -4.10777019880643       -1.26485051615963        0.27458148253821
H           -2.65312913359519       -2.22523626552785        0.82464498645472
H           -3.87048382733759        0.92676603268459       -0.58001056300130
H           -2.77076264300882        1.81995495277689        0.47708168916295
H           -2.26512314415827        1.39966108188135       -1.16005706714229
H           -0.56427315884290       -1.18959275732385        1.06877088746141
H           -0.64299492042570        1.12120951515704        1.99824620966762
H           -0.32680274764901        1.77882564256327        0.38706482896289
H            1.76116235500431        1.64038190728398        1.69610046349332
H            1.52236716268660       -0.09365981591284        1.92456443946475
H            1.87599750803335        1.31802637328561       -0.75360503732088
H            3.73413232674665       -0.57560460955697        0.75797330185710
H            4.02922894502097        0.08898357705586       -0.84883924861602
H            3.98136445127013        1.15953306148978        0.55359926581025
H            1.59487152839138       -1.65343652482141       -0.10877552932013
H            1.87904725612719       -0.97250103473183       -1.70814013992755
H           -0.27636761780848        0.21913680532309       -1.62182810284164
H           -1.52215148808259       -1.84275551216585       -1.42364384970625
29
 energy: -34.658419298478 gnorm: 0.001051934823 xtb: 6.7.1 (edcfbbe)
C           -3.04358728401038       -1.29531028867393        0.44276638611382
C           -2.26719201179222       -0.24253248314285        0.22070182902580
C           -2.82806899954670        1.04883731681306       -0.29382691332617
C           -0.77399924627591       -0.33388490649716        0.41624361072270
C           -0.15914154103215        0.92006553569191        1.03973687226415
C            1.34191612264189        0.73967586107000        1.24190024546567
C            2.03818051495448        0.45984452692265       -0.09031572398769
C            3.53979858012115        0.27232182799347        0.10476631364600
C            1.42087845726590       -0.77794544411840       -0.73719561482211
C           -0.08599039492600       -0.62590666533073       -0.93584251253086
O           -0.56084581688295       -1.81864078869912       -1.51898004103226
H           -4.10715116994179       -1.26506532145718        0.27262907132357
H           -2.65231447152201       -2.22449070374971        0.82357775718360
H           -3.87019391219591        0.92644924878496       -0.57932754457630
H           -2.77145153435511        1.81866414574363        0.47612542856211
H           -2.26634904709116        1.39925153480833       -1.15936160390085
H           -0.56464517842597       -1.18911847606918        1.06865250489615
H           -0.64277225745882        1.12137359601257        1.99838100263817
H           -0.32648904618320        1.77893498286278        0.38724072448591
H            1.76128299796691        1.64029929022604        1.69580592984580
H            1.52255541513181       -0.09366329273189        1.92469965042685
H            1.87600019660390        1.31771278812664       -0.75360836719016
H            3.73430099075399       -0.57560972412076        0.75796693159364
H            4.02934308715914        0.08903064706792       -0.84876039015273
H            3.98117414939077        1.15951457114252        0.55363511037453
H            1.59442148892178       -1.65359624987270       -0.10879305142019
H            1.87888853773911       -0.97254645347472       -1.70810130447763
H           -0.27634908157543        0.21893070564136       -1.62171561629104
H           -1.52219954543528       -1.84259578096996       -1.42365567625889
29
 energy: -34.658420207950 gnorm: 0.000735151662 xtb: 6.7.1 (edcfbbe)
C           -3.04336606341661       -1.29469976526359        0.44198417843744
C           -2.26699317465255       -0.24237341506478        0.21982611556809
C           -2.82754876489434        1.04864478940787       -0.29429013556459
C           -0.77388824217448       -0.33368699904865        0.41603379689939
C           -0.15909190879597        0.91986745355973        1.04014580993370
C            1.34199065369178        0.73916749493450        1.24213136605204
C            2.03806233144241        0.45967074348733       -0.09017590242944
C            3.53980734473248        0.27263836851755        0.10460881113108
C            1.42074786609306       -0.77799323182230       -0.73722057884217
C           -0.08602627556024       -0.62586597326668       -0.93581906368336
O           -0.56086087529818       -1.81861680718094       -1.51874701512570
H           -4.10707620849643       -1.26423763376263        0.27214472435636
H           -2.65240359864490       -2.22306239090990        0.82407745338030
H           -3.86971765264789        0.92651571871873       -0.57816745012916
H           -2.77089837196100        1.81713275521113        0.47475210780538
H           -2.26775000754822        1.39849892568120       -1.15932212484612
H           -0.56532026565427       -1.18907367051992        1.06830795386329
H           -0.64261840018340        1.12100764447693        1.99873067989587
H           -0.32598806039971        1.77878341968221        0.38779220861510
H            1.76144403355438        1.63975110142077        1.69609741235464
H            1.52281931405555       -0.09422708235913        1.92482269338521
H            1.87558718253689        1.31761234800311       -0.75329056314083
H            3.73473320605928       -0.57501783875369        0.75791599613322
H            4.02921554574101        0.08941656602548       -0.84893224785878
H            3.98080147992865        1.16011034843934        0.55320286533259
H            1.59413173090403       -1.65371757178699       -0.10899315049760
H            1.87868245683998       -0.97225693576607       -1.70816825433361
H           -0.27633657978923        0.21882308446718       -1.62158939256171
H           -1.52213869546228       -1.84281144652822       -1.42251328552904
