18
 energy: -29.338128461064 gnorm: 0.042510966011 xtb: 6.7.1 (edcfbbe)
C            2.54288994922300        0.45146444718800       -0.15858578425400
C            2.42088546052300       -0.88627647039900        0.22155416243600
C            1.15628273570300       -1.45260766222300        0.39137186319000
C            0.01564221885600       -0.68067450431100        0.17813332909500
C            0.13820661708400        0.66719726226500       -0.17618359199500
C            1.40066903010900        1.22862623656100       -0.35893556645100
O           -0.93866400913400        1.49500111597900       -0.36871955342900
C           -2.13596209693200        0.92346414015900        0.17038069463700
C           -2.25899501585400       -0.53847874126700       -0.22613310770600
O           -1.19323266023000       -1.30825411851000        0.34167222552200
H            3.52791852837300        0.89051744894300       -0.29473668672500
H            3.31085116067800       -1.48957344940300        0.38149083823400
H            1.05982295772100       -2.49572911472200        0.67871728079900
H            1.49427057553800        2.27199853528300       -0.64631551617300
H           -2.12004416571200        1.04419533737900        1.26072038052800
H           -2.98228452166000        1.49476445247700       -0.22367161922500
H           -3.20138952290000       -0.95309205888100        0.14523084607700
H           -2.23686724138700       -0.66254285651700       -1.31599019456000
18
 energy: -29.340126872983 gnorm: 0.018560898966 xtb: 6.7.1 (edcfbbe)
C            2.53920104687482        0.44611923317201       -0.16056747766672
C            2.41813314774329       -0.88036702905972        0.22345425855428
C            1.16355058705826       -1.44269176894676        0.38913221202529
C            0.02165042952849       -0.67925267327966        0.17983441105230
C            0.14391710643895        0.66474907317468       -0.17773567818967
C            1.40604388156628        1.21760284598552       -0.35653570909533
O           -0.94350446705783        1.48211663950469       -0.36478973830824
C           -2.13795067099262        0.92498714597115        0.16669319238023
C           -2.26131013056686       -0.53962475430816       -0.22250004379096
O           -1.19565916761417       -1.29473289111570        0.33765071782732
H            3.51736728753014        0.88375361367192       -0.29917531552848
H            3.30152793565747       -1.48106861778394        0.38567765580005
H            1.05667007484035       -2.47810424679185        0.67518007460610
H            1.48801401528239        2.25519757533357       -0.64289892428396
H           -2.12263827176609        1.01922809631694        1.26031703485460
H           -2.96891824035526        1.50881473689055       -0.23682142972736
H           -3.19100446177619       -0.96922302087295        0.15868183265953
H           -2.23509010239241       -0.63750395786130       -1.31559707316897
18
 energy: -29.340465900340 gnorm: 0.004583196807 xtb: 6.7.1 (edcfbbe)
C            2.53913805165932        0.44473898159168       -0.16227545269123
C            2.41826805665972       -0.87899311173655        0.22516319492915
C            1.16744237654214       -1.43952051875066        0.39043642472052
C            0.02455078459035       -0.67950847981078        0.18092005200133
C            0.14684416326127        0.66449452243040       -0.17874711646695
C            1.40935675569049        1.21380041887923       -0.35774873593479
O           -0.94788335470178        1.47458893481100       -0.35974541928410
C           -2.13695085880186        0.92649084905038        0.16914266948560
C           -2.26052541499970       -0.54128474726916       -0.22492676418864
O           -1.19853439696498       -1.28656956335344        0.33251499001626
H            3.51427195002973        0.88275789165948       -0.30374266028499
H            3.29853882278212       -1.47953991855100        0.39016792295262
H            1.04981759023041       -2.47127407581121        0.67823033036369
H            1.48015761333991        2.24965563236820       -0.64613657146155
H           -2.12723954861860        1.00842041232431        1.26488849900253
H           -2.95784048271523        1.51825669972305       -0.23867789494662
H           -3.18178692630546       -0.98044287243683        0.16079545289045
H           -2.23762518167883       -0.62607105511710       -1.32025892110328
18
 energy: -29.340489622478 gnorm: 0.001542663500 xtb: 6.7.1 (edcfbbe)
C            2.54011484776111        0.44480510500044       -0.16350307208271
C            2.41918727335622       -0.87922536867354        0.22641478273803
C            1.16809466125340       -1.44006832706628        0.39177526086370
C            0.02504682346141       -0.68007574480552        0.18052514496478
C            0.14742115091772        0.66496785400150       -0.17833837731485
C            1.41012782580574        1.21422352732971       -0.35906952641568
O           -0.94824824068635        1.47414383184833       -0.35716298090419
C           -2.13625203209683        0.92724155097301        0.17003184460781
C           -2.25994545454323       -0.54214745289218       -0.22579969613449
O           -1.19875122842776       -1.28607337975313        0.32992557105882
H            3.51546447295670        0.88286951283072       -0.30627179047061
H            3.29962974481489       -1.47985162355953        0.39272585701063
H            1.04724312807784       -2.47165595634181        0.68079219219736
H            1.47775406930888        2.25047352020965       -0.64876171706878
H           -2.12978053692803        1.00591604638673        1.26618988332041
H           -2.95660482661125        1.52010539213524       -0.23676225014527
H           -3.18084359943700       -0.98248248927031        0.15890716680643
H           -2.23965807898447       -0.62316599835202       -1.32161829303140
18
 energy: -29.340493224051 gnorm: 0.000651264413 xtb: 6.7.1 (edcfbbe)
C            2.54047679920920        0.44477632853596       -0.16454939207590
C            2.41952227155520       -0.87925773014246        0.22746974617081
C            1.16817346653534       -1.44057635195218        0.39333445115576
C            0.02516802189179       -0.68043723797175        0.18010311539431
C            0.14759266595945        0.66530377941712       -0.17791228246465
C            1.41033295205107        1.21470666869870       -0.36062504692245
O           -0.94794368545242        1.47474899912738       -0.35439679895742
C           -2.13519881360346        0.92766749911527        0.17133541186767
C           -2.25894966423329       -0.54275286345441       -0.22707727329922
O           -1.19848699084134       -1.28672819955067        0.32716719196386
H            3.51640210018141        0.88220888980884       -0.30883517187585
H            3.30060312160179       -1.47935853484543        0.39531304792741
H            1.04566859282580       -2.47216252836698        0.68338733902177
H            1.47635740653812        2.25124035312781       -0.65139446596916
H           -2.13125785609408        1.00430597457614        1.26775318583401
H           -2.95675428122453        1.52005364664739       -0.23405911413001
H           -3.18091366181225       -0.98241158009272        0.15620077772773
H           -2.24079244508880       -0.62132711267701       -1.32321472136867
18
 energy: -29.340493938450 gnorm: 0.000099375025 xtb: 6.7.1 (edcfbbe)
C            2.54016214428647        0.44465965736639       -0.16455861304089
C            2.41923255984070       -0.87908814268025        0.22747123219803
C            1.16803448585310       -1.44036054951613        0.39325740414384
C            0.02505094467353       -0.68030370080452        0.18015431192253
C            0.14745548035496        0.66519252817271       -0.17796659921116
C            1.41015667230021        1.21451848378106       -0.36055195526996
O           -0.94785472784470        1.47498884312138       -0.35442200580581
C           -2.13523133800964        0.92749337242692        0.17129054849499
C           -2.25895249813593       -0.54257563183916       -0.22703286567694
O           -1.19844175689529       -1.28697976091032        0.32719424530735
H            3.51604510056684        0.88190169744127       -0.30874625436170
H            3.30030731572950       -1.47899420336531        0.39521569559310
H            1.04616925416440       -2.47185669357006        0.68322096796284
H            1.47679292136172        2.25085252252417       -0.65121614317272
H           -2.13065012262575        1.00415523459546        1.26766724137039
H           -2.95700777667101        1.51966557431787       -0.23417790153267
H           -3.18109874623362       -0.98198510053971        0.15631387238917
H           -2.24016991271652       -0.62128413052078       -1.32311318131040
