15
 energy: -22.895662233845 gnorm: 0.042981065040 xtb: 6.7.1 (edcfbbe)
C           -2.99216189095700        0.04260169128300        0.02344073614500
C           -1.58948072261400       -0.34394622492300        0.35737266824400
C           -0.50597757665100        0.22230411729900       -0.19577883252900
C            0.85377924171000       -0.21543117335900        0.18703363687900
O            1.11319128587200       -1.08727602639900        0.99941100027000
O            1.74471493479100        0.52159991478400       -0.52236035888500
C            3.10689192397000        0.19618327957600       -0.24493551044100
H           -3.53368790196200       -0.82293633658500       -0.37021016853100
H           -3.50730635426900        0.39073846497200        0.92388168065800
H           -3.03434354301300        0.84085209682400       -0.72434564730600
H           -1.46890575832900       -1.13488391890900        1.09670193112600
H           -0.58161175430600        1.01128741911200       -0.93419156528200
H            3.74122462486700        0.83941169819900       -0.86112150908900
H            3.34023054690000        0.38592772905000        0.80752579082700
H            3.31344294399000       -0.84643273092500       -0.50649438172900
15
 energy: -22.897707116589 gnorm: 0.012981458916 xtb: 6.7.1 (edcfbbe)
C           -2.99293035280109        0.04218019680757        0.02385164291291
C           -1.59353659229563       -0.33733673752186        0.35125625407646
C           -0.51383865641373        0.22067348497152       -0.19408956622960
C            0.84686930170567       -0.20639543782207        0.17870005160727
O            1.11426090474842       -1.06687585184227        0.98025710866663
O            1.75619061231449        0.51163016627665       -0.51324381921258
C            3.11590329366419        0.19488771386219       -0.24390409545367
H           -3.53343550206520       -0.82390295612721       -0.35916196216648
H           -3.50727394379755        0.37964828944646        0.92413548839183
H           -3.02623779495263        0.83660963933597       -0.72053181652358
H           -1.46635334758234       -1.12343950093014        1.08591663581173
H           -0.58217473714871        1.00686573429332       -0.93003331281096
H            3.72724286569164        0.84751167425707       -0.86843317242348
H            3.34090307767889        0.36836281583597        0.81037617816935
H            3.31441087125257       -0.85041923084415       -0.48916614445883
15
 energy: -22.897946331225 gnorm: 0.005517345143 xtb: 6.7.1 (edcfbbe)
C           -2.99493780014847        0.04142291168381        0.02460277594040
C           -1.59527733955658       -0.33272470338101        0.34696613278549
C           -0.51731459461960        0.22364932287823       -0.19680979507133
C            0.84292443014284       -0.20002720585781        0.17280821192614
O            1.12051011617102       -1.05815448328721        0.97195066503963
O            1.76136965775224        0.50820170248853       -0.51013383216195
C            3.11819567688147        0.19175222631360       -0.24101017914520
H           -3.53380281204194       -0.82668720910110       -0.35293630578890
H           -3.50771935152826        0.37326530400511        0.92652412907341
H           -3.02952208349249        0.83408827670069       -0.71809994940634
H           -1.46020529368828       -1.11731376498412        1.08004587000211
H           -0.58164449931327        1.00989505601441       -0.93288542396723
H            3.71673592596488        0.84807521038809       -0.86874760595896
H            3.34353612722458        0.35918761617325        0.81395201820348
H            3.31715184025085       -0.85463026003547       -0.48029724111373
15
 energy: -22.897969926970 gnorm: 0.001846119467 xtb: 6.7.1 (edcfbbe)
C           -2.99623498452565        0.04041685071171        0.02557275337062
C           -1.59523277031937       -0.33068660876474        0.34505376763004
C           -0.51766977783792        0.22666295091091       -0.19962895018626
C            0.84138041044650       -0.19708659933091        0.17008166861220
O            1.12211991766928       -1.05583153311546        0.96973934479181
O            1.76294414603536        0.50851224700803       -0.51045723443389
C            3.11824581275385        0.19008297210620       -0.23944564699408
H           -3.53383599749720       -0.82932492435494       -0.35045750502986
H           -3.50775253017924        0.37062328583629        0.92899838739797
H           -3.03476052179584        0.83292712031161       -0.71690410803036
H           -1.45559948307050       -1.11517657277676        1.07794758017555
H           -0.58039390475916        1.01330141870635       -0.93610565486590
H            3.71601119756844        0.84603734070720       -0.86682155913208
H            3.34357609265637        0.35643745877859        0.81604437657822
H            3.31720239285407       -0.85689540673510       -0.47768774952698
15
 energy: -22.897977567297 gnorm: 0.001624049245 xtb: 6.7.1 (edcfbbe)
C           -2.99737356441294        0.03848180490171        0.02741076299388
C           -1.59414523034885       -0.32790843268048        0.34242586585825
C           -0.51757727951071        0.23139314630789       -0.20406717375742
C            0.83957670114242       -0.19333861177189        0.16660362627880
O            1.12086490295234       -1.05295104162414        0.96706357431937
O            1.76457619899453        0.51014460652602       -0.51202142635459
C            3.11786372111913        0.18793218410928       -0.23742074550380
H           -3.53299752968064       -0.83356368173840       -0.34699047676921
H           -3.50690325748356        0.36687458735347        0.93298811500252
H           -3.04254647413240        0.83107537826658       -0.71500861780536
H           -1.44862294241665       -1.11224996308668        1.07506044502369
H           -0.57895406026420        1.01830862191403       -0.94083108200469
H            3.71919611275287        0.84195554708206       -0.86305842118186
H            3.34171045903521        0.35369264018681        0.81886363530676
H            3.31533224225244       -0.85984678574724       -0.47508861104934
15
 energy: -22.897980416775 gnorm: 0.000729171189 xtb: 6.7.1 (edcfbbe)
C           -2.99729658673575        0.03766658585247        0.02817375648295
C           -1.59339021440658       -0.32691316231810        0.34147729524921
C           -0.51758473156125        0.23306481834791       -0.20563468289037
C            0.83932025674060       -0.19222068694798        0.16555998729019
O            1.11885644155811       -1.05184789781539        0.96606985397794
O            1.76507640336260        0.51104826786481       -0.51287926696335
C            3.11773453229104        0.18727324195349       -0.23680008142938
H           -3.53219209078155       -0.83503920205941       -0.34560502423847
H           -3.50609827466751        0.36538111948774        0.93435430211629
H           -3.04451690770290        0.83024934511735       -0.71419381137547
H           -1.44636271812927       -1.11105440283932        1.07389317724863
H           -0.57925445968048        1.01983906065996       -0.94226027298664
H            3.72160586010575        0.84031348897216       -0.86156743960130
H            3.34024145424359        0.35294283210697        0.81970391598152
H            3.31386103536260       -0.86070340838366       -0.47436223850475
15
 energy: -22.897981527021 gnorm: 0.000221701872 xtb: 6.7.1 (edcfbbe)
C           -2.99731106119071        0.03701019501433        0.02878964248896
C           -1.59281637005312       -0.32599992581564        0.34060847948968
C           -0.51776605435636        0.23457691696899       -0.20704938657513
C            0.83926638819739       -0.19109727498481        0.16450848475378
O            1.11739243029440       -1.05074563516253        0.96506606214162
O            1.76568737922340        0.51174060948106       -0.51354075871334
C            3.11780836319094        0.18660667634425       -0.23617654642240
H           -3.53154895354804       -0.83630232300079       -0.34427992744852
H           -3.50545830495997        0.36396468198633        0.93551615136766
H           -3.04614733778187        0.82951299202366       -0.71346986441820
H           -1.44440280165910       -1.10995908579980        1.07282574246102
H           -0.57990832399921        1.02123636871958       -0.94355730828659
H            3.72320527095020        0.83896461361847       -0.86033528068977
H            3.33918913305231        0.35202828626997        0.82050185579193
H            3.31281024263872       -0.86153709566407       -0.47347787558369
15
 energy: -22.897981802296 gnorm: 0.000173602864 xtb: 6.7.1 (edcfbbe)
C           -2.99740500181925        0.03665206652870        0.02912746137970
C           -1.59251404494849       -0.32552981988793        0.34016296961346
C           -0.51783199008966        0.23542813582462       -0.20784565693304
C            0.83921686813550       -0.19040256242901        0.16385549338137
O            1.11669594934517       -1.05016259922277        0.96453315973002
O            1.76602301661396        0.51208209994509       -0.51386858392018
C            3.11791062610408        0.18623517768324       -0.23582997210313
H           -3.53128187938168       -0.83703055879681       -0.34361150485024
H           -3.50519143840671        0.36324581789892        0.93619391790168
H           -3.04725482704416        0.82912777283710       -0.71308632601839
H           -1.44333276630967       -1.10942410602000        1.07230259854372
H           -0.58021072121536        1.02207155627987       -0.94433458854469
H            3.72404184324577        0.83821937892294       -0.85965278787540
H            3.33875631331712        0.35152548186596        0.82098059168047
H            3.31237805245237       -0.86203784143092       -0.47299730162834
