24
 energy: -34.198782350588 gnorm: 0.052421764308 xtb: 6.7.1 (edcfbbe)
C           -3.50409713822500        0.70208026951500       -0.80662716494400
C           -3.08152753082600        1.30487880694200        0.37689143373800
C           -1.92631574540500        0.85447090943200        1.01854918067900
C           -1.18140357597700       -0.20404403754200        0.47940478196700
C            0.07052697925500       -0.69885588366200        1.16973383196300
C            1.33961418266400       -0.49627486935300        0.37193211500000
C            1.80831424682000        0.78834290945900        0.09868313769000
C            2.98073859811600        0.93579620458700       -0.63710012056800
C            3.65442074882500       -0.19590990649300       -1.07826249524600
C            3.12460685727500       -1.43522376399100       -0.76358206415400
N            1.98985214658800       -1.61039679253000       -0.05146162465600
C           -1.61892010853800       -0.80514245559800       -0.71025264590300
C           -2.77349055006400       -0.35273049324100       -1.35000874116000
H           -4.40362403747400        1.05316042651700       -1.30514143026900
H           -3.65359435097400        2.12570787894700        0.80142479567900
H           -1.61385836749400        1.33508502208200        1.94268604205400
H           -0.05910058847800       -1.76595681217100        1.39294355428600
H            0.19309240270200       -0.20559099867800        2.14250955820800
H            1.26662296318000        1.66266479057400        0.44504303593900
H            3.36213711795000        1.92657469557400       -0.86615688918300
H            4.56883066875100       -0.11494532960700       -1.65450368837300
H            3.61331610907200       -2.35018705731800       -1.08559567655500
H           -1.05469309119700       -1.62905001491600       -1.14474828000200
H           -3.10144793654700       -0.82445349852900       -2.27249568239600
24
 energy: -34.202205253847 gnorm: 0.018058499866 xtb: 6.7.1 (edcfbbe)
C           -3.48792259433168        0.69696797255685       -0.80118015653365
C           -3.06546360768582        1.29500771830169        0.37420843231337
C           -1.91238538516577        0.85216644957053        1.00516691922378
C           -1.16812124414474       -0.19526617714594        0.47116894943066
C            0.07180868976869       -0.70456509339078        1.16585872010603
C            1.32676756749488       -0.49397003922789        0.35715202112405
C            1.79483628095174        0.78792130245199        0.08764638981386
C            2.96572361852175        0.93824986421264       -0.63725952629608
C            3.63493076521905       -0.19583696908179       -1.06987919065047
C            3.09487182038722       -1.42889057328193       -0.75259031376371
N            1.97068111173436       -1.58818921375438       -0.05856204551065
C           -1.60419733416380       -0.79131484314056       -0.70854974216488
C           -2.75573214337435       -0.34866843125408       -1.34043351416799
H           -4.38616748913192        1.04373440349929       -1.29502702376968
H           -3.63629856064484        2.10927170325577        0.80086453519410
H           -1.60070352191861        1.32404105454145        1.92810140631215
H           -0.03835107029898       -1.77607327789049        1.36393433339163
H            0.18827214935235       -0.19557023596172        2.12891576238927
H            1.25452788659257        1.65396077025768        0.44254307399140
H            3.35218822324800        1.92455366141622       -0.85889626277761
H            4.55083800577391       -0.12264848924409       -1.63889277046298
H            3.57731174998347       -2.34781963171491       -1.06373315888877
H           -1.04242749825981       -1.61394482186826       -1.13146278421706
H           -3.08498741990869       -0.82311710310731       -2.25522909029277
24
 energy: -34.202650466245 gnorm: 0.003454211907 xtb: 6.7.1 (edcfbbe)
C           -3.47304016946576        0.69609548055033       -0.80263769398679
C           -3.05091918609006        1.29455892886550        0.37053653218180
C           -1.90280618688041        0.85032731729578        1.00282214449075
C           -1.16323424761662       -0.19816852818584        0.47460326922075
C            0.07134850098050       -0.70902360487975        1.17158077086830
C            1.31952351891842       -0.49132549945557        0.35904227306749
C            1.78257559337232        0.79207575575161        0.08487748944156
C            2.95089319402152        0.94148675760849       -0.64023567229529
C            3.61833549623162       -0.19535137857618       -1.07017860830865
C            3.07157786517848       -1.42695506846600       -0.75277800739453
N            1.95671315263542       -1.57518155504863       -0.05989220915937
C           -1.59202670431430       -0.78956523745335       -0.70667840432230
C           -2.73843620856614       -0.34681928921292       -1.34059243026968
H           -4.37309363465754        1.03733097222513       -1.29277672806399
H           -3.62200228054318        2.10506709673674        0.79960199572195
H           -1.58710818193394        1.32117819540052        1.92332053392318
H           -0.02727531010370       -1.78205558095168        1.35181785136941
H            0.18303978851760       -0.19911921334553        2.13196017648259
H            1.23703039059583        1.65355623895695        0.43899244407912
H            3.33948896619702        1.92554904020182       -0.86024260520393
H            4.53714505158716       -0.12664616905503       -1.63211288519708
H            3.55194068221478       -2.34845422963827       -1.05734581561895
H           -1.02359961412517       -1.60649360305756       -1.12629285264539
H           -3.06607047615486       -0.82206682626653       -2.25352660458695
24
 energy: -34.202720769963 gnorm: 0.002311189106 xtb: 6.7.1 (edcfbbe)
C           -3.46557858665259        0.69534722642872       -0.80445881859675
C           -3.04546376226890        1.29517669926389        0.36917635346075
C           -1.89871966902720        0.85091193276511        1.00419069456573
C           -1.16071106366145       -0.20011231376401        0.47890870331676
C            0.07042506724900       -0.71229229808993        1.17904611365394
C            1.31523032253195       -0.49046128278930        0.36309873750280
C            1.77472657978992        0.79442657995435        0.08477185735679
C            2.94216911417293        0.94256616502777       -0.64192805715909
C            3.61095621540118       -0.19449939784861       -1.07106368648570
C            3.06474637272351       -1.42696940479713       -0.75325273363656
N            1.95136971539746       -1.57300825355761       -0.05840342864834
C           -1.58443061971201       -0.79032014076749       -0.70537418460300
C           -2.72892239880411       -0.34700373172642       -1.34208601221325
H           -4.36385072087968        1.03709481703247       -1.29696932396670
H           -3.61480008513305        2.10826906687206        0.79549949024701
H           -1.58243622337885        1.32149632563722        1.92480301310701
H           -0.02507588162092       -1.78584715999203        1.35318340769402
H            0.18046512791852       -0.20547386137004        2.14044461762224
H            1.22646995186656        1.65469750249478        0.43797309313373
H            3.32922061476971        1.92641394789207       -0.86525732917622
H            4.52857049862275       -0.12558980080258       -1.63420349313487
H            3.54113622551684       -2.34832252613727       -1.06412947681844
H           -1.01279385614682       -1.60652716693982       -1.12250114340846
H           -3.05270293867580       -0.81997292478619       -2.25760343001942
24
 energy: -34.202776678908 gnorm: 0.001632254231 xtb: 6.7.1 (edcfbbe)
C           -3.45529056099173        0.69641786522774       -0.80831401748938
C           -3.03887292024395        1.29749413229285        0.36641365034093
C           -1.89513135798082        0.85167071121903        1.00678019668411
C           -1.15862494731302       -0.20280180799003        0.48542627501995
C            0.06945276193948       -0.71674351480891        1.18843816030990
C            1.31190422984880       -0.49025940348236        0.37026274257198
C            1.76591581347510        0.79621368215929        0.08566125258166
C            2.93123551901153        0.94340917105471       -0.64457941512089
C            3.60146188689889       -0.19300160221566       -1.07427610395214
C            3.05689509729574       -1.42674411701989       -0.75709241159219
N            1.94689994758444       -1.57240763601789       -0.05537987496607
C           -1.57609353030014       -0.79177749943226       -0.70258651419021
C           -2.71704069834062       -0.34635840041313       -1.34435785602704
H           -4.35256372582087        1.03742319616166       -1.30330173878610
H           -3.60772195441535        2.11278660708378        0.78964982650694
H           -1.57907839688094        1.32213898272048        1.92781377688662
H           -0.02391639162178       -1.79083434973777        1.35695314212844
H            0.17784887851754       -0.21486332037754        2.15212753870572
H            1.21381319540949        1.65529847800707        0.43627393404705
H            3.31585393257723        1.92742491848162       -0.87252393694563
H            4.51865766743982       -0.12257518192099       -1.63770967743008
H            3.53165679187489       -2.34742187208222       -1.07228739686233
H           -1.00070779324195       -1.60733555160234       -1.11672413434159
H           -3.03655344472279       -0.81715348730722       -2.26280245428570
24
 energy: -34.202818788098 gnorm: 0.001648414967 xtb: 6.7.1 (edcfbbe)
C           -3.44374236709310        0.69894771425291       -0.81331621205213
C           -3.03215175267243        1.29995348821751        0.36309569623697
C           -1.89255036879453        0.85167816987439        1.00984649770109
C           -1.15685255312894       -0.20549307380937        0.49253243899745
C            0.06905155442018       -0.72181812954375        1.19748469540398
C            1.30933418844578       -0.49176629643154        0.37676547517864
C            1.75713441711003        0.79583755510576        0.08677968836859
C            2.91928176253462        0.94432900900234       -0.64792607095092
C            3.59150637735199       -0.19053438815292       -1.07828664003569
C            3.05146130423494       -1.42550549698393       -0.75903740809988
N            1.94483129908806       -1.57338617395814       -0.05104189505671
C           -1.56886027540521       -0.79361317691354       -0.69817535031714
C           -2.70508001749894       -0.34531898902986       -1.34618277793502
H           -4.33795139270884        1.04156448975804       -1.31308707004649
H           -3.60078019459929        2.11765780361231        0.78234446482612
H           -1.57870600985770        1.32173271586989        1.93193201602309
H           -0.02386575642261       -1.79641128955980        1.36249660199594
H            0.17679193326159       -0.22404292964474        2.16351340549948
H            1.20215992035949        1.65356598441424        0.43622130113518
H            3.30026775163351        1.92898027633940       -0.88054638107557
H            4.50637587380972       -0.11745105903303       -1.64532526176525
H            3.52413884661516       -2.34507051795423       -1.08024037369914
H           -0.99153481791566       -1.60978656345834       -1.10861881893193
H           -3.02025972276885       -0.81404912197360       -2.26736305760671
24
 energy: -34.202850948474 gnorm: 0.001102418012 xtb: 6.7.1 (edcfbbe)
C           -3.43594471677708        0.70223670245535       -0.81741500540447
C           -3.02772959098000        1.30150729760694        0.36085642599092
C           -1.89163378532430        0.85058449520584        1.01188911673122
C           -1.15609087343466       -0.20745618550143        0.49664829505366
C            0.06920183083465       -0.72513971203594        1.20209315851136
C            1.30871975525823       -0.49425468120219        0.38040068245731
C            1.75236997342764        0.79383068483415        0.08823388627815
C            2.91150913698504        0.94525319180279       -0.65052977437299
C            3.58466265037694       -0.18824330605504       -1.08265302463149
C            3.04912523427999       -1.42402663418050       -0.76020585292681
N            1.94558742784391       -1.57495326150370       -0.04785028276085
C           -1.56591823948801       -0.79516384549312       -0.69481954036378
C           -2.69849287482148       -0.34430642980277       -1.34711889471243
H           -4.32676759218105        1.04786668421189       -1.32131520705776
H           -3.59640487418908        2.12029456657637        0.77784859177717
H           -1.58066530974725        1.31997043062859        1.93521915726367
H           -0.02455091715488       -1.79987809760272        1.36684492673873
H            0.17751193732859       -0.22803365469951        2.16865986972696
H            1.19639000854559        1.65054428526710        0.43832156892906
H            3.28913002778883        1.93066082309064       -0.88543087328079
H            4.49725078987810       -0.11305391490533       -1.65333773285317
H            3.52385834946358       -2.34280212956870       -1.08044737026168
H           -0.98945061218504       -1.61297227319615       -1.10285983178058
H           -3.01166773572930       -0.81246503593254       -2.26916732525746
24
 energy: -34.202883895508 gnorm: 0.000711834525 xtb: 6.7.1 (edcfbbe)
C           -3.42744839942003        0.70707618011573       -0.82236834138675
C           -3.02245612447815        1.30338547078472        0.35843279613192
C           -1.89071855217259        0.84832307910540        1.01399672458212
C           -1.15563939741804       -0.21068298366629        0.50055679855151
C            0.06931029014563       -0.72889550022938        1.20654382016342
C            1.30792348736920       -0.49777608604091        0.38349619753397
C            1.74726815712389        0.79103402106290        0.08980202675492
C            2.90256172066741        0.94657736904367       -0.65426315974158
C            3.57759318082168       -0.18533683469657       -1.08764240815351
C            3.04918909347261       -1.42231820348098       -0.75851252581072
N            1.94800394756967       -1.57694908691177       -0.04359161403352
C           -1.56414994644551       -0.79770218349512       -0.69148347942013
C           -2.69248168912154       -0.34297692788726       -1.34834001198328
H           -4.31396156655873        1.05724822550904       -1.33069831697856
H           -3.59084805076087        2.12315871212883        0.77373033922259
H           -1.58323771073289        1.31654146342213        1.93902925689132
H           -0.02520635922191       -1.80349665235317        1.37275145401911
H            0.17856174277072       -0.23037307871518        2.17239728554527
H            1.19129581497827        1.64656004625401        0.44272318042256
H            3.27567145575710        1.93308743629421       -0.89107339117543
H            4.48614693406110       -0.10789912659870       -1.66455599972595
H            3.52642907138886       -2.34009007145965       -1.07832878821605
H           -0.98977321175635       -1.61776260206191       -1.09772044122136
H           -3.00403388804058       -0.81073266612373       -2.27101643817792
24
 energy: -34.202911629553 gnorm: 0.000650543585 xtb: 6.7.1 (edcfbbe)
C           -3.41893855591829        0.71161700984780       -0.82683841314030
C           -3.01664616397334        1.30502786718651        0.35634725580703
C           -1.88897554662383        0.84576251686890        1.01575727083841
C           -1.15470096037310       -0.21444797829075        0.50390454886577
C            0.06913039146874       -0.73323193745865        1.21153203282972
C            1.30734447621653       -0.50117482941629        0.38823123744026
C            1.74187924688089        0.78868914234686        0.09214720170181
C            2.89282903794865        0.94793391970693       -0.65791788710615
C            3.56926598383553       -0.18228958127254       -1.09355645827604
C            3.04772975194537       -1.42063184810093       -0.75830958637299
N            1.95041262111570       -1.57845513915322       -0.03849276997876
C           -1.56184028414936       -0.80020642571095       -0.68910825622998
C           -2.68629253148984       -0.34150305521178       -1.34980636191912
H           -4.30063556133935        1.06715666213956       -1.33966377931377
H           -3.58340788881398        2.12687887219665        0.76967415478290
H           -1.58424287015623        1.31242671776545        1.94244893902485
H           -0.02524057158335       -1.80772733957463        1.37872192441691
H            0.17832493326369       -0.23323892422352        2.17654190396356
H            1.18480519533458        1.64285736081015        0.44667350864092
H            3.26016844795767        1.93561185518448       -0.89837894336237
H            4.47430841736247       -0.10281175667973       -1.67562624185977
H            3.53067074248858       -2.33718789185330       -1.07326608629964
H           -0.98994178845911       -1.62286964995463       -1.09356082909939
H           -2.99600652293968       -0.80818556715231       -2.27358940155996
24
 energy: -34.202932167516 gnorm: 0.000616699347 xtb: 6.7.1 (edcfbbe)
C           -3.41091330898371        0.71592455927845       -0.83088661117674
C           -3.01081126711274        1.30714831026975        0.35412417797701
C           -1.88705593583819        0.84365584350160        1.01713240177256
C           -1.15408558560470       -0.21830707203422        0.50703282372090
C            0.06884933744272       -0.73722426027858        1.21605782543746
C            1.30640548871782       -0.50366118964933        0.39215173930678
C            1.73636803949236        0.78714065674516        0.09329717839704
C            2.88361848054124        0.94898754935559       -0.66169253772710
C            3.56243369352158       -0.17976498008394       -1.09732656942890
C            3.04740825652240       -1.41922064872004       -0.75600379495514
N            1.95238530111021       -1.57943288052017       -0.03348577840975
C           -1.55977954522464       -0.80273121656807       -0.68702401896367
C           -2.68050534151225       -0.33994654868434       -1.35125246563618
H           -4.28979520298053        1.07448151758931       -1.34626616580902
H           -3.57657168822130        2.13013056242841        0.76647563561487
H           -1.58380878691495        1.30905215203755        1.94491384935558
H           -0.02480198323765       -1.81172160031404        1.38347978196026
H            0.17721737605581       -0.23667999358808        2.18083762981777
H            1.17825658123501        1.64003305022909        0.44919096714835
H            3.24638224396586        1.93756729097162       -0.90523589926013
H            4.46406542904004       -0.09855006164799       -1.68442272145662
H            3.53280026740801       -2.33451343312441       -1.07071758634233
H           -0.98916280582745       -1.62668196366482       -1.09059141745627
H           -2.98889904359601       -0.80568564352846       -2.27592348009282
24
 energy: -34.202948245869 gnorm: 0.000459841502 xtb: 6.7.1 (edcfbbe)
C           -3.40455626546927        0.71853852124736       -0.83342662204209
C           -3.00603822737734        1.30862750697720        0.35274972902780
C           -1.88488318206864        0.84249972727494        1.01818540898430
C           -1.15311193712006       -0.22109604673202        0.50956594964234
C            0.06848457116496       -0.74094246291877        1.22015147224844
C            1.30537219699267       -0.50542226451924        0.39578616351367
C            1.73105997000253        0.78620650958249        0.09399627767746
C            2.87562069858430        0.94988174601909       -0.66458667669857
C            3.55651867135165       -0.17767019101925       -1.10014311206144
C            3.04666564460028       -1.41805076493347       -0.75440777139177
N            1.95370404766488       -1.58010412192125       -0.02905991920585
C           -1.55724928430546       -0.80443700934095       -0.68556529348253
C           -2.67536736957198       -0.33890450703610       -1.35228807559868
H           -4.28043837162833        1.08032826202807       -1.35174063114569
H           -3.57011551120134        2.13364713384675        0.76340239592469
H           -1.58248908902055        1.30684163528217        1.94679520647185
H           -0.02450877278161       -1.81562306298107        1.38658637351341
H            0.17589801976779       -0.24109270209317        2.18536775753890
H            1.17131066617607        1.63799413500946        0.44997196615389
H            3.23435151636724        1.93910745504051       -0.91160019196302
H            4.45567166660607       -0.09492843156320       -1.69074206005361
H            3.53398723712041       -2.33236154287622       -1.06899204228355
H           -0.98771433181333       -1.62980340254749       -1.08789454036577
H           -2.98217256404201       -0.80323612182582       -2.27824680061029
24
 energy: -34.202961755398 gnorm: 0.000354313600 xtb: 6.7.1 (edcfbbe)
C           -3.39786558272170        0.72156679020443       -0.83623282893983
C           -3.00095179737395        1.31074241834863        0.35099958372935
C           -1.88268097542557        0.84168868735468        1.01935384385451
C           -1.15240158962019       -0.22383351158589        0.51247793069092
C            0.06808129703637       -0.74464801256067        1.22402512907396
C            1.30429651584581       -0.50687258068008        0.39931677336938
C            1.72557594216919        0.78554665496342        0.09418044388822
C            2.86789045278534        0.95074590274842       -0.66735642828357
C            3.55095450757860       -0.17572620506804       -1.10244934045866
C            3.04536411761381       -1.41694595633661       -0.75350542588901
N            1.95453988081486       -1.58051631253646       -0.02516670729022
C           -1.55481387088254       -0.80620569075214       -0.68376333252938
C           -2.67006321658475       -0.33774300351419       -1.35333798843267
H           -4.27222160642916        1.08462114841008       -1.35604328006653
H           -3.56421369727147        2.13683199810091        0.76056543680871
H           -1.58064428123845        1.30540656339675        1.94841167686992
H           -0.02416667484020       -1.81959295219593        1.38847142831624
H            0.17465864613458       -0.24641607584132        2.19009225956325
H            1.16368841419034        1.63625598181183        0.44941327561332
H            3.22319389752716        1.94043223088946       -0.91745936243143
H            4.44840406704319       -0.09149978819101       -1.69530607334532
H            3.53449429438423       -2.33046238741399       -1.06755309086069
H           -0.98546232015079       -1.63220965795450       -1.08510712653815
H           -2.97565642058580       -0.80116624159772       -2.28016183291841
24
 energy: -34.202972548775 gnorm: 0.000250743016 xtb: 6.7.1 (edcfbbe)
C           -3.39208535298746        0.72373859678113       -0.83825906486107
C           -2.99650690361843        1.31235693239166        0.34967913774622
C           -1.88051931822012        0.84124707757206        1.02040342704720
C           -1.15159520780808       -0.22596001799632        0.51515293528089
C            0.06770984934990       -0.74828484149307        1.22750421468507
C            1.30320790812420       -0.50837067384764        0.40229284427268
C            1.72030382775171        0.78472962692091        0.09417075278140
C            2.86065478487791        0.95155892476794       -0.66983325474859
C            3.54599105429357       -0.17377182972864       -1.10430728310659
C            3.04453497989150       -1.41581158104093       -0.75237183195489
N            1.95546992285653       -1.58103678023488       -0.02162873334793
C           -1.55250313570057       -0.80762104201790       -0.68197585013057
C           -2.66529700139174       -0.33696552022080       -1.35394383925215
H           -4.26396095167344        1.08930784904547       -1.36067573805042
H           -3.55837979707691        2.14037695076098        0.75734917619615
H           -1.57912827296517        1.30440720550673        1.94996946895894
H           -0.02411866020327       -1.82352397936719        1.38985598799752
H            0.17382516452740       -0.25192367265799        2.19458185787075
H            1.15627579252937        1.63439756334599        0.44850889369300
H            3.21267136844371        1.94172826499792       -0.92280284647536
H            4.44187297036316       -0.08792973901878       -1.69936630138321
H            3.53477627175595       -2.32853338073426       -1.06684036206529
H           -0.98377395340246       -1.63483875424667       -1.08176771752946
H           -2.96942533971832       -0.79927717948566       -2.28183090983039
24
 energy: -34.202980532947 gnorm: 0.000250383246 xtb: 6.7.1 (edcfbbe)
C           -3.38655043841559        0.72631001152934       -0.84053993436325
C           -2.99227721348428        1.31415615891133        0.34823379220965
C           -1.87865729632964        0.84076570112514        1.02141653215542
C           -1.15105268025337       -0.22804540123048        0.51767744930416
C            0.06740723617978       -0.75158162669250        1.23049344357367
C            1.30219590004673       -0.50986008205898        0.40467560195065
C            1.71556752651282        0.78384862072297        0.09410626994526
C            2.85433848092544        0.95234522805247       -0.67186738738467
C            3.54164008138454       -0.17190204968197       -1.10608593195502
C            3.04386650602400       -1.41468995222406       -0.75168092482394
N            1.95640559881020       -1.58158449213309       -0.01877047127221
C           -1.55089202143925       -0.80924716062165       -0.68010289451533
C           -2.66121749927375       -0.33628762174745       -1.35450381369892
H           -4.25651424790606        1.09368288348440       -1.36482752717409
H           -3.55318878568628        2.14350525293776        0.75452296735118
H           -1.57795485618979        1.30356046511374        1.95140082185010
H           -0.02415638486945       -1.82706384203373        1.39119810405861
H            0.17335692432838       -0.25667835931951        2.19834901799911
H            1.14978422086515        1.63255436199137        0.44795517246870
H            3.20328494471856        1.94300300233899       -0.92727130586360
H            4.43613819066840       -0.08457680566163       -1.70298719866079
H            3.53561848244229       -2.32668877787190       -1.06592854241352
H           -0.98280056474184       -1.63755924916432       -1.07856113900822
H           -2.96434210431807       -0.79796626576617       -2.28303713793906
24
 energy: -34.202986496413 gnorm: 0.000215238175 xtb: 6.7.1 (edcfbbe)
C           -3.38185572255610        0.72848656589168       -0.84243674096022
C           -2.98849537530913        1.31573051610257        0.34689500525410
C           -1.87700276215588        0.84025683677981        1.02213681230490
C           -1.15066563769963       -0.22999318553835        0.51974696463747
C            0.06716859618913       -0.75445246251269        1.23289139579119
C            1.30152766621942       -0.51129078650955        0.40685095473565
C            1.71167131540966        0.78296908496628        0.09432117221306
C            2.84871206684271        0.95310446060595       -0.67384197460104
C            3.53779144068041       -0.17015669784395       -1.10778570139050
C            3.04338761280469       -1.41361070082105       -0.75102528402318
N            1.95735941879183       -1.58207338633900       -0.01635687230201
C           -1.54979100704582       -0.81081955460609       -0.67845784627875
C           -2.65792701141309       -0.33579136763307       -1.35488634616267
H           -4.24980698712323        1.09791544719786       -1.36863357324737
H           -3.54837564784696        2.14638585981783        0.75193775256769
H           -1.57694039035751        1.30271128712804        1.95249234052071
H           -0.02416894594007       -1.83008514454042        1.39247015536956
H            0.17302414758618       -0.26052916583486        2.20124009704415
H            1.14442001661527        1.63081113354854        0.44787889076406
H            3.19521491704020        1.94420536115782       -0.93068859810556
H            4.43109543214017       -0.08153744579878       -1.70627560219098
H            3.53656343908805       -2.32490531386029       -1.06504746850890
H           -0.98258895884548       -1.64032580468414       -1.07568343719079
H           -2.96031762311589       -0.79700553667405       -2.28387713244667
24
 energy: -34.202991099393 gnorm: 0.000203144246 xtb: 6.7.1 (edcfbbe)
C           -3.37757051473647        0.73068020977207       -0.84434539398579
C           -2.98505513070821        1.31717641792333        0.34563685076872
C           -1.87550714200826        0.83971835705839        1.02269134606230
C           -1.15032885234818       -0.23182912092408        0.52146943979450
C            0.06696690018745       -0.75699657660720        1.23499826747846
C            1.30074884257468       -0.51264646761436        0.40837204724555
C            1.70833281268571        0.78209173966282        0.09468862894139
C            2.84412922624897        0.95380878048801       -0.67488282245054
C            3.53448736484930       -0.16851125026674       -1.10919716309654
C            3.04304828783003       -1.41256660844586       -0.75054592755249
N            1.95825560268305       -1.58255920580024       -0.01440149002388
C           -1.54911975970638       -0.81250590763716       -0.67691623804674
C           -2.65527827240684       -0.33550616425933       -1.35516093188720
H           -4.24378504691875        1.10189644933123       -1.37211257510550
H           -3.54387334375319        2.14909205870396        0.74955474237123
H           -1.57594935331937        1.30194186115292        1.95332032000432
H           -0.02416446855978       -1.83276250186867        1.39385209683294
H            0.17275754576325       -0.26361277172887        2.20365327230666
H            1.14000961139031        1.62915301147216        0.44837120716921
H            3.18788383981509        1.94540264207923       -0.93370843723207
H            4.42639443167272       -0.07871243679166       -1.70964300407246
H            3.53770286185034       -2.32317247176963       -1.06424482894580
H           -0.98291843578610       -1.64317315236786       -1.07312159713517
H           -2.95716700730044       -0.79640689156240       -2.28446284564721
24
 energy: -34.202994634115 gnorm: 0.000147223945 xtb: 6.7.1 (edcfbbe)
C           -3.37392757103274        0.73247559915763       -0.84596335394778
C           -2.98187372776138        1.31857744770774        0.34435506400931
C           -1.87406487239181        0.83931653549118        1.02295736951690
C           -1.15005907660003       -0.23354736602627        0.52287502916497
C            0.06678271634609       -0.75925307014525        1.23680026589405
C            1.30035848687211       -0.51387463301029        0.41016531456649
C            1.70556100372824        0.78134007881059        0.09530305513756
C            2.83974367311202        0.95452793596659       -0.67637877546823
C            3.53135509355323       -0.16697536894504       -1.11083946787911
C            3.04272126057112       -1.41158419477513       -0.75024007371441
N            1.95908209237764       -1.58296541801956       -0.01270795582412
C           -1.54863740496194       -0.81408526177170       -0.67563880122972
C           -2.65310606794306       -0.33535324689166       -1.35539054954044
H           -4.23844359829960        1.10548405806458       -1.37523024485391
H           -3.53969012597955        2.15161429246584        0.74731343365752
H           -1.57494775553809        1.30126907886065        1.95386212472920
H           -0.02414986600580       -1.83510097615819        1.39518132528530
H            0.17240095022645       -0.26618814807006        2.20562588663959
H            1.13649160710487        1.62769263531550        0.44947129155379
H            3.18179353505607        1.94649782980198       -0.93568006507388
H            4.42222826600369       -0.07616218245754       -1.71260808230115
H            3.53870300036252       -2.32156354511771       -1.06369188311646
H           -0.98360889347630       -1.64603291149429       -1.07083215460277
H           -2.95471272532484       -0.79610916875949       -2.28484378880881
24
 energy: -34.202997230223 gnorm: 0.000110894267 xtb: 6.7.1 (edcfbbe)
C           -3.37077688652131        0.73394909591491       -0.84738818023783
C           -2.97905497536870        1.31978984301680        0.34315860071939
C           -1.87274448975998        0.83899554485144        1.02307324143496
C           -1.14983131902633       -0.23507999311451        0.52405094911601
C            0.06662655621153       -0.76114879701445        1.23833672782719
C            1.29988389493238       -0.51486091309639        0.41148228936755
C            1.70339343574410        0.78075111482306        0.09617877334928
C            2.83638786379139        0.95516020569875       -0.67688845837738
C            3.52871925900464       -0.16563658408116       -1.11200296903814
C            3.04225007082735       -1.41070100759001       -0.75013474584162
N            1.95958296448620       -1.58323696254545       -0.01151533949017
C           -1.54834686250436       -0.81565598248215       -0.67443227931275
C           -2.65133309150485       -0.33540419492868       -1.35550378232400
H           -4.23390529163664        1.10840823916818       -1.37787891539055
H           -3.53587963101596        2.15394076654114        0.74517921146846
H           -1.57379648509526        1.30090630231225        1.95403981243143
H           -0.02406415026088       -1.83705983152962        1.39630201804149
H            0.17204151929212       -0.26837479354731        2.20731527619643
H            1.13367838637663        1.62650910159020        0.45072796645524
H            3.17655866024045        1.94751060885963       -0.93730116511770
H            4.41840967521922       -0.07395051003420       -1.71541142461670
H            3.53919674498482       -2.32012800559335       -1.06362956563772
H           -0.98425061397484       -1.64858964169752       -1.06884545895345
H           -2.95274523444279       -0.79609360552144       -2.28504761827554
24
 energy: -34.202999122993 gnorm: 0.000102284554 xtb: 6.7.1 (edcfbbe)
C           -3.36813072749173        0.73511475210112       -0.84866295549506
C           -2.97664936806186        1.32086267240992        0.34202927756269
C           -1.87152640739810        0.83889965331397        1.02303036256653
C           -1.14957379088226       -0.23627865856570        0.52498665506178
C            0.06647448686952       -0.76272212548481        1.23970778715079
C            1.29947088914344       -0.51561637556088        0.41267802937665
C            1.70164573601676        0.78034956767898        0.09706523092872
C            2.83360498528707        0.95574385205725       -0.67728492144952
C            3.52642553943223       -0.16447705833185       -1.11312612921753
C            3.04162446658704       -1.40994089721889       -0.75039571147000
N            1.95981257389849       -1.58343394573109       -0.01070521547342
C           -1.54807268496823       -0.81702862230694       -0.67341070847076
C           -2.64991634969535       -0.33565526433667       -1.35554107685080
H           -4.23022035992546        1.11060233937467       -1.38008788459488
H           -3.53260113404640        2.15601322939447        0.74317205053047
H           -1.57266208683034        1.30085942486493        1.95400585791479
H           -0.02401330684868       -1.83872683515048        1.39721169394161
H            0.17166164272959       -0.27020417569442        2.20884848552675
H            1.13169058652056        1.62561065956708        0.45239382162395
H            3.17255553682083        1.94837477457991       -0.93812902013626
H            4.41522333393445       -0.07205879537733       -1.71772337749465
H            3.53924151006794       -2.31892836293551       -1.06411480875968
H           -0.98485154559466       -1.65095899367487       -1.06699024751530
H           -2.95121352556596       -0.79640081497280       -2.28509223146301
24
 energy: -34.203000587334 gnorm: 0.000096414402 xtb: 6.7.1 (edcfbbe)
C           -3.36597815739565        0.73584624265340       -0.84967771439330
C           -2.97451642270064        1.32186500315870        0.34088122393701
C           -1.87039794396527        0.83897920353490        1.02285452567924
C           -1.14939657859917       -0.23732656431127        0.52585415306794
C            0.06635545509332       -0.76399956300520        1.24088192729469
C            1.29914569183048       -0.51616932241366        0.41375395501178
C            1.70040112033393        0.78009459595114        0.09819332191466
C            2.83146114456795        0.95627509472474       -0.67725976649083
C            3.52443032585472       -0.16348307118969       -1.11406258361374
C            3.04082577557203       -1.40927592940388       -0.75090475448070
N            1.95974321402728       -1.58352226305112       -0.01033808481286
C           -1.54788850503115       -0.81835291198325       -0.67240792615640
C           -2.64871287573713       -0.33603195069977       -1.35552605776658
H           -4.22713535969271        1.11222978366193       -1.38199556513486
H           -3.52973394500268        2.15789266118719        0.74120433705270
H           -1.57154821274445        1.30109506855642        1.95375680708836
H           -0.02393395742290       -1.84005317470077        1.39795378112126
H            0.17130562474002       -0.27181310888664        2.21019433899056
H            1.13022327924960        1.62495664957651        0.45412219939853
H            3.16947549224650        1.94915464616102       -0.93841544542607
H            4.41243584716196       -0.07045378620520       -1.71972447273710
H            3.53870864123144       -2.31791054635121       -1.06520801663295
H           -0.98531397534653       -1.65305807813282       -1.06524920503904
H           -2.94995567827204       -0.79693867883137       -2.28501601407844
24
 energy: -34.203001847593 gnorm: 0.000086331488 xtb: 6.7.1 (edcfbbe)
C           -3.36392563625238        0.73647366383677       -0.85074106246980
C           -2.97259453789624        1.32272106001832        0.33976522652093
C           -1.86934351537127        0.83912520744374        1.02263389064549
C           -1.14915875815278       -0.23816378068989        0.52661100932977
C            0.06623723689613       -0.76511467920098        1.24204470383263
C            1.29879270813058       -0.51658455867480        0.41476063691135
C            1.69937128958327        0.77995644028270        0.09941895059973
C            2.82960488351058        0.95680800869389       -0.67707127738927
C            3.52254681659392       -0.16254919683089       -1.11495314692442
C            3.03976025012611       -1.40864842123106       -0.75177025882603
N            1.95939366359745       -1.58355509444748       -0.01028071669377
C           -1.54766506821546       -0.81961285012010       -0.67144294087859
C           -2.64764943979002       -0.33663132972599       -1.35541429919302
H           -4.22436625931807        1.11344274828127       -1.38377977907382
H           -3.52702015890105        2.15973949346751        0.73913606669200
H           -1.57036568503019        1.30162462506503        1.95330278156899
H           -0.02386058953549       -1.84125145909015        1.39862680595795
H            0.17096854395090       -0.27324469241725        2.21153726675381
H            1.12926601958255        1.62446825356502        0.45628312818291
H            3.16704129607704        1.94989039563503       -0.93814907512399
H            4.40984863927287       -0.06896829342181       -1.72155874209504
H            3.53768097272273       -2.31698697372813       -1.06686563114439
H           -0.98573598146621       -1.65517422914373       -1.06341328502656
H           -2.94882669011604       -0.79776433756692       -2.28481528836299
24
 energy: -34.203002488248 gnorm: 0.000074365971 xtb: 6.7.1 (edcfbbe)
C           -3.36293930771782        0.73653923637187       -0.85128632162867
C           -2.97190478390052        1.32294453495310        0.33923538715629
C           -1.86909771448726        0.83912762973360        1.02270008378191
C           -1.14906674210327       -0.23850710311527        0.52720381281555
C            0.06623918585866       -0.76537113813338        1.24284593759600
C            1.29865196665557       -0.51667266122301        0.41540221317850
C            1.69907507385691        0.77996241822045        0.10014717751311
C            2.82885547821726        0.95697667234387       -0.67695046268848
C            3.52147893088735       -0.16228689788741       -1.11558080253033
C            3.03890335977350       -1.40849894166429       -0.75239219977763
N            1.95898154833134       -1.58356976188850       -0.01028536003793
C           -1.54721102578533       -0.82003651125718       -0.67095110999949
C           -2.64670222956686       -0.33678101865106       -1.35553866877516
H           -4.22294103510603        1.11378521639003       -1.38486953155030
H           -3.52629039955082        2.16014417205023        0.73825051064550
H           -1.57041843061336        1.30163555672127        1.95347298587664
H           -0.02378872661106       -1.84150266305583        1.39941246127341
H            0.17089185755416       -0.27348034514564        2.21233158474072
H            1.12907489021776        1.62439268371570        0.45738683690733
H            3.16607024620653        1.95013842839746       -0.93814388545788
H            4.40838379991227       -0.06855673498101       -1.72273514357416
H            3.53652896668340       -2.31677609436345       -1.06813091234307
H           -0.98522839167930       -1.65569812104571       -1.06260340029248
H           -2.94754651703419       -0.79790855648573       -2.28505622903553
