28
 energy: -44.816263890559 gnorm: 0.082771429741 xtb: 6.7.1 (edcfbbe)
C            4.10045250956000       -0.19179343691900        1.46546733767500
C            3.60684938140700        0.09304259483400        0.06043032001200
O            2.17745475658700        0.01338024047700        0.06438367166900
C            1.60160857065800        0.24957266940200       -1.14213000105800
O            2.19534045467000        0.51483455157300       -2.17707661605200
C            0.11521246593200        0.14114537497400       -1.02125272677200
C           -0.59407239618600        0.37149227983700       -2.13422749473000
C           -2.05375446815100        0.20401335069900       -2.08423018308900
O           -2.73301252600200        0.47021616772500       -3.07142313069000
C           -2.64709768360700       -0.36977636818800       -0.82979917463500
C           -1.83202243846100        0.07984484556700        0.38247919258000
C           -2.26150278382100       -0.74602070469900        1.60369765413800
C           -2.03821289304200        1.56873330738500        0.70648689370800
O           -0.42953700493800       -0.18040212015200        0.20736442981500
H            5.19183346120700       -0.14218345040300        1.51325346708700
H            3.77666904693400       -1.18500790406800        1.79380736450900
H            3.68202615900500        0.53001212322700        2.17472044769800
H            3.92070647776300        1.09739217864200       -0.24538374523300
H            4.01697906404800       -0.64932400932000       -0.63341899853300
H           -0.15761904854800        0.64190991295700       -3.08830111563500
H           -3.69064417305200       -0.04842421103500       -0.74096870509700
H           -2.62526914743700       -1.46066654647100       -0.94172850449000
H           -1.67919632074900       -0.46639721457600        2.48945364018700
H           -3.32433491625300       -0.61135302277700        1.83032028512700
H           -2.07429272404400       -1.81339730222400        1.43801874315700
H           -1.72158273108700        2.21538888227400       -0.11848047999600
H           -1.43455446689800        1.86268555025000        1.57304598620700
H           -3.08842662549200        1.78866808705900        0.92549144243900
28
 energy: -44.823151796738 gnorm: 0.034221469173 xtb: 6.7.1 (edcfbbe)
C            4.09914298008369       -0.19482284287358        1.47946317888408
C            3.60963615517853        0.09053647974247        0.07259973342519
O            2.18233047255029        0.01350824642381        0.07003803925281
C            1.58940856788740        0.24082376662247       -1.11049737372441
O            2.17403513085385        0.50009753795227       -2.13089283147650
C            0.09917270733932        0.14583487462486       -1.01739296880101
C           -0.62257145088311        0.37532415622401       -2.13103516831879
C           -2.07675895236942        0.21590288882897       -2.11554947181277
O           -2.76492834575196        0.47509632557664       -3.08474034178234
C           -2.63567300665584       -0.35037079600700       -0.83561428371980
C           -1.82610517698938        0.07733796297725        0.39162956520032
C           -2.23917059456253       -0.75389791199081        1.60946419610292
C           -2.02884015367208        1.56684179790916        0.69245083302736
O           -0.42217344066312       -0.16684583148827        0.19591408745781
H            5.18491848858234       -0.14242399576116        1.51220463461679
H            3.78120805309065       -1.18736229318579        1.79581148171259
H            3.68689695119186        0.53232693962798        2.17778964805146
H            3.91277315817119        1.09092990813858       -0.25467715046218
H            4.00744319776264       -0.64109459275885       -0.63880289119937
H           -0.16715539994492        0.64568490704946       -3.06939858482246
H           -3.67853045810016       -0.04588524971365       -0.73314242106768
H           -2.61353504214271       -1.44084220590972       -0.93501524793780
H           -1.66310974111412       -0.45901322991765        2.48572520511710
H           -3.29720944340655       -0.60828633467556        1.81925840268656
H           -2.06073826789310       -1.81386758133889        1.42878798513417
H           -1.72302894245878        2.19417767860093       -0.14603761293355
H           -1.43172255707638        1.84848149953635        1.56031506249124
H           -3.07571488900459        1.76939372183571        0.91134429489626
28
 energy: -44.824487736816 gnorm: 0.011497881593 xtb: 6.7.1 (edcfbbe)
C            4.09430544311140       -0.19692773440987        1.48702613852554
C            3.60197688080257        0.08741528211931        0.08131099230094
O            2.17443270873022        0.01189331116051        0.07660670740184
C            1.58134730269277        0.23450987430140       -1.09050221488652
O            2.16907680244481        0.48863079332422       -2.10819677107588
C            0.08699821484503        0.14698781141085       -1.01449028103275
C           -0.64066025901259        0.38048421735687       -2.12664625773995
C           -2.09151592583232        0.23233500987133       -2.12741927059994
O           -2.78991537412071        0.47992674276929       -3.08403122269366
C           -2.63392441681531       -0.34674410192377       -0.83692845410291
C           -1.82206551086381        0.07911486832128        0.39036312594345
C           -2.22046290154990       -0.75673326320399        1.60576459726879
C           -2.02301521665895        1.56806628227023        0.68578819786055
O           -0.41448163983926       -0.15304320123482        0.18723595466515
H            5.17821596158348       -0.14273163452894        1.51010189192099
H            3.77986276935071       -1.18844734490192        1.79855015243250
H            3.68609341821835        0.53261808511346        2.18007087212793
H            3.90199351989893        1.08618978062780       -0.25606436032322
H            3.99545613709974       -0.63972842582320       -0.63803039971756
H           -0.16065788003713        0.65053213015945       -3.05186868849343
H           -3.67823129212730       -0.05609544485290       -0.71826475808403
H           -2.60305928697595       -1.43664550536802       -0.93935761240691
H           -1.64060513270594       -0.45355792287338        2.47192593638493
H           -3.27566501251585       -0.61229937220766        1.81640729289866
H           -2.03838867175506       -1.81085788507210        1.41722012157769
H           -1.72387293467616        2.17427888088821       -0.16669478893820
H           -1.42469998675776        1.85401844006636        1.54736694947646
H           -3.06853771653102        1.76439615269001        0.90275614930757
28
 energy: -44.824692613481 gnorm: 0.004803795645 xtb: 6.7.1 (edcfbbe)
C            4.08770289222801       -0.19826352628263        1.48986945425780
C            3.59415273947164        0.08501951521882        0.08441365235204
O            2.16594767700185        0.01015815545533        0.07817970066586
C            1.57872060930876        0.22985000726831       -1.08927122928520
O            2.17037815267592        0.48139099224956       -2.10878882530750
C            0.08231751807779        0.14985406255298       -1.01513237727266
C           -0.64564847628994        0.38940882386682       -2.12649405246503
C           -2.09409106155988        0.23711311815181       -2.12996918206445
O           -2.80136028753537        0.48822073327155       -3.07892727781429
C           -2.63236205165082       -0.34895884918078       -0.83578740253756
C           -1.82142410948368        0.07924460469155        0.39032119435449
C           -2.20884234629451       -0.75864271444926        1.60711615765654
C           -2.02336284540817        1.56968138051472        0.67881128875594
O           -0.41135325670763       -0.14585048221881        0.18584931041152
H            5.17190273240400       -0.14378407652525        1.51052509228965
H            3.77445503941312       -1.18961598057158        1.80283389182002
H            3.68111153898844        0.53182842258441        2.18317576658719
H            3.89417817498441        1.08360688942524       -0.25405654344536
H            3.98709158568363       -0.64280528713471       -0.63470652866286
H           -0.15289821891262        0.65996598859652       -3.04565663759866
H           -3.67762986425562       -0.06446818064228       -0.71069190312445
H           -2.59472474534761       -1.43793637243144       -0.94399281245478
H           -1.62341780214047       -0.45299503328740        2.46879555656293
H           -3.26344865227073       -0.62073598848676        1.82489570987015
H           -2.02061812265835       -1.81106347052432        1.41537588190213
H           -1.72735314799414        2.16861265339762       -0.17964603536077
H           -1.42114795009543        1.86191984933560        1.53512807683742
H           -3.06827572162965        1.76683059120436        0.89783007306793
28
 energy: -44.824794246797 gnorm: 0.003805633872 xtb: 6.7.1 (edcfbbe)
C            4.07775434065734       -0.20064062677656        1.49306546289567
C            3.58584829473258        0.08157788300795        0.08691228285848
O            2.15677968690410        0.01067690793114        0.07732381148574
C            1.57671808498234        0.22946242013312       -1.09269543552054
O            2.17173321292836        0.47223336507502       -2.11454441625980
C            0.07925820144797        0.15273272344656       -1.01866087801016
C           -0.64903106634874        0.39760511341836       -2.12912081422223
C           -2.09565081081442        0.24790014618701       -2.12809140226632
O           -2.81222492584801        0.50024789689141       -3.07042375304701
C           -2.62872057697023       -0.35342332614101       -0.83420836397651
C           -1.82025458161734        0.07990190882261        0.39014016554755
C           -2.19466517592652       -0.75917982853742        1.60975907297472
C           -2.02662269761281        1.57132347883360        0.67205611191117
O           -0.40751245944942       -0.13788404881432        0.18484294793119
H            5.16240838030756       -0.14717945108020        1.51401994460549
H            3.76381903821468       -1.19145562148533        1.80856104741000
H            3.67213409093114        0.53043803070636        2.18662663052779
H            3.88787434819589        1.07959868736490       -0.25098832927436
H            3.97806494332802       -0.64855233922029       -0.63008055555864
H           -0.14596406571640        0.66736083769082       -3.04332349573462
H           -3.67587973302820       -0.07806198429702       -0.70565664706695
H           -2.58011836862691       -1.44114093008877       -0.95071359581255
H           -1.60218979524558       -0.45086640642265        2.46650350384194
H           -3.24854624106599       -0.63083770908445        1.83869815051292
H           -1.99856812255548       -1.81032482024266        1.41564185405453
H           -1.73628810731142        2.16443591730807       -0.19260128067494
H           -1.41916667950658        1.87264771746776        1.52194158406584
H           -3.07098921498300        1.76898988395594        0.89501639679968
28
 energy: -44.824831000928 gnorm: 0.003118144438 xtb: 6.7.1 (edcfbbe)
C            4.07071191401947       -0.20228404522170        1.49530699004787
C            3.58279848118283        0.07967474900439        0.08782171181447
O            2.15342571624936        0.01146416888039        0.07464110547923
C            1.57676235297937        0.22705315781854       -1.09815345740298
O            2.17244748049915        0.46650800644851       -2.11992538009854
C            0.07906606614436        0.15602998022954       -1.02178619897481
C           -0.65013908036604        0.40331113468040       -2.13118443164792
C           -2.09578283493819        0.25075345956691       -2.12677729157502
O           -2.81728772078503        0.51014384086446       -3.06374291471171
C           -2.62546439508446       -0.35691331348478       -0.83335647113707
C           -1.81889248366889        0.08049186125721        0.38993335694518
C           -2.18606255244296       -0.75819733252869        1.61183518174612
C           -2.02976580556791        1.57180261711040        0.66898486742388
O           -0.40525680672978       -0.13382742585100        0.18346488029529
H            5.15546606828354       -0.15023221360671        1.51908255604786
H            3.75478034773022       -1.19257837716699        1.81140414718472
H            3.66423842995050        0.52952481431464        2.18799121449117
H            3.88726351952850        1.07694817853893       -0.24957611507902
H            3.97504424686682       -0.65243890254815       -0.62685847329828
H           -0.14538238692490        0.67326403497451       -3.04406660791606
H           -3.67407769601005       -0.08776983498031       -0.70499580167570
H           -2.56958944895161       -1.44377812533267       -0.95323210718791
H           -1.58995199673998       -0.44752684310895        2.46558605182202
H           -3.23918915851980       -0.63458415827160        1.84726483419398
H           -1.98641007901200       -1.80900965359882        1.41786878331279
H           -1.74516227486528        2.16386751775041       -0.19846555812531
H           -1.41964126511192        1.87858875580030        1.51530207575055
H           -3.07394863771239        1.76729977451075        0.89563305227329
28
 energy: -44.824870519388 gnorm: 0.002536955037 xtb: 6.7.1 (edcfbbe)
C            4.06221121667239       -0.20517460548699        1.49811836784086
C            3.58109691363676        0.07767433658124        0.08854950424823
O            2.15152433981852        0.01452632570956        0.07080467020660
C            1.57744506541249        0.22787046939488       -1.10463001546924
O            2.17366807235443        0.45960830582008       -2.12675170890969
C            0.07994400866105        0.15952559466946       -1.02599174314487
C           -0.65120974925189        0.40722906863661       -2.13402807237942
C           -2.09684366206942        0.25595753771684       -2.12391845859849
O           -2.82277153414928        0.52367604889059       -3.05517317331731
C           -2.62091375317596       -0.36132943654376       -0.83259072297341
C           -1.81666504386088        0.08144850239020        0.38960394488343
C           -2.17615187029201       -0.75611801390812        1.61432063192672
C           -2.03429094620094        1.57206213353213        0.66592272125208
O           -0.40250195027656       -0.12886955919607        0.18123730430902
H            5.14691888060863       -0.15525498392547        1.52708890778153
H            3.74275298552762       -1.19486418976825        1.81314057914649
H            3.65370609763903        0.52728361139030        2.18910534215487
H            3.88983320458401        1.07386297633379       -0.24762382069941
H            3.97330605244995       -0.65638348485144       -0.62396711535498
H           -0.14800670791181        0.67733072972598       -3.04718426490286
H           -3.67196788310616       -0.10192534015115       -0.70492898157165
H           -2.55416235624436       -1.44719939500177       -0.95516974049708
H           -1.57663350779214       -0.44174263618516        2.46447281409945
H           -3.22822339830373       -0.63617643383135        1.85583135936277
H           -1.97373611647000       -1.80678967890813        1.42172347623612
H           -1.75842930341348        2.16445994773523       -0.20423696235857
H           -1.42149209549716        1.88478066022490        1.50825417394993
H           -3.07840695934624        1.76211733505578        0.89802098277698
28
 energy: -44.824913193105 gnorm: 0.002937369996 xtb: 6.7.1 (edcfbbe)
C            4.05077646133683       -0.20953553271394        1.50214384292839
C            3.58032213204330        0.07554986369395        0.08932909269987
O            2.15075939508725        0.02017722342798        0.06551804400035
C            1.57906106955304        0.22844342267393       -1.11291781224537
O            2.17635925124654        0.45021996252081       -2.13549361043824
C            0.08169055449431        0.16513644834180       -1.03157097030210
C           -0.65301512260016        0.41140668975279       -2.13756288151307
C           -2.09940873650859        0.26249713751971       -2.12011653395855
O           -2.83050768605351        0.54337675339603       -3.04331619260574
C           -2.61453171746054       -0.36766425971465       -0.83186198539592
C           -1.81286891743034        0.08304875381191        0.38886437954649
C           -2.16328164088748       -0.75269672278396        1.61725834425882
C           -2.04059349321615        1.57236033107941        0.66247552142492
O           -0.39837526510408       -0.12102766637020        0.17762468744203
H            5.13530108051440       -0.16315882639234        1.53955415060768
H            3.72546151126629       -1.19828606024076        1.81413841743840
H            3.63896396313616        0.52385548805329        2.19010221980470
H            3.89633314609035        1.06988724557454       -0.24549910951953
H            3.97223669067733       -0.66106775089496       -0.62066060354902
H           -0.15462532654753        0.68156197699403       -3.05300610880761
H           -3.66924627003616       -0.12345290700342       -0.70341106672298
H           -2.53146200862207       -1.45219957670031       -0.95675803060226
H           -1.56012994172028       -0.43297279459075        2.46273886043435
H           -3.21413720232914       -0.63578672055847        1.86459064343228
H           -1.95814738656930       -1.80318767104585        1.42697854091773
H           -1.77765918831910        2.16570008488636       -0.21108609853698
H           -1.42454712187815        1.89260144517696        1.49955227119153
H           -3.08472823016036        1.75279948815600        0.90239198806792
28
 energy: -44.824940384664 gnorm: 0.002372469513 xtb: 6.7.1 (edcfbbe)
C            4.03970858872299       -0.21410903085935        1.50597325810032
C            3.57976575480667        0.07358329593082        0.08998715207542
O            2.15035773260452        0.02758315705027        0.06097668155967
C            1.58064536304327        0.23060280917334       -1.11946642439000
O            2.17975543541578        0.44135256423699       -2.14324181565610
C            0.08331923864191        0.17096217590364       -1.03684165371355
C           -0.65516874219366        0.41436796334902       -2.14084074997476
C           -2.10256835131604        0.26839642090103       -2.11660852752788
O           -2.83844223332712        0.56228969039855       -3.03168071565267
C           -2.60825804412426       -0.37396168487731       -0.83111631251212
C           -1.80859036633766        0.08495817048496        0.38808505861127
C           -2.15094906286093       -0.74964555853545        1.61956730397966
C           -2.04673369833287        1.57306781159485        0.65919348055591
O           -0.39377341242366       -0.11142303035737        0.17428909068639
H            5.12404166132374       -0.17219648181567        1.55181871704239
H            3.70769029158692       -1.20154284397793        1.81473561196389
H            3.62534787022085        0.52073578850256        2.19069314411045
H            3.90434404347876        1.06567018311833       -0.24373297615265
H            3.97045524565402       -0.66581546031023       -0.61792135625217
H           -0.16230669300584        0.68414235262748       -3.05953676926462
H           -3.66621338770588       -0.14548394486648       -0.69953150136398
H           -2.50872905561535       -1.45697890025691       -0.95801223724153
H           -1.54511861116724       -0.42508319933028        2.46107411465781
H           -3.20102687381268       -0.63525600487474        1.87088781111320
H           -1.94305228773757       -1.79978749971670        1.43116096789392
H           -1.79600321250518        2.16687250229048       -0.21750712910758
H           -1.42774309785730        1.90042022173945        1.49117716135513
H           -3.09075409517340        1.74386435852650        0.90641861510227
28
 energy: -44.824950094526 gnorm: 0.001117855142 xtb: 6.7.1 (edcfbbe)
C            4.03355567141054       -0.21674831050970        1.50790677059265
C            3.57940596319859        0.07260731456384        0.09026034149311
O            2.15022889491438        0.03315498977436        0.05880523760005
C            1.58158980892939        0.23189957234449       -1.12239960733171
O            2.18191925406931        0.43719879962341       -2.14689568140329
C            0.08417893209946        0.17491298394286       -1.03965614959044
C           -0.65647475451623        0.41547636963914       -2.14262396874070
C           -2.10450923288887        0.27127079585152       -2.11468226162185
O           -2.84282514447736        0.57176017902207       -3.02517587202839
C           -2.60459371481803       -0.37738653904225       -0.83056891740832
C           -1.80580445048171        0.08640816807612        0.38773317067740
C           -2.14421301620719       -0.74827187163037        1.62038031653326
C           -2.05031700375795        1.57382061449849        0.65766426826887
O           -0.39079276628107       -0.10412401926799        0.17281906329839
H            5.11777016207698       -0.17865267563664        1.55826615198257
H            3.69669212060611       -1.20291100713799        1.81513967805368
H            3.61886823375569        0.51965438408730        2.19065285728880
H            3.90997637113784        1.06291080327132       -0.24318791235838
H            3.96835743738153       -0.66891628536991       -0.61650858403505
H           -0.16712712389585        0.68385550629603       -3.06389763312604
H           -3.66380485515920       -0.15789130454152       -0.69580896459770
H           -2.49588434956635       -1.45924731014783       -0.95849238606351
H           -1.53781805358555       -0.42148227428298        2.46044486577141
H           -3.19421902795047       -0.63563593235883        1.87272279933129
H           -1.93426762600597       -1.79799811335726        1.43241850711006
H           -1.80565024505195        2.16740386212258       -0.22060761684019
H           -1.43007985682992        1.90507754848194        1.48698680015142
H           -3.09416162810336        1.73943957773763        0.90830472699068
28
 energy: -44.824953285056 gnorm: 0.000571092428 xtb: 6.7.1 (edcfbbe)
C            4.03053948984282       -0.21841014505388        1.50859097630181
C            3.57903565987129        0.07201045602921        0.09030872444257
O            2.15005438529302        0.03796142542571        0.05815309787828
C            1.58209734076970        0.23424279637416       -1.12308134173717
O            2.18318637535032        0.43645811487144       -2.14823810640034
C            0.08462476908049        0.17765704631428       -1.04104765525049
C           -0.65701579472278        0.41513648963852       -2.14375869194764
C           -2.10541031242849        0.27157578517622       -2.11394935051251
O           -2.84511114204331        0.57494343850958       -3.02206026966358
C           -2.60242839007934       -0.37893113900807       -0.82995835551549
C           -1.80399403673112        0.08776713087052        0.38780642428318
C           -2.14073385643383       -0.74800899031464        1.62031669786010
C           -2.05267798070775        1.57476332632652        0.65725282606616
O           -0.38887144931470       -0.09788132698747        0.17272074471857
H            5.11475576236464       -0.18447024678368        1.56058777058533
H            3.68937100001547       -1.20303435728246        1.81581543299213
H            3.61769722099912        0.52001454105450        2.19026865551364
H            3.91415845529955        1.06073593468895       -0.24327407266460
H            3.96557757148528       -0.67133111909929       -0.61595331689500
H           -0.16962464202746        0.68142418246585       -3.06690361209147
H           -3.66175559392116       -0.16383300134284       -0.69255646228133
H           -2.48923549828536       -1.45997165979995       -0.95822030492042
H           -1.53534875500870       -0.42044246560626        2.46076518143162
H           -3.19118503827418       -0.63741343937631        1.87192418518780
H           -1.92864723459588       -1.79721127124425        1.43186435069810
H           -1.81011832524064        2.16788289303752       -0.22168480823233
H           -1.43240961419628        1.90806064131618        1.48562428549053
H           -3.09653036635796        1.73789078584974        0.90868699466065
28
 energy: -44.824954538293 gnorm: 0.000398859287 xtb: 6.7.1 (edcfbbe)
C            4.03120843576170       -0.21851976389010        1.50824071451788
C            3.57897754229653        0.07196014221411        0.09023013685239
O            2.14997079319726        0.03859756614443        0.05854499925435
C            1.58211663819671        0.23476814613807       -1.12269875341843
O            2.18301070643627        0.43789157523101       -2.14775662955164
C            0.08457272316274        0.17828898735074       -1.04071973740731
C           -0.65673424780237        0.41463309671333       -2.14386357694549
C           -2.10510023573055        0.27102973251307       -2.11419648795654
O           -2.84467000626802        0.57276091351381       -3.02301509026383
C           -2.60246583755998       -0.37846753640614       -0.82976215575817
C           -1.80412264880094        0.08825241358058        0.38806298304430
C           -2.14100841647055       -0.74832918974282        1.62001756817359
C           -2.05324745600894        1.57515818187125        0.65774549819183
O           -0.38896216625823       -0.09643942376703        0.17331797899085
H            5.11554537679460       -0.18641613152913        1.55912756540965
H            3.68868345676454       -1.20242434848705        1.81637414474558
H            3.62033850649497        0.52090641933017        2.19007233211372
H            3.91456115244366        1.06035749713896       -0.24370632941200
H            3.96460070673449       -0.67181041892745       -0.61604747356388
H           -0.16884075882884        0.67966131570511       -3.06705513466657
H           -3.66171432267665       -0.16271679829716       -0.69252281938381
H           -2.48976729588113       -1.45966142953290       -0.95768745166796
H           -1.53670711334024       -0.42078295479241        2.46135670767989
H           -3.19181715221444       -0.63900179375405        1.87081264570608
H           -1.92776669531122       -1.79726068676189        1.43114352056228
H           -1.80956165123106        2.16838692810394       -0.22091002764698
H           -1.43371474027308        1.90827006553627        1.48680372100538
H           -3.09738529362446        1.73849332085308        0.90809115139293
28
 energy: -44.824956173210 gnorm: 0.000436780909 xtb: 6.7.1 (edcfbbe)
C            4.03250752497796       -0.21909189566244        1.50755486547921
C            3.57908532840596        0.07145735197739        0.08996816876856
O            2.14993838821663        0.04003622009488        0.05921727679686
C            1.58215646188888        0.23732382655921       -1.12187477919562
O            2.18274143514868        0.44069905080577       -2.14703811583258
C            0.08456491719657        0.17981199945055       -1.04008034229590
C           -0.65610691962923        0.41343119606927       -2.14423633021956
C           -2.10426022501146        0.26884595565624       -2.11513627787896
O           -2.84369959367767        0.56830770281654       -3.02505694513768
C           -2.60235316920122       -0.37770634409554       -0.82944597442328
C           -1.80444895177198        0.08945889623681        0.38850628848909
C           -2.14097394349732       -0.74864962097018        1.61955620994871
C           -2.05527310169097        1.57595810521482        0.65891494871732
O           -0.38912216420938       -0.09300333181728        0.17441975680292
H            5.11713399442810       -0.19196759055101        1.55613118693720
H            3.68604213097681       -1.20103467298217        1.81776129693041
H            3.62652849198729        0.52307888024009        2.18941671247341
H            3.91583711699935        1.05917093975974       -0.24462750726009
H            3.96282926954621       -0.67325253620919       -0.61630218284549
H           -0.16718435119444        0.67658537634039       -3.06732375135194
H           -3.66150224869650       -0.16058277352351       -0.69313498852879
H           -2.49089586808501       -1.45923748026757       -0.95619891559010
H           -1.53915441014806       -0.42027828837497        2.46250357129669
H           -3.19255126340836       -0.64271734819898        1.86868887345803
H           -1.92440451975239       -1.79685311057442        1.43017660629025
H           -1.80945100201237        2.16992442767601       -0.21880598087510
H           -1.43783153263517        1.90886489555056        1.48969328611743
H           -3.10015179514814        1.73900599482883        0.90675304292707
28
 energy: -44.824957132125 gnorm: 0.000353553365 xtb: 6.7.1 (edcfbbe)
C            4.03285143408162       -0.21978165589258        1.50728975795633
C            3.57946689870931        0.07085278830469        0.08970010276811
O            2.15025414469417        0.04080779377944        0.05924132394912
C            1.58239635525759        0.23830206283115       -1.12186623776612
O            2.18286429704365        0.44200599518150       -2.14690181136218
C            0.08473442059826        0.18154125102154       -1.03977766454628
C           -0.65579497167396        0.41313228439494       -2.14449149316815
C           -2.10386159397970        0.26843141834834       -2.11532835435930
O           -2.84312689335394        0.56626409077875       -3.02579230732121
C           -2.60191746475267       -0.37762367811450       -0.82935567315557
C           -1.80464304002498        0.09045047593837        0.38868509047964
C           -2.14009340611467       -0.74848736275632        1.61947449699103
C           -2.05759562822402        1.57647601563938        0.65952223795585
O           -0.38902804064489       -0.09003754291044        0.17489458877272
H            5.11761673123043       -0.19686165767122        1.55494995889825
H            3.68281322378994       -1.20006166218352        1.81873861817394
H            3.63032539962109        0.52465406363389        2.18869061948209
H            3.91727124758815        1.05803090552553       -0.24545154687615
H            3.96219851264298       -0.67464752609253       -0.61628565395661
H           -0.16661762718112        0.67502076945994       -3.06780617870635
H           -3.66127523059806       -0.16076434670274       -0.69369198386229
H           -2.49016260736534       -1.45928744915121       -0.95524554715697
H           -1.53988715919978       -0.41845910224242        2.46290134494200
H           -3.19214158437991       -0.64528684087084        1.86767023114080
H           -1.92054386007120       -1.79610359487620        1.43034423371949
H           -1.81125172052355        2.17130308703222       -0.21748267573014
H           -1.44182109317439        1.90966011390203        1.49141139973033
H           -3.10303074399224        1.73805512974262        0.90596312300566
