22
 energy: -35.222822511314 gnorm: 0.062350757377 xtb: 6.7.1 (edcfbbe)
C            3.80215077017400       -0.81484244688500       -0.83422238406300
O            3.06944531346900       -0.01543561812200        0.08531497448400
C            1.66592550707400       -0.25024561218300       -0.01795059086400
C            0.93180139530400        0.66115447565400        0.96146660097300
O           -0.47393935189900        0.36923371502000        1.00279524026000
C           -1.21509346448300        0.89861505178100       -0.00667381287000
O           -0.77700079994500        1.58726737951500       -0.92171619463600
C           -2.70416847079600        0.58378696992800        0.16369633206500
C           -2.95424554679300       -0.90267046815400        0.35383286550500
O           -3.45328642732700        1.00695060312000       -0.97761084781500
H            4.86623864613300       -0.59915944484500       -0.70608965652500
H            3.51793789654600       -0.57311589756000       -1.86290279027900
H            3.63423397375000       -1.87782786977000       -0.63605892008500
H            1.44538329833000       -1.29881480056200        0.21520317592800
H            1.32973559334500       -0.05929779592100       -1.04327689226100
H            1.32433764117900        0.50577175156400        1.97291730392600
H            1.10878723452600        1.71970501139900        0.73318800229900
H           -3.07154765727900        1.15203260403600        1.02443932252900
H           -2.48069398970000       -1.28080678547400        1.26499330242100
H           -4.02842411700800       -1.10939168640500        0.40877666114700
H           -2.56214469172000       -1.47420360675300       -0.49512278351300
H           -2.97543275288000        1.77129447061700       -1.35633835965600
22
 energy: -35.226650718471 gnorm: 0.022103354151 xtb: 6.7.1 (edcfbbe)
C            3.79028979941895       -0.80942041086076       -0.82736728044944
O            3.05117305016918       -0.02097781470234        0.08425518651254
C            1.65814158606051       -0.25346639730002       -0.02762886044978
C            0.93110225555236        0.65982419112322        0.95465626397035
O           -0.47050861663929        0.37909306327515        0.98649363331428
C           -1.21808914208240        0.89903788098842       -0.00206204966229
O           -0.79448714005629        1.58454200451817       -0.89852747487504
C           -2.69968524783714        0.57565213981811        0.16492992281395
C           -2.94541139635096       -0.91254934000460        0.35706735868875
O           -3.42190312454665        1.01698303766445       -0.97247497174962
H            4.84373010926428       -0.57376426298246       -0.67617789644358
H            3.51225836613374       -0.57543690395905       -1.86025912432758
H            3.62811698569402       -1.87627670198621       -0.64027205615576
H            1.43228177127299       -1.30273583009245        0.21306214236418
H            1.32248276872124       -0.04747243106233       -1.05313291215869
H            1.30350962383722        0.48769593014929        1.96947526476541
H            1.09957936165615        1.71037195302164        0.69250137050063
H           -3.05249257647499        1.13653548193111        1.04385360737221
H           -2.46887741733581       -1.27157603675896        1.26733083617189
H           -4.01818379782621       -1.09289130173435        0.41523369489820
H           -2.55531881678849       -1.46735661463195       -0.49630576953888
H           -2.92770840184244        1.75418836358589       -1.36599033659174
22
 energy: -35.227518952835 gnorm: 0.011596861940 xtb: 6.7.1 (edcfbbe)
C            3.78311897764013       -0.80481665566010       -0.82134062058615
O            3.03355699631045       -0.02883560882560        0.08285073436762
C            1.64899270003518       -0.25850935164690       -0.03503148192953
C            0.92643382241853        0.65868633400075        0.94869191845901
O           -0.47250773095821        0.38544059664763        0.97961267187292
C           -1.21894268369926        0.90580085050669        0.00528535421009
O           -0.80091550050711        1.59584009756187       -0.88466173921792
C           -2.69756455090213        0.57583307249222        0.16823347682336
C           -2.93944873580498       -0.91700055180018        0.35841501826953
O           -3.40328814332978        1.02753710079140       -0.96142491638365
H            4.82835985179882       -0.55358277908852       -0.65239681612422
H            3.51243255612985       -0.57543857661128       -1.85836116779334
H            3.62868466528424       -1.87595033434730       -0.64462359780352
H            1.41458876295350       -1.30870616756695        0.20184754092070
H            1.31153624651689       -0.04339638794608       -1.05957719486810
H            1.28810834041629        0.47943976225615        1.96275818993832
H            1.09492849255685        1.70299875980353        0.66768015740926
H           -3.04188996524668        1.12500280839101        1.06356989929317
H           -2.45552036933478       -1.26341962616407        1.26550989759934
H           -4.00954274971518       -1.09023044176740        0.42270488546987
H           -2.55153056637849       -1.46357400120613       -0.49677426166293
H           -2.87959041618415        1.72688110017924       -1.38430739929388
22
 energy: -35.227806535325 gnorm: 0.008752002012 xtb: 6.7.1 (edcfbbe)
C            3.78062452917327       -0.80246291885944       -0.81733655159678
O            3.02195868350793       -0.03530139561476        0.08278110137929
C            1.64149686229944       -0.26239852057705       -0.04062198089750
C            0.92298842657162        0.65744350550855        0.94545954899516
O           -0.47512633772511        0.38716071217969        0.97930113563817
C           -1.22116990655957        0.91082834267708        0.01273441808697
O           -0.80798941474656        1.60915870197880       -0.87621131401772
C           -2.69989695764394        0.57988563559724        0.17098164938463
C           -2.93500699651138       -0.91728813974322        0.35891492523538
O           -3.40046803002924        1.04097148793647       -0.95059608842775
H            4.82151136104463       -0.54344911890167       -0.63867651508812
H            3.51637616594290       -0.57344758784982       -1.85687810320506
H            3.63273851556214       -1.87643390845256       -0.64725654263743
H            1.39949926191695       -1.31287930372924        0.19121412258920
H            1.30253551972833       -0.04305293629463       -1.06463327566137
H            1.28470562340681        0.47729546776404        1.95751851742004
H            1.09381167012873        1.69869236082910        0.65766636784327
H           -3.04030937982825        1.11889056460646        1.07618786848098
H           -2.44299712487598       -1.25993027662299        1.26247511323739
H           -4.00341783098624       -1.09255438121519        0.43022742270984
H           -2.54992237628360       -1.45994932487843       -0.49926064590561
H           -2.84194226409291        1.69882103366156       -1.40533062459303
22
 energy: -35.227981649270 gnorm: 0.010948620421 xtb: 6.7.1 (edcfbbe)
C            3.78006455781043       -0.80256978088364       -0.81400216860811
O            3.01286053060243       -0.04257065458541        0.08360262256926
C            1.63418335708794       -0.26558991234397       -0.04610037950728
C            0.92017190347436        0.65738435826006        0.94203206566136
O           -0.47832859614783        0.39070029140131        0.98293368232552
C           -1.22576903765694        0.91979824317122        0.02370128246259
O           -0.81797312864781        1.62079514828992       -0.86977058881106
C           -2.70480510203429        0.58541574261254        0.17470409427739
C           -2.92997029943606       -0.91642621181635        0.35796661858340
O           -3.40132351037469        1.05705018055234       -0.94070979911450
H            4.81823251479155       -0.53924763619978       -0.62819766937630
H            3.52223545497239       -0.57139724242569       -1.85510059566169
H            3.63768340683651       -1.87843868669711       -0.64912555703272
H            1.38411892779179       -1.31570134915651        0.18081555627199
H            1.29551333940531       -0.04326450568752       -1.07007650110989
H            1.28789503997149        0.47863273367315        1.95153490264989
H            1.09430838469593        1.69700555132267        0.65216415847038
H           -3.04798040425490        1.11340096871711        1.08535815356138
H           -2.42861370255355       -1.25846864392053        1.25717826635073
H           -3.99662916425176       -1.10020834332059        0.43747849930677
H           -2.54726807894331       -1.45545081995571       -0.50412335938921
H           -2.80860639313903        1.66915056899249       -1.42360273490995
22
 energy: -35.228109655075 gnorm: 0.008570393058 xtb: 6.7.1 (edcfbbe)
C            3.77981473326652       -0.80540217425693       -0.81202283116627
O            3.00894749811336       -0.04790324418846        0.08537969440090
C            1.62955198653697       -0.26617625745160       -0.04898664456197
C            0.91935926364276        0.65991433617818        0.93973001287580
O           -0.47995657303661        0.39568923982201        0.98816424810679
C           -1.22906755456180        0.92491492158047        0.03080626365178
O           -0.82482343388603        1.62446317523501       -0.86776723132216
C           -2.70876414452572        0.58933902243720        0.17844250984799
C           -2.92492780424150       -0.91555989231792        0.35516110899607
O           -3.40332806977566        1.06815667999116       -0.93500723380257
H            4.81753284112335       -0.54227067018035       -0.62310077491736
H            3.52589461202322       -0.57097434179211       -1.85325939098380
H            3.63899952678395       -1.88160099561736       -0.64961749997361
H            1.37380231917798       -1.31527077028920        0.17579298374942
H            1.29356401329942       -0.04268859341293       -1.07360795395527
H            1.29457686249352        0.48416797998010        1.94753802702714
H            1.09544301824034        1.69923521619033        0.64958091369490
H           -3.05931327120977        1.10885889444889        1.08979868207405
H           -2.41627723400042       -1.25961872389128        1.25034503901253
H           -3.99018915929619       -1.10883096667608        0.44100014025911
H           -2.54383450648462       -1.45071959241657       -0.51097076484735
H           -2.79700492368309        1.65227675662745       -1.42873874919615
22
 energy: -35.228238943127 gnorm: 0.007049117905 xtb: 6.7.1 (edcfbbe)
C            3.77783986264359       -0.81030679565993       -0.81033182822615
O            3.00646024665080       -0.05406867440011        0.08933265134032
C            1.62488052751927       -0.26407791596709       -0.05103317029152
C            0.91946576975658        0.66552934225845        0.93772595809806
O           -0.48073002043898        0.40434177159156        0.99622381873345
C           -1.23265869049829        0.92869601332442        0.03840036828758
O           -0.83127929585398        1.62031487826117       -0.86753445288182
C           -2.71309952277410        0.59375729733146        0.18730388543404
C           -2.91957356870532       -0.91443243649067        0.34976539553519
O           -3.40907128405700        1.08423543080500       -0.92239665429160
H            4.81617342807770       -0.55041788334041       -0.61830461287585
H            3.52739763301884       -0.56967347120363       -1.85054282265982
H            3.63512670497703       -1.88627144497169       -0.65180871416482
H            1.36224702375348       -1.31144289495594        0.17220556838417
H            1.29527370013603       -0.03777507728277       -1.07691357425866
H            1.30372309735251        0.49314060647489        1.94389312965840
H            1.09572557101122        1.70490429064527        0.64641541735327
H           -3.07096196376468        1.10336549716616        1.09927377581104
H           -2.40043114114295       -1.26483787065996        1.23708179221442
H           -3.98268263281880       -1.11930681533664        0.44362897172438
H           -2.54191304764562       -1.43990698658401       -0.52475662250019
H           -2.78191239719737        1.62423313899447       -1.43896773145389
22
 energy: -35.228364793573 gnorm: 0.003792977373 xtb: 6.7.1 (edcfbbe)
C            3.77271896171969       -0.81765325950007       -0.80891191797581
O            3.00622527437655       -0.05978995529361        0.09533012824421
C            1.62129302964759       -0.25791909771540       -0.05045034118013
C            0.92130195303308        0.67590443226909        0.93726777229597
O           -0.47954435234914        0.41809853241220        1.00654936865896
C           -1.23454377872047        0.93181232744629        0.04424022508766
O           -0.83319832929905        1.60552087435190       -0.87399791206898
C           -2.71457241353472        0.59592018090564        0.19844002046796
C           -2.91250906261849       -0.91511896641091        0.34142293772031
O           -3.41516897617885        1.09969418455075       -0.90628358952663
H            4.81314036156048       -0.56592367565464       -0.61503256746514
H            3.52422649204295       -0.56872146940253       -1.84710034472551
H            3.62238732165174       -1.89272984593581       -0.65526271374090
H            1.35093980715501       -1.30298975884575        0.17201460062072
H            1.30063581657063       -0.02786498135461       -1.07785687750735
H            1.31272466553549        0.50671200337940        1.94211102273977
H            1.09605206726260        1.71517447656149        0.64306555576387
H           -3.07806265638942        1.09469893144288        1.11171700959783
H           -2.38285858483923       -1.27601112502048        1.21859171749848
H           -3.97330584005654       -1.12901614883646        0.44280131641460
H           -2.54037208010633       -1.42601303885318       -0.54462534787069
H           -2.77750967646360        1.59621537950381       -1.44536951407917
22
 energy: -35.228395962528 gnorm: 0.013422186974 xtb: 6.7.1 (edcfbbe)
C            3.76199437998057       -0.82753366789729       -0.80601284749615
O            3.00355472505684       -0.06873948866808        0.10519418838060
C            1.61504618611003       -0.24688569870303       -0.04863504935942
C            0.92402030133718        0.69371912614275        0.93816292815772
O           -0.47706512905546        0.44031379902772        1.02167402707303
C           -1.23581942682833        0.93214052489287        0.05037695699438
O           -0.83523298568951        1.57891847183976       -0.88671812131874
C           -2.71473426360260        0.59945052152507        0.21727933923146
C           -2.90182403152138       -0.91681369876934        0.32729288338736
O           -3.42624012589034        1.12987440493249       -0.87173563239779
H            4.80508175227433       -0.58948861146566       -0.60760342630691
H            3.51739435988391       -0.56498342283553       -1.84158605210825
H            3.59821909646537       -1.90205643683802       -0.66305932648058
H            1.33044399572259       -1.28868771138209        0.17075897820421
H            1.30650458023474       -0.00936592619841       -1.07765953513445
H            1.32301728234218        0.52831726598303        1.94089302150032
H            1.09656284419880        1.73149058559212        0.63673138126564
H           -3.07683192346713        1.07867099308470        1.13956215118477
H           -2.35436019330985       -1.29588997819149        1.18632078071862
H           -3.95916423481244       -1.14000674807273        0.44199266918024
H           -2.54160904812815       -1.40284609228830       -0.57838948065413
H           -2.75895814130141        1.54040178828944       -1.46617928505186
22
 energy: -35.228576683227 gnorm: 0.004862456624 xtb: 6.7.1 (edcfbbe)
C            3.75684368804620       -0.83052331078736       -0.80626257632383
O            3.00603050568632       -0.06758006157052        0.10742268330251
C            1.61674417052109       -0.24078889982012       -0.04378931452194
C            0.92698401338635        0.70135185647996        0.94189520643644
O           -0.47374845355795        0.44790352709655        1.02463900296007
C           -1.23140125174304        0.92745932071389        0.04481478616105
O           -0.82728997731234        1.56250715307698       -0.89783228701388
C           -2.70893241187323        0.59608079436090        0.21789765048548
C           -2.89902136716529       -0.91954151292682        0.32201130851724
O           -3.42688952177566        1.12706304139702       -0.86665330487058
H            4.80205600660412       -0.60061421216147       -0.61009178662580
H            3.51072057555742       -0.56539047509339       -1.84091292847759
H            3.58442496708637       -1.90421865920492       -0.66481324267564
H            1.33021453936130       -1.28181328105864        0.17642485160634
H            1.30883677975447       -0.00275164427178       -1.07250545017512
H            1.32264437216378        0.53626896351410        1.94513055451840
H            1.09865048741670        1.73827434700288        0.63769433267578
H           -3.06517001759299        1.07337784460907        1.14346678357724
H           -2.35238543003447       -1.30336825461289        1.17836269180927
H           -3.95655848272500       -1.13810005458496        0.43583068211748
H           -2.54176896125056       -1.40113147922575       -0.58589673104746
H           -2.78098423055367        1.54553499706724       -1.45817236346535
22
 energy: -35.228690566306 gnorm: 0.005083949410 xtb: 6.7.1 (edcfbbe)
C            3.74540306905193       -0.83843175550252       -0.80434900523301
O            3.00466901550487       -0.07225267277501        0.11426201339413
C            1.61379274941110       -0.22933184944369       -0.03858847972432
C            0.93117416112437        0.71906031853506        0.94612424052026
O           -0.46984238685853        0.47025879213029        1.03674726255789
C           -1.22804159901781        0.92578925918291        0.04466624940493
O           -0.82184553715858        1.53065822841963       -0.91765669671533
C           -2.70321777085233        0.59525649565798        0.22769435307776
C           -2.88976499445684       -0.92366906607305        0.30838677970778
O           -3.43282849273088        1.14345993386415       -0.84051466034315
H            4.79360647652678       -0.62406993748860       -0.60662182596262
H            3.50205852318658       -0.56317678519399       -1.83736513505659
H            3.55786085488185       -1.91115976650873       -0.67100346721583
H            1.31555250311818       -1.26763873004592        0.18024351299285
H            1.31048421900411        0.01318389261945       -1.06737750933081
H            1.32875828747192        0.55656306549587        1.94832640147314
H            1.10352886719214        1.75372737762344        0.63575382016904
H           -3.05095838985827        1.05735727716681        1.16374956359141
H           -2.33345527548204       -1.32160926121197        1.15194098136365
H           -3.94577045543618       -1.14430942318237        0.42958078924504
H           -2.54174380523597       -1.38797827588990       -0.61184753799401
H           -2.78942001938651        1.51831288262010       -1.46349110095204
22
 energy: -35.228750761518 gnorm: 0.012564161520 xtb: 6.7.1 (edcfbbe)
C            3.72223629723248       -0.85378203069359       -0.79984618509534
O            2.99945665849513       -0.08143251124030        0.12613861829061
C            1.60705678292379       -0.20719926075649       -0.02863474955884
C            0.93960029990538        0.75560311389840        0.95394828604122
O           -0.46221503091999        0.51681762582509        1.05944516824858
C           -1.22027907966997        0.91867329898878        0.04191027257851
O           -0.81369226162984        1.46842202933542       -0.95510524193265
C           -2.69161702474943        0.59370810332476        0.24528828310513
C           -2.87109726643189       -0.93200941370262        0.27983123020115
O           -3.44379143748268        1.17909385838353       -0.78513180185369
H            4.77564957940852       -0.67040129676695       -0.59826501821664
H            3.48747115083300       -0.55977485030408       -1.83058584866814
H            3.50601032852708       -1.92396377039747       -0.68174593812894
H            1.28428753808786       -1.23939811842741        0.18887934847949
H            1.30906031658120        0.04167263935444       -1.05729231760190
H            1.34257204207914        0.59949386296569        1.95415366600974
H            1.11656483634071        1.78537347935293        0.63205116996761
H           -3.01913291218746        1.02193988960093        1.20488668130079
H           -2.29631994534228       -1.35646896803716        1.09843868747398
H           -3.92427115972947       -1.15832914398373        0.41593733054532
H           -2.54056944085516       -1.36408171858391       -0.66270377413514
H           -2.80698027141628        1.46604318186367       -1.47293731808058
22
 energy: -35.228831126974 gnorm: 0.003479487006 xtb: 6.7.1 (edcfbbe)
C            3.72555733427105       -0.85008990315408       -0.80065118792006
O            2.99934421062005       -0.07756364380379        0.12122648777822
C            1.60929502837222       -0.21112174501133       -0.02960513466054
C            0.93871063248753        0.75001987542294        0.95291539212345
O           -0.46304507615040        0.51012486119951        1.05220995948441
C           -1.21973233573106        0.91894448045094        0.03958224559641
O           -0.81481238138554        1.48006314531043       -0.94848101715995
C           -2.69125369206552        0.59122887957143        0.23734822098434
C           -2.87543831863424       -0.93237645180130        0.28450244853580
O           -3.43800333651919        1.16821267455244       -0.79638175292317
H            4.77753749015133       -0.66201472987596       -0.60044035844044
H            3.49086037776363       -0.56232732252794       -1.83295368227036
H            3.51432860854040       -1.91993436505818       -0.67775847345798
H            1.29124485052143       -1.24407432146127        0.19034839224944
H            1.30458666961231        0.03354300919446       -1.05755190467106
H            1.33888919603503        0.59275592884907        1.95406179479055
H            1.11805972606151        1.78009768020769        0.63405670151453
H           -3.01687194302802        1.02541386687863        1.19463018482641
H           -2.30842058553374       -1.34890658748146        1.11046958129670
H           -3.93006747903600       -1.15567392252727        0.41466307777886
H           -2.53915467951850       -1.37448353239384       -0.64918546312898
H           -2.81161429683445        1.48816212345880       -1.46434496335633
22
 energy: -35.228860946249 gnorm: 0.002537678216 xtb: 6.7.1 (edcfbbe)
C            3.72161228097958       -0.85447626555370       -0.79938486785660
O            2.99897063806340       -0.07930512052223        0.12370792643796
C            1.60802320227155       -0.20673618203709       -0.02806407450701
C            0.94085469095188        0.75834445448476        0.95270415733765
O           -0.46111420324058        0.52081095749041        1.05628752927044
C           -1.21877980458513        0.91776889832214        0.03926675986060
O           -0.81527518328850        1.46766047611247       -0.95616044545939
C           -2.69037387420381        0.59074275271190        0.24268331503584
C           -2.87130469837769       -0.93413734119981        0.27799945259068
O           -3.44181544484594        1.17680480618968       -0.78317814407849
H            4.77480314130210       -0.67275486245815       -0.59786949314996
H            3.48942342373598       -0.56291716674092       -1.83111193708273
H            3.50425068511199       -1.92326701430165       -0.67863910058836
H            1.28543257858497       -1.23778464254549        0.19394724892285
H            1.30557706435734        0.03754323699726       -1.05687851123762
H            1.34356804655978        0.60344241438138        1.95370183001680
H            1.12101935537162        1.78790079722422        0.63149739478716
H           -3.01401891994671        1.01689885355347        1.20316875257759
H           -2.30032516528649       -1.35694573014930        1.09889743665967
H           -3.92507522068408       -1.16066472119442        0.41058405410107
H           -2.53777580471635       -1.36849611859827       -0.66158900172486
H           -2.81767678811504        1.47956751783328       -1.46290973294300
22
 energy: -35.228886798447 gnorm: 0.005139783045 xtb: 6.7.1 (edcfbbe)
C            3.71220630137469       -0.86556479290482       -0.79576859172854
O            2.99735315509614       -0.08349916095710        0.12859727386812
C            1.60484074558426       -0.19652929754921       -0.02467821747729
C            0.94632461618144        0.77935902995232        0.95094823320804
O           -0.45615876347481        0.54861624345318        1.06557813462667
C           -1.21684884425810        0.91737794471067        0.04054256045958
O           -0.81829916651942        1.43908071501765       -0.97269690773062
C           -2.68801484499010        0.58932902629105        0.25576161624092
C           -2.86060185469677       -0.93839915488341        0.26065302289410
O           -3.45059334609869        1.19738740065850       -0.74923462540603
H            4.76766210829275       -0.69912741364834       -0.59032923586201
H            3.48728439814907       -0.56601596586109       -1.82661225313146
H            3.47972240203605       -1.93146757444373       -0.67957088358729
H            1.27102018201435       -1.22273737379713        0.20306432085203
H            1.30688934776562        0.04534298421481       -1.05554756335787
H            1.35499502045798        0.63083491479342        1.95135166117900
H            1.12907419053341        1.80696028091558        0.62296455133199
H           -3.00624874818890        0.99321492946820        1.22585797754635
H           -2.28207010924525       -1.37491741210151        1.06991661484713
H           -3.91206325725072       -1.17428620982673        0.39659251198152
H           -2.53091826982848       -1.35425972434559       -0.69002424004454
H           -2.83555526293472        1.45930061084320       -1.45870541173942
22
 energy: -35.228903717859 gnorm: 0.001901901892 xtb: 6.7.1 (edcfbbe)
C            3.71418630685881       -0.86545652390734       -0.79539085424331
O            2.99791688034971       -0.08255514112518        0.12749422035310
C            1.60540227047384       -0.19809283691090       -0.02554085162194
C            0.94613521983055        0.77812848100672        0.94885733433960
O           -0.45618759146857        0.54667370434915        1.06333672978321
C           -1.21774683785479        0.91769631421223        0.04065812367948
O           -0.82074619256367        1.44344107940281       -0.96994378750374
C           -2.68926913347641        0.58901445432982        0.25587242499966
C           -2.86125347089451       -0.93790855692521        0.26136523165819
O           -3.45129233097387        1.19589608906416       -0.75005866199632
H            4.76911311140574       -0.69715229717712       -0.58961093650533
H            3.48953670928925       -0.56788373362477       -1.82664685186995
H            3.48304924179440       -1.93113253989831       -0.67730037052331
H            1.27355877710010       -1.22431132251693        0.20392444243915
H            1.30729259776337        0.04164852677030       -1.05685144456656
H            1.35491193935286        0.63058068084923        1.94945978275307
H            1.12829512784221        1.80574440785309        0.62024104561226
H           -3.00861356247532        0.99343250689721        1.22485492166360
H           -2.28434810971033       -1.37328629707233        1.07225338549438
H           -3.91284472910197       -1.17451205800561        0.39479903400376
H           -2.52904813188795       -1.35439727549981       -0.68803942210112
H           -2.83804809165364        1.46443233792871       -1.45507294687750
22
 energy: -35.228920418129 gnorm: 0.001568047640 xtb: 6.7.1 (edcfbbe)
C            3.71249284117722       -0.87058791020794       -0.79249827254133
O            2.99712427593834       -0.08322187613883        0.12757159615775
C            1.60427466831752       -0.19618632525828       -0.02510762124360
C            0.94849397675905        0.78702177873130        0.94434816143354
O           -0.45384368020758        0.55845542939886        1.06530386846654
C           -1.21874756695665        0.91978239416646        0.04306409591487
O           -0.82657150993715        1.43520690788892       -0.97429206194708
C           -2.68940371973804        0.58794771093320        0.26326143505544
C           -2.85597659278682       -0.93906590566388        0.25286232584651
O           -3.45651815042442        1.20334915001487       -0.73268509058062
H            4.76718555177836       -0.70659563150776       -0.58367085707754
H            3.49228777742654       -0.57310969595687       -1.82451867244610
H            3.47606531736230       -1.93471116178809       -0.67363759694271
H            1.27004275614205       -1.22025837698514        0.20976020272141
H            1.30711717562241        0.03847920870639       -1.05772809445394
H            1.36017153771953        0.64543253938355        1.94456369656357
H            1.13076281652887        1.81240416976377        0.60869423665236
H           -3.00636833521598        0.98105664343070        1.23710401695958
H           -2.27945491682919       -1.37958859030650        1.06066528777613
H           -3.90675350630260       -1.18178242988651        0.38131610118579
H           -2.51949039717032       -1.34568957722893       -0.69866630804792
H           -2.85289031920365        1.46166154851062       -1.44704990048223
22
 energy: -35.228932059861 gnorm: 0.001935053639 xtb: 6.7.1 (edcfbbe)
C            3.70961076627624       -0.87651767833046       -0.78886860845629
O            2.99631510983490       -0.08428490319948        0.12858656689986
C            1.60298227169591       -0.19317401476700       -0.02393079859639
C            0.95102147070898        0.79806534770357        0.93998176697884
O           -0.45095436700793        0.57101328719229        1.06804172056426
C           -1.21930260454211        0.92015811569972        0.04402709799404
O           -0.83136487816966        1.42551046689726       -0.97921545449695
C           -2.68832006290598        0.58698732889267        0.27197272958234
C           -2.84929295614499       -0.94064861411575        0.24272583103761
O           -3.46439332522106        1.21343043493952       -0.71055963922235
H            4.76449013590125       -0.71825121480668       -0.57726665892920
H            3.49356508417535       -0.57889916240239       -1.82174887145533
H            3.46678777972843       -1.93926470419564       -0.66970192234065
H            1.26527323236227       -1.21493479448186        0.21640371076161
H            1.30704251026746        0.03667921855563       -1.05776658558074
H            1.36589480688206        0.66405730223076        1.93963132644552
H            1.13216955678008        1.82036846392691        0.59495651014759
H           -3.00009058437449        0.96751340726625        1.25257214284591
H           -2.27143292615545       -1.38952278259426        1.04520434089617
H           -3.89933818275802       -1.18864129581526        0.36747773391811
H           -2.51054034118037       -1.33366473757232       -0.71376099685776
H           -2.87012249615309        1.45402052897645       -1.44010139316569
22
 energy: -35.228940740107 gnorm: 0.000983630451 xtb: 6.7.1 (edcfbbe)
C            3.70888771091839       -0.88063887130443       -0.78522724634422
O            2.99571058321211       -0.08440230761976        0.12834134173988
C            1.60226596401757       -0.19267805998084       -0.02372933754874
C            0.95240286556824        0.80563461272466        0.93458004118229
O           -0.44906386780785        0.57906247220391        1.06958837654934
C           -1.22135217850718        0.92339023798190        0.04638709212476
O           -0.83599963327532        1.42048497357761       -0.98282483089483
C           -2.68775541241302        0.58638918254464        0.28032012099425
C           -2.84438421688292       -0.94163469476828        0.23495660518213
O           -3.47089782897170        1.22000828488072       -0.69177332946138
H            4.76351496713592       -0.72433031427674       -0.57164871611307
H            3.49572358408985       -0.58576364402786       -1.81966834636795
H            3.46354817275489       -1.94268320887329       -0.66377124919387
H            1.26345451890013       -1.21283377870778        0.22251434915747
H            1.30618119215782        0.03167506156460       -1.05865342720717
H            1.37078457362452        0.67995860380976        1.93357551788796
H            1.13129283226995        1.82451401137333        0.57967919502865
H           -2.99537475672186        0.95801714123558        1.26526322535460
H           -2.26740292768512       -1.39815138820949        1.03376088650536
H           -3.89424390054510       -1.19365201408369        0.35372703816904
H           -2.50187981307204       -1.32224830079166       -0.72518383030209
H           -2.88541242876750        1.44988200074702       -1.43155292747182
22
 energy: -35.228947700673 gnorm: 0.001848603742 xtb: 6.7.1 (edcfbbe)
C            3.71181577838948       -0.88174418885719       -0.78278404436623
O            2.99647221366307       -0.08276477764587        0.12632526104625
C            1.60329423997309       -0.19516911932162       -0.02477722680154
C            0.95208611334450        0.80654679671536        0.92909076477944
O           -0.44830679304610        0.57659247782672        1.06674604911740
C           -1.22369310227967        0.92552689053574        0.04725124343735
O           -0.84039667645635        1.42877602385564       -0.97857501853122
C           -2.68858984178738        0.58611419777535        0.28376519326779
C           -2.84383396540235       -0.94141132622303        0.23256080450259
O           -3.47576926020577        1.22189694790046       -0.68381695219295
H            4.76586066057526       -0.72175346592765       -0.56942596306227
H            3.49858001297374       -0.59280752454477       -1.81891753289793
H            3.46934870528298       -1.94383132771414       -0.65627173305399
H            1.26706278935925       -1.21488946717846        0.22661940423926
H            1.30595392233150        0.02351848154694       -1.06063929410670
H            1.37265130743664        0.68736471962765        1.92792350623031
H            1.12733297650324        1.82358553410611        0.56785258628570
H           -2.99405918564947        0.95432966455098        1.27055023794245
H           -2.26924881678400       -1.40062890375075        1.03117222060115
H           -3.89404533816369       -1.19417150729970        0.34679533732765
H           -2.49818254600010       -1.31766810765744       -0.72753584263141
H           -2.89433319405812        1.45258798167959       -1.42524845216251
22
 energy: -35.228954589803 gnorm: 0.001513542395 xtb: 6.7.1 (edcfbbe)
C            3.71377648455005       -0.88303851189248       -0.78138788784921
O            2.99759057153576       -0.08117785854536        0.12465168841805
C            1.60453217876222       -0.19650785563508       -0.02482203053569
C            0.95216939749900        0.80792511503786        0.92542813637937
O           -0.44734657385244        0.57511917134321        1.06517026236061
C           -1.22506674590796        0.92685815946116        0.04773444656291
O           -0.84378743306726        1.43476669568253       -0.97675357356664
C           -2.68955442371251        0.58579995166271        0.28601922258662
C           -2.84396824696159       -0.94178165154054        0.23015265186961
O           -3.47909110513253        1.22510232587058       -0.67778713847098
H            4.76788185560003       -0.71974675591026       -0.56984612088653
H            3.49923329193085       -0.59910769446144       -1.81851915070324
H            3.47378568016836       -1.94502181751033       -0.64971466973840
H            1.27003233731639       -1.21552541341287        0.23132275556068
H            1.30606047154827        0.01709857665054       -1.06161317440336
H            1.37480667285631        0.69389109395758        1.92431946411098
H            1.12480567013275        1.82425048280913        0.56028750784701
H           -2.99382611469325        0.94974781996967        1.27465916869086
H           -2.26961128547692       -1.40328748404500        1.02776299966527
H           -3.89422894586462       -1.19494093073566        0.34368697506908
H           -2.49803912526509       -1.31569116970273       -0.73100265418410
H           -2.90015461196604        1.45526775094670       -1.42108832981226
22
 energy: -35.228958712180 gnorm: 0.000457721250 xtb: 6.7.1 (edcfbbe)
C            3.71442314365651       -0.88352863156746       -0.78101051671060
O            2.99851865778064       -0.07990850888710        0.12382932286602
C            1.60540268700304       -0.19617444276572       -0.02482189869375
C            0.95227825204494        0.80837134384774        0.92471248639644
O           -0.44709364454136        0.57418353083408        1.06430079598261
C           -1.22511693234933        0.92700267253100        0.04736240303762
O           -0.84453326126068        1.43759331236035       -0.97680363429174
C           -2.68960966866501        0.58521579322382        0.28569378607296
C           -2.84478250025882       -0.94244657370005        0.22936552370443
O           -3.47977243946429        1.22638442348754       -0.67575558899715
H            4.76883286967052       -0.71889418848436       -0.57103172938781
H            3.49837866152889       -0.60231010418882       -1.81873399096530
H            3.47511301842510       -1.94548911271339       -0.64617827690738
H            1.27148069802377       -1.21513265817547        0.23249541549481
H            1.30610959649300        0.01615030047028       -1.06165109978560
H            1.37463212149429        0.69521065154027        1.92367349481153
H            1.12429707601316        1.82482475828424        0.55946954251672
H           -2.99271114332662        0.94747644019611        1.27505332063226
H           -2.26898279010534       -1.40377583541108        1.02606919068487
H           -3.89470219375341       -1.19569408846409        0.34511303604915
H           -2.50060834525622       -1.31711669553973       -0.73237289135688
H           -2.90155386315303        1.45805761312176       -1.42011814218254
22
 energy: -35.228961993353 gnorm: 0.000677385519 xtb: 6.7.1 (edcfbbe)
C            3.71525076966573       -0.88421709405945       -0.78034446976109
O            2.99965424658725       -0.07750501615119        0.12209789198207
C            1.60656288792738       -0.19585058306104       -0.02484276055937
C            0.95243467484276        0.80900529634012        0.92358410009377
O           -0.44668961459751        0.57273099224828        1.06281972778849
C           -1.22548585098083        0.92728175214004        0.04717922592959
O           -0.84626106298576        1.44098974543320       -0.97599943994318
C           -2.68984974066717        0.58448638780989        0.28565583329477
C           -2.84550338971424       -0.94320964726568        0.22794779141431
O           -3.48076736019056        1.22780614666155       -0.67311497010003
H            4.76985318020096       -0.71696476133056       -0.57322417339438
H            3.49674733325509       -0.60826557077241       -1.81900999742187
H            3.47783569914439       -1.94597081945256       -0.63999259062759
H            1.27432164956031       -1.21488296813716        0.23450848762306
H            1.30591480090521        0.01428583011457       -1.06175728689849
H            1.37458762880209        0.69750395334203        1.92281067415958
H            1.12304115924618        1.82538982182594        0.55741658745086
H           -2.99135758393336        0.94466390196432        1.27626480360338
H           -2.26736890332315       -1.40501601474385        1.02274828587009
H           -3.89508104855661       -1.19627738605478        0.34687700673455
H           -2.50435302165623       -1.31774062219168       -0.73499515949423
H           -2.90348645353215        1.46175665534034       -1.41796901877366
22
 energy: -35.228966180751 gnorm: 0.000830688182 xtb: 6.7.1 (edcfbbe)
C            3.71636303150239       -0.88508643967776       -0.77949216583674
O            3.00112837830608       -0.07352186346609        0.11893223065308
C            1.60807513356627       -0.19574675345180       -0.02471080246884
C            0.95249941429338        0.80973692101039        0.92194200127000
O           -0.44625541683711        0.57073886166839        1.06099459173760
C           -1.22614708352626        0.92791998746282        0.04724815209918
O           -0.84854493209671        1.44546161752253       -0.97459046848726
C           -2.69026733547998        0.58365216398970        0.28624569670994
C           -2.84622702536663       -0.94396486059844        0.22586776729366
O           -3.48212144831540        1.22912025243944       -0.66982260769798
H            4.77113293885837       -0.71315376992527       -0.57708948397397
H            3.49368480846289       -0.61789245128724       -1.81960102749448
H            3.48243179426559       -1.94644046745050       -0.63008547911920
H            1.27897971020615       -1.21496157355786        0.23799637034585
H            1.30480301826718        0.01082138768340       -1.06164235491183
H            1.37460109921388        0.70099038487542        1.92151191018676
H            1.12100641540255        1.82576355568720        0.55382529520077
H           -2.99028415434843        0.94130654363123        1.27837439248064
H           -2.26459074132436       -1.40720852821884        1.01730102983917
H           -3.89528097543183       -1.19725736279433        0.34899114482321
H           -2.50934186194588       -1.31668622080154       -0.73923583012942
H           -2.90564476767236        1.46640861525908       -1.41429981354948
22
 energy: -35.228971363289 gnorm: 0.000727578729 xtb: 6.7.1 (edcfbbe)
C            3.71777281003441       -0.88606646874527       -0.77829773009865
O            3.00251857464963       -0.06797502030934        0.11419969524961
C            1.60956731776950       -0.19604883083328       -0.02475196526070
C            0.95247095938179        0.81049569351389        0.91966439529073
O           -0.44577127993444        0.56841717141011        1.05907366362587
C           -1.22727977299831        0.92877258703220        0.04775904166993
O           -0.85162044102327        1.45080085309532       -0.97237955222975
C           -2.69097904658718        0.58284941390538        0.28757309709124
C           -2.84651796284708       -0.94460457725504        0.22317293463428
O           -3.48438777768609        1.23045612717345       -0.66575888370427
H            4.77257240955049       -0.70739670281989       -0.58203409387446
H            3.48977957706347       -0.63115748561592       -1.82039404885934
H            3.48903070223403       -1.94679941992647       -0.61648562391664
H            1.28523657483914       -1.21554080386830        0.24276856482206
H            1.30245062225402        0.00536969393737       -1.06167414037898
H            1.37485773550127        0.70543019913302        1.91952887678870
H            1.11846930329270        1.82586770514615        0.54864386538373
H           -2.98950226774539        0.93774684442975        1.28126252450947
H           -2.26030837120969       -1.41039041750414        1.00975558311826
H           -3.89479216986387       -1.19868246276740        0.35130476517699
H           -2.51501607242862       -1.31373875218503       -0.74513100259680
H           -2.90855142424673        1.47219465305334       -1.40913941747061
22
 energy: -35.228976693704 gnorm: 0.000494768227 xtb: 6.7.1 (edcfbbe)
C            3.71961962064430       -0.88711318843632       -0.77676500601251
O            3.00362335624580       -0.06115131396930        0.10781813939191
C            1.61083202981258       -0.19708174345623       -0.02495265002386
C            0.95225084409551        0.81128250292425        0.91642733078040
O           -0.44537852358194        0.56655780447372        1.05717435595242
C           -1.22906385057378        0.93057669115943        0.04880333843626
O           -0.85556565898479        1.45721816387676       -0.96964348886555
C           -2.69189670890756        0.58199469710315        0.28980618603377
C           -2.84647031666061       -0.94517415240871        0.21977151306639
O           -3.48744007336584        1.23183156693254       -0.66056011104160
H            4.77421398977233       -0.69966889259467       -0.58775756696139
H            3.48547664784495       -0.64778802128154       -1.82123217190652
H            3.49776836805638       -1.94689117190329       -0.59950201855039
H            1.29275894492852       -1.21677948662821        0.24917723480606
H            1.29857979085528       -0.00265531107494       -1.06178014564182
H            1.37546151480137        0.71072183784263        1.91641990241084
H            1.11578520377246        1.82559420905751        0.54147356242133
H           -2.98928998859902        0.93350426889135        1.28509878144301
H           -2.25476602235755       -1.41412598109696        1.00031811437055
H           -3.89365451854154       -1.20109993848175        0.35323803511829
H           -2.52074387889380       -1.30903195907818       -0.75244086736790
H           -2.91210077036327        1.47927941814867       -1.40223191888899
22
 energy: -35.228980377124 gnorm: 0.000323511236 xtb: 6.7.1 (edcfbbe)
C            3.72131340707601       -0.88790357755303       -0.77526162221661
O            3.00403830704698       -0.05488053827281        0.10156279441641
C            1.61148302892419       -0.19864922313237       -0.02511197443624
C            0.95204978623648        0.81212771029738        0.91310013218864
O           -0.44495671109109        0.56530265976739        1.05554967758791
C           -1.23083559419365        0.93164895172859        0.04958124397396
O           -0.85953519279207        1.46297491779988       -0.96718121671281
C           -2.69288049901616        0.58138451072395        0.29216036082341
C           -2.84584084042432       -0.94553793315086        0.21636061864492
O           -3.49082721169947        1.23372697602741       -0.65500570579938
H            4.77548960991066       -0.69203129952510       -0.59269552579901
H            3.48195760605584       -0.66328118360011       -1.82176814281908
H            3.50628733361336       -1.94656744215457       -0.58369185710525
H            1.29962282040373       -1.21831499269905        0.25607558162330
H            1.29419596645307       -0.01178365674103       -1.06188413244410
H            1.37631652218066        0.71615115155483        1.91311401061600
H            1.11368526618047        1.82515862668232        0.53388774681474
H           -2.98901852321246        0.92925835425426        1.28912218959078
H           -2.24951514830747       -1.41760021096061        0.99148764126138
H           -3.89197757470069       -1.20338253888893        0.35399290206108
H           -2.52482636676502       -1.30413679008429       -0.75934687503550
H           -2.91622599187929        1.48633552792665       -1.39538729826379
22
 energy: -35.228982648851 gnorm: 0.000349915374 xtb: 6.7.1 (edcfbbe)
C            3.72275416971518       -0.88852922845465       -0.77411349636624
O            3.00409312389325       -0.05020933709693        0.09639307732494
C            1.61177921909262       -0.20049200182798       -0.02503399573032
C            0.95185789286111        0.81290604014920        0.90998849196378
O           -0.44472193282923        0.56553342193338        1.05450257995830
C           -1.23257628697444        0.93407480934589        0.05074567635138
O           -0.86298103295974        1.46735322288602       -0.96551689977187
C           -2.69362227507726        0.58087993957894        0.29427695077500
C           -2.84509214364526       -0.94589830619203        0.21323399061331
O           -3.49387525739892        1.23527846708929       -0.64978029675288
H            4.77645325104102       -0.68582070668467       -0.59650308605484
H            3.47950817980424       -0.67560306636111       -1.82204400056488
H            3.51336833814094       -1.94611158563127       -0.57126999793834
H            1.30498488380909       -1.21983603317713        0.26265737145564
H            1.29022322118398       -0.02042113939777       -1.06171444448560
H            1.37716497525644        0.72094715778013        1.90992836707867
H            1.11246715057762        1.82462145035477        0.52685832631251
H           -2.98884805544949        0.92526823017745        1.29265880820519
H           -2.24562320754701       -1.42017786901895        0.98449533866036
H           -3.89038016444936       -1.20590145546577        0.35315077444371
H           -2.52671972782434       -1.30009146253933       -0.76490549548805
H           -2.92021432122069        1.49222945255243       -1.38934749101902
22
 energy: -35.228984345257 gnorm: 0.000306752375 xtb: 6.7.1 (edcfbbe)
C            3.72372957691527       -0.88898588196473       -0.77328536335901
O            3.00406508683011       -0.04682582314810        0.09260960241060
C            1.61197647008128       -0.20211426628712       -0.02452768350693
C            0.95181577553538        0.81393478973104        0.90745161719462
O           -0.44439141488431        0.56584538941393        1.05348872431636
C           -1.23374013433889        0.93483643908103        0.05100943718757
O           -0.86582415005822        1.47045592921454       -0.96467097228278
C           -2.69417149149419        0.58056097397738        0.29618242275726
C           -2.84433983580574       -0.94607769800309        0.21042183131574
O           -3.49639723935732        1.23724694360886       -0.64465997814718
H            4.77704727745323       -0.68126805484498       -0.59938995370319
H            3.47765560088319       -0.68468240118728       -1.82215838083813
H            3.51855773293542       -1.94567016903434       -0.56216781411710
H            1.30905226182865       -1.22097124170705        0.26878429667760
H            1.28705625476850       -0.02794441178874       -1.06115987353158
H            1.37791282174802        0.72565501812262        1.90739660891331
H            1.11163236330526        1.82438810464137        0.52064840666608
H           -2.98812154678816        0.92153633201185        1.29611974164249
H           -2.24315871318518       -1.42216727688611        0.97920268361850
H           -3.88914093701255       -1.20756769324639        0.35112229440829
H           -2.52708800088512       -1.29675166428458       -0.76932956821043
H           -2.92412775847490        1.49656666257979       -1.38442753044134
22
 energy: -35.228986152740 gnorm: 0.000273466550 xtb: 6.7.1 (edcfbbe)
C            3.72454073782180       -0.88958744400175       -0.77255852804082
O            3.00414603536849       -0.04358749192789        0.08897361379770
C            1.61229412504907       -0.20386693049795       -0.02353288570605
C            0.95197391108619        0.81545586554054        0.90477763114991
O           -0.44387771082916        0.56675866771843        1.05253275249751
C           -1.23487513053367        0.93605540445213        0.05141996876172
O           -0.86884853181153        1.47298750068195       -0.96422781511523
C           -2.69463646658072        0.58019366206184        0.29824745268261
C           -2.84330210029549       -0.94635962329365        0.20710336575378
O           -3.49934045270725        1.23983384234917       -0.63834779274617
H            4.77754556888933       -0.67709267218661       -0.60252750124341
H            3.47549320273428       -0.69365323770766       -1.82229797562470
H            3.52340776743378       -1.94536737301058       -0.55332858767641
H            1.31324493046840       -1.22196931003896        0.27622255046357
H            1.28389405909202       -0.03640757745666       -1.06020268452600
H            1.37881127886591        0.73168321335623        1.90480426640494
H            1.11087698236790        1.82437187762512        0.51359549235830
H           -2.98679578113373        0.91700117834551        1.30007910837278
H           -2.24135613296271       -1.42467210508619        0.97392825574765
H           -3.88779012063878       -1.20929149812416        0.34728893341914
H           -2.52614364429246       -1.29323904570888       -0.77404219310292
H           -2.92926252739194        1.50075309690991       -1.37924687865712
22
 energy: -35.228988598888 gnorm: 0.000206349662 xtb: 6.7.1 (edcfbbe)
C            3.72557100764147       -0.89073146254042       -0.77162737621596
O            3.00470747426695       -0.03917354505535        0.08404385626661
C            1.61315166529904       -0.20636332223649       -0.02125624049442
C            0.95246453128094        0.81855119084706        0.90061527578587
O           -0.44285468111035        0.56878238770990        1.05119750632823
C           -1.23641241748399        0.93786226036457        0.05201965165062
O           -0.87345852255943        1.47602967210236       -0.96405816219432
C           -2.69508529420427        0.57950049921470        0.30192023762423
C           -2.84190013762412       -0.94680126085750        0.20136452484647
O           -3.50378594384798        1.24417391794927       -0.62740970414527
H            4.77825260146126       -0.67200636168764       -0.60756424695668
H            3.47192813125513       -0.70643367351247       -1.82237792034475
H            3.52977713062681       -1.94509111919147       -0.54105377586359
H            1.31958598202174       -1.22304136122328        0.28864310148096
H            1.27959538007910       -0.04935734306889       -1.05798336031795
H            1.38042050776953        0.74238200117398        1.90078428086997
H            1.10971973257542        1.82487852560898        0.50207450239811
H           -2.98422628596716        0.90939359927822        1.30686359155326
H           -2.23988939951168       -1.42872590707757        0.96586864426253
H           -3.88618055036369       -1.21181051402624        0.33935534036827
H           -2.52353050930998       -1.28777939587425       -0.78150515528469
H           -2.93785040229499        1.50576121210241       -1.37125402264669
22
 energy: -35.228990181043 gnorm: 0.000173288302 xtb: 6.7.1 (edcfbbe)
C            3.72606195624078       -0.89198927784006       -0.77096430380341
O            3.00549813642240       -0.03551726145477        0.08005519120858
C            1.61417840465200       -0.20830785294850       -0.01853279244574
C            0.95324943104072        0.82212278463226        0.89695862484106
O           -0.44156811774808        0.57112915541979        1.05032262605713
C           -1.23754303119505        0.93929945528358        0.05271563895664
O           -0.87740920427572        1.47768478242238       -0.96420949466787
C           -2.69521710342045        0.57863024219523        0.30548467490448
C           -2.84055693023224       -0.94728260459291        0.19573322732234
O           -3.50775980154772        1.24875066678527       -0.61646544603031
H            4.77861120228684       -0.66847957898084       -0.61260324778354
H            3.46804716416080       -0.71741874925193       -1.82232433215428
H            3.53452769189028       -1.94498959594312       -0.53074995010498
H            1.32524791095606       -1.22331301614811        0.30102029265974
H            1.27617228454942       -0.06126627592532       -1.05534295009639
H            1.38230230647079        0.75385378722166        1.89724774533192
H            1.10855207030114        1.82577262279677        0.49094615781146
H           -2.98138378302750        0.90165707064373        1.31338130510283
H           -2.23934167480525       -1.43344707529790        0.95825920138663
H           -3.88488837376448       -1.21376538094723        0.33055105775390
H           -2.52045285524642       -1.28224307720524       -0.78868440871758
H           -2.94632768370859        1.50911917913510       -1.36413826856177
22
 energy: -35.228990876633 gnorm: 0.000162595273 xtb: 6.7.1 (edcfbbe)
C            3.72580410610867       -0.89273832564220       -0.77089549858008
O            3.00609843562127       -0.03436454860529        0.07889169386343
C            1.61482345158439       -0.20882944615206       -0.01663781474720
C            0.95390599306013        0.82449238782673        0.89550011477939
O           -0.44064868711253        0.57276351040531        1.05044892059570
C           -1.23771167693640        0.93963298569155        0.05322722431019
O           -0.87877359308300        1.47722069147116       -0.96451104198176
C           -2.69493793614564        0.57808395371229        0.30746148196944
C           -2.84003938775416       -0.94749013065017        0.19260021282902
O           -3.50916646157884        1.25098789198573       -0.61084587772901
H            4.77846976693899       -0.66801522086758       -0.61526040026968
H            3.46563627744901       -0.72148334006462       -1.82221495518143
H            3.53554253636935       -1.94511773146601       -0.52725129733982
H            1.32745966069029       -1.22279482576984        0.30732197479892
H            1.27507213203319       -0.06621201500227       -1.05341185043641
H            1.38358978772115        0.76030515484468        1.89572134765100
H            1.10798394638181        1.82673543807199        0.48567607117821
H           -2.97974083808624        0.89783139479048        1.31665757857379
H           -2.23980725968519       -1.43595595516765        0.95438316325558
H           -3.88455470709536       -1.21435656876708        0.32539275498958
H           -2.51871103549051       -1.27966149095885       -0.79236195534544
H           -2.95029451099067        1.50896619031356       -1.36123129821258
