34
 energy: -44.526960560801 gnorm: 0.051520860315 xtb: 6.7.1 (edcfbbe)
C           -4.23123748631300       -1.76250422290400       -0.20223358880500
C           -3.03509001107700       -1.44686120610700       -1.08597368551400
C           -1.97689166640300       -0.64401151882500       -0.33041458723900
C           -0.77615874399400       -0.32642421345800       -1.22875046183200
N            0.27653202334300        0.41026242429400       -0.51500177443400
C            0.04160434746500        1.77000276529800       -0.27664356526700
O           -0.88510064003300        2.37471864554400       -0.82489224380500
C            0.91785979590800        2.48163664517100        0.74892929701200
C            0.19322432689800        3.65786015056000        1.38861932222500
C            1.48119348652600       -0.29036725811300       -0.20008036697900
C            1.43932669955600       -1.62106001897100        0.24101036184900
C            2.61437141135300       -2.31970109190500        0.53551079701200
C            3.85143459566100       -1.70366661990200        0.37448943426200
C            3.91316477802400       -0.39388788007500       -0.09091332129700
C            2.73654034231600        0.30394380521700       -0.38202691995100
H           -4.70903320000600       -0.84426079747700        0.15396141584900
H           -3.93043202963900       -2.35376744682600        0.66855228854800
H           -4.97527820970500       -2.33727890916300       -0.76252981622200
H           -2.60052405463300       -2.38483480340800       -1.45071589402900
H           -3.37443424863300       -0.88315650931300       -1.96274593614500
H           -1.64879707088800       -1.20545045273700        0.55196627461800
H           -2.42110375018600        0.28634850589700        0.04351726513600
H           -1.11053466903700        0.28804014692400       -2.07455671400600
H           -0.36662757664100       -1.24275368939200       -1.67073833328000
H            1.21045618391400        1.78645207704100        1.54182937537600
H            1.81099102724300        2.86559775957300        0.24937472664900
H           -0.73489528440400        3.33141672652100        1.86941047690500
H           -0.06343180769500        4.41787849633300        0.64320575515400
H            0.82694559263300        4.12765836439100        2.14719997842200
H            0.49280528846400       -2.13069076016400        0.39424120448300
H            2.56024289790400       -3.34532031017000        0.89195188123200
H            4.76557722861500       -2.24695230787700        0.59947669083300
H            4.87797953169800        0.08320063909100       -0.24442529614300
H            2.82932089176600        1.29793286493200       -0.80851140571900
34
 energy: -44.531084434259 gnorm: 0.014025887629 xtb: 6.7.1 (edcfbbe)
C           -4.22963797021034       -1.76266472249331       -0.20282288857435
C           -3.02840888032939       -1.44429452361033       -1.08266200516463
C           -1.96731124018734       -0.64235961514944       -0.33238049013800
C           -0.76611139168952       -0.31260807479685       -1.22147090312897
N            0.28478890600782        0.41137673017494       -0.50589320676906
C            0.04855934860004        1.75261922865896       -0.27269317887393
O           -0.87910983193325        2.32419005562137       -0.81392018917311
C            0.92392532687723        2.46415430908755        0.74879279299483
C            0.18788589379926        3.64200903767541        1.38147997249512
C            1.47848379323312       -0.28122529568270       -0.19068427250408
C            1.43237479237812       -1.60177727449568        0.25888350615204
C            2.59917346110216       -2.29927506305826        0.53474746351248
C            3.83355045579293       -1.69338533965306        0.37099534990901
C            3.89333772590469       -0.39219407869655       -0.09873103376438
C            2.72917988639252        0.30244622421425       -0.39076949822857
H           -4.70039702038367       -0.84678920254726        0.15185584607368
H           -3.92929179947261       -2.34886471987647        0.66518153408100
H           -4.97275364764776       -2.33409803871961       -0.75811829943526
H           -2.59024601274820       -2.37837343920504       -1.44676943924863
H           -3.36059031154145       -0.87574514274767       -1.95519904273216
H           -1.63831981222028       -1.20724608183457        0.54506359848909
H           -2.40623600277896        0.29183111737695        0.02708230871102
H           -1.10306675356477        0.31622522028075       -2.05432048521378
H           -0.34123424126382       -1.22788548193135       -1.64390715123656
H            1.23670127782904        1.75883733973829        1.52193010634666
H            1.81366805941794        2.84974428781504        0.24871922502437
H           -0.73278890119266        3.31475395084341        1.86222352373236
H           -0.07333290099125        4.38682478378359        0.63101443047309
H            0.82113758860225        4.11508305992391        2.13196905819891
H            0.48647156672792       -2.10518416274158        0.39801977394352
H            2.54195312388703       -3.32181605878747        0.88255367887411
H            4.74276209583373       -2.23537309835284        0.59537575611021
H            4.85232866230400        0.08406464547221       -0.25039805930006
H            2.81255475346547        1.29699942371337       -0.80305514673795
34
 energy: -44.531792736506 gnorm: 0.005146942367 xtb: 6.7.1 (edcfbbe)
C           -4.21876965204862       -1.75766552857195       -0.20283576192861
C           -3.01673437900609       -1.43991354949658       -1.08420769628408
C           -1.95870521611156       -0.63785405732678       -0.32996591005172
C           -0.75900665559804       -0.30912618539712       -1.22186389760448
N            0.28516650817581        0.41261120450570       -0.50196856788393
C            0.04272325609286        1.74288751961343       -0.26617211024451
O           -0.89298250523298        2.30073166155567       -0.79770967843829
C            0.93131072366139        2.45069770536221        0.74509131883593
C            0.18599703751077        3.62187234276297        1.38032535908257
C            1.47116997757769       -0.27490020313659       -0.18652914048731
C            1.42178486178094       -1.59046709707895        0.27120559121740
C            2.58503957467833       -2.28651247809184        0.54182253007702
C            3.81985569123326       -1.68672034296106        0.37066010986797
C            3.87907654137946       -0.38859817037331       -0.10390661922419
C            2.72029682184008        0.30561153900506       -0.39549248974536
H           -4.68636854992801       -0.84171489214516        0.14990582627480
H           -3.91777316035657       -2.34273074083699        0.66352691930224
H           -4.95950033649275       -2.32763310185128       -0.75853589761806
H           -2.57712256625874       -2.37283610724007       -1.44693056258750
H           -3.34695811339207       -0.86898988429984       -1.95422968078548
H           -1.62862379061845       -1.20363595217519        0.54501477476420
H           -2.39524986149106        0.29806783363488        0.02279356905827
H           -1.09588037363174        0.32988758290384       -2.04475267606925
H           -0.32408540414276       -1.22033137450193       -1.63845468166905
H            1.25991875610136        1.74048193525386        1.50650960985143
H            1.81538704681529        2.84355281736065        0.24107166083936
H           -0.72707090792055        3.28387310582949        1.86308666437000
H           -0.08537140353335        4.34973474395923        0.62026367407915
H            0.81787555315623        4.10551397824450        2.12226325097692
H            0.47285093398670       -2.08036880835106        0.41992040347639
H            2.52492374832479       -3.30611580958760        0.89148061196334
H            4.72651526343402       -2.22926952956669        0.59130202220889
H            4.83587275679814        0.08416386504434       -0.26639266899275
H            2.79443782321624        1.29569597795416       -0.81420322173318
34
 energy: -44.531986714213 gnorm: 0.003019631701 xtb: 6.7.1 (edcfbbe)
C           -4.21240507904085       -1.75474204865797       -0.20346609066333
C           -3.01061324045226       -1.43798750450529       -1.08596249567115
C           -1.95336585473225       -0.63567701236407       -0.33202995008699
C           -0.75474600724301       -0.30791847017827       -1.22541987106170
N            0.28661816884966        0.41566533211895       -0.50470204390230
C            0.04040803477059        1.74232142127841       -0.26540265923499
O           -0.90815744270108        2.29554322787954       -0.78161655625312
C            0.93566595658096        2.44733137971005        0.74103892230547
C            0.18396652257950        3.60908156251148        1.38542518515003
C            1.46853948048335       -0.27118658326478       -0.18603834758283
C            1.41515935925692       -1.58225543450026        0.28519116381859
C            2.57712418381618       -2.27992948481832        0.55420625734850
C            3.81352012741100       -1.68570543758168        0.37119592518931
C            3.87524644155484       -0.39075259219891       -0.11334926340134
C            2.71834359438404        0.30485437625821       -0.40574294495935
H           -4.67716439451283       -0.83724754426161        0.14849234325325
H           -3.90917692631230       -2.33870307316163        0.66267241957776
H           -4.95356311451685       -2.32451485573881       -0.75830065984327
H           -2.56982381646974       -2.37036710545947       -1.44768117116436
H           -3.33989271399748       -0.86643366771319       -1.95542776079432
H           -1.62276779344192       -1.19976248233738        0.54325665572285
H           -2.38823549678891        0.30140161226496        0.01796715649236
H           -1.09262808861006        0.33246247397484       -2.04559668248778
H           -0.31802761043085       -1.21788382966725       -1.64044239114755
H            1.27601302033966        1.73285383425817        1.49358009634416
H            1.81291957819904        2.84898401018355        0.23186251933433
H           -0.72038313721925        3.25737603999431        1.87477782482125
H           -0.10358864537792        4.32806614824898        0.62305351801788
H            0.81529273281024        4.10281808967062        2.12031127510095
H            0.46254983654828       -2.06226904795305        0.44243540692078
H            2.51440772984721       -3.29701342990637        0.91080223012714
H            4.71884544910819       -2.22940727421327        0.59127193666851
H            4.83243531396736        0.07923037593426       -0.28184820158401
H            2.78748383134058        1.29176699419519       -0.83242111145652
34
 energy: -44.532176322519 gnorm: 0.004420939932 xtb: 6.7.1 (edcfbbe)
C           -4.20506613606301       -1.75074982846770       -0.20516141044122
C           -3.00430175061433       -1.43687818602828       -1.08993920938080
C           -1.94780489816432       -0.63372984400468       -0.33742939243960
C           -0.75021928747364       -0.30725751938220       -1.23239981591581
N            0.28822649159099        0.41961466026829       -0.51077916501022
C            0.03374524825436        1.74115476138000       -0.25963281111964
O           -0.92709880603669        2.29165086188934       -0.75948555255064
C            0.94051284664692        2.44776867167450        0.73466430043140
C            0.18122203063808        3.59485887041310        1.39566815126121
C            1.46716494985441       -0.26729616585213       -0.18670477763909
C            1.40856017776718       -1.57154384949934        0.30482666454030
C            2.56897024339026       -2.27201893497999        0.57394836039756
C            3.80725705112283       -1.68590858759361        0.37263269973360
C            3.87359102358686       -0.39615320461229       -0.12733933102395
C            2.71830016444361        0.30185355796823       -0.42122086364016
H           -4.66633978900775       -0.83093562199412        0.14593345180210
H           -3.89969553288703       -2.33330993365325        0.66139469136778
H           -4.94815813743062       -2.32026393345236       -0.75772399978081
H           -2.56290352245165       -2.36944380787720       -1.45008044511185
H           -3.33303014623818       -0.86581074804920       -1.95976940685603
H           -1.61696037862975       -1.19498246297959        0.53931804393145
H           -2.38110631940267        0.30465859066421        0.01034959823173
H           -1.08955581931990        0.33233821628612       -2.05173021321397
H           -0.31191418052531       -1.21625018278862       -1.64646381379202
H            1.29909909920933        1.73056363505149        1.47634916399522
H            1.80606975892305        2.86156213337739        0.21421644682793
H           -0.70621501515605        3.22220415295274        1.90255148743374
H           -0.13808693589060        4.30372043915313        0.63524044472312
H            0.81526407169835        4.10442948491636        2.11696301960437
H            0.45137706392136       -2.03851773764189        0.47636197674472
H            2.50302606724982       -3.28446178041240        0.94470321400088
H            4.71120607410602       -2.23238169242748        0.59093917572269
H            4.83238632088759        0.06751613330326       -0.30736108302807
H            2.78247797200051        1.28399985239808       -0.86074696490759
34
 energy: -44.532333928429 gnorm: 0.005416556478 xtb: 6.7.1 (edcfbbe)
C           -4.20066209346435       -1.74767056100956       -0.20741816974613
C           -3.00120116265874       -1.43728724198172       -1.09466666196834
C           -1.94528348068666       -0.63214379584646       -0.34446150574757
C           -0.74733015801762       -0.30685094219770       -1.23910122241985
N            0.29004078537763        0.42333931509577       -0.51862243778817
C            0.02902170751946        1.74091320415052       -0.25686232567370
O           -0.94129041276344        2.28878573227051       -0.74305695047289
C            0.94260879945874        2.45040197946939        0.72885862769528
C            0.17934563297718        3.58375065906688        1.40842152362194
C            1.46788163364281       -0.26442696287177       -0.18829850399021
C            1.40522316341080       -1.56112404871567        0.32350914902148
C            2.56415435119909       -2.26387737980248        0.59479336823386
C            3.80359335335314       -1.68619323120973        0.37443149545614
C            3.87417302290221       -0.40289264462245       -0.14251827315066
C            2.71992593139853        0.29732123719311       -0.43743320955268
H           -4.65947401860628       -0.82593767858646        0.14265597255572
H           -3.89408807344406       -2.32858898600808        0.66012600048661
H           -4.94611782789514       -2.31736953614276       -0.75687534467253
H           -2.55987601347150       -2.37088292963755       -1.45253606555223
H           -3.33025092451340       -0.86860702158915       -1.96608975674263
H           -1.61481573937311       -1.19057398417877        0.53434839182409
H           -2.37852283310109        0.30716007448065        0.00136593977205
H           -1.08683890166842        0.32954634829678       -2.06080767528101
H           -0.30759518209691       -1.21618380862061       -1.65118849342588
H            1.31967641259962        1.73307721704614        1.46139057249065
H            1.79580725249572        2.87560077634453        0.19648575814819
H           -0.68886332146293        3.19357321686900        1.93737458679359
H           -0.17339611371619        4.28549310103272        0.65485923896174
H            0.81969110291233        4.10733044216190        2.11411057313804
H            0.44536168738922       -2.01808371303119        0.50846623043414
H            2.49603972781384       -3.27068633656243        0.98180725009321
H            4.70654504609665       -2.23514729084970        0.59215679132822
H            4.83469707488040        0.05336343361734       -0.33443997557533
H            2.78181957151253        1.27487135636893       -0.88869226339672
34
 energy: -44.532511377798 gnorm: 0.004953371215 xtb: 6.7.1 (edcfbbe)
C           -4.19789878329542       -1.74475538429195       -0.21123149626590
C           -2.99968483744590       -1.43893229773542       -1.10116087703446
C           -1.94459711364441       -0.63030713541486       -0.35403635046459
C           -0.74490577574792       -0.30694396958507       -1.24664283614566
N            0.29113101352548        0.42728704741790       -0.52766550010046
C            0.02239123612429        1.74028039314592       -0.25355787382086
O           -0.95457151177323        2.28517599722111       -0.72885935458638
C            0.94423251667031        2.45462227059316        0.72114977113378
C            0.17897573113142        3.57090638358422        1.42619106595164
C            1.46929497561526       -0.26109408138133       -0.19037620874164
C            1.40323732873300       -1.54748751525454        0.34584172485708
C            2.56051534459710       -2.25187538414389        0.62148850353402
C            3.80056773614002       -1.68507615570942        0.37748638555139
C            3.87502805546206       -0.41114993841568       -0.16198593552421
C            2.72168022552793        0.29124490227902       -0.45766713808731
H           -4.65467459615342       -0.82116310972863        0.13718744598946
H           -3.89083123398081       -2.32343372149946        0.65788625946868
H           -4.94598902073113       -2.31504093572878       -0.75676542513142
H           -2.55864530473870       -2.37435451945595       -1.45524949671588
H           -3.32950779708394       -0.87470946161642       -1.97549687743362
H           -1.61550004770665       -1.18532900874196        0.52773738191648
H           -2.37922640979906        0.30988105726717       -0.01149971947997
H           -1.08311630760756        0.32426383678343       -2.07345071106274
H           -0.30277270310796       -1.21777013041225       -1.65429177111253
H            1.34599229573105        1.73898137266881        1.44230769273466
H            1.78053089368322        2.89402144597251        0.17246858998477
H           -0.66186195868495        3.16168921778479        1.98662781615650
H           -0.21700978219331        4.26538293021194        0.68606666503020
H            0.83106096256383        4.10986049758397        2.10979782890629
H            0.44213186104952       -1.99492971911028        0.54693132746963
H            2.49088729717000       -3.25041995049718        1.03017146081453
H            4.70254414827690       -2.23642756476994        0.59552475337017
H            4.83732695148540        0.03468818649023       -0.37030706309086
H            2.78326461020765        1.26291444448873       -0.92252740317221
34
 energy: -44.532665702194 gnorm: 0.004242667327 xtb: 6.7.1 (edcfbbe)
C           -4.19759393906132       -1.74308205098899       -0.21648957562035
C           -2.99990273876476       -1.44145999697683       -1.10823221780318
C           -1.94647541008588       -0.62798370510062       -0.36380542395667
C           -0.74367392944044       -0.30759765039744       -1.25281172478169
N            0.29084025149613        0.43081813590731       -0.53561896394296
C            0.01692953160786        1.74042953838887       -0.25334114860429
O           -0.96614338124899        2.28167686896197       -0.71886716944152
C            0.94589981119982        2.45829001040789        0.71221937919689
C            0.18176482046067        3.55650755188115        1.44660926884239
C            1.47034803202124       -0.25744683598198       -0.19305201331900
C            1.40241972119875       -1.53187774964477        0.36910161750320
C            2.55847461870355       -2.23633731769546        0.65052515770619
C            3.79844779220259       -1.68123613330882        0.38202830068576
C            3.87492001806246       -0.41865452771604       -0.18315864811588
C            2.72222964704781        0.28484386038718       -0.48020077197408
H           -4.65356002274788       -0.81815143043483        0.12951377542060
H           -3.89078475858424       -2.31915314993674        0.65453118471656
H           -4.94722057376541       -2.31456040475491       -0.75873192858603
H           -2.55854111199994       -2.37883818907234       -1.45735094544471
H           -3.33038351080846       -0.88283074165594       -1.98618629059107
H           -1.61965147216073       -1.17916979190969        0.52146584129883
H           -2.38360038940695        0.31314599387200       -0.02639233150156
H           -1.07882562595468        0.31731232285689       -2.08644665335648
H           -0.29873492035440       -1.22094490821746       -1.65338309808298
H            1.37449416770605        1.74396669512489        1.41927978229062
H            1.76305742519956        2.91381955351915        0.14708244589712
H           -0.62852040523511        3.12991627720004        2.03867530150545
H           -0.25673410087664        4.24469364542083        0.72486657032854
H            0.84717500034493        4.10840018776695        2.10695519346893
H            0.44168875690201       -1.97171256677532        0.58713742774232
H            2.48838890268357       -3.22491857052359        1.08281649615023
H            4.69965971013003       -2.23361066086057        0.60225287200899
H            4.83818221501527        0.01596539156115       -0.40971209905319
H            2.78542586851358        1.24978034869599       -0.95918697568825
34
 energy: -44.532791266471 gnorm: 0.003363916803 xtb: 6.7.1 (edcfbbe)
C           -4.19979016491375       -1.74331915105030       -0.22311397329519
C           -3.00135436546184       -1.44425469411258       -1.11476999035650
C           -1.95068376731588       -0.62540091926239       -0.37173513222999
C           -0.74406541344755       -0.30879816909347       -1.25652938059820
N            0.28813339021735        0.43288797358047       -0.53949228139351
C            0.01225977132658        1.74063403808538       -0.25340823794302
O           -0.97327590768595        2.27998144030130       -0.71360717900460
C            0.94938725903411        2.45994204639529        0.70340081678083
C            0.18866598683692        3.54141965524569        1.46579067971248
C            1.46970477798112       -0.25383394304557       -0.19536112887065
C            1.40216803030920       -1.51628601409139        0.39098766873496
C            2.55811477784903       -2.21870382354924        0.67810001198889
C            3.79724199355069       -1.67406705142024        0.38739926796815
C            3.87288951669859       -0.42332427906177       -0.20332012641282
C            2.72018249580637        0.27943979769517       -0.50225502297757
H           -4.65648744205045       -0.81770755576463        0.11975818456050
H           -3.89380025535964       -2.31660692782989        0.64994821356988
H           -4.94898438952209       -2.31669918691481       -0.76382186846796
H           -2.55833614692260       -2.38294307547045       -1.45846527573513
H           -3.33170752014115       -0.89098552447685       -1.99623213032841
H           -1.62679152331907       -1.17241293559923        0.51724768015053
H           -2.39057582250728        0.31680384970138       -0.04096672920822
H           -1.07513853373488        0.31057108326184       -2.09648535775256
H           -0.29658893204318       -1.22482673921201       -1.64901030506466
H            1.40185449427048        1.74574830589511        1.39489026199779
H            1.74820849960856        2.93073736791909        0.12467647789388
H           -0.59244887247187        3.09923009470146        2.08303804234411
H           -0.28516985487168        4.22419395646872        0.76334091609999
H            0.86553718688305        4.10245157788060        2.10598952253100
H            0.44286279362350       -1.95049081374590        0.62508007942383
H            2.48887106240849       -3.19699455976262        1.13249226651132
H            4.69829084873567       -2.22525843461301        0.61139534742845
H            4.83576374115039        0.00174042641717       -0.44729684538354
H            2.78506228547880        1.23713218452761       -0.99557183777515
34
 energy: -44.532903920006 gnorm: 0.003134177795 xtb: 6.7.1 (edcfbbe)
C           -4.20445031717643       -1.74524159499164       -0.23264190028889
C           -3.00355971345093       -1.44716807804730       -1.12163725673782
C           -1.95760813317772       -0.62200822039335       -0.37823472254739
C           -0.74608394832390       -0.31034190853486       -1.25785736517448
N            0.28334583563165        0.43394459023073       -0.53999461295348
C            0.00935566738469        1.74153725885848       -0.25490935383472
O           -0.97967121735681        2.27996090832415       -0.70854967443044
C            0.95680341049714        2.46016584360788        0.69245074183699
C            0.20004331919215        3.52247647368243        1.48606812650587
C            1.46729511109380       -0.25010201708849       -0.19719790232751
C            1.40207957156809       -1.49908294923389        0.41601627437368
C            2.55911658052911       -2.19739244972125        0.70858044999758
C            3.79660522979334       -1.66285668958616        0.39429809824328
C            3.86892917704993       -0.42579040379025       -0.22500267569895
C            2.71537644803741        0.27401228746547       -0.52703233753553
H           -4.66370714353302       -0.81941615386993        0.10573978507953
H           -3.90020173484993       -2.31516045991806        0.64307018486237
H           -4.95088008231713       -2.32159381019192       -0.77378906599821
H           -2.55698668724454       -2.38642030197903       -1.45902347369867
H           -3.33238105884417       -0.89918201091083       -2.00685607186467
H           -1.63772821522744       -1.16371065040998        0.51533507614987
H           -2.40045687179084        0.32168596531773       -0.05629785144409
H           -1.07189454491761        0.30392800571702       -2.10377088075688
H           -0.29652214082288       -1.22922544865346       -1.64115775402181
H            1.43505719242392        1.74441188223199        1.36439855644481
H            1.73490246306846        2.94856033467713        0.10006521595512
H           -0.54793965027400        3.06032147512880        2.12900420909596
H           -0.31240137562160        4.19847754911529        0.80456469803705
H            0.88858417299503        4.09372728977302        2.10471959535022
H            0.44449677276006       -1.92723025364138        0.66774197407566
H            2.49196302100972       -3.16413567758921        1.18643397162631
H            4.69830940714533       -2.21065685610086        0.62305392350584
H            4.83016260743452       -0.00940187128488       -0.48814142169477
H            2.78004684731465        1.22290794180655       -1.03735392523276
34
 energy: -44.533002128416 gnorm: 0.003223514907 xtb: 6.7.1 (edcfbbe)
C           -4.21251951150252       -1.75008336377185       -0.24479576803319
C           -3.00722295323485       -1.45020393773282       -1.12762537317622
C           -1.96802738627911       -0.61824701516826       -0.38172435098622
C           -0.75102382290104       -0.31228252673517       -1.25585140807365
N            0.27590271101644        0.43291066168135       -0.53591961679291
C            0.00934668431926        1.74302466814854       -0.25764155821435
O           -0.97809655269155        2.28459410817883       -0.70980983954056
C            0.96724416280217        2.45884036600872        0.68112979886458
C            0.21690737804712        3.50197137140727        1.50526780632043
C            1.46287406528505       -0.24746921115733       -0.19792714852188
C            1.40313068244770       -1.48287910047746        0.44108938170677
C            2.56312340855297       -2.17431322503063        0.73847194223126
C            3.79769095244649       -1.64748122470613        0.40172784077027
C            3.86339197185570       -0.42503844111326       -0.24627325592719
C            2.70726854907146        0.26879661676372       -0.55177654012816
H           -4.67728409737366       -0.82501619107790        0.08783804354626
H           -3.91121900503749       -2.31623846063425        0.63424311018038
H           -4.95311491784677       -2.33091565511415       -0.78914288024966
H           -2.55495422772669       -2.38889368563340       -1.45857518365405
H           -3.33300939863366       -0.90683756320879       -2.01659885811361
H           -1.65303350174544       -1.15380551245722        0.51708073451474
H           -2.41388928642211        0.32708761897626       -0.06977165338201
H           -1.07097963887589        0.29811003864121       -2.10656571033632
H           -0.30098519934412       -1.23406714149913       -1.63058010625660
H            1.46632236797464        1.74044001037724        1.33226549634897
H            1.72617981103824        2.96368731803860        0.07960591195536
H           -0.50070818844880        3.02240823699094        2.16426230084750
H           -0.32473693893435        4.17211477944388        0.84572660941841
H            0.91195996188974        4.08032971908351        2.10747450855569
H            0.44777466825844       -1.90537258493317        0.71027315130986
H            2.50026303749080       -3.12919661862633        1.23897456778335
H            4.70149696493383       -2.18891298125495        0.63616310753463
H            4.82146213438472       -0.01472447031745       -0.52803370655224
H            2.76846511518329        1.20766339690956       -1.08088871905039
34
 energy: -44.533007858289 gnorm: 0.006515321775 xtb: 6.7.1 (edcfbbe)
C           -4.22176099976557       -1.75502844248745       -0.26188625557066
C           -3.01044244599680       -1.45328471076204       -1.13617614901499
C           -1.98040119265083       -0.61293045348849       -0.38671569833609
C           -0.75645785139008       -0.31411479070526       -1.25375713558567
N            0.26737312702456        0.43221574907794       -0.53131648112942
C            0.00840680952016        1.74443652988575       -0.25915532708719
O           -0.98084533989158        2.28901305977984       -0.70498106924851
C            0.98380656134143        2.45934818521810        0.66326605966475
C            0.23691687698153        3.47219099417574        1.53143101176584
C            1.45722745680985       -0.24428265067522       -0.19750693470590
C            1.40341333788315       -1.46138965376887        0.47803385623105
C            2.56690823128909       -2.14469719665467        0.78066062773920
C            3.79786246173748       -1.62844974269093        0.41110429700745
C            3.85637365696716       -0.42545749046306       -0.27557880311332
C            2.69695936179814        0.26093629105287       -0.58498408506184
H           -4.69352972875168       -0.83059496904032        0.06266146962402
H           -3.92471551209020       -2.31589250124652        0.62194574950918
H           -4.95473204696395       -2.34183776957772       -0.81027101353310
H           -2.55076082142871       -2.39128919901606       -1.45868783218386
H           -3.33149664651259       -0.91568120831996       -2.03027791203169
H           -1.67200050570961       -1.14029361463603        0.51911663453400
H           -2.42978221718943        0.33469990395922       -0.08753018779029
H           -1.06941097023939        0.29181882208983       -2.11001744794817
H           -0.30573666054823       -1.23927565831305       -1.61848291226085
H            1.51924725443953        1.73829891918543        1.28572603567790
H            1.71305849602605        2.99042695023302        0.04339665728713
H           -0.43228101716772        2.95860039273930        2.22659187265528
H           -0.36360899948893        4.12996664368419        0.89957215034831
H            0.94585828136940        4.06946014949942        2.10318223060100
H            0.44956665013738       -1.87303310953758        0.77199261915548
H            2.50938834799415       -3.08411143949080        1.31214735734107
H            4.70441413305805       -2.16241546177624        0.65124243316339
H            4.81090764719966       -0.02369774933223       -0.58295380079812
H            2.75027426420851        1.18634522140192       -1.13969938200593
34
 energy: -44.533080899027 gnorm: 0.001222289481 xtb: 6.7.1 (edcfbbe)
C           -4.22304606651360       -1.75612030699135       -0.26062301127462
C           -3.01101058442406       -1.45225049805766       -1.13294677452359
C           -1.98062165572747       -0.61405654622543       -0.38194713759187
C           -0.75787177353738       -0.31358071190001       -1.25013129138549
N            0.26797306527058        0.43053417433757       -0.52819134234070
C            0.01247547594104        1.74490259035946       -0.26044844173392
O           -0.97392508858806        2.29183129099558       -0.71076266976516
C            0.98283739398874        2.45865254751508        0.66739100491949
C            0.23605749752438        3.47853017258087        1.52266847308885
C            1.45738210794163       -0.24699480202353       -0.19579518342485
C            1.40511776600632       -1.46878548371881        0.46890140165036
C            2.56953871997936       -2.15161233024754        0.76870646338853
C            3.79979690515258       -1.62984202039610        0.40861687034941
C            3.85719269302101       -0.42267935616850       -0.26703878757114
C            2.69679355115709        0.26242699828348       -0.57543069780125
H           -4.69630985786479       -0.83262419393666        0.06443194906872
H           -3.92696646119881       -2.31796928836473        0.62290556724830
H           -4.95468970475512       -2.34289858232713       -0.81086108345534
H           -2.55149485678925       -2.38948257164967       -1.45764111473243
H           -3.33132037896593       -0.91239392670443       -2.02595228881065
H           -1.67158214182933       -1.14324348050210        0.52247517213658
H           -2.42926714868278        0.33289960916563       -0.07986202958207
H           -1.07227737764616        0.29480281793740       -2.10389125589082
H           -0.30906337466771       -1.23795149265944       -1.61887481893312
H            1.50627893388776        1.73820935425196        1.29672464697214
H            1.72051011593061        2.98293350125201        0.05562259968769
H           -0.44783667285446        2.97464989381658        2.20156109606935
H           -0.34308195084088        4.14005417278052        0.88398790242102
H            0.93752874442978        4.06939226165071        2.10636113912298
H            0.45137080359394       -1.88303726029973        0.75636679092044
H            2.51344579143262       -3.09502968054826        1.29048513736257
H            4.70725551319171       -2.16315647747642        0.64689211565585
H            4.81132435325380       -0.01639917173286       -0.56738179941945
H            2.74748566318285        1.19028879700357       -1.12422596692645
34
 energy: -44.533099917040 gnorm: 0.001198895241 xtb: 6.7.1 (edcfbbe)
C           -4.22927585930039       -1.75908132551707       -0.26954973400099
C           -3.01295194309534       -1.45285382606083       -1.13489159962408
C           -1.98714495395134       -0.61250516970197       -0.38011590858332
C           -0.76183729326765       -0.31401821353943       -1.24546508924532
N            0.26452489370608        0.42887905373094       -0.52329051734036
C            0.01579127113950        1.74579383087573       -0.26227646664819
O           -0.96786444425263        2.29609254487317       -0.71446100286871
C            0.99051059918913        2.45985588607506        0.66074723087784
C            0.24453156715691        3.46794341566928        1.53068230194491
C            1.45512320556432       -0.24809608215560       -0.19366614162472
C            1.40693199697201       -1.46391485208080        0.48314703129774
C            2.57397567974897       -2.14237187200052        0.78291182504887
C            3.80176615125103       -1.62167614194410        0.41082953285643
C            3.85496519890724       -0.42156255002627       -0.27853211530435
C            2.69177377492564        0.25884212385396       -0.58685525815678
H           -4.70782384358616       -0.83670576648558        0.05113442083331
H           -3.93710084911499       -2.31885597495761        0.61663981736358
H           -4.95542676019584       -2.34908180448634       -0.82378332845508
H           -2.54999567108140       -2.38935261287410       -1.45690060953526
H           -3.32960180490268       -0.91404760097450       -2.02994778080876
H           -1.68122095362377       -1.13958725575105        0.52659153134682
H           -2.43729758935753        0.33490742612651       -0.08163737867719
H           -1.07399539260333        0.29414290696839       -2.10023744387639
H           -0.31424047928218       -1.23963444860463       -1.61289565353537
H            1.52535762538437        1.73916043394931        1.28046242305082
H            1.71846812678102        2.99335495883685        0.04472664925596
H           -0.42603767440021        2.95525673672583        2.21514648124920
H           -0.34821812902815        4.12628692447229        0.90216427438842
H            0.94611876284981        4.06356028554670        2.10863848665074
H            0.45409346163859       -1.87414523265491        0.78009339708988
H            2.52229528602209       -3.08095952412503        1.31464850743642
H            4.71142805789775       -2.15095907009588        0.65016969872611
H            4.80713702247103       -0.01623265552504       -0.58712765849715
H            2.73524095943803        1.18156545185734       -1.14500728773562
34
 energy: -44.533106334651 gnorm: 0.001257123775 xtb: 6.7.1 (edcfbbe)
C           -4.23445896136755       -1.76046674829539       -0.27651377343748
C           -3.01419690180563       -1.45272978221625       -1.13551943916548
C           -1.99136349965460       -0.61199312927585       -0.37713626850600
C           -0.76452781366838       -0.31410461504000       -1.24047362705656
N            0.26259397452022        0.42746596889010       -0.51821824191256
C            0.01910121939013        1.74644459011229       -0.26361784650928
O           -0.96217221616795        2.29874317042962       -0.71880895384420
C            0.99619533503845        2.46228311554152        0.65567042788861
C            0.24932192229591        3.46145318708203        1.53435578945104
C            1.45387925325607       -0.24965441601014       -0.19053452035439
C            1.40901836508525       -1.46180401365924        0.49207777710427
C            2.57812380593195       -2.13743617166718        0.79005747355547
C            3.80353349347293       -1.61685634539702        0.41129599918827
C            3.85328570669037       -0.42079374339361       -0.28394065014414
C            2.68805534934638        0.25603238024250       -0.59195394074751
H           -4.71729425039837       -0.83897261555762        0.04020384555169
H           -3.94623517866200       -2.31854449471291        0.61204749517031
H           -4.95588821831718       -2.35296618635816       -0.83426995924161
H           -2.54925885628724       -2.38885093822294       -1.45581420072492
H           -3.32718526337986       -0.91396690477823       -2.03197175461089
H           -1.68765397488970       -1.13892141233187        0.53038044068836
H           -2.44253519484655        0.33536067067756       -0.07983690360065
H           -1.07559255987099        0.29464157981572       -2.09536161207410
H           -0.31804060496639       -1.24037768254090       -1.60818795045961
H            1.53982459230843        1.74339681185999        1.26955229828919
H            1.71664580471972        3.00289394195874        0.03699677773751
H           -0.41079918623927        2.93932981355005        2.22450378780519
H           -0.35611629473706        4.11665253831392        0.91247114985575
H            0.95135285987629        4.06180610910868        2.10802215696772
H            0.45733944998625       -1.86949964852322        0.79543098659893
H            2.53058928104285       -3.07329749059374        1.32652056597838
H            4.71479580950039       -2.14364385980859        0.65036497372853
H            4.80405704013300       -0.01651154555805       -0.59891896332076
H            2.72560571266408        1.17488786635831       -1.15678070494965
34
 energy: -44.533111542444 gnorm: 0.000787548611 xtb: 6.7.1 (edcfbbe)
C           -4.23547600272062       -1.75920620386073       -0.27793195124797
C           -3.01385113802533       -1.45225766257409       -1.13509663517580
C           -1.99075776869066       -0.61312663367964       -0.37519056637450
C           -0.76422692813571       -0.31417642723247       -1.23845641105928
N            0.26326340882277        0.42735233890211       -0.51673170858777
C            0.01997994409873        1.74656295713870       -0.26394025232767
O           -0.96141743657527        2.29804785257008       -0.72017441336082
C            0.99605644757271        2.46414253258358        0.65512605710905
C            0.24712925101954        3.46179030468616        1.53413140350645
C            1.45465254469890       -0.25028290472949       -0.18925541073978
C            1.40982954320775       -1.46254506476925        0.49372248389619
C            2.57904362404221       -2.13868854743561        0.79027240174857
C            3.80431979973585       -1.61824593549900        0.40960854848634
C            3.85401587730109       -0.42186802631132       -0.28601631239820
C            2.68859061307169        0.25535119090504       -0.59214473751025
H           -4.71871370130471       -0.83757720678332        0.03754612245666
H           -3.94906509298607       -2.31703260591970        0.61134650341809
H           -4.95605693437624       -2.35175140365113       -0.83659068310439
H           -2.54965943965738       -2.38873459411624       -1.45548514424108
H           -3.32521873522156       -0.91260976283608       -2.03161596700765
H           -1.68716798179262       -1.14181998225024        0.53137225158543
H           -2.44184024478722        0.33380138887817       -0.07616100789050
H           -1.07585321386906        0.29515185021065       -2.09289540485283
H           -0.31763300430310       -1.24015431215183       -1.60729668798163
H            1.54224804600598        1.74650452471913        1.26890969663387
H            1.71485087651295        3.00658419814947        0.03556594476581
H           -0.41388203900694        2.93993468691866        2.22254071051773
H           -0.35738345307635        4.11704582759830        0.91251119491061
H            0.94773002334723        4.06213681546486        2.10933622294053
H            0.45861769084967       -1.87051092426635        0.79800206466636
H            2.53217636881689       -3.07517734400486        1.32597264573773
H            4.71557038295084       -2.14570410334746        0.64741502880355
H            4.80467052243549       -0.01751730056764       -0.60053590101155
H            2.72545815003851        1.17458047726169       -1.15576745141183
34
 energy: -44.533116501912 gnorm: 0.000797835363 xtb: 6.7.1 (edcfbbe)
C           -4.23711449146884       -1.75658663838187       -0.27984737592217
C           -3.01317359535816       -1.45166984222796       -1.13441991427728
C           -1.98916847827460       -0.61565210318267       -0.37213947496061
C           -0.76316245063232       -0.31502154964338       -1.23544803928694
N            0.26401231529046        0.42699076324236       -0.51377050273003
C            0.02062559812091        1.74668116607991       -0.26407026541430
O           -0.96023933796559        2.29699673470696       -0.72266004171853
C            0.99527280761416        2.46705418303238        0.65423879604383
C            0.24368255089398        3.46291612051098        1.53328677401141
C            1.45569584480517       -0.25052705072446       -0.18665414008942
C            1.41109715748760       -1.46335422203029        0.49527170114535
C            2.58041784942064       -2.14077398273316        0.78882298242120
C            3.80545949894482       -1.62072525970963        0.40684083770040
C            3.85485102627377       -0.42312034790720       -0.28703954611281
C            2.68933727199788        0.25520219232479       -0.59046058715436
H           -4.72021711251380       -0.83422755322688        0.03363317084850
H           -3.95343302558207       -2.31395244639493        0.61058144805249
H           -4.95687617072248       -2.34890828685429       -0.83979895277679
H           -2.55058099670203       -2.38887493743522       -1.45499576524587
H           -3.32172178570160       -0.91030588905715       -2.03087203478561
H           -1.68560105082375       -1.14739409414529        0.53268404919541
H           -2.43955401086657        0.33070477373525       -0.07009391359450
H           -1.07572608964266        0.29504713011815       -2.08907309796607
H           -0.31602244029773       -1.24030491730205       -1.60549951214483
H            1.54372813277067        1.75147497198119        1.26786247327506
H            1.71179749789023        3.01133674667280        0.03411411976362
H           -0.41817202237729        2.94006695444326        2.21938265197387
H           -0.35996804340013        4.11804618900252        0.91161594666574
H            0.94207933212212        4.06305535757580        2.11093422298188
H            0.46045525309817       -1.87181634423711        0.80107913413437
H            2.53396405984297       -3.07795560106949        1.32414203032841
H            4.71658694432737       -2.14963446857857        0.64188149837223
H            4.80547536569767       -0.01957282651893       -0.60357512678221
H            2.72619259573096        1.17480507793434       -1.15386091105201
34
 energy: -44.533122171024 gnorm: 0.000998827168 xtb: 6.7.1 (edcfbbe)
C           -4.24057275208015       -1.75117485776785       -0.28375786363887
C           -3.01206011043408       -1.45082452369410       -1.13349020458786
C           -1.98642983907111       -0.62073519666783       -0.36668560283818
C           -0.76099099636659       -0.31740647369593       -1.22975765257312
N            0.26489148703754        0.42625363275771       -0.50785679946233
C            0.02128115199842        1.74716774622598       -0.26452872211099
O           -0.95961930011984        2.29513403857018       -0.72621595699435
C            0.99439690313080        2.47245240889262        0.65145153595422
C            0.23797218737001        3.46345422962866        1.53239014663665
C            1.45739909436850       -0.25024929178755       -0.18190310782733
C            1.41367220562162       -1.46340291947548        0.49944564827021
C            2.58306180024713       -2.14297158913612        0.78826993479380
C            3.80760944476895       -1.62494996584002        0.40175805980527
C            3.85604102972819       -0.42590036248313       -0.29010924925573
C            2.69049346139363        0.25479076589729       -0.58823502335486
H           -4.72289427118121       -0.82701477989570        0.02565053223615
H           -3.96228755047367       -2.30750980253231        0.60901911863519
H           -4.95912172270473       -2.34281979260230       -0.84604904095968
H           -2.55269907349295       -2.38963367114822       -1.45399064618969
H           -3.31492036597184       -0.90640100760170       -2.03002471250375
H           -1.68314730632931       -1.15797524871923        0.53501909758555
H           -2.43515750212753        0.32475566355237       -0.05932446010831
H           -1.07497376031558        0.29324998464059       -2.08239103042960
H           -0.31240901356423       -1.24147786858519       -1.60091275751279
H            1.54950135055424        1.76034438406466        1.26307819524063
H            1.70472779019740        3.02225703463356        0.02903447675754
H           -0.42258063641623        2.93591368046007        2.21641027449234
H           -0.36776193742169        4.11756370492339        0.91156197288893
H            0.93343552313927        4.06491527151469        2.11240595744955
H            0.46405465743990       -1.87233393602549        0.80717576331963
H            2.53710785454980       -3.08140877012609        1.32048120551548
H            4.71857305606826       -2.15635856982502        0.63172057033705
H            4.80587289477026       -0.02329536823855       -0.60829914540486
H            2.72753424568675        1.17559145008628       -1.14924787926651
34
 energy: -44.533124611954 gnorm: 0.000676204325 xtb: 6.7.1 (edcfbbe)
C           -4.24234719481990       -1.74794498210395       -0.28567441238562
C           -3.01179918742494       -1.45067606195702       -1.13349683809701
C           -1.98528092569971       -0.62338670819471       -0.36499690408836
C           -0.75957321452073       -0.31932891187926       -1.22746355171886
N            0.26508358428160        0.42590876091976       -0.50533776948348
C            0.02093660521514        1.74729186172059       -0.26494015551873
O           -0.96057711518967        2.29382048777664       -0.72718139467833
C            0.99389271258036        2.47467382439172        0.64939215680189
C            0.23584353813822        3.46213039197401        1.53309168543888
C            1.45823621442652       -0.24942603311148       -0.17991891796699
C            1.41514677329472       -1.46249923216999        0.50143389640608
C            2.58439097756342       -2.14313979486395        0.78800092066909
C            3.80842153828262       -1.62627971602114        0.39941542264674
C            3.85640446851746       -0.42683242333592       -0.29130709315149
C            2.69102622787505        0.25505845483570       -0.58734005036537
H           -4.72323847906649       -0.82250905342345        0.02203963717198
H           -3.96670847371338       -2.30399468174565        0.60803938027137
H           -4.96115518608787       -2.33857665827125       -0.84863554465172
H           -2.55439071725732       -2.39056250504721       -1.45356586417455
H           -3.31190592809161       -0.90520304605038       -2.03028990337253
H           -1.68255116903243       -1.16286727919332        0.53550916981400
H           -2.43297686282687        0.32192892518620       -0.05567555721550
H           -1.07374883357548        0.29047027333068       -2.08059821720850
H           -0.30979160259379       -1.24313515953110       -1.59766288309311
H            1.55321291001016        1.76403236897876        1.25895640056558
H            1.70038703592428        3.02788682004209        0.02550644924880
H           -0.42215093117644        2.93154798088562        2.21763443633871
H           -0.37284728591170        4.11544543002586        0.91368901435036
H            0.93083054441267        4.06493498147488        2.11260888245110
H            0.46549707588455       -1.87023446320717        0.81170682849336
H            2.53811667845325       -3.08088492724635        1.32262503088471
H            4.71934483736952       -2.15860192774175        0.62724383653509
H            4.80596705028950       -0.02530986371131       -0.61272383088853
H            2.72830433446921        1.17626286726413       -1.14799162512968
34
 energy: -44.533125932906 gnorm: 0.000587968141 xtb: 6.7.1 (edcfbbe)
C           -4.24344211424885       -1.74560254609165       -0.28637656301136
C           -3.01197874350621       -1.45067274023144       -1.13362796096190
C           -1.98483012911972       -0.62486433143334       -0.36456563298520
C           -0.75863366998993       -0.32119814544847       -1.22651270879311
N            0.26497760709888        0.42539474736803       -0.50420079888148
C            0.02029694663889        1.74695203432826       -0.26518577884792
O           -0.96089936793871        2.29286503713192       -0.72825172566171
C            0.99322323299508        2.47544673573675        0.64813412682535
C            0.23525362881954        3.46099584649399        1.53343544297742
C            1.45864720719534       -0.24874968297760       -0.17888515524317
C            1.41609810327244       -1.46176673366855        0.50280015517413
C            2.58524136964042       -2.14254133351781        0.78894177073203
C            3.80898050697664       -1.62628898905833        0.39883160024997
C            3.85664999851276       -0.42681916000687       -0.29178077436023
C            2.69130895614936        0.25567660010561       -0.58673450201660
H           -4.72261894173839       -0.81917695073990        0.02102281051809
H           -3.96918493715332       -2.30201359726424        0.60749759613610
H           -4.96318865111401       -2.33492954954746       -0.84950787730817
H           -2.55592714308347       -2.39135924100967       -1.45326805398886
H           -3.31071615791892       -0.90494369241382       -2.03069447775971
H           -1.68273269058949       -1.16517685453513        0.53560667257628
H           -2.43171172154557        0.32065350921035       -0.05475993687336
H           -1.07248610505334        0.28733463593806       -2.08063451810580
H           -0.30803837215707       -1.24515949524175       -1.59517011625262
H            1.55359851911601        1.76564389066129        1.25662081467168
H            1.69825111080963        3.02970645799027        0.02440593457861
H           -0.42062216400082        2.92836893810983        2.21884695681760
H           -0.37550342177784        4.11402640505707        0.91526186417235
H            0.93021285386477        4.06432576175134        2.11233769968949
H            0.46633222978314       -1.86868815188405        0.81293565371685
H            2.53881844621824       -3.08026941553396        1.32250068629062
H            4.72006884045955       -2.15894859441501        0.62510335690605
H            4.80592626063050       -0.02534843332944       -0.61441410993888
H            2.72862851275437        1.17712703846602       -1.14761981614316
34
 energy: -44.533126963327 gnorm: 0.000464389345 xtb: 6.7.1 (edcfbbe)
C           -4.24420657807296       -1.74459836797005       -0.28660813723005
C           -3.01245056870204       -1.45064590733735       -1.13381117546805
C           -1.98520371743138       -0.62487793968570       -0.36483762535296
C           -0.75854113712708       -0.32225207273665       -1.22645223035452
N            0.26483332188225        0.42489343926192       -0.50438503650196
C            0.02000958261475        1.74648516315510       -0.26553140846039
O           -0.96162851446323        2.29216996209467       -0.72810639230454
C            0.99336481985087        2.47521313956746        0.64724201168952
C            0.23569620473890        3.45945361941500        1.53417669428407
C            1.45878962662546       -0.24877040110616       -0.17919293791811
C            1.41663682740288       -1.46143925463681        0.50304084222090
C            2.58597985739880       -2.14172327615423        0.78940486135572
C            3.80944622517924       -1.62535381334640        0.39898939673051
C            3.85673276381438       -0.42628670074391       -0.29198904163702
C            2.69121677761310        0.25577924993102       -0.58736634162313
H           -4.72247420732915       -0.81775480247331        0.02107114161959
H           -3.97045667543767       -2.30150698895164        0.60715489423388
H           -4.96458838566575       -2.33308101857461       -0.84988618022542
H           -2.55671762043904       -2.39168018880391       -1.45293950577201
H           -3.31078640712554       -0.90525835257101       -2.03123987626219
H           -1.68371272054264       -1.16480396989135        0.53578548078318
H           -2.43178538471829        0.32104001674046       -0.05579984775186
H           -1.07186167188953        0.28534910317789       -2.08143152880389
H           -0.30788484500543       -1.24664290317203       -1.59389538427026
H            1.55547222085848        1.76522779734117        1.25449325825806
H            1.69715858609304        3.03079798792309        0.02280401365667
H           -0.41844157697508        2.92581085080557        2.22029564327907
H           -0.37664715843355        4.11235304501076        0.91748525402921
H            0.93083831653915        4.06333894636392        2.11220129582578
H            0.46676383261609       -1.86764436146759        0.81386561777470
H            2.53989053991815       -3.07893823775352        1.32385110989113
H            4.72074523614462       -2.15743308013140        0.62586800582032
H            4.80574553513692       -0.02436043069232       -0.61389517898588
H            2.72806689493120        1.17713974741224       -1.14826905763069
34
 energy: -44.533127888918 gnorm: 0.000146378310 xtb: 6.7.1 (edcfbbe)
C           -4.24455540887858       -1.74392045406387       -0.28642337749585
C           -3.01274783753298       -1.45037488257370       -1.13367168659633
C           -1.98522719609325       -0.62466653273445       -0.36491013367394
C           -0.75849289487527       -0.32257279562765       -1.22655430270074
N            0.26512060510318        0.42459905856477       -0.50486673459981
C            0.02008136991628        1.74609428635110       -0.26587589391922
O           -0.96197487180238        2.29142409101659       -0.72804672154519
C            0.99322901740178        2.47521411834258        0.64684666913165
C            0.23537206254048        3.45897378752763        1.53422803464375
C            1.45907980948131       -0.24917544524786       -0.17956685881015
C            1.41682215639115       -1.46194095452083        0.50269461057747
C            2.58626424851539       -2.14200247634720        0.78930317372567
C            3.80992097269964       -1.62493333221533        0.39953512740469
C            3.85724593761077       -0.42571363944266       -0.29157282423494
C            2.69155644792958        0.25583472933860       -0.58741504460037
H           -4.72230770069366       -0.81691268063145        0.02155626832070
H           -3.97102938659582       -2.30124478784095        0.60716490225500
H           -4.96530977661301       -2.33184565288402       -0.84978698685496
H           -2.55726819375917       -2.39158415496257       -1.45263592042545
H           -3.31097528152595       -0.90505093575108       -2.03117918801209
H           -1.68392646168493       -1.16442902340722        0.53588736605501
H           -2.43160726617465        0.32142365998296       -0.05615488695136
H           -1.07167824521341        0.28481756809768       -2.08175859719781
H           -0.30802647704779       -1.24717325474264       -1.59373860350587
H            1.55594326896099        1.76560307527442        1.25393575379822
H            1.69649238236108        3.03105426723171        0.02205649924613
H           -0.41754526542763        2.92511747467154        2.22092263631326
H           -0.37820465872144        4.11086656561693        0.91825891276664
H            0.93036622972330        4.06369044393250        2.11157023293232
H            0.46700748298011       -1.86863553616241        0.81315233222775
H            2.54034513504482       -3.07953570218496        1.32349157170506
H            4.72127420078380       -2.15684311597073        0.62665017268650
H            4.80647044226089       -0.02334477741745       -0.61293666197147
H            2.72828515293530        1.17718700878035       -1.14806720579488
