32
 energy: -39.771782511324 gnorm: 0.037337370750 xtb: 6.7.1 (edcfbbe)
C            3.66375549462000        0.66207519100500       -0.63321849157100
C            2.23166211332400        0.58377270726800       -0.10790332943800
C            1.26980169363900        1.32221457778300       -1.04374539982100
C           -0.18322513885900        1.21297519492000       -0.57766542139900
C           -0.62547858954700       -0.25252605723100       -0.40758767452200
C           -2.12753224673800       -0.41820568455200       -0.00245496554100
C           -3.06785186766900        0.30479680437600       -0.97505602323100
C           -2.43590860292700        0.03616045336300        1.42772040488900
O           -2.48560859225900       -1.80582964791900       -0.08976081127800
C            0.35014787812500       -0.97434151740200        0.55432281057400
O           -0.01033229678500       -2.35230928401800        0.66297760807800
C            1.79816013131500       -0.87361485356700        0.06881662584400
H            4.35627820990400        0.16167636778200        0.05178667214400
H            3.75517811828700        0.18541892885700       -1.61512828324400
H            3.98460078764500        1.70446725830400       -0.73162986413000
H            2.20542586412200        1.07506776109400        0.87388735922800
H            1.35152274989600        0.91557268125700       -2.06008197794000
H            1.54870790956000        2.38112413391800       -1.10437832024300
H           -0.29679285829800        1.75483554081600        0.36859009304700
H           -0.81016355874500        1.72216787599300       -1.31687117314100
H           -0.52322281364200       -0.75144965111900       -1.38383195643700
H           -4.11153942910400        0.02407798345800       -0.78900063335600
H           -2.85326810712100        0.01587590808200       -2.01024469028700
H           -2.99415992268500        1.39326925936400       -0.89219926714400
H           -3.50171300957600       -0.09395009525200        1.65131345884300
H           -1.90526460316900       -0.57219614073800        2.16720337672000
H           -2.18320393782000        1.08813811819800        1.58843803952900
H           -1.71378912934700       -2.31801390652000        0.23674620573300
H            0.28357660711700       -0.53769662021000        1.55741709268900
H            0.66348449177600       -2.78788228591600        1.21645202497300
H            1.90758073620400       -1.42583843314600       -0.87427699498300
H            2.45917191875800       -1.37983256824900        0.78389443019100
32
 energy: -39.774517962447 gnorm: 0.016070093823 xtb: 6.7.1 (edcfbbe)
C            3.66376307232058        0.66542810640019       -0.63101680822147
C            2.23188069333554        0.59200071351246       -0.10783525437151
C            1.26130561932781        1.30924223215362       -1.04340906186018
C           -0.18647377478958        1.19665815285461       -0.56500916465137
C           -0.63056219499425       -0.26335137985826       -0.40762723102270
C           -2.12770503339060       -0.42774293826107       -0.00016491014321
C           -3.04683582031986        0.30955555384082       -0.97746221370348
C           -2.42032657512845        0.04241274931805        1.42882095956479
O           -2.49362309758348       -1.80188719325275       -0.11790123390899
C            0.34462502823779       -0.96875781211832        0.55797863163943
O           -0.00936958380712       -2.34723225136127        0.67142397951426
C            1.78777764588681       -0.85801497170569        0.06130965051451
H            4.35134268722610        0.16430427765540        0.05011580814061
H            3.74355962137661        0.18789937348455       -1.60724351663655
H            3.98122329003322        1.70251576495386       -0.73276025626717
H            2.19532227179749        1.07997554758389        0.87387982914139
H            1.34842502135084        0.88848825877013       -2.04977675084793
H            1.53907825823099        2.36529803542240       -1.10509770690457
H           -0.29544426608159        1.72521147928508        0.38609243229734
H           -0.82570272179812        1.69408123045637       -1.29647582872604
H           -0.53124365300643       -0.76140678813506       -1.38096557705593
H           -4.07599322564112        0.01433731937784       -0.77293298823221
H           -2.82122930748304        0.02491065465182       -2.00530259683279
H           -2.97165550366133        1.39025799931701       -0.87439745580158
H           -3.48575673289212       -0.08163714300347        1.62613638914613
H           -1.88568238783208       -0.56698434536298        2.15711321109576
H           -2.16177871935658        1.08956283462178        1.57807043129482
H           -1.74309601787849       -2.32158798961294        0.21949779980176
H            0.27650876119996       -0.50558748130773        1.55329791285618
H            0.65975504304970       -2.78511525903002        1.21465288240204
H            1.88028265984565       -1.39481669925746       -0.88901225656428
H            2.44762894242614       -1.35801803139382        0.78053181911896
32
 energy: -39.775202384065 gnorm: 0.004962553381 xtb: 6.7.1 (edcfbbe)
C            3.65610742983229        0.66975792637603       -0.62820410694864
C            2.22460928989910        0.59568514336520       -0.10524159336784
C            1.25473775271300        1.30415090497070       -1.04665726926433
C           -0.18791474995007        1.18605132420578       -0.56055345835945
C           -0.62533128948973       -0.27341542701144       -0.40825566293151
C           -2.12167447102602       -0.43304395643109       -0.00687172356828
C           -3.03593591100995        0.31989789228345       -0.97776939076729
C           -2.40891113177410        0.03899358781158        1.42473509821298
O           -2.50034098430394       -1.79399721452165       -0.13736169495123
C            0.34592611790388       -0.96794853680297        0.56243996746444
O           -0.00669747790628       -2.34245323257759        0.69198546682767
C            1.78696232127312       -0.85544563003924        0.06077412276248
H            4.34050645343059        0.16941905992429        0.05235050088379
H            3.72988311325953        0.19036270501224       -1.60120997122197
H            3.97092320429359        1.70464141018860       -0.73184094372753
H            2.18273548253320        1.08490239148117        0.87508750802309
H            1.33995285004193        0.86721610866019       -2.04395611719124
H            1.52485268338993        2.36005059795421       -1.11967559607185
H           -0.28740466783359        1.70087416450089        0.39708128923491
H           -0.83521360280771        1.68358840004402       -1.28165282971400
H           -0.52655357113405       -0.77337918876518       -1.37835078403323
H           -4.05803170342411        0.01247679848897       -0.77530748498272
H           -2.79666739137050        0.04675101056973       -2.00136268951639
H           -2.96161483412744        1.39528358340472       -0.85485995403336
H           -3.47303079479029       -0.07383662749250        1.61554987116858
H           -1.87292797167334       -0.57023488644928        2.14707519140676
H           -2.13906519248749        1.08170573656342        1.56166551514683
H           -1.77161825035669       -2.32644519565997        0.21230518571229
H            0.27766299052900       -0.48229951877015        1.54971471109385
H            0.66237008224595       -2.78306414456791        1.22467640139566
H            1.86347143421806       -1.37741740239224       -0.89656265006431
H            2.44823278990315       -1.35882778432494        0.77478401615786
32
 energy: -39.775423044121 gnorm: 0.003627172151 xtb: 6.7.1 (edcfbbe)
C            3.65328048607245        0.67434477110844       -0.62593579404990
C            2.22086769299546        0.59695940529328       -0.10518331766786
C            1.25085727860438        1.29849427694593       -1.05191741201675
C           -0.18917474707040        1.18114095067522       -0.56026284949421
C           -0.62321691929338       -0.27904889144284       -0.40855706274211
C           -2.11966808539974       -0.43785730256912       -0.01147964258203
C           -3.02949261167604        0.32887513900960       -0.97892009364217
C           -2.40320989395085        0.03209716163625        1.42355861516779
O           -2.50545413418986       -1.79224746211918       -0.15294280642978
C            0.34595488761085       -0.96636092261759        0.56767101645320
O           -0.00930448288116       -2.33608344275157        0.71465639608249
C            1.78550170150791       -0.85547451262773        0.05954974115273
H            4.33727885854729        0.17584819124480        0.05611828973696
H            3.72666310479551        0.19335059197015       -1.59810471460689
H            3.96550804805057        1.70980371073786       -0.73095743154511
H            2.17451902234586        1.08863532889080        0.87368760007753
H            1.33380349297712        0.85123695229391       -2.04449015653968
H            1.51845511925971        2.35381434539738       -1.13581596163982
H           -0.28057529310729        1.68912136459685        0.40156272378473
H           -0.84085451767043        1.68292116465255       -1.27347088836966
H           -0.52058531356092       -0.78172442329213       -1.37681202595731
H           -4.05065728608962        0.01222086872307       -0.78970911747206
H           -2.77916493360358        0.07416153183846       -2.00456214001549
H           -2.96051855132385        1.40201619533446       -0.83578865940681
H           -3.46715184178832       -0.07176619050546        1.61567195032360
H           -1.86946379658423       -0.58118908243452        2.14319336509708
H           -2.12343588015210        1.07244304969655        1.55735865619903
H           -1.79413957244700       -2.33566796104046        0.21358444572356
H            0.28151077753018       -0.46780334060972        1.54946338496959
H            0.66596662512000       -2.77860180007496        1.23734622746049
H            1.85542186437702       -1.37153543895583       -0.90052894231911
H            2.45047890099547       -1.36212422900543        0.76654752904407
32
 energy: -39.775605290538 gnorm: 0.004037567426 xtb: 6.7.1 (edcfbbe)
C            3.65193894971064        0.67929944947564       -0.62363424801985
C            2.21760856462774        0.59636293406515       -0.10852888098799
C            1.24796585866047        1.29040928293156       -1.06168235130743
C           -0.18907362702042        1.17741029857545       -0.56197589431934
C           -0.62191144781890       -0.28310256822254       -0.40749486829930
C           -2.11944791572442       -0.44215962479718       -0.01715529205228
C           -3.02432462077499        0.34091842286003       -0.97892099018990
C           -2.40040882313341        0.01856694225350        1.42272501021807
O           -2.51073610734893       -1.79084933633062       -0.17483063956346
C            0.34685943860778       -0.96147609168067        0.57556228135835
O           -0.01543297811292       -2.32400526525314        0.74874066899347
C            1.78436291134083       -0.85751114211105        0.05780658384654
H            4.33616297748420        0.18547518980851        0.06228412583357
H            3.73084640695487        0.19703114407245       -1.59522779072847
H            3.95937089212949        1.71667667577681       -0.72924360307621
H            2.16473079095818        1.09151420609809        0.86829661535756
H            1.32700942238561        0.83052381234930       -2.04905620464392
H            1.51564094268824        2.34443033042309       -1.16059368482995
H           -0.27055756281084        1.68166139805345        0.40283769362339
H           -0.84514882438716        1.68409446370486       -1.26704645971586
H           -0.51276652614880       -0.79029063454157       -1.37323397559854
H           -4.04602151700553        0.00859857595958       -0.81580626156037
H           -2.75545695996612        0.11872003453766       -2.00919679041918
H           -2.96819983391057        1.41121672519116       -0.80419106218752
H           -3.46529932528733       -0.07334304662217        1.61692925202027
H           -1.87231576642674       -0.60557320192606        2.13778607582671
H           -2.10691151025836        1.05495497242666        1.56121764672002
H           -1.82287062218384       -2.34610490431560        0.22027294497761
H            0.29021813942031       -0.44678036984811        1.54969242908770
H            0.67239401893074       -2.76850727365572        1.25540301334110
H            1.84738098150541       -1.37050024837881       -0.90410475360209
H            2.45439367291580       -1.36766115088073        0.75690033467339
32
 energy: -39.775696301236 gnorm: 0.003808403336 xtb: 6.7.1 (edcfbbe)
C            3.65281754002589        0.68084242197746       -0.62273918963649
C            2.21688623531113        0.59441739315490       -0.11316245335667
C            1.24768514766767        1.28452037946452       -1.06990177796591
C           -0.18830468977339        1.17768080994423       -0.56595352379432
C           -0.62167265309778       -0.28254587915894       -0.40668934737274
C           -2.12009254539488       -0.44295395120221       -0.02005462718763
C           -3.02210303778549        0.34911721711336       -0.97691794634493
C           -2.40136389173031        0.00573163018039        1.42318888003761
O           -2.51143456948506       -1.79022943441955       -0.18968492712525
C            0.34713371526606       -0.95557044976113        0.58127596162307
O           -0.02101639877851       -2.31336173315216        0.77333640561362
C            1.78305706175669       -0.85944005968263        0.05694732548263
H            4.33673649943111        0.19122035133165        0.06712037812670
H            3.73894877912431        0.19779272139282       -1.59374487870124
H            3.95678178829653        1.71972363266612       -0.72825833918748
H            2.15986842332548        1.09198911815184        0.86224336889229
H            1.32365616739284        0.81778951140084       -2.05456184674227
H            1.51806518941358        2.33706699370537       -1.17761659441613
H           -0.26481318218020        1.68406039937503        0.39834243934553
H           -0.84588460920715        1.68557693141934       -1.26869026134970
H           -0.50880454704020       -0.79342481111574       -1.37043684182216
H           -4.04353076389928        0.00380525023444       -0.83468545228829
H           -2.73999939460200        0.15224401941786       -2.00966212752386
H           -2.97949928088099        1.41669181617654       -0.77988255128235
H           -3.46764511894428       -0.07846214363857        1.61654671687715
H           -1.87986080069098       -0.63058466496404        2.13343116518468
H           -2.09867532602371        1.03831626620777        1.57291341212580
H           -1.83802885094529       -2.34918442093549        0.22450799996128
H            0.29663873763463       -0.42995577680175        1.54971679862826
H            0.67652691633054       -2.75800274181274        1.26809710815871
H            1.84258144961503       -1.37483892336497       -0.90415580167728
H            2.45534600986907       -1.37003187330556        0.75366145249354
32
 energy: -39.775770919104 gnorm: 0.002359791905 xtb: 6.7.1 (edcfbbe)
C            3.65446520598847        0.67983064378706       -0.62269107514511
C            2.21725973980050        0.59219800751955       -0.11803502548894
C            1.24912789920146        1.28060448967047       -1.07719771027220
C           -0.18708574319016        1.17996263906469       -0.57175821081127
C           -0.62182569915986       -0.27941218634543       -0.40618466244612
C           -2.12091033242333       -0.44171002966589       -0.02168143105351
C           -3.02168698269402        0.35534265176608       -0.97350912642079
C           -2.40365157062364       -0.00719013485553        1.42433543406236
O           -2.50901573111600       -1.78995168208909       -0.20128097272558
C            0.34697577969311       -0.94850928750119        0.58564458226537
O           -0.02614026937724       -2.30296243388960        0.79185291351709
C            1.78179450790405       -0.86080417719978        0.05752991352499
H            4.33724446768135        0.19370636932974        0.07114724605837
H            3.74771882363237        0.19574820244644       -1.59276857534758
H            3.95638964147667        1.71957347609271       -0.72830563162588
H            2.15783976859547        1.09189632490603        0.85618055162799
H            1.32288857753429        0.81005360170734       -2.06033143605572
H            1.52338498437150        2.33168694711251       -1.18980255108696
H           -0.26283883518336        1.69226047705239        0.38964984106061
H           -0.84418477331529        1.68579718153757       -1.27662396915508
H           -0.50730571176920       -0.79357112014787       -1.36807243134097
H           -4.04148071170541       -0.00142789074386       -0.84762842348513
H           -2.72981546247812        0.17917270540088       -2.00674501705154
H           -2.99245413120088        1.41973191119215       -0.75928482375104
H           -3.47158413975512       -0.08520487936057        1.61424558369962
H           -1.89006692494972       -0.65723056758127        2.12889268609192
H           -2.09328990438629        1.02116167669356        1.58964000759652
H           -1.84471084084598       -2.34769633566836        0.22623105258750
H            0.30058338691960       -0.41468397372706        1.54927753659134
H            0.67842837831748       -2.74687770328097        1.27740064611176
H            1.83955068138712       -1.38172276723724       -0.90118818530781
H            2.45439592167122       -1.36977213598653        0.75559218855196
32
 energy: -39.775818334446 gnorm: 0.001732623038 xtb: 6.7.1 (edcfbbe)
C            3.65568380834528        0.67704428162935       -0.62348717190956
C            2.21786819175759        0.59143655779666       -0.12106829228122
C            1.25091047587126        1.27897227848916       -1.08208913567842
C           -0.18642122334463        1.18238196042311       -0.57805882627517
C           -0.62151158363384       -0.27610869202019       -0.40649638303527
C           -2.12074341427360       -0.44028749587089       -0.02285532479685
C           -3.02177479900565        0.36004608230073       -0.96986711042966
C           -2.40510851233217       -0.01831494673160        1.42546310243755
O           -2.50513656613843       -1.78985571067967       -0.21075418199526
C            0.34608187965546       -0.94203854868287        0.58879966450263
O           -0.03004873129591       -2.29477374417618        0.80306516590577
C            1.78051173546727       -0.86023342953158        0.06011891195506
H            4.33687545797130        0.19273775148577        0.07308783569625
H            3.75197185008980        0.19083122684868       -1.59209528017925
H            3.95794169078630        1.71646040289406       -0.73076576852763
H            2.15804386262867        1.09349608897082        0.85194182318671
H            1.32419931845209        0.80650128716463       -2.06431912964616
H            1.52791685654609        2.32914475405689       -1.19635507112886
H           -0.26486409145666        1.70117212923947        0.37978324183200
H           -0.84195438879319        1.68389160606188       -1.28782786910865
H           -0.50675310709846       -0.79300489811329       -1.36671442284723
H           -4.03900865168110       -0.00575177527490       -0.85316698669479
H           -2.72379133850455        0.19870746029319       -2.00284661643429
H           -3.00201323218987        1.42155552517682       -0.74259057907532
H           -3.47439884277688       -0.09104139096763        1.61075187472343
H           -1.89876652858187       -0.68005428413444        2.12446631278096
H           -2.08836342476727        1.00589832774879        1.60468423581468
H           -1.84551153840999       -2.34515165147626        0.22550296211273
H            0.30061577608495       -0.40249373968798        1.54899861933316
H            0.67765683551405       -2.73808593851786        1.28337691297224
H            1.83781205062044       -1.38677770476394       -0.89582712159834
H            2.45208018449457       -1.36630376995185        0.76167553316495
32
 energy: -39.775857224572 gnorm: 0.001975045163 xtb: 6.7.1 (edcfbbe)
C            3.65622412798077        0.67221325124526       -0.62540965087138
C            2.21837288153197        0.59274507009606       -0.12220664911149
C            1.25295322872036        1.27883237531909       -1.08589653234812
C           -0.18643548547147        1.18434103404828       -0.58624894760893
C           -0.62080132780143       -0.27313660223721       -0.40748492323332
C           -2.11983051927084       -0.43967593666292       -0.02464098333328
C           -3.02242175162421        0.36558049317585       -0.96519016555958
C           -2.40500792714804       -0.03099216022749        1.42667462206031
O           -2.50047224915364       -1.79000064628188       -0.22200787304815
C            0.34427065081046       -0.93439500256603        0.59247798655128
O           -0.03408128511801       -2.28601471254632        0.81231558631980
C            1.77921462704753       -0.85717298578114        0.06630687013716
H            4.33554902196606        0.18882806205054        0.07325383930501
H            3.75091157369431        0.18126986377052       -1.59150066511731
H            3.96152073896729        1.70999074027061       -0.73743436992677
H            2.16004219289483        1.09902170338812        0.84875337322382
H            1.32796906443310        0.80474130738374       -2.06711248265211
H            1.53129749711632        2.32857807148123       -1.20061876759695
H           -0.27100847782452        1.71084979092033        0.36694257633220
H           -0.83923627601299        1.67898630971281       -1.30378538892826
H           -0.50560301546500       -0.79376902433394       -1.36538775612671
H           -4.03642098603046       -0.00921554698909       -0.85539402371416
H           -2.71954389527830        0.21952600465451       -1.99816783278174
H           -3.00999159479110        1.42364058781281       -0.72359588396536
H           -3.47559275865306       -0.09594743278260        1.60639047337681
H           -1.90728810119222       -0.70562212740712        2.11889862759863
H           -2.07956991000718        0.98785897661752        1.61968967325306
H           -1.84323013428648       -2.34312631791301        0.21975614508051
H            0.29683755673365       -0.38966282067639        1.54959722049155
H            0.67520337516103       -2.72964220752438        1.28860590824977
H            1.83730899645552       -1.38981886057301       -0.88618013409289
H            2.44886016161678       -1.35881125744592        0.77313105281283
32
 energy: -39.775880989830 gnorm: 0.001304861481 xtb: 6.7.1 (edcfbbe)
C            3.65569447068017        0.66921742221082       -0.62732415589939
C            2.21831468375608        0.59524410464349       -0.12109477317565
C            1.25343863937554        1.27920930451092       -1.08694362296431
C           -0.18732977896137        1.18425800386480       -0.59103112818332
C           -0.62016462617872       -0.27301008817676       -0.40844226916474
C           -2.11904446250954       -0.44074322344036       -0.02634520528736
C           -3.02266935324812        0.36946093690030       -0.96249158639013
C           -2.40346082512733       -0.03796669998682        1.42715693789257
O           -2.49939765182627       -1.78994851523841       -0.22948008905621
C            0.34274365544395       -0.93055339980869        0.59526515548956
O           -0.03596335653166       -2.28184944417580        0.81700122879474
C            1.77871007545512       -0.85381432490077        0.07231283493173
H            4.33481543097568        0.18632828580199        0.07178861136323
H            3.74593383923806        0.17360495959939       -1.59145728185212
H            3.96411671916118        1.70541437487880       -0.74459402374315
H            2.16209317157903        1.10541895217745        0.84793561836198
H            1.33112584299853        0.80406498593632       -2.06742017163313
H            1.53071259192883        2.32918698452069       -1.20215584022012
H           -0.27597016845598        1.71401395340279        0.35993152695773
H           -0.83838826606618        1.67525845950126       -1.31264656085945
H           -0.50322065541695       -0.79649826966724       -1.36463604322194
H           -4.03574277968542       -0.00816052613920       -0.85548439503227
H           -2.71900165111210        0.23114992058928       -1.99629535212961
H           -3.01122979804477        1.42560096348928       -0.71306506834726
H           -3.47447883064847       -0.09623086022081        1.60523791649490
H           -1.91100473340885       -0.71986162538825        2.11556562718174
H           -2.07078429452791        0.97736428889946        1.62530034711618
H           -1.84185791187736       -2.34447712370311        0.21065399763561
H            0.29246369109949       -0.38359170650192        1.55115690777401
H            0.67364809369046       -2.72633697999125        1.29218767409029
H            1.83874287429240       -1.38928122864055       -0.87823556432967
H            2.44715536395354       -1.35247188494826        0.78217967218178
32
 energy: -39.775898240560 gnorm: 0.000826799787 xtb: 6.7.1 (edcfbbe)
C            3.65475123823650        0.66680480949594       -0.62988510941906
C            2.21826475310513        0.59799458326629       -0.11972488274075
C            1.25365605997798        1.27951380328138       -1.08759277047343
C           -0.18809169467569        1.18365794982586       -0.59459182907432
C           -0.61997911353529       -0.27342433960579       -0.40901489558998
C           -2.11905967522684       -0.44213644484775       -0.02822552782239
C           -3.02294487980550        0.37320461450837       -0.96019942396128
C           -2.40192263538864       -0.04401293777523        1.42740271655673
O           -2.49984154494167       -1.78975556390434       -0.23652900215235
C            0.34142181074060       -0.92759159500485        0.59794106747289
O           -0.03676121964372       -2.27891879175870        0.81990655374810
C            1.77882947334043       -0.85045936881277        0.07917406083786
H            4.33468606583729        0.18538152412107        0.06952899525923
H            3.74049516087209        0.16607473031955       -1.59188154449950
H            3.96565957806238        1.70154372114993       -0.75330812667138
H            2.16470856936962        1.11238838729676        0.84715277570072
H            1.33391693747035        0.80340873701497       -2.06745186872495
H            1.52944838439613        2.32983848607927       -1.20366515508795
H           -0.27985451623654        1.71569907436470        0.35480134150544
H           -0.83772015956509        1.67203182553534       -1.31916683821210
H           -0.50065036653622       -0.79933842664448       -1.36367041258033
H           -4.03631383522177       -0.00355612598275       -0.85383128990715
H           -2.72090297930197        0.23897772708442       -1.99488969422258
H           -3.00971770943641        1.42791655854481       -0.70597742336441
H           -3.47331500578957       -0.09472509824731        1.60491008232466
H           -1.91516869051411       -0.73316718000729        2.11264600445544
H           -2.06104688913577        0.96773488189826        1.62977801251545
H           -1.84002376555462       -2.34694040002871        0.19755002130407
H            0.28760752896249       -0.37979748908826        1.55313870523891
H            0.67173340371476       -2.72344794239806        1.29681430078381
H            1.84224823752778       -1.38928771485213       -0.86926231665155
H            2.44588747889698       -1.34561199482969        0.79265439822839
32
 energy: -39.775906665793 gnorm: 0.000632060047 xtb: 6.7.1 (edcfbbe)
C            3.65429327233327        0.66585139346867       -0.63184362013254
C            2.21833230703451        0.59949294363527       -0.11971998723299
C            1.25336585989943        1.27870755024213       -1.08879830637095
C           -0.18863379379550        1.18343286345865       -0.59666867559824
C           -0.61953028597846       -0.27368406746067       -0.40951480449411
C           -2.11884064215539       -0.44289327909311       -0.02945080780362
C           -3.02222621937088        0.37637219647505       -0.95848549589240
C           -2.40154439470361       -0.04892546510913        1.42759224851397
O           -2.50025760970805       -1.78922961712607       -0.24261552302390
C            0.34046854037878       -0.92591291532917        0.59997695665133
O           -0.03745355035502       -2.27723347518583        0.82268134251923
C            1.77870795293233       -0.84837029852065        0.08350455889333
H            4.33510388661372        0.18664771144555        0.06829013284821
H            3.73817638192079        0.16141394552620       -1.59207064194386
H            3.96558515033816        1.69992595949555       -0.75975610217494
H            2.16605716034430        1.11676951862678        0.84564290200415
H            1.33438826480444        0.80111069345666       -2.06790745696027
H            1.52859580478155        2.32901322547586       -1.20647782368050
H           -0.28097983000362        1.71648244632742        0.35211216921902
H           -0.83786861172611        1.67085816717316       -1.32217256016353
H           -0.49861436939610       -0.80100369636361       -1.36325131654798
H           -4.03639201867596        0.00035053379243       -0.85260982139741
H           -2.72073967211408        0.24510783505179       -1.99425539124577
H           -3.00738803725247        1.43051842218045       -0.70031300389952
H           -3.47331431182026       -0.09345585766765        1.60431508302926
H           -1.91961099249359       -0.74381402861934        2.11043825187349
H           -2.05426262988803        0.95978554011450        1.63385099457549
H           -1.83961024086814       -2.34881749264916        0.18837781025621
H            0.28476142372968       -0.37679209932236        1.55440789287197
H            0.67000882439524       -2.72080897774049        1.30225282002094
H            1.84466187246575       -1.39042814791632       -0.86297254761850
H            2.44476050833437       -1.34047152784378        0.79997164768070
32
 energy: -39.775912454998 gnorm: 0.000594677374 xtb: 6.7.1 (edcfbbe)
C            3.65392745094211        0.66547528414085       -0.63329534052060
C            2.21835380558738        0.60036792316362       -0.11999109994942
C            1.25341504087339        1.27793445344073       -1.09023067059910
C           -0.18832624861536        1.18339351246211       -0.59741110464581
C           -0.61957410574070       -0.27344060982533       -0.40937055754558
C           -2.11917311054027       -0.44329439790395       -0.03039443190600
C           -3.02207134271190        0.37883155113078       -0.95723685473493
C           -2.40144072228395       -0.05297997226038        1.42771774654964
O           -2.50057541275939       -1.78901982266729       -0.24683371518880
C            0.34008091456102       -0.92447925456898        0.60118624374837
O           -0.03773510077254       -2.27579563521000        0.82371464513907
C            1.77915770668775       -0.84718769090720        0.08673312069813
H            4.33547874272279        0.18881534087039        0.06788651260960
H            3.73740639720201        0.15802691171481       -1.59199448077759
H            3.96468241928343        1.69928517347657       -0.76475039601483
H            2.16671088668234        1.11983008533450        0.84423819571795
H            1.33409290323422        0.79846683786912       -2.06850368348354
H            1.52876467801759        2.32801752127023       -1.21004745939775
H           -0.28034181404226        1.71703661287285        0.35105956510969
H           -0.83753492742828        1.67056333422399       -1.32301524232147
H           -0.49770844387271       -0.80132359245445       -1.36265338141816
H           -4.03711114171279        0.00595199148548       -0.85015175547581
H           -2.72306562122308        0.24710794061787       -1.99332370784722
H           -3.00417350664583        1.43258776122653       -0.69925048852265
H           -3.47347406126861       -0.09328679456839        1.60336741629741
H           -1.92339011236331       -0.75251078569826        2.10856912915324
H           -2.04980806811945        0.95335167949936        1.63777112427285
H           -1.83873231595791       -2.34975677621870        0.18053414020019
H            0.28288321269260       -0.37514066498811        1.55528436600081
H            0.66783002672179       -2.71796219641378        1.30749191529765
H            1.84692772443681       -1.39196508976332       -0.85809622646899
H            2.44452414641417       -1.33690063135289        0.80552740079991
32
 energy: -39.775917474335 gnorm: 0.000427249874 xtb: 6.7.1 (edcfbbe)
C            3.65397344111878        0.66570019701110       -0.63409143734657
C            2.21837902136293        0.60070803224886       -0.12096359131340
C            1.25334523632553        1.27650606961604       -1.09230899604873
C           -0.18789237636535        1.18382458788453       -0.59793265873718
C           -0.61939232962250       -0.27282724537172       -0.40931305184705
C           -2.11918773001017       -0.44327279451865       -0.03122845356877
C           -3.02157141785740        0.38112644548565       -0.95620385644342
C           -2.40188405491854       -0.05710290397317        1.42782531934120
O           -2.50024689777489       -1.78859809637669       -0.25148789964115
C            0.33984085349935       -0.92324482088729        0.60207949229608
O           -0.03818339623853       -2.27439329997859        0.82515891874329
C            1.77937940541072       -0.84655111685132        0.08847883740830
H            4.33598047804247        0.19198999812067        0.06862838490097
H            3.73841158276885        0.15562746515851       -1.59130122130166
H            3.96345286263104        1.69951793119003       -0.76849637341914
H            2.16641061940103        1.12184852605994        0.84234852657281
H            1.33280995848981        0.79444293885568       -2.06938395207023
H            1.52942185381788        2.32602397177247       -1.21510516871678
H           -0.27834875434657        1.71763974054748        0.35060621635119
H           -0.83748097147743        1.67142431546550       -1.32286128786280
H           -0.49684246301003       -0.80098056285123       -1.36235141149689
H           -4.03735486682501        0.01021011521147       -0.84809869126673
H           -2.72387326153251        0.24960472881518       -1.99291713102416
H           -3.00130861069544        1.43488383382409       -0.69704152594535
H           -3.47423011867805       -0.09413680674547        1.60217015043555
H           -1.92719589452738       -0.76107989167700        2.10648495165787
H           -2.04668347620886        0.94710029941747        1.64219166954381
H           -1.83901748525122       -2.35006205582083        0.17595654695184
H            0.28202480394712       -0.37327254848007        1.55570605238947
H            0.66499119712546       -2.71461422237991        1.31411320706246
H            1.84796675833234       -1.39354595001707       -0.85502090381689
H            2.44430603306762       -1.33449688075688        0.80889026298834
32
 energy: -39.775920762482 gnorm: 0.000296278993 xtb: 6.7.1 (edcfbbe)
C            3.65445970693218        0.66590630937720       -0.63437193554288
C            2.21859482156449        0.60107568564221       -0.12203766494307
C            1.25353920527285        1.27519586091714       -1.09447930817008
C           -0.18733914426987        1.18461437882482       -0.59877898060117
C           -0.61905167637375       -0.27192438174793       -0.40966757159092
C           -2.11886252057299       -0.44315560303573       -0.03201454354073
C           -3.02130471613242        0.38331321738909       -0.95484483382096
C           -2.40229003710093       -0.06160281987131        1.42798860793211
O           -2.49939783074699       -1.78826627200055       -0.25589033002383
C            0.33951342260469       -0.92191489896596        0.60271131079496
O           -0.03906117464973       -2.27288693008089        0.82647200039532
C            1.77930121520513       -0.84579472586345        0.08948059347642
H            4.33646899780535        0.19501174184987        0.07019993050582
H            3.74019302371442        0.15317250485755       -1.59004176303644
H            3.96289085093004        1.69968561192428       -0.77155550382532
H            2.16595363710117        1.12357613294930        0.84050547467448
H            1.33177301713730        0.79048683283943       -2.07029043033814
H            1.53050328340784        2.32406356412123       -1.22018355840415
H           -0.27634390190480        1.71878960456265        0.34973054424319
H           -0.83723957124732        1.67260906156821       -1.32318142466182
H           -0.49607802426970       -0.80030793972917       -1.36253254791512
H           -4.03771407303257        0.01455395967655       -0.84526537982329
H           -2.72562222873550        0.25143011181847       -1.99200291242556
H           -2.99845300165445        1.43691876749190       -0.69577287037650
H           -3.47486368071544       -0.09658356117657        1.60130067134004
H           -1.93003109310995       -0.76925204688026        2.10436724853009
H           -2.04492292996100        0.94078925317182        1.64661321655034
H           -1.83935605094998       -2.35023705428636        0.17243927154536
H            0.28150825527226       -0.37112455374029        1.55589374007348
H            0.66113968867793       -2.71104618314701        1.32161569217920
H            1.84826371194008       -1.39457716640679       -0.85293951334139
H            2.44382881786275       -1.33251846205069        0.81106369491685
32
 energy: -39.775922083128 gnorm: 0.000300039274 xtb: 6.7.1 (edcfbbe)
C            3.65466761348088        0.66582850461441       -0.63418937871974
C            2.21855100756959        0.60127736780767       -0.12258752505120
C            1.25387729215882        1.27457891943748       -1.09600712005003
C           -0.18686299277187        1.18501666213383       -0.59962689059306
C           -0.61907706162001       -0.27123996001749       -0.40969462397122
C           -2.11891899936464       -0.44315718071764       -0.03264486322268
C           -3.02145866063666        0.38466174860733       -0.95405485977438
C           -2.40221943782425       -0.06454956543721        1.42807849207176
O           -2.49878061512846       -1.78813551656384       -0.25920648962443
C            0.33953271451881       -0.92069060520761        0.60292531461951
O           -0.03961167614672       -2.27135280239053        0.82751460834534
C            1.77948929045365       -0.84552708565488        0.08992919901184
H            4.33638674941205        0.19660331696466        0.07173903293702
H            3.74139172166712        0.15142081667390       -1.58885192839659
H            3.96265496554163        1.69950626283346       -0.77300504663032
H            2.16539922158635        1.12458137741012        0.83950236791621
H            1.33156246809135        0.78815417442916       -2.07098399717438
H            1.53129413911000        2.32309600848758       -1.22355111043993
H           -0.27539988308160        1.71970565205229        0.34862500588004
H           -0.83676059209484        1.67288207620041       -1.32410077861200
H           -0.49583369417363       -0.79990869315493       -1.36233246233129
H           -4.03803620088420        0.01635298560524       -0.84371810752553
H           -2.72654426969486        0.25356660747890       -1.99180270910882
H           -2.99751076400772        1.43821848286334       -0.69349375224483
H           -3.47490704047394       -0.09911160209304        1.60085140200797
H           -1.93078336816856       -0.77431345811592        2.10284684127192
H           -2.04404946157429        0.93704816344039        1.64928135193241
H           -1.84003746270069       -2.35030610328579        0.17073861569711
H            0.28147368131855       -0.36921248764746        1.55569359994740
H            0.65835083541188       -2.70815832909882        1.32701610002221
H            1.84822593234291       -1.39486622832740       -0.85215167833887
H            2.44393454768440       -1.33196950932886        0.81179231492483
32
 energy: -39.775922817767 gnorm: 0.000170576007 xtb: 6.7.1 (edcfbbe)
C            3.65492292229176        0.66565966303386       -0.63394200712704
C            2.21863942175930        0.60142860910144       -0.12273464409344
C            1.25408845477982        1.27438898825478       -1.09651349447658
C           -0.18686164101341        1.18518957530138       -0.60056727404439
C           -0.61890480156876       -0.27105297453718       -0.41014422723502
C           -2.11870531807551       -0.44315891199654       -0.03298690903950
C           -3.02161384190241        0.38539425566124       -0.95333816348744
C           -2.40202755257456       -0.06613019961600        1.42812025482594
O           -2.49842838577714       -1.78794511981060       -0.26079845313558
C            0.33942748498108       -0.92007018653021        0.60299122363930
O           -0.03998626196898       -2.27054210292138        0.82821122925831
C            1.77937482999414       -0.84526689747824        0.09003780423268
H            4.33638758239555        0.19698722088901        0.07258840571733
H            3.74190028324153        0.15042591807176       -1.58811550735287
H            3.96302395203039        1.69918824343950       -0.77354900741245
H            2.16528356714721        1.12504185226699        0.83916975508264
H            1.33199841495636        0.78768893561100       -2.07129286831608
H            1.53157578352172        2.32281731164093       -1.22432233741395
H           -0.27571924852277        1.72036494700656        0.34738903277798
H           -0.83650703407459        1.67269373609434       -1.32553524329341
H           -0.49549963707085       -0.80005914761321       -1.36258427512932
H           -4.03821226686088        0.01756501787294       -0.84248599959881
H           -2.72760282413748        0.25451349982800       -1.99121661335678
H           -2.99703372265307        1.43873183602139       -0.69248177740529
H           -3.47467828798629       -0.10122270508348        1.60107779920762
H           -1.93028766908406       -0.77648400350787        2.10204083286052
H           -2.04404771078337        0.93533614443577        1.65027555704481
H           -1.84027304322981       -2.35042265634748        0.16947365145771
H            0.28135874220176       -0.36807787054641        1.55545174613692
H            0.65661807866081       -2.70655259934179        1.33023432572369
H            1.84807035797100       -1.39477739666466       -0.85192901255569
H            2.44371937135258       -1.33165298253710        0.81200712128450
