23
 energy: -33.504392163477 gnorm: 0.039901544042 xtb: 6.7.1 (edcfbbe)
C            3.98815830827200        0.42723630791100       -0.12622291389000
O            3.09927752278300       -0.52336945730600        0.44657907911300
C            1.77533527866900       -0.40270890191600        0.12588577258900
C            1.21459383018200        0.57464170377500       -0.69549560977000
C           -0.16326080124300        0.58256349901700       -0.94041268378600
C           -0.99740987624500       -0.38664989030400       -0.36867612209700
C           -2.48751300980200       -0.36176198227300       -0.61887522036200
C           -3.26542360822100        0.25509391273500        0.54325206422700
O           -3.01979698950900        1.65504103076200        0.64006890264100
C           -0.43002051250500       -1.36429120724500        0.45577524020700
C            0.94555957382900       -1.36903380506700        0.69831770619000
H            4.99907315100900        0.18990350442800        0.21899137226000
H            3.98582355175600        0.36189065479400       -1.21931349931300
H            3.75119998382600        1.44189696859000        0.21048079296100
H            1.81864661383900        1.34542852002100       -1.16212370738900
H           -0.58160481304100        1.35519060742200       -1.58320992827100
H           -2.83232630552400       -1.38868025528200       -0.79064340828700
H           -2.69133818307100        0.19777123465700       -1.54018801848000
H           -4.33914391901900        0.12624745417800        0.37435189570400
H           -3.01712963305800       -0.21089518672400        1.50263139599200
H           -2.07818484052200        1.75962644849100        0.86751100468500
H           -1.05065865067800       -2.13052930333200        0.91456293713600
H            1.37614332827100       -2.13461185733000        1.33937747207300
23
 energy: -33.506742458066 gnorm: 0.016727056960 xtb: 6.7.1 (edcfbbe)
C            3.98441418822605        0.42868047966333       -0.12782033630399
O            3.09431481491862       -0.51204955320321        0.43738696057900
C            1.76886557135920       -0.40041046724032        0.12782974217761
C            1.20767457201553        0.57364897412492       -0.68849133401154
C           -0.16041383718703        0.57567576919663       -0.92650264012846
C           -0.99231942364436       -0.38667309069172       -0.36711276365387
C           -2.47815881929437       -0.37200333228494       -0.62256770143163
C           -3.25343874197781        0.25708238886908        0.53787581985613
O           -3.01703574783214        1.64936997564414        0.65000875305690
C           -0.42399895459088       -1.35486674670263        0.45488354494314
C            0.93755603877664       -1.36371198643391        0.69851404618906
H            4.98090132377836        0.16611679507090        0.23263058635270
H            3.97559204526361        0.37314439702913       -1.22018403213584
H            3.74496607483882        1.44464341463453        0.19926789419698
H            1.81226476347161        1.33817163539599       -1.15434687493115
H           -0.57822887877413        1.33953030504034       -1.56870993411736
H           -2.83615782417053       -1.39435819706120       -0.77726950881676
H           -2.69245518108316        0.20290157564921       -1.52754701423849
H           -4.32878753063592        0.14920776989686        0.37160904663013
H           -2.99663432520142       -0.23765786731897        1.48342204028784
H           -2.07654162300256        1.76503625293452        0.84479255576108
H           -1.04535516034461       -2.11785594339511        0.90356831681391
H            1.37297665508849       -2.12362254881556        1.33138735705760
23
 energy: -33.507163620875 gnorm: 0.005554215966 xtb: 6.7.1 (edcfbbe)
C            3.97898619450934        0.42997971011055       -0.12814866150299
O            3.08877346751072       -0.50423761723884        0.43396028135529
C            1.76287885183774       -0.39836619392327        0.13208991019332
C            1.20204828008365        0.57571480328100       -0.68302384461631
C           -0.16198380948851        0.57297091834914       -0.92281457200620
C           -0.99360828593392       -0.38807834330250       -0.37121899258855
C           -2.47543787925125       -0.37535222054050       -0.62797582173295
C           -3.24375648038334        0.25767315121286        0.54066308896838
O           -3.00426126040335        1.64141809718458        0.65872860700927
C           -0.42400838075482       -1.35359223136224        0.45187152000266
C            0.93050255521422       -1.36271496330415        0.70087905599919
H            4.96624356730589        0.15323263460316        0.23964410507165
H            3.97187923479860        0.38118865991861       -1.22119682192226
H            3.74479124135066        1.44937584996995        0.19322694825068
H            1.80943140688565        1.33812722450338       -1.14445648682355
H           -0.58019016746762        1.33550118179267       -1.56315477974132
H           -2.83883577554148       -1.39533911220148       -0.76701713676933
H           -2.69274235824008        0.19993470289606       -1.52961789631982
H           -4.31990577155071        0.16405842159896        0.37565456144166
H           -2.98394692229380       -0.25626788319661        1.47777405800856
H           -2.06051283164902        1.76557653188431        0.81876274619247
H           -1.04861906042551       -2.11377097997746        0.89646064872337
H            1.37227418388504       -2.11703234225616        1.33153400693978
23
 energy: -33.507264853048 gnorm: 0.002989794596 xtb: 6.7.1 (edcfbbe)
C            3.97591128651981        0.43098850915971       -0.12661949630105
O            3.08460823413881       -0.49996417954876        0.43477039327134
C            1.75904840140505       -0.39662840871679        0.13434299631185
C            1.19838477448945        0.57854805393568       -0.68035708222073
C           -0.16538761277807        0.57374332516017       -0.92295359949692
C           -0.99650480678985       -0.39018029488298       -0.37548815995441
C           -2.47705655446306       -0.37852305371159       -0.63058763745479
C           -3.23819157036268        0.25947865674952        0.54329285059599
O           -2.98930941216707        1.63774133053520        0.66638592817883
C           -0.42622131143141       -1.35544781230923        0.44944320452141
C            0.92679467064966       -1.36282838658966        0.70232675367221
H            4.96085203474118        0.15056794009250        0.24204673272063
H            3.97069702533059        0.38413599277642       -1.22039994040406
H            3.74619246981310        1.45266202262901        0.19284527487034
H            1.80757686413653        1.34210197417947       -1.13717201030878
H           -0.58406954398179        1.33640761192028       -1.56362969225777
H           -2.84282937222331       -1.39787725945150       -0.76218489178021
H           -2.69692469579236        0.19428578628509       -1.53249907181658
H           -4.31525393172541        0.17281519615135        0.38165745504151
H           -2.97747808418855       -0.26414870022288        1.47537450581423
H           -2.04042736512757        1.76242327477554        0.79719616303352
H           -1.05296860571155       -2.11606133335988        0.89115262932063
H            1.37255710551662       -2.11424024555466        1.33368121877578
23
 energy: -33.507338386735 gnorm: 0.004267576592 xtb: 6.7.1 (edcfbbe)
C            3.97203279219592        0.43292675281256       -0.12349632990054
O            3.07880652573444       -0.49438744522423        0.43861130065029
C            1.75395919051036       -0.39322813928199        0.13700006925955
C            1.19310960066615        0.58284089699478       -0.67735414680510
C           -0.17077724909137        0.57506345479555       -0.92435701304287
C           -1.00022257666355       -0.39388120344622       -0.38134941704538
C           -2.48054416417962       -0.38301577869578       -0.63244306583495
C           -3.23107211772155        0.26221052666781        0.54692761942941
O           -2.96397584898226        1.63408437647657        0.67445336585756
C           -0.42927947091400       -1.35936277396908        0.44501916356487
C            0.92297208027476       -1.36303228869476        0.70264694657762
H            4.95669087012140        0.15068140012895        0.24399471339168
H            3.96771814769259        0.38614173757652       -1.21794195523665
H            3.74754240759681        1.45676268539924        0.19483831324917
H            1.80339637677609        1.34934338210390       -1.12827150264559
H           -0.59033181624496        1.33845586232179       -1.56498076533613
H           -2.84934249157957       -1.40205904311912       -0.75569312271154
H           -2.70456029661929        0.18483085149325       -1.53644937719027
H           -4.30969085492045        0.18645334804372        0.38959942427052
H           -2.97222529159795       -0.27032309726114        1.47463189982033
H           -2.00877499753284        1.75253194878470        0.76805984833274
H           -1.05772865459029       -2.12132248392648        0.88357441078559
H            1.37229783906736       -2.11171496997850        1.33560414469263
23
 energy: -33.507382117452 gnorm: 0.003890176648 xtb: 6.7.1 (edcfbbe)
C            3.96848644857514        0.43566747415022       -0.12053669229981
O            3.07425618931845       -0.48964662113626        0.44342268717592
C            1.75008298671064       -0.39032806077231        0.13854760698391
C            1.18849709998913        0.58585623789345       -0.67531281082895
C           -0.17540478170128        0.57535407150411       -0.92531563590692
C           -1.00273661319590       -0.39769207968569       -0.38522989741491
C           -2.48367588955098       -0.38718564709713       -0.63258793692625
C           -3.22520848234169        0.26532968550587        0.54882990743899
O           -2.93931241628044        1.63284068714031        0.67826245466188
C           -0.43117915076874       -1.36334698960752        0.44110093303404
C            0.92083870957475       -1.36351783025068        0.70147868098885
H            4.95413483805634        0.15313893518810        0.24506142282399
H            3.96307580801535        0.38753176771523       -1.21509462499925
H            3.74693543068139        1.46032992988374        0.19761927926056
H            1.79816435906707        1.35550565497289       -1.12223899732820
H           -0.59581769675473        1.33901890690873       -1.56564355915233
H           -2.85477885907388       -1.40626696570095       -0.74963693376144
H           -2.71093521759206        0.17607941603850       -1.53895263702510
H           -4.30515338443068        0.20159654206232        0.39384356171455
H           -2.97112711467164       -0.27196224578364        1.47502244337995
H           -1.98116076103965        1.74012040876847        0.74772116012826
H           -1.05950290404012       -2.12723190318519        0.87709090274568
H            1.37152140145180       -2.11119137451053        1.33517320943950
23
 energy: -33.507423953004 gnorm: 0.002062632567 xtb: 6.7.1 (edcfbbe)
C            3.96383654137666        0.44044119607952       -0.11686062729686
O            3.06961493776943       -0.48402923874836        0.44991522516963
C            1.74616907128012       -0.38757352199708        0.13983331908382
C            1.18316369946356        0.58819669974092       -0.67315193973792
C           -0.18046515693452        0.57409430834642       -0.92579036315995
C           -1.00506153469931       -0.40304835720531       -0.38855180768071
C           -2.48725100730194       -0.39203391247163       -0.63138727048395
C           -3.21856891752988        0.27002879444453        0.54995250016748
O           -2.90913703211692        1.63332614956128        0.68026095111591
C           -0.43244818113476       -1.36903493094194        0.43618072220087
C            0.91942446911550       -1.36515934031532        0.69849295586213
H            4.95104125384548        0.15803538480876        0.24613900840459
H            3.95531763204873        0.39053850744038       -1.21114171657488
H            3.74384977583221        1.46500638543587        0.20186943409578
H            1.79063377908844        1.36165248537717       -1.11684228463237
H           -0.60199510432881        1.33778382825641       -1.56526813273995
H           -2.86091564301214       -1.41124494018630       -0.74120172259556
H           -2.71747540600378        0.16576492211258       -1.54073946432715
H           -4.29979913052111        0.22331004841867        0.39648326484278
H           -2.97246128880143       -0.27067318484588        1.47622799306716
H           -1.94876162838596        1.72326190453490        0.72676199887732
H           -1.05907176462554       -2.13563509879949        0.86957964683434
H            1.37036063557434       -2.11300808904403        1.33186283364039
23
 energy: -33.507444713182 gnorm: 0.000940479519 xtb: 6.7.1 (edcfbbe)
C            3.95981867009984        0.44555274547381       -0.11399655632378
O            3.06700932844134       -0.48019251392236        0.45417055538372
C            1.74396856044579       -0.38707221577926        0.14025511199280
C            1.17954444202059        0.58833925649920       -0.67168280295060
C           -0.18366048022457        0.57141711839663       -0.92536918075485
C           -1.00649675620511       -0.40793033034154       -0.38995392826900
C           -2.48965586906350       -0.39533216603754       -0.62954610853999
C           -3.21379794667507        0.27480512333860        0.55023850194502
O           -2.88768785029040        1.63537226880324        0.67972023958787
C           -0.43259040978905       -1.37452009626602        0.43231589416544
C            0.91918491888968       -1.36816993999944        0.69501045179938
H            4.94788869782195        0.16346931941194        0.24727055199635
H            3.94841110198361        0.39553132988414       -1.20792520679003
H            3.73902773158367        1.46923672223449        0.20594001346353
H            1.78456851239387        1.36449502510435       -1.11388570771224
H           -0.60609710876764        1.33500391509258       -1.56388093535476
H           -2.86571621376469       -1.41437461630901       -0.73339401282599
H           -2.72090592129855        0.15854484678254       -1.54107439817759
H           -4.29546706769497        0.24180639935446        0.39714202164482
H           -2.97427850258640       -0.26680986566675        1.47773080584921
H           -1.92603232940241        1.71148487547767        0.71272430048689
H           -1.05697640519837       -2.14355695144951        0.86391463077727
H            1.36994089727882       -2.11710025008017        1.32690028273941
23
 energy: -33.507456903156 gnorm: 0.001667263118 xtb: 6.7.1 (edcfbbe)
C            3.95564599766614        0.45187069297920       -0.11135579031611
O            3.06587583474028       -0.47790604844549        0.45601188456688
C            1.74295629029366       -0.38903622873803        0.13994339403617
C            1.17679014882344        0.58651070199708       -0.67034215948804
C           -0.18600456894100        0.56716082930894       -0.92393793270653
C           -1.00765434144588       -0.41369272114062       -0.39003056268003
C           -2.49148159855352       -0.39819411549509       -0.62685789178603
C           -3.20984602388776        0.28128205831750        0.54995608804309
O           -2.87056663469281        1.63968052214319        0.67574294282974
C           -0.43181438944047       -1.38160523008077        0.42856614917832
C            0.92005484578403       -1.37370339882960        0.69051733067268
H            4.94426790150109        0.17097486097254        0.24861124241499
H            3.94210804183792        0.40410382699959       -1.20505293126218
H            3.73159868933859        1.47383419642517        0.21112809826180
H            1.77915122274379        1.36497401252826       -1.11174493025382
H           -0.60948663468099        1.33086408951583       -1.56116530333836
H           -2.87090204805407       -1.41654583222349       -0.72423591409678
H           -2.72215697565836        0.15190885022576       -1.54063941594266
H           -4.29126880802010        0.25984837698720        0.39649915826291
H           -2.97616149708056       -0.25889226290007        1.47980940441892
H           -1.90861180234114        1.70443434889128        0.70294718056916
H           -1.05349929940622       -2.15333588383106        0.85861625403215
H            1.37100564947246       -2.12453564560526        1.31963822871659
23
 energy: -33.507466447688 gnorm: 0.001081531920 xtb: 6.7.1 (edcfbbe)
C            3.95341764306779        0.45576216524418       -0.10978348814558
O            3.06619126515459       -0.47855180970696        0.45416733131361
C            1.74309846675515       -0.39198264033164        0.13880824070873
C            1.17566344025741        0.58444481484023       -0.66974468511809
C           -0.18710159765159        0.56436843511827       -0.92249237420217
C           -1.00830657460807       -0.41739327499599       -0.38941972294641
C           -2.49220929890431       -0.39980283965322       -0.62488132655075
C           -3.20816392128714        0.28620756687169        0.54990189442317
O           -2.86499732079349        1.64380984581087        0.67131650578491
C           -0.43093446266127       -1.38668137861026        0.42642867545917
C            0.92120569878866       -1.37860104943915        0.68725261648439
H            4.94234724626660        0.17645328983348        0.24992129842051
H            3.94041735761366        0.41178480512216       -1.20365323220548
H            3.72589383508706        1.47608004234025        0.21577321860905
H            1.77691652078193        1.36403113104381       -1.11047370024212
H           -0.61142499762181        1.32865119830747       -1.55850629096745
H           -2.87431471173202       -1.41744555555690       -0.71773053871300
H           -2.72208371691409        0.14761194603955       -1.54040024271055
H           -4.28937353289177        0.26787835049109        0.39664446125253
H           -2.97570357536476       -0.25174243929981        1.48138869562137
H           -1.90230849646871        1.70582964972181        0.69838316182204
H           -1.05132612492894       -2.15997307078768        0.85559060986108
H            1.37309685805366       -2.13073918240118        1.31413341617388
23
 energy: -33.507481035200 gnorm: 0.001600971167 xtb: 6.7.1 (edcfbbe)
C            3.95042745909844        0.46174672805782       -0.10720810780686
O            3.06802129365552       -0.48271209617980        0.44742000272571
C            1.74435465658651       -0.39851927779906        0.13501888485220
C            1.17462887742586        0.57997783434107       -0.67003604157652
C           -0.18844529476579        0.55994271571064       -0.92012051608479
C           -1.00886097136524       -0.42326441392051       -0.38772512451326
C           -2.49264236575557       -0.40241503357730       -0.62109211883788
C           -3.20623123453697        0.29507876927321        0.54928324017071
O           -2.86095946530876        1.65250202547135        0.65963935412639
C           -0.42895488239254       -1.39523973980668        0.42321377380289
C            0.92402994105675       -1.38766535263074        0.68110011664119
H            4.94014800602811        0.18675232232036        0.25314366984720
H            3.94109946843826        0.42620436769762       -1.20157499728333
H            3.71482792737458        1.47833732572038        0.22518238834730
H            1.77466994828702        1.36072967602965       -1.11016231717321
H           -0.61438036597240        1.32540983110261       -1.55393698091962
H           -2.87940407577188       -1.41880488381906       -0.70594600242155
H           -2.72107226069666        0.13960826141039       -1.54020468034928
H           -4.28721881270593        0.27728118221430        0.39578561912554
H           -2.97458179847082       -0.23650420194525        1.48469784356613
H           -1.89956660887780        1.71405453943999        0.70040294040880
H           -1.04773064671146       -2.17048471282329        0.85158517440910
H            1.37784120537939       -2.14201586628565        1.30415840307594
23
 energy: -33.507493226198 gnorm: 0.001425422264 xtb: 6.7.1 (edcfbbe)
C            3.94678541661180        0.46777436304276       -0.10329245545551
O            3.06872021121321       -0.48715354054018        0.43999750339452
C            1.74440608488713       -0.40398480352745        0.13042463474489
C            1.17195058765367        0.57708100966492       -0.66992414182956
C           -0.19144345048325        0.55654508678144       -0.91775567999003
C           -1.00992387890680       -0.42960503011719       -0.38715195415665
C           -2.49398633487262       -0.40676696952553       -0.61678632630256
C           -3.20259045998297        0.30475073608837        0.54940007106704
O           -2.85216630973344        1.66142973795723        0.64842362249105
C           -0.42737623117859       -1.40435865154741        0.41850188345019
C            0.92630126345317       -1.39656878559925        0.67363540195369
H            4.93740643821040        0.19692018215538        0.25826101911197
H            3.94230876969924        0.44164883526212       -1.19812704227852
H            3.70304714913429        1.48004513634993        0.23693111382947
H            1.77083118942086        1.35994587828671       -1.10798629038131
H           -0.61960756772846        1.32392363067623       -1.54786070981889
H           -2.88493961817422       -1.42248260807684       -0.69019863618170
H           -2.72332310317878        0.12697158409965       -1.54071932391961
H           -4.28431510375743        0.28931514375114        0.39790490090526
H           -2.97112562072573       -0.22092219011473        1.48832008319179
H           -1.88869236429135        1.72038895195093        0.69304555988597
H           -1.04478187796111       -2.18186110455703        0.84505364674152
H            1.38251481068968       -2.15303659245918        1.29252764367975
23
 energy: -33.507500790841 gnorm: 0.001134973022 xtb: 6.7.1 (edcfbbe)
C            3.94410367277806        0.47177482154529       -0.09994121606077
O            3.06864180431270       -0.49011476699148        0.43491136277313
C            1.74391609746617       -0.40701447431565        0.12661509948183
C            1.16952756027332        0.57601503768036       -0.66983059096088
C           -0.19416186794293        0.55486295232975       -0.91613977638323
C           -1.01072344676856       -0.43385274474208       -0.38721974101245
C           -2.49525872581037       -0.41061076277098       -0.61321169856221
C           -3.19888333623957        0.31150393885736        0.54952255507665
O           -2.84361970806015        1.66746664732144        0.63870630280682
C           -0.42631481893016       -1.41076730253453        0.41435468328763
C            0.92773882334143       -1.40250566156476        0.66746441695510
H            4.93497079291565        0.20318405618416        0.26288673341395
H            3.94308875531325        0.45224352721200       -1.19488288803440
H            3.69495019276477        1.48074130382573        0.24575816083548
H            1.76728444259182        1.36088648789015       -1.10598660702984
H           -0.62403211757691        1.32345613299334       -1.54352517020001
H           -2.88806541707739       -1.42627076873637       -0.67701774555561
H           -2.72673762214757        0.11581886099159       -1.54081175592259
H           -4.28091372944902        0.29891282499098        0.39990162293169
H           -2.96811083888600       -0.20860133254673        1.49156462429175
H           -1.88029956628236        1.72340380678074        0.68709919061002
H           -1.04269200341882       -2.19002046007600        0.83917181664733
H            1.38559105683136       -2.16051212432225        1.28323514474338
23
 energy: -33.507506713461 gnorm: 0.000451039831 xtb: 6.7.1 (edcfbbe)
C            3.94142183728498        0.47573170585624       -0.09571249705163
O            3.06790697441543       -0.49266306369648        0.43009809065406
C            1.74283379529399       -0.40928857819692        0.12251742725188
C            1.16648547166447        0.57577488008825       -0.66957302046476
C           -0.19754872827260        0.55351987226443       -0.91468324980217
C           -1.01179810462455       -0.43824976267281       -0.38815061685720
C           -2.49721194076579       -0.41510703724842       -0.60890931272023
C           -3.19448632770482        0.31842164903619        0.55010634759220
O           -2.83323606631186        1.67352555842539        0.62836811712207
C           -0.42531215263674       -1.41758210388866        0.40889402671676
C            0.92893438945502       -1.40836558487470        0.66029061501381
H            4.93208753084996        0.20849581818933        0.26880426130799
H            3.94428291899688        0.46309106241448       -1.19068102267609
H            3.68734822754852        1.48136280833835        0.25554009859262
H            1.76278738462078        1.36310130375062       -1.10335494889305
H           -0.62923457206698        1.32354098423432       -1.53894435774111
H           -2.89112639235749       -1.43087139484497       -0.66168657713696
H           -2.73221794249127        0.10294518466992       -1.54018284905889
H           -4.27708210176528        0.30938011142099        0.40389694014864
H           -2.96289212831039       -0.19567808444515        1.49522569387857
H           -1.87003049855424        1.72541791937176        0.67642085044638
H           -1.04062686328029       -2.19858275973779        0.83176243325822
H            1.38871528901112       -2.16792048845231        1.27257807455161
23
 energy: -33.507508591609 gnorm: 0.000353599599 xtb: 6.7.1 (edcfbbe)
C            3.94032901373133        0.47757041808540       -0.09332532164232
O            3.06756166877993       -0.49404485687471        0.42771922709092
C            1.74241153034732       -0.41072901441223        0.12011203111461
C            1.16514563636741        0.57546621119719       -0.66969493589383
C           -0.19912804640300        0.55295713903080       -0.91390051227295
C           -1.01243292023408       -0.43998824390969       -0.38836492098824
C           -2.49825286097220       -0.41696119658265       -0.60671697361943
C           -3.19201323122233        0.32151595644124        0.55101797610435
O           -2.83001253648398        1.67669122529331        0.62310461326795
C           -0.42487619104525       -1.42072040325814        0.40619597014783
C            0.92951504854523       -1.41148360585577        0.65630066595247
H            4.93075147251759        0.21075641904039        0.27219162136623
H            3.94524092324101        0.46854593739029       -1.18829773363140
H            3.68384550892383        1.48154535899088        0.26077987987544
H            1.76062822951368        1.36411448597622       -1.10222157135446
H           -0.63151188941352        1.32366553740423       -1.53678188592913
H           -2.89251938468919       -1.43279386442383       -0.65414865398119
H           -2.73514356494214        0.09716080382487       -1.53963814616092
H           -4.27479828036772        0.31263108125519        0.40743739360233
H           -2.95873480376084       -0.18868667119971        1.49784994110946
H           -1.86675334327482        1.72781958813221        0.66880932691996
H           -1.03951540719273       -2.20305031893436        0.82757457786996
H            1.39026342803333       -2.17198198660907        1.26662195518508
23
 energy: -33.507509996865 gnorm: 0.000324528707 xtb: 6.7.1 (edcfbbe)
C            3.93992705472730        0.47842212758290       -0.09192496267609
O            3.06744514000349       -0.49464807127168        0.42678201704025
C            1.74230144200052       -0.41136800228708        0.11913440002692
C            1.16465255895234        0.57534601652100       -0.66963449610866
C           -0.19972063664423        0.55257214113526       -0.91363243466648
C           -1.01266828229229       -0.44100929209867       -0.38879893943454
C           -2.49880326535278       -0.41761834020657       -0.60527033330493
C           -3.19093835382696        0.32281218309005        0.55201672007890
O           -2.82978140559242        1.67848412023309        0.62027941420132
C           -0.42454315565650       -1.42263289656764        0.40424201540446
C            0.92986147652230       -1.41324038453238        0.65400982626001
H            4.93012973129889        0.21162413336229        0.27410837612675
H            3.94581258660540        0.47125347867708       -1.18685571134749
H            3.68236229965936        1.48157580376348        0.26361215125954
H            1.75974610594125        1.36447845415447       -1.10176847322126
H           -0.63232536151625        1.32376088686500       -1.53578133546058
H           -2.89338096121528       -1.43330580049733       -0.65072868361619
H           -2.73676284623000        0.09523933261370       -1.53850079921740
H           -4.27408384147706        0.31275148099931        0.41093643268751
H           -2.95497034468388       -0.18506583450964        1.49946934456057
H           -1.86645364785073        1.73023248626219        0.66247138692405
H           -1.03887937096016       -2.20530637538061        0.82529300913980
H            1.39107307758656       -2.17435764790615        1.26316559947624
23
 energy: -33.507511776177 gnorm: 0.000258052811 xtb: 6.7.1 (edcfbbe)
C            3.93954811912464        0.47915644470874       -0.09039294771921
O            3.06737516115789       -0.49541988199399        0.42600997519741
C            1.74234124620599       -0.41248335217840        0.11803864065011
C            1.16437098810037        0.57492888669568       -0.66962049147387
C           -0.20011214954077        0.55228437473899       -0.91319191336470
C           -1.01295639282640       -0.44164883286706       -0.38891388914382
C           -2.49928251999667       -0.41783381789553       -0.60393236675214
C           -3.18952745745883        0.32364431107002        0.55380197958688
O           -2.83160216884794        1.68049250609656        0.61744169040629
C           -0.42431995405918       -1.42431175578907        0.40249305840829
C            0.93016377113096       -1.41524003333345        0.65163450682869
H            4.92956497758919        0.21235797752840        0.27601263269347
H            3.94631300075577        0.47389916280050       -1.18530929010271
H            3.68099252766593        1.48154274822893        0.26662533543378
H            1.75913808876251        1.36468193451928       -1.10109051094772
H           -0.63271909699639        1.32395688356431       -1.53479469578908
H           -2.89427496972505       -1.43340206261786       -0.64823747025865
H           -2.73826172889278        0.09469642660335       -1.53708889867567
H           -4.27317504200626        0.31036863895696        0.41647628164487
H           -2.94886980098207       -0.18126979301787        1.50173963920043
H           -1.86817868765822        1.73469143917060        0.65299569846151
H           -1.03827663959075       -2.20788492272549        0.82249137874388
H            1.39174872808695       -2.17720728226156        1.25943618110462
23
 energy: -33.507512694635 gnorm: 0.000151883017 xtb: 6.7.1 (edcfbbe)
C            3.93919901689811        0.47971781529366       -0.08930329193651
O            3.06756776725434       -0.49643787888810        0.42519191142246
C            1.74253176084128       -0.41359012153679        0.11744274651384
C            1.16432293997479        0.57447706688835       -0.66931139827982
C           -0.20016130523890        0.55197793533115       -0.91273582615158
C           -1.01296425657957       -0.44238692790080       -0.38910700620591
C           -2.49940492292604       -0.41771001787004       -0.60288655934691
C           -3.18835603757611        0.32417025256954        0.55550955571433
O           -2.83456926547418        1.68231616807884        0.61485706808291
C           -0.42402278652169       -1.42603932425183        0.40082257035635
C            0.93053840715616       -1.41721223691922        0.64969929216959
H            4.92931665905971        0.21321498344147        0.27710511945148
H            3.94645628042494        0.47625836224078       -1.18427100792233
H            3.67958113913605        1.48134321555487        0.26927338976642
H            1.75902863650143        1.36443880615940       -1.10043516688877
H           -0.63278213379073        1.32413706161267       -1.53378142193255
H           -2.89503932744245       -1.43307142152129       -0.64701796416197
H           -2.73900502516195        0.09506851948401       -1.53583809310487
H           -4.27239550244474        0.30710667246171        0.42176588859201
H           -2.94304645403385       -0.17775248922251        1.50385519726777
H           -1.87116218478316        1.73969553380692        0.64470638695686
H           -1.03785463800340       -2.20980664378340        0.82055650721660
H            1.39222123272886       -2.17991533102734        1.25652662655328
