27
 energy: -35.598667098480 gnorm: 0.050463871834 xtb: 6.7.1 (edcfbbe)
C            4.53289241551200        0.53580688903400       -0.36689414869200
O            3.29364012759900        0.28908206530800       -1.03236975863500
C            2.29857586080200       -0.14446095233300       -0.20671451123300
O            2.41702915558000       -0.33306845730600        0.99543707289900
C            1.04398457884700       -0.39118691294500       -1.01546618410800
C           -0.22670864348600       -0.45551061097900       -0.15245947331700
C           -1.39512660971500       -1.01967861681100       -0.97782564778500
C           -2.69217348711800       -1.05962699376600       -0.17333272771700
C           -3.04213421138700        0.31006991914200        0.39808471042300
C           -1.89133388669500        0.88485654434200        1.21695297686900
C           -0.59340308958200        0.92794878463300        0.41314168343900
H            5.25358967386000        0.88486108073700       -1.11154535684800
H            4.91703364235100       -0.38576753801400        0.08149393299900
H            4.41279678860400        1.31626530452000        0.39104327373100
H            0.94179741687400        0.40400234989100       -1.76363138118600
H            1.18973392027000       -1.34167134553000       -1.54213764241500
H           -0.05024171551000       -1.13585392713400        0.69187874993100
H           -1.54604259406900       -0.40773844909300       -1.87646980005300
H           -1.15500217856200       -2.03328585603000       -1.32057994749300
H           -3.51034811717800       -1.41257700169100       -0.81121108124100
H           -2.59110025984800       -1.78239378945300        0.64565610692800
H           -3.93778451625500        0.23109794949100        1.02443564471500
H           -3.28503447227900        0.99665136966100       -0.42225358111600
H           -1.74261525941500        0.27552940927500        2.11692621307200
H           -2.14871719903200        1.89516313943200        1.55451686456900
H           -0.70297431848500        1.64850749133500       -0.40753371650300
H            0.20966697831700        1.30297815428300        1.05751559255200
27
 energy: -35.601157063996 gnorm: 0.010273951674 xtb: 6.7.1 (edcfbbe)
C            4.53149285137331        0.53604780204946       -0.36446510895478
O            3.28649948220998        0.29215970274611       -1.00941420466309
C            2.29136776128876       -0.14141193055455       -0.20560768000094
O            2.41716490351648       -0.32107002411762        0.97656582466572
C            1.03483713920659       -0.38538727566725       -1.00736888256282
C           -0.23447995721332       -0.45568516573872       -0.15003234423615
C           -1.39709231757836       -1.01247224586033       -0.97774652888139
C           -2.68845239658640       -1.06005397644077       -0.16681492650651
C           -3.03978354159584        0.31329135266674        0.39348651041437
C           -1.88682524997244        0.87645092060410        1.21680672831997
C           -0.59588569661163        0.92501534277484        0.40393399045337
H            5.22768361708281        0.88142175697170       -1.12999692485276
H            4.90651630452751       -0.38134159475199        0.09345885255918
H            4.41254279249479        1.30225541529310        0.40402588811868
H            0.94796885546812        0.39896749597591       -1.76285222483224
H            1.18016019658324       -1.33368477389236       -1.53288851647568
H           -0.04591733860584       -1.12860194946942        0.69385731679914
H           -1.54538180470145       -0.38859990609451       -1.86490562703792
H           -1.14950244913548       -2.02114325110654       -1.32162372190460
H           -3.50379916340170       -1.41619335027942       -0.80280995633063
H           -2.57641396112118       -1.77280191325367        0.65565995588118
H           -3.93447891933134        0.23647570344751        1.01745059573800
H           -3.26982203133587        0.99625152424072       -0.43008191184860
H           -1.73477877909450        0.25767344316615        2.10596923835529
H           -2.13917838860564        1.88466461736713        1.55691657669687
H           -0.71204530823896        1.63254064414576       -0.42383651092026
H            0.21760339937836        1.28523163577693        1.03897145579162
27
 energy: -35.601493960843 gnorm: 0.005674658503 xtb: 6.7.1 (edcfbbe)
C            4.52495213913082        0.53538254733544       -0.36007649021200
O            3.27643740418671        0.29620642178784       -0.99530096295043
C            2.28225381009405       -0.13706790928583       -0.20153909819287
O            2.41260192575741       -0.31563069367143        0.97708181796805
C            1.03131984309312       -0.38548333366002       -1.00987982775872
C           -0.23560983394788       -0.45458923143978       -0.15312437001782
C           -1.39675954995294       -1.01013489013055       -0.97871311199236
C           -2.68434507798590       -1.06143820384440       -0.16223415432146
C           -3.03511457914476        0.31550094222781        0.39106542170502
C           -1.88190778451344        0.87358831550509        1.21829343358464
C           -0.59585842480947        0.92462890624591        0.39855313533057
H            5.20498082603985        0.87738463516252       -1.13762935253224
H            4.89881333666446       -0.38116505706494        0.09950121662464
H            4.41379376951900        1.29647194151823        0.41427271533395
H            0.95011717665791        0.39380488916720       -1.76942116811342
H            1.17913628636693       -1.33476565507170       -1.53249214170678
H           -0.04132797832534       -1.12456618494013        0.69033838400005
H           -1.54861033045530       -0.37581666252016       -1.85584191618266
H           -1.14915436236769       -2.01460030037357       -1.33097716122076
H           -3.50039155541463       -1.42526711982342       -0.79131005101299
H           -2.56107639172142       -1.76434703048170        0.66498185470049
H           -3.93240023978622        0.24486649219079        1.01002366598259
H           -3.25316084244960        0.99544896987803       -0.43625610203308
H           -1.72591461375850        0.24360595820361        2.09680181905224
H           -2.13195426864396        1.87810917850375        1.56759999122740
H           -0.72279999710875        1.62444125413805       -0.43207088072355
H            0.22197931287556        1.28543182044235        1.02501119724655
27
 energy: -35.601586454035 gnorm: 0.002720191679 xtb: 6.7.1 (edcfbbe)
C            4.52084531080260        0.53671892502650       -0.35600864266730
O            3.27097118706649        0.30005375543298       -0.98802305680538
C            2.27788943847184       -0.13792711161429       -0.19924425407592
O            2.40708988591226       -0.31469048914641        0.98122533846423
C            1.03050806407111       -0.38738208815242       -1.01230084663040
C           -0.23665140765279       -0.45463959886498       -0.15730845858842
C           -1.39931402676517       -1.00780024749104       -0.98111679505063
C           -2.68220734884497       -1.06268455033382       -0.15718319716310
C           -3.03190987658828        0.31738784688750        0.38988736665615
C           -1.87703070828876        0.87007209645125        1.21909885959292
C           -0.59531439645180        0.92563825623315        0.39272164341050
H            5.19441905539150        0.87808940777762       -1.13726649925876
H            4.89476513060964       -0.38102847175198        0.10179463364072
H            4.41432412631035        1.29566931581005        0.42150160683631
H            0.95308218469234        0.38966272680700       -1.77437771292575
H            1.18010296579013       -1.33848061529224       -1.53129652345480
H           -0.04106481844823       -1.12364777278246        0.68656017357975
H           -1.55604037542795       -0.36726174157230       -1.85253154160291
H           -1.15288508609273       -2.00945645660590       -1.34088796065347
H           -3.50050035864884       -1.43391668873533       -0.77836895064768
H           -2.54919936276887       -1.75854724572483        0.67409411844312
H           -3.93218663397856        0.25331724245416        1.00459065081330
H           -3.24088268025928        0.99541918109728       -0.44090269749983
H           -1.71760123617843        0.23162632087041        2.09044976858439
H           -2.12531927688148        1.87129403285672        1.57771426193712
H           -0.73082831194385        1.62201957730684       -0.43901421474636
H            0.22493855610172        1.29049439305554        1.01285079359729
27
 energy: -35.601632985497 gnorm: 0.001937492354 xtb: 6.7.1 (edcfbbe)
C            4.51807362973032        0.53892543580008       -0.35094109887157
O            3.26774525266929        0.30518666868582       -0.98297780594949
C            2.27437264322334       -0.13712351758092       -0.19797137071216
O            2.40071928518059       -0.31816184979964        0.98355051213738
C            1.03101438917963       -0.39069841782596       -1.01559045522435
C           -0.23778219769886       -0.45484223574508       -0.16313428484554
C           -1.40338454430339       -1.00581543254559       -0.98435708168306
C           -2.68070327449297       -1.06355280289259       -0.15163336003928
C           -3.02898974579733        0.31908554232892        0.39015900058405
C           -1.87221023639835        0.86719781249852        1.21990896584521
C           -0.59530162248418        0.92665059223873        0.38630902879241
H            5.19054147139999        0.88079113718309       -1.13198012412794
H            4.89126098189046       -0.38077509450532        0.10438740006205
H            4.41408824585581        1.29670707190082        0.42835650608265
H            0.95635562898759        0.38448518736149       -1.77989804121293
H            1.18305328966606       -1.34387778359300       -1.53051626618893
H           -0.04368494481608       -1.12320776883088        0.68178854300709
H           -1.56638977062804       -0.36053859103096       -1.85123179633323
H           -1.15867492331889       -2.00509623814143       -1.35174263578235
H           -3.50230196039888       -1.44310895740343       -0.76326709129530
H           -2.53718312156864       -1.75289150658695        0.68340427318567
H           -3.93224279713962        0.26228195333838        1.00103051390038
H           -3.23012471468970        0.99529055250943       -0.44401816287127
H           -1.70834353026381        0.22078848939486        2.08458375306648
H           -2.11853275045945        1.86507306969934        1.58881330090549
H           -0.73896151067362        1.62055713846470       -0.44618931099849
H            0.22758682734871        1.29666954507659        0.99981495235217
27
 energy: -35.601650726900 gnorm: 0.001604028766 xtb: 6.7.1 (edcfbbe)
C            4.51581249354522        0.54272391559455       -0.34518489761041
O            3.26702945756851        0.30941057414762       -0.98124552404301
C            2.27391933136052       -0.14152349971742       -0.19948500443455
O            2.39619927967884       -0.32664772240483        0.98209626640965
C            1.03162009513556       -0.39439427785114       -1.01931101800491
C           -0.23885065113629       -0.45462831162951       -0.16858705854386
C           -1.40749789544997       -1.00406059836344       -0.98745565397773
C           -2.67970057978138       -1.06352373713880       -0.14698539864595
C           -3.02667715717509        0.32024178377237        0.39206943060689
C           -1.86770746390525        0.86572051106038        1.22004056524754
C           -0.59493436411950        0.92793746761949        0.38058748952196
H            5.19211497074542        0.88740590243864       -1.12241896402987
H            4.88865812356068       -0.37844469894293        0.10765507847385
H            4.40987998345559        1.29917143702540        0.43508887937373
H            0.95903952685192        0.37864450389572       -1.78628054639227
H            1.18366742601504       -1.34981911901970       -1.52998291031056
H           -0.04798552291340       -1.12310675286983        0.67727399325234
H           -1.57588483831165       -0.35681922035374       -1.85205009103361
H           -1.16452388560091       -2.00212660604437       -1.35960642830930
H           -3.50448367705373       -1.44885882103378       -0.75059302001056
H           -2.52810328941739       -1.74910719394953        0.68981860262287
H           -3.93113267391551        0.26813242635991        1.00152105431501
H           -3.22469459194803        0.99531894053415       -0.44387807632678
H           -1.69967950067550        0.21494261131549        2.08075663210829
H           -2.11230794303706        1.86133259990901        1.59600067547403
H           -0.74416276762371        1.62064139949547       -0.45220176896056
H            0.23038611414703        1.30143648614983        0.98901555701296
27
 energy: -35.601660652851 gnorm: 0.000717630496 xtb: 6.7.1 (edcfbbe)
C            4.51411479833564        0.54483793651986       -0.34198950019707
O            3.26693914469779        0.31168541364547       -0.98180756287262
C            2.27363194085589       -0.14241339562361       -0.20127717629140
O            2.39637235380139       -0.33484506943314        0.97855091509249
C            1.03149415200451       -0.39619500181547       -1.02172338557690
C           -0.23893134659561       -0.45470760273183       -0.17059823205443
C           -1.40870311974298       -1.00379989679660       -0.98839362977537
C           -2.67946292254199       -1.06304345494547       -0.14593229550792
C           -3.02567505437228        0.32033160327444        0.39415468715441
C           -1.86545612792233        0.86651316924498        1.21959516839077
C           -0.59402542024262        0.92814131468731        0.37830289364991
H            5.19385072596221        0.89147544921423       -1.11622308490849
H            4.88642704152700       -0.37647751956455        0.11059157294864
H            4.40494146606415        1.30041005453606        0.43852580394660
H            0.95896054821711        0.37570401002206       -1.78967017762637
H            1.18264903124508       -1.35246535045076       -1.53101594424500
H           -0.04890737541603       -1.12314488528967        0.67550990981196
H           -1.57810905540098       -0.35706715284826       -1.85313857017401
H           -1.16623713942462       -2.00208113769826       -1.36028531366291
H           -3.50524103778735       -1.44815619347339       -0.74807029038766
H           -2.52651869557155       -1.74905418787054        0.69015505001022
H           -3.92870814029068        0.26762525816038        1.00559905593770
H           -3.22632410484607        0.99546269401762       -0.44115472808324
H           -1.69596242738429        0.21672230002811        2.08071727600505
H           -2.10950235404490        1.86234214471118        1.59512710042882
H           -0.74388134501322        1.62076698329646       -0.45444923982812
H            0.23226446388672        1.30143251718243        0.98555756160015
27
 energy: -35.601674521711 gnorm: 0.001799308140 xtb: 6.7.1 (edcfbbe)
C            4.50979446273519        0.54996848083035       -0.33603517535348
O            3.26578063904029        0.31577784598425       -0.98202066953685
C            2.27398285342951       -0.14948395433077       -0.20540375154298
O            2.39771301456273       -0.35127538467590        0.97216129123146
C            1.03100821168320       -0.39991363182322       -1.02626069973666
C           -0.23883917255823       -0.45489451871984       -0.17395348937676
C           -1.41027206322660       -1.00351009867450       -0.98968363539552
C           -2.67923813697289       -1.06203122841252       -0.14469271012597
C           -3.02376883733168        0.32066262592293        0.39807653646775
C           -1.86102474496963        0.86873480793788        1.21862403359686
C           -0.59146903016938        0.92841685319291        0.37448818428077
H            5.19330473936327        0.90091629484616       -1.10575559512295
H            4.88204769610342       -0.37160198884488        0.11551812027762
H            4.39448414483831        1.30276803508449        0.44618898188282
H            0.95994706546803        0.37021521031911       -1.79588816789490
H            1.17932698825079       -1.35782915126893       -1.53309637870567
H           -0.04905285562830       -1.12307256171752        0.67233311827833
H           -1.58056279088920       -0.35728779958432       -1.85451452569251
H           -1.16873882072748       -2.00226831375661       -1.36086932199200
H           -3.50659408559669       -1.44536081973241       -0.74561216242438
H           -2.52502206065715       -1.74939720441025        0.68992780583878
H           -3.92353944278090        0.26587460747070        1.01421516715030
H           -3.23012165576333        0.99610719344130       -0.43568302123908
H           -1.68931217078184        0.22140195961755        2.08112730465947
H           -2.10422118452766        1.86561611590295        1.59186931135309
H           -0.74209241775236        1.62061073844646       -0.45838877113542
H            0.23647965485856        1.30085588695367        0.97998608404317
27
 energy: -35.601693819263 gnorm: 0.001638076553 xtb: 6.7.1 (edcfbbe)
C            4.50222235734682        0.55861580433540       -0.32638322512793
O            3.26146899140694        0.32518959066924       -0.97905033859115
C            2.27251530097674       -0.15862633442985       -0.21010637794025
O            2.39899785624123       -0.37953296670406        0.96403012449623
C            1.03046654034564       -0.40645526824211       -1.03319288322015
C           -0.23872687821792       -0.45640154326410       -0.17962932511848
C           -1.41316236780804       -1.00305984067470       -0.99196536114828
C           -2.67873137789923       -1.06077581139115       -0.14176394300192
C           -3.02030030812247        0.32181181618119        0.40361113757493
C           -1.85297478178768        0.87143004226329        1.21693305006488
C           -0.58701345713318        0.92851759391143        0.36700378913947
H            5.18808972001701        0.91575431525474       -1.09102884353367
H            4.87433858696156       -0.36445398331971        0.12210868239440
H            4.38080545934728        1.30644338319670        0.45980038114770
H            0.96262385733005        0.36179684852196       -1.80463131730869
H            1.17570825904703       -1.36664582578207       -1.53676167845177
H           -0.04865883782458       -1.12362284745753        0.66733384654802
H           -1.58569276331465       -0.35601758412413       -1.85567986864693
H           -1.17393492645312       -2.00191868383714       -1.36428469440271
H           -3.50906869018821       -1.44250312347658       -0.73965179508694
H           -2.52150838209597       -1.74895933639523        0.69164722982597
H           -3.91568286741674        0.26561097153404        1.02620070114345
H           -3.23330180638694        0.99728581781370       -0.42855281751589
H           -1.67744902931954        0.22653405815158        2.08052949479659
H           -2.09435285519879        1.86955970765051        1.58816877533840
H           -0.74045907525901        1.61924338906707       -0.46652526162749
H            0.24378147540570        1.30117981054664        0.96849838203757
27
 energy: -35.601721765041 gnorm: 0.002079955058 xtb: 6.7.1 (edcfbbe)
C            4.48746422909113        0.57701081066591       -0.30734410918191
O            3.25138020733354        0.34590871225146       -0.96975221694489
C            2.26996676851212       -0.17967934367023       -0.21799796920384
O            2.40091800720803       -0.43810439597451        0.94906884940107
C            1.03029210822005       -0.42008936670925       -1.04603960412760
C           -0.23872166348455       -0.46014272351302       -0.19145219191869
C           -1.41961118371353       -1.00271299778605       -0.99634723927316
C           -2.67820479264843       -1.05830119916895       -0.13546296701941
C           -3.01306910915291        0.32465790452832        0.41392159527247
C           -1.83704242708338        0.87682689195827        1.21347703222808
C           -0.57859895201903        0.92814019997943        0.35175115786024
H            5.17512576635017        0.94717145605228       -1.06357739858143
H            4.86080549230477       -0.34999997809322        0.13226581559434
H            4.35763403916268        1.31413779072577        0.48788506905112
H            0.96945149780467        0.34658135245331       -1.81931454335279
H            1.16965197112561       -1.38354416782983       -1.54525340958558
H           -0.04897093855498       -1.12536400369116        0.65713791893373
H           -1.59720240813951       -0.35366162148690       -1.85745431407042
H           -1.18612547422668       -2.00155784001605       -1.37218962391180
H           -3.51458063967234       -1.43806347661624       -0.72631563332460
H           -2.51495592000870       -1.74726781932783        0.69612111816517
H           -3.90055386145069        0.26779163470053        1.04784864370764
H           -3.23715498411962        0.99959374683880       -0.41572066698349
H           -1.65383060788726        0.23586477837117        2.07839589195854
H           -2.07405290185999        1.87701287968051        1.58219268825611
H           -0.73799775797313        1.61529337702517       -0.48354688059212
H            0.25798353488184        1.30249739865145        0.94436085142878
27
 energy: -35.601734538030 gnorm: 0.001812971412 xtb: 6.7.1 (edcfbbe)
C            4.47986696816181        0.58618866984593       -0.29838322534638
O            3.24515590475871        0.35587191089622       -0.96334610737300
C            2.26853251909709       -0.19023616644472       -0.22078080995938
O            2.40200206317698       -0.46603086097864        0.94202901667682
C            1.03021718547779       -0.42686626885447       -1.05148100301733
C           -0.23880686347707       -0.46281187954117       -0.19659384086950
C           -1.42271834725902       -1.00281013689908       -0.99839348065431
C           -2.67791404855459       -1.05682705258748       -0.13224580721871
C           -3.00938429088785        0.32667411192543        0.41811674122379
C           -1.82910826407146        0.87877977522209        1.21158909712311
C           -0.57430306879472        0.92746215198095        0.34440753331153
H            5.16665023066267        0.96287951373502       -1.05167101382631
H            4.85517260542955       -0.34257334104037        0.13604440918479
H            4.34768264815362        1.31810534298724        0.50125706822226
H            0.97289912876550        0.34016316373038       -1.82469956999008
H            1.16668660230095       -1.39118503858672       -1.54984657923260
H           -0.04950024953687       -1.12720716785617        0.65281377806199
H           -1.60264962386502       -0.35260977393686       -1.85820093059383
H           -1.19252914807465       -2.00170116780023       -1.37609682364702
H           -3.51721750684441       -1.43568643270186       -0.71957608573762
H           -2.51207036367531       -1.74586787909002        0.69883508724763
H           -3.89363860720435        0.27052658578233        1.05657286193948
H           -3.23721257233007        1.00131255642062       -0.41067976063197
H           -1.64263785873230        0.23912769607405        2.07681192173201
H           -2.06363726186563        1.87984046258892        1.57955045409488
H           -0.73665759976102        1.61274784118058       -0.49189098841333
H            0.26511981894952        1.30273338394725        0.93251592147869
27
 energy: -35.601751381700 gnorm: 0.001745232977 xtb: 6.7.1 (edcfbbe)
C            4.46720652978166        0.60214903109319       -0.28450948488298
O            3.23365764077320        0.37284986795260       -0.95136055808324
C            2.26692555181623       -0.20869158360252       -0.22447704594076
O            2.40547033205861       -0.51460522593004        0.93031454367377
C            1.03045093198553       -0.43831116087204       -1.05952919628206
C           -0.23880895170546       -0.46798526296652       -0.20444297523069
C           -1.42778658621485       -1.00395829050718       -1.00085701460948
C           -2.67826157464591       -1.05392129868051       -0.12748636249599
C           -3.00292184379282        0.33102189820233        0.42362417313724
C           -1.81667358974411        0.88233020609146        1.20862254935484
C           -0.56735703554052        0.92518448750321        0.33358350777094
H            5.15099697883723        0.99085337719448       -1.03392676696748
H            4.84763349721124       -0.32950117188126        0.13956861520512
H            4.33234024642107        1.32471697468022        0.52316059494425
H            0.97818588705244        0.33117906817177       -1.83073293802302
H            1.16208221803277       -1.40272654065155       -1.55879224035394
H           -0.05076926019168       -1.13117732383537        0.64625352735802
H           -1.61036670619801       -0.35268623287825       -1.85927299427562
H           -1.20335493737790       -2.00336838553837       -1.38051291288539
H           -3.52208862217590       -1.43128888761248       -0.70936002466140
H           -2.50937107490731       -1.74267639496493        0.70329570514556
H           -3.88285961162595        0.27748692537419        1.06801335062804
H           -3.23490359041473        1.00504744210420       -0.40437043216549
H           -1.62618747820298        0.24432821556538        2.07417908957070
H           -2.04647247707400        1.88491098556877        1.57562118710189
H           -0.73340021906576        1.60736511223985       -0.50450954183790
H            0.27663374490774        1.30147416817867        0.91456150859081
27
 energy: -35.601763292271 gnorm: 0.001595453311 xtb: 6.7.1 (edcfbbe)
C            4.45888503461200        0.61323821761512       -0.27691659714010
O            3.22540705992372        0.38428506671514       -0.94401147645113
C            2.26681282402671       -0.22128707798995       -0.22702310614132
O            2.41021251768519       -0.54857427746201        0.92132069541552
C            1.03011426792285       -0.44566058452934       -1.06355792155290
C           -0.23865696794072       -0.47229872072752       -0.20740859966535
C           -1.43029492961147       -1.00589358594904       -1.00141327113004
C           -2.67888663137335       -1.05107418097764       -0.12506969665707
C           -2.99907057113936        0.33518446881222        0.42530993117402
C           -1.80953967964799        0.88432839396344        1.20669965580061
C           -0.56237452775319        0.92280841703579        0.32877997462803
H            5.14024307558826        1.01140875772009       -1.02381101820542
H            4.84414187904337       -0.32017385331544        0.13884425386002
H            4.32223091366007        1.32873036749279        0.53680463514037
H            0.98015608627918        0.32640924837074       -1.83243037490616
H            1.15828656163775       -1.40945486453745       -1.56470372979645
H           -0.05138780258366       -1.13517139243744        0.64379820523702
H           -1.61289968085883       -0.35524528435937       -1.86031193356212
H           -1.20955936408521       -2.00643298046198       -1.38023798603005
H           -3.52502640469503       -1.42664882349037       -0.70457956470482
H           -2.51026993645875       -1.73959155892912        0.70594808196594
H           -3.87768163267801        0.28459565198186        1.07172199539918
H           -3.23131596572521        1.00888753504012       -0.40292239869153
H           -1.61870330911567        0.24733635739046        2.07291186461281
H           -2.03589884514415        1.88805253193023        1.57265410416333
H           -0.72900746921565        1.60368812643516       -0.51027704182680
H            0.28408349764692        1.29855404466287        0.90653918285022
27
 energy: -35.601784494533 gnorm: 0.001006979664 xtb: 6.7.1 (edcfbbe)
C            4.44701710288008        0.63045890074199       -0.26840383848998
O            3.21269113161048        0.40134870970541       -0.93390486292844
C            2.26819201694227       -0.23962592361441       -0.23108600266448
O            2.42135115681737       -0.59907449435900        0.90590286526623
C            1.02965424719361       -0.45671350129126       -1.06763951209521
C           -0.23775389396600       -0.47954970117684       -0.20906609730042
C           -1.43304161579153       -1.00990748225601       -0.99987986703647
C           -2.68154658584380       -1.04599413104160       -0.12307772537068
C           -2.99339258131743        0.34349849673354        0.42386522803965
C           -1.80147902096857        0.88726661237105        1.20492063859008
C           -0.55510109684927        0.91740047756313        0.32604386471057
H            5.12276974450099        1.04430328106145       -1.01220749413111
H            4.84115882689057       -0.30549939443588        0.13296767268854
H            4.30812775441141        1.33412634608635        0.55515493789752
H            0.98139877668700        0.31940335389315       -1.83259519588437
H            1.15245351466589       -1.41925036994518       -1.57227740583266
H           -0.05119629148457       -1.14245182234832        0.64225876211575
H           -1.61265392883972       -0.36185534160757       -1.86135651159651
H           -1.21741439639549       -2.01305109132472       -1.37465496780703
H           -3.53003726406738       -1.41858504939025       -0.70101303401815
H           -2.51620452033012       -1.73313640738158        0.70977968198025
H           -3.87280971890629        0.29971576264281        1.06947608486686
H           -3.22093167990492        1.01683286868194       -0.40599433348497
H           -1.61402776624856        0.24999630635889        2.07168449161191
H           -2.02211915068522        1.89267271995452        1.56993847921339
H           -0.71916023270642        1.59763144652717       -0.51397198296603
H            0.29405547170532        1.29003942785070        0.90179398841159
27
 energy: -35.601748542733 gnorm: 0.011051301277 xtb: 6.7.1 (edcfbbe)
C            4.42102680901528        0.66841266270986       -0.24965593477850
O            3.18549395012879        0.44180273019931       -0.91445483921928
C            2.27068446461575       -0.27892789289501       -0.24167024723515
O            2.44701615502917       -0.71299942305063        0.87069398078974
C            1.02773811531856       -0.48057220798918       -1.07704886630478
C           -0.23601347179941       -0.49442878123468       -0.21195039047865
C           -1.43819994406615       -1.01845937926282       -0.99695408355667
C           -2.68609396953430       -1.03452961761688       -0.11825713776042
C           -2.98247109476116        0.36121163275708        0.42131103485392
C           -1.78398562513020        0.89320397436435        1.20045331597896
C           -0.53817823531351        0.90716452170809        0.32048413203585
H            5.08653218160802        1.11651765195418       -0.98473988289048
H            4.83182164402107       -0.27438142479422        0.11977081612648
H            4.27636394836429        1.34478127656151        0.59669530262451
H            0.98307298932775        0.30045149822422       -1.83720853180650
H            1.13845227773109       -1.44277160550742       -1.58493582417119
H           -0.05020481274821       -1.15746697673467        0.63948723297030
H           -1.61209060713412       -0.37553312990384       -1.86356822617688
H           -1.23318812017431       -2.02701187417828       -1.36371173887232
H           -3.53926478016150       -1.40069994424424       -0.69328568895303
H           -2.52799539244097       -1.71892612113382        0.71828073150472
H           -3.86359936027934        0.33173535823386        1.06577853157820
H           -3.20024700536691        1.03325315931150       -0.41243016503743
H           -1.60374111901029        0.25631965265450        2.06910371370369
H           -1.99278690639876        1.90217179423126        1.56269574751747
H           -0.69649915279277        1.58659076649234       -0.52138727103418
H            0.31635706195169        1.27309169914332        0.89316215237755
27
 energy: -35.601813201637 gnorm: 0.001933450712 xtb: 6.7.1 (edcfbbe)
C            4.42755224172090        0.65859908517979       -0.25632128151389
O            3.19236482928699        0.42905982197743       -0.92069001519369
C            2.27024721808969       -0.26726874826460       -0.23962109369796
O            2.44159109883290       -0.67687599899068        0.87827569158940
C            1.02780304329201       -0.47500649882362       -1.07351022927120
C           -0.23624675070980       -0.49132443275294       -0.20908261342217
C           -1.43593474501723       -1.01691784092563       -0.99687477077956
C           -2.68533151425602       -1.03631761184479       -0.12047093777803
C           -2.98572973298420        0.35821776024667        0.41953923345395
C           -1.78961156957623        0.89036531101897        1.20233295530893
C           -0.54168392230047        0.90879737744517        0.32524365775310
H            5.09471471086428        1.09840283955493       -0.99362493211084
H            4.83530192789874       -0.28136395357733        0.12144810870716
H            4.28389404259481        1.34174279311431        0.58374896696215
H            0.98124365153419        0.30320069940041       -1.83640048971754
H            1.14163466031744       -1.43819802475020       -1.57885903103961
H           -0.04977603639399       -1.15506917926564        0.64165397441683
H           -1.60978209258603       -0.37314959837622       -1.86292195879835
H           -1.22818029418873       -2.02447596233799       -1.36470738540413
H           -3.53647744580403       -1.40375087232976       -0.69760331317276
H           -2.52751357832911       -1.72097962866259        0.71584329573104
H           -3.86865473691397        0.32709256863712        1.06144159838623
H           -3.20173782880899        1.03070252106655       -0.41422847415364
H           -1.61014068348823        0.25186625896527        2.06997121419578
H           -2.00093556305134        1.89800529001179        1.56639441667123
H           -0.69928055682256        1.58990786943468       -0.51542931596020
H            0.31066962679857        1.27473815484853        0.90111059262361
27
 energy: -35.601827796074 gnorm: 0.001204764782 xtb: 6.7.1 (edcfbbe)
C            4.42001409308210        0.66876651286243       -0.25324979200640
O            3.18487606886218        0.43734141878330       -0.91704500829146
C            2.27115972547316       -0.27532935421810       -0.24339712212547
O            2.45072496617780       -0.69817897741242        0.86700504702683
C            1.02753231515845       -0.48300738140155       -1.07481822548062
C           -0.23520939296478       -0.49600391227476       -0.20799935946658
C           -1.43680478584595       -1.01850097952545       -0.99502444689328
C           -2.68762619742431       -1.03249046685901       -0.12069700471892
C           -2.98240060465275        0.36447858097789        0.41594410159936
C           -1.78625147072980        0.89116606104252        1.20230408754036
C           -0.53663527520841        0.90458243960376        0.32722058922011
H            5.08310460529027        1.11808786436482       -0.98802836949452
H            4.83352516502859       -0.27165687357687        0.11639712846845
H            4.27401597765307        1.34432258823271        0.59221758472494
H            0.98050022581063        0.29318904657494       -1.83955303531843
H            1.13858997090710       -1.44811246128293       -1.57711121920724
H           -0.04888640775142       -1.16065345033258        0.64205421467885
H           -1.60746209305741       -0.37629375010932       -1.86286270460502
H           -1.23194267516116       -2.02752832790904       -1.36016266644813
H           -3.53915925126766       -1.39792724584862       -0.69862631561173
H           -2.53349986343442       -1.71598144961135        0.71728419051601
H           -3.86755000104579        0.33891948845904        1.05491454907351
H           -3.19198206618921        1.03697089288104       -0.41941019750679
H           -1.61148021320265        0.25070349360109        2.06950009348937
H           -1.99375756811819        1.89934670212156        1.56706848714611
H           -0.68940215013748        1.58763395934065       -0.51272578690578
H            0.31600690274759        1.26615558151597        0.90545904438232
27
 energy: -35.601844926843 gnorm: 0.001253781937 xtb: 6.7.1 (edcfbbe)
C            4.40263768621018        0.69233703634289       -0.24454185577281
O            3.16758149542355        0.45831440490538       -0.90756063869052
C            2.27289259279106       -0.29544654270207       -0.25086675784932
O            2.47020067058944       -0.75329379260653        0.84355329473763
C            1.02694853949861       -0.50128807537845       -1.07841660718892
C           -0.23367099714017       -0.50607393182359       -0.20752211742764
C           -1.43924958332979       -1.02238112227218       -0.99258327628229
C           -2.69165120155027       -1.02394776625336       -0.12046121868493
C           -2.97526565045286        0.37713702266199        0.41121116619207
C           -1.77695920855422        0.89385205644487        1.20082624254568
C           -0.52477852605559        0.89617526541615        0.32892839778686
H            5.05752721491170        1.16326647307696       -0.97354745636269
H            4.82845287061548       -0.25004858703144        0.10635303387126
H            4.25135997387114        1.35065689206158        0.61376651708509
H            0.97979421690772        0.27154306404018       -1.84624342846640
H            1.13168190941878       -1.47002778291671       -1.57507739671292
H           -0.04880976144767       -1.17213831153745        0.64166688275123
H           -1.60398664699941       -0.38214911398503       -1.86297113875956
H           -1.24122296026769       -2.03426965183993       -1.35361114414043
H           -3.54495727871134       -1.38449050361503       -0.69894783008448
H           -2.54443818688541       -1.70587263538011        0.72000842410448
H           -3.86315187591280        0.36206636420760        1.04670642555654
H           -3.17477512921705        1.04939747943957       -0.42674547449204
H           -1.61030549869604        0.25150067573082        2.06822348876599
H           -1.97647051655490        1.90380887026576        1.56519703466605
H           -0.66901131890559        1.58159890905609       -0.51056844751319
H            0.32962717044259        1.24977330369193        0.90988174415115
27
 energy: -35.601852906126 gnorm: 0.002265579347 xtb: 6.7.1 (edcfbbe)
C            4.39012479492307        0.70831178702534       -0.23923640714173
O            3.15546921675300        0.47059899834701       -0.90159773109669
C            2.27386597794174       -0.30798522195168       -0.25502383009390
O            2.48342367348273       -0.78516070544942        0.82931958021051
C            1.02669696565049       -0.51542601885252       -1.07973808728315
C           -0.23286530276595       -0.51357813218861       -0.20672549251662
C           -1.44084148734716       -1.02383534857085       -0.99208953456113
C           -2.69404393904839       -1.01764562525312       -0.12130045817006
C           -2.97031960284116        0.38543203895760        0.40857847088946
C           -1.77012511605031        0.89539428091403        1.19963774064565
C           -0.51603276808716        0.89007019299337        0.33027790571718
H            5.03903630503179        1.19334495548511       -0.96436560455548
H            4.82519454632697       -0.23411907087563        0.09994449463191
H            4.23490669332621        1.35545642016605        0.62674590684152
H            0.97900193831761        0.25313313049645       -1.85170459014024
H            1.12798522642305       -1.48776192182560       -1.56998240137289
H           -0.05069816667551       -1.18106132878050        0.64196258210320
H           -1.60133906177915       -0.38336801905174       -1.86302972250133
H           -1.24785667062022       -2.03703627392951       -1.35212500059600
H           -3.54859720149137       -1.37388188576688       -0.70063476060866
H           -2.55179618127836       -1.69960851113385        0.71992721063242
H           -3.85916173783890        0.37642653013801        1.04269208672430
H           -3.16441987292783        1.05787336693927       -0.43036615313126
H           -1.60902926512099        0.25274312729147        2.06779461481572
H           -1.96429435519236        1.90675817579472        1.56290306579725
H           -0.65364792628072        1.57732884706823       -0.50885241923017
H            0.33936331716827        1.23759621201329        0.91364639777608
27
 energy: -35.601861360259 gnorm: 0.000865226925 xtb: 6.7.1 (edcfbbe)
C            4.38463412914118        0.71457924044930       -0.23773805416023
O            3.15064359985636        0.47335416488229       -0.89995214458560
C            2.27410559132146       -0.31153030540089       -0.25573767666739
O            2.48843919754985       -0.79123459547463        0.82575691355930
C            1.02705176800417       -0.52316154910929       -1.07922662414837
C           -0.23274033279339       -0.51699255434065       -0.20642064002695
C           -1.44166635721709       -1.02292417016491       -0.99305530894529
C           -2.69495249700179       -1.01483950996556       -0.12271735516586
C           -2.96816275092312        0.38834170609010        0.40819674324612
C           -1.76696838775281        0.89595599257315        1.19913954150104
C           -0.51202676809347        0.88716142787434        0.33100310228919
H            5.03070871847089        1.20495619055754       -0.96140704584720
H            4.82425540097621       -0.22671342355330        0.09777637708048
H            4.22705458154959        1.35769171297337        0.63047173208845
H            0.97874564397841        0.24115471321652       -1.85532518705581
H            1.12802164093152       -1.49837451206750       -1.56368919241326
H           -0.05347489789231       -1.18544736323802        0.64213227779339
H           -1.60021541296639       -0.38050441124359       -1.86279454576598
H           -1.25106540379277       -2.03586405703865       -1.35483052340974
H           -3.55010748574583       -1.36853146100622       -0.70273598121357
H           -2.55453557716905       -1.69790609921698        0.71784101196467
H           -3.85641573426169        0.38055801728926        1.04289141165286
H           -3.16167622895320        1.06139738327369       -0.43022051452993
H           -1.60795961764380        0.25385121735805        2.06798382813095
H           -1.95905477830923        1.90806055635989        1.56136233027350
H           -0.64626451434860        1.57535315380183       -0.50785460048761
H            0.34362647308426        1.23160853512091        0.91580798862869
27
 energy: -35.601873671823 gnorm: 0.001995979877 xtb: 6.7.1 (edcfbbe)
C            4.36560873104634        0.73829536035932       -0.23033882244989
O            3.13281343503617        0.48622141195683       -0.89079460870600
C            2.27497395023590       -0.32891540454160       -0.25837042575853
O            2.50386504917674       -0.82470212840246        0.81189766323039
C            1.02782336535277       -0.54903446229943       -1.07929255236841
C           -0.23212415835405       -0.52960948164821       -0.20641807560441
C           -1.44531728898066       -1.02172143597218       -0.99553912073515
C           -2.69853508492444       -1.00538715271042       -0.12536289189646
C           -2.96026407844394        0.39977658955891        0.40667414955102
C           -1.75472202534306        0.89799803714617        1.19738440942641
C           -0.49855652185243        0.87713813488538        0.33081979542891
H            5.00071690295687        1.25019345414785       -0.94963335090042
H            4.82207526247569       -0.20098653678846        0.08924665078359
H            4.20092262455411        1.36575580635281        0.64832976765701
H            0.98022265912209        0.20598022589629       -1.86449256095528
H            1.12591212355733       -1.53119813390972       -1.55008222879808
H           -0.06090960333117       -1.20066683112313        0.64184997474894
H           -1.59770508320946       -0.37448145867999       -1.86283728211056
H           -1.26353549440669       -2.03487175234161       -1.36110545145419
H           -3.55649796022589       -1.35125826854987       -0.70601585090641
H           -2.56370107749007       -1.69080311967864        0.71424687265158
H           -3.84782792829029        0.39819313026747        1.04252633002066
H           -3.14960446400471        1.07500010778629       -0.43109815578871
H           -1.60211730004644        0.25634367740755        2.06783813046310
H           -1.93853736934443        1.91258155531072        1.55733546789948
H           -0.62420152538542        1.56727501501846       -0.50776788504837
H            0.35922286011839        1.21288366055196        0.91765791540566
27
 energy: -35.601879712635 gnorm: 0.000778968281 xtb: 6.7.1 (edcfbbe)
C            4.36370265100776        0.73955988343715       -0.22962169531775
O            3.13150102122665        0.48461588450443       -0.89001600715520
C            2.27494249855003       -0.33098545856115       -0.25777714906315
O            2.50189691921140       -0.82367196570246        0.81539755452526
C            1.02816483161887       -0.55065664930774       -1.07974317577339
C           -0.23216475688373       -0.53077706468945       -0.20760179143111
C           -1.44580104754864       -1.02235609772813       -0.99614297515605
C           -2.69881045623450       -1.00437601316341       -0.12556164718080
C           -2.95916909549933        0.40065900294084        0.40734844793736
C           -1.75277934775877        0.89760747293793        1.19742557553288
C           -0.49750084067511        0.87606630008390        0.32989629238898
H            4.99671201749080        1.25275855811871       -0.94864842944463
H            4.82286477016279       -0.19802092614328        0.08961278535468
H            4.19899075446978        1.36679199465115        0.64876487898558
H            0.98144172121607        0.20524734219554       -1.86404155165054
H            1.12630788615011       -1.53213312838313       -1.55153561636668
H           -0.06150936071960       -1.20168467861467        0.64078570382828
H           -1.59782804905203       -0.37497346049868       -1.86339864521824
H           -1.26542814397237       -2.03565544421655       -1.36197280600223
H           -3.55738458755550       -1.34933079116811       -0.70569959373153
H           -2.56447154174634       -1.69001092257617        0.71399372659072
H           -3.84673932224073        0.39964751286775        1.04335031873333
H           -3.14822228756769        1.07641312161978       -0.43012583423281
H           -1.60012504962868        0.25539120792235        2.06747536948740
H           -1.93540532327037        1.91207065207298        1.55806719009287
H           -0.62411364707530        1.56558629584868       -0.50893971551263
H            0.36092778632365        1.21221737155205        0.91536665356529
27
 energy: -35.601882857072 gnorm: 0.000780668876 xtb: 6.7.1 (edcfbbe)
C            4.36220289897206        0.74077620356253       -0.22902306119536
O            3.13035978978655        0.48316724208089       -0.88902338830662
C            2.27358851307385       -0.33048899873054       -0.25589365665184
O            2.49949477879370       -0.82195563818942        0.81819697484561
C            1.02834628379148       -0.55255523717148       -1.07988179731737
C           -0.23234163258094       -0.53263970269262       -0.20842026789649
C           -1.44653343330152       -1.02272830082371       -0.99685482369580
C           -2.69923749175150       -1.00339081177074       -0.12574511395657
C           -2.95778182534667        0.40172986489224        0.40785368998279
C           -1.75052633163464        0.89700577055433        1.19753800405968
C           -0.49651728520120        0.87468934324618        0.32845906127826
H            4.99342855198585        1.25556539897363       -0.94826565876480
H            4.82365856653754       -0.19553390664468        0.09019297511490
H            4.19631615296215        1.36767611504153        0.64932364207291
H            0.98240529338816        0.20423965057156       -1.86336202131812
H            1.12738470962024       -1.53341441494613       -1.55261960156961
H           -0.06228942912766       -1.20344378015737        0.64017709396897
H           -1.59812403376334       -0.37530016417791       -1.86422548733676
H           -1.26760748762747       -2.03627667702571       -1.36263519672184
H           -3.55845785483395       -1.34710927719014       -0.70560795684322
H           -2.56538400015361       -1.68950163635518        0.71356801468636
H           -3.84510779503929        0.40126158977036        1.04422706345277
H           -3.14660419690222        1.07824823640635       -0.42912806347897
H           -1.59761260066465        0.25399329761746        2.06699088639878
H           -1.93172343631190        1.91137415671629        1.55909491100476
H           -0.62417221174641        1.56369906246302       -0.51068076195401
H            0.36283550707463        1.21091261397957        0.91240240392750
27
 energy: -35.601885068571 gnorm: 0.000484018198 xtb: 6.7.1 (edcfbbe)
C            4.36089862910918        0.74237281039451       -0.22819837551041
O            3.13025545695752        0.48109237704379       -0.88910424860346
C            2.27328144496433       -0.33142151015805       -0.25541427093391
O            2.49719317279498       -0.81956256043997        0.82029054900001
C            1.02843524408188       -0.55462168388353       -1.08003838517564
C           -0.23259249046091       -0.53409896977655       -0.20921806971308
C           -1.44734513081997       -1.02296651898239       -0.99748411265641
C           -2.69983802065780       -1.00232997979675       -0.12599465544171
C           -2.95662932230089        0.40283127939087        0.40848901082064
C           -1.74843362654460        0.89648169100438        1.19773699941357
C           -0.49544032051252        0.87360721666196        0.32733979908529
H            4.99087085161502        1.25952418114747       -0.94723793759612
H            4.82498850102088       -0.19283592747600        0.09084104535253
H            4.19218997504062        1.36829345105977        0.65050593120816
H            0.98295146121521        0.20202712885747       -1.86378635647879
H            1.12810891577025       -1.53548145459772       -1.55247244878176
H           -0.06321188274557       -1.20496467545278        0.63947518445991
H           -1.59842257345333       -0.37547704662106       -1.86490341977772
H           -1.26963770368189       -2.03677917095371       -1.36318214077140
H           -3.55967021957264       -1.34466765956217       -0.70580691344816
H           -2.56652911256661       -1.68906040704827        0.71289847457871
H           -3.84361698637760        0.40285688604663        1.04530334899446
H           -3.14516539034539        1.08005864243745       -0.42798107363465
H           -1.59515937940852        0.25254763355764        2.06644125291659
H           -1.92838426002761        1.91070569623067        1.56037187548493
H           -0.62401505059733        1.56213781988000       -0.51210382169804
H            0.36491781750255        1.20973075103670        0.90989062269238
27
 energy: -35.601886954742 gnorm: 0.000407687253 xtb: 6.7.1 (edcfbbe)
C            4.35963861343407        0.74365971981640       -0.22754582566487
O            3.13054160523399        0.47924351291932       -0.89027337518466
C            2.27271459990924       -0.33152019338033       -0.25520845179073
O            2.49544229425651       -0.81689434336892        0.82186828375570
C            1.02846782131217       -0.55673511645476       -1.08048377846432
C           -0.23264199397969       -0.53514484968513       -0.20988500409813
C           -1.44788843620189       -1.02305260687150       -0.99802532451680
C           -2.70030360527151       -1.00128805461657       -0.12634950441841
C           -2.95569322281539        0.40380363783402        0.40912199337608
C           -1.74669250558939        0.89605239521324        1.19803262945807
C           -0.49439808992184        0.87276109687631        0.32669218172377
H            4.98894785609408        1.26344020518558       -0.94544823794310
H            4.82643250528583       -0.19041211364604        0.09120264211896
H            4.18773855846922        1.36822140475167        0.65158349033478
H            0.98278946117909        0.19864482490103       -1.86550101723758
H            1.12893256701280       -1.53827173482925       -1.55137032841031
H           -0.06394762916920       -1.20609005204942        0.63888719291985
H           -1.59849159159933       -0.37545389871295       -1.86540685868236
H           -1.27112876284062       -2.03705931521218       -1.36371320149983
H           -3.56061577792050       -1.34223445814575       -0.70631531213004
H           -2.56775891837347       -1.68868053710838        0.71207959953339
H           -3.84235643033522        0.40421015091038        1.04635405341238
H           -3.14396734998651        1.08161712579444       -0.42688885559749
H           -1.59319319940912        0.25128970722919        2.06605833274825
H           -1.92573641654720        1.91010770914650        1.56162202811051
H           -0.62344848102091        1.56110102702791       -0.51283665874479
H            0.36661652879403        1.20868475647560        0.90840717067759
27
 energy: -35.601889333790 gnorm: 0.000361693904 xtb: 6.7.1 (edcfbbe)
C            4.35749471654210        0.74564571299941       -0.22683569044404
O            3.13106871367897        0.47667390703783       -0.89273625811753
C            2.27210139671717       -0.33165253450886       -0.25542824921410
O            2.49346868599326       -0.81218181737695        0.82406150035232
C            1.02858643250367       -0.56027285327551       -1.08088269755552
C           -0.23268216969915       -0.53671243600816       -0.21057299712418
C           -1.44871526099819       -1.02272028699678       -0.99876782702202
C           -2.70107869901770       -0.99977764431607       -0.12700942422430
C           -2.95422811682499        0.40525151261083        0.40979505197860
C           -1.74413987096711        0.89539206076331        1.19837819873492
C           -0.49264583154178        0.87154023445389        0.32595099171927
H            4.98571011385066        1.27038097125531       -0.94207151273695
H            4.82859256897443       -0.18673747008442        0.09054830591749
H            4.18045661856725        1.36701306335248        0.65351038344412
H            0.98264943269016        0.19229062746520       -1.86856663053857
H            1.12988431682797       -1.54340304264471       -1.54835064480167
H           -0.06508581415878       -1.20783524214838        0.63829152461878
H           -1.59854833808563       -0.37484501698522       -1.86606759601462
H           -1.27326683690394       -2.03690100481286       -1.36456151717161
H           -3.56194270723599       -1.33862419198225       -0.70741451076905
H           -2.56976450633413       -1.68827970397657        0.71069023494991
H           -3.84041599814628        0.40609089857979        1.04764951367192
H           -3.14224842940443        1.08405336602181       -0.42545409460512
H           -1.59061182639902        0.24954598342368        2.06559189112235
H           -1.92183373105792        1.90924003389044        1.56317902222347
H           -0.62180989015170        1.56010553404340       -0.51338204377084
H            0.36900503058035        1.20671933921985        0.90711293916291
27
 energy: -35.601890990629 gnorm: 0.000309583923 xtb: 6.7.1 (edcfbbe)
C            4.35499229936580        0.74781248078962       -0.22643782517386
O            3.13090562262618        0.47469927353332       -0.89483069736883
C            2.27140798028866       -0.33176188307407       -0.25553253695550
O            2.49212216705511       -0.80769659922886        0.82616264388683
C            1.02884966166560       -0.56435007483146       -1.08105686069874
C           -0.23269425271577       -0.53838568717167       -0.21115291254400
C           -1.44927985713905       -1.02256805687400       -0.99959771790459
C           -2.70167190928287       -0.99801317410469       -0.12788760428839
C           -2.95291715735429        0.40682499569186        0.41035438716017
C           -1.74183017526360        0.89500632549528        1.19860154054117
C           -0.49061166928028        0.87005596963320        0.32579519667463
H            4.98131213794282        1.27863427992976       -0.93879730837483
H            4.83082454188922       -0.18311614535748        0.08813158431214
H            4.17330480253224        1.36476222980597        0.65606306744842
H            0.98270772374880        0.18525215214467       -1.87150987842559
H            1.13086809912800       -1.54919005206810       -1.54484986130709
H           -0.06641948248088       -1.20971431121986        0.63776707581015
H           -1.59818756737898       -0.37398703671732       -1.86650319052549
H           -1.27521537177851       -2.03679778184109       -1.36598460383815
H           -3.56302653495188       -1.33492709942607       -0.70867913654201
H           -2.57165251107566       -1.68750930969459        0.70917931710078
H           -3.83878818914372        0.40827920107318        1.04868983130270
H           -3.14053844009767        1.08649452650106       -0.42426146475074
H           -1.58863508378350        0.24835570693459        2.06526618807577
H           -1.91816553744439        1.90878528149003        1.56422870499241
H           -0.61922218216394        1.55893426241369       -0.51332208926332
H            0.37156088509175        1.20412052617357        0.90682201444193
27
 energy: -35.601892339132 gnorm: 0.000235346730 xtb: 6.7.1 (edcfbbe)
C            4.35254066323182        0.75016334365799       -0.22631161789043
O            3.13004282178733        0.47357877143110       -0.89603818676370
C            2.27097273851922       -0.33233790909084       -0.25540544305286
O            2.49170895296893       -0.80475784644738        0.82790404393853
C            1.02910393502295       -0.56830630283644       -1.08075549570480
C           -0.23270820055266       -0.54031417281217       -0.21122793589762
C           -1.44986432543103       -1.02207604332422       -1.00021544003081
C           -2.70236056447137       -0.99651472601533       -0.12870460214652
C           -2.95154479988772        0.40840496439313        0.41025628645669
C           -1.73983862371045        0.89476891643455        1.19866459452615
C           -0.48865758340103        0.86843090202538        0.32582297766076
H            4.97602469623046        1.28765439579583       -0.93608786619070
H            4.83345800532675       -0.17961820680480        0.08394398428676
H            4.16751252921999        1.36184532853808        0.65916039003329
H            0.98276839572960        0.17869760744529       -1.87366304371611
H            1.13159555927231       -1.55460571090422       -1.54129787342642
H           -0.06785241609611       -1.21201715147167        0.63768702298471
H           -1.59767536293152       -0.37271539185298       -1.86675161235753
H           -1.27720854292148       -2.03628575582507       -1.36725569256785
H           -3.56411693353984       -1.33178976919188       -0.70985573534285
H           -2.57346124297366       -1.68673939137304        0.70795625191925
H           -3.83723352506568        0.41048993408808        1.04883294104538
H           -3.13866538849518        1.08880624392828       -0.42389781574395
H           -1.58746867725620        0.24772312830163        2.06519965615768
H           -1.91483271772486        1.90869102363587        1.56452364191359
H           -0.61604752683460        1.55783234101953       -0.51306168351027
H            0.37380813398327        1.20099147725588        0.90723611720560
27
 energy: -35.601894329311 gnorm: 0.000290665377 xtb: 6.7.1 (edcfbbe)
C            4.34897606718204        0.75401275415603       -0.22645751019958
O            3.12784949917245        0.47316851141869       -0.89666221198210
C            2.27057974003034       -0.33372979098543       -0.25491510380673
O            2.49243596949563       -0.80308281288591        0.82952149914417
C            1.02945997452689       -0.57420542491028       -1.07975808480396
C           -0.23282828680755       -0.54336151167168       -0.21093162552213
C           -1.45055762579910       -1.02171578427751       -1.00102518574944
C           -2.70326850272281       -0.99417765854775       -0.12993829412133
C           -2.94993634863285        0.41092842754101        0.40966915147470
C           -1.73745478679299        0.89477036745061        1.19842992933159
C           -0.48562024340203        0.86578671103256        0.32656370297216
H            4.96696770594521        1.30248440510864       -0.93262278301303
H            4.83795704909652       -0.17444796262637        0.07520731233209
H            4.16042033907526        1.35647331971072        0.66460612913074
H            0.98293783847585        0.16951427776224       -1.87571432645599
H            1.13248867158742       -1.56237251924603       -1.53610839334838
H           -0.07012815727694       -1.21573748201016        0.63785182062855
H           -1.59661686012682       -0.37094883731011       -1.86681844633570
H           -1.27995851599302       -2.03582759679646       -1.36929623821268
H           -3.56546905932638       -1.32747189207251       -0.71153336616391
H           -2.57596776758976       -1.68512235735259        0.70637907878926
H           -3.83570175207366        0.41437144224931        1.04817512930336
H           -3.13574361298953        1.09206044499283       -0.42418669238375
H           -1.58693588847823        0.24762759227254        2.06522032583531
H           -1.91048746467745        1.90913261324337        1.56397453296672
H           -0.61047363852894        1.55600364471525       -0.51201789801701
H            0.37707565662966        1.19586711903967        0.90904541199304
27
 energy: -35.601896854858 gnorm: 0.000410658183 xtb: 6.7.1 (edcfbbe)
C            4.34461966166528        0.75927540018681       -0.22682987339456
O            3.12413892126318        0.47388873743948       -0.89611295243621
C            2.27051796206565       -0.33645665746813       -0.25402001490029
O            2.49479758858795       -0.80459843040925        0.83045283906050
C            1.02993749695554       -0.58148521626373       -1.07818476281317
C           -0.23286896415983       -0.54728599476863       -0.21013789170511
C           -1.45129216160674       -1.02134580815136       -1.00167161894490
C           -2.70449689513748       -0.99132982664873       -0.13143285254207
C           -2.94797013045368        0.41430298571579        0.40822539058181
C           -1.73505492930494        0.89518983531572        1.19813670851019
C           -0.48211933276936        0.86227714189760        0.32791625497771
H            4.95433509987362        1.32241959426474       -0.92877532935354
H            4.84433039302870       -0.16774734020866        0.06188452965434
H            4.15324242366662        1.34892724085385        0.67227925307385
H            0.98329423987648        0.15891584707692       -1.87722761542932
H            1.13341627235915       -1.57159214662350       -1.53013037851550
H           -0.07299132249944       -1.22058492900073        0.63843571017327
H           -1.59493177789006       -0.36894903015329       -1.86666257199970
H           -1.28325704445977       -2.03538204658932       -1.37129026373896
H           -3.56716299342634       -1.32254406630836       -0.71352647322782
H           -2.57920361794196       -1.68269042274162        0.70485270721799
H           -3.83414490920569        0.41982912425872        1.04614639390450
H           -3.13160092561890        1.09601329703435       -0.42565220336344
H           -1.58742187106541        0.24817470050774        2.06553630643913
H           -1.90566621956824        1.91029276408308        1.56282736295152
H           -0.60315866067284        1.55344974586027       -0.51044140181432
H            0.38071169643773        1.18903550084104        0.91206061142009
27
 energy: -35.601898834826 gnorm: 0.000246842165 xtb: 6.7.1 (edcfbbe)
C            4.34265084454216        0.76215905233187       -0.22717104090586
O            3.12149161458368        0.47539149752884       -0.89464822297878
C            2.27085509254664       -0.33858289452178       -0.25333047245287
O            2.49735976618866       -0.80880880850889        0.82973761483059
C            1.03001793127184       -0.58462357981832       -1.07697040164349
C           -0.23295348103564       -0.54920947680801       -0.20923029343084
C           -1.45150163544906       -1.02143432900039       -1.00170123565234
C           -2.70506141799413       -0.98994347926055       -0.13206435190805
C           -2.94731152067982        0.41611200636012        0.40699652710689
C           -1.73431082957908        0.89543691556263        1.19774606025674
C           -0.48045605641971        0.86065350816631        0.32891295092710
H            4.94738612315191        1.33244837470145       -0.92740319661806
H            4.84762948414957       -0.16418572894512        0.05393099684683
H            4.15159343292103        1.34503293369452        0.67624563296066
H            0.98348107813449        0.15490742328941       -1.87681364532467
H            1.13330092859042       -1.57528674899181       -1.52761670276456
H           -0.07431445937824       -1.22299772670227        0.63919044487543
H           -1.59380890871517       -0.36847127323582       -1.86648854686704
H           -1.28461558386918       -2.03552243752892       -1.37167517471099
H           -3.56778795454299       -1.32042536587545       -0.71446014636318
H           -2.58084696387630       -1.68119139768822        0.70447821115123
H           -3.83405092247548        0.42299651336435        1.04412980932647
H           -3.12924820061558        1.09785248345896       -0.42722590067490
H           -1.58852862683247        0.24864830098913        2.06562858189211
H           -1.90379761144550        1.91094898184035        1.56179661133649
H           -0.59945706590062        1.55222204138331       -0.50941150363586
H            0.38228494272775        1.18587321421513        0.91407525820695
27
 energy: -35.601900582976 gnorm: 0.000135331092 xtb: 6.7.1 (edcfbbe)
C            4.34134674047881        0.76436686891026       -0.22728446155795
O            3.11925161733490        0.47717875485224       -0.89302436295545
C            2.27148511576226       -0.34080287041975       -0.25305971455370
O            2.50024762976696       -0.81436769683814        0.82810051869384
C            1.03011977557630       -0.58663280902332       -1.07623081793949
C           -0.23282850381510       -0.55032739661065       -0.20848815882398
C           -1.45149181003156       -1.02178983854676       -1.00129433018971
C           -2.70558327256858       -0.98895022003896       -0.13248965081699
C           -2.94681922691861        0.41754949195694        0.40587524149035
C           -1.73408662253069        0.89586567987639        1.19764408150698
C           -0.47966378231649        0.85964012806657        0.32970448615551
H            4.94228821439007        1.33991231971747       -0.92636555633572
H            4.84992043646832       -0.16170017668503        0.04771342384328
H            4.15101063489115        1.34221941824097        0.67941534734015
H            0.98368642631324        0.15283611431554       -1.87612347679156
H            1.13291519134842       -1.57749576247339       -1.52655756300540
H           -0.07486288470872       -1.22427156862616        0.63990913636329
H           -1.59276377745542       -0.36895142024153       -1.86632279280153
H           -1.28524555724655       -2.03610551413619       -1.37090140920165
H           -3.56823365546931       -1.31902855556469       -0.71524346693742
H           -2.58239527853608       -1.67990646829173        0.70443270783617
H           -3.83416212280378        0.42567883600963        1.04212743353077
H           -3.12716551446519        1.09916458854111       -0.42878424460252
H           -1.58966606422752        0.24894034472293        2.06563835181157
H           -1.90285740814801        1.91156807192592        1.56153715886363
H           -0.59740580344852        1.55129012970468       -0.50869808732086
H            0.38295950235892        1.18411955065651        0.91542807018439
27
 energy: -35.601902146720 gnorm: 0.000153137172 xtb: 6.7.1 (edcfbbe)
C            4.33986809769262        0.76648470640762       -0.22702235898453
O            3.11711638589045        0.47902134953644       -0.89163934174257
C            2.27202030250826       -0.34295194605220       -0.25323175776012
O            2.50309688524314       -0.82000002004881        0.82591522749484
C            1.03003760686700       -0.58834573851135       -1.07580048198565
C           -0.23268546704480       -0.55127662627183       -0.20773145847538
C           -1.45143564216685       -1.02234567951646       -1.00075879463770
C           -2.70601516975453       -0.98791321218629       -0.13270471580557
C           -2.94631654000464        0.41901383280767        0.40493202018903
C           -1.73354275252557        0.89597004436928        1.19746778088668
C           -0.47873393349820        0.85897601804926        0.33011409699033
H            4.93765350668152        1.34712281261766       -0.92469056257568
H            4.85171524631061       -0.15944527923314        0.04233010663236
H            4.14980126451049        1.33954333846303        0.68281706659016
H            0.98363915188449        0.15100223603357       -1.87582439072534
H            1.13213314972845       -1.57945040578906       -1.52578552093783
H           -0.07507933448403       -1.22521426947060        0.64075133652825
H           -1.59172110471680       -0.37004379844841       -1.86635435293923
H           -1.28578004251634       -2.03707622749866       -1.36950831911794
H           -3.56858360310540       -1.31731166267822       -0.71596325133301
H           -2.58415983679844       -1.67869534731288        0.70456300624784
H           -3.83422723606955        0.42836922910309        1.04037609793083
H           -3.12508443667826        1.10055975319993       -0.43012520171716
H           -1.59020867957174        0.24868095311895        2.06537822115986
H           -1.90160854751473        1.91170782624730        1.56154722930588
H           -0.59580601683399        1.55054789087006       -0.50844972898026
H            0.38390674596603        1.18307022219492        0.91605591154788
27
 energy: -35.601903786181 gnorm: 0.000180274436 xtb: 6.7.1 (edcfbbe)
C            4.33790149951598        0.76890675410735       -0.22626922440884
O            3.11478809116192        0.48129391380623       -0.89022532795354
C            2.27254408898652       -0.34528674834302       -0.25396461714141
O            2.50620735019632       -0.82625666483660        0.82283080757266
C            1.02996463982049       -0.59026470806746       -1.07577751223867
C           -0.23243047316382       -0.55227101691586       -0.20720245329812
C           -1.45144550527790       -1.02317027652326       -1.00001432712726
C           -2.70657742569639       -0.98677628261721       -0.13283693013362
C           -2.94548588283111        0.42065605724616        0.40410982988010
C           -1.73265589855539        0.89625498863587        1.19734444348620
C           -0.47770456679057        0.85827048714644        0.33024373030473
H            4.93265946571419        1.35507285126778       -0.92191250290487
H            4.85305382638714       -0.15689624737472        0.03708013470617
H            4.14783131218736        1.33645973631615        0.68700884737336
H            0.98345965902056        0.14894878929287       -1.87589902698668
H            1.13118848955165       -1.58160486534799       -1.52541285565370
H           -0.07491494617300       -1.22603532989781        0.64143310731525
H           -1.59072239223944       -0.37178993998321       -1.86645653322415
H           -1.28643075381146       -2.03847950252841       -1.36746564358255
H           -3.56908565223596       -1.31534009001348       -0.71667134551159
H           -2.58624434475102       -1.67738064687285        0.70478223987042
H           -3.83389480327717        0.43142049962403        1.03881990424034
H           -3.12264578732301        1.10214616756673       -0.43132490386709
H           -1.59023389444932        0.24836782485078        2.06495364531727
H           -1.89986040671562        1.91197342928417        1.56188343573360
H           -0.59435120662525        1.54965747788825       -0.50852494606786
H            0.38508551737351        1.18212334229001        0.91612588808585
27
 energy: -35.601905703284 gnorm: 0.000171980250 xtb: 6.7.1 (edcfbbe)
C            4.33487591930554        0.77211497196423       -0.22476684316055
O            3.11163758342449        0.48437101417538       -0.88838653470429
C            2.27298193832413       -0.34833057858241       -0.25528713578336
O            2.50980873764194       -0.83417468533621        0.81865754195939
C            1.02983531294137       -0.59286323275268       -1.07630241869994
C           -0.23201941183714       -0.55362694517821       -0.20684109039578
C           -1.45150614389876       -1.02430291491589       -0.99912700233699
C           -2.70710805210177       -0.98525432039693       -0.13270951811122
C           -2.94419678688704        0.42283011485120        0.40331099705557
C           -1.73105203125976        0.89661069820214        1.19710287979141
C           -0.47615837858332        0.85733366450901        0.32998579143630
H            4.92589475772768        1.36579289096201       -0.91732309937748
H            4.85430642689372       -0.15356735195683        0.03074917565417
H            4.14429463760891        1.33216454431476        0.69307041999082
H            0.98312492746803        0.14616105030353       -1.87659270900190
H            1.12994933702601       -1.58454234486461       -1.52540516286202
H           -0.07450215907356       -1.22711296659531        0.64202871342274
H           -1.58967036532990       -0.37421384602278       -1.86671633743972
H           -1.28746631967744       -2.04041437459428       -1.36482026797586
H           -3.56970113204601       -1.31265143412844       -0.71707446057771
H           -2.58865280092931       -1.67563847277013        0.70535362109951
H           -3.83304617564920        0.43537531248666        1.03736115911598
H           -3.11958829408330        1.10420628199440       -0.43259069998938
H           -1.58958229765094        0.24811931286537        2.06442694616896
H           -1.89706270071312        1.91235475758046        1.56208108030424
H           -0.59237308646542        1.54841531808121       -0.50909590070078
H            0.38697655782339        1.18084353580531        0.91556871890392
27
 energy: -35.601908148435 gnorm: 0.000266853921 xtb: 6.7.1 (edcfbbe)
C            4.32989496366546        0.77705499885154       -0.22198369180691
O            3.10673535653051        0.48907487570531       -0.88555592932864
C            2.27342606683764       -0.35290613727977       -0.25753045160482
O            2.51497317755982       -0.84619336831377        0.81201159916903
C            1.02958058766814       -0.59686557631777       -1.07744628441502
C           -0.23147529725275       -0.55581638081830       -0.20667638488212
C           -1.45186733890875       -1.02601907975120       -0.99791846834920
C           -2.70788689965907       -0.98316538456599       -0.13226530347494
C           -2.94200888872180        0.42594406675198        0.40235767813570
C           -1.72821861625293        0.89746248221748        1.19644654563647
C           -0.47344971215139        0.85585099978719        0.32928447964677
H            4.91534826060775        1.38236203335115       -0.90935153064668
H            4.85591123278204       -0.14830683079233        0.02150119310338
H            4.13835664208006        1.32532984124641        0.70287444097838
H            0.98257656578997        0.14192348465141       -1.87791311467858
H            1.12799391487252       -1.58899684088567       -1.52583221336942
H           -0.07384331058296       -1.22893814696347        0.64246922760793
H           -1.58863114930544       -0.37767671779816       -1.86703174786255
H           -1.28943257976717       -2.04324331684376       -1.36124902539831
H           -3.57079084040408       -1.30908525056930       -0.71700875918263
H           -2.59168383548495       -1.67304526607408        0.70651401397502
H           -3.83130755811243        0.44112744215321        1.03571608375476
H           -3.11514945840566        1.10705065918664       -0.43422655110347
H           -1.58809793362850        0.24845065946795        2.06360148974501
H           -1.89229014137948        1.91342807487571        1.56167819663522
H           -0.58895182772415        1.54653317509773       -0.51021813723802
H            0.39028861934681        1.17866550363094        0.91441050873971
27
 energy: -35.601910804835 gnorm: 0.000601210246 xtb: 6.7.1 (edcfbbe)
C            4.32223217783643        0.78432041868174       -0.21742169698197
O            3.09945722430890        0.49573799658830       -0.88129496246692
C            2.27398174275096       -0.35990839317525       -0.26109796724775
O            2.52218843277090       -0.86395499071128        0.80197468861199
C            1.02921769197649       -0.60294008701406       -1.07961894310240
C           -0.23059649460904       -0.55913049093860       -0.20682653729063
C           -1.45245271660727       -1.02833565791443       -0.99644028947653
C           -2.70855096151458       -0.98014125337157       -0.13112245314585
C           -2.93878174002909        0.43047654104691        0.40116572627799
C           -1.72393025380775        0.89892421799645        1.19536870325651
C           -0.46944573916319        0.85348711452518        0.32798156583978
H            4.89939201530050        1.40696778589935       -0.89664152543585
H            4.85809992659418       -0.14017060032440        0.00829634462034
H            4.12897557448123        1.31487795014530        0.71760337528548
H            0.98181866668761        0.13560961631464       -1.88026801422991
H            1.12522068942900       -1.59568648637455       -1.52705098374887
H           -0.07289913429422       -1.23180789133833        0.64267929705483
H           -1.58761678363224       -0.38216106873041       -1.86741449735834
H           -1.29242580725003       -2.04699620884337       -1.35684110236892
H           -3.57214792754941       -1.30424538019190       -0.71583022217510
H           -2.59501300367963       -1.66912442940573        0.70876142431663
H           -3.82844479022350        0.44944124279156        1.03390928271401
H           -3.10912807885594        1.11091601028886       -0.43655137411092
H           -1.58564503634974        0.24980115895342        2.06275947565231
H           -1.88525951323486        1.91545902974961        1.56020611944494
H           -0.58348258019417        1.54366398725871       -0.51213796126645
H            0.39523641885761        1.17491986809507        0.91251039111774
27
 energy: -35.601912920689 gnorm: 0.000526568359 xtb: 6.7.1 (edcfbbe)
C            4.31658490793907        0.78929383316117       -0.21373695485152
O            3.09439647436509        0.49997317415554       -0.87826986238026
C            2.27419475822223       -0.36478276875208       -0.26375106422580
O            2.52677254143257       -0.87605890375022        0.79479063756830
C            1.02889014687102       -0.60712174031391       -1.08150994203985
C           -0.23006197177282       -0.56148020510048       -0.20734608033825
C           -1.45314353583210       -1.02976464247690       -0.99563078182042
C           -2.70891776216185       -0.97839922907456       -0.13004183878704
C           -2.93633371123207        0.43327236397524        0.40062963795035
C           -1.72058149274188        0.90026211432592        1.19429285988348
C           -0.46626127873219        0.85183665981059        0.32683785274271
H            4.88806543899937        1.42356307059451       -0.88688368206846
H            4.85922373560515       -0.13399356874934        0.00017452008532
H            4.12187382782072        1.30764962806000        0.72773008886575
H            0.98126482909197        0.13137573354338       -1.88219331952211
H            1.12321533964978       -1.60021516355541       -1.52842793854753
H           -0.07233475147274       -1.23400557581670        0.64228706350324
H           -1.58760365801100       -0.38464372571273       -1.86747654807189
H           -1.29494383612206       -2.04920325941286       -1.35461571077251
H           -3.57323721222160       -1.30171250056746       -0.71413483081075
H           -2.59634889738314       -1.66650362539414        0.71067523512351
H           -3.82601747084426        0.45472702505486        1.03324982864801
H           -3.10525789613222        1.11307951153148       -0.43787058973680
H           -1.58348908204912        0.25160597727178        2.06221692771560
H           -1.87992323635181        1.91741942183876        1.55829204416716
H           -0.57915988210710        1.54173921297191       -0.51364930048073
H            0.39913367517014        1.17208718238297        0.91101961198670
27
 energy: -35.601915673261 gnorm: 0.000391946945 xtb: 6.7.1 (edcfbbe)
C            4.31104359390921        0.79379181615210       -0.20999032185066
O            3.09014617566995        0.50230105684945       -0.87597910824366
C            2.27405561548960       -0.36908554019250       -0.26593138230201
O            2.52946658376464       -0.88479723829732        0.78957566425211
C            1.02870571828216       -0.61171118485199       -1.08352825764381
C           -0.22970464145280       -0.56392205506556       -0.20857372512067
C           -1.45414732076403       -1.03044130671599       -0.99574435672547
C           -2.70884064607743       -0.97683147217604       -0.12876660232449
C           -2.93394509383567        0.43563533019097        0.40074390797962
C           -1.71698460435644        0.90160663654603        1.19315722927074
C           -0.46309587189569        0.85000757171052        0.32526726724942
H            4.87706992004877        1.43882188013648       -0.87721568953425
H            4.86060032863087       -0.12744657386664       -0.00610136398390
H            4.11377485348417        1.30102844467934        0.73675454635074
H            0.98115689200202        0.12626365611488       -1.88468531551153
H            1.12191434497044       -1.60534320028266       -1.52938000694815
H           -0.07240880996296       -1.23650983238575        0.64109383888046
H           -1.58851203392457       -0.38523943276054       -1.86752883075767
H           -1.29780904193119       -2.05014945219327       -1.35470498528115
H           -3.57422194299641       -1.29972130196996       -0.71150282612980
H           -2.59604424069316       -1.66425898925140        0.71247433105450
H           -3.82309701286003        0.45899464283304        1.03402463593812
H           -3.10249481918982        1.11488356742963       -0.43827683339599
H           -1.58059780363985        0.25399156020773        2.06196959593613
H           -1.87445998963480        1.91956246286064        1.55575364437901
H           -0.57465222702320        1.53988809473717       -0.51540624030190
H            0.40308207398536        1.16868085956303        0.90915904855048
27
 energy: -35.601919288591 gnorm: 0.000588838168 xtb: 6.7.1 (edcfbbe)
C            4.30115642547631        0.80195200779705       -0.20342941949031
O            3.08243923879655        0.50647519572186       -0.87174101912806
C            2.27372721396943       -0.37680174013662       -0.26921143585351
O            2.53402660164833       -0.90047507000768        0.78132838579502
C            1.02848437883799       -0.62032079412721       -1.08678822572124
C           -0.22923120282466       -0.56823860169352       -0.21086688672542
C           -1.45610892588738       -1.03121002863418       -0.99626009582116
C           -2.70880473636245       -0.97416094690161       -0.12667276427362
C           -2.92963467155687        0.43960038070176        0.40116604757125
C           -1.71033445632230        0.90409752748581        1.19090433634956
C           -0.45721595871537        0.84691058665451        0.32221394082727
H            4.85660609717401        1.46705246201628       -0.86029472275896
H            4.86372707949524       -0.11572404238324       -0.01819302468737
H            4.09920165862566        1.28861500253858        0.75343434646119
H            0.98147871793936        0.11623474756265       -1.88925783499192
H            1.11978230266416       -1.61517115776797       -1.53010214833488
H           -0.07322848960743       -1.24091856561703        0.63897842442836
H           -1.59032278374939       -0.38529918362081       -1.86754352074420
H           -1.30326654876316       -2.05120407163421       -1.35585679323725
H           -3.57622787502140       -1.29638110378962       -0.70675130901925
H           -2.59512185537043       -1.66044941444202        0.71539076526776
H           -3.81765696247251        0.46603002349766        1.03591258269382
H           -3.09799337225514        1.11797267908522       -0.43858960718518
H           -1.57499184718843        0.25846057279005        2.06135156716672
H           -1.86443014271914        1.92351490748494        1.55093331440528
H           -0.56650674929753        1.53662986078623       -0.51887997705829
H            0.41044686348570        1.16280876663469        0.90548293785068
27
 energy: -35.601922327138 gnorm: 0.000597906299 xtb: 6.7.1 (edcfbbe)
C            4.28971659753062        0.81084926131568       -0.19540228904056
O            3.07395136907561        0.51076352663979       -0.86711532985468
C            2.27321407727639       -0.38571416302266       -0.27335675441866
O            2.53843202719165       -0.91827965407788        0.77173213607532
C            1.02821002359151       -0.62971874859466       -1.09114232710692
C           -0.22857371963551       -0.57273330104751       -0.21393331187628
C           -1.45822593294327       -1.03176527608046       -0.99710791862334
C           -2.70819788133153       -0.97145982002703       -0.12381632112775
C           -2.92472054049070        0.44364129840145        0.40216916784634
C           -1.70262808693698        0.90694672722794        1.18837095250132
C           -0.45079546209932        0.84371189846049        0.31815811177187
H            4.83415464062835        1.49601700878508       -0.84045098631143
H            4.86564350225408       -0.10195802737800       -0.02882681809088
H            4.08303617091885        1.27596937183770        0.77103494888365
H            0.98200604081878        0.10545792431864       -1.89490324179369
H            1.11723604402009       -1.62584607100319       -1.53180348518628
H           -0.07413695355797       -1.24540685767228        0.63623590843676
H           -1.59286811493432       -0.38463025746361       -1.86744248630252
H           -1.30921261126384       -2.05186710036492       -1.35802499184366
H           -3.57814174321922       -1.29318975426479       -0.70037578882446
H           -2.59285256431909       -1.65646541235005        0.71911939660788
H           -3.81105003308151        0.47305362787499        1.03916377868496
H           -3.09381482966936        1.12091092367856       -0.43835683409441
H           -1.56779360098956        0.26387021685109        2.06081897470523
H           -1.85325496497069        1.92803105062565        1.54519114431698
H           -0.55801924461861        1.53298704838741       -0.52355782620840
H            0.41868579075468        1.15682455894432        0.90028005466000
27
 energy: -35.601923597889 gnorm: 0.000160596760 xtb: 6.7.1 (edcfbbe)
C            4.28443541828765        0.81451371168981       -0.19155537901419
O            3.07057734144859        0.51155600192001       -0.86542344583532
C            2.27278034524454       -0.38939287805772       -0.27494604685679
O            2.53932214787674       -0.92403389343815        0.76852819229812
C            1.02825693156936       -0.63435995374989       -1.09320715172740
C           -0.22832620243180       -0.57454227868430       -0.21584070211111
C           -1.45934533498734       -1.03166657925414       -0.99790596884245
C           -2.70790623197386       -0.97014496182803       -0.12269893160170
C           -2.92235668341249        0.44525376770533        0.40336488424569
C           -1.69857761710487        0.90796682501837        1.18732178912021
C           -0.44793031334865        0.84254540622816        0.31563072490920
H            4.82400943733821        1.50821785647571       -0.83106424270974
H            4.86663554130979       -0.09529057705279       -0.03208496781219
H            4.07496025574727        1.27076904323729        0.77811822067739
H            0.98253639379251        0.09949241657637       -1.89819772216857
H            1.11633329863997       -1.63147325537866       -1.53178954119426
H           -0.07473306283215       -1.24706919119060        0.63458695696087
H           -1.59436894317041       -0.38383136251695       -1.86765022126261
H           -1.31209820599210       -2.05170492197371       -1.35964108287836
H           -3.57906488445166       -1.29129381373202       -0.69770154001404
H           -2.59168760583868       -1.65507257740463        0.72017743550114
H           -3.80758074071713        0.47557780762671        1.04186132068849
H           -3.09236040873764        1.12241850754467       -0.43704881286688
H           -1.56327791437300        0.26562086110782        2.06021093522321
H           -1.84759779288819        1.92953203834810        1.54336302100337
H           -0.55517704489653        1.53144839113464       -0.52634077728533
H            0.42254187590099        1.15496360965044        0.89659091733971
27
 energy: -35.601923831596 gnorm: 0.000990014600 xtb: 6.7.1 (edcfbbe)
C            4.27177780926477        0.82422939942682       -0.18273145205333
O            3.06114046425604        0.51648682661509       -0.86012506548000
C            2.27244170124022       -0.39909318587562       -0.27935268100702
O            2.54494643644840       -0.94324113906069        0.75778775020176
C            1.02821385057921       -0.64516127225979       -1.09765754758527
C           -0.22751572556890       -0.57894286755175       -0.21917696897875
C           -1.46145763357656       -1.03250473765338       -0.99862450326820
C           -2.70756499514651       -0.96646273763380       -0.12021869456554
C           -2.91687702004425        0.45007336169884        0.40498036909381
C           -1.68970503833694        0.91046300110037        1.18502049540772
C           -0.44143754568987        0.83975430630397        0.31032495216379
H            4.79882980370219        1.54064275151074       -0.80877415582666
H            4.86915397637984       -0.07997719337676       -0.04438947542667
H            4.05712851550916        1.25622586450661        0.79768323539954
H            0.98336038379594        0.08612667813649       -1.90496409006986
H            1.11343228840863       -1.64432485953468       -1.53198807568145
H           -0.07536001571395       -1.25077405290870        0.63206582415099
H           -1.59644783363067       -0.38453841655785       -1.86824958301662
H           -1.31816683786432       -2.05309611077149       -1.36028884740270
H           -3.58108321867477       -1.28576152668107       -0.69259836875249
H           -2.59105151236473       -1.65095321972848        0.72296927829452
H           -3.80015331190654        0.48346141192556        1.04604629135722
H           -3.08750831658268        1.12678805673124       -0.43566683080845
H           -1.55405823513495        0.26925398713264        2.05869580768050
H           -1.83488547934625        1.93306626162756        1.53964357732091
H           -0.54838993728953        1.52759521059143       -0.53252240981083
H            0.43123742728616        1.15066420228874        0.88876903244963
27
 energy: -35.601925492392 gnorm: 0.000252941133 xtb: 6.7.1 (edcfbbe)
C            4.27174716138422        0.82408333870824       -0.18290932498947
O            3.06089403524790        0.51677385889685       -0.85994657222078
C            2.27257542318012       -0.39888169835403       -0.27937460820445
O            2.54579038407155       -0.94332906321454        0.75724707202076
C            1.02819576211844       -0.64494320903220       -1.09734950331666
C           -0.22747339562795       -0.57864557463058       -0.21877472767968
C           -1.46125833496739       -1.03259602247852       -0.99829177079381
C           -2.70783895001831       -0.96639448441405       -0.12058432526664
C           -2.91683595420465        0.45005985770202        0.40486991100509
C           -1.68975891664020        0.91023800519522        1.18514193118281
C           -0.44155721425667        0.84013775949383        0.31030149316680
H            4.79832346184603        1.53999460619780       -0.80814388235678
H            4.86899940943636       -0.07919353520218       -0.04507864464109
H            4.05835308698023        1.25522258266892        0.79717095268035
H            0.98336999545696        0.08609271645239       -1.90485137843441
H            1.11338543408657       -1.64416683549108       -1.53139294189858
H           -0.07540668256420       -1.25022133037091        0.63270896996403
H           -1.59589243422564       -0.38512561127781       -1.86834606832506
H           -1.31795029562623       -2.05341461122099       -1.35932691708446
H           -3.58119082807671       -1.28518654038595       -0.69353661584752
H           -2.59204321473481       -1.65106654677465        0.72254319254156
H           -3.80017652281249        0.48325789203892        1.04580794379671
H           -3.08737388581439        1.12699854346434       -0.43561035857802
H           -1.55393644328629        0.26847622522226        2.05840478025549
H           -1.83498398038292        1.93261502740817        1.54040911896761
H           -0.54918539419653        1.52763115537894       -0.53278349274683
H            0.43122829362613        1.15158349402162        0.88835363058959
27
 energy: -35.601925827074 gnorm: 0.000107607660 xtb: 6.7.1 (edcfbbe)
C            4.27194093894241        0.82408039899545       -0.18303156141433
O            3.06079267833857        0.51709337185834       -0.85971523477297
C            2.27278960167174       -0.39890215488830       -0.27932737468210
O            2.54639094475804       -0.94366963483101        0.75708974917956
C            1.02827129537855       -0.64493409496411       -1.09711584128352
C           -0.22740653470883       -0.57847979784421       -0.21858528829840
C           -1.46105561995791       -1.03275885569279       -0.99813976701655
C           -2.70789427198470       -0.96619088537822       -0.12080322112803
C           -2.91694404705935        0.45019471441449        0.40487256387952
C           -1.68989504528060        0.91011571968607        1.18530408751212
C           -0.44183511529168        0.84033461701486        0.31024531398708
H            4.79817837833070        1.54033510699675       -0.80830610570639
H            4.86908314832329       -0.07949494079903       -0.04597066025410
H            4.05870682685860        1.25470712723424        0.79739047159198
H            0.98337367747155        0.08601329509084       -1.90469199810131
H            1.11337898553437       -1.64423306525343       -1.53101621662057
H           -0.07529341457322       -1.24986711236663        0.63303710181667
H           -1.59546128488185       -0.38565716190538       -1.86850186653075
H           -1.31758425554880       -2.05372923093058       -1.35870677697094
H           -3.58106913931240       -1.28462559894360       -0.69421387389703
H           -2.59269895639638       -1.65110918352157        0.72220512791725
H           -3.80034411772660        0.48335840730091        1.04574109502733
H           -3.08733468343843        1.12729117954022       -0.43551193552745
H           -1.55394366093037        0.26794993415594        2.05825403154021
H           -1.83521013237318        1.93230421651060        1.54105790307930
H           -0.54989099148017        1.52764342008320       -0.53293273037594
H            0.43095479533580        1.15223020843900        0.88803087083589
