32
 energy: -41.093323879307 gnorm: 0.033744185161 xtb: 6.7.1 (edcfbbe)
O           -0.43683679696100        0.81307807105000        1.34348712302100
C           -0.67607245851600        0.59426634686400       -0.05394372142700
C            0.54802787335500        1.08974895954500       -0.86889272075700
C            1.85085016218100        0.37189244953100       -0.58852046584000
C            2.67322090475300        0.78220974037700        0.47041893801700
C            3.86902458909400        0.11510451541400        0.73886324440500
C            4.25670713162300       -0.96605754028000       -0.04984518802100
C            3.45072047255300       -1.37896155254500       -1.10900687493800
C            2.25424627547200       -0.71281095959200       -1.37905959294800
C           -1.90268385603800        1.44879908199000       -0.43703246552100
C           -3.18486980019000        0.98899739261000        0.25790445478700
C           -3.45774299575800       -0.48888888249400        0.00624418013800
C           -2.26757620176900       -1.35126622892800        0.40844719803700
C           -0.97977361690500       -0.89938130262600       -0.28346328255100
H            0.27442847418700        0.20428837994600        1.61273015853000
H            0.71058513738400        2.15740095938100       -0.66572287081000
H            0.33243034003800        1.02082782775800       -1.94354589999200
H            2.38535040065900        1.62862547086200        1.09166957919000
H            4.49982078391100        0.44170211453500        1.56159362490700
H            5.18912275114000       -1.48419502530600        0.15822802935500
H            3.75532387449200       -2.21968381118700       -1.72692508170900
H            1.63864539215600       -1.04761071172200       -2.21092459949500
H           -2.05664631269200        1.41411382434600       -1.52317915595600
H           -1.72715163996600        2.49769951556600       -0.16660830784500
H           -3.10830113089200        1.17019956672500        1.33686625189600
H           -4.03061398384700        1.58524348220300       -0.10323910165100
H           -4.34632486982900       -0.80110939614000        0.56631065758100
H           -3.67904004073300       -0.64419858784500       -1.05687151952900
H           -2.13621337001700       -1.31024777032800        1.49664150028700
H           -2.47057026940000       -2.39792137965400        0.15427908985200
H           -1.06282749745100       -1.10046434782000       -1.35893723781400
H           -0.16525972204200       -1.52140020222200        0.10562680412600
32
 energy: -41.096195685473 gnorm: 0.013046569603 xtb: 6.7.1 (edcfbbe)
O           -0.43709136888626        0.82274887286480        1.34112618257142
C           -0.67697648555867        0.59504944958674       -0.04568284125830
C            0.54415182974961        1.07823582256561       -0.87002853935590
C            1.83407205170103        0.35356176899957       -0.57688093386513
C            2.65497657977723        0.76388936017069        0.47102653939780
C            3.84944074070316        0.11028401168891        0.73375444381911
C            4.24187817018288       -0.96220109483136       -0.05016229011349
C            3.43825079020397       -1.37395976741248       -1.10076342157306
C            2.24366568632807       -0.72065991650261       -1.36148336371102
C           -1.89840685471304        1.44317083644295       -0.43371208652309
C           -3.17575009103327        0.98328881582513        0.26467202607388
C           -3.45348963099154       -0.49047415371903       -0.00278050573201
C           -2.25761105382923       -1.34119445403618        0.40666382469512
C           -0.97376841234635       -0.89214565399765       -0.29465411512471
H            0.27553026325517        0.22871172763253        1.61357755670123
H            0.68379594576724        2.14201282076415       -0.64846030271469
H            0.31178510461712        0.98978541650972       -1.93596068818320
H            2.36771537599954        1.61172530764646        1.07970998980474
H            4.47906108561823        0.44248752518506        1.54859534555740
H            5.17415218275637       -1.47229732820636        0.15328094917895
H            3.74549713598150       -2.20492165652984       -1.72172856178348
H            1.63418402285528       -1.04337065052910       -2.19511948589595
H           -2.03596962555132        1.39315436013632       -1.51771973800809
H           -1.69912554680355        2.48395004710693       -0.16514136674556
H           -3.07780100177087        1.15166241052955        1.34018415664262
H           -4.01501095392548        1.58690522549278       -0.09323356479159
H           -4.33903517084933       -0.80530115916523        0.55645260002311
H           -3.66336253830517       -0.63969207777807       -1.06680973840764
H           -2.12286217804722       -1.27880138900946        1.49054304521991
H           -2.45099067317366       -2.38885651280665        0.15765007001800
H           -1.06295551487294       -1.07155349353413       -1.36968590774318
H           -0.13794986484658       -1.49519447107582        0.07636346915186
32
 energy: -41.096829655757 gnorm: 0.005042588969 xtb: 6.7.1 (edcfbbe)
O           -0.43731995217337        0.82653915985532        1.33710189467220
C           -0.67623840972075        0.59617435582298       -0.04146080902503
C            0.54170057582024        1.07772830865153       -0.87397351255383
C            1.82245896242925        0.35071384666658       -0.57675378248796
C            2.63809078898766        0.75657917328412        0.47280673985585
C            3.82939530991502        0.10524851911068        0.73732371243851
C            4.22604943044930       -0.96356717368617       -0.04585790896479
C            3.42307206226328       -1.37566283822019       -1.09421320532924
C            2.23218038795570       -0.72381216465196       -1.35572687737715
C           -1.89361477962644        1.44340627481139       -0.43332755194441
C           -3.16468666772871        0.98049037181412        0.27062290742744
C           -3.43912345974214       -0.49200759714640       -0.01098148267650
C           -2.24462088895501       -1.34185901725667        0.40728801998817
C           -0.96862198766553       -0.88810751532456       -0.30149140736907
H            0.28263094682160        0.24877940883049        1.61301899674262
H            0.67459497175368        2.13898675564244       -0.65080360511653
H            0.29944672573432        0.97323154602177       -1.93300160370311
H            2.34526151220617        1.60119847774486        1.07910276660381
H            4.45745245160042        0.44136241121241        1.54901764150719
H            5.16095664183152       -1.46615738029412        0.15264175435390
H            3.73170203464208       -2.20175327503496       -1.71750010897174
H            1.61981664448499       -1.04547060272835       -2.18499968577382
H           -2.02746121430490        1.38288812882365       -1.51502053257338
H           -1.68798600978675        2.48102010142786       -0.16688810063069
H           -3.04776284743022        1.13161320518157        1.34473093560649
H           -4.00399279300396        1.59001570053529       -0.07299145626607
H           -4.32579574967337       -0.81185313428297        0.54060928571255
H           -3.63782111978627       -0.63331052077376       -1.07665592013442
H           -2.10544489646347       -1.25566832373361        1.48724184159370
H           -2.43246419342372       -2.39231190448344        0.17102488914815
H           -1.07004250624305       -1.04734401138220       -1.37664399876962
H           -0.12181197117576       -1.48709028642386        0.04935291134192
32
 energy: -41.097046267631 gnorm: 0.002974798060 xtb: 6.7.1 (edcfbbe)
O           -0.43551865401694        0.82848372957284        1.33345970779401
C           -0.67405877086535        0.59947310976999       -0.04137416149654
C            0.54087822426139        1.08136445051934       -0.88092963034639
C            1.81588478999452        0.35213641328865       -0.57984489710602
C            2.62635064281102        0.75406464423244        0.47560689485716
C            3.81582498044292        0.10132573284605        0.74340228743774
C            4.21519207879924       -0.96614784547614       -0.04104361056503
C            3.41298226065868       -1.37930689096810       -1.09037801235501
C            2.22387636563505       -0.72623852012634       -1.35516658542580
C           -1.89262750245915        1.44477749636279       -0.43278269695794
C           -3.15727701356598        0.97614574543528        0.27831540131838
C           -3.42921027521897       -0.49497957799068       -0.01527943950344
C           -2.23233140542871       -1.33967411209222        0.40876860852366
C           -0.96345278348487       -0.88417773109143       -0.30929405570498
H            0.29516084185656        0.26478724030480        1.60994645152678
H            0.67335538824225        2.14240392898790       -0.66256756209328
H            0.29324351272394        0.96857255479990       -1.93664102151747
H            2.32948933899195        1.59800042373302        1.08106757273755
H            4.43954587104119        0.43532220817678        1.55903861742429
H            5.14939688930118       -1.46840674523687        0.15883425157421
H            3.72018606716657       -2.20728231923884       -1.71156426980075
H            1.60999069019806       -1.04709577834738       -2.18387403515416
H           -2.02960620656302        1.37997243586293       -1.51313007294435
H           -1.68791110574645        2.48261521253180       -0.16913771841721
H           -3.02679886850584        1.11432572622309        1.35222867487928
H           -4.00081058242454        1.58758487703137       -0.04937008749984
H           -4.31961136892842       -0.82090260043292        0.52617248313127
H           -3.61578677122036       -0.62958481608963       -1.08373582819175
H           -2.08972966944534       -1.23849393040775        1.48650681439638
H           -2.41718093514490       -2.39269789941901        0.18507362807482
H           -1.07790433702224       -1.03205701027366       -1.38457394227645
H           -0.11154169209177       -1.48431015247430        0.02585898100609
32
 energy: -41.097183270151 gnorm: 0.003136850601 xtb: 6.7.1 (edcfbbe)
O           -0.43115587386785        0.83029158525173        1.32710332923091
C           -0.67148977904324        0.60465875594754       -0.04584461490633
C            0.54108754718401        1.08766540615484       -0.89047347131240
C            1.81302939968108        0.35700371044668       -0.58610234632060
C            2.61710808827189        0.75361440211345        0.47754885302193
C            3.80226904553055        0.09487970866204        0.75262635190781
C            4.20253505420030       -0.97296991997744       -0.03196054030125
C            3.40399708979264       -1.38426789271747       -1.08587368809247
C            2.21903798789677       -0.72569584469320       -1.35826897501531
C           -1.89501158560265        1.44678491925139       -0.43155139343130
C           -3.15236441789021        0.97077462389893        0.28807338555274
C           -3.41949362532325       -0.49909646650107       -0.01712117582245
C           -2.21989434059493       -1.33805503991163        0.41118781095796
C           -0.95960357416300       -0.87945860061123       -0.31823999123742
H            0.31372729694195        0.28197570812477        1.60031989632485
H            0.67482628430902        2.14998774672857       -0.67946128872421
H            0.28979867273798        0.96957773154423       -1.94442711865352
H            2.31736901106142        1.59769938783874        1.08253419923234
H            4.42085136146401        0.42437136755771        1.57458631014238
H            5.13523355424566       -1.47709430230327        0.17123743169338
H            3.70989755437197       -2.21559158655650       -1.70398840567935
H            1.60521708500665       -1.04539625799084       -2.18825812645864
H           -2.03891163381532        1.38057169430964       -1.51092795713127
H           -1.69404704727132        2.48626148207670       -0.17070689155367
H           -3.00899144540368        1.09702061466882        1.36188458040437
H           -4.00186909821635        1.58319488414355       -0.02160022106762
H           -4.31439092700296       -0.83260520538793        0.51221301123164
H           -3.59338564306821       -0.62695101055959       -1.08869740701382
H           -2.07245101876391       -1.22311623116007        1.48690540876614
H           -2.40111031771533       -2.39443712643760        0.20154419383984
H           -1.08797527705006       -1.02043448657315       -1.39298272516104
H           -0.10383942791213       -1.48116375732479        0.00231432290174
32
 energy: -41.097246444730 gnorm: 0.002651463082 xtb: 6.7.1 (edcfbbe)
O           -0.42609487361596        0.83143624932131        1.32182227659123
C           -0.67002488437460        0.60857302971180       -0.05128893303760
C            0.54064403136416        1.09260126078997       -0.89814792146400
C            1.81233008584129        0.36124755262870       -0.59125942484428
C            2.61227710224998        0.75449257916455        0.47743936278998
C            3.79309000681823        0.08969733569449        0.75949998447710
C            4.19278166000082       -0.97974022062549       -0.02350468167181
C            3.39903212750859       -1.38704024533844       -1.08292008010378
C            2.21817486437690       -0.72291530818939       -1.36228744355762
C           -1.89788624591077        1.44863885461801       -0.43046019927294
C           -3.14998598362367        0.96654749832235        0.29503795461220
C           -3.41414899466659       -0.50245918888562       -0.01556795003468
C           -2.21187816422017       -1.33694493482035        0.41283232235007
C           -0.95713194321436       -0.87650531773110       -0.32447402341034
H            0.32852194423534        0.29260925502501        1.58906232196315
H            0.67550159105204        2.15619640116278       -0.69129413941580
H            0.28934936262231        0.97339236900395       -1.95232970059684
H            2.31299933911170        1.60012518437113        1.08113139603583
H            4.40744431596547        0.41437884008930        1.58703838103056
H            5.12158305620221       -1.48927667135257        0.18599435875536
H            3.70441561148291       -2.22092877584518       -1.69843392221460
H            1.60742437963949       -1.04004919111838       -2.19590493300515
H           -2.04806416069119        1.38372870745524       -1.50947967673778
H           -1.70028301486742        2.48939411158007       -0.17024254066880
H           -3.00019151436184        1.08778400627549        1.36850295925849
H           -4.00337167844787        1.57841546514339       -0.00454957256758
H           -4.31084739417658       -0.84083385558320        0.50748698217209
H           -3.58246323151521       -0.62672811882589       -1.08851166622892
H           -2.06016451303943       -1.21608193818918        1.48734085880660
H           -2.39031812531475       -2.39519249642387        0.21060563012498
H           -1.09361811270795       -1.01646671957889       -1.39841105234288
H           -0.09909664373169       -1.47809571783655       -0.01113418046682
32
 energy: -41.097292647860 gnorm: 0.001526130348 xtb: 6.7.1 (edcfbbe)
O           -0.42083295053906        0.83254216966328        1.31690275598195
C           -0.66884522232014        0.61152430770936       -0.05705829481720
C            0.53989972637859        1.09685874095759       -0.90470539159732
C            1.81250912203851        0.36548003505193       -0.59625924446062
C            2.60901828727006        0.75591780614013        0.47610952048500
C            3.78480541259384        0.08468440340950        0.76552441101470
C            4.18322823235093       -0.98716847700627       -0.01467490991058
C            3.39538586466697       -1.38857331080388       -1.08071808072284
C            2.21921309389777       -0.71853156064364       -1.36706995858265
C           -1.90037476374640        1.44968198467127       -0.42962301208979
C           -3.14877732858716        0.96346433512388        0.30002703689537
C           -3.41047703365455       -0.50526636162304       -0.01212160237458
C           -2.20582079981702       -1.33673969501000        0.41385421434472
C           -0.95506238274930       -0.87445137664760       -0.32908150711202
H            0.34072226472599        0.30018351156424        1.57715608175044
H            0.67503416791523        2.16128066512422       -0.69944632237987
H            0.28992388177714        0.97791865664365       -1.95971005017046
H            2.31179364225583        1.60357320901487        1.07813144022331
H            4.39576278774414        0.40540436607110        1.59728595165898
H            5.10714850778924       -1.50326930509509        0.20210592369007
H            3.70132297324756       -2.22334750252147       -1.69497522063657
H            1.61310741231411       -1.03228028911716       -2.20541125514623
H           -2.05544547305245        1.38726497410913       -1.50847823180352
H           -1.70487069358978        2.49091471905407       -0.16843396221843
H           -2.99534088405880        1.08346005585030        1.37303157252319
H           -4.00466228605526        1.57408244864196        0.00551392582471
H           -4.30658324310330       -0.84651966772195        0.50963440935596
H           -3.57849915780693       -0.62819144121084       -1.08518554949846
H           -2.05012599804327       -1.21374132866872        1.48756035950837
H           -2.38207789056174       -2.39593015299725        0.21487504614247
H           -1.09597470181036       -1.01576814646187       -1.40223454640829
H           -0.09510456747915       -1.47445777325839       -0.01893276214429
32
 energy: -41.097342697149 gnorm: 0.001848961535 xtb: 6.7.1 (edcfbbe)
O           -0.41304525348589        0.83466306862521        1.31000366978496
C           -0.66698373622153        0.61506494208084       -0.06503192684879
C            0.53825326668962        1.10314048308209       -0.91387645184056
C            1.81206523767175        0.37190210812461       -0.60383474848083
C            2.60354601420610        0.75811212858303        0.47339258655436
C            3.77112072738396        0.07723243799911        0.77399276852127
C            4.16744223974289       -0.99867917474169       -0.00124612444645
C            3.38932790133435       -1.38982771595649       -1.07803142358799
C            2.22080603245786       -0.71085323099395       -1.37473310976139
C           -1.90241455825846        1.45080532771675       -0.42909003449098
C           -3.14624717195192        0.95978505415658        0.30562585062628
C           -3.40533118331896       -0.50934086704929       -0.00519269717638
C           -2.19652493622576       -1.33728955850564        0.41429152443439
C           -0.95054990693030       -0.87198057955049       -0.33502785523048
H            0.35721782453807        0.31068430892126        1.56005059544966
H            0.67235739071186        2.16799973237765       -0.70837975121507
H            0.28992010966524        0.98458684581907       -1.96980048259319
H            2.31021887746195        1.60906705328007        1.07243306064447
H            4.37683439239583        0.39242720619281        1.61156766114871
H            5.08245147225401       -1.52591529588425        0.22773713439781
H            3.69649980910513       -2.22472216357978       -1.69132973241670
H            1.62278410068307       -1.01850675671769       -2.22094692059652
H           -2.06295865834398        1.39204238824078       -1.50761754649139
H           -1.70834917139165        2.49178698929095       -0.16523507050787
H           -2.98906733893141        1.08081957757584        1.37792846192941
H           -4.00486954526290        1.56788132261009        0.01429226355679
H           -4.29778758147285       -0.85321054703232        0.52070209361344
H           -3.57855091599293       -0.63244329193051       -1.07733757274584
H           -2.03503534051792       -1.21422621936340        1.48710412570774
H           -2.37032475753558       -2.39693134906068        0.21594182121554
H           -1.09541009476843       -1.01549199808602       -1.40737938640297
H           -0.08739524570016       -1.46858222621142       -0.02738003542581
32
 energy: -41.097372506177 gnorm: 0.001549559223 xtb: 6.7.1 (edcfbbe)
O           -0.40864403095891        0.83673129876575        1.30564274249884
C           -0.66488525280564        0.61730934255954       -0.06900584973221
C            0.53782670450814        1.10799245577337       -0.91989323900289
C            1.81095130528910        0.37663417898465       -0.60930706229437
C            2.59836380982804        0.75912166396072        0.47202054435010
C            3.76009461005881        0.07202897018964        0.77985234975385
C            4.15541563395479       -1.00602947999770        0.00724626353931
C            3.38349271971160       -1.39086038959718       -1.07609532987096
C            2.22043765600317       -0.70607368893486       -1.37953573922050
C           -1.90212715840101        1.45095742090962       -0.42958731132771
C           -3.14323977641658        0.95815096668519        0.30845516579809
C           -3.40074872606072       -0.51195951331541        0.00007164942891
C           -2.18866491354461       -1.33843852311302        0.41341259178864
C           -0.94596729977860       -0.86984210031945       -0.33923814475793
H            0.36639196045928        0.31837643960007        1.55175242438882
H            0.67022716431505        2.17255321298001       -0.71345497405915
H            0.28824747669254        0.98848462411367       -1.97520393940536
H            2.30637392365957        1.61161542154926        1.06926643562992
H            4.36185011299542        0.38395937515432        1.62127148229493
H            5.06475171470499       -1.53928824377446        0.24298491232826
H            3.69101901988747       -2.22572824182938       -1.68896860138409
H            1.62677759693390       -1.00975890992286       -2.22999232956500
H           -2.06493565630021        1.39288642596474       -1.50757826163758
H           -1.70808953034413        2.49144238444554       -0.16463468305701
H           -2.98323486681193        1.08050577243923        1.38027536480432
H           -4.00372941149053        1.56432005978217        0.01810326627535
H           -4.28900498454845       -0.85674022382547        0.53270749614367
H           -3.58087381784387       -0.63647785899352       -1.07083101699194
H           -2.02331477395154       -1.21660788947368        1.48572217886713
H           -2.36155295970512       -2.39794593751542        0.21341464225235
H           -1.09276714861789       -1.01287124372917       -1.41144009045687
H           -0.08044110143116       -1.46444776950289       -0.03384019005323
32
 energy: -41.097394037649 gnorm: 0.000792737535 xtb: 6.7.1 (edcfbbe)
O           -0.40512907221376        0.83928854081842        1.30148378066013
C           -0.66263680506414        0.62003473976408       -0.07226010691834
C            0.53817702117778        1.11351710750339       -0.92553908624111
C            1.80971432205670        0.38140239266184       -0.61428492081247
C            2.59316082128583        0.75992334068778        0.47137740333957
C            3.74947945813874        0.06700620348804        0.78551597272313
C            4.14397822609878       -1.01257529294858        0.01451844074810
C            3.37719212527946       -1.39211560378865       -1.07429632151915
C            2.21915748667230       -0.70184191862349       -1.38379021716197
C           -1.90151232554447        1.45153134414177       -0.43107968896706
C           -3.13940869095591        0.95667195543253        0.31083990606576
C           -3.39607837945164       -0.51467720887835        0.00658274500795
C           -2.17980651478833       -1.33958534241807        0.41169331006807
C           -0.94043148432691       -0.86723001144631       -0.34381791979432
H            0.37279656987139        0.32510780613814        1.54644805927905
H            0.66917447161433        2.17780251753245       -0.71845194261654
H            0.28648067071614        0.99329969383672       -1.97992531485839
H            2.30162789195933        1.61369745411184        1.06701191595169
H            4.34678318526398        0.37490750550226        1.63153846608500
H            5.04793047687222       -1.55174054219747        0.25650311572505
H            3.68395925347814       -2.22807317908293       -1.68599333714223
H            1.62873420895353       -1.00160659573815       -2.23785664159449
H           -2.06662472042822        1.39210169103974       -1.50845680147131
H           -1.70843035151609        2.49232230312677       -0.16699302632943
H           -2.97720946866100        1.08169171261102        1.38193778162474
H           -4.00193005871279        1.56013669706504        0.02091687828565
H           -4.27916815367755       -0.85999163967726        0.54785688263067
H           -3.58531469944465       -0.64143568472384       -1.06254913219734
H           -2.01034902310129       -1.22148360025960        1.48369169554613
H           -2.35204947351220       -2.39852672069708        0.20819123516623
H           -1.08935533402131       -1.00896514696517       -1.41590727286047
H           -0.07291163402752       -1.46059451800398       -0.04131311109650
32
 energy: -41.097402970230 gnorm: 0.000633538297 xtb: 6.7.1 (edcfbbe)
O           -0.40363536429550        0.84182798901956        1.29797669641208
C           -0.66085903334733        0.62287907637069       -0.07516927194695
C            0.53929700565654        1.11818462439366       -0.92947153467086
C            1.80955715616676        0.38516633881396       -0.61758306709066
C            2.59016130273094        0.76045563942627        0.47135432023683
C            3.74239933527689        0.06287804156601        0.78997082601569
C            4.13578987085894       -1.01790960475792        0.02005878918698
C            3.37227802592561       -1.39381880097452       -1.07232104064123
C            2.21811746109506       -0.69908716622269       -1.38620867676140
C           -1.90207121580593        1.45119174059666       -0.43287680118457
C           -3.13725110076665        0.95575845559971        0.31310309670259
C           -3.39214128768559       -0.51662084078620        0.01147401685808
C           -2.17314406441891       -1.34070098629355        0.41036854262570
C           -0.93710091975463       -0.86432694911838       -0.34806131921200
H            0.37532225807799        0.32935047044295        1.54357573128757
H            0.66970388923048        2.18236810566203       -0.72198476982282
H            0.28649073887206        0.99781469956461       -1.98341652856977
H            2.29865268482523        1.61483122444153        1.06615704221471
H            4.33731684598861        0.36832354366362        1.63844248469566
H            5.03695220321353       -1.56010619517986        0.26495146171978
H            3.67838273932179       -2.23047490526099       -1.68341339151794
H            1.62916847924329       -0.99647763833149       -2.24209435306468
H           -2.06921831563419        1.38964283378227       -1.50975390258315
H           -1.71027447108270        2.49268658041527       -0.17090637873272
H           -2.97182930141944        1.08230198429997        1.38374464674237
H           -4.00188800946352        1.55732864582820        0.02486109517381
H           -4.27119113001428       -0.86255041925027        0.55893445801242
H           -3.58809169064211       -0.64500761959343       -1.05630391264656
H           -2.00019209056140       -1.22520591432480        1.48223806737360
H           -2.34459794939449       -2.39947055781842        0.20449611752428
H           -1.08835383011172       -1.00469615951961       -1.42001464876430
H           -0.06775022209461       -1.45653623644201       -0.04853504824670
32
 energy: -41.097407311292 gnorm: 0.000566087687 xtb: 6.7.1 (edcfbbe)
O           -0.40332418285957        0.84368526624669        1.29573180946837
C           -0.66041186399163        0.62481265517692       -0.07716474391023
C            0.53969622362953        1.12112222601625       -0.93127520941834
C            1.80909128387828        0.38700534278252       -0.61857598666763
C            2.58863418415544        0.76078962277923        0.47164029595339
C            3.73893896512705        0.06098233949444        0.79203215719326
C            4.13140326138941       -1.02056294929061        0.02268931553743
C            3.36913353310640       -1.39489015049564       -1.07103685775195
C            2.21692551351179       -0.69789618188266       -1.38678447304729
C           -1.90256613172864        1.45179405160427       -0.43464636416678
C           -3.13516628771211        0.95473865371811        0.31463838115854
C           -3.39002968819938       -0.51805802712602        0.01486777392683
C           -2.16876086574951       -1.34085832680807        0.40944941787665
C           -0.93478303038397       -0.86265729996219       -0.35102146918250
H            0.37485570831516        0.33043157110624        1.54224862361968
H            0.67023011104825        2.18520087965022       -0.72325566719907
H            0.28713440212290        1.00130500668327       -1.98531716676017
H            2.29760042686597        1.61573153933383        1.06589222670116
H            4.33252387817997        0.36454404466217        1.64215175140596
H            5.03046508873704       -1.56539882498529        0.26984844648345
H            3.67421999364374       -2.23263852610557       -1.68117491073526
H            1.62879028317734       -0.99390200913851       -2.24373364100431
H           -2.07163806322216        1.38769872515781       -1.51109106327209
H           -1.71217907405347        2.49423510259554       -0.17513298287288
H           -2.96744806987483        1.08237777232678        1.38476103536343
H           -4.00122967550705        1.55502191455392        0.02817418366616
H           -4.26683256961883       -0.86465864922575        0.56556950051525
H           -3.58959788451103       -0.64705169476973       -1.05216077083579
H           -1.99337631684332       -1.22723977878086        1.48114398367397
H           -2.33962884149682       -2.39945220755731        0.20219021448101
H           -1.08849828690168       -1.00175996693445       -1.42280885957638
H           -0.06417202424357       -1.45445212081280       -0.05425620329799
32
 energy: -41.097410032102 gnorm: 0.000390486398 xtb: 6.7.1 (edcfbbe)
O           -0.40355319322925        0.84488778008679        1.29412873777437
C           -0.66008099162347        0.62626353836087       -0.07896912343985
C            0.54018028167036        1.12338722422132       -0.93224472158280
C            1.80912342244343        0.38847588887807       -0.61905333932933
C            2.58833379571383        0.76145940302266        0.47166849076402
C            3.73734855547222        0.05995308038348        0.79324638196631
C            4.12872334137931       -1.02252807191370        0.02463399831712
C            3.36681207514259       -1.39603723047317       -1.06966291744107
C            2.21599621428144       -0.69722827731817       -1.38669513575349
C           -1.90338623114126        1.45161255270045       -0.43622739778164
C           -3.13401852571323        0.95411276722236        0.31600174445403
C           -3.38845712994827       -0.51890220358258        0.01696833854061
C           -2.16592412882681       -1.34102718438160        0.40887121430258
C           -0.93380464011213       -0.86124566605364       -0.35350863093129
H            0.37297429589509        0.32946614223493        1.54150297383443
H            0.67094228638805        2.18727679162831       -0.72323833238608
H            0.28840069882860        1.00463323441811       -1.98664233304451
H            2.29789592366171        1.61680796041917        1.06565437850852
H            4.33073217548154        0.36277130387369        1.64377720292420
H            5.02666376821967       -1.56879342367786        0.27283018627037
H            3.67096487709216       -2.23468549036744       -1.67905327763130
H            1.62805413107163       -0.99269356537328       -2.24398284772812
H           -2.07413027932632        1.38553291489376       -1.51230072862323
H           -1.71400818273312        2.49475255980230       -0.17882488173175
H           -2.96371563225098        1.08209922966858        1.38562241375462
H           -4.00120919069705        1.55370250765462        0.03172514481443
H           -4.26383998574150       -0.86600579911725        0.56948790896244
H           -3.59024642310018       -0.64807766683681       -1.04959451444695
H           -1.98869995519320       -1.22820344701563        1.48033243225750
H           -2.33625775285645       -2.39962064009669        0.20118858507295
H           -1.08947208854000       -0.99949568721053       -1.42506566246723
H           -0.06234151171775       -1.45265052603840       -0.05898354087394
32
 energy: -41.097411526884 gnorm: 0.000142186353 xtb: 6.7.1 (edcfbbe)
O           -0.40380991073008        0.84534949814844        1.29271509441056
C           -0.66000779264586        0.62713093286096       -0.08071796096013
C            0.54057019573745        1.12519107159439       -0.93266706670932
C            1.80925275867683        0.38964177397451       -0.61922385994021
C            2.58860792851427        0.76243386338115        0.47141600596548
C            3.73676327685093        0.05979722867077        0.79373386445502
C            4.12684637592309       -1.02390843759971        0.02621684299782
C            3.36476439924299       -1.39724658885650       -1.06803219151080
C            2.21503567865731       -0.69706051837881       -1.38601866543907
C           -1.90410695142001        1.45151448410362       -0.43747982572227
C           -3.13313950567796        0.95366168847173        0.31716841215808
C           -3.38741747935878       -0.51945076096799        0.01838967614674
C           -2.16397758460293       -1.34114423865707        0.40833581147626
C           -0.93326545169016       -0.86039212391223       -0.35571723357216
H            0.37073962808389        0.32699106739258        1.54067735010884
H            0.67137579561158        2.18885115039183       -0.72230900875738
H            0.28965138847926        1.00778001593820       -1.98748451241241
H            2.29890458085479        1.61826119477674        1.06505664900448
H            4.33050319838986        0.36262043420143        1.64401265042102
H            5.02406988062258       -1.57106602609844        0.27499289896680
H            3.66801428018194       -2.23673826943167       -1.67670870718223
H            1.62704257139833       -0.99246086394129       -2.24329193590626
H           -2.07617714593338        1.38382022504311       -1.51323538520128
H           -1.71528532091412        2.49518306416638       -0.18180415680849
H           -2.96022590825236        1.08137786280070        1.38640802522123
H           -4.00119730770634        1.55299338278581        0.03509940226802
H           -4.26187968804672       -0.86705135149658        0.57202658687530
H           -3.59060568493434       -0.64852660369572       -1.04792023675496
H           -1.98526969545392       -1.22837335160082        1.47957614302064
H           -2.33396803641349       -2.39981722615686        0.20072837686422
H           -1.09079988078599       -0.99777149481602       -1.42712587965267
H           -0.06100859266800       -1.45159108307992       -0.06322441650495
32
 energy: -41.097411932132 gnorm: 0.000119653256 xtb: 6.7.1 (edcfbbe)
O           -0.40361569004901        0.84501915490259        1.29240700446063
C           -0.65985540261117        0.62726155442678       -0.08126805828185
C            0.54066921901687        1.12584088444284       -0.93287595718136
C            1.80924773894550        0.39010217434287       -0.61931773829890
C            2.58893879615835        0.76329570030399        0.47092944229913
C            3.73683786627650        0.06035650416230        0.79356413888914
C            4.12626213486022       -1.02411385889532        0.02679202387090
C            3.36386663191432       -1.39779553866865       -1.06713577320205
C            2.21448244411407       -0.69722343437141       -1.38550629459685
C           -1.90418926013143        1.45138511279329       -0.43778246137982
C           -3.13265305453151        0.95347459540047        0.31773516443593
C           -3.38710416797114       -0.51956270470176        0.01875012703219
C           -2.16338944062658       -1.34118653335478        0.40795822113109
C           -0.93324242224616       -0.86010751881653       -0.35680404210373
H            0.36969827351083        0.32483423152741        1.54041420883864
H            0.67139592481129        2.18932631118053       -0.72164278824397
H            0.29018539293077        1.00921490024419       -1.98792084952573
H            2.29967674813654        1.61956630350172        1.06413829929208
H            4.33084765521638        0.36346453902824        1.64358625789292
H            5.02301558608224       -1.57186080540440        0.27613882030845
H            3.66644479929087       -2.23807892024243       -1.67505718220596
H            1.62635534857271       -0.99287952271885       -2.24259940270974
H           -2.07685686400784        1.38344329207029       -1.51343929941661
H           -1.71542032982333        2.49511458987738       -0.18242880190000
H           -2.95887040464236        1.08097036427210        1.38679273267581
H           -4.00091219889424        1.55283776401668        0.03655421954365
H           -4.26124286608733       -0.86731510595734        0.57278618144883
H           -3.59086480094006       -0.64845542736321       -1.04747784441950
H           -1.98406773364273       -1.22847390494551        1.47907247398723
H           -2.33335434926459       -2.39984678067014        0.20041144099599
H           -1.09141481164145       -0.99721885481052       -1.42813614980156
H           -0.06087076273587       -1.45138906556010       -0.06504536650904
