23
 energy: -38.678739457328 gnorm: 0.062004381982 xtb: 6.7.1 (edcfbbe)
C           -4.08294681748800       -0.17021068457800       -1.25644825357600
C           -3.16705182181200       -0.54825987508700       -0.10881974484500
O           -2.01231799508400        0.29527904835400       -0.16104651177200
C           -1.12149764772800        0.06714988244600        0.82634484636000
O           -1.17028369889100       -0.78170016355900        1.69774134689400
C            0.03999400786500        1.03447859725100        0.68059701849700
O           -0.14440087696600        2.22169381714000        0.92458863641800
C            1.36016863211000        0.51872798119300        0.23461481651800
C            1.58836825764800       -0.84177937994800       -0.00800233979800
C            2.84752242170300       -1.27416941188700       -0.43346914896900
C            3.87971564582400       -0.35516080471200       -0.61870083402700
C            3.65912885170400        0.99952330770400       -0.37796458894500
C            2.40365499794500        1.43650892424200        0.04785025975300
H           -3.56855795445700       -0.29003039152800       -2.21569997992200
H           -4.37890295678700        0.88151406871900       -1.18304667693000
H           -4.98305068346600       -0.79124397514300       -1.25822493230300
H           -3.68867916758300       -0.40430211474800        0.84413629917100
H           -2.86353581532200       -1.59658126730300       -0.20782603638400
H            0.81132316039500       -1.58853108722700        0.13379542053400
H            3.02510179012700       -2.33147196676400       -0.61744989330900
H            4.85849986054600       -0.69574498880700       -0.94846092071100
H            4.46402665566100        1.71670551653600       -0.52020230985900
H            2.24372115405600        2.49760496770600        0.23293597015900
23
 energy: -38.682299738165 gnorm: 0.020318363255 xtb: 6.7.1 (edcfbbe)
C           -4.08182841126305       -0.16120188589015       -1.26225433954738
C           -3.17270944640240       -0.55021295265778       -0.11127675795408
O           -2.00336269295554        0.27432573185506       -0.15296105546613
C           -1.09518035212402        0.04713901013002        0.79840114338137
O           -1.16877269592547       -0.77876120639286        1.67138188226966
C            0.05300966873833        1.04357254606765        0.66791609959780
O           -0.14016223170040        2.21571075071456        0.92006168813990
C            1.36566963208854        0.52056488300628        0.23508612986401
C            1.58992254220357       -0.83532805700629       -0.00778796490394
C            2.83910199774968       -1.26563330538977       -0.42795895093999
C            3.86788155638605       -0.35307897105706       -0.61294456667436
C            3.65082837189400        0.99604305549873       -0.37398585494344
C            2.40722315929005        1.43189052067237        0.04907983592199
H           -3.56822979567528       -0.29317685166455       -2.21395560963647
H           -4.37597252943834        0.88398719520430       -1.17734342300431
H           -4.97471026998851       -0.78212584333063       -1.25380846218503
H           -3.67392555993942       -0.40977434532564        0.85190003210408
H           -2.86531453992038       -1.59820209396765       -0.19375379318381
H            0.80720956930369       -1.56650833665257        0.13899851079771
H            3.01247739108731       -2.31715016842077       -0.61230284462313
H            4.84038937645417       -0.69391816026953       -0.94296801615787
H            4.45163197829274        1.70848678497911       -0.51700524446799
H            2.23482328184469        2.48335169989716        0.23472400456542
23
 energy: -38.682776900987 gnorm: 0.006918457778 xtb: 6.7.1 (edcfbbe)
C           -4.07701112216006       -0.15886911725641       -1.26354121807461
C           -3.17231528706588       -0.55717905710325       -0.11314125821689
O           -1.99789873211571        0.26280488177698       -0.15000273697008
C           -1.08920979408281        0.04864343889984        0.79126370464674
O           -1.16148996232381       -0.78953763980873        1.64912704930450
C            0.05848611602760        1.05581888732776        0.65935394672707
O           -0.13744555989824        2.21905462982082        0.92514671526560
C            1.36536900943638        0.52565075943167        0.23035958416530
C            1.58531842079507       -0.83030164140740       -0.00995318473941
C            2.83055145613944       -1.26258099821621       -0.42599618842547
C            3.86121085788513       -0.35429338629365       -0.61049266734405
C            3.64953873333376        0.99454288856396       -0.37229687824366
C            2.41034104675004        1.43272272188063        0.04690468120950
H           -3.56261337395499       -0.29454143145659       -2.21084539211131
H           -4.36533328086826        0.88427009044646       -1.17046177002530
H           -4.96939520760093       -0.77714992914450       -1.25126536689394
H           -3.66719699602970       -0.41418698715002        0.85318638186280
H           -2.86684770120272       -1.60696165966230       -0.18714878173140
H            0.79471809845960       -1.54893646211478        0.14125979119610
H            3.00057268927320       -2.31264779231245       -0.60845188976167
H            4.83063251130241       -0.69816031438527       -0.93888792860232
H            4.45146043729604        1.70270594840634       -0.51423824869290
H            2.22855764060446        2.47913216975708        0.23736409840939
23
 energy: -38.682837432943 gnorm: 0.002413452527 xtb: 6.7.1 (edcfbbe)
C           -4.07387826708153       -0.15897365765483       -1.26246753298502
C           -3.17052109119451       -0.56062079369013       -0.11280789311733
O           -1.99498170227566        0.25907047835854       -0.15135589713191
C           -1.08511601722536        0.04548467402717        0.78642098086027
O           -1.15743264767056       -0.79763617186392        1.64215129289419
C            0.06001569606054        1.06064630389315        0.66148256320462
O           -0.14134436336827        2.22278459809869        0.92801587044851
C            1.36408258848206        0.53010974437732        0.22810158518063
C            1.58091296447848       -0.82702915066583       -0.01093804421817
C            2.82564429103043       -1.26210714285763       -0.42527326227574
C            3.85855952155351       -0.35573918117797       -0.60955964106032
C            3.65038091391012        0.99451428382194       -0.37261150299173
C            2.41148350841026        1.43582979109209        0.04446872230258
H           -3.55946507460383       -0.29476214183241       -2.20945972055514
H           -4.35790814194960        0.88489999032934       -1.16706738506155
H           -4.96842252422791       -0.77447021724566       -1.25093881093502
H           -3.66376175948855       -0.41679934671118        0.85453373229941
H           -2.86692776568833       -1.61102363924775       -0.18716692465741
H            0.78580516706721       -1.54037883749590        0.14148937676672
H            2.99386858713521       -2.31289010518894       -0.60629854476681
H            4.82736848349171       -0.70253056614432       -0.93660188525537
H            4.45510168327970        1.69998379531421       -0.51337069840827
H            2.22653594987491        2.48163729246402        0.23649606241686
23
 energy: -38.682853306197 gnorm: 0.000955955849 xtb: 6.7.1 (edcfbbe)
C           -4.07136748169001       -0.15986778384994       -1.26125925529425
C           -3.16836671950510       -0.56403478444966       -0.11251660474133
O           -1.99465490080711        0.25880583949413       -0.15128557825840
C           -1.08415213041607        0.04603978989646        0.78542059586846
O           -1.15149142663273       -0.80320480088701        1.63706255800335
C            0.05981295429918        1.06432877612667        0.66169114205928
O           -0.14378827408029        2.22553554306869        0.93137151354751
C            1.36296369605724        0.53402422294914        0.22706949472715
C            1.57669264486546       -0.82402318909719       -0.01199097343811
C            2.82097215155634       -1.26182486609862       -0.42545299368152
C            3.85602614168280       -0.35728954987399       -0.60862871081468
C            3.65104956482929        0.99408370204380       -0.37268430792022
C            2.41269145544423        1.43836619390662        0.04383716000641
H           -3.55700811136317       -0.29480008232862       -2.20866970788423
H           -4.35247630585651        0.88493862578454       -1.16457629786337
H           -4.96792435630627       -0.77293312573474       -1.25160776075809
H           -3.66103274729691       -0.42150688686653        0.85530605397707
H           -2.86391650006979       -1.61394750478765       -0.18895444989543
H            0.77856174737622       -1.53405150985917        0.14038511022257
H            2.98752276329690       -2.31337435848545       -0.60558145160662
H            4.82471337447349       -0.70685437512162       -0.93388429063082
H            4.45840250321400        1.69709906569998       -0.51314333513931
H            2.22676995692884        2.48449105847015        0.23533453246859
23
 energy: -38.682858243075 gnorm: 0.000824977670 xtb: 6.7.1 (edcfbbe)
C           -4.06975156060943       -0.16079930860069       -1.26033774467654
C           -3.16622706434393       -0.56633774155348       -0.11266619388872
O           -1.99511038833348        0.26046533735840       -0.14993895419499
C           -1.08335096135624        0.04688971780804        0.78547314680004
O           -1.14700395171072       -0.80464184779769        1.63509611221739
C            0.05945782545734        1.06662213642760        0.66283090098681
O           -0.14530612007632        2.22759364816218        0.93288356960443
C            1.36211210262207        0.53696005835266        0.22668070780795
C            1.57342128227197       -0.82151572781519       -0.01296838410389
C            2.81717798379290       -1.26161012442525       -0.42564633433721
C            3.85379431427541       -0.35869308376197       -0.60741361056907
C            3.65102700187028        0.99323669480925       -0.37234158214979
C            2.41316205564279        1.44001198019603        0.04316166496779
H           -3.55564937823900       -0.29484465592635       -2.20831611062497
H           -4.34930793735854        0.88455126348278       -1.16265871930658
H           -4.96741652520042       -0.77239129517179       -1.25204425669532
H           -3.65906357204718       -0.42769736114042        0.85550327118251
H           -2.85880366023271       -1.61501153661594       -0.19243909938644
H            0.77379775037344       -1.52989764321065        0.13839793229988
H            2.98188565777760       -2.31346970715255       -0.60636048113637
H            4.82228925557479       -0.71020889520087       -0.93163338835377
H            4.46024751093460        1.69427590806516       -0.51282266856463
H            2.22861837891483        2.48651218371073        0.23480266507550
23
 energy: -38.682861526450 gnorm: 0.000475685218 xtb: 6.7.1 (edcfbbe)
C           -4.06877360040045       -0.16161676180112       -1.26001876740003
C           -3.16439366941346       -0.56780026285495       -0.11329606845329
O           -1.99601696691890        0.26301346917318       -0.14778911082754
C           -1.08312372942224        0.04884876134174        0.78640175354810
O           -1.14443811616741       -0.80340181346355        1.63504108645993
C            0.05891375695119        1.06884626397242        0.66291899717948
O           -0.14514878742908        2.22982727380334        0.93332803900633
C            1.36155671149250        0.53870857943795        0.22697752964065
C            1.57110447874510       -0.81975228716305       -0.01397736575929
C            2.81422175178665       -1.26146198682670       -0.42652925761512
C            3.85200113985363       -0.35986030594075       -0.60707034396127
C            3.65072764757576        0.99209280182795       -0.37156532689439
C            2.41356848901331        1.44040947259396        0.04402965090231
H           -3.55539409843991       -0.29514576249955       -2.20850339378592
H           -4.34799234261287        0.88371428161016       -1.16132934174868
H           -4.96648441392107       -0.77293127795116       -1.25149231363794
H           -3.65789109624605       -0.43422771558151        0.85518742097001
H           -2.85290791702763       -1.61503727662516       -0.19637359834757
H            0.77088174076232       -1.52751956139221        0.13619455330695
H            2.97735713810435       -2.31336805179836       -0.60776685316215
H            4.82039842414113       -0.71251646330509       -0.93020279003889
H            4.46090395560539        1.69190152119226       -0.51199651693276
H            2.23092950396779        2.48727710225018        0.23507446050510
23
 energy: -38.682863447352 gnorm: 0.000366123420 xtb: 6.7.1 (edcfbbe)
C           -4.06790747658982       -0.16255561807973       -1.25994224879668
C           -3.16233572160604       -0.56909988004658       -0.11426395108243
O           -1.99644651700215        0.26536335308008       -0.14581786974491
C           -1.08313809951246        0.05150143884010        0.78785704247000
O           -1.14342332597350       -0.80138489332201        1.63585662379268
C            0.05870657218186        1.07143219045369        0.66374308562919
O           -0.14426707227613        2.23278404808996        0.93296518054011
C            1.36079039817741        0.54011033585921        0.22687197279136
C            1.56889027072231       -0.81834465405869       -0.01506987563733
C            2.81157148671228       -1.26144219191775       -0.42735599279472
C            3.85063478256171       -0.36109279837366       -0.60676278360495
C            3.65063547058450        0.99090597911394       -0.37066552447766
C            2.41378857913568        1.44053023585283        0.04452398201863
H           -3.55573049292349       -0.29566755558863       -2.20902636226756
H           -4.34714521233610        0.88258726182916       -1.16021703547394
H           -4.96539917892126       -0.77408769493545       -1.25029945260636
H           -3.65663867589791       -0.44039763865593        0.85448971407338
H           -2.84707338307899       -1.61504695457856       -0.20033855703068
H            0.76801727097943       -1.52559028246907        0.13413227342847
H            2.97303503473272       -2.31334261268229       -0.60966930236233
H            4.81858556836199       -0.71452927843616       -0.93013979824113
H            4.46160798991838        1.68986564473874       -0.51032587246655
H            2.23324173204959        2.48750156528681        0.23669719479743
23
 energy: -38.682864522297 gnorm: 0.000245348020 xtb: 6.7.1 (edcfbbe)
C           -4.06721321547295       -0.16357519693088       -1.25976608760343
C           -3.16031305080252       -0.57033296914707       -0.11517403428273
O           -1.99642997054257        0.26694056143784       -0.14496652963433
C           -1.08318066764981        0.05406356984596        0.78889956707499
O           -1.14322979435419       -0.79907098519403        1.63684689802799
C            0.05855724659356        1.07407328060835        0.66394929302461
O           -0.14323963446142        2.23583948695397        0.93225841661082
C            1.36025094977488        0.54116840831652        0.22730956060256
C            1.56693279534484       -0.81728890845851       -0.01581979400985
C            2.80908478252885       -1.26137771110490       -0.42867978702079
C            3.84925052993595       -0.36209431540581       -0.60740672018039
C            3.65079878380416        0.98986232970236       -0.36963249898566
C            2.41443061705246        1.44044169902638        0.04617523084083
H           -3.55633921113356       -0.29604974663909       -2.20958267649916
H           -4.34674879946572        0.88137452810071       -1.15909335814266
H           -4.96443052912147       -0.77554648519457       -1.24906008899576
H           -3.65494758475931       -0.44525464353970        0.85392097578612
H           -2.84237393830723       -1.61528799862232       -0.20374980581132
H            0.76529123082022       -1.52392696435743        0.13253178062783
H            2.96937777532230       -2.31340326502345       -0.61137946139423
H            4.81697467346523       -0.71636387993983       -0.93052781526783
H            4.46245613831444        1.68822722621931       -0.50839436168875
H            2.23504087311391        2.48758197934616        0.23858373987517
23
 energy: -38.682864393578 gnorm: 0.000578961702 xtb: 6.7.1 (edcfbbe)
C           -4.06645127584533       -0.16471463559452       -1.25956060570554
C           -3.15805930734244       -0.57171031790145       -0.11619094302991
O           -1.99636818360291        0.26862811902476       -0.14409527953509
C           -1.08322939095908        0.05690658827500        0.79005124551023
O           -1.14305973493247       -0.79643187156911        1.63799400624703
C            0.05840672949045        1.07698568972831        0.66419600512756
O           -0.14212065399499        2.23921799275588        0.93141223508290
C            1.35965762537376        0.54234303480050        0.22778869720555
C            1.56476096988706       -0.81611804718106       -0.01665743851831
C            2.80633320879409       -1.26130550138158       -0.43012836671330
C            3.84772466165665       -0.36320723458827       -0.60806928036902
C            3.65098852795169        0.98870639586188       -0.36847089056769
C            2.41514151519090        1.44035020652665        0.04797331375161
H           -3.55701165444179       -0.29645991353575       -2.21019112285394
H           -4.34633173452263        0.88001884290907       -1.15782851320550
H           -4.96335868181204       -0.77718015171829       -1.24769867729428
H           -3.65301944308821       -0.45058546510239        0.85329111264185
H           -2.83720826989004       -1.61558123835382       -0.20751029897264
H            0.76226678889253       -1.52207393659178        0.13076261885529
H            2.96531508756597       -2.31345855392499       -0.61333979658179
H            4.81516540221263       -0.71839418493315       -0.93101106949868
H            4.46341201754986        1.68640516769766       -0.50622889481071
H            2.23704579586642        2.48765901479644        0.24075438618840
23
 energy: -38.682865357711 gnorm: 0.000253617767 xtb: 6.7.1 (edcfbbe)
C           -4.06680061851884       -0.16465555429130       -1.25951355991049
C           -3.15831468300995       -0.57147841722731       -0.11616514689397
O           -1.99582531227931        0.26760384584938       -0.14526034132141
C           -1.08333391528933        0.05662671584358        0.78983417048353
O           -1.14399700920009       -0.79569329093379        1.63856663785161
C            0.05859414427679        1.07636317132921        0.66407601742202
O           -0.14227248271951        2.23861088400986        0.93075115748423
C            1.35986717621246        0.54197984304443        0.22773241292647
C            1.56524829395903       -0.81645730911342       -0.01654824631457
C            2.80699061093819       -1.26132012704699       -0.42979224852410
C            3.84815195101010       -0.36299960361234       -0.60762182906622
C            3.65110975568816        0.98889984245019       -0.36839202194026
C            2.41510259581664        1.44026988138276        0.04767986679486
H           -3.55711788398731       -0.29615744796540       -2.21008118665355
H           -4.34711622724682        0.87999076167626       -1.15784160578917
H           -4.96350043140345       -0.77740665289248       -1.24795053397242
H           -3.65264871237153       -0.44882929336960        0.85338619912596
H           -2.83869179549290       -1.61573848861650       -0.20658553886788
H            0.76293302155183       -1.52250672997377        0.13114573631436
H            2.96613661544714       -2.31332286926073       -0.61378508869120
H            4.81531629001562       -0.71789484647608       -0.93171501255266
H            4.46337128640705        1.68677104396106       -0.50615703537898
H            2.23679733019610        2.48734464123295        0.24147964042788
