17
 energy: -23.946075708507 gnorm: 0.050558465039 xtb: 6.7.1 (edcfbbe)
C           -2.82350248546600        0.46672509977800       -0.10747498107900
C           -1.55398483186900        0.15205055303600        0.66674399501500
C           -0.33222127973700        0.12554938580700       -0.24807367791500
C            0.93562056642900       -0.18654290963700        0.51211035277800
O            1.01127192097700       -0.39767916339500        1.71388077617500
O            1.98994494759400       -0.19679137576500       -0.35315438351300
C            3.24480686871700       -0.48342340869700        0.26550808228600
H           -3.00876415233500       -0.28649208146000       -0.87992037422000
H           -2.75519266426400        1.44622383120000       -0.59146442586900
H           -3.68532446909800        0.48055540587700        0.56704591659200
H           -1.41520233138700        0.90204165492600        1.45468536833600
H           -1.66669576130000       -0.81647573569800        1.16859250828000
H           -0.20985429947600        1.10187295840400       -0.73030069861700
H           -0.46482826786500       -0.64043051248500       -1.02035245914600
H            4.01606299713100       -0.46726804228500       -0.50951405625000
H            3.48765622077000        0.27965458095200        1.01162673163100
H            3.23020702117700       -1.47957024055700        0.71875765019200
17
 energy: -23.948146847610 gnorm: 0.009561762099 xtb: 6.7.1 (edcfbbe)
C           -2.82860094560451        0.46730794933784       -0.10649413573068
C           -1.55874946910585        0.15214509924491        0.67036438589461
C           -0.33569958366431        0.12497856040017       -0.24158788338343
C            0.93643857525278       -0.18608285375590        0.50862729105151
O            1.02037328778115       -0.39492670507743        1.68934688766402
O            1.99149194935741       -0.20007756403449       -0.33477339293826
C            3.24912382096257       -0.48430246994041        0.26699381245916
H           -3.00838541589957       -0.28209225877296       -0.87660425384759
H           -2.75621082354703        1.44107810088898       -0.58973740258286
H           -3.68865594755227        0.48204569097719        0.56102243659344
H           -1.40705224215301        0.89999047214407        1.45246550814108
H           -1.65820309041777       -0.81618584546511        1.16676248633947
H           -0.20655817122757        1.09127362294075       -0.73465793176345
H           -0.45850731471459       -0.63036075028375       -1.02126892497657
H            3.99632268303056       -0.46142235510693       -0.52727547562119
H            3.48371200712762        0.26802693128590        1.02254277393778
H            3.22916068037241       -1.47139562478184        0.73297014343896
17
 energy: -23.948294448325 gnorm: 0.004407233286 xtb: 6.7.1 (edcfbbe)
C           -2.82804379354131        0.46699456629347       -0.10510157494445
C           -1.55707778154154        0.15177254759136        0.67113248571981
C           -0.33709140780982        0.12571527829109       -0.24479004403498
C            0.93376906539774       -0.18564847111768        0.50836531807108
O            1.02198335422662       -0.39466194727206        1.68634154504801
O            1.98800608333829       -0.20097860619189       -0.32629571271508
C            3.24696215613219       -0.48432470007413        0.26902759033145
H           -3.00490465500666       -0.28232932254709       -0.87378056267687
H           -2.75293715454060        1.43942578392824       -0.58714924840561
H           -3.68631941715822        0.48158467967466        0.56173750431882
H           -1.40190065743565        0.89947360408772        1.45066956953341
H           -1.65303426668336       -0.81658463700244        1.16498630056678
H           -0.20575890592492        1.08942407653158       -0.74174884502162
H           -0.45689531318572       -0.62665708394728       -1.02743541130299
H            3.98017049485926       -0.45786455432406       -0.53444824416892
H            3.48333517410905        0.26378349969886        1.02783694886366
H            3.22973702476266       -1.46912471361934        0.73934870549351
17
 energy: -23.948304938808 gnorm: 0.001407407575 xtb: 6.7.1 (edcfbbe)
C           -2.82879840036967        0.46702592454675       -0.10462661491060
C           -1.55652724353290        0.15185390811869        0.67015978597385
C           -0.33701413537199        0.12592179806308       -0.24609860147654
C            0.93306256865188       -0.18555784507098        0.50844186507079
O            1.02127873896150       -0.39477283879404        1.68762728159378
O            1.98721139968441       -0.20125420079862       -0.32394130329631
C            3.24681469720665       -0.48438852218110        0.26954064147248
H           -3.00520316416073       -0.28255398569311       -0.87301766526973
H           -2.75319624536835        1.43947059209121       -0.58634143899588
H           -3.68638966088295        0.48140272413941        0.56289204949255
H           -1.40012457284858        0.89945643298338        1.44921993209025
H           -1.65125859520534       -0.81660449808027        1.16353624139925
H           -0.20513695254947        1.08961651499941       -0.74321613281748
H           -0.45628429037261       -0.62653939284044       -1.02891511936130
H            3.97618613253634       -0.45702158022330       -0.53600941567421
H            3.48444209503561        0.26310622175118        1.02891322314570
H            3.23093762858421       -1.46916125301023        0.74053159623943
17
 energy: -23.948306124392 gnorm: 0.000616947077 xtb: 6.7.1 (edcfbbe)
C           -2.82927386951433        0.46706577521540       -0.10444809821578
C           -1.55621354949797        0.15193467247102        0.66939884207358
C           -0.33684608286501        0.12604881981438       -0.24700931918164
C            0.93270534809764       -0.18547369554981        0.50825097386751
O            1.01943508458493       -0.39462411226217        1.68835464785484
O            1.98704700609971       -0.20145145312481       -0.32261140291175
C            3.24721504743050       -0.48449837735452        0.26984853414643
H           -3.00634417578357       -0.28260667167435       -0.87272358231639
H           -2.75428967970493        1.43974335167312       -0.58599310500498
H           -3.68605934579876        0.48113518426837        0.56420837844679
H           -1.39946906176630        0.89951586024874        1.44843761373384
H           -1.65061008471894       -0.81659296276073        1.16274596971002
H           -0.20451697531096        1.08998142613580       -0.74378715352451
H           -0.45576485387374       -0.62686189959565       -1.02960054706340
H            3.97509954434728       -0.45679037772718       -0.53644337605442
H            3.48571247092311        0.26298948569146        1.02924452388415
H            3.23217317734934       -1.46951502546807        0.74082342523171
17
 energy: -23.948306344179 gnorm: 0.000133526273 xtb: 6.7.1 (edcfbbe)
C           -2.82930358903427        0.46705897947722       -0.10438112514456
C           -1.55622798044854        0.15195073169618        0.66931514949300
C           -0.33678963155253        0.12604187571108       -0.24701721970702
C            0.93289475759786       -0.18548985963011        0.50818115415370
O            1.01918769503225       -0.39454846447907        1.68811768810920
O            1.98723824838473       -0.20145943951558       -0.32273151553408
C            3.24737012029705       -0.48453353493537        0.26992346907583
H           -3.00661511314454       -0.28252005373167       -0.87268687554711
H           -2.75457545033156        1.43972880676350       -0.58597321472795
H           -3.68602303291030        0.48109708539251        0.56440517969254
H           -1.39958043686059        0.89952147842975        1.44842057962611
H           -1.65071768764732       -0.81656155233558        1.16273322372694
H           -0.20462659347781        1.08994375577026       -0.74381300940934
H           -0.45585831357558       -0.62678898842516       -1.02960796144661
H            3.97570667058028       -0.45692011024777       -0.53619777589442
H            3.48573408512070        0.26302103575745        1.02921968746723
H            3.23218625196816       -1.46954174569664        0.74078889074254
