24
 energy: -27.217523692497 gnorm: 0.024711476538 xtb: 6.7.1 (edcfbbe)
C           -3.94773476538100       -0.08954857422700       -0.11367170159400
C           -2.62683840343300        0.65690768231100       -0.01601891960600
C           -1.43606761683900       -0.29424408860500       -0.13295155895800
C           -0.10891965908600        0.46077065684200       -0.03449661672100
C            1.08398043521400       -0.49417265694500       -0.15332513691300
C            2.42354378963100        0.24562984072800       -0.09326522469500
C            3.59129068574300       -0.71224341664200       -0.28787393647900
O            2.55304761163600        0.87619651783600        1.17782338056100
H           -4.78543534949600        0.60956552016700       -0.02759998087500
H           -4.03527964770500       -0.60810860001700       -1.07375868698700
H           -4.03984421184300       -0.83035994337600        0.68698443718400
H           -2.58514732951500        1.19015018264200        0.94085919865700
H           -2.58051028462200        1.41113748256500       -0.81017962024000
H           -1.48919843342400       -1.04889308812600        0.66123816599100
H           -1.48519054510900       -0.82813399750600       -1.08982123161100
H           -0.06546108341200        0.99628392383200        0.92131110866400
H           -0.05560266907700        1.21361188306200       -0.83030402930100
H            1.01298644036000       -1.04942039837900       -1.09644525134300
H            1.03023338138600       -1.22358971141900        0.66488296172500
H            2.45465556448600        1.02499797831000       -0.86301830452900
H            3.61405682884300       -1.46878314835400        0.50423943880800
H            4.54280154438400       -0.17231068423300       -0.23385811383600
H            3.53397982220800       -1.21819440931000       -1.25636792257100
H            3.40065389505100        1.35275104884200        1.18408379376600
24
 energy: -27.218613671626 gnorm: 0.009929978532 xtb: 6.7.1 (edcfbbe)
C           -3.95693604738740       -0.08810295761962       -0.11313161899678
C           -2.63166909498306        0.65444030619204       -0.01655919360878
C           -1.43488617294368       -0.28505959790138       -0.13199550713633
C           -0.10468906537730        0.45863752864580       -0.03718466285798
C            1.08941649109285       -0.48847243461589       -0.14533563230465
C            2.43042342690898        0.24110028660667       -0.08832585814528
C            3.60017664163825       -0.71723724888257       -0.29440107989856
O            2.52768741862394        0.88017023679483        1.17888863225799
H           -4.79478383288479        0.60325293078128       -0.02802224976471
H           -4.03827859866076       -0.60683450692811       -1.06771577461905
H           -4.04197528026286       -0.82688716188134        0.68287844433156
H           -2.58088604125364        1.18426813488994        0.93839057590209
H           -2.57774398548454        1.40452438628257       -0.81037860238154
H           -1.48797041882608       -1.03410953872391        0.66281958235917
H           -1.48618697156245       -0.81686471731626       -1.08663084502031
H           -0.04855955276183        0.98876191375064        0.91587722426380
H           -0.05040365118267        1.20512661287066       -0.83490623899119
H            1.03241100825403       -1.03949208056110       -1.08754875143356
H            1.05073051331743       -1.21050147097454        0.67409061439039
H            2.44889353601781        1.01086150907283       -0.87480591401257
H            3.60353536765649       -1.46994074895018        0.49400476254830
H            4.54852644359431       -0.17805632436291       -0.25200753727512
H            3.53168039851679       -1.21869987182234       -1.25783651177751
H            3.37148746795018        1.34911481465091        1.20830239126763
24
 energy: -27.218760624614 gnorm: 0.003849898240 xtb: 6.7.1 (edcfbbe)
C           -3.95293856384958       -0.08828084660273       -0.11268386773732
C           -2.62761671545731        0.65687857567130       -0.01623148539532
C           -1.43218082461534       -0.28541882074107       -0.13074717170017
C           -0.10233644311510        0.45783099511207       -0.03883475374428
C            1.08773993858943       -0.49216930982409       -0.14541968433035
C            2.42589746795992        0.24396419530491       -0.08813882656966
C            3.59734889853360       -0.71616335968044       -0.29417245839444
O            2.51321753403284        0.88193623439239        1.17670904868680
H           -4.78913422953105        0.60182122729792       -0.02812500076750
H           -4.03228400077597       -0.60648077664961       -1.06585150764816
H           -4.03589197231695       -0.82531607359740        0.68286146452530
H           -2.57679788039127        1.18579182721935        0.93804186053630
H           -2.57387208954780        1.40483674952388       -0.81085741029596
H           -1.48504958269702       -1.03131676702117        0.66560851942810
H           -1.48405135257482       -0.81722415172689       -1.08441993484428
H           -0.04015027095200        0.98893836933547        0.91172492735236
H           -0.04616600698972        1.19925500686907       -0.83982232354884
H            1.03624822394449       -1.04492340514189       -1.08570438411430
H            1.05486866824427       -1.20763267521069        0.67776506515542
H            2.44413704975686        1.01057804755367       -0.88176448763757
H            3.59650956307989       -1.46973406392822        0.49018210859803
H            4.54417650484894       -0.17816768563333       -0.25791513555513
H            3.52055230041534       -1.21153296587913       -1.25758469778149
H            3.35777378340834        1.34252967335465        1.22384638487946
24
 energy: -27.218795445140 gnorm: 0.001595126641 xtb: 6.7.1 (edcfbbe)
C           -3.95110689503282       -0.08786145103673       -0.11178517261044
C           -2.62581330278721        0.65860882806355       -0.01597456701457
C           -1.43178882880066       -0.28607291400959       -0.12965939341831
C           -0.10154106414392        0.45632593676532       -0.04208853123894
C            1.08733956946163       -0.49476180204514       -0.14669101871882
C            2.42390473387961        0.24607233253595       -0.08768087185365
C            3.59679325379462       -0.71405989928735       -0.29443500538407
O            2.50526249513156        0.88308888395648        1.17486930813934
H           -4.78715510498276        0.60212765788542       -0.02778566680075
H           -4.02850778910100       -0.60652105120518       -1.06477223530358
H           -4.03200959157994       -0.82404306161539        0.68464455082560
H           -2.57496947369613        1.18809790679047        0.93768594779468
H           -2.57205821000525        1.40499173367979       -0.81175614427446
H           -1.48422613946648       -1.02937320924954        0.66886194622789
H           -1.48487838423691       -0.81982027540542       -1.08196578160844
H           -0.03675883776086        0.99051309039479        0.90623756258013
H           -0.04490090739926        1.19425253790426       -0.84603879553289
H            1.03695923789458       -1.05022466562337       -1.08500370176696
H            1.05539711205396       -1.20647692737747        0.67924580600669
H            2.44296599813701        1.01151954999482       -0.88353623584122
H            3.59546813987490       -1.46853927299723        0.48820600207696
H            4.54312463936145       -0.17656260789792       -0.25951315916765
H            3.51528157294386       -1.20625797255645       -1.25908887244767
H            3.35321777646003        1.33497665233393        1.23649027842816
24
 energy: -27.218812025778 gnorm: 0.001820255543 xtb: 6.7.1 (edcfbbe)
C           -3.95045824789746       -0.08686227040726       -0.10999459404185
C           -2.62487337462305        0.65976091123131       -0.01619394026748
C           -1.43236679639459       -0.28704412846789       -0.12844046382635
C           -0.10167674153938        0.45504704377589       -0.04789150758622
C            1.08751260756805       -0.49635578973227       -0.14835819080347
C            2.42288450788737        0.24794481277744       -0.08708076321813
C            3.59766188366693       -0.71060412895441       -0.29496124523872
O            2.49867968717174        0.88296649984827        1.17378179667738
H           -4.78686443530759        0.60318791575722       -0.02673474750683
H           -4.02747585130318       -0.60709277369948       -1.06247153194802
H           -4.03019319028928       -0.82192652785138        0.68797718050000
H           -2.57331787190217        1.19135022328038        0.93633645305649
H           -2.57089076029317        1.40430777230021       -0.81372190478143
H           -1.48366529495288       -1.02640443902504        0.67401343701958
H           -1.48856495413012       -0.82558024825907       -1.07801641791818
H           -0.03534196626227        0.99544450248456        0.89704142529071
H           -0.04596018903957        1.18817701360936       -0.85652527539038
H            1.03837619310403       -1.05516438900168       -1.08464326095361
H            1.05463082595643       -1.20543082460225        0.68006897785090
H            2.44220715190710        1.01323582182042       -0.88317129704233
H            3.59827669524045       -1.46698146366761        0.48609804624337
H            4.54344777403591       -0.17230813399241       -0.25953964639622
H            3.51472537273912       -1.20043709962263       -1.26111994431911
H            3.35324697465759        1.32076970039633        1.25201366369692
24
 energy: -27.218823318587 gnorm: 0.001518834656 xtb: 6.7.1 (edcfbbe)
C           -3.95138907983951       -0.08600468156997       -0.10839325458548
C           -2.62531607874436        0.65941585486019       -0.01679443366166
C           -1.43310031797714       -0.28772446562485       -0.12772729926591
C           -0.10229118889290        0.45475529449276       -0.05260412000016
C            1.08781662095417       -0.49619845163920       -0.14953594038000
C            2.42295034574204        0.24825147132035       -0.08636723144155
C            3.59887334778763       -0.70800821652971       -0.29519167928462
O            2.49777599326162        0.88156727435314        1.17526911247479
H           -4.78757250057990        0.60464687409154       -0.02544593592766
H           -4.03012164823547       -0.60771569816477       -1.06007559077737
H           -4.03156762771834       -0.82001989873722        0.69069004146089
H           -2.57291230783646        1.19313711740373        0.93468480578322
H           -2.57126457315281        1.40273738292747       -0.81564685678329
H           -1.48286049487845       -1.02408563607240        0.67780765543416
H           -1.49158928403450       -0.83045914057897       -1.07493286599083
H           -0.03571904220897        1.00012087696199        0.88970696896073
H           -0.04795611180274        1.18423176625093       -0.86482248453089
H            1.04019655377018       -1.05624389385572       -1.08532601429674
H            1.05305618935494       -1.20485172364475        0.67951194203405
H            2.44182863897753        1.01462291497890       -0.88111297414552
H            3.60140567312180       -1.46581600319859        0.48502721627753
H            4.54394718133330       -0.16779953854987       -0.25813293308182
H            3.51875259693643       -1.19732216528055       -1.26195038772794
H            3.35705711466192        1.30876268580358        1.25982850855310
24
 energy: -27.218835412306 gnorm: 0.000949029815 xtb: 6.7.1 (edcfbbe)
C           -3.95289034539820       -0.08478361645955       -0.10510110587603
C           -2.62576176842816        0.65867182896602       -0.01802886237451
C           -1.43390940489792       -0.28919358229692       -0.12643002447505
C           -0.10308874914678        0.45447574037237       -0.06148944470478
C            1.08789074853216       -0.49608528707192       -0.15209473226990
C            2.42234904867338        0.24888438969044       -0.08523800225802
C            3.60035330439963       -0.70346712691580       -0.29509820075803
O            2.49581229454716        0.87840655089303        1.17932500821820
H           -4.78770849093162        0.60762336226513       -0.02249398592054
H           -4.03503134996114       -0.60904003829324       -1.05509974999979
H           -4.03355289984348       -0.81648379721160        0.69606059561603
H           -2.57168901340619        1.19623955486870        0.93130829285192
H           -2.57178513853357        1.39908561141753       -0.81971569747876
H           -1.48049615817006       -1.01951329228944        0.68487348214037
H           -1.49593021509922       -0.83926989229231       -1.06923776931909
H           -0.03490523515861        1.00864133649539        0.87567297058594
H           -0.05117702446398        1.17645156757022       -0.88060607092598
H            1.04435423200192       -1.05755337405587       -1.08734532782858
H            1.05007288351940       -1.20368210479638        0.67784647389246
H            2.44064794326064        1.01855783791795       -0.87688618481782
H            3.60443509116914       -1.46366520953955        0.48310240024766
H            4.54384815119839       -0.16003380771353       -0.25485049050699
H            3.52494863958172       -1.19093874721363       -1.26312502910756
H            3.36321345655539        1.28667209569096        1.27311770416591
24
 energy: -27.218838773619 gnorm: 0.000369233714 xtb: 6.7.1 (edcfbbe)
C           -3.95338053003701       -0.08441780077903       -0.10296829852069
C           -2.62570259420905        0.65859291952385       -0.01914591297923
C           -1.43407934089504       -0.28984586072775       -0.12577480390208
C           -0.10326287215012        0.45429436013745       -0.06613456846370
C            1.08797631209850       -0.49608566599229       -0.15393866133811
C            2.42199165496453        0.24930119528560       -0.08414869365945
C            3.60078275889967       -0.70157678093222       -0.29507362385733
O            2.49455777538367        0.87625287797787        1.18246915771755
H           -4.78754792387784        0.60875686599792       -0.02072443030057
H           -4.03703502911878       -0.61058021622939       -1.05172224161056
H           -4.03338245819104       -0.81431262834234        0.69983672091239
H           -2.57058703197039        1.19871803114280        0.92861876671474
H           -2.57212803264019        1.39663747761729       -0.82299194325287
H           -1.47909089664464       -1.01672720946985        0.68857046827661
H           -1.49752213604030       -0.84364380616740       -1.06619723695082
H           -0.03392560764096        1.01261850815615        0.86832681702901
H           -0.05271495655152        1.17236323282448       -0.88861515512185
H            1.04662439432127       -1.05798984410941       -1.08899256379219
H            1.04873433023999       -1.20313179315690        0.67626835965929
H            2.44039476346151        1.02145811339030       -0.87340932460875
H            3.60429990871585       -1.46332112804262        0.48148407080800
H            4.54375356143398       -0.15752893371629       -0.25278832521502
H            3.52676383139839       -1.18702667690910       -1.26420025358634
H            3.36448011904954        1.27719476251890        1.27971792513907
24
 energy: -27.218840597778 gnorm: 0.000316350074 xtb: 6.7.1 (edcfbbe)
C           -3.95328486435521       -0.08462339434734       -0.10121125693554
C           -2.62548440730958        0.65872141881485       -0.02030193836754
C           -1.43394045638803       -0.29001288763332       -0.12554729925999
C           -0.10325026134623        0.45461036421723       -0.06889547440238
C            1.08801248351435       -0.49576879611148       -0.15528106815424
C            2.42181447286879        0.24973524642274       -0.08350177047751
C            3.60067215864017       -0.70097885593235       -0.29502444590769
O            2.49327471076370        0.87417500840053        1.18479049577532
H           -4.78725597870767        0.60874185512105       -0.01939700854252
H           -4.03786338514121       -0.61256814693091       -1.04882894114516
H           -4.03225827957916       -0.81288467500269        0.70310689896771
H           -2.56961482385336        1.20109540530145        0.92606918181477
H           -2.57259856949861        1.39464907006912       -0.82605973736272
H           -1.47821003473771       -1.01461387381634        0.69076363167911
H           -1.49808588656964       -0.84619249488811       -1.06444677188085
H           -0.03301921501530        1.01505444619025        0.86412898540420
H           -0.05351814108268        1.17051104638834       -0.89322024615199
H            1.04819803448707       -1.05751733031750       -1.09042531017695
H            1.04783389104947       -1.20281462145313        0.67483038067210
H            2.44092696073533        1.02378338800564       -0.87090888425165
H            3.60303397427132       -1.46417605234287        0.47999182764350
H            4.54370338728789       -0.15737461690820       -0.25107328144081
H            3.52702029843102       -1.18438998537434       -1.26514619002727
H            3.36389393153531        1.27283848212537        1.28405447162521
24
 energy: -27.218842490175 gnorm: 0.000550668222 xtb: 6.7.1 (edcfbbe)
C           -3.95299400891843       -0.08525366550768       -0.09933440662569
C           -2.62541527192345        0.65901070085677       -0.02178002303439
C           -1.43367351074414       -0.28966334680610       -0.12560632288988
C           -0.10311739896165        0.45527847657523       -0.07089559268520
C            1.08801834544885       -0.49520736178046       -0.15684790180079
C            2.42189911163636        0.24983797246213       -0.08246906057062
C            3.60039417822713       -0.70121121911861       -0.29495075841648
O            2.49256860872097        0.87176426869589        1.18731930480408
H           -4.78714421955275        0.60790083574331       -0.01802694935185
H           -4.03835284195681       -0.61536332081857       -1.04564250299045
H           -4.03040721245734       -0.81168402674346        0.70675538777569
H           -2.56881274829449        1.20387266189276        0.92306730449296
H           -2.57368137598160        1.39268988303475       -0.82960554964709
H           -1.47742250736311       -1.01257383607379        0.69214589257498
H           -1.49792919072648       -0.84763812727997       -1.06336328463943
H           -0.03226079614936        1.01677762398197        0.86136725559865
H           -0.05401677292582        1.17002138251882       -0.89617115604901
H            1.04919018983572       -1.05634932513636       -1.09236479270878
H            1.04689963949967       -1.20266281447070        0.67280588203924
H            2.44212660583592        1.02559453300796       -0.86810248296937
H            3.60105475547252       -1.46601886688350        0.47835754799215
H            4.54382966280158       -0.15864741938428       -0.24895848295369
H            3.52690785015106       -1.18230271615697       -1.26623512050329
H            3.36233890832567        1.27182770738884        1.28700206165538
24
 energy: -27.218844962865 gnorm: 0.000488739726 xtb: 6.7.1 (edcfbbe)
C           -3.95251783779495       -0.08634366402306       -0.09654939728101
C           -2.62545622436727        0.65945265219035       -0.02401165576225
C           -1.43328456623910       -0.28885625197266       -0.12601983811435
C           -0.10290521266845        0.45653799345573       -0.07330970305873
C            1.08801066004686       -0.49423427217333       -0.15880310376489
C            2.42222363544748        0.24983589834322       -0.08117904931136
C            3.60005052192545       -0.70195693842993       -0.29474998629910
O            2.49161625540552        0.86799955153151        1.19051523365930
H           -4.78720198995949        0.60623263644729       -0.01603473416211
H           -4.03904885232141       -0.61979236277965       -1.04086622101279
H           -4.02758926876310       -0.81007263626818        0.71218005140616
H           -2.56778205128652        1.20798343670751        0.91863793395544
H           -2.57558593607875        1.38998556263459       -0.83478013129725
H           -1.47653257445473       -1.00976074535018        0.69350622742703
H           -1.49758952329710       -0.84911667492851       -1.06240434332333
H           -0.03134982213638        1.01902314227354        0.85829886662977
H           -0.05448303315044        1.17028536949980       -0.89948132987482
H            1.05038996799217       -1.05402536383842       -1.09513146759528
H            1.04528330196309       -1.20282540294476        0.66980821657579
H            2.44412220693057        1.02780758009385       -0.86455462563552
H            3.59839889107095       -1.46927369502845        0.47602270723983
H            4.54409568932044       -0.16084174014841       -0.24548375055868
H            3.52728895322127       -1.17966347461104       -1.26774704830478
H            3.35984680919391        1.27161939931720        1.29060339756005
24
 energy: -27.218847236716 gnorm: 0.000271755188 xtb: 6.7.1 (edcfbbe)
C           -3.95203162757652       -0.08751704046271       -0.09307630106480
C           -2.62566111701711        0.66004132405328       -0.02679544327915
C           -1.43296971551353       -0.28780487449328       -0.12666544384382
C           -0.10269533596817        0.45792349165847       -0.07607700122314
C            1.08792906104856       -0.49328900029103       -0.16123764330354
C            2.42261249005462        0.24949339588069       -0.07937035827735
C            3.59993633823451       -0.70265403516243       -0.29449342235116
O            2.49074242743710        0.86344511915871        1.19423462811595
H           -4.78738904518732        0.60440023093164       -0.01374561397404
H           -4.04009392307262       -0.62532289604090       -1.03481119241807
H           -4.02444886890651       -0.80774480769887        0.71906141825371
H           -2.56666486845004        1.21305089655333        0.91318393570234
H           -2.57814867226761        1.38686403032347       -0.84106929070213
H           -1.47568598095041       -1.00658028914132        0.69480219491015
H           -1.49730478349001       -0.85063893312497       -1.06153297069998
H           -0.03055981958856        1.02157696635602        0.85484871814528
H           -0.05482687765432        1.17064770003235       -0.90321689456062
H            1.05164917842269       -1.05149283381954       -1.09860110433946
H            1.04319468756412       -1.20327647542762        0.66610341397473
H            2.44625996718258        1.02970920995540       -0.86043615974261
H            3.59586790171874       -1.47312906693168        0.47314121833082
H            4.54450158814040       -0.16278706580001       -0.24091013720677
H            3.52873541380460       -1.17629178795769       -1.26961682811902
H            3.35705158203482        1.27137674144672        1.29474652676983
24
 energy: -27.218848550996 gnorm: 0.000129197255 xtb: 6.7.1 (edcfbbe)
C           -3.95183658925808       -0.08809146714773       -0.09019994434514
C           -2.62584121168010        0.66045351967410       -0.02901190834494
C           -1.43284745535111       -0.28712618196184       -0.12734628164154
C           -0.10253660933074        0.45862375408082       -0.07841369557668
C            1.08796822547328       -0.49285218384022       -0.16289625783753
C            2.42287356154188        0.24925133228453       -0.07811624074595
C            3.60008685345423       -0.70282532122678       -0.29427681388633
O            2.48979740252038        0.86003046969879        1.19683827603871
H           -4.78761628338806        0.60350724795294       -0.01213233371645
H           -4.04115726788252       -0.62968838924725       -1.02966510208860
H           -4.02240616767565       -0.80522799821447        0.72485537666704
H           -2.56558640617119        1.21704376970517        0.90880107078953
H           -2.58010587927539        1.38430757956545       -0.84604294568120
H           -1.47523551187489       -1.00428172836251        0.69558617841358
H           -1.49732898065531       -0.85191787221374       -1.06104078082871
H           -0.03000983558218        1.02320509727452        0.85194754069130
H           -0.05506876494567        1.17057155253472       -0.90628429273079
H            1.05273156249791       -1.04980643260140       -1.10102654135317
H            1.04160685149914       -1.20398148494840        0.66342099416084
H            2.44756264201947        1.03113589345193       -0.85749357153466
H            3.59451254331146       -1.47588867090816        0.47079079309870
H            4.54476913929540       -0.16346562808534       -0.23705108813178
H            3.53066424166780       -1.17319971407797       -1.27111510633434
H            3.35500393978998        1.27022285661085        1.29833892401526
24
 energy: -27.218849394855 gnorm: 0.000202053190 xtb: 6.7.1 (edcfbbe)
C           -3.95174001778510       -0.08815371032460       -0.08813927631094
C           -2.62581245962113        0.66070731403846       -0.03054505685311
C           -1.43288590876569       -0.28704040452978       -0.12792720040783
C           -0.10255279896688        0.45876302745124       -0.07996180367589
C            1.08793345421213       -0.49282921152775       -0.16409475035008
C            2.42284490246820        0.24906029061278       -0.07736618735150
C            3.60038339779548       -0.70245622327088       -0.29412097840296
O            2.48879823404460        0.85808955187269        1.19835139502648
H           -4.78755053052656        0.60355982650010       -0.01126171147863
H           -4.04204745654262       -0.63257677775385       -1.02587879838905
H           -4.02147435678082       -0.80286334515727        0.72912419537536
H           -2.56448468047576        1.21966596820667        0.90580125842284
H           -2.58116385053406        1.38255977329809       -0.84941736808161
H           -1.47518702242490       -1.00317273493426        0.69593556398607
H           -1.49761100190145       -0.85303570985766       -1.06090315104337
H           -0.02981149179403        1.02412004203287        0.84997500340134
H           -0.05519901409989        1.17006299882870       -0.90843171082182
H            1.05358636067458       -1.04925604825622       -1.10260539901047
H            1.04071222679605       -1.20446233326893        0.66175695615598
H            2.44798909688111        1.03188254936316       -0.85576920787744
H            3.59394965996936       -1.47727558883784        0.46918846650744
H            4.54495244616705       -0.16308868123736       -0.23431707532517
H            3.53249740883003       -1.17065697444553       -1.27210607476860
H            3.35387340238034        1.26839640119515        1.30117916037012
