33
 energy: -39.977807300982 gnorm: 0.036077810411 xtb: 6.7.1 (edcfbbe)
O            0.74031669723000        0.67742947302500       -2.41320779461000
C            1.35451569038400        0.47915719804400       -1.13793777561200
C            2.79161610816900        0.01980920168000       -1.39516292160700
C            3.52140058904700       -0.33607142400200       -0.10659822287800
C            2.75291387659600       -1.37950529673700        0.69662865104200
C            1.32607215780800       -0.91971663368200        0.98689676450700
C            0.56759226975000       -0.56138433416700       -0.30371394117400
C           -0.86789140296600       -0.12013733071000       -0.00459288946100
C           -1.91517643504200       -0.75623548355300       -0.56631767634100
C           -3.35327361962000       -0.41275538900800       -0.30468690910700
C           -3.54416489757700        0.52247211469500        0.88780988199500
C           -2.49557637790300        1.62723377222400        0.88728324436700
C           -1.08079470727400        1.04355801720400        0.94157268642200
H           -0.20013256955300        0.87076568962500       -2.25124630184600
H            1.38044179046200        1.44946746394700       -0.62932266681200
H            3.33902125045800        0.80518456103300       -1.93068525808000
H            2.78618791175700       -0.84663973537300       -2.06974967101200
H            3.65646115867500        0.56795335308000        0.49972218537000
H            4.52193763457400       -0.71579290545800       -0.34209745721200
H            3.27510224044900       -1.57557200253500        1.63991515889800
H            2.72778485558700       -2.32562082581900        0.14219118608700
H            1.37142514611000       -0.05281695350900        1.65800503207600
H            0.79451864874800       -1.71253568694400        1.52744897124900
H            0.51186718597100       -1.47731616058500       -0.91126989091000
H           -1.74614674747300       -1.58064742864800       -1.25692663690700
H           -3.76480231746000        0.05210742582900       -1.20859715210400
H           -3.92151776183900       -1.33360206702100       -0.13088909728100
H           -3.46869964531700       -0.05043602388900        1.82090553893400
H           -4.55047083525600        0.95535963190400        0.86113962808300
H           -2.65137478518600        2.29396837018800        1.74294459456100
H           -2.60763422319700        2.23798388599200       -0.01771205400300
H           -0.37415393604600        1.85094028527000        0.72393586167700
H           -0.87736495006500        0.70339523789800        1.96431493169000
33
 energy: -39.980163873792 gnorm: 0.011787633473 xtb: 6.7.1 (edcfbbe)
O            0.72825825665910        0.67730640462397       -2.39340041862501
C            1.34441249130590        0.47795176274047       -1.12644951492086
C            2.77576841453940        0.01317755300729       -1.39180301229284
C            3.51092319360368       -0.33211479657744       -0.10310608117305
C            2.74348183554718       -1.38025834917428        0.69330263494745
C            1.32407860700486       -0.90358016090393        0.98957344849916
C            0.56244185509463       -0.56236590392355       -0.29792516665692
C           -0.86241159667752       -0.11453805518299       -0.00905689557793
C           -1.89865786612485       -0.74299857925852       -0.55985380378483
C           -3.33874034945643       -0.40885426014395       -0.31061725238814
C           -3.52813794791224        0.51627444736226        0.88807244880794
C           -2.48126036546655        1.62080288303524        0.87186849185720
C           -1.06846081860249        1.03743309136888        0.94160173761402
H           -0.20920232092970        0.85640302869352       -2.23779670422081
H            1.37460293448332        1.43949687777046       -0.59272469969939
H            3.30684554578124        0.80508450112963       -1.92772597305674
H            2.74355497996380       -0.85645789146613       -2.05537737883504
H            3.63601305377590        0.56997395805408        0.50378163717332
H            4.50900551089670       -0.70811565055143       -0.34341505343481
H            3.26338942096238       -1.57984230404549        1.63454625308894
H            2.71082246437759       -2.31713555848239        0.12909086884183
H            1.37055087300987       -0.02713459262357        1.64238885944913
H            0.77960814475722       -1.68852573211621        1.52258607754164
H            0.50696159466822       -1.46983247017879       -0.91267148497133
H           -1.73022136234243       -1.56403507191947       -1.24648138622159
H           -3.75136573985619        0.05861840961943       -1.21226116467945
H           -3.90122550898684       -1.33384280094260       -0.15004790044678
H           -3.43663694402876       -0.05660168182434        1.81567174708638
H           -4.53287309576915        0.94766811873056        0.86488748346449
H           -2.63613925048627        2.29000978899852        1.72277322331154
H           -2.59518881657362        2.21611972210880       -0.03934736844322
H           -0.34649822301833        1.83037731047701        0.72826381748271
H           -0.87369897019859        0.68953600159297        1.96165253026391
33
 energy: -39.980894890441 gnorm: 0.006328171172 xtb: 6.7.1 (edcfbbe)
O            0.71332462370508        0.69149762724526       -2.37419019803185
C            1.33236099847784        0.48100995641972       -1.11821637944361
C            2.75959530522847        0.01102929997162       -1.39185768722774
C            3.49857960863505       -0.32844320250533       -0.10328402135655
C            2.73339430613705       -1.37959182776978        0.69277174261589
C            1.31974333887167       -0.89406043084724        0.99619217113915
C            0.56018290381190       -0.56402514484877       -0.29194537704237
C           -0.85725283800732       -0.11958446862667       -0.00584545816811
C           -1.88775498062659       -0.74129940995900       -0.55930605683642
C           -3.32774236552131       -0.40702893761272       -0.31985392751447
C           -3.50922441049996        0.51087875172549        0.88546400482254
C           -2.46498655124573        1.61890863724601        0.85840938909650
C           -1.05778587589139        1.02904512796088        0.94512810558456
H           -0.22529767204544        0.84830563509250       -2.22188009473880
H            1.37008342372559        1.43378658510240       -0.56222481381993
H            3.28218705134087        0.79935561121175       -1.93586884829465
H            2.70759229874281       -0.86484766151844       -2.04104089466806
H            3.61284266171317        0.57388790282273        0.50188033888219
H            4.49705258988430       -0.69782639405743       -0.34478431954084
H            3.25430715741048       -1.58767130899906        1.62997803013926
H            2.68829247647168       -2.30810886783866        0.11984118095760
H            1.37618564901671       -0.00593719725225        1.62804300719025
H            0.76947257960767       -1.66623954708605        1.53863210948567
H            0.50850968065563       -1.46903435906166       -0.90760116572443
H           -1.71873129223333       -1.55752773473817       -1.24874423685542
H           -3.73577367538706        0.07037855467746       -1.21807746057792
H           -3.88928721716607       -1.33401285785312       -0.17368689010606
H           -3.40016591789190       -0.06499329380070        1.80668468506536
H           -4.51316328471223        0.94059897551841        0.87456629514993
H           -2.62189235785071        2.30051327862313        1.69760780186572
H           -2.57228288083041        2.19309337395283       -0.06481209038991
H           -0.32275835064629        1.81233312894221        0.74266117432289
H           -0.87960698287919        0.67561019786071        1.96535988402053
33
 energy: -39.981182439440 gnorm: 0.004778816791 xtb: 6.7.1 (edcfbbe)
O            0.70007226031957        0.70830709225498       -2.35704059456743
C            1.32548619045089        0.48389685951320       -1.11116077312004
C            2.74916585151513        0.00770827521936       -1.39382344784449
C            3.49161550761838       -0.32576186619240       -0.10515457690949
C            2.73011308505073       -1.37962890428996        0.69202634043335
C            1.32136604750463       -0.88558476351870        1.00236340612915
C            0.55949501499270       -0.56626783539366       -0.28631306671021
C           -0.85560049875026       -0.12464904739664       -0.00331104083411
C           -1.88525267116591       -0.74111376671640       -0.56594204395189
C           -3.32420055105444       -0.40271834094465       -0.32895377656252
C           -3.49940552518078        0.50834664264261        0.88248695481312
C           -2.45552434156943        1.61774482605384        0.84676317463031
C           -1.05374474875809        1.02064073800086        0.95161499943424
H           -0.24207804274153        0.84237791146649       -2.20256593612947
H            1.37156900106058        1.43068934120236       -0.54294203658836
H            3.26990947765676        0.78919200462130       -1.94740915081937
H            2.68658862816758       -0.87367555894944       -2.03326717054572
H            3.59849845954124        0.57796379711573        0.49865220197704
H            4.49158912051975       -0.68972829891613       -0.34588830717142
H            3.25575049364405       -1.59506958876702        1.62440717139282
H            2.67498644063516       -2.30369327744659        0.11356269266001
H            1.38675933153108        0.01096123534851        1.62073205988515
H            0.76970390275436       -1.64684079259744        1.55791336194282
H            0.51366375466322       -1.47290011165683       -0.89996103424331
H           -1.71453523634795       -1.55684814152073       -1.25605546985966
H           -3.72700168989998        0.08462898355912       -1.22413683445829
H           -3.88964176238664       -1.32818530504028       -0.19140801041395
H           -3.37447967857946       -0.07181535678045        1.79866851134998
H           -4.50428578992068        0.93490753567842        0.88567825043524
H           -2.61665198881199        2.31301971602681        1.67348339269806
H           -2.55342567652268        2.17522141605493       -0.08753341990812
H           -0.30870046884578        1.79766878421233        0.76177727401462
H           -0.89180389708915        0.66120579715457        1.97273689884276
33
 energy: -39.981363019289 gnorm: 0.003150352684 xtb: 6.7.1 (edcfbbe)
O            0.68460427665510        0.72824988133240       -2.33879315598895
C            1.32102054961602        0.48540760900672       -1.10399511140864
C            2.74046700007514        0.00212768204070       -1.39817625680755
C            3.48875676969201       -0.32432479985176       -0.11071396903971
C            2.73124593430370       -1.37835607242176        0.69090634746059
C            1.32727706700241       -0.87746366248170        1.01068105414142
C            0.55991063380748       -0.56857991934636       -0.27756530472739
C           -0.85606017124318       -0.13178123314627        0.00306392875819
C           -1.88544259574225       -0.74138542913415       -0.57300237459036
C           -3.32379030920266       -0.39568366447735       -0.34027408707082
C           -3.49407357084442        0.50768569779246        0.87737608305184
C           -2.45035953531993        1.61752403691461        0.83596324817088
C           -1.05546196265582        1.01079645032761        0.96168823473380
H           -0.26169817314710        0.83419453306896       -2.17667195126668
H            1.37879822213529        1.42617675176623       -0.52671828747463
H            3.26127120593657        0.77515964406283       -1.96361177423436
H            2.67018865422850       -0.88505925787422       -2.02892848395712
H            3.59017719849689        0.58184145917874        0.49075398688332
H            4.49088004418374       -0.68278867755606       -0.35062382094102
H            3.26436030914076       -1.60046370543247        1.61741894531839
H            2.66631676261351       -2.30008631321967        0.10945122390635
H            1.40257471745386        0.02653635019285        1.61748234578783
H            0.77713693535794       -1.62806945669867        1.58251386949718
H            0.52102890130877       -1.47863680382587       -0.88737770688528
H           -1.71163193843360       -1.55294210761484       -1.26830091603427
H           -3.71881989062140        0.10357062828388       -1.23255185011368
H           -3.89753645486737       -1.31737338421109       -0.21219420621410
H           -3.35503703984977       -0.07792925442593        1.78834972222789
H           -4.50066971380914        0.92938262978148        0.89499616295697
H           -2.61748915509787        2.32910451138810        1.64762925982101
H           -2.53499401329806        2.15776822126659       -0.11023003687047
H           -0.29995077881124        1.78150979602612        0.78786422222675
H           -0.91299987906279        0.64388785928605        1.98359065868332
33
 energy: -39.981421411389 gnorm: 0.002224974101 xtb: 6.7.1 (edcfbbe)
O            0.67575799326557        0.73596671961968       -2.32965092945354
C            1.32031273489145        0.48494134074433       -1.09999570277393
C            2.73677259963269       -0.00242421593196       -1.40194136278874
C            3.49005614413912       -0.32488534654807       -0.11642368295657
C            2.73530607926301       -1.37660545818668        0.69082045321724
C            1.33315998189077       -0.87379880896744        1.01576686085408
C            0.56076912297146       -0.56954364824074       -0.27113625033642
C           -0.85703043253284       -0.13406762872656        0.00742579058903
C           -1.88579578414234       -0.73958730831212       -0.57649727862395
C           -3.32446021282083       -0.39046629838210       -0.34742647879460
C           -3.49587098856110        0.50899490084763        0.87257587019269
C           -2.45100089969186        1.61729363160825        0.83268175257874
C           -1.05952588264670        1.00602710132213        0.96933823114317
H           -0.27099787034595        0.82899508718165       -2.16066308495588
H            1.38542348395482        1.42359175843425       -0.52149915854026
H            3.25738612104880        0.76676431409014       -1.97368307307988
H            2.66433697156598       -0.89210664645222       -2.02965409742374
H            3.59287605579870        0.58334862768511        0.48218929982711
H            4.49231842564793       -0.68268924322099       -0.35757260385827
H            3.27326648571086       -1.59898177929923        1.61459688016113
H            2.66676373859164       -2.29951041675063        0.11116743238191
H            1.41205425935795        0.03207402654273        1.61959056953113
H            0.78628711073790       -1.62143626062655        1.59458987745481
H            0.52393462707641       -1.48192502738726       -0.87807110073534
H           -1.71010557568157       -1.54889106740429       -1.27428496929600
H           -3.71392238116893        0.11402631750758       -1.23922425905557
H           -3.90348000038927       -1.30977231076184       -0.22469596987540
H           -3.35512943069893       -0.07960811868575        1.78138027437653
H           -4.50320120120503        0.92837638324585        0.89360972080041
H           -2.62148075764174        2.33499422335421        1.63779972237003
H           -2.52751257908718        2.15206315064976       -0.11718345594916
H           -0.29963199887523        1.77409006177614        0.80491758585488
H           -0.92763594005443        0.63475193927315        1.99115313716500
33
 energy: -39.981462064077 gnorm: 0.001436725532 xtb: 6.7.1 (edcfbbe)
O            0.66873195134873        0.73852378903122       -2.32367450258391
C            1.32004171814111        0.48352466370484       -1.09704284710400
C            2.73397999938002       -0.00617457283246       -1.40551422910161
C            3.49267681785913       -0.32611171682458       -0.12271977122909
C            2.74019881480418       -1.37412897671388        0.69122520932733
C            1.33854378858138       -0.87189175989896        1.02009901292634
C            0.56186193324930       -0.57024761430261       -0.26512708385207
C           -0.85749996671012       -0.13538635447302        0.01262898661956
C           -1.88512895479601       -0.73749449809124       -0.57739059190563
C           -3.32448280004341       -0.38591640125526       -0.35379669921125
C           -3.49983725349551        0.51129653933513        0.86704185168402
C           -2.45295407857953        1.61728989234728        0.83254439577208
C           -1.06374328975670        1.00273403876247        0.97679849833873
H           -0.27726214091653        0.82346347270520       -2.14857182559556
H            1.39037871554611        1.42127852307906       -0.51921412183056
H            3.25337687588784        0.76133739689592       -1.98131617107975
H            2.66015429408183       -0.89703146620917       -2.03200662340493
H            3.60030852071444        0.58399387710534        0.47262945870958
H            4.49369568571270       -0.68601059442918       -0.36689717656430
H            3.28192075246592       -1.59317627229793        1.61371825262303
H            2.67054077250833       -2.29983210127797        0.11574168954192
H            1.41819827486609        0.03413910744975        1.62372705857314
H            0.79548975318924       -1.61993661776442        1.60179921236972
H            0.52497562555769       -1.48414274112082       -0.86987801977085
H           -1.70810769219566       -1.54424975518837       -1.27777394461466
H           -3.70836674053897        0.12136073376991       -1.24641330791067
H           -3.90708729827256       -1.30369282946088       -0.23578916443536
H           -3.36376584081982       -0.07929318873680        1.77523565698576
H           -4.50706240262704        0.93070949684741        0.88538115780500
H           -2.62604815811570        2.33671324534447        1.63501814176446
H           -2.52282890127985        2.15112111450910       -0.11810172332562
H           -0.30128849319192        1.76924635372583        0.81957506216040
H           -0.93961028255359        0.62798521626283        1.99806415831933
33
 energy: -39.981513704615 gnorm: 0.002093723506 xtb: 6.7.1 (edcfbbe)
O            0.65775931312931        0.73914184572168       -2.31496619796480
C            1.31836704908829        0.48137155369453       -1.09222704053153
C            2.72851612220999       -0.01100631983344       -1.41093216051167
C            3.49680877821835       -0.32864869428801       -0.13348425199334
C            2.74820938592852       -1.36962355292501        0.69284051698549
C            1.34650421176681       -0.86934951469566        1.02668526607062
C            0.56362804704783       -0.57123768193362       -0.25555903055383
C           -0.85705370927937       -0.13651239904679        0.02122007342510
C           -1.88204679756044       -0.73341257687345       -0.57795853390405
C           -3.32260902783151       -0.37950195109310       -0.36441301526564
C           -3.50683827237773        0.51582548065933        0.85639622872979
C           -2.45519936956489        1.61723881766778        0.83424796735760
C           -1.06902871217027        0.99761847227731        0.98937577167717
H           -0.28716984699434        0.81214591150722       -2.13176471429984
H            1.39477021065153        1.41845172448255       -0.51527444974868
H            3.24447933545168        0.75526637303046       -1.99195009021608
H            2.65055790522742       -0.90292100130626       -2.03599156107149
H            3.61549911703648        0.58407389936212        0.45616678441890
H            4.49396026612525       -0.69498683722074       -0.38508099038092
H            3.29531873872356       -1.58011656749108        1.61437927779836
H            2.67769154476466       -2.30085017238548        0.12583396039299
H            1.42551639672399        0.03660217714829        1.63073857846413
H            0.80909852969868       -1.61989997293266        1.61035429541568
H            0.52541665444935       -1.48670118470194       -0.85768232251610
H           -1.70302331544174       -1.53724646792626       -1.28089467260074
H           -3.69745077756857        0.13027025947371       -1.25940964083476
H           -3.90859829523487       -1.29600510849247       -0.25369522646068
H           -3.38368323894574       -0.07705023862014        1.76514092395911
H           -4.51285413766715        0.93871573809551        0.86467260355293
H           -2.63246082225196        2.33564980281090        1.63625123449270
H           -2.51468320184364        2.15325501598747       -0.11572119532702
H           -0.30291760021315        1.76222054855512        0.84311662473804
H           -0.95648448129518        0.61722262129040        2.00958498670302
33
 energy: -39.981545056363 gnorm: 0.001798442699 xtb: 6.7.1 (edcfbbe)
O            0.65072107643279        0.73897315503458       -2.30938689696358
C            1.31582107245228        0.48065452208776       -1.08937290993902
C            2.72410279807453       -0.01303949463603       -1.41366673836800
C            3.49813147841569       -0.33003251834945       -0.13949510670891
C            2.75180620618837       -1.36697702671292        0.69409325370550
C            1.35038660790239       -0.86699855131478        1.03067467297538
C            0.56447239756054       -0.57184438480519       -0.25004756096461
C           -0.85607808830064       -0.13798318925984        0.02667879673230
C           -1.87924240524327       -0.73174427170938       -0.57830997782943
C           -3.32026355923636       -0.37642031003495       -0.37130987444343
C           -3.50964163779423        0.51848787622380        0.84911774095497
C           -2.45448960392714        1.61692719667234        0.83556639445244
C           -1.07047356305057        0.99356649480242        0.99695273222347
H           -0.29424028472983        0.80469328240661       -2.12336560665891
H            1.39457590467904        1.41750429029039       -0.51190676245032
H            3.23773546132769        0.75226860431717       -1.99776349407634
H            2.64159975111731       -0.90556542783633       -2.03714979495460
H            3.62337610527580        0.58378490373886        0.44693560548525
H            4.49241125671294       -0.70069634134600       -0.39611843782705
H            3.30190694885686       -1.57225363653075        1.61504187730031
H            2.68012555753176       -2.30106043763745        0.13197822190559
H            1.42952597545582        0.03987152515018        1.63342470111290
H            0.81519612742990       -1.61786564607273        1.61620817588993
H            0.52622125424350       -1.48798558639030       -0.85103216329624
H           -1.69859286340925       -1.53370722454677       -1.28295103883464
H           -3.68994294954430        0.13447649456841       -1.26785456119366
H           -3.90735874945442       -1.29255594522111       -0.26457770432966
H           -3.39533002565823       -0.07542456603826        1.75842213687152
H           -4.51416787871246        0.94537221043918        0.85012740190822
H           -2.63450729638157        2.33361823247412        1.63865329176931
H           -2.50732606792788        2.15537333542606       -0.11351101271611
H           -0.30172644174775        1.75689907016111        0.85736262076047
H           -0.96473456453814        0.60968336464756        2.01658201750731
33
 energy: -39.981589018111 gnorm: 0.000918600911 xtb: 6.7.1 (edcfbbe)
O            0.63775024551684        0.73693623570252       -2.29973331186631
C            1.30987694213905        0.47956461433923       -1.08472479084292
C            2.71533293275085       -0.01607144290067       -1.41818114612515
C            3.49949850808204       -0.33250643139469       -0.14994232460845
C            2.75764090615512       -1.36235251483113        0.69692094304933
C            1.35725371815583       -0.86178547429695        1.03796461516297
C            0.56583901569987       -0.57316352930029       -0.24011928420757
C           -0.85410990997368       -0.14108463649445        0.03585951773578
C           -1.87385849003918       -0.72888601984640       -0.58015566882524
C           -3.31533360524467       -0.37140150008779       -0.38430873549182
C           -3.51447197348404        0.52392218216939        0.83454045117445
C           -2.45149689209812        1.61577666152284        0.83930644803722
C           -1.07202903969662        0.98472926715790        1.01088313823558
H           -0.30725101190863        0.79206389493026       -2.11093448321834
H            1.39155564752191        1.41673842417986       -0.50679007464074
H            3.22486962303865        0.74735605520252       -2.00746014986515
H            2.62408669215240       -0.90936735371998       -2.03861936542625
H            3.63662947617915        0.58294497414287        0.43078461139355
H            4.48820803610780       -0.71110829188701       -0.41608229011345
H            3.31323513496934       -1.55823150884351        1.61658791598149
H            2.68319849353006       -2.30134706757032        0.14371361779729
H            1.43748846615789        0.04756696608527        1.63674090932489
H            0.82539663802510       -1.61154779582070        1.62825571653114
H            0.52861783204111       -1.49076197477903       -0.83887989196289
H           -1.68957425954631       -1.52831065092598       -1.28676810152138
H           -3.67633864695961        0.13992596372073       -1.28409022371580
H           -3.90379604594576       -1.28697753920139       -0.28312587270904
H           -3.41889738276909       -0.07155391473461        1.74518164310929
H           -4.51528504943394        0.96017547272502        0.82023888064364
H           -2.63634119682405        2.32685676949481        1.64668054173174
H           -2.49149658839334        2.16182667077644       -0.10619306801952
H           -0.29852314160454        1.74557326368403        0.88321153059434
H           -0.97767507430025        0.59450023079959        2.02923830265752
33
 energy: -39.981607434935 gnorm: 0.000681535077 xtb: 6.7.1 (edcfbbe)
O            0.63070097916547        0.73535842201761       -2.29529469720391
C            1.30656628839927        0.47813975188539       -1.08310847027570
C            2.71098725235833       -0.01799544876048       -1.42058100690391
C            3.49955166373318       -0.33271931206001       -0.15458084680055
C            2.76018510738956       -1.35975226548078        0.69803983480206
C            1.36109037202878       -0.85784385139206        1.04218960778790
C            0.56640807652190       -0.57480459297767       -0.23494480943925
C           -0.85367833250213       -0.14470762553363        0.04097693289403
C           -1.87205316691386       -0.72809308495921       -0.58178004780877
C           -3.31345093668456       -0.36777972304884       -0.39176365122672
C           -3.51632978893308        0.52713795854023        0.82687122006360
C           -2.44904146785173        1.61479694375750        0.84179824471613
C           -1.07289595704484        0.97811101867030        1.01869368506573
H           -0.31474153944970        0.78511731701660       -2.10515516013938
H            1.38968375618937        1.41542322807138       -0.50506342101290
H            3.21877839291723        0.74415878729925       -2.01286203531836
H            2.61665395016181       -0.91220150438823       -2.03896020945322
H            3.64007728765901        0.58377571452758        0.42342172953066
H            4.48650625370413       -0.71313839857937       -0.42394789120855
H            3.31903068872379       -1.55251167057288        1.61628322894616
H            2.68374581843376       -2.30051943468598        0.14836062453936
H            1.44350816055464        0.05413503273777        1.63668956151003
H            0.83101287617128       -1.60483086874047        1.63761590856932
H            0.53097462505236       -1.49389996108897       -0.83159801064811
H           -1.68580528908777       -1.52438508065130       -1.29161297784318
H           -3.66976458998180        0.14453190181314       -1.29299093139371
H           -3.90413592199198       -1.28238820259241       -0.29339494840773
H           -3.43014139250958       -0.06982019778549        1.73730680410930
H           -4.51471687730666        0.96825750180295        0.80594649275824
H           -2.63637059349459        2.32318034047892        1.65112578209289
H           -2.48150091893051        2.16492150462546       -0.10169085239971
H           -0.29587484755373        1.73668889290195        0.89786629909600
H           -0.98495992892611        0.58365690715020        2.03614401100239
33
 energy: -39.981620378901 gnorm: 0.000808985626 xtb: 6.7.1 (edcfbbe)
O            0.62772130483156        0.73105175333874       -2.29527941763685
C            1.30466593123887        0.47615592534230       -1.08365277989187
C            2.70930281456448       -0.01924527973870       -1.42142596170772
C            3.49907449605645       -0.33166110833985       -0.15560128609683
C            2.76134625167622       -1.35826425660002        0.69885750066305
C            1.36303346445835       -0.85537935138588        1.04399261555648
C            0.56640169760193       -0.57640955034313       -0.23282539869283
C           -0.85388823434588       -0.14649611142403        0.04191255447239
C           -1.87188311848025       -0.72670772956030       -0.58454035153138
C           -3.31290270897714       -0.36507515253146       -0.39562469702928
C           -3.51727793958417        0.52905142927267        0.82340738309315
C           -2.44719952845353        1.61367852919853        0.84457360719251
C           -1.07317098516429        0.97345487880333        1.02291295083546
H           -0.31733513786191        0.78227460942114       -2.10515476726998
H            1.38753213204158        1.41428895261961       -0.50704926681001
H            3.21615102302980        0.74257419753198       -2.01500615345513
H            2.61558031958926       -0.91423044490438       -2.03869592885423
H            3.63871929520624        0.58569405782029        0.42115183644966
H            4.48628085422492       -0.71107031779323       -0.42505160273775
H            3.32169171743791       -1.55066062180774        1.61618615960369
H            2.68385982835500       -2.29927619910553        0.14989212735237
H            1.44705869571160        0.05867940028463        1.63491437934518
H            0.83391529558740       -1.59967910106694        1.64338138584422
H            0.53213627608942       -1.49684020080625       -0.82749132925803
H           -1.68502510036996       -1.52189638170311       -1.29539942419412
H           -3.66744856035166        0.14774878291289       -1.29717828974122
H           -3.90496853158805       -1.27902498476730       -0.29835087308468
H           -3.43612250056509       -0.06954244613875        1.73308292752037
H           -4.51416168888402        0.97306635595293        0.79958892554742
H           -2.63501851896423        2.31959345224397        1.65591518872347
H           -2.47559479997739        2.16748018903258       -0.09678592869912
H           -0.29435430080566        1.73061651417615        0.90589491916229
H           -0.98811974332654        0.57605021006330        2.03944899532943
33
 energy: -39.981633537579 gnorm: 0.000630666654 xtb: 6.7.1 (edcfbbe)
O            0.62651063280739        0.72415799290178       -2.29817112953322
C            1.30332686028911        0.47314004237065       -1.08572902115442
C            2.70908816372799       -0.02026835155159       -1.42190112932591
C            3.49848249772448       -0.32930724222798       -0.15501926701730
C            2.76184142285110       -1.35666516160075        0.69932224305867
C            1.36408334907678       -0.85309162688278        1.04506791361792
C            0.56625252703162       -0.57846011408083       -0.23195067932815
C           -0.85418635971429       -0.14886400214627        0.04295352879287
C           -1.87229528426823       -0.72541967101094       -0.58674554802425
C           -3.31300434722726       -0.36178056375458       -0.39874009913457
C           -3.51772004466870        0.53049496094309        0.82169520946671
C           -2.44534997444525        1.61250845853330        0.84808395614857
C           -1.07307415661283        0.96883148996038        1.02663271319581
H           -0.31864810983493        0.77832014777700       -2.10792550013443
H            1.38433759227954        1.41264067664056       -0.51129476258462
H            3.21508813047566        0.74166803036307       -2.01621249916862
H            2.61793103730076       -0.91633684871809       -2.03818026451088
H            3.63468670353310        0.58902942649765        0.42113166424900
H            4.48720595826038       -0.70599580229027       -0.42281209678537
H            3.32275280871264       -1.54985179109503        1.61610000188895
H            2.68390331131383       -2.29732827683874        0.14977949442080
H            1.44935311766845        0.06307691104131        1.63235027262493
H            0.83582400585680       -1.59477840567778        1.64809606831862
H            0.53260461461384       -1.50031970997044       -0.82436904001655
H           -1.68565510597694       -1.51788114744507       -1.30079355295541
H           -3.66627857309293        0.15257749639940       -1.29997408555483
H           -3.90661379100610       -1.27504650270796       -0.30303663141011
H           -3.44035281648712       -0.07031281621481        1.73021275609265
H           -4.51345254070155        0.97683281813431        0.79636080309879
H           -2.63307495294685        2.31615423367870        1.66148553760791
H           -2.47084783314457        2.16968928585791       -0.09135726042881
H           -0.29243439627365        1.72451188895985        0.91296073898673
H           -0.99028444712106        0.56807417415341        2.04197966549858
33
 energy: -39.981646247415 gnorm: 0.000534110074 xtb: 6.7.1 (edcfbbe)
O            0.62574237908211        0.71410818490330       -2.30295983603327
C            1.30192152468433        0.46944343371624       -1.08866547669784
C            2.70939796498909       -0.02122184418614       -1.42199227480842
C            3.49804663810786       -0.32621127271319       -0.15364632543168
C            2.76259594609178       -1.35473594719969        0.70023314202503
C            1.36467123405157       -0.85156838848077        1.04557701501690
C            0.56592213413212       -0.58061736949427       -0.23166582762866
C           -0.85442088534988       -0.14997684814994        0.04269005249899
C           -1.87280764580704       -0.72264603450480       -0.59016973015066
C           -3.31323414208099       -0.35792178923990       -0.40169322716611
C           -3.51792444227523        0.53156723077398        0.82086293229945
C           -2.44355539249939        1.61137030752559        0.85226100644767
C           -1.07274022015684        0.96438802071485        1.03045449994779
H           -0.31921726875290        0.77351930127850       -2.11259885332457
H            1.37990105896604        1.41123393590704       -0.51763620064903
H            3.21426465532812        0.74098895024738       -2.01708199550405
H            2.62154876084554       -0.91860425333819       -2.03705776022085
H            3.63010453659396        0.59320381380175        0.42191912813689
H            4.48866277663861       -0.69968160969838       -0.41920572066230
H            3.32354276490957       -1.54840032058660        1.61691801933478
H            2.68511928068640       -2.29500602958257        0.14991356917283
H            1.45014842290169        0.06629406234073        1.63002050126563
H            0.83728050633706       -1.59161494827649        1.65120903795977
H            0.53218300621378       -1.50389789307910       -0.82179369681196
H           -1.68688512205675       -1.51322713818642       -1.30642478567515
H           -3.66553569950039        0.15896652834638       -1.30187709261350
H           -3.90791767854541       -1.27081571644278       -0.30846701806976
H           -3.44342664447607       -0.07186173290175        1.72792774198603
H           -4.51278931747805        0.97991125128729        0.79518539788470
H           -2.63090730348964        2.31262097798715        1.66788826211616
H           -2.46684204848334        2.17183665929764       -0.08534980151318
H           -0.29042678514584        1.71899170383483        0.92073866720396
H           -0.99242299446063        0.55956477409681        2.04448664966442
33
 energy: -39.981658122305 gnorm: 0.000437355058 xtb: 6.7.1 (edcfbbe)
O            0.62546637849523        0.70238052540624       -2.30866695107757
C            1.30046691135986        0.46557532593202       -1.09196860038652
C            2.70985286979082       -0.02200227472058       -1.42194991821834
C            3.49743246168310       -0.32262218244779       -0.15199345891501
C            2.76349004145562       -1.35247381774139        0.70145877775715
C            1.36483514326498       -0.85074614738211        1.04578378347693
C            0.56554896449073       -0.58270149862832       -0.23169653302413
C           -0.85454123561703       -0.15107640133155        0.04285694322788
C           -1.87320941213252       -0.71974321597179       -0.59306021679904
C           -3.31334494318113       -0.35327802236434       -0.40464270402992
C           -3.51804248070875        0.53221233689369        0.82081370091499
C           -2.44185230200460        1.61004127502859        0.85671335539590
C           -1.07233393939690        0.96023328680598        1.03408313209111
H           -0.31910140364484        0.76789656181381       -2.11857200553407
H            1.37452251424700        1.41026471495212       -0.52523306813386
H            3.21349414970824        0.74042120457629       -2.01779894986751
H            2.62546361313103       -0.92080208831305       -2.03547726711314
H            3.62550572551357        0.59791449170818        0.42275144928476
H            4.48975178443859       -0.69314292839976       -0.41537835431361
H            3.32405818467296       -1.54550119222874        1.61850858347006
H            2.68762771569258       -2.29272729774593        0.15088272612559
H            1.44923736197420        0.06797451425153        1.62886722280166
H            0.83846508285032       -1.59053422396214        1.65250324814876
H            0.53131360684970       -1.50724249949753       -0.81978817833351
H           -1.68808623549612       -1.50782269976040       -1.31232214362491
H           -3.66434270982384        0.16710120776929       -1.30333586685820
H           -3.90925191473557       -1.26567642257163       -0.31495518321662
H           -3.44545744881593       -0.07444215336673        1.72593414677363
H           -4.51220264710577        0.98227233449837        0.79567609081989
H           -2.62867821180279        2.30901973845227        1.67435613016636
H           -2.46323973007508        2.17355881194028       -0.07908184896234
H           -0.28881677725511        1.71392873946431        0.92813624625470
H           -0.99403111782133        0.55173999693927        2.04659571169891
33
 energy: -39.981668799125 gnorm: 0.000511886202 xtb: 6.7.1 (edcfbbe)
O            0.62474632101349        0.69188675893671       -2.31374278520021
C            1.29882941770101        0.46199623067777       -1.09496703882684
C            2.70990191036352       -0.02279610752221       -1.42187861301417
C            3.49696700896773       -0.31908822936199       -0.15063846999342
C            2.76451355273206       -1.34980744867778        0.70297654014712
C            1.36465161986543       -0.85060044900267        1.04612503788858
C            0.56513314284123       -0.58469358506891       -0.23164492517673
C           -0.85465364547689       -0.15164767055512        0.04269207850283
C           -1.87357931476040       -0.71633141795266       -0.59637119953610
C           -3.31341048902702       -0.34850218795541       -0.40784429494825
C           -3.51738147472109        0.53248053204556        0.82090081213849
C           -2.44010778763356        1.60908864835157        0.86056048240208
C           -1.07179006438381        0.95649785671625        1.03766670483273
H           -0.31994006713919        0.76094964433174       -2.12395193347781
H            1.36922672308650        1.40921626811856       -0.53188031455053
H            3.21225401365677        0.73962556575408       -2.01880175645497
H            2.62819508350233       -0.92305109927435       -2.03364955425273
H            3.62147199331215        0.60257202074433        0.42308144375651
H            4.49075807640520       -0.68699418705558       -0.41223787777552
H            3.32473181255765       -1.54113141638117        1.62060663662880
H            2.69090686544941       -2.29052434180643        0.15287048309549
H            1.44730455705020        0.06857148421395        1.62882085821344
H            0.83924652293827       -1.59106693598280        1.65298672841722
H            0.53030729984300       -1.51017677042017       -0.81818121844272
H           -1.68915923894324       -1.50269291773539       -1.31755927414824
H           -3.66259839895356        0.17637620937354       -1.30461799103778
H           -3.91088223372488       -1.26030743269660       -0.32268182201415
H           -3.44521988276927       -0.07761763244800        1.72371649772308
H           -4.51115151408565        0.98343840595192        0.79759887986547
H           -2.62666281755411        2.30642971229222        1.67963239161218
H           -2.45994324980286        2.17459847014526       -0.07405208866608
H           -0.28670120344864        1.70921233530395        0.93557694293943
H           -0.99596453886055        0.54408968693828        2.04888863935277
33
 energy: -39.981677815202 gnorm: 0.000427515049 xtb: 6.7.1 (edcfbbe)
O            0.62374377858887        0.68314925756168       -2.31727072699200
C            1.29735287887241        0.45912074497231       -1.09706510107118
C            2.70958554038787       -0.02352338872236       -1.42208176122680
C            3.49634903225170       -0.31598069370805       -0.14984094398784
C            2.76586197479340       -1.34727653147126        0.70475066163835
C            1.36458477683704       -0.85086948091125        1.04627764454372
C            0.56470730174396       -0.58646995152719       -0.23154229047144
C           -0.85476661853420       -0.15247770135935        0.04303898374002
C           -1.87380297650744       -0.71383939492163       -0.59870423191976
C           -3.31329253671971       -0.34385137227620       -0.41104102280496
C           -3.51708124093097        0.53261492801554        0.82093513788380
C           -2.43870235656802        1.60810434170764        0.86402113481165
C           -1.07132087283859        0.95349121052156        1.04051936917937
H           -0.32083026720395        0.75417806001363       -2.12812554671634
H            1.36496485952319        1.40842662063324       -0.53710421225850
H            3.21075196353028        0.73872453412857       -2.02021683216396
H            2.62983466581218       -0.92511139435526       -2.03212253591865
H            3.61857291485947        0.60682857753457        0.42252621327133
H            4.49105108704827       -0.68218116654190       -0.41031161162727
H            3.32577906313433       -1.53579459201836        1.62319622407942
H            2.69498466379132       -2.28899695418784        0.15596667120312
H            1.44472465952765        0.06811953688889        1.62963615983537
H            0.84031661715855       -1.59287540493278        1.65234361546592
H            0.52936018037130       -1.51272252976108       -0.81685439381897
H           -1.68980927105734       -1.49829977636434       -1.32213645710305
H           -3.66017311420139        0.18547388806839       -1.30611276490411
H           -3.91259827921851       -1.25478064825130       -0.33045570290042
H           -3.44510992619982       -0.08082957248763        1.72155687056374
H           -4.51061269980466        0.98433963746000        0.79938334419929
H           -2.62503041957594        2.30388053772446        1.68443600864628
H           -2.45708121392784        2.17558870258789       -0.06942357844234
H           -0.28524174708240        1.70543041237261        0.94119403336070
H           -0.99707241785975        0.53840956360527        2.05062764190543
33
 energy: -39.981685537430 gnorm: 0.000420890311 xtb: 6.7.1 (edcfbbe)
O            0.62215517199552        0.67759173363691       -2.31924010143649
C            1.29581325644373        0.45676902877120       -1.09848312529336
C            2.70871294796610       -0.02441769398356       -1.42241437113924
C            3.49596527894638       -0.31348540083482       -0.14976636733336
C            2.76711792371722       -1.34475178524076        0.70621746730649
C            1.36449798143072       -0.85139123104518        1.04693747649564
C            0.56447443913924       -0.58810465485604       -0.23100376590090
C           -0.85477793505928       -0.15325745226708        0.04345149779580
C           -1.87383111735999       -0.71167148609549       -0.60087376031206
C           -3.31296719545620       -0.33963713810286       -0.41433211187932
C           -3.51660050946591        0.53272871187769        0.82047499199699
C           -2.43747514711922        1.60737521832595        0.86671407044441
C           -1.07094365657515        0.95091961320015        1.04297801495991
H           -0.32264575724703        0.74722232389100       -2.13049190331266
H            1.36181210071365        1.40721064261051       -0.54026743785551
H            3.20877216518544        0.73747903983220       -2.02182606133971
H            2.63017246069224       -0.92714853409046       -2.03081804391339
H            3.61657055395315        0.61039955865941        0.42116752981033
H            4.49128421725923       -0.67845851081042       -0.40964529233091
H            3.32702275209334       -1.53000839143084        1.62533847816920
H            2.69892768470152       -2.28775383089694        0.15928648164608
H            1.44240752333813        0.06743343743944        1.63098026529178
H            0.84143668208243       -1.59496630007479        1.65234805659468
H            0.52882387881941       -1.51482650556901       -0.81554301833459
H           -1.69010749932763       -1.49515810562895       -1.32536205773136
H           -3.65721412655727        0.19396801467395       -1.30784401383753
H           -3.91431950133841       -1.24952516013213       -0.33827880398001
H           -3.44480151782541       -0.08374632532340        1.71904119016487
H           -4.50991433362626        0.98500035345766        0.80047327293217
H           -2.62377319431915        2.30165192691332        1.68834574096052
H           -2.45462817855180        2.17669309958323       -0.06559019074828
H           -0.28398477332736        1.70216028071817        0.94576106906001
H           -0.99798257532017        0.53370552279039        2.05226482304969
33
 energy: -39.981692283223 gnorm: 0.000420966169 xtb: 6.7.1 (edcfbbe)
O            0.62017420911221        0.67420105113150       -2.31941755374607
C            1.29457202262320        0.45508481714254       -1.09887100105045
C            2.70763348210856       -0.02537246679265       -1.42303909107081
C            3.49551758774084       -0.31151037089691       -0.15016100735362
C            2.76863800194764       -1.34259158210980        0.70773271940610
C            1.36491355255270       -0.85159302907049        1.04745665610890
C            0.56417058646985       -0.58954837666158       -0.23028469541812
C           -0.85495053813258       -0.15414987899937        0.04398626695120
C           -1.87388632429731       -0.71015780546208       -0.60260438554784
C           -3.31266914601224       -0.33599129550273       -0.41763537447953
C           -3.51633343903974        0.53292403663250        0.81951498836278
C           -2.43652963787418        1.60676544813008        0.86904607797523
C           -1.07066457927263        0.94883808358438        1.04493033274231
H           -0.32499431046675        0.74004943910559       -2.13080570062304
H            1.36003020904633        1.40608746532232       -0.54151203600930
H            3.20662320888013        0.73596521960031       -2.02408739999815
H            2.62948634321774       -0.92929602088602       -2.02975874279142
H            3.61519377138832        0.61340220433387        0.41926693138392
H            4.49115276201861       -0.67569433498218       -0.40983576858325
H            3.32879144914846       -1.52485498126563        1.62733660770428
H            2.70250840715186       -2.28679894409071        0.16261950893961
H            1.44090711988193        0.06706511513178        1.63206579908070
H            0.84301953123861       -1.59646445140502        1.65234724222626
H            0.52848675916082       -1.51675073275994       -0.81410151326295
H           -1.69026257827516       -1.49286479214949       -1.32797657631898
H           -3.65399673660890        0.20150761431246       -1.30992718945166
H           -3.91612616107612       -1.24479602764321       -0.34584870103574
H           -3.44507436963603       -0.08613598530845        1.71630218287355
H           -4.50937687542254        0.98576506764434        0.80050538525725
H           -2.62291778137002        2.29948569886668        1.69197849822450
H           -2.45247725917935        2.17796451100328       -0.06212739393179
H           -0.28285884501444        1.69950622690688        0.94923098899781
H           -0.99870042200854        0.52995907713625        2.05367394443821
33
 energy: -39.981698352975 gnorm: 0.000280352513 xtb: 6.7.1 (edcfbbe)
O            0.61784496490666        0.67213875211833       -2.31909231228258
C            1.29329493991652        0.45363489662018       -1.09911360539161
C            2.70631540493720       -0.02650864507542       -1.42366228398770
C            3.49534170946658       -0.31000623297597       -0.15091707895364
C            2.76991289117381       -1.34063442593442        0.70876163778749
C            1.36539719676336       -0.85165821999268        1.04843894510127
C            0.56415496741764       -0.59084839241119       -0.22921733246651
C           -0.85489124146912       -0.15513339884502        0.04479894380528
C           -1.87359645109647       -0.70906188501934       -0.60400240533443
C           -3.31206234627460       -0.33261258616304       -0.42099848910051
C           -3.51650113187671        0.53322060625055        0.81817388338033
C           -2.43582133627729        1.60604443444702        0.87130612864104
C           -1.07047545548855        0.94689972362894        1.04678441906265
H           -0.32751239820844        0.73333691456129       -2.13044561587219
H            1.35890520289143        1.40484157064778       -0.54209177956343
H            3.20429417646557        0.73420544677114       -2.02627365004555
H            2.62828666982474       -0.93142516444822       -2.02885316219240
H            3.61436974466571        0.61586567203063        0.41706855675479
H            4.49120589404134       -0.67356563464766       -0.41061445199803
H            3.33050657084418       -1.52017964036341        1.62861771930333
H            2.70541238034717       -2.28599764177723        0.16545965130165
H            1.44008590564528        0.06717624914516        1.63299819840936
H            0.84466321487274       -1.59730374967830        1.65348718118984
H            0.52854134285707       -1.51848173539291       -0.81236425353514
H           -1.68994053700112       -1.49122610553157       -1.33000923734293
H           -3.65043852722404        0.20814724448198       -1.31243192048616
H           -3.91755352124466       -1.24028601828309       -0.35300450721173
H           -3.44656279814298       -0.08820592888164        1.71344300522092
H           -4.50915974848588        0.98695754128850        0.79928759409893
H           -2.62243569383561        2.29678450601246        1.69586938857735
H           -2.45051564496376        2.17970480102031       -0.05840507274081
H           -0.28226071443010        1.69718096454779        0.95192607104863
H           -0.99880563101640        0.52699608184757        2.05507583482237
33
 energy: -39.981703728882 gnorm: 0.000229484509 xtb: 6.7.1 (edcfbbe)
O            0.61570214762883        0.67053808597733       -2.31831712346811
C            1.29223362116219        0.45230832341165       -1.09904434024504
C            2.70510722939558       -0.02764047942850       -1.42445481161289
C            3.49504380221833       -0.30881539113147       -0.15180776622067
C            2.77113451582136       -1.33901998741620        0.70967324891578
C            1.36624771617217       -0.85109970623903        1.04945607490099
C            0.56408498121763       -0.59191542570260       -0.22794418428554
C           -0.85495813291948       -0.15599860673576        0.04563963406807
C           -1.87332718771435       -0.70793592812463       -0.60544012629777
C           -3.31150877042974       -0.32967777945607       -0.42434680684130
C           -3.51665330532862        0.53353383250959        0.81648946811071
C           -2.43529557168530        1.60543476566419        0.87363925197028
C           -1.07046610177208        0.94508189582537        1.04863151859701
H           -0.32997530926731        0.72635989858273       -2.12950429096419
H            1.35808821307743        1.40365097609928       -0.54229530526035
H            3.20219904966561        0.73235072418863       -2.02866753195239
H            2.62698313835302       -0.93358031494569       -2.02807174019429
H            3.61357714605220        0.61790490167968        0.41487069857507
H            4.49104962365200       -0.67186473189514       -0.41159084478628
H            3.33235298887956       -1.51666395122591        1.62951149001946
H            2.70745187032213       -2.28518461074257        0.16769996322192
H            1.44033255235169        0.06811906362506        1.63344976445682
H            0.84656032752558       -1.59689154660640        1.65519849322508
H            0.52871244047171       -1.52002578120410       -0.81034626231105
H           -1.68953654207512       -1.48970693245273       -1.33181452485295
H           -3.64705636888187        0.21404927598221       -1.31503384801838
H           -3.91880815130723       -1.23638791467984       -0.35992083348512
H           -3.44854614712190       -0.09005084670691        1.71036747352740
H           -4.50882797739388        0.98825010769482        0.79724578934666
H           -2.62220128018694        2.29396490892525        1.69999286160827
H           -2.44880486118344        2.18176445746640       -0.05440512229260
H           -0.28182325281541        1.69509533102787        0.95460126886148
H           -0.99907240388309        0.52405338603201        2.05653846368375
33
 energy: -39.981706703635 gnorm: 0.000189921599 xtb: 6.7.1 (edcfbbe)
O            0.61452997495940        0.66868455865135       -2.31842682700075
C            1.29165508827829        0.45153124857131       -1.09925700394725
C            2.70459280043296       -0.02819577646834       -1.42474503462499
C            3.49510072288151       -0.30830783266564       -0.15218330566809
C            2.77166454000846       -1.33834174315676        0.70992400375807
C            1.36694743535352       -0.85033726675654        1.05005122897226
C            0.56414865860857       -0.59247540730965       -0.22723713611103
C           -0.85496667422411       -0.15660819655419        0.04621364106404
C           -1.87321336040991       -0.70758792828469       -0.60593131001330
C           -3.31126474166888       -0.32831727983279       -0.42588386251022
C           -3.51717569046922        0.53411873410330        0.81541061758507
C           -2.43493522819628        1.60490899563747        0.87488450733271
C           -1.07055041514597        0.94366787002443        1.05009549996813
H           -0.33105542001232        0.72380745841015       -2.12940935593089
H            1.35741881373812        1.40325118433276       -0.54318925161654
H            3.20122543579268        0.73163503779660       -2.02959707431580
H            2.62668920108309       -0.93450849376370       -2.02789164632332
H            3.61324351864758        0.61879219065442        0.41399319041334
H            4.49127757394031       -0.67092518975334       -0.41193365245083
H            3.33337643426634       -1.51580286234544        1.62948317008131
H            2.70771679499775       -2.28461849919813        0.16823399098239
H            1.44147090345076        0.06952786302597        1.63279867645034
H            0.84771911226469       -1.59527560339492        1.65705057258426
H            0.52895345707442       -1.52103184330344       -0.80895203974686
H           -1.68928601166563       -1.48864138044006       -1.33309687791007
H           -3.64567605671337        0.21614328227928       -1.31659446530504
H           -3.91932747334204       -1.23464702671201       -0.36252741405439
H           -3.45075680403919       -0.09027152862509        1.70882418490300
H           -4.50890966574399        0.98973180734483        0.79532264790672
H           -2.62212120037801        2.29247861755162        1.70200706896442
H           -2.44717343935593        2.18257883017541       -0.05237825080163
H           -0.28141773976840        1.69338552302146        0.95722991958840
H           -0.99990054464389        0.52165065698287        2.05771158777636
33
 energy: -39.981710414685 gnorm: 0.000192099717 xtb: 6.7.1 (edcfbbe)
O            0.61336913061259        0.66627363764229       -2.31878238630595
C            1.29106563155130        0.45043104438630       -1.09970559377839
C            2.70405146743185       -0.02911335011224       -1.42538406548745
C            3.49509187466971       -0.30804776786658       -0.15288319612651
C            2.77216049046473       -1.33760890488641        0.71020529534221
C            1.36800950229296       -0.84855440439957        1.05106548879425
C            0.56426601493199       -0.59285102748335       -0.22604918997669
C           -0.85493858161441       -0.15697374132412        0.04696031408341
C           -1.87279469645506       -0.70642033370097       -0.60711881160843
C           -3.31083672807522       -0.32672994070832       -0.42802511069028
C           -3.51772456614868        0.53448754234065        0.81398957880267
C           -2.43475928527849        1.60432185111254        0.87686210507118
C           -1.07097662844424        0.94187142189852        1.05227458926700
H           -0.33222768692795        0.72037985675944       -2.12953296659636
H            1.35671922043988        1.40271591809051       -0.54461562937066
H            3.20025098455385        0.73033810143763       -2.03110692353716
H            2.62620359425257       -0.93595666317515       -2.02775527333100
H            3.61307837684780        0.61950590885757        0.41260401256912
H            4.49132903906268       -0.67045981545431       -0.41265871230138
H            3.33454229727038       -1.51510482408243        1.62934553493404
H            2.70734239444710       -2.28399137991072        0.16879779327540
H            1.44353027894917        0.07246621859239        1.63183800287845
H            0.84917702620632       -1.59206778945081        1.66006760752852
H            0.52930410509475       -1.52215599021255       -0.80657209902808
H           -1.68856868233554       -1.48682698894244       -1.33492938859744
H           -3.64395355977473        0.21882882896917       -1.31855846672410
H           -3.91955159534357       -1.23277903927217       -0.36631501887580
H           -3.45367180778831       -0.09110937268556        1.70674084122832
H           -4.50892549904684        0.99119437675634        0.79265893882208
H           -2.62243491226215        2.29021855101525        1.70529076086738
H           -2.44549334201652        2.18406718442912       -0.04915080305075
H           -0.28137653337897        1.69132000379659        0.96109741103445
H           -1.00125732418768        0.51833088758191        2.05934536088779
33
 energy: -39.981714398089 gnorm: 0.000152568124 xtb: 6.7.1 (edcfbbe)
O            0.61199702616012        0.66311096491286       -2.31931604195652
C            1.29032977417029        0.44919519907693       -1.10031327794474
C            2.70328799888649       -0.03045863359023       -1.42615921193673
C            3.49528998039298       -0.30796723868094       -0.15395294477701
C            2.77273131472061       -1.33647277088607        0.71066965466665
C            1.36920510350284       -0.84620066791183        1.05236011097630
C            0.56443263920174       -0.59309467097662       -0.22456170081173
C           -0.85480055483188       -0.15733137119519        0.04814145222196
C           -1.87205861737491       -0.70476972797487       -0.60854765367836
C           -3.31011308458654       -0.32452501295480       -0.43083182146735
C           -3.51854651129742        0.53464476197351        0.81234959774616
C           -2.43468434621124        1.60335861155998        0.87939366987959
C           -1.07141888186605        0.93986917982347        1.05503482720908
H           -0.33369898160627        0.71600353372206       -2.12978986565477
H            1.35582028423607        1.40228874069397       -0.54650998772818
H            3.19895872592792        0.72843119898352       -2.03296624854538
H            2.62522242361097       -0.93794018667682       -2.02752696654924
H            3.61357320861404        0.62017705161186        0.41048633740765
H            4.49136753198391       -0.67061894323766       -0.41401658195339
H            3.33593659084463       -1.51374673846225        1.62933777070373
H            2.70664441004497       -2.28317554254217        0.16994995783210
H            1.44599254615176        0.07615898439250        1.63092169689414
H            0.85072922054048       -1.58804957058269        1.66377112335337
H            0.52964530450446       -1.52341678938551       -0.80345287040300
H           -1.68730109969630       -1.48377918154643       -1.33772212578008
H           -3.64178041042784        0.22261851339760       -1.32093397605347
H           -3.91927820352392       -1.23038443166460       -0.37144407564888
H           -3.45697590860851       -0.09256105326282        1.70415545520850
H           -4.50925424619908        0.99244199561492        0.78977357103790
H           -2.62309722266936        2.28716109071940        1.70937382127280
H           -2.44382942470509        2.18555836912664       -0.04506284675978
H           -0.28131821686293        1.68905193884868        0.96604100657490
H           -1.00300837302567        0.51442239707210        2.06134814466360
33
 energy: -39.981717985136 gnorm: 0.000146081087 xtb: 6.7.1 (edcfbbe)
O            0.61045871304867        0.65971142983757       -2.31978060849956
C            1.28957664215214        0.44794161734714       -1.10090838113791
C            2.70244031596045       -0.03189691169059       -1.42703340926672
C            3.49544681044003       -0.30800218541322       -0.15513043203120
C            2.77346963942424       -1.33522678623104        0.71150216143810
C            1.37044264417413       -0.84387685995731        1.05364525890471
C            0.56457264629947       -0.59324793680405       -0.22303092262677
C           -0.85469952331816       -0.15728762526670        0.04900890563696
C           -1.87132886138007       -0.70269396885175       -0.61040019302022
C           -3.30944194953583       -0.32214763752136       -0.43388667803006
C           -3.51915385442018        0.53458897614498        0.81076812870707
C           -2.43474046246793        1.60250058348139        0.88205984084799
C           -1.07205239452076        0.93785325745345        1.05794656208616
H           -0.33524555651389        0.71155192962420       -2.12990775721471
H            1.35503470596653        1.40191159092816       -0.54856604530033
H            3.19758416362134        0.72633509002685       -2.03510037736124
H            2.62393650645544       -0.94005369964451       -2.02733490691342
H            3.61454816037119        0.62084536549247        0.40797624284419
H            4.49117378369053       -0.67126575710096       -0.41566007758606
H            3.33749406830111       -1.51166402413397        1.62981653879231
H            2.70639905922654       -2.28253781043622        0.17197137730803
H            1.44813709026059        0.07963074409098        1.63022094831282
H            0.85244523781257       -1.58422966348042        1.66722502146275
H            0.52993954348947       -1.52454414472270       -0.80036743309414
H           -1.68599771861233       -1.48052175235464       -1.34070027586639
H           -3.63965159058899        0.22691910056628       -1.32334392344547
H           -3.91904491554045       -1.22789927679191       -0.37714412163229
H           -3.45967899252171       -0.09453918968636        1.70134683999456
H           -4.50943171124905        0.99325231217933        0.78747320516725
H           -2.62395590239113        2.28426151779005        1.71354893686268
H           -2.44227226640642        2.18703734780689       -0.04092858067249
H           -0.28154270275316        1.68686104185621        0.97118783932010
H           -1.00486132847312        0.51043332546026        2.06352631601314
33
 energy: -39.981721064532 gnorm: 0.000136395342 xtb: 6.7.1 (edcfbbe)
O            0.60910377821783        0.65666590857142       -2.32029705171940
C            1.28886492280641        0.44668903713984       -1.10151409884112
C            2.70162320001146       -0.03332440444665       -1.42793778271215
C            3.49561244332072       -0.30800553124988       -0.15635429725577
C            2.77407436170599       -1.33379394558180        0.71235379377730
C            1.37134165431487       -0.84188276448751        1.05495048749227
C            0.56469688360832       -0.59346411069190       -0.22162125682067
C           -0.85462926869976       -0.15751678115934        0.05010960526286
C           -1.87068456478029       -0.70085126578938       -0.61193152819627
C           -3.30880459232544       -0.31970866377389       -0.43673783161906
C           -3.51968220330236        0.53438508818354        0.80952255824177
C           -2.43480592268459        1.60159051550723        0.88445833022495
C           -1.07255769376938        0.93605982261130        1.06055542484837
H           -0.33660696051990        0.70774382619715       -2.13013385824829
H            1.35428646133495        1.40141966351354       -0.55047950289507
H            3.19635644115102        0.72423993360201       -2.03717253521840
H            2.62273876931828       -0.94213914106152       -2.02720204099224
H            3.61560689557929        0.62154746025769        0.40539279850439
H            4.49096287584283       -0.67199990910460       -0.41735021357451
H            3.33876502502458       -1.50876478171636        1.63053169134992
H            2.70665869435008       -2.28197769301396        0.17438639976603
H            1.44949295319179        0.08258742403560        1.62993512484130
H            0.85387151861580       -1.58127402721389        1.67013359290645
H            0.53016880780609       -1.52557475541273       -0.79764573605372
H           -1.68480257736923       -1.47730563077260       -1.34356484765276
H           -3.63743873763649        0.23151764514994       -1.32544157029614
H           -3.91906434441860       -1.22520077936981       -0.38284868360515
H           -3.46167469235203       -0.09678400953810        1.69875453114105
H           -4.50968340516345        0.99363204575329        0.78595308255186
H           -2.62477988965894        2.28161797090656        1.71718303440970
H           -2.44090923643740        2.18814763160644       -0.03725467757944
H           -0.28161171743931        1.68486302264569        0.97582424650619
H           -1.00648987964186        0.50686119870116        2.06544281145559
33
 energy: -39.981723708963 gnorm: 0.000119618415 xtb: 6.7.1 (edcfbbe)
O            0.60775923918838        0.65393057787863       -2.32069429248354
C            1.28815991332500        0.44557174287943       -1.10202201888868
C            2.70076315778285       -0.03472135218224       -1.42868376498264
C            3.49571110271875       -0.30785619855126       -0.15737344435304
C            2.77487450028051       -1.33233337148261        0.71346926111489
C            1.37209463848139       -0.84037495037190        1.05583754088871
C            0.56469910588635       -0.59381565219836       -0.22058770536600
C           -0.85461935529104       -0.15759769251204        0.05070445059233
C           -1.87022165635533       -0.69909829372058       -0.61354299494161
C           -3.30829084832042       -0.31732487031344       -0.43937676571659
C           -3.51999852217355        0.53412604026085        0.80853260319770
C           -2.43478456313048        1.60075545694917        0.88660450273908
C           -1.07292766014912        0.93443054749646        1.06272150648592
H           -0.33794260380783        0.70457255412476       -2.13019195863784
H            1.35357107143671        1.40096511513460       -0.55210093467434
H            3.19500284847492        0.72221312954936       -2.03908271168526
H            2.62157476493144       -0.94419717683784       -2.02690818348025
H            3.61646318526824        0.62244998097765        0.40295086280452
H            4.49072629885295       -0.67251261613348       -0.41873926979109
H            3.34010698110436       -1.50548864162313        1.63168572379757
H            2.70744220156918       -2.28148528410106        0.17722274955910
H            1.45029272560698        0.08478199798172        1.62970788572913
H            0.85515444755313       -1.57919188388005        1.67217510347452
H            0.53021120936206       -1.52666767418270       -0.79541392788521
H           -1.68396013690597       -1.47463506994923       -1.34604440718542
H           -3.63536098557891        0.23618187158575       -1.32723706107750
H           -3.91930359733337       -1.22245713392647       -0.38831873129847
H           -3.46283189399981       -0.09898301332741        1.69643602393616
H           -4.50984942908396        0.99371875746775        0.78519369296158
H           -2.62530042711154        2.27931125887841        1.72039456465764
H           -2.43980477803569        2.18900732835000       -0.03401909513243
H           -0.28163151200656        1.68304885508642        0.97970257969496
H           -1.00777942253832        0.50367566069131        2.06699821594592
33
 energy: -39.981725965460 gnorm: 0.000104454919 xtb: 6.7.1 (edcfbbe)
O            0.60658051101501        0.65147190478373       -2.32115395115605
C            1.28748689514597        0.44432896768718       -1.10258016120527
C            2.70002952607520       -0.03596073998334       -1.42940214349951
C            3.49570235939444       -0.30743758481926       -0.15820035478111
C            2.77554239118664       -1.33086727801196        0.71446219960468
C            1.37256742946338       -0.83929830487666        1.05669355455365
C            0.56467855759685       -0.59432680239905       -0.21970720909651
C           -0.85464477545230       -0.15793014019983        0.05128576197331
C           -1.86993079719893       -0.69780104612561       -0.61482529889964
C           -3.30788289636437       -0.31504010068225       -0.44175787607083
C           -3.52007908820096        0.53384675381879        0.80778994775029
C           -2.43465886102321        1.60007454600563        0.88850188775527
C           -1.07318332616041        0.93293319324633        1.06449636927047
H           -0.33908138623326        0.70196599050256       -2.13034203940564
H            1.35288504271080        1.40021376740680       -0.55352471328024
H            3.19379331486783        0.72034811213213       -2.04097621959478
H            2.62063245506630       -0.94615462026450       -2.02650097956373
H            3.61684475690873        0.62361611893820        0.40078910538895
H            4.49054411430638       -0.67243388414722       -0.41975872377322
H            3.34111996318164       -1.50205751688687        1.63282791165304
H            2.70863625649989       -2.28100719392733        0.17990593277392
H            1.45040587692398        0.08637339577241        1.62975753126045
H            0.85624040222188       -1.57786029868517        1.67385080512139
H            0.53026023459464       -1.52774654180972       -0.79359767148048
H           -1.68341685879972       -1.47240878787284       -1.34824908365192
H           -3.63330461322310        0.24088233501772       -1.32873118521532
H           -3.91985978725590       -1.21966750069680       -0.39352180168367
H           -3.46350161090869       -0.10115430396766        1.69438112716758
H           -4.50980373248521        0.99370393931577        0.78492459557426
H           -2.62554135205672        2.27733224621535        1.72326779478718
H           -2.43878414291251        2.18982403540932       -0.03117366869896
H           -0.28157615492280        1.68136370656954        0.98280905286346
H           -1.00870070396017        0.50087363253306        2.06825950355878
33
 energy: -39.981727830446 gnorm: 0.000094621581 xtb: 6.7.1 (edcfbbe)
O            0.60554017200680        0.64915872502181       -2.32155655973573
C            1.28684364575766        0.44317807373091       -1.10304362542045
C            2.69934018624992       -0.03712917828637       -1.42998127579590
C            3.49559088944019       -0.30678944448254       -0.15877643139667
C            2.77624093605798       -1.32948171346110        0.71540819867647
C            1.37293519500289       -0.83855446649835        1.05729655283319
C            0.56459966977675       -0.59498604030341       -0.21907444005271
C           -0.85468221438414       -0.15827343414033        0.05161256827610
C           -1.86975598989033       -0.69663010897996       -0.61605834340370
C           -3.30755071000051       -0.31285972676839       -0.44381458890417
C           -3.52017955436504        0.53365751611173        0.80723040051314
C           -2.43442782498294        1.59937949326631        0.89016399875272
C           -1.07321717741664        0.93161576586959        1.06585955038076
H           -0.34008642641779        0.69968413660292       -2.13048088798009
H            1.35211350442786        1.39952442426616       -0.55474364034485
H            3.19260885729739        0.71859234918353       -2.04266478361203
H            2.62000655415682       -0.94808138485476       -2.02593785594467
H            3.61661968092130        0.62496906803578        0.39905368983650
H            4.49045529072763       -0.67176228456776       -0.42028969669222
H            3.34208345683143       -1.49887391637456        1.63395814015451
H            2.71005502870192       -2.28043700634637        0.18222029171977
H            1.45023726080442        0.08751533697412        1.62980978503395
H            0.85720648510618       -1.57713017430370        1.67495901492953
H            0.53019905262769       -1.52890895372867       -0.79215051043732
H           -1.68316763692645       -1.47073446639608       -1.34998666016000
H           -3.63134048050877        0.24535710322053       -1.32993599832585
H           -3.92059022259778       -1.21688717035689       -0.39822917843513
H           -3.46394009509078       -0.10307046894614        1.69260496891885
H           -4.50982113909359        0.99374173541334        0.78491487844700
H           -2.62552508600620        2.27543878527084        1.72583647876508
H           -2.43787196893484        2.19053459018425       -0.02860451389980
H           -0.28127072160429        1.67981245033112        0.98523679230590
H           -1.00924861767342        0.49843038531089        2.06916368099765
33
 energy: -39.981729330680 gnorm: 0.000089431793 xtb: 6.7.1 (edcfbbe)
O            0.60459962892386        0.64696635340076       -2.32208910806784
C            1.28621816059750        0.44202582862272       -1.10359847410413
C            2.69879866899525       -0.03805357338888       -1.43037940092005
C            3.49547470594856       -0.30595338269914       -0.15908011572862
C            2.77689119881179       -1.32827706548079        0.71618165779969
C            1.37320641241628       -0.83817510091121        1.05773644477366
C            0.56449155693704       -0.59567791975923       -0.21859584196313
C           -0.85476042579271       -0.15874079052847        0.05192994808708
C           -1.86970321469140       -0.69585184480877       -0.61695966272416
C           -3.30731097510536       -0.31094240749231       -0.44561213761566
C           -3.52009435280833        0.53356778482181        0.80674431581220
C           -2.43413278432702        1.59890917744808        0.89168368346986
C           -1.07324154170423        0.93040943146504        1.06698679474567
H           -0.34099933211504        0.69759673268326       -2.13082273479479
H            1.35132959874594        1.39875724956538       -0.55595121721108
H            3.19155387230845        0.71716546440131       -2.04408704017062
H            2.61962991648677       -0.94971703207697       -2.02525857314385
H            3.61598395556764        0.62645111676211        0.39778143662170
H            4.49053419437519       -0.67055597368714       -0.42037111107012
H            3.34291015234742       -1.49626350325070        1.63488601813360
H            2.71138872404694       -2.27984655346804        0.18402050526525
H            1.44997871602011        0.08817243998151        1.62984447094169
H            0.85804979153578       -1.57681119734081        1.67581900111486
H            0.53010297549176       -1.53001399462490       -0.79098440137053
H           -1.68310511728312       -1.46941500015124       -1.35145264524177
H           -3.62958529047227        0.24932316829277       -1.33100791524853
H           -3.92136856718242       -1.21437529721148       -0.40232821877373
H           -3.46425941784132       -0.10460356933585        1.69110422126587
H           -4.50959836882929        0.99394682077250        0.78490004002669
H           -2.62532177063326        2.27389517542437        1.72820980322576
H           -2.43704515727343        2.19130117620110       -0.02628768124024
H           -0.28106726665727        1.67843429896701        0.98710490418113
H           -1.00954864683851        0.49635198740464        2.06993303392396
33
 energy: -39.981730485598 gnorm: 0.000079204531 xtb: 6.7.1 (edcfbbe)
O            0.60391094050814        0.64488485052282       -2.32257203837644
C            1.28570826908227        0.44100324980988       -1.10403283074097
C            2.69841367038530       -0.03875028931917       -1.43070081263243
C            3.49524273186956       -0.30505802313414       -0.15918740175017
C            2.77738813709100       -1.32734872465038        0.71670287900985
C            1.37340247571954       -0.83794590051550        1.05810204530230
C            0.56441461409808       -0.59636672683299       -0.21823316581728
C           -0.85477988613840       -0.15909768236304        0.05208789431599
C           -1.86966598381330       -0.69516559549236       -0.61774796752471
C           -3.30710316947407       -0.30931214419167       -0.44697771187326
C           -3.52011676687809        0.53360712705452        0.80638331252064
C           -2.43379486496451        1.59846026934487        0.89288926311783
C           -1.07311123262666        0.92943670525629        1.06783964161135
H           -0.34167117762891        0.69557907998240       -2.13121290349208
H            1.35048137281632        1.39811083503690       -0.55699031015781
H            3.19071773483792        0.71611163067134       -2.04521344804145
H            2.61958621332616       -0.95104673448770       -2.02466040223777
H            3.61497127784066        0.62784555485546        0.39701102721758
H            4.49060582365207       -0.66903772250001       -0.42016315905515
H            3.34351054183983       -1.49433841664938        1.63551793927392
H            2.71262668525008       -2.27929970509254        0.18513167467543
H            1.44962282259897        0.08860676908014        1.62994947110326
H            0.85873191195409       -1.57671554535049        1.67642331053578
H            0.52999501356105       -1.53101374087168       -0.79011232214958
H           -1.68313848183597       -1.46845733332238       -1.35254793248372
H           -3.62814966965519        0.25258493389930       -1.33178389577416
H           -3.92204756030392       -1.21221020186849       -0.40550798913798
H           -3.46467917108122       -0.10576575455346        1.68989697724465
H           -4.50949353982540        0.99428367059932        0.78486824222353
H           -2.62501507122407        2.27249241594875        1.73017261854724
H           -2.43624284263630        2.19198961712631       -0.02435192863159
H           -0.28068773806528        1.67726689381334        0.98852299300553
H           -1.00963308027844        0.49466663819221        2.07049693017150
33
 energy: -39.981731426197 gnorm: 0.000067650580 xtb: 6.7.1 (edcfbbe)
O            0.60329027062303        0.64289116986622       -2.32313784218357
C            1.28519861557016        0.44009364199067       -1.10449448661286
C            2.69810892643674       -0.03924252470883       -1.43085615253476
C            3.49508618000743       -0.30418197108670       -0.15916457220146
C            2.77786027116584       -1.32656454100437        0.71711559624698
C            1.37357814795513       -0.83788394692170        1.05832273971924
C            0.56431352552814       -0.59699646157018       -0.21796564524498
C           -0.85483352907216       -0.15951112289771        0.05229981436820
C           -1.86968310439816       -0.69464364735206       -0.61834325339582
C           -3.30696070990598       -0.30793974056124       -0.44812437212205
C           -3.52007043159190        0.53374392537618        0.80604362652311
C           -2.43344801926758        1.59816281155985        0.89399043638751
C           -1.07300741336053        0.92855345717506        1.06858186563726
H           -0.34229905437142        0.69355904372146       -2.13176831194319
H            1.34956529719823        1.39757457260508       -0.55805072240608
H            3.18999408635947        0.71537570054804       -2.04598970734041
H            2.61973148320845       -0.95205029368713       -2.02408420656974
H            3.61388843689179        0.62911828643007        0.39656631570872
H            4.49081300442929       -0.66744720618720       -0.41975956864186
H            3.34408651979432       -1.49291528856919        1.63598840862258
H            2.71364223917834       -2.27871636997267        0.18585218952778
H            1.44939998334432        0.08883088145066        1.62994917821736
H            0.85933288346338       -1.57677406108082        1.67686384567693
H            0.52985836636904       -1.53192317206411       -0.78938056795304
H           -1.68323519483230       -1.46764089829696       -1.35347098773562
H           -3.62695006603345        0.25526197974177       -1.33248618414367
H           -3.92265415381691       -1.21038774366816       -0.40813011787979
H           -3.46512374047424       -0.10655676886518        1.68891507690502
H           -4.50927453472010        0.99479661609881        0.78468116908237
H           -2.62466838454123        2.27138124204057        1.73193198297213
H           -2.43547448505990        2.19265225850728       -0.02262362436063
H           -0.28035600150172        1.67620004322628        0.98974148380750
H           -1.00970941457418        0.49318012815464        2.07098659386668
