29
 energy: -40.313742782936 gnorm: 0.041936042107 xtb: 6.7.1 (edcfbbe)
C            4.02767340462300        1.61076241097200       -0.00546299178800
C            3.21569438915700        0.36199795736900        0.08672830348200
C            1.95040469440900        0.25849912678200       -0.34882227591500
C            1.20964552742400       -1.03582788439500       -0.24417430936100
O            1.83030011362500       -2.08746238648000       -0.09109253379400
N           -0.17265795135200       -0.97765091098700       -0.45157943789400
C           -0.84047309610000       -2.25446097269800       -0.73747569816700
C           -1.30168992218600       -2.96738081458200        0.52740328169400
C           -0.99921905268600        0.13032697884600       -0.06960028879000
C           -0.67324129468400        0.93340348409000        1.03421627897900
C           -1.49385015240700        1.99880886262100        1.41670236900600
C           -2.65732475716300        2.27367130769300        0.70489496191500
C           -3.00304443183500        1.47983376578900       -0.38466886188400
C           -2.18309652696900        0.41248718599000       -0.76514647113400
H            4.33886879300800        1.92753867438400        0.99462016127300
H            4.92542099007200        1.42854327589100       -0.60393768722000
H            3.47111240467800        2.43310519024000       -0.46608126933200
H            3.70496558109800       -0.50228799869900        0.53370938311200
H            1.44406589927200        1.09319193840700       -0.81792664043500
H           -1.68303003999800       -2.10754269939200       -1.41867610920600
H           -0.13968462994200       -2.90692067644000       -1.27305489884100
H           -0.46313192459700       -3.15349292468400        1.20606469176600
H           -2.04488690076500       -2.37370619884300        1.06922100066700
H           -1.75625687780700       -3.93020349150600        0.27429783949700
H            0.20102285629500        0.71986596336600        1.64436633468100
H           -1.22761856394600        2.60478351821600        2.27916934248200
H           -3.29639148539900        3.10114478595900        1.00214960327600
H           -3.91049692387700        1.69190556838400       -0.94464542811400
H           -2.47308012195000       -0.16293303629100       -1.63904788315000
29
 energy: -40.318251436561 gnorm: 0.014921749071 xtb: 6.7.1 (edcfbbe)
C            4.01191713929233        1.60443630557969       -0.00918893936828
C            3.18414788690273        0.37013379834342        0.08640849289326
C            1.91994565809931        0.27068430958973       -0.32310784817727
C            1.19190206391628       -1.02177584461778       -0.24758969513953
O            1.78903312041888       -2.07709659244842       -0.12008836150207
N           -0.17705043431748       -0.97189259242965       -0.44718342067174
C           -0.83279108692872       -2.24725404374509       -0.72562860445484
C           -1.30404438685352       -2.95806607441092        0.53615729475554
C           -0.99046307848681        0.12709464037539       -0.07326829348454
C           -0.66664660401335        0.91874733841615        1.02950919744083
C           -1.47978094232652        1.97827662703024        1.40510719871006
C           -2.63908254689833        2.25701839993721        0.70013117313159
C           -2.97778275737157        1.46979044308111       -0.38758847407032
C           -2.16123777600172        0.41780936072300       -0.77446161905286
H            4.33693676344071        1.91445439290570        0.98514092645154
H            4.90846516439687        1.41373641867988       -0.60075852589593
H            3.45786527179897        2.42306529104010       -0.46692794147783
H            3.66578200801696       -0.49375596490110        0.52943627413068
H            1.40994275299159        1.10733646950769       -0.77876300725484
H           -1.67635642626732       -2.08193611759662       -1.40024234193165
H           -0.10705747469866       -2.87894213249384       -1.24928410040503
H           -0.45951801494060       -3.14180889492828        1.19860198254377
H           -2.04365776894067       -2.35962132487226        1.06939055807514
H           -1.75298426061985       -3.91612623323932        0.27647363328350
H            0.21796919154095        0.70777161436289        1.61556171567839
H           -1.21194878171059        2.58050466699425        2.26256173168286
H           -3.27697041797376        3.07870855243627        0.99876492769997
H           -3.88425619841049        1.67488568806193       -0.94112132061289
H           -2.45227806405763       -0.16617850137933       -1.63589184617249
29
 energy: -40.319214133731 gnorm: 0.005732183174 xtb: 6.7.1 (edcfbbe)
C            3.99397478059959        1.60474387475057       -0.00777921246387
C            3.15850035699436        0.37863721078502        0.08670799058202
C            1.89189607167147        0.28170619006148       -0.30448327793071
C            1.18188665564843       -1.01444057795473       -0.25030684672025
O            1.77285425419848       -2.07509730053806       -0.15749170041801
N           -0.18017790421046       -0.97344456734012       -0.44194005346025
C           -0.82959300417620       -2.24659685798004       -0.72109104643279
C           -1.30293278111754       -2.94842901720307        0.54600712640427
C           -0.98276347234130        0.12139606797742       -0.07842048272331
C           -0.65457148791129        0.90855757198272        1.02367135881210
C           -1.46305961507406        1.96514034130924        1.39878048534311
C           -2.62219001884194        2.24758426208164        0.69782683676203
C           -2.95905978872624        1.46583854299773       -0.39284661621823
C           -2.14792040146198        0.41800783282079       -0.78301161969785
H            4.32982145867588        1.90699524569321        0.98423382674463
H            4.88552287185972        1.40239070002198       -0.60070858685484
H            3.44310262623207        2.42391453175475       -0.46254639258195
H            3.63793522428129       -0.49244896781384        0.51424200288294
H            1.36849554795728        1.12358583286781       -0.73592699569154
H           -1.67115564199523       -2.07607800141983       -1.39489777310327
H           -0.08970181520370       -2.87018749427086       -1.22969483145854
H           -0.45694297474679       -3.13031771995787        1.20291252865649
H           -2.03793669936741       -2.34127715783098        1.07080373036744
H           -1.75407129170481       -3.90244082004807        0.28712305886242
H            0.23095419041902        0.68465162454125        1.59918820200234
H           -1.19402967249177        2.56130250361568        2.25751204635206
H           -3.25915871792103        3.06483912250858        1.00030352787231
H           -3.86113934392067        1.67369826760136       -0.94833652508532
H           -2.42853940732720       -0.16223124101166       -1.64767999399838
29
 energy: -40.319438505171 gnorm: 0.003069472292 xtb: 6.7.1 (edcfbbe)
C            3.98304211786266        1.60937340654289       -0.00265363145157
C            3.14815701875388        0.38367827850325        0.08538260936676
C            1.87895710042944        0.28777216747917       -0.29769090874234
C            1.18174879388469       -1.01361958201921       -0.26229197288675
O            1.77892912696440       -2.07359579237174       -0.18880016973658
N           -0.18136159482024       -0.97951180812841       -0.44116467421787
C           -0.82994657359322       -2.25228800994225       -0.71950925416340
C           -1.30455770964343       -2.94396496869972        0.55369524671110
C           -0.98009544231774        0.11548467774952       -0.08121335440486
C           -0.65095930662081        0.89839642868493        1.02495735029873
C           -1.45476455131208        1.95780187606517        1.39976178082111
C           -2.61156469539760        2.24601922894915        0.69651616162224
C           -2.94791162426982        1.47009443781111       -0.39931933252798
C           -2.14053578280022        0.42024124341479       -0.79105218239593
H            4.32366772983607        1.90509692240834        0.98954984182497
H            4.87069267556194        1.40542421585689       -0.60068042763094
H            3.43196686588992        2.43148555088895       -0.45149314659514
H            3.62981567231296       -0.49575267633994        0.49450900914361
H            1.34497999779878        1.13302100400616       -0.71053624399347
H           -1.67065283967492       -2.08444616928337       -1.39374153502769
H           -0.08772360966167       -2.87733517127552       -1.22047788712172
H           -0.45724730613971       -3.12381620265708        1.20916880422814
H           -2.03433902848149       -2.32779492619187        1.07509768949685
H           -1.76111416553849       -3.89721098297960        0.30285580802966
H            0.23383228459227        0.66469663697654        1.59759527233503
H           -1.18311272116508        2.55213724695781        2.25914725269405
H           -3.24702964463424        3.06290078412029        1.00121911794545
H           -3.84756311041466        1.68290775143921       -0.95705071329841
H           -2.41530967740365       -0.15719556796332       -1.65962974351800
29
 energy: -40.319680923833 gnorm: 0.006070482425 xtb: 6.7.1 (edcfbbe)
C            3.96703138402467        1.61985988009286        0.00773833503761
C            3.13883995192621        0.38933669606047        0.07396094673411
C            1.86566538029502        0.29399177623430       -0.29802822995882
C            1.18431984759496       -1.01398552342824       -0.28413676092382
O            1.79485593771475       -2.07021485515457       -0.24270304641961
N           -0.18215623142839       -0.99107486664339       -0.44021765265803
C           -0.83137177956937       -2.26385260393113       -0.71507517346465
C           -1.30979733881332       -2.93818544755645        0.56745705719689
C           -0.97760536413394        0.10553398540386       -0.08331978124498
C           -0.65022720672220        0.87941488118354        1.03200402285102
C           -1.44525719693025        1.94585392276401        1.40467761616186
C           -2.59484616988434        2.24617534102242        0.69321471609806
C           -2.93032461471535        1.47961385404310       -0.41045562685703
C           -2.12906437342786        0.42448571076288       -0.80293897864394
H            4.31166056554719        1.90069323278808        1.00289827632972
H            4.85068136725600        1.42479228743730       -0.59911142545067
H            3.41209361050809        2.44832555880101       -0.42555074009953
H            3.62533478667644       -0.50243173469052        0.45308217770257
H            1.31533259417486        1.14443190130477       -0.67949418516348
H           -1.66996278797213       -2.10218268063619       -1.39259979431161
H           -0.08807700650057       -2.89476076718806       -1.20513416656750
H           -0.46189180058355       -3.11661208637805        1.22300484155200
H           -2.03098314342332       -2.30679952655100        1.08354199332950
H           -1.77722151247396       -3.89032564016390        0.33163776950187
H            0.22899019325827        0.62816462120698        1.60637030503712
H           -1.17191582736096        2.53582392850341        2.26719875579862
H           -3.22601036412028        3.06608157364395        0.99834862033338
H           -3.82333079820853        1.70481201725950       -0.97512716676190
H           -2.39476210271016       -0.14696543618874       -1.67909193833366
29
 energy: -40.319877147020 gnorm: 0.007591424062 xtb: 6.7.1 (edcfbbe)
C            3.95280698480612        1.63176725792037        0.01815752524769
C            3.13356154747528        0.39409689802227        0.05938438934093
C            1.85790423371281        0.29806464690906       -0.30510447115905
C            1.18798639964913       -1.01569331859598       -0.31132257399614
O            1.80985385663915       -2.06631063847612       -0.29350113924690
N           -0.18183448105960       -1.00248120925448       -0.44162752971527
C           -0.83336612215757       -2.27575770013140       -0.70796988947547
C           -1.31720323439508       -2.93363550153250        0.58178964016381
C           -0.97574290416731        0.09588712788057       -0.08363881016288
C           -0.65220780416706        0.85921336227497        1.04141051442918
C           -1.43886743176387        1.93281203615859        1.41166203717689
C           -2.57816493036564        2.24792859516096        0.68877977540084
C           -2.91213876717670        1.49029464639457       -0.42173714131958
C           -2.11765047558216        0.42840817527192       -0.81250519522191
H            4.29787067281663        1.89439610121011        1.01830434391288
H            4.83549801668173        1.45537801887377       -0.59636376468972
H            3.39086192571026        2.46658316473861       -0.39538789275440
H            3.62698181940007       -0.50694153508274        0.40910745772800
H            1.29661574045117        1.15179121316994       -0.66138297351991
H           -1.66959282199808       -2.11996307081731       -1.39010625585217
H           -0.09055829222780       -2.91407235205384       -1.18901931103089
H           -0.47051496971554       -3.11329780499222        1.23916429708106
H           -2.03107956361251       -2.28897861331816        1.09248441750712
H           -1.79542117830622       -3.88390070438350        0.35858254303762
H            0.21906350441014        0.59198426471926        1.62151898996222
H           -1.16659753017928        2.51715171886191        2.27879017402939
H           -3.20330982307898        3.07384463179238        0.99129665378178
H           -3.79774606478159        1.72859882145042       -0.99367278260733
H           -2.37700830701956       -0.13716823216915       -1.69494226124259
29
 energy: -40.320108702088 gnorm: 0.007100555010 xtb: 6.7.1 (edcfbbe)
C            3.93540960027129        1.64732615395877        0.02996973553464
C            3.13121691828889        0.39793888771263        0.03501193510546
C            1.85335967386405        0.29914204446877       -0.32139314757559
C            1.19243424104247       -1.01955219177275       -0.34265950996809
O            1.82498509417340       -2.06400530334399       -0.35520511582944
N           -0.17960675577925       -1.01552834772678       -0.44400724620995
C           -0.83552211314195       -2.28934693572298       -0.69662183604727
C           -1.32854078604268       -2.92778450417133        0.59944944010109
C           -0.97299369059044        0.08477179967385       -0.08204152711171
C           -0.65615866412387        0.83378123488911        1.05461956732045
C           -1.43355985118156        1.91538787907892        1.42165091240473
C           -2.55754410053268        2.25055724087039        0.68268038541409
C           -2.88840668007864        1.50334663081029       -0.43542755468319
C           -2.10215353709065        0.43299973188488       -0.82226091729097
H            4.27722584687093        1.88380017499084        1.03828534471674
H            4.82022872541125        1.50362271633580       -0.59134439767161
H            3.36172050937805        2.48865384784829       -0.35583779299647
H            3.63432907828061       -0.50775881722203        0.35598271890554
H            1.28126205605732        1.15629694644297       -0.64910145544875
H           -1.66825913728021       -2.13978547652023       -1.38575015940315
H           -0.09391783220901       -2.93784755120579       -1.16712583206630
H           -0.48558717090554       -3.11134077405040        1.26110099147772
H           -2.03537876165451       -2.26949136902760        1.10284284028233
H           -1.81868164359508       -3.87473003699671        0.38735528210596
H            0.20426920997576        0.55043650501432        1.64394294995239
H           -1.16603370211605        2.49110246163506        2.29616971326239
H           -3.17373727657810        3.08611763093187        0.97922739345639
H           -3.76376174504313        1.75782711141142       -1.01679077864632
H           -2.35659750567276       -0.12593769019520       -1.71057117228582
29
 energy: -40.320311618241 gnorm: 0.004331935517 xtb: 6.7.1 (edcfbbe)
C            3.91487336707569        1.66426512588439        0.04132826040704
C            3.12877303329776        0.40274358394211        0.01082274983495
C            1.85009003779505        0.29861037357398       -0.33962107295994
C            1.19705797409935       -1.02581471594110       -0.37908659310941
O            1.83648847545360       -2.06385208506992       -0.41916348695017
N           -0.17551829622424       -1.02876166761112       -0.44916556148004
C           -0.83814655207918       -2.30268952012325       -0.68251339651175
C           -1.34222845904544       -2.91967295025471        0.61910467043679
C           -0.96779540987764        0.07367661740400       -0.08058449633754
C           -0.65925615491767        0.80647381283541        1.06762438558837
C           -1.42908479856765        1.89411888079510        1.43294652949534
C           -2.53499315400554        2.25169854812420        0.67692776887602
C           -2.86030335699664        1.51660445497171       -0.45022831825302
C           -2.08267000113677        0.43798444622751       -0.83243589265501
H            4.25247038152237        1.87215071723706        1.05773302545945
H            4.80302438100337        1.55960206744645       -0.58444558613776
H            3.32635791268029        2.50895552619858       -0.31450885719912
H            3.64746679947760       -0.50386701374634        0.30110294576257
H            1.27023788439246        1.15787466954137       -0.64274520959035
H           -1.66727604645309       -2.15825344122062       -1.37869100097181
H           -0.09857200910748       -2.96264137662445       -1.14183102424234
H           -0.50485477209041       -3.10771853280991        1.28688673088292
H           -2.04319273522993       -2.24849222477635        1.11336208674299
H           -1.84339679208075       -3.86255860950431        0.41546363716253
H            0.18875942993063        0.50898667813988        1.66799332663100
H           -1.17051277935983        2.45780483563400        2.31790348236835
H           -3.14140813625652        3.09716246401983        0.96710298672815
H           -3.72310857415049        1.78840853347748       -1.04236731806688
H           -2.33328164915103       -0.11279919776851       -1.72676400510599
29
 energy: -40.320423959397 gnorm: 0.003442886092 xtb: 6.7.1 (edcfbbe)
C            3.89592573675561        1.67718840942612        0.04855179742149
C            3.12715370042679        0.40574141665036       -0.00992123011548
C            1.84781885847529        0.29546718013806       -0.35450391961031
C            1.20043863110262       -1.03251151130372       -0.40377298404849
O            1.84355012159513       -2.06740823334712       -0.47361790692313
N           -0.17090672793197       -1.03880049787749       -0.45204307173750
C           -0.83973993473873       -2.31168921358215       -0.67088037160197
C           -1.35366419609529       -2.91038431414518        0.63487719113427
C           -0.96138941677433        0.06534583639237       -0.07909672147945
C           -0.66109609765514        0.78450212917267        1.07810587104812
C           -1.42702111900107        1.87505859656778        1.44267752553273
C           -2.51752291088361        2.25025291229923        0.67371978312296
C           -2.83507287624960        1.52670806219987       -0.46298089707965
C           -2.06321814784828        0.44323433424859       -0.84204028040407
H            4.23077518519313        1.86370195823009        1.06975844132433
H            4.78594649695336        1.60294536583069       -0.57807089119425
H            3.29466858773365        2.52092877652503       -0.28519745373556
H            3.65965290246672       -0.49658190090986        0.26237595078132
H            1.25960472965795        1.15723210478187       -0.63590400534918
H           -1.66598721015805       -2.16995506640503       -1.37190815296212
H           -0.10164586835670       -2.98056296641619       -1.12020742880265
H           -0.52167524368864       -3.10007659278396        1.30877301238101
H           -2.05128122601833       -2.22932109357119        1.11986591996059
H           -1.86185851846877       -3.85041747985177        0.43686698457300
H            0.17787638446866        0.47858553025070        1.68610770513672
H           -1.17743284578443        2.42835686738832        2.33639732158515
H           -3.11763616952787        3.10099044110169        0.96057913846535
H           -3.68663404363189        1.81150846251268       -1.06441206556044
H           -2.30962878201838       -0.10003951351987       -1.74194849505736
29
 energy: -40.320474770280 gnorm: 0.002797938201 xtb: 6.7.1 (edcfbbe)
C            3.88152858629602        1.68553845156892        0.05223022777686
C            3.12534300924522        0.40843969721023       -0.01938290852420
C            1.84674546437047        0.29210914481290       -0.36259505170312
C            1.20298104945799       -1.03782559070836       -0.42174380131191
O            1.84536031014460       -2.06957758313652       -0.50273116655245
N           -0.16710524619901       -1.04521117612329       -0.45487785060173
C           -0.84116644868749       -2.31666277702785       -0.66348772809890
C           -1.36160602964632       -2.90190305497877        0.64531704214242
C           -0.95480425763333        0.06070323671129       -0.07948376532760
C           -0.66128354385924        0.76996281194157        1.08418439633306
C           -1.42705512804529        1.86041347901186        1.45007451153642
C           -2.50720129144009        2.24672808416570        0.67382350796275
C           -2.81671468176625        1.53297764807870       -0.47159477410054
C           -2.04733559594891        0.44812144813849       -0.85009803499159
H            4.21716913426747        1.86043504082115        1.07438477807352
H            4.77042300037460        1.62930699601936       -0.57537167702919
H            3.27028274351653        2.52579291955773       -0.26819926944728
H            3.67033887355631       -0.49027753125191        0.23968127797494
H            1.25561727309345        1.15271322000491       -0.63650661376494
H           -1.66574161690395       -2.17614006502919       -1.36676349325284
H           -0.10459815733845       -2.99150825062941       -1.10567685721889
H           -0.53362445074588       -3.08965847360353        1.32440511561153
H           -2.05844488357353       -2.21449476065797        1.12197667064167
H           -1.87266476497674       -3.84107705655543        0.45165726619851
H            0.17168831854987        0.45887252570106        1.69718005057100
H           -1.18501406143468        2.40543190997142        2.35064652298687
H           -3.10515975624176        3.09819092034222        0.96094609083447
H           -3.65932933266778        1.82681639923559       -1.08033955594376
H           -2.28862851576605       -0.08821761358829       -1.75550414396960
29
 energy: -40.320498718350 gnorm: 0.001869586985 xtb: 6.7.1 (edcfbbe)
C            3.86978468502338        1.69225799615044        0.05502607455846
C            3.12410941881854        0.40954869848942       -0.02823385333319
C            1.84465639672293        0.28948864714481       -0.36685378010218
C            1.20589745779749       -1.04263917903179       -0.43513984215054
O            1.85048478178027       -2.07325682494316       -0.53538138943326
N           -0.16433031279316       -1.05116596972242       -0.45469934019855
C           -0.84227166648901       -2.32100971001002       -0.65777730490976
C           -1.36825565809341       -2.89462120616759        0.65418954019906
C           -0.94951085195300        0.05623741379586       -0.07890983024160
C           -0.66169634411514        0.75785965429495        1.09027951674539
C           -1.42726650141403        1.84881144251669        1.45619986672267
C           -2.49921599755863        2.24392061657132        0.67332545531960
C           -2.80144205717442        1.53855282093653       -0.47960938212943
C           -2.03365549256498        0.45258080651128       -0.85732315129753
H            4.20842769899522        1.85698203915992        1.07811542757812
H            4.75601376417264        1.65092154687204       -0.57734524991318
H            3.24935768381286        2.53125669083747       -0.25215022771404
H            3.67741571356431       -0.48757847900922        0.22057735403057
H            1.24735719682937        1.15128957756855       -0.62863632635054
H           -1.66511806462614       -2.18145967772883       -1.36317486497674
H           -0.10657575158699       -3.00069676180128       -1.09338705985859
H           -0.54311515096830       -3.07869632182246        1.33761627138896
H           -2.06473299713149       -2.20119566379226        1.12292307464642
H           -1.88126195368960       -3.83403363611594        0.46640562350257
H            0.16689630077143        0.44140704774685        1.70658610480108
H           -1.19047362565519        2.38791360180695        2.36155996509955
H           -3.09661249218079        3.09536125906425        0.96088114681526
H           -3.63664724218460        1.83991713117619       -1.09483921883306
H           -2.26821893811181       -0.07795356049593       -1.76807383315999
29
 energy: -40.320515382559 gnorm: 0.002025600337 xtb: 6.7.1 (edcfbbe)
C            3.86500498453446        1.69410288184161        0.05381388522194
C            3.12537586653818        0.40839232102295       -0.03105627664436
C            1.84656874035955        0.28464050887112       -0.37020204286230
C            1.20784968765537       -1.04558673736515       -0.43789922310417
O            1.85050230589536       -2.07587592276055       -0.54132855512629
N           -0.16215275432946       -1.05290456150882       -0.45430868636053
C           -0.84275300824886       -2.32127940240685       -0.65637900523301
C           -1.37160935790526       -2.88834117558551        0.65729888169162
C           -0.94516615898439        0.05591584923849       -0.07995540130298
C           -0.66242420702230        0.75285755575470        1.09328747156579
C           -1.43089248773077        1.84156065782856        1.46109731478858
C           -2.49928012394217        2.23968807272101        0.67575179571474
C           -2.79404220499464        1.54125707752384       -0.48353665076395
C           -2.02432638233984        0.45732828341810       -0.86280033270084
H            4.20804185757008        1.85864267172265        1.07498278092577
H            4.74730833981244        1.65883774120833       -0.58337659612436
H            3.23875340222402        2.52990186252837       -0.24845777732618
H            3.67964217322514       -0.48447163670893        0.22226479082714
H            1.24712738662087        1.14507404823833       -0.63087918347527
H           -1.66447414516981       -2.18237803779921       -1.36288926893065
H           -0.10811759716771       -3.00388629300014       -1.08815557880392
H           -0.54801501996040       -3.06499486458171        1.34457058562975
H           -2.07112273370088       -2.19359088374802        1.11902562949676
H           -1.88158235502657       -3.83034396762856        0.47458915182250
H            0.16444087909020        0.43389839402820        1.71060407275070
H           -1.19792527054568        2.37660754247521        2.36975914747357
H           -3.10003729687802        3.08780229245984        0.96623628320858
H           -3.62510078163818        1.84590673703918       -1.10201015329454
H           -2.25159373794300       -0.06876101482445       -1.77789629225854
29
 energy: -40.320527562241 gnorm: 0.001454930228 xtb: 6.7.1 (edcfbbe)
C            3.86324519932457        1.69538653337442        0.05308522692930
C            3.12571503556632        0.40850330761320       -0.02943537925622
C            1.84724091690209        0.28325556353101       -0.36939045355220
C            1.20931963215325       -1.04710007297973       -0.44005758649531
O            1.85153531071320       -2.07735684207887       -0.54503603517959
N           -0.16094503212061       -1.05384011657493       -0.45478027686784
C           -0.84311694738452       -2.32166380926593       -0.65548040576827
C           -1.37397222676314       -2.88460498599488        0.65932936098509
C           -0.94319116934984        0.05564520287086       -0.08074341173889
C           -0.66348246724259        0.74973582111335        1.09514722297613
C           -1.43341781755260        1.83710995492832        1.46402167006641
C           -2.49995191579757        2.23697888965137        0.67679065511314
C           -2.79046368894721        1.54281932734620       -0.48598262876414
C           -2.01932020240237        0.46013551552467       -0.86614948203488
H            4.21208125118292        1.85978802645511        1.07247287749235
H            4.74167785727543        1.66318484125501       -0.59004344024109
H            3.23319606789943        2.53023715920203       -0.24481533964393
H            3.68237027624071       -0.48552125023833        0.22028563117785
H            1.24773824162677        1.14267507065814       -0.63121300335570
H           -1.66386399417495       -2.18336565498005       -1.36331169135306
H           -0.10910914718046       -3.00642414085562       -1.08494813188551
H           -0.55127027787479       -3.05586991145492        1.34920184195304
H           -2.07617812225784       -2.18948310172164        1.11633100875869
H           -1.88115717299748       -3.82879661600495        0.48032217486439
H            0.16201101232491        0.42871718917491        1.71341737224841
H           -1.20292124684838        2.36941870888745        2.37506977811907
H           -3.10275132767073        3.08354652776656        0.96849183663440
H           -3.61912038256756        1.85006853892630       -1.10653847396566
H           -2.24189766207925       -0.06317967612651       -1.78389015041039
29
 energy: -40.320539775226 gnorm: 0.001493808027 xtb: 6.7.1 (edcfbbe)
C            3.86442061447492        1.69604263242403        0.04965671036504
C            3.12744813505400        0.40829607336065       -0.02592048444193
C            1.84937843787877        0.28204928864418       -0.36781139951800
C            1.21169468402351       -1.04888160573317       -0.44146045409969
O            1.85332308303372       -2.07967205423505       -0.54561204606332
N           -0.15904308197120       -1.05403199030606       -0.45678220850519
C           -0.84347520205890       -2.32137306939534       -0.65438509592346
C           -1.37737161514638       -2.87875052823008        0.66162338659178
C           -0.94124889391953        0.05592795503877       -0.08229211636898
C           -0.66631140116786        0.74563507777256        1.09765909555968
C           -1.43886609343484        1.83019115945243        1.46855447966810
C           -2.50337078588003        2.23186763812948        0.67863292574793
C           -2.78728116651543        1.54446894515952       -0.48931923955260
C           -2.01304854064444        0.46430424669315       -0.87121416171307
H            4.22441508197273        1.86195858564900        1.06532720271572
H            4.73595130616291        1.66550525283597       -0.60354468258462
H            3.23010406163386        2.53011313674064       -0.24219710568507
H            3.68384695025825       -0.48614988084362        0.22535556812196
H            1.24984386509690        1.14142053110911       -0.63122757589928
H           -1.66252989022164       -2.18378071871506       -1.36465507262525
H           -0.11031217210288       -3.00922453883900       -1.08093294056175
H           -0.55626349360888       -3.04004311661611        1.35610919467625
H           -2.08592677499127       -2.18485672229654        1.11079794023484
H           -1.87771090372598       -3.82745270620701        0.48764713396718
H            0.15691285574026        0.42193603152327        1.71771231613802
H           -1.21279680261541        2.35815508451961        2.38346069439095
H           -3.10968925040716        3.07576134375020        0.97213139111827
H           -3.61319030829441        1.85514006086221       -1.11223387882627
H           -2.22890269862589       -0.05455611224524       -1.79292881012165
29
 energy: -40.320548487321 gnorm: 0.001130844562 xtb: 6.7.1 (edcfbbe)
C            3.86735050261057        1.69569723288471        0.04632953365102
C            3.12879485252088        0.40815068683546       -0.02448981637279
C            1.85094031353005        0.28199844408262       -0.36742778420845
C            1.21224810104263       -1.04856044425331       -0.43724126252081
O            1.85387825026468       -2.07995780456769       -0.53924422512287
N           -0.15789541991055       -1.05289940853110       -0.45822968928893
C           -0.84282935801178       -2.32024978435214       -0.65389433482861
C           -1.37900409723574       -2.87475315236419        0.66220117971150
C           -0.94099269951043        0.05667921458769       -0.08340668878850
C           -0.66942826094054        0.74273513524279        1.09941413350093
C           -1.44367403563247        1.82533870238425        1.47159545680160
C           -2.50677268956729        2.22825522660624        0.68000488067893
C           -2.78657843990860        1.54502971008714       -0.49124962016053
C           -2.01008593341411        0.46691264692876       -0.87469281462908
H            4.23533238351454        1.86192511361007        1.05929602676546
H            4.73404371265951        1.66365606386409       -0.61321246190134
H            3.23203567738589        2.53042565465927       -0.24146339386507
H            3.68427063876186       -0.48616262124026        0.23006243670230
H            1.25265512972940        1.14059659935624       -0.63498088817993
H           -1.66071186017079       -2.18314366811410       -1.36582181659632
H           -0.10937913003488       -3.00939818992086       -1.07828745025976
H           -0.55969436879508       -3.02968224901481        1.36019847796200
H           -2.09264021407313       -2.18277274284562        1.10640160053253
H           -1.87399841854550       -3.82651674260335        0.48980160593546
H            0.15250364342966        0.41804929800549        1.72049994650170
H           -1.22082629191955        2.35078778997422        2.38856432294787
H           -3.11486746894508        3.07030565226439        0.97477949655968
H           -3.61146066612697        1.85684611901316       -1.11486131805035
H           -2.22321385270952       -0.04929248257671       -1.79849476667204
29
 energy: -40.320555863438 gnorm: 0.001068221735 xtb: 6.7.1 (edcfbbe)
C            3.87136499977761        1.69503665190241        0.04248675179664
C            3.12941474352278        0.40893931387295       -0.02439293742007
C            1.85168743533231        0.28363444600324       -0.36773621685166
C            1.21290184159693       -1.04761027584625       -0.43474302121455
O            1.85530679820122       -2.07886033531997       -0.53058511381577
N           -0.15699742236240       -1.05186998203535       -0.46034329394549
C           -0.84182479652543       -2.31958050044977       -0.65320770332170
C           -1.38053764243822       -2.87128599097143        0.66281508876746
C           -0.94097557750366        0.05721974731784       -0.08481621399606
C           -0.67253149780295        0.73928046198252        1.10062022400700
C           -1.44821943217205        1.82032355184654        1.47414174087438
C           -2.50938728911646        2.22520806805866        0.68096910425796
C           -2.78601294827798        1.54533931964968       -0.49292520820437
C           -2.00799572777524        0.46872224559348       -0.87769795835672
H            4.24605271038804        1.85989833472944        1.05295730715019
H            4.73385162169172        1.66049043321618       -0.62236483383484
H            3.23662885842414        2.53140679743491       -0.24099464727882
H            3.68282546476838       -0.48442768418345        0.23535940291138
H            1.25337787945341        1.14297425933097       -0.63653405003833
H           -1.65860274108812       -2.18332173864574       -1.36658653407753
H           -0.10762128105874       -3.00957265572234       -1.07493221510963
H           -0.56356058792297       -3.02115105616234        1.36436636005386
H           -2.09851728609796       -2.18067920430425        1.10236554190245
H           -1.87142245975403       -3.82545393673487        0.49118192691842
H            0.14748391637043        0.41274594677518        1.72335279854182
H           -1.22926060473291        2.34270482727444        2.39369464925279
H           -3.11819994708587        3.06602397555758        0.97687657917755
H           -3.60955708105315        1.85865226032323       -1.11772303455848
H           -2.21967194676119       -0.04478728049109       -1.80345372678230
29
 energy: -40.320559791024 gnorm: 0.000600307815 xtb: 6.7.1 (edcfbbe)
C            3.87403110094298        1.69456310422595        0.03989604416409
C            3.12932232553198        0.41009378772275       -0.02451632352072
C            1.85130097352603        0.28525239147167       -0.36673716641622
C            1.21308778299612       -1.04639462785823       -0.43145011669516
O            1.85641564023201       -2.07771031226279       -0.52321837066513
N           -0.15661785716375       -1.05115912403830       -0.46086828182383
C           -0.84048989484058       -2.31935093337579       -0.65310459044060
C           -1.38144616100940       -2.86928474673147        0.66280224620615
C           -0.94117804643930        0.05742880339459       -0.08541113612268
C           -0.67517345885850        0.73685725603335        1.10186309457233
C           -1.45195495236820        1.81696842126718        1.47620475298741
C           -2.51114405066275        2.22377966781350        0.68158235092741
C           -2.78539484969136        1.54619176129212       -0.49438360402957
C           -2.00682811349172        0.47016338193728       -0.87962382718032
H            4.25362429143860        1.85735281397213        1.04862222336920
H            4.73339583794016        1.65815526797844       -0.62897823971319
H            3.24003998909834        2.53242680591729       -0.24040785083482
H            3.68200379643475       -0.48349541742385        0.23622288801851
H            1.25364404810575        1.14355802788832       -0.63832189081939
H           -1.65617615428894       -2.18446654043355       -1.36791455838949
H           -0.10522041126578       -3.00965517781623       -1.07211515884842
H           -0.56603204228594       -3.01664600557878        1.36660430538640
H           -2.10137249805545       -2.17881493774337        1.09929163490051
H           -1.87076140998237       -3.82443886680491        0.49180652838232
H            0.14386833929163        0.40916821907488        1.72507708955326
H           -1.23523782310336        2.33737643851569        2.39730504543384
H           -3.12037651383560        3.06398074163899        0.97823317987677
H           -3.60795542012409        1.86013240565670       -1.11992578020151
H           -2.21737446807361       -0.04203260573121       -1.80638372127156
29
 energy: -40.320560186488 gnorm: 0.000946719150 xtb: 6.7.1 (edcfbbe)
C            3.87669720210836        1.69408955654949        0.03730533653153
C            3.12922990754117        0.41124826157255       -0.02463970962138
C            1.85091451171975        0.28687033694010       -0.36573811598078
C            1.21327372439531       -1.04517897987022       -0.42815721217578
O            1.85752448226279       -2.07656028920561       -0.51585162751449
N           -0.15623829196510       -1.05044826604124       -0.46139326970216
C           -0.83915499315572       -2.31912136630180       -0.65300147755950
C           -1.38235467958058       -2.86728350249152        0.66278940364484
C           -0.94138051537495        0.05763785947135       -0.08600605824931
C           -0.67781541991405        0.73443405008418        1.10310596513766
C           -1.45569047256434        1.81361329068782        1.47826776510044
C           -2.51290081220904        2.22235126756833        0.68219559759686
C           -2.78477675110474        1.54704420293455       -0.49584199985476
C           -2.00566049920820        0.47160451828108       -0.88154969600392
H            4.26119587248915        1.85480729321483        1.04428713958822
H            4.73294005418861        1.65582010274071       -0.63559164559153
H            3.24345111977254        2.53344681439967       -0.23982105439081
H            3.68118212810111       -0.48256315066424        0.23708637312565
H            1.25391021675809        1.14414179644567       -0.64010973160045
H           -1.65374956748976       -2.18561134222137       -1.36924258270145
H           -0.10281954147282       -3.00973769991011       -1.06929810258722
H           -0.56850349664891       -3.01214095499523        1.36884225071894
H           -2.10422771001294       -2.17695067118248        1.09621772789856
H           -1.87010036021070       -3.82342379687495        0.49243112984623
H            0.14025276221283        0.40559049137459        1.72680138056470
H           -1.24121504147380        2.33204804975694        2.40091544161488
H           -3.12255308058534        3.06193750772039        0.97958978057599
H           -3.60635375919503        1.86161255099017       -1.12212852584454
H           -2.21507698938604       -0.03927793097134       -1.80931371576082
29
 energy: -40.320562467173 gnorm: 0.000691609193 xtb: 6.7.1 (edcfbbe)
C            3.87682866424619        1.69438930823441        0.03688583667608
C            3.12973404989689        0.41121493215163       -0.02597265917864
C            1.85106404828098        0.28670114805927       -0.36594228952730
C            1.21342211845038       -1.04499145699504       -0.42739474397022
O            1.85738478556808       -2.07637369771122       -0.51376794638761
N           -0.15610962156121       -1.05052497256117       -0.46084277040255
C           -0.83866185554427       -2.31940146116382       -0.65285264785776
C           -1.38294959179420       -2.86734045212622        0.66270368905823
C           -0.94141548252934        0.05751427098149       -0.08578559204732
C           -0.67837210155200        0.73433808162888        1.10355573981544
C           -1.45629309243464        1.81354536503540        1.47845670011418
C           -2.51303469339400        2.22239228154252        0.68203195185133
C           -2.78466644473073        1.54706557023959       -0.49594950440739
C           -2.00560107413969        0.47160882559103       -0.88147286509157
H            4.26213819716294        1.85390789043756        1.04381867777986
H            4.73270861943268        1.65700505140494       -0.63672125852392
H            3.24347168307420        2.53441028430391       -0.23894772309353
H            3.68217010679005       -0.48368634581055        0.23313933112267
H            1.25230359742548        1.14484978848410       -0.63694732696154
H           -1.65246065524176       -2.18644184287468       -1.37016690122600
H           -0.10171898043335       -3.00995900425273       -1.06820877610229
H           -0.56918118354564       -3.01330320392776        1.36866614035958
H           -2.10392377050452       -2.17615757315801        1.09609285188965
H           -1.87171355197361       -3.82279143297860        0.49224894392709
H            0.13912473251630        0.40483627214260        1.72787061552612
H           -1.24213555923354        2.33139622397232        2.40163988187867
H           -3.12268962021122        3.06226016321098        0.97890011581107
H           -3.60527932570347        1.86274854239381       -1.12337822582688
H           -2.21414399831936       -0.03921255625235       -1.80950847839985
29
 energy: -40.320564633762 gnorm: 0.000543047212 xtb: 6.7.1 (edcfbbe)
C            3.87692720120749        1.69471001284194        0.03584974201812
C            3.13080929001897        0.41122083664543       -0.02736412107478
C            1.85134543880956        0.28651737604829       -0.36474724694431
C            1.21404228713701       -1.04533388733995       -0.42724817444237
O            1.85774322292924       -2.07696951497639       -0.51362398804389
N           -0.15577054487622       -1.05082731749396       -0.45988538204848
C           -0.83826698702541       -2.31977094584569       -0.65246576284631
C           -1.38410043603509       -2.86743341682518        0.66256112785559
C           -0.94144037541838        0.05707616087641       -0.08491079649029
C           -0.67926430146581        0.73414080359400        1.10465722176047
C           -1.45736994576613        1.81336130098488        1.47907114087652
C           -2.51319740086139        2.22254145457345        0.68163715253832
C           -2.78388395844769        1.54747110798538       -0.49664912776884
C           -2.00498855778641        0.47165299697047       -0.88134167783286
H            4.26267223852091        1.85398919579132        1.04247257342946
H            4.73251524793419        1.65907884948122       -0.63800725097917
H            3.24271135385259        2.53436566531190       -0.23890437576084
H            3.68353840408781       -0.48382566438680        0.22950750067919
H            1.25133103324979        1.14498754833322       -0.63232968388652
H           -1.65092316873923       -2.18707416322452       -1.37118952377861
H           -0.10082478359860       -3.01037553547287       -1.06688374309244
H           -0.57049318062659       -3.01549777827784        1.36842261582623
H           -2.10347618171103       -2.17480125145291        1.09613757601577
H           -1.87481147423858       -3.82165837590963        0.49171047024794
H            0.13758492055615        0.40444283702249        1.72980981956916
H           -1.24355052559039        2.33077714107634        2.40265222871875
H           -3.12323092763904        3.06249100525283        0.97778495787124
H           -3.60354942308278        1.86388087412893       -1.12487278132289
H           -2.21207846539731       -0.03913731571045       -1.80969972428859
29
 energy: -40.320567225897 gnorm: 0.000665022991 xtb: 6.7.1 (edcfbbe)
C            3.87754486215387        1.69551073930639        0.03339537284541
C            3.13281729792792        0.41139910484904       -0.03035206665716
C            1.85181034539429        0.28657967587460       -0.36215391978306
C            1.21512684471064       -1.04552196810332       -0.42524338980504
O            1.85882862247428       -2.07722151549511       -0.51083498327411
N           -0.15483681577740       -1.05122513383360       -0.45813948500506
C           -0.83724284273239       -2.32017225017569       -0.65154459310056
C           -1.38671464823827       -2.86660074679175        0.66240906606383
C           -0.94112161042797        0.05650101814510       -0.08374619761203
C           -0.68151364881095        0.73248872164816        1.10708269415900
C           -1.46027468237259        1.81152367008570        1.48081790555466
C           -2.51395267543928        2.22184394539084        0.68120397001714
C           -2.78191666616734        1.54810124196794       -0.49852165477222
C           -2.00264299277886        0.47226459617839       -0.88229609550338
H            4.26635702720911        1.85267140822140        1.03940974047913
H            4.73101685976470        1.66307951778358       -0.64351612636375
H            3.24094990354506        2.53505421397119       -0.23700207907559
H            3.68710851785659       -0.48399172370458        0.22152314215122
H            1.25004658975198        1.14517221470852       -0.62477617639627
H           -1.64779135407245       -2.18779083855757       -1.37273822920647
H           -0.09884856992585       -3.01124915786528       -1.06349723608145
H           -0.57451004980171       -3.01774278727857        1.36936183739145
H           -2.10421572200471       -2.17159275219985        1.09526167375786
H           -1.88050314680017       -3.81904015510251        0.49057407590101
H            0.13399293086447        0.40230551551851        1.73372369826287
H           -1.24806116178914        2.32797338006539        2.40527903114980
H           -3.12451555310928        3.06180440181245        0.97636030457286
H           -3.59967633418463        1.86581399580825       -1.12841863949390
H           -2.20726132722227       -0.03793833222535       -1.81147087337063
29
 energy: -40.320568549459 gnorm: 0.000277128050 xtb: 6.7.1 (edcfbbe)
C            3.87808824447595        1.69552225741328        0.03273395094806
C            3.13327087197151        0.41134717903546       -0.03049939484101
C            1.85204890285996        0.28655313158932       -0.36065911506422
C            1.21522074323581       -1.04543697641998       -0.42320372567745
O            1.85910158711977       -2.07687791652779       -0.51043872829971
N           -0.15460576172383       -1.05108903990683       -0.45715369849937
C           -0.83710840303105       -2.31978915742156       -0.65143970628954
C           -1.38720129108528       -2.86661054578105        0.66204248100166
C           -0.94100845997679        0.05666244659414       -0.08331491527855
C           -0.68197391153847        0.73240012326669        1.10759741834819
C           -1.46080372697529        1.81154709473672        1.48083783416280
C           -2.51443676803572        2.22162000047056        0.68091604638347
C           -2.78183738528280        1.54782356766376       -0.49889246625933
C           -2.00195552857976        0.47231825061594       -0.88250766726330
H            4.26796692949194        1.85295154298924        1.03823206336615
H            4.73063406855786        1.66309837228488       -0.64499678485953
H            3.24123878455752        2.53471966359830       -0.23681785167542
H            3.68849750418099       -0.48389418747965        0.21935041145078
H            1.25050328777829        1.14496618681506       -0.62270293137432
H           -1.64758667886939       -2.18681921227596       -1.37256853754177
H           -0.09877507612541       -3.01091805470297       -1.06341310046656
H           -0.57567241828370       -3.01834655775934        1.36951323531403
H           -2.10490036005486       -2.17181812495189        1.09502883724276
H           -1.88117696629292       -3.81891269089657        0.48919795490523
H            0.13349556047817        0.40245288287560        1.73436128344964
H           -1.24924072798186        2.32826637294634        2.40525894120255
H           -3.12518308237096        3.06135466100938        0.97609660150943
H           -3.59995334909017        1.86477786089030       -1.12872600285592
H           -2.20664658941188       -0.03786913066910       -1.81168166623315
29
 energy: -40.320569508692 gnorm: 0.000305451729 xtb: 6.7.1 (edcfbbe)
C            3.87896156638906        1.69551545664037        0.03168552051700
C            3.13408799602592        0.41122027187038       -0.03063013934315
C            1.85234194463313        0.28668926878312       -0.35870018752054
C            1.21541507206135       -1.04521818642110       -0.42247443343665
O            1.85947051251340       -2.07656162652403       -0.50997289212247
N           -0.15431776947318       -1.05093930908453       -0.45627425432574
C           -0.83695952954586       -2.31942048961424       -0.65115829498527
C           -1.38784054141901       -2.86690632436442        0.66169785976483
C           -0.94087567345570        0.05684833931995       -0.08286199556764
C           -0.68235322575208        0.73267155463782        1.10806153441793
C           -1.46155629246398        1.81168930229590        1.48087514826625
C           -2.51516573295679        2.22133429970346        0.68060574662643
C           -2.78201271061974        1.54733159105413       -0.49917985739430
C           -2.00156480119431        0.47207669750060       -0.88249637603316
H            4.27010802864768        1.85291306750311        1.03668186771383
H            4.73054753726523        1.66306351456142       -0.64711588448676
H            3.24165637187095        2.53456786796463       -0.23683714629755
H            3.69009425443903       -0.48391416606554        0.21770760065194
H            1.25066373926380        1.14537809159468       -0.61890326737021
H           -1.64728227272767       -2.18579977488913       -1.37229402581205
H           -0.09872891473320       -3.01050465031048       -1.06335129159202
H           -0.57694515439265       -3.01937308019625        1.36967055769233
H           -2.10571956126078       -2.17225464637649        1.09468883699775
H           -1.88206713865684       -3.81896275490526        0.48780592116597
H            0.13277546222859        0.40276566790308        1.73527195354947
H           -1.25071555912804        2.32876006435271        2.40524931601037
H           -3.12612109457524        3.06090762127130        0.97568712217896
H           -3.60001946271717        1.86389180206363       -1.12935430554141
H           -2.20587705026824       -0.03776947026654       -1.81193386691856
