28
 energy: -34.443542568870 gnorm: 0.036411656602 xtb: 6.7.1 (edcfbbe)
C           -4.13932156357300       -0.93195432073200       -0.22285607949200
C           -2.88617407777800       -1.41419399717900        0.49042812103200
C           -1.62208409423300       -0.82580287606800       -0.13804247905400
C           -0.36560326032500       -1.31161869408500        0.58754686734600
C            0.93912689932700       -0.85579523164400       -0.07922436390700
C            1.15529732502800        0.66514707430400       -0.07668409445500
O            1.15373299557700        1.12809932898900        1.27724999891100
C            2.49608526155300        1.05230900168400       -0.73811775683600
C            2.66398922224400        2.56397801500300       -0.84234579286600
O            3.56780339838100        0.53470864556000        0.06109870787600
H           -4.22512477752200        0.15815422502000       -0.17149233142600
H           -4.12867477324600       -1.22680694238100       -1.27702657449000
H           -5.03047652428500       -1.36505919447300        0.24208279709200
H           -2.84842691294600       -2.50897561007800        0.44898403789500
H           -2.94252501541300       -1.13092640643200        1.54793597738800
H           -1.57059962419900       -1.11191768811300       -1.19545368799300
H           -1.68002120584300        0.26756573471300       -0.09867758885200
H           -0.36815248361100       -2.40873998935900        0.60995561798600
H           -0.38875963696500       -0.97929301097300        1.63221656921800
H            1.76110351062500       -1.34028275669200        0.46292983574300
H            0.96989925691600       -1.23004585349500       -1.10963619981400
H            0.33586159080600        1.16319261487600       -0.60442876346600
H            2.02746125018100        0.86661981013800        1.63177937212900
H            2.56461197348300        0.60427302371800       -1.73571682880500
H            2.69169749559500        3.03184011753400        0.14761443000100
H            1.85351587751900        3.01388146965100       -1.42355348997200
H            3.61499847212600        2.80812824230800       -1.32819931461000
H            4.40075942057900        0.78351526820700       -0.37704870651500
28
 energy: -34.445981023543 gnorm: 0.016253309563 xtb: 6.7.1 (edcfbbe)
C           -4.14467751856623       -0.93237253515989       -0.22229081208541
C           -2.88498990652110       -1.41100395578529        0.48594809627268
C           -1.61828283641694       -0.82737162431307       -0.13621304458602
C           -0.35609088746546       -1.30431146382439        0.57830251344240
C            0.95113212029239       -0.86034319188781       -0.08571779663316
C            1.17190019757147        0.65830641658283       -0.05548059571457
O            1.16406235563182        1.14645505953505        1.27609078943660
C            2.49818742010176        1.05080362167373       -0.73682516253503
C            2.65614763446695        2.56447050392711       -0.85037666090030
O            3.54688582425404        0.50435319807283        0.06469125926161
H           -4.22468491720302        0.15287994524480       -0.17213390537214
H           -4.13015203489217       -1.22390787329250       -1.27202080395025
H           -5.03424700461802       -1.36132055517355        0.23816804601551
H           -2.83976821142684       -2.50304236863438        0.44402490201818
H           -2.93162221333678       -1.12556277081271        1.54025836630985
H           -1.56977960786207       -1.11727548819025       -1.19005635064843
H           -1.67541901195464        0.26230661879288       -0.09231748514903
H           -0.36237056015934       -2.39872204714900        0.60509908818222
H           -0.37349180236217       -0.95041987342275        1.61228035295053
H            1.78633006520403       -1.32832011911180        0.44415733311127
H            0.97116149406800       -1.21232138023544       -1.12146680447613
H            0.35577260225939        1.16592102651959       -0.57567785348393
H            2.01722593210272        0.87301247227143        1.64815661865069
H            2.53826625875004        0.59820166659011       -1.73776498382062
H            2.65955031263836        3.01210607625720        0.14372795935206
H            1.84340463561642        3.00158513946472       -1.42637099975547
H            3.60112247190853        2.81025353141435       -1.33962984565662
H            4.38442718791986        0.75563997064720       -0.34524394017252
28
 energy: -34.446569168224 gnorm: 0.005425331648 xtb: 6.7.1 (edcfbbe)
C           -4.13666074971136       -0.93141112119652       -0.22330828716094
C           -2.87482063924825       -1.40982439090513        0.48468729520050
C           -1.61055705709304       -0.82419977671661       -0.14136143412662
C           -0.35094764597460       -1.29870506499504        0.57907611711531
C            0.95099852936155       -0.85404169416046       -0.08997946626244
C            1.16936087407202        0.66471392879232       -0.04440291881611
O            1.16784045616622        1.15147981042602        1.27611527489930
C            2.49476681681354        1.04226882926345       -0.73632899763036
C            2.65087998410136        2.55665617886550       -0.85239009879240
O            3.53242232978668        0.48344371634950        0.06150395922446
H           -4.21536152255461        0.15172189937071       -0.17254463396557
H           -4.12171990995522       -1.22300176349807       -1.27084222422907
H           -5.02278786699099       -1.36030221328471        0.23791599210306
H           -2.82801324346988       -2.50071293396836        0.44240980711171
H           -2.91935739931103       -1.12205857594278        1.53714938037205
H           -1.56248098158308       -1.11745435467088       -1.19336104085160
H           -1.66890807350613        0.26386655923849       -0.09687444259349
H           -0.35705811548743       -2.39148148607040        0.61470807277110
H           -0.36362909409194       -0.92675238201784        1.60514524914339
H            1.79370045351460       -1.32230365928087        0.42433433489491
H            0.96267019101518       -1.18291159799923       -1.13159159344148
H            0.35045886962645        1.17957424484018       -0.55469545926532
H            2.00498065821732        0.86075817420607        1.66139219766239
H            2.51557505306119        0.58822246541783       -1.73996625712214
H            2.63397165971862        2.99850077050064        0.14142436959312
H            1.83659356655106        2.97730346486061       -1.43313955960348
H            3.59268150925798        2.80625218483981       -1.33959020919946
H            4.37540134771484        0.74039878773675       -0.32416714696687
28
 energy: -34.446721350044 gnorm: 0.002560674063 xtb: 6.7.1 (edcfbbe)
C           -4.13176503549292       -0.93100111611897       -0.22430489364658
C           -2.86996153134952       -1.40963937060732        0.48448108941305
C           -1.60643615595828       -0.82412507056366       -0.14301947104866
C           -0.34802195646892       -1.29428441069781        0.58262655869680
C            0.94803181656127       -0.84947749814572       -0.09444217295537
C            1.16687246684844        0.66943361804083       -0.03889564445790
O            1.17072923794572        1.15101661100233        1.27899335023873
C            2.49253300406045        1.03836629769908       -0.73707847982217
C            2.64927193647185        2.55273053800384       -0.85481399911986
O            3.52547866131178        0.47335608893665        0.05600579640199
H           -4.20871895986814        0.15234463843749       -0.17314257119000
H           -4.11526841930126       -1.22338330188767       -1.27167903772900
H           -5.01723018962079       -1.36016439906116        0.23782303134571
H           -2.82247293099500       -2.50025767615713        0.44256725841513
H           -2.91365696594571       -1.12012164027621        1.53628176079082
H           -1.55561185092397       -1.12089030905571       -1.19367518380541
H           -1.66600116142550        0.26385390569244       -0.10261208580440
H           -0.35399539199418       -2.38610857588433        0.62924744564593
H           -0.35929138601166       -0.91083186940901        1.60419526121971
H            1.79565536714258       -1.32271770536015        0.40651735796081
H            0.95012497713404       -1.16549527311683       -1.13961259573960
H            0.34689421336552        1.18741568705023       -0.54514429626992
H            1.99577871865124        0.84056995027330        1.67607211863570
H            2.50485404779841        0.58467063090333       -1.74136956580843
H            2.61874105368661        2.99575041789928        0.13767146969775
H            1.83671343969109        2.96395206476071       -1.44545651453139
H            3.59348293815429        2.80563782066127       -1.33348504813411
H            4.37327005653360        0.73939994698188       -0.31243265833536
28
 energy: -34.446792905047 gnorm: 0.003110593009 xtb: 6.7.1 (edcfbbe)
C           -4.12922576529050       -0.93140359570438       -0.22518620694743
C           -2.86876038282430       -1.41048289571608        0.48537196059253
C           -1.60536280188580       -0.82633761988779       -0.14277713978141
C           -0.34678442965186       -1.28968524927085        0.58726607244212
C            0.94427412097412       -0.84684329959218       -0.09849388499691
C            1.16671110359939        0.67169128805774       -0.03655095533700
O            1.17525441774115        1.14739282566222        1.28213828598751
C            2.49246946958974        1.03754484935944       -0.73810900907407
C            2.64968218571123        2.55161622090678       -0.85696951242097
O            3.52404959730609        0.46846563846167        0.05004696690607
H           -4.20503074516107        0.15248984125355       -0.17462989358038
H           -4.11130107808898       -1.22456060843974       -1.27273429270468
H           -5.01565796473758       -1.35987044937922        0.23652852306490
H           -2.82149893353037       -2.50120864245276        0.44476836472881
H           -2.91244676041085       -1.11928827465279        1.53684796341969
H           -1.55107020377501       -1.12816847503667       -1.19194813068595
H           -1.66638605138467        0.26211280071086       -0.10916354937019
H           -0.35203074401730       -2.38089701057522        0.64589439809490
H           -0.35703377789474       -0.89633470549968        1.60531361805708
H            1.79605172282744       -1.32634821883841        0.38968072396176
H            0.93474428438392       -1.15509542593473       -1.14580109487895
H            0.34648628462947        1.19282537129380       -0.53923430077418
H            1.98988519466204        0.81727633599538        1.68682872800618
H            2.49984608110625        0.58522344144825       -1.74279766088250
H            2.60597523723147        2.99833421897614        0.13367739835959
H            1.84317083243417        2.95837161391735       -1.46031458718477
H            3.59950072091297        2.80600533320132       -1.32381260068265
H            4.37448838554459        0.74717469173700       -0.30452190425511
28
 energy: -34.446841957972 gnorm: 0.003151098758 xtb: 6.7.1 (edcfbbe)
C           -4.12866591580485       -0.93288283200308       -0.22589200940998
C           -2.87002361495971       -1.41191503307615        0.48717567238638
C           -1.60640381133526       -0.83018404103751       -0.14174306511933
C           -0.34657091119148       -1.28425950473069        0.59221784692345
C            0.94037865526385       -0.84508875193158       -0.10287523725372
C            1.16838970085582        0.67252854029940       -0.03556400831007
O            1.18190273276322        1.14176000115091        1.28590318648055
C            2.49369762654185        1.03808313599351       -0.73953835980946
C            2.65157670712090        2.55172388183755       -0.85827867941137
O            3.52635371051626        0.46644192554303        0.04378956639728
H           -4.20375185979980        0.15148943373623       -0.17694853670066
H           -4.10915798484891       -1.22713542913221       -1.27345175737227
H           -5.01687495198830       -1.35989872784697        0.23448520195565
H           -2.82371105126184       -2.50292509154589        0.44906632160777
H           -2.91436970097573       -1.11857726465338        1.53824855678204
H           -1.54898969379979       -1.13926414339169       -1.18890095176775
H           -1.66955631485595        0.25883161036747       -0.11724379746946
H           -0.35029875893070       -2.37490306390137        0.66372253774991
H           -0.35586777592804       -0.88062438357899        1.60662604846975
H            1.79536513487429       -1.33117260418002        0.37332898056750
H            0.91837033561666       -1.14838398533760       -1.15146237696915
H            0.34829632985134        1.19796471162995       -0.53367720419727
H            1.98796004219681        0.79415792858508        1.69279229673744
H            2.49783879010424        0.58757586454058       -1.74486808370724
H            2.59303595304599        3.00246059148599        0.13031260288849
H            1.85493460900028        2.95736669123118       -1.47636006008646
H            3.60929040058788        2.80599393642997       -1.31031014378835
H            4.37685161734199        0.76083660351729       -0.29923626750969
28
 energy: -34.446872877130 gnorm: 0.002196186691 xtb: 6.7.1 (edcfbbe)
C           -4.13002771204077       -0.93542130966234       -0.22608612661336
C           -2.87269612644930       -1.41334186994709        0.48952746872434
C           -1.60897142890715       -0.83437992082993       -0.14123327020818
C           -0.34750454138127       -1.27922048826536        0.59560978239118
C            0.93718731684786       -0.84368136982581       -0.10652364719886
C            1.17113243686237        0.67268231463609       -0.03565874084794
O            1.18964460928486        1.13658428065652        1.28897298372900
C            2.49552773071280        1.03925049369433       -0.74104013416298
C            2.65445350063008        2.55251999100631       -0.85835991653491
O            3.53052742577595        0.46622099922837        0.03894395106735
H           -4.20508985927805        0.14915270803436       -0.17953779910395
H           -4.10916108144186       -1.23137838670271       -1.27324426966852
H           -5.01966006063497       -1.36095058740141        0.23312919041783
H           -2.82742231510449       -2.50465365350524        0.45494322111956
H           -2.91772545279069       -1.11711238925256        1.53991018650945
H           -1.55002237374868       -1.15148293050783       -1.18608474794286
H           -1.67437271776424        0.25492616466195       -0.12589902693342
H           -0.34913907726846       -2.36924716831011        0.67772782125160
H           -0.35601252111995       -0.86650292902293        1.60652601538215
H            1.79352803365031       -1.33474478051947        0.36171773248920
H            0.90596962623948       -1.14463749185036       -1.15550750077600
H            0.35141612173123        1.20295808099441       -0.52889309044137
H            1.99103165558707        0.77736326934302        1.69284844801152
H            2.49813303897412        0.59006669628589       -1.74702993403529
H            2.58223723162257        3.00518829733924        0.12865625075208
H            1.86844805254225        2.95955883535043       -1.48911508019497
H            3.61972885414346        2.80566438259366       -1.29614830139806
H            4.37883963332647        0.77461876177959       -0.29683318572061
28
 energy: -34.446888747823 gnorm: 0.001331517912 xtb: 6.7.1 (edcfbbe)
C           -4.13240186605854       -0.93840751360127       -0.22558506795643
C           -2.87503198395068       -1.41391590305408        0.49162244846277
C           -1.61161452033775       -0.83732686189332       -0.14215185662012
C           -0.34893565609474       -1.27549976004042        0.59640261616568
C            0.93541810668055       -0.84222031794485       -0.10880677739234
C            1.17353938313157        0.67309069971143       -0.03614314737536
O            1.19624035008053        1.13401313450224        1.29047187684754
C            2.49707038171863        1.03997613006304       -0.74235101481087
C            2.65714519793180        2.55313476723835       -0.85750465279880
O            3.53374931684835        0.46609960379187        0.03655438604808
H           -4.20813780432668        0.14610750107421       -0.18170640260941
H           -4.11087382214191       -1.23665634829164       -1.27197017706452
H           -5.02222433059151       -1.36310653215112        0.23376092223652
H           -2.83014641980618       -2.50540006384362        0.46100897817503
H           -2.92002258071220       -1.11414742546779        1.54100707871611
H           -1.55291149231353       -1.16115909688216       -1.18492867865783
H           -1.67862561083767        0.25189568066582       -0.13375846771877
H           -0.34860878427435       -2.36493923381990        0.68457800646024
H           -0.35721875336369       -0.85679612384163        1.60468462866383
H            1.79148274374115       -1.33570764033209        0.35675606383682
H            0.90053905861678       -1.14242763164781       -1.15777465014937
H            0.35417006616457        1.20725702513596       -0.52555019732008
H            1.99686438566387        0.76944315361708        1.68968073479276
H            2.49958262986173        0.59129618125151       -1.74874916228029
H            2.57535499820107        3.00508143764682        0.12886595866877
H            1.87876117705832        2.96196107437136       -1.49582476853853
H            3.62713176626013        2.80540564774053       -1.28539074375644
H            4.37970406285135        0.78294841600247       -0.29587965396095
28
 energy: -34.446900541329 gnorm: 0.001460592458 xtb: 6.7.1 (edcfbbe)
C           -4.13630820753261       -0.94327834954354       -0.22401607495691
C           -2.87725340894155       -1.41324499444337        0.49443185805297
C           -1.61495061319146       -0.84028208298090       -0.14570757235466
C           -0.35126051576888       -1.27102323228213        0.59517375941769
C            0.93371836755765       -0.83977784601264       -0.11145434333391
C            1.17617706664466        0.67434431857713       -0.03670021972474
O            1.20462922562263        1.13200259234980        1.29152837805045
C            2.49886182783100        1.04029302619564       -0.74393695046887
C            2.66068700318982        2.55353254923080       -0.85562702527170
O            3.53632723171494        0.46454249468510        0.03488111297832
H           -4.21390337373496        0.14107022458695       -0.18498807606003
H           -4.11488836121592       -1.24628989462212       -1.26882514823671
H           -5.02485869733365       -1.36743975168814        0.23777944868256
H           -2.83199737999910       -2.50486405539609        0.47100471862622
H           -2.92090894493393       -1.10656494679576        1.54179923991968
H           -1.55782345295016       -1.17343939883832       -1.18549263610893
H           -1.68347139578710        0.24865794389930       -0.14647523057044
H           -0.34852584306707       -2.35970817530435        0.68936661531146
H           -0.35995359263878       -0.84559586879302        1.60027942356191
H            1.78864653575363       -1.33522693005899        0.35372039217070
H            0.89771895728142       -1.13902372937648       -1.16056809639465
H            0.35697389119517        1.21299827072137       -0.52138914768591
H            2.00714200120752        0.76479361845740        1.68404639252847
H            2.50200163976169        0.59207126821343       -1.75069754424950
H            2.56735383487668        3.00258893897962        0.13064077772550
H            1.89027320397124        2.96388269493132       -1.50174001189131
H            3.63533592909896        2.80558191530073       -1.27211793944124
H            4.38025707138910        0.78939940000822       -0.29359782021234
28
 energy: -34.446908519186 gnorm: 0.001094199517 xtb: 6.7.1 (edcfbbe)
C           -4.13849730183871       -0.94625257278488       -0.22251699365498
C           -2.87733330233221       -1.41144997355339        0.49559190053556
C           -1.61612602171644       -0.84097983908943       -0.14931781341677
C           -0.35244766956229       -1.26933163970624        0.59288341562836
C            0.93322113513560       -0.83847975168024       -0.11267155508408
C            1.17676541717865        0.67538567085086       -0.03649166489005
O            1.20748780944484        1.13146789181395        1.29183186285044
C            2.49955654396487        1.04007722902433       -0.74408437955402
C            2.66226309924976        2.55343610580365       -0.85429709755401
O            3.53608809964101        0.46280024381574        0.03503552538804
H           -4.21792518127474        0.13807588530050       -0.18721266980597
H           -4.11832186804059       -1.25322043211435       -1.26617597472468
H           -5.02521813960796       -1.37051545918381        0.24271150458646
H           -2.83109486788186       -2.50307096353845        0.47744196589215
H           -2.91912861791683       -1.09947740434990        1.54141536737607
H           -1.56023815079335       -1.17876804925937       -1.18756013014777
H           -1.68455118449917        0.24786612143026       -0.15478040411865
H           -0.34918821441326       -2.35776828555088        0.68892578086798
H           -0.36210046021488       -0.84196565619271        1.59703763518445
H            1.78737694777743       -1.33457248090239        0.35364775902692
H            0.89869604575165       -1.13694982004090       -1.16211201467866
H            0.35742808099125        1.21515890288442       -0.51971898475813
H            2.01295599561652        0.76716855507122        1.68176281316722
H            2.50301481952620        0.59223254416777       -1.75089157387626
H            2.56481069131441        3.00116326482617        0.13199091882729
H            1.89385242157063        2.96358587075264       -1.50293176124806
H            3.63810033789439        2.80615783290138       -1.26680312755553
H            4.38055353503601        0.78822620930499       -0.29139202419921
28
 energy: -34.446916700853 gnorm: 0.000525847693 xtb: 6.7.1 (edcfbbe)
C           -4.14160207144495       -0.95081259542034       -0.22017795795463
C           -2.87730390624653       -1.40819058776394        0.49735072684585
C           -1.61777125241570       -0.84229871750182       -0.15494042263052
C           -0.35408882146327       -1.26726293534476        0.58933457564862
C            0.93228390151543       -0.83703235594721       -0.11467431043071
C            1.17764926099108        0.67658237112617       -0.03581443736070
O            1.21045641077136        1.13010245997708        1.29285690963741
C            2.50086095230667        1.04028060816660       -0.74348307811218
C            2.66473691052529        2.55366172327510       -0.85233770236578
O            3.53589225525667        0.46090121177324        0.03544869862346
H           -4.22409994116111        0.13357006536437       -0.19159131254929
H           -4.12406072844225       -1.26465647347470       -1.26191553624835
H           -5.02553852775131       -1.37468662494194        0.25095067568547
H           -2.82971081304436       -2.49987362159681        0.48814886924346
H           -2.91616772884900       -1.08748997884197        1.54066044596398
H           -1.56359599523192       -1.18733882834126       -1.19090003635084
H           -1.68545493456504        0.24662965851182       -0.16808131179320
H           -0.35040923416029       -2.35548854499053        0.68825912990906
H           -0.36539827407910       -0.83755294431130        1.59257261831082
H            1.78543180682242       -1.33475260885809        0.35221357303682
H            0.89908097744990       -1.13404106128050       -1.16464642267225
H            0.35842196213902        1.21779286674496       -0.51767716992162
H            2.02057294674011        0.77133419906212        1.67971057011093
H            2.50405620700733        0.59344422837908       -1.75053620600492
H            2.56214495125446        3.00126366753315        0.13352260703349
H            1.89923536549032        2.96360712546683       -1.50495479418219
H            3.64262946935847        2.80681388948215       -1.25961462012262
H            4.38174885122725        0.78549380375345       -0.28836580128539
28
 energy: -34.446920096133 gnorm: 0.000473377692 xtb: 6.7.1 (edcfbbe)
C           -4.14337498841491       -0.95371440867290       -0.21903204633887
C           -2.87757556649751       -1.40593120579455        0.49889284111855
C           -1.61879345767712       -0.84376034742957       -0.15788409130831
C           -0.35477264252216       -1.26610506454601        0.58739139337497
C            0.93172880719775       -0.83614019235228       -0.11627206542321
C            1.17811800197619        0.67730198742506       -0.03540498340587
O            1.21141115718121        1.12896713343786        1.29380629817036
C            2.50173913666185        1.04070871420226       -0.74274674430902
C            2.66646957579571        2.55403151696729       -0.85097554056248
O            3.53601370684964        0.46021526206830        0.03581226892494
H           -4.22729357838469        0.13073143160715       -0.19599465304853
H           -4.12730132556036       -1.27302408512504       -1.25917419426578
H           -5.02600598781471       -1.37623894904370        0.25586770951436
H           -2.82942838697754       -2.49763745157823        0.49615746048002
H           -2.91500645519300       -1.07911540299895        1.54036575241403
H           -1.56574423154456       -1.19378851234872       -1.19223916235760
H           -1.68579996688584        0.24515438939786       -0.17639646456362
H           -0.35059718582944       -2.35418970694484        0.68820846054112
H           -0.36707192658402       -0.83495781735303        1.59008027210079
H            1.78458496076584       -1.33515893875010        0.34983327054756
H            0.89818658113906       -1.13169661184237       -1.16668734309341
H            0.35917539230814        1.21953223512680       -0.51668514244703
H            2.02389617945052        0.77321608550741        1.67890332764036
H            2.50446928860789        0.59467498904538       -1.75013968473520
H            2.56196633212269        3.00217172910016        0.13438132288023
H            1.90294074163534        2.96440860698703       -1.50553887214456
H            3.64544065232116        2.80675761531768       -1.25587047177637
H            4.38262518587381        0.78358699859097       -0.28734063786328
28
 energy: -34.446922972312 gnorm: 0.000482715767 xtb: 6.7.1 (edcfbbe)
C           -4.14397205393065       -0.95562480553039       -0.21863622172721
C           -2.87776015711590       -1.40442284418002        0.50052894979022
C           -1.61939337131509       -0.84512489451032       -0.15928741491979
C           -0.35505087635191       -1.26568031400405        0.58649677539956
C            0.93092050540117       -0.83535456445767       -0.11780651452360
C            1.17822876395971        0.67792967492714       -0.03530055916684
O            1.21125394864287        1.12844298803541        1.29435114660255
C            2.50226172360679        1.04137152317079       -0.74201400499582
C            2.66793330136915        2.55459448041798       -0.85011445824765
O            3.53588048207903        0.46006197970491        0.03637243204768
H           -4.22821785862763        0.12888777608630       -0.20049031310714
H           -4.12866805314410       -1.27962661395584       -1.25733908041098
H           -5.02621220390125       -1.37612606776845        0.25877226441651
H           -2.82952712514356       -2.49612082966965        0.50267759035568
H           -2.91470684626615       -1.07301355613418        1.54054872589443
H           -1.56724887669628       -1.19881782100280       -1.19244726778470
H           -1.68577088155278        0.24376487534016       -0.18165226749267
H           -0.35009677473069       -2.35368219585591        0.68867109657567
H           -0.36759637022676       -0.83339064403127        1.58876334029708
H            1.78399321693018       -1.33535013751161        0.34668921298015
H            0.89614635007516       -1.12952649027816       -1.16854049182023
H            0.35976080774470        1.22101111773500       -0.51645649798470
H            2.02422420645925        0.77310385872786        1.67902480450292
H            2.50462813061845        0.59584198127370       -1.74966169677057
H            2.56295761240831        3.00319924987646        0.13510924401050
H            1.90538771605412        2.96543074036532       -1.50555126559289
H            3.64761153077318        2.80648545492546       -1.25417340577171
H            4.38303315288159        0.78173607830474       -0.28721584249227
28
 energy: -34.446926760028 gnorm: 0.000471925799 xtb: 6.7.1 (edcfbbe)
C           -4.14425655942513       -0.95760912813407       -0.21869876476017
C           -2.87811744362096       -1.40270070812071        0.50280632114501
C           -1.61985169842453       -0.84683538510577       -0.15989565159376
C           -0.35477263230114       -1.26540935133739        0.58571395309879
C            0.93036082705102       -0.83430488789576       -0.11968574996039
C            1.17784924245068        0.67890577883053       -0.03553555467540
O            1.20976351454268        1.12828520782979        1.29462418718505
C            2.50260159901833        1.04215008709369       -0.74109633754656
C            2.66951915062617        2.55526924993795       -0.84901516870736
O            3.53544435635472        0.46012723492641        0.03752173563058
H           -4.22789149169177        0.12704121566451       -0.20711572693794
H           -4.12932817510618       -1.28783598584989       -1.25544548278083
H           -5.02669783613214       -1.37467618807466        0.26133897146248
H           -2.82991474072690       -2.49436341256097        0.51059678392443
H           -2.91506994586753       -1.06597585452109        1.54109321654304
H           -1.56894563323935       -1.20420776540864       -1.19182634114661
H           -1.68534877162580        0.24198285492484       -0.18606285126375
H           -0.34868552630010       -2.35331469154276        0.68863060668744
H           -0.36736623460885       -0.83254787948284        1.58772155388616
H            1.78406314085910       -1.33512895994797        0.34255135595008
H            0.89366767757370       -1.12679886141630       -1.17078050098010
H            0.35999516117416        1.22271817898742       -0.51697564083546
H            2.02232849727346        0.77259066179733        1.67955269883407
H            2.50492925442244        0.59706053830249       -1.74900433622903
H            2.56651676483341        3.00422210052217        0.13622368009556
H            1.90695974274128        2.96721222107314       -1.50355023454980
H            3.64908479409497        2.80587587954920       -1.25421097371669
H            4.38316296605522        0.77826784996025       -0.28815746869463
28
 energy: -34.446930865180 gnorm: 0.000413011489 xtb: 6.7.1 (edcfbbe)
C           -4.14430594861164       -0.96018249544637       -0.21892946133472
C           -2.87846193673854       -1.40067233489649        0.50600493755171
C           -1.62042605470300       -0.84884105866348       -0.16053117941232
C           -0.35461929977543       -1.26513594600142        0.58503440969589
C            0.92916367950747       -0.83280892045343       -0.12224045757617
C            1.17742820981378        0.68021557124919       -0.03628683323266
O            1.20822825246666        1.12850933302061        1.29434798121763
C            2.50298364223746        1.04324444610238       -0.74037956774006
C            2.67172873111361        2.55623147384665       -0.84759527653007
O            3.53473888997871        0.45998474700368        0.03888459934817
H           -4.22689329096305        0.12462882535342       -0.21597016412744
H           -4.12968550734183       -1.29862202519113       -1.25305316998486
H           -5.02716325603583       -1.37258883095663        0.26434199276544
H           -2.83030149526934       -2.49230175329655        0.52089652986659
H           -2.91567163289341       -1.05719872143998        1.54210035756644
H           -1.57116894426887       -1.21092499651523       -1.19093779116103
H           -1.68504324121217        0.23994339818790       -0.19147581489093
H           -0.34688443743807       -2.35294944263947        0.68931384429730
H           -0.36695284873632       -0.83086891394492        1.58648233929636
H            1.78374357739802       -1.33433370382318        0.33737803051002
H            0.89019633045936       -1.12353595326508       -1.17368258036106
H            0.36037247069059        1.22504369948332       -0.51790946222687
H            2.01935719855672        0.77063526840473        1.68012446711247
H            2.50575799113071        0.59863546425140       -1.74851521097863
H            2.57095489582931        3.00462202695689        0.13825485773865
H            1.90867993584307        2.96967440338453       -1.50065887476318
H            3.65112954457422        2.80560342472051       -1.25423533770718
H            4.38311454438877        0.77399301456905       -0.28944488487524
28
 energy: -34.446933655155 gnorm: 0.000288636309 xtb: 6.7.1 (edcfbbe)
C           -4.14462484420016       -0.96255001535016       -0.21911098332936
C           -2.87878460915209       -1.39884121703628        0.50843274759358
C           -1.62094129878599       -0.85025286056662       -0.16114611603028
C           -0.35442043609374       -1.26428672903400        0.58435042792986
C            0.92861392382848       -0.83158841895930       -0.12412085828715
C            1.17711702892417        0.68135046985842       -0.03703168147736
O            1.20742970299347        1.12879046344324        1.29387307050153
C            2.50328357453296        1.04387296074906       -0.74013646695370
C            2.67335378259515        2.55680096249502       -0.84613528137501
O            3.53432500888456        0.45944706427574        0.03951118403535
H           -4.22647183967638        0.12228301922225       -0.22342588893112
H           -4.13029005055414       -1.30791950311794       -1.25091887834270
H           -5.02765991010872       -1.37115239496056        0.26699947568719
H           -2.83036335844612       -2.49034535531567        0.52926119002826
H           -2.91611252891178       -1.04975056914549        1.54262188212548
H           -1.57301932831777       -1.21607674056438       -1.19027028711730
H           -1.68497375722070        0.23842309410930       -0.19595707821720
H           -0.34555100431853       -2.35192096301264        0.68991520353394
H           -0.36664149494177       -0.82883857606121        1.58522898939918
H            1.78374580104208       -1.33365569480825        0.33388120736533
H            0.88814328822174       -1.12123830731592       -1.17577998529693
H            0.36054486463237        1.22694333904696       -0.51864185669971
H            2.01723596431670        0.76892362251604        1.68035176250672
H            2.50648829263366        0.59978375579050       -1.74849591122742
H            2.57455140948885        3.00411494995876        0.14038465344336
H            1.90961336197762        2.97167199602881       -1.49752714882755
H            3.65234455813499        2.80560481678068       -1.25403127348137
H            4.38306389852204        0.77040683097455       -0.29076381849136
28
 energy: -34.446935642334 gnorm: 0.000222803284 xtb: 6.7.1 (edcfbbe)
C           -4.14498206482864       -0.96446883886207       -0.21919443398222
C           -2.87892397734852       -1.39738335844598        0.51002801074193
C           -1.62136226682904       -0.85097475431224       -0.16193208716256
C           -0.35460394968317       -1.26347368113206        0.58393166816868
C            0.92810848033928       -0.83086190586062       -0.12524087993134
C            1.17721145868348        0.68193466521486       -0.03766044760847
O            1.20748859839840        1.12883271266134        1.29337953313246
C            2.50357528841347        1.04425937901044       -0.74041463419586
C            2.67450185749607        2.55719586943489       -0.84485603898041
O            3.53425359208415        0.45861499234742        0.03910088383164
H           -4.22661846894073        0.12030780837226       -0.22877216602700
H           -4.13102939614359       -1.31490436687671       -1.24926004590792
H           -5.02788739014067       -1.37056103664807        0.26921171010305
H           -2.83010840848163       -2.48875407445142        0.53519313213226
H           -2.91628063419171       -1.04415846193110        1.54278849186431
H           -1.57420967772357       -1.21968422744900       -1.19005318078661
H           -1.68513882766108        0.23762093468639       -0.19971648226008
H           -0.34516840471087       -2.35095223179716        0.69096214109192
H           -0.36689370741858       -0.82658835645564        1.58418146509619
H            1.78336160821039       -1.33315323234455        0.33226681606789
H            0.88716139083933       -1.12016902166035       -1.17696343010474
H            0.36085209473004        1.22799844595527       -0.51905827634265
H            2.01633006087569        0.76748242052483        1.68023833310205
H            2.50692062455499        0.60088543260547       -1.74906736474355
H            2.57690151385259        3.00316676358164        0.14230695840605
H            1.91027044539793        2.97332060340864       -1.49483121134269
H            3.65311449378697        2.80604004528687       -1.25340951973028
H            4.38315566643992        0.76842747513754       -0.29184066456777
28
 energy: -34.446937300317 gnorm: 0.000200093230 xtb: 6.7.1 (edcfbbe)
C           -4.14546848551296       -0.96604898412190       -0.21927270868482
C           -2.87906480115473       -1.39626341598019        0.51097418840490
C           -1.62173837919230       -0.85138991653292       -0.16273413691824
C           -0.35482378150198       -1.26229784202559        0.58375411514751
C            0.92792074143707       -0.83043207231574       -0.12582221449119
C            1.17744311684765        0.68227292493640       -0.03803049889782
O            1.20843500512819        1.12875735660696        1.29311450546907
C            2.50375080365000        1.04439352510149       -0.74094393822809
C            2.67526087024821        2.55736316989795       -0.84375199830650
O            3.53447891567977        0.45751706926277        0.03775923802069
H           -4.22722815064109        0.11865537604000       -0.23262904508146
H           -4.13185764177431       -1.32013835344708       -1.24806487804416
H           -5.02810509262578       -1.37054195225149        0.27092829045622
H           -2.82978249320818       -2.48752155702090        0.53936079675512
H           -2.91634229971954       -1.03997360652545        1.54267409049985
H           -1.57496082348859       -1.22241416449316       -1.19003665193789
H           -1.68548558746908        0.23712608816843       -0.20296486198288
H           -0.34517132411602       -2.34958303469420        0.69245773907490
H           -0.36724094668115       -0.82387815795519        1.58331162908837
H            1.78310418501930       -1.33309535040831        0.33154546447710
H            0.88665561029897       -1.11973268655379       -1.17756483253986
H            0.36108908253158        1.22881892689882       -0.51892075538214
H            2.01645158627299        0.76563904352465        1.68006070854349
H            2.50674384762553        0.60192004594801       -1.74997747445162
H            2.57770923728609        3.00202067293560        0.14405044950108
H            1.91098198494989        2.97442556612628       -1.49319533823407
H            3.65392501353370        2.80644035070368       -1.25206987896282
H            4.38331980657770        0.76796097817575       -0.29269372323043
28
 energy: -34.446938952347 gnorm: 0.000218644118 xtb: 6.7.1 (edcfbbe)
C           -4.14599483010079       -0.96755880953948       -0.21944041229997
C           -2.87915790143219       -1.39503031355475        0.51166753483615
C           -1.62203705160753       -0.85166061957898       -0.16368464967974
C           -0.35521182645617       -1.26130203482847        0.58362958520888
C            0.92779150202743       -0.83021704810548       -0.12593599278060
C            1.17786376063045        0.68235899421745       -0.03825557763922
O            1.20961023797064        1.12854483865564        1.29294673089834
C            2.50385313316241        1.04450645377442       -0.74172139097620
C            2.67587504680722        2.55755427468025       -0.84249816188009
O            3.53480802109874        0.45608381317711        0.03555956222355
H           -4.22806898807119        0.11707244913362       -0.23640334103946
H           -4.13284247434610       -1.32515325307980       -1.24702571468147
H           -5.02823592692841       -1.37065368840840        0.27264108321468
H           -2.82939076365098       -2.48617338483405        0.54319096236310
H           -2.91633105650925       -1.03577654917941        1.54234222785116
H           -1.57546515076724       -1.22488230133675       -1.19017698580278
H           -1.68570159894891        0.23675957937126       -0.20626357058346
H           -0.34557709676048       -2.34839106711133        0.69398764468138
H           -0.36798167047270       -0.82137323839574        1.58249325679738
H            1.78268603680972       -1.33301772860169        0.33185362515612
H            0.88684392722464       -1.11984624027558       -1.17759241751074
H            0.36133776140627        1.22911169444668       -0.51857839930716
H            2.01720901268776        0.76446023862552        1.67970263496257
H            2.50599058577775        0.60328078385170       -1.75129990821143
H            2.57889890344862        3.00074073459178        0.14593607488951
H            1.91139780501005        2.97579633395230       -1.49088402283577
H            3.65432565187615        2.80700479817101       -1.25088645200988
H            4.38350495011498        0.76776129018205       -0.29398564578056
28
 energy: -34.446940557407 gnorm: 0.000176316765 xtb: 6.7.1 (edcfbbe)
C           -4.14642802932688       -0.96900895092034       -0.21979242965467
C           -2.87927527524509       -1.39371629909378        0.51233717375827
C           -1.62227183927138       -0.85207306230996       -0.16464645507119
C           -0.35557345143183       -1.26031369732530        0.58370188704068
C            0.92773066192946       -0.83008422663439       -0.12585723166112
C            1.17818933186172        0.68241853827522       -0.03826003937042
O            1.21106617462061        1.12831317202057        1.29304191857754
C            2.50371191269472        1.04463325970817       -0.74257707372198
C            2.67644195032840        2.55774614112352       -0.84115253516747
O            3.53510902029856        0.45441882901391        0.03268497434674
H           -4.22879429011618        0.11553582642020       -0.24049989154108
H           -4.13366688909371       -1.33018798863290       -1.24612247664953
H           -5.02835913768130       -1.37058412747680        0.27409105838911
H           -2.82913097872057       -2.48474186468699        0.54720103677430
H           -2.91645283035395       -1.03132292451013        1.54191891875822
H           -1.57585051290724       -1.22776662519449       -1.19026182574157
H           -1.68578679557753        0.23627264745544       -0.20984398209974
H           -0.34589466579016       -2.34722735040542        0.69573883702101
H           -0.36880709506630       -0.81884342608009        1.58190127351605
H            1.78234586381519       -1.33306339063425        0.33234667278132
H            0.88703143739010       -1.12003730123494       -1.17747509939620
H            0.36139527955369        1.22943558153222       -0.51784875009258
H            2.01844154489925        0.76323317689962        1.67937244941409
H            2.50451844156968        0.60499384481537       -1.75285222177088
H            2.58020145490140        2.99941780973923        0.14805630498861
H            1.91173967281256        2.97735501954487       -1.48841466795699
H            3.65476446136729        2.80739946260207       -1.24974248051978
H            4.38360458254040        0.76779792599023       -0.29572706488644
28
 energy: -34.446942047097 gnorm: 0.000143149626 xtb: 6.7.1 (edcfbbe)
C           -4.14675244585519       -0.97029068103567       -0.22038626828891
C           -2.87950503093190       -1.39239641839924        0.51305474476616
C           -1.62246692449193       -0.85279296926170       -0.16547850540906
C           -0.35588579447849       -1.25955176874343        0.58388497539990
C            0.92764020302227       -0.82988334148452       -0.12557579997545
C            1.17848425799984        0.68253178327297       -0.03801784439577
O            1.21266453454765        1.12796494078939        1.29343581548213
C            2.50338880094306        1.04486150747292       -0.74343365438744
C            2.67695225152148        2.55801758503953       -0.83981766049702
O            3.53535358677071        0.45272864723624        0.02948550940418
H           -4.22920693060227        0.11418269775776       -0.24490927471823
H           -4.13417924456332       -1.33511137355046       -1.24544358138469
H           -5.02856084897106       -1.37017733681247        0.27510862036802
H           -2.82915993636945       -2.48330056165881        0.55141030954322
H           -2.91672959547025       -1.02672884908455        1.54148933571069
H           -1.57616549972410       -1.23104626349059       -1.19014909204367
H           -1.68568307348799        0.23545368796958       -0.21345838017728
H           -0.34606096608529       -2.34629288028571        0.69750291792621
H           -0.36961402980773       -0.81670794969658        1.58145876810635
H            1.78207258340878       -1.33305960147773        0.33280067360056
H            0.88705431311926       -1.12004021430726       -1.17714043480587
H            0.36130347964194        1.22979228656656       -0.51666866731478
H            2.02007264382036        0.76217945932491        1.67905850853797
H            2.50251134884770        0.60684375128217       -1.75442324197450
H            2.58187401468023        2.99827278645511        0.15014858825655
H            1.91193700890445        2.97912377761875       -1.48576978517262
H            3.65508801271386        2.80767416459967       -1.24888938098996
H            4.38357328089829        0.76775313390401       -0.29795891550237
28
 energy: -34.446942642686 gnorm: 0.000076872136 xtb: 6.7.1 (edcfbbe)
C           -4.14653973536971       -0.97017088851298       -0.22068086755048
C           -2.87953618716794       -1.39183733313825        0.51341571011203
C           -1.62232750285104       -0.85338247119997       -0.16566070280425
C           -0.35579719641842       -1.25973459544007        0.58401179596793
C            0.92763819219313       -0.83008402263597       -0.12564762825538
C            1.17842706286206        0.68233773299546       -0.03783928583990
O            1.21275635028302        1.12756338318182        1.29370219907165
C            2.50314555192683        1.04499679080287       -0.74343742764372
C            2.67673668901176        2.55816151664911       -0.83950414651418
O            3.53530143643252        0.45266736491537        0.02897712918695
H           -4.22865208835560        0.11428824401579       -0.24645776066187
H           -4.13393521320129       -1.33613012885088       -1.24532356291936
H           -5.02857924173889       -1.36920372859565        0.27508076641360
H           -2.82960247323470       -2.48270255048159        0.55310679442298
H           -2.91675758952836       -1.02493415087154        1.54139806663648
H           -1.57614675313783       -1.23274954254901       -1.18992410380491
H           -1.68524292517507        0.23481905231962       -0.21480699548955
H           -0.34582631007441       -2.34645965167711        0.69797719769334
H           -0.36965086485075       -0.81656867914823        1.58148423644048
H            1.78213483788029       -1.33323012935621        0.33251797578489
H            0.88686305010688       -1.12011715278874       -1.17721270575311
H            0.36115796533877        1.22965275247615       -0.51625668018262
H            2.02057235737974        0.76213582107362        1.67897238635728
H            2.50191067087912        0.60732547060535       -1.75456108590129
H            2.58205368065948        2.99830308031688        0.15060923321476
H            1.91160664167041        2.97952173742635       -1.48512209790846
H            3.65481475574149        2.80780514380497       -1.24884257714459
H            4.38347483873941        0.76772693466368       -0.29865758286436
