24
 energy: -34.328485658727 gnorm: 0.056403834430 xtb: 6.7.1 (edcfbbe)
C            3.83634874495400       -0.40298879899800       -0.63061827146000
C            3.44488558868800        0.08592350952000        0.75669882814600
C            2.04437362989300       -0.36522758250400        1.15657534756500
O            1.08987598871800        0.21976718551900        0.27168667505500
C           -0.24397858515500       -0.17477604775300        0.59864305731400
C           -1.19183470789200        0.48762772441600       -0.38581642017800
C           -2.61779623217200        0.11049340496400       -0.09539506422100
O           -2.98473780583800       -0.62817383313200        0.80775343911000
O           -3.44366920554100        0.71818189850100       -0.99371869360400
C           -4.82831370429900        0.42365987627000       -0.80423117677900
H            3.16823304911200       -0.00041934818800       -1.39840495546200
H            3.80300842313900       -1.49583800975800       -0.68412819259300
H            4.85530453165900       -0.08251031731700       -0.86975812832200
H            4.16956190563900       -0.28733165992200        1.48862663104900
H            3.49443516710800        1.18098147986000        0.76557078050300
H            1.83554310434400       -0.03727249934500        2.18121987233700
H            1.97004956692300       -1.45799071057800        1.11327824699300
H           -0.32763549554500       -1.26642654535500        0.53655679501300
H           -0.47616444537400        0.13652415775600        1.62417417825100
H           -1.08789258068700        1.57665231976300       -0.32442211431000
H           -0.93911881347800        0.18063603960600       -1.40682903474900
H           -5.39625483040400        0.95722682916000       -1.57135276918800
H           -5.01137700271500       -0.64909128617600       -0.92091134236900
H           -5.16284629107700        0.77037221369200        0.17852001195100
24
 energy: -34.331022116323 gnorm: 0.016357983427 xtb: 6.7.1 (edcfbbe)
C            3.83929881600131       -0.40548897656640       -0.63565185031107
C            3.44653982474784        0.09077309412725        0.74886891343989
C            2.04880436146924       -0.36031035480496        1.15483500652656
O            1.09262723227909        0.21591723074422        0.27966682223748
C           -0.23282280924777       -0.17466104730846        0.59982745086130
C           -1.18802210459602        0.48608205151293       -0.38353931940908
C           -2.61964293839334        0.11435669283250       -0.10098440462337
O           -2.98979197094401       -0.61095841010205        0.78432072530177
O           -3.45018430687702        0.70848754592944       -0.98224478775392
C           -4.83330859595795        0.42348472873995       -0.80465143155628
H            3.15914016044775       -0.00615104255614       -1.38548923292248
H            3.80278696539846       -1.49352534254826       -0.68210280575027
H            4.85175017656756       -0.08447499250695       -0.87913502685709
H            4.15667894487772       -0.28470648173761        1.49010224615133
H            3.48124791178341        1.18255928640187        0.76720681732601
H            1.83437000916455       -0.04359357854514        2.18546699189143
H            1.97483413117122       -1.45542605348626        1.10827324196860
H           -0.32547122844006       -1.26712355775779        0.54041595513318
H           -0.47478986059357        0.13229973370682        1.62595996125655
H           -1.08616054561723        1.57208789049519       -0.32965657266362
H           -0.93844486605160        0.18701692270759       -1.40381849174589
H           -5.37364152241150        0.96690231531009       -1.58057629270702
H           -5.01307029049744       -0.64860419859740       -0.90531850076956
H           -5.16272749428064        0.75505654401056        0.18194228502753
24
 energy: -34.331340658784 gnorm: 0.006943758264 xtb: 6.7.1 (edcfbbe)
C            3.83410353223416       -0.40538721422819       -0.63724762390622
C            3.44477542318240        0.09527213232835        0.74708299470638
C            2.04743658145451       -0.36066206165193        1.15083536235908
O            1.09075938082573        0.21375292036427        0.28373504347271
C           -0.22754636830211       -0.17420955387248        0.59976286772541
C           -1.18229118687656        0.48819488323645       -0.38537704450055
C           -2.61633351446721        0.11509741734200       -0.10160392914352
O           -2.99075518258456       -0.60773400807889        0.77952078264244
O           -3.44657648708416        0.70333065261869       -0.97513447744505
C           -4.82991834440558        0.42303857172663       -0.80369025191038
H            3.14503175490237       -0.01291393332153       -1.37942099793072
H            3.80142902029379       -1.49193614357367       -0.67449726434822
H            4.84168383914999       -0.08118254001612       -0.88632275789154
H            4.15082787993178       -0.27764272503707        1.49216863575989
H            3.47189105253710        1.18555044340638        0.76329311294287
H            1.83522663815785       -0.05216094752440        2.18673141523851
H            1.97698454397076       -1.45833192119672        1.10356228059412
H           -0.32717515067962       -1.26790682879309        0.54113172190537
H           -0.47737621971140        0.12946384950423        1.62698280974834
H           -1.08065888821281        1.57327037427654       -0.33292335831711
H           -0.93327805375672        0.19104753289910       -1.40527772926665
H           -5.35264104832973        0.97175399407825       -1.58397950571203
H           -5.01331019318050       -0.64853962638172       -0.89903376242099
H           -5.16228900904948        0.74883473189590        0.18341937574986
24
 energy: -34.331392506926 gnorm: 0.002258137176 xtb: 6.7.1 (edcfbbe)
C            3.82967939540298       -0.40524062097720       -0.63786417595813
C            3.44248577900678        0.09787176120234        0.74664239214368
C            2.04619547397593       -0.36203987825392        1.15109281261387
O            1.09022905698049        0.21301386553186        0.28738172986018
C           -0.22524431204523       -0.17421431438478        0.60008749160521
C           -1.17895969609943        0.48916685943631       -0.38593351992274
C           -2.61331940096327        0.11495636480897       -0.10128130301656
O           -2.98827481549678       -0.60900918924351        0.78080292000137
O           -3.44274375636927        0.70215528735712       -0.97310668395075
C           -4.82679957833965        0.42372752740940       -0.80424708759682
H            3.13326801723836       -0.01998645207570       -1.37687809325527
H            3.80328270363405       -1.49209362096460       -0.66957670259868
H            4.83356588907776       -0.07563169693233       -0.89392323339280
H            4.15014168767357       -0.27093087745949        1.49171112527369
H            3.46502290934516        1.18805316690834        0.75950474649644
H            1.83533445167633       -0.05892228950786        2.18975226659875
H            1.97913694043788       -1.46072660652654        1.10129739307448
H           -0.32829757393656       -1.26848786328225        0.54101918187933
H           -0.48003276827180        0.12749423495909        1.62765819844373
H           -1.07752318434633        1.57415359400654       -0.33245932430493
H           -0.92988161034505        0.19161968633485       -1.40564745598267
H           -5.34394383254329        0.97395272261465       -1.58561632912508
H           -5.01219292675757       -0.64779846580432       -0.89940098832204
H           -5.16112884893505        0.74891680484401        0.18270233948776
24
 energy: -34.331416056073 gnorm: 0.001625352629 xtb: 6.7.1 (edcfbbe)
C            3.82449594034828       -0.40530072909307       -0.63839496455897
C            3.44041171341897        0.10050559823160        0.74628323445451
C            2.04597752982632       -0.36418002428819        1.15270766307154
O            1.09003180941798        0.21251006927891        0.29223843137571
C           -0.22395169617971       -0.17505135158348        0.60158872820954
C           -1.17629629537683        0.48938045599993       -0.38528699017750
C           -2.61064654498653        0.11489715873311       -0.10104154745724
O           -2.98476559677459       -0.61034034938167        0.78198945102662
O           -3.43900439962082        0.70219934094588       -0.97254003752658
C           -4.82387956856526        0.42511955880876       -0.80579556002893
H            3.11942834589492       -0.03013055688017       -1.37491992255459
H            3.80827632362023       -1.49281775611306       -0.66458172970467
H            4.82356761254119       -0.06719254050773       -0.90300529165171
H            4.15196916637976       -0.26247410351933        1.49024832768731
H            3.45761973460290        1.19094722129907        0.75489147280523
H            1.83653231877494       -0.06612895790921        2.19344036483600
H            1.98195319886738       -1.46331775037875        1.09948999026199
H           -0.32870373101259       -1.26963310570784        0.54118802476590
H           -0.48283373809573        0.12458575065543        1.62933088070549
H           -1.07480514281020        1.57436332657722       -0.33044127184556
H           -0.92675597342043        0.19150874641224       -1.40487630958686
H           -5.33857681393812        0.97609660174375       -1.58767105795854
H           -5.01046636596543       -0.64634832692335       -0.90190697117488
H           -5.15957782694661        0.75080172360097        0.18078278507822
24
 energy: -34.331435334731 gnorm: 0.003138116188 xtb: 6.7.1 (edcfbbe)
C            3.81754481391504       -0.40568492240574       -0.63963010316534
C            3.43771706710418        0.10420041096819        0.74477210038900
C            2.04700925904028       -0.36743884704522        1.15634089397702
O            1.08961481641466        0.21235069993338        0.30072908147123
C           -0.22352115546452       -0.17760234460458        0.60566566445800
C           -1.17339383022774        0.48874490626901       -0.38244315091255
C           -2.60811780431890        0.11488661922301       -0.10083216599703
O           -2.98158033663731       -0.61166880902104        0.78224094975666
O           -3.43422431771957        0.70351846947702       -0.97302751457158
C           -4.82013401920763        0.42786340551999       -0.80919340730291
H            3.09824970794131       -0.04857461489784       -1.37224070849044
H            3.82025236308520       -1.49400785929858       -0.65737491267232
H            4.80796946415183       -0.05195463906321       -0.91790965367599
H            4.15614100827928       -0.24907454701003        1.48673696291241
H            3.44638390596318        1.19503125641011        0.74706390770435
H            1.84000376607751       -0.07606625986936        2.19941570131067
H            1.98636968802290       -1.46658602362832        1.09736780894940
H           -0.32806470411292       -1.27229088118100        0.54208066137450
H           -0.48687325404839        0.11873754182482        1.63351363524779
H           -1.07093360151323        1.57364075110876       -0.32568239867012
H           -0.92213495005502        0.19143671205649       -1.40188714667191
H           -5.33330492909473        0.97965060296461       -1.59163025802128
H           -5.00761889696682       -0.64337341766881       -0.90708947910542
H           -5.15735406062855        0.75426178993933        0.17673123175792
24
 energy: -34.331447962625 gnorm: 0.002182248784 xtb: 6.7.1 (edcfbbe)
C            3.81531688830889       -0.40605616382577       -0.64062788797433
C            3.43700497011201        0.10582141780117        0.74328604977116
C            2.04839191372109       -0.36864598530970        1.15815741873954
O            1.08907566732526        0.21275051518633        0.30510983789327
C           -0.22424870234739       -0.17966214400661        0.60878153163791
C           -1.17288841958050        0.48779674607011       -0.37969457148690
C           -2.60826121190462        0.11491799483651       -0.10057585696388
O           -2.98293756060258       -0.61183088648007        0.78136146126166
O           -3.43272371732143        0.70477898078908       -0.97384469074839
C           -4.81893346782297        0.42953104311065       -0.81154748129435
H            3.08934183033806       -0.05878107890428       -1.37119215772297
H            3.82862548681106       -1.49430326040048       -0.65446511015803
H            4.80079865851930       -0.04390585362301       -0.92509199416666
H            4.15840297291223       -0.24296631102377        1.48450215000782
H            3.44173905451907        1.19667849259247        0.74301455634854
H            1.84309331373794       -0.07948957047784        2.20191533620843
H            1.98828447869875       -1.46745864056364        1.09656275691144
H           -0.32691583898544       -1.27420016068979        0.54301083911798
H           -0.48845831737197        0.11493621353752        1.63666632263068
H           -1.06938417055836        1.57256390019407       -0.32208545829201
H           -0.92022867311944        0.19149795480944       -1.39910144493191
H           -5.33179599493857        0.98164931064479       -1.59433299644792
H           -5.00645334709845       -0.64152955501947       -0.91012030823112
H           -5.15684581335188        0.75590704075327        0.17402939794211
24
 energy: -34.331463059413 gnorm: 0.001020343308 xtb: 6.7.1 (edcfbbe)
C            3.81200482165038       -0.40687807830266       -0.64315407813533
C            3.43601518592723        0.10916538117944        0.73962871474523
C            2.05144652811723       -0.37049383548699        1.16129454443546
O            1.08754323618443        0.21372313787706        0.31381211265638
C           -0.22586548346845       -0.18437596130261        0.61570026599951
C           -1.17245226441936        0.48548987758839       -0.37297965649749
C           -2.60939921310025        0.11472156923912       -0.09949430087751
O           -2.98847150563823       -0.61222398890152        0.77948572129042
O           -3.43002352963427        0.70738352782184       -0.97519614246359
C           -4.81684851841501        0.43327821845876       -0.81700096939036
H            3.07210528711745       -0.08049613879811       -1.36929355495536
H            3.84761200900810       -1.49472993981968       -0.64820149082365
H            4.78702212982712       -0.02698075519220       -0.93997294110874
H            4.16257428226990       -0.23104843243641        1.47984722636760
H            3.43318854295416        1.19994337817264        0.73423931461401
H            1.85021124912388       -0.08519098864226        2.20648913671248
H            1.99204320008576       -1.46866779124324        1.09491809739625
H           -0.32413793601278       -1.27861141023915        0.54519973316535
H           -0.49123019354735        0.10626177780213        1.64390549703063
H           -1.06688118297661        1.56995293838897       -0.31324965686795
H           -0.91704877862131        0.19167061912359       -1.39242191642165
H           -5.32775605959259        0.98635540466185       -1.60087594610163
H           -5.00473771897177       -0.63742752805915       -0.91675491633898
H           -5.15691408786759        0.75917901811117        0.16779290562103
24
 energy: -34.331467343256 gnorm: 0.000780260656 xtb: 6.7.1 (edcfbbe)
C            3.81151595210199       -0.40744388838612       -0.64478329919339
C            3.43594167813944        0.11119145490565        0.73721173652520
C            2.05310695306513       -0.37050247949880        1.16218318073338
O            1.08634327030384        0.21399407669097        0.31760665750535
C           -0.22658860468859       -0.18748979278813        0.61955338721286
C           -1.17303909893479        0.48378065480822       -0.36822692837734
C           -2.61076947057072        0.11405699308619       -0.09789498567697
O           -2.99375786778832       -0.61313043146688        0.77893982556241
O           -3.42889262064599        0.70855139489036       -0.97513235773499
C           -4.81618800313986        0.43569321627537       -0.82058127411602
H            3.06566760289221       -0.09207721922426       -1.36881870874203
H            3.85854756796412       -1.49439991594614       -0.64536895001117
H            4.78079517944598       -0.01902927873687       -0.94740384701144
H            4.16414281291549       -0.22536612835134        1.47736902639741
H            3.43013640063863        1.20181083498443        0.72923582451552
H            1.85443220801130       -0.08610419007706        2.20801915290279
H            1.99406756166054       -1.46848308316019        1.09459905614346
H           -0.32236867211514       -1.28161384197377        0.54646116572047
H           -0.49182687583124        0.10059988763291        1.64831792009943
H           -1.06684904778015        1.56806034280075       -0.30658706520191
H           -0.91673124877399        0.19182340634807       -1.38795100650961
H           -5.32433270955438        0.98975165853083       -1.60549155401279
H           -5.00488133318560       -0.63478924395909       -0.92113245488947
H           -5.15847163412982        0.76111557261587        0.16359319821096
24
 energy: -34.331469118903 gnorm: 0.000250226704 xtb: 6.7.1 (edcfbbe)
C            3.81222853685813       -0.40773422847246       -0.64537746186150
C            3.43614683735672        0.11198528147221        0.73622165306713
C            2.05341402080433       -0.36987120605525        1.16179254841093
O            1.08588297355937        0.21330009181001        0.31759348180122
C           -0.22638646620038       -0.18885822779789        0.62031782354094
C           -1.17375291683975        0.48309578050787       -0.36616497015973
C           -2.61147089346046        0.11321562478157       -0.09651294755420
O           -2.99607404685163       -0.61420227695266        0.77958187236442
O           -3.42861281378094        0.70854857924970       -0.97413787745236
C           -4.81626026220254        0.43675052810098       -0.82198585989972
H            3.06467908434279       -0.09580591166075       -1.36909490880314
H            3.86250255741453       -1.49443883426726       -0.64379932629019
H            4.78001480560416       -0.01683054351174       -0.94931762309964
H            4.16427997847126       -0.22376541292372        1.47675675896977
H            3.43000621828319        1.20256961940989        0.72716518079907
H            1.85540412720691       -0.08469584081641        2.20767092284356
H            1.99500995712793       -1.46804481094743        1.09537329138985
H           -0.32203454985953       -1.28303312374725        0.54648727849125
H           -0.49105859817374        0.09815849500830        1.64964460838255
H           -1.06793787447667        1.56733200423806       -0.30315884609042
H           -0.91782017250965        0.19231816672454       -1.38630342824161
H           -5.32209702067962        0.99157704515123       -1.60760517989820
H           -5.00586276483018       -0.63358436765296       -0.92316782412732
H           -5.16020071716415        0.76201356835237        0.16173853346944
24
 energy: -34.331469971841 gnorm: 0.000258909845 xtb: 6.7.1 (edcfbbe)
C            3.81313322976480       -0.40814575627363       -0.64550266449283
C            3.43634622278519        0.11267240388923        0.73559649162531
C            2.05352672911524       -0.36905568617328        1.16131963251035
O            1.08570915383499        0.21207525533801        0.31632973042416
C           -0.22614185813124       -0.19014292269509        0.62022647479413
C           -1.17459793228107        0.48263650575760       -0.36466744835233
C           -2.61215612269090        0.11238987508255       -0.09514552731101
O           -2.99733257261587       -0.61544363234749        0.78043032334062
O           -3.42866289443693        0.70840082430169       -0.97309660447202
C           -4.81661018801255        0.43750136313567       -0.82282613448907
H            3.06561380541323       -0.09761626495813       -1.36977738272135
H            3.86462568787963       -1.49476489945087       -0.64296746901084
H            4.78058664987724       -0.01650675289277       -0.94956728308584
H            4.16415939477839       -0.22274907210557        1.47660843313149
H            3.43048782029371        1.20328938557814        0.72581525325346
H            1.85541140475395       -0.08224072179736        2.20680994644744
H            1.99589660097049       -1.46745092614005        1.09690432412726
H           -0.32212952572573       -1.28433361335490        0.54588199289350
H           -0.48966341455373        0.09618789657753        1.65012437724777
H           -1.06925925933174        1.56684882029827       -0.30016533132345
H           -0.91922359000787        0.19332603681295       -1.38537524718994
H           -5.32083294592179        0.99289538368331       -1.60901095191785
H           -5.00700885148072       -0.63266920821474       -0.92464865457047
H           -5.16187754427665        0.76289570594990        0.16042141919362
