20
 energy: -27.101478007198 gnorm: 0.035858960325 xtb: 6.7.1 (edcfbbe)
C           -1.72517268069100       -1.08555917212200        0.68023807888700
C           -0.63249676357600       -0.21160956882500        0.05594431252700
C           -1.27027632501600        0.71093587646700       -0.99305700339200
C            0.45402207062800       -1.11142255567700       -0.57111626577200
O            1.58820083082200       -0.34117094908300       -0.99606854217900
C            2.14493064373000        0.35617194054200        0.12593926649800
C            1.10730997076100        1.28523802405200        0.75018298365000
O           -0.07205628764000        0.56648920991100        1.13511451895100
H           -2.49581896141900       -0.46681485936600        1.15436252792500
H           -1.31079753252300       -1.72150448310100        1.47104204544600
H           -2.20542118697400       -1.72825066041700       -0.06487372115500
H           -1.95591964466300        1.42159910367200       -0.51799938154600
H           -0.52279428956400        1.30546540420600       -1.52779707058800
H           -1.82770389063700        0.13647692038900       -1.74077467072600
H            0.06462190217400       -1.64442366501800       -1.44519481219000
H            0.80578277866500       -1.86328049835000        0.14646173380400
H            2.49904675587700       -0.38105405342300        0.85591231635900
H            3.00794272250500        0.93009465172100       -0.22451001040700
H            0.82845652871800        2.08588830879400        0.05786368326500
H            1.51814335882400        1.75673102562900        1.64833001064400
20
 energy: -27.104059359980 gnorm: 0.016801207553 xtb: 6.7.1 (edcfbbe)
C           -1.71802329475828       -1.08234985775746        0.69318694078081
C           -0.64010231792628       -0.20738555508726        0.05642741542105
C           -1.26247477375876        0.70924860996231       -1.00078294218576
C            0.45290074805297       -1.09024306742626       -0.57075092378377
O            1.57779263870974       -0.32974661180362       -0.99402707197777
C            2.13392098764244        0.35184267047758        0.12107372952062
C            1.09666967177984        1.27427678177384        0.75159025943284
O           -0.06862160035851        0.55397144587953        1.13119575082467
H           -2.47990406176645       -0.45270713680430        1.15109842623204
H           -1.28970033777587       -1.71366704132986        1.47173221512734
H           -2.18484030776632       -1.71484319172348       -0.05935569647802
H           -1.94246128739472        1.41125092971310       -0.51746976257510
H           -0.50081481939652        1.27426302164449       -1.53883995339209
H           -1.82055899358567        0.11998976061740       -1.72646201815535
H            0.07125956166293       -1.59954282082203       -1.45801716052095
H            0.78514810931578       -1.84197957796418        0.15992024710976
H            2.48051281790790       -0.38435893826626        0.85974434887465
H            2.98761703333064        0.92309169501535       -0.24996875056715
H            0.83107482689361        2.07628873939479        0.05222557477052
H            1.49060539919252        1.72260014450732        1.66747937154268
20
 energy: -27.104480037520 gnorm: 0.004131379419 xtb: 6.7.1 (edcfbbe)
C           -1.71443092065163       -1.07870047900406        0.69688672344347
C           -0.63928125515040       -0.20550318633964        0.05562805709953
C           -1.26271219584991        0.70749563652129       -1.00412699550219
C            0.45275230517418       -1.08607344454015       -0.57601266089514
O            1.56933692103675       -0.32517963769588       -0.98717201286631
C            2.12839283786609        0.35122766864795        0.11893557336312
C            1.09135492086523        1.27121809930836        0.75830164191077
O           -0.06553556302251        0.55006573303095        1.12786668463307
H           -2.47004295200438       -0.44469417763869        1.15055107379923
H           -1.27624799067225       -1.70059834822099        1.47204996796673
H           -2.17794479736842       -1.71309320281144       -0.05243697592154
H           -1.93045924449053        1.41993134994205       -0.52564711443573
H           -0.49215440753836        1.24574990310619       -1.55134811362298
H           -1.82834014730700        0.10988538714834       -1.71322181820289
H            0.07756895078764       -1.58317606037389       -1.47149538518486
H            0.77509894166284       -1.84077051738454        0.15791070668756
H            2.47634137435909       -0.38329313391881        0.86098160774568
H            2.97666378911982        0.92163318719562       -0.26221226084631
H            0.83504305864963        2.07879927501863        0.06006279127701
H            1.47459637453513        1.70507594800971        1.68449850955279
20
 energy: -27.104540857610 gnorm: 0.001395876379 xtb: 6.7.1 (edcfbbe)
C           -1.71505697749608       -1.07928687765422        0.69990727470564
C           -0.64070187174483       -0.20639285956168        0.05493403737317
C           -1.26165564524528        0.70658031363684       -1.00802084786791
C            0.45314955310867       -1.08474008758843       -0.57941092866970
O            1.56822948158054       -0.32269306489267       -0.98569891615113
C            2.12832824935483        0.35247860068477        0.11859971415652
C            1.08925323058604        1.27023337739556        0.76245899391364
O           -0.06659371887359        0.54839390278624        1.12631990014111
H           -2.47078443061955       -0.44431323272493        1.15180228418500
H           -1.27465027240209       -1.69616264557133        1.47773826544325
H           -2.17801919591302       -1.71809541353714       -0.04605549285823
H           -1.91798376089390        1.43085493919304       -0.53179856927193
H           -0.48844825113680        1.23150297793111       -1.56443373462137
H           -1.83883253119778        0.10851106434644       -1.70775569508682
H            0.07839246070289       -1.57843338019777       -1.47666095460879
H            0.77266977904700       -1.84402004323092        0.15151153579535
H            2.48016154885020       -0.38120626988007        0.86041639444113
H            2.97458676218756        0.92482433884556       -0.26319402905626
H            0.83622979282316        2.08310504243934        0.06843255825305
H            1.47172579728302        1.69885931758127        1.69090820978527
20
 energy: -27.104586628488 gnorm: 0.003807540044 xtb: 6.7.1 (edcfbbe)
C           -1.71561453781584       -1.08020132662639        0.70219923041745
C           -0.64156373791889       -0.20837495063837        0.05352683476971
C           -1.26003071338285        0.70438665296615       -1.01338511537665
C            0.45433633047258       -1.08526966284635       -0.58437082584567
O            1.56721756455239       -0.31958800155954       -0.98459839100676
C            2.12735883959738        0.35568821078946        0.11839329361223
C            1.08531891217382        1.26920439714125        0.77046827572761
O           -0.06999257490386        0.54599914984612        1.12550732677379
H           -2.47501619180661       -0.44372852599916        1.14741047559235
H           -1.27353645998349       -1.68602925496270        1.48871666106950
H           -2.17543586818725       -1.73022909997070       -0.03688815856971
H           -1.88648303611177        1.45809745046814       -0.53935093661700
H           -0.48136022825233        1.19761231111879       -1.59283397816435
H           -1.86863286504940        0.11023483086995       -1.69165023589057
H            0.07869240119601       -1.57317976991028       -1.48457100352939
H            0.77141018608188       -1.85301583183520        0.13949410645280
H            2.48847984441962       -0.37594123563183        0.85871300762290
H            2.96913648947952        0.93424096796986       -0.26361445129005
H            0.83624739715589        2.09138857450650        0.08480971539341
H            1.46946824828422        1.68870511430531        1.70202416885943
20
 energy: -27.104604743424 gnorm: 0.002459497371 xtb: 6.7.1 (edcfbbe)
C           -1.71573075852144       -1.08084529508395        0.70107533922513
C           -0.64140383946276       -0.20881842527810        0.05390957659654
C           -1.25896234397508        0.70467902824200       -1.01233558202851
C            0.45429621703144       -1.08563534777265       -0.58347500127123
O            1.56766246357911       -0.32002744579552       -0.98512898973282
C            2.12715413761617        0.35627154943751        0.11824187500194
C            1.08507639539103        1.26907026562207        0.76995522937314
O           -0.07037528509507        0.54564408407777        1.12641067743027
H           -2.47720532838760       -0.44480520594250        1.14350887786443
H           -1.27542346211992       -1.68556421123436        1.48942314779012
H           -2.17318042584010       -1.73215630935255       -0.03824621504247
H           -1.88026298505843        1.46117033963597       -0.53720304291373
H           -0.48118607798253        1.19391142935050       -1.59517847331010
H           -1.87280342644239        0.11358409440199       -1.68755941948939
H            0.07824772108482       -1.57396197530896       -1.48338127263870
H            0.77235681757013       -1.85241703074130        0.14060233968465
H            2.48876923913306       -0.37521597991143        0.85808819904672
H            2.96839589327931        0.93568275395926       -0.26408737962768
H            0.83452233918798        2.09046549092986        0.08426638154736
H            1.47005270901329        1.68896819076540        1.70111373249532
20
 energy: -27.104634215691 gnorm: 0.000889562188 xtb: 6.7.1 (edcfbbe)
C           -1.71627938348729       -1.08266986325694        0.69713913263394
C           -0.64071210742809       -0.20994300440641        0.05494170754526
C           -1.25627048861381        0.70627142066216       -1.00888611482981
C            0.45433275970661       -1.08675066938916       -0.58075852650160
O            1.56803822364368       -0.32074996753695       -0.98635748495912
C            2.12621236651440        0.35817060983586        0.11750236188830
C            1.08418248176224        1.26866230453432        0.76889019747694
O           -0.07033910093732        0.54322750060384        1.12943348358531
H           -2.48399468671748       -0.44807334715840        1.13081618712878
H           -1.28067885350812       -1.68375584610263        1.49069174306693
H           -2.16541744890879       -1.73772398794537       -0.04374287662871
H           -1.85893286150625        1.47430133123206       -0.52935680762030
H           -0.47876927385951        1.17890354309997       -1.60463648881345
H           -1.88880814746006        0.12246843143674       -1.67209226185047
H            0.07789322494090       -1.57655394295127       -1.47980962523633
H            0.77534303920134       -1.85017924594350        0.14472303738959
H            2.48959609557309       -0.37288559817182        0.85606905831564
H            2.96555717076232        0.93975715008793       -0.26644630745840
H            0.82860153348130        2.08740988740504        0.08274373890878
H            1.47044545684184        1.69011329396556        1.69913584595974
20
 energy: -27.104645705812 gnorm: 0.001424945035 xtb: 6.7.1 (edcfbbe)
C           -1.71734395159823       -1.08477160058761        0.69467106306043
C           -0.64037138280357       -0.21134085426383        0.05599389206859
C           -1.25336211044675        0.70815005938340       -1.00664339500832
C            0.45455797758386       -1.08757041204909       -0.57951509024022
O            1.56713570692729       -0.32013788338741       -0.98691816936349
C            2.12539692235636        0.36017228614327        0.11636807419444
C            1.08263162832729        1.26803432920530        0.76910493332367
O           -0.06950785310803        0.53926882404535        1.13226149174479
H           -2.49068423854569       -0.45135451179866        1.11980479813496
H           -1.28513747407334       -1.68101743396086        1.49364421497139
H           -2.15821132161606       -1.74451253337888       -0.04707448843372
H           -1.83624426482149        1.48981568079723       -0.52415271607163
H           -0.47537167633135        1.16270130989290       -1.61582865450280
H           -1.90519767104754        0.13106331124102       -1.65708171691461
H            0.07850671683771       -1.57877702481299       -1.47790251640812
H            0.77743914363476       -1.84891989724899        0.14710475516482
H            2.49124548622660       -0.37039228976194        0.85404252343106
H            2.96283857945992        0.94336312319578       -0.26927589246109
H            0.82264657516717        2.08513744009591        0.08282316653471
H            1.46903320787210        1.69108807725110        1.69857372677614
20
 energy: -27.104649798095 gnorm: 0.000337759600 xtb: 6.7.1 (edcfbbe)
C           -1.71798971838037       -1.08558851641069        0.69435360252907
C           -0.64031132235640       -0.21195568485184        0.05627722855995
C           -1.25244026429814        0.70924951851388       -1.00609701142819
C            0.45497516093107       -1.08788330069526       -0.57991006635481
O            1.56618195918010       -0.31936083806162       -0.98690226983794
C            2.12509974263183        0.36074587729278        0.11569222361392
C            1.08165998625219        1.26770113459491        0.76978390499014
O           -0.06862228055164        0.53682182313630        1.13312437950009
H           -2.49373943370754       -0.45265392435596        1.11545018851380
H           -1.28643510439399       -1.67831054982726        1.49630588220895
H           -2.15500204223753       -1.74864149147202       -0.04677663520965
H           -1.82739171453564        1.49629518782613       -0.52374237835039
H           -0.47431538715266        1.15656918631842       -1.61977130684701
H           -1.91089408726429        0.13514918895325       -1.65173014734910
H            0.07923256074962       -1.57963539435024       -1.47805448975749
H            0.77801982123446       -1.84944138838687        0.14678004012023
H            2.49208247989325       -0.36955843199490        0.85341145957169
H            2.96196517545374        0.94419989479706       -0.27030870525421
H            0.82027462892108        2.08446494651021        0.08332322689343
H            1.46764983963186        1.69183276246474        1.69879087388852
20
 energy: -27.104650408483 gnorm: 0.000164434186 xtb: 6.7.1 (edcfbbe)
C           -1.71807335920203       -1.08590243226162        0.69423057944144
C           -0.64034237684829       -0.21202649709037        0.05642866676674
C           -1.25219515161856        0.70955251722946       -1.00589804676185
C            0.45507539138103       -1.08765323494935       -0.58046439883191
O            1.56612376975669       -0.31894439975376       -0.98697054201095
C            2.12509023758076        0.36087753734508        0.11568218463196
C            1.08129032564917        1.26759163143028        0.77000127646789
O           -0.06845656851691        0.53619876584792        1.13342680665019
H           -2.49547650835579       -0.45331084710312        1.11283099145534
H           -1.28702122922187       -1.67647576429192        1.49806374997706
H           -2.15291357595736       -1.75101144281554       -0.04632746328970
H           -1.82346864451951        1.49899130896635       -0.52300338275555
H           -0.47382416049466        1.15360683219051       -1.62205489943558
H           -1.91404794365190        0.13612855668855       -1.64902004086696
H            0.07918137144708       -1.57936350186606       -1.47865434738655
H            0.77798583526825       -1.84960546692146        0.14598389879349
H            2.49200980869114       -0.36949286723354        0.85343103840198
H            2.96201963830087        0.94450107031405       -0.26990440200397
H            0.81957610722403        2.08424727285699        0.08345203656797
H            1.46746703308886        1.69209096141859        1.69876629418993
