26
 energy: -33.838992864855 gnorm: 0.075534605060 xtb: 6.7.1 (edcfbbe)
C           -2.17405516365200        1.31224521820000       -0.90328131559200
C           -1.13500482605600        1.04925632588000        0.19104968901200
C           -1.72266096483100        0.11667611126500        1.22437806534000
C           -1.29186166598300       -1.13618521085700        1.43066741477900
C           -0.19453880083900       -1.77841199662000        0.63545935460700
C            0.15402355965500       -1.00168637691200       -0.64593165300800
C            1.44726057146800       -1.53336585941200       -1.26724901249000
C            0.19094638801600        0.52372364163500       -0.41126519384600
C            1.32996314068200        0.91653263386100        0.50995876267600
N            2.30483060215800        1.64869708103600        0.07570203373700
O            3.21261992898400        1.85575998818300        1.12014138055800
H           -1.79164816735700        2.03146290517100       -1.63554754552600
H           -2.44376174485800        0.39551038092300       -1.43871750228600
H           -3.09286038203500        1.73222166771800       -0.47827504963700
H           -0.93931562631300        2.00733200857000        0.69178861603500
H           -2.53368929956300        0.50635635267600        1.83711899601900
H           -1.75204628534000       -1.73734112797600        2.21192403139000
H            0.68589932065700       -1.88100322179000        1.28133974421800
H           -0.50406420659600       -2.79445918883200        0.36158335156400
H           -0.64450665341100       -1.19814476435800       -1.37557165406000
H            2.29804173404000       -1.43368816132900       -0.58544460161100
H            1.34434847310400       -2.59486434639100       -1.51704725446700
H            1.68460190650800       -0.99442614055400       -2.19040676573800
H            0.37396433232200        1.02399741942100       -1.37226404791900
H            1.29808380995500        0.55472180801200        1.55324494921000
H            3.89543001928500        2.40908285247900        0.69664520703700
26
 energy: -33.843919703946 gnorm: 0.019848204263 xtb: 6.7.1 (edcfbbe)
C           -2.17175426996299        1.31110248358144       -0.90914697338745
C           -1.13452100754849        1.04279950204891        0.18451391029452
C           -1.70389424297796        0.11320542807903        1.21879764254120
C           -1.28674119073805       -1.12744998466527        1.42046253620611
C           -0.19181330898542       -1.77427337085216        0.63474702377266
C            0.14148928666202       -1.00390968191629       -0.64694232223802
C            1.43962867682836       -1.52261125702046       -1.26320836503517
C            0.19330352185545        0.51543311390929       -0.40234476697358
C            1.32040770643171        0.88371565334360        0.51424685114627
N            2.28003526630931        1.60799523953628        0.10934039102293
O            3.22448012486667        1.86784987747951        1.11563974964347
H           -1.78887076739740        2.02710536763438       -1.63670638016399
H           -2.43357494853539        0.39200939245147       -1.43203472471253
H           -3.08309911984204        1.72310789126426       -0.47481285016891
H           -0.92863042999064        2.00159358754264        0.67854691165596
H           -2.51175507078324        0.51146684353696        1.82012913700157
H           -1.74193023197163       -1.72949489821391        2.19748957487593
H            0.69600982784956       -1.86902226269043        1.26966635870781
H           -0.49630768773310       -2.79124830895799        0.36768265521483
H           -0.66578419274963       -1.18420805060168       -1.36755205151409
H            2.27969800515923       -1.41131991615557       -0.57808941631578
H            1.34033252064888       -2.58053098817288       -1.50859166187872
H            1.67626388291147       -0.98198004664981       -2.17890825022461
H            0.37894354242773        1.01551912988699       -1.35935162350894
H            1.27650957295045        0.54383395058871        1.54909026815122
H            3.89157453431510        2.41931130501198        0.67733637588930
26
 energy: -33.844620064312 gnorm: 0.006631733109 xtb: 6.7.1 (edcfbbe)
C           -2.16609503275246        1.30415451865457       -0.91322441050611
C           -1.12961046412823        1.04421177488053        0.18369776211259
C           -1.69570700947858        0.11629439031998        1.21637601826195
C           -1.28328103534152       -1.12190633457707        1.41782341437488
C           -0.18966889109080       -1.77079854441087        0.63400558581035
C            0.13418433001676       -1.00412403886194       -0.64898399054113
C            1.43229480092950       -1.51508806491249       -1.26773411542415
C            0.19682607173873        0.51324929424912       -0.39911891137778
C            1.30574635570020        0.87056202550293        0.52886335927714
N            2.26319206749301        1.58507238483865        0.13203033198297
O            3.22823897337948        1.86864788954238        1.11134881088262
H           -1.78339731482308        2.01873647500334       -1.63817991834993
H           -2.42160335679118        0.38274607261178       -1.43059865208755
H           -3.07510808890270        1.71141636889937       -0.47608801818849
H           -0.92145848804226        2.00629537601926        0.67076955143975
H           -2.50189143435473        0.52318278618482        1.81136510956104
H           -1.73255962596010       -1.72579729867954        2.19468916215105
H            0.70432861551413       -1.85305091985632        1.26114695965295
H           -0.48647765244453       -2.79210649308923        0.37771517416551
H           -0.67917992730960       -1.17768834766472       -1.36221945198011
H            2.26325906507945       -1.38863280455198       -0.57716771433373
H            1.34291192187434       -2.57292482710674       -1.50803407378977
H            1.66513905276408       -0.97148008867979       -2.18000873443696
H            0.39181295138440        1.01375646553508       -1.35327536395571
H            1.25451759516976        0.51840098107197        1.55698842213499
H            3.88358652037587        2.41687095907591        0.65781369316563
26
 energy: -33.844777226685 gnorm: 0.004877346220 xtb: 6.7.1 (edcfbbe)
C           -2.16479209318539        1.29896710288783       -0.91705966991502
C           -1.12778466991976        1.04557988969359        0.18170012919999
C           -1.69152538136535        0.12098253791637        1.21829056576164
C           -1.28050134339943       -1.11819577457550        1.41990793627650
C           -0.18707056229836       -1.76737251968612        0.63505451004084
C            0.13006952698488       -1.00385745708321       -0.65094042136149
C            1.42740789676182       -1.51081128518296       -1.27394745082079
C            0.19941030966133        0.51236979937489       -0.39643886218448
C            1.30431238794208        0.85720327978207        0.53944143913262
N            2.26018112070566        1.57562897721061        0.14527801739250
O            3.23226012505195        1.86473224839759        1.11169533334011
H           -1.78308557192432        2.01222544368061       -1.64324638394609
H           -2.41456541846587        0.37438683786691       -1.43099410988734
H           -3.07558607486598        1.70316503233208       -0.48164135751318
H           -0.92059767009167        2.01054179852222        0.66321642746573
H           -2.49666708226126        0.53220062218554        1.81180454435591
H           -1.72950630365359       -1.72408052724218        2.19521204880598
H            0.71002953384653       -1.84216471069720        1.25879060391141
H           -0.47964882843136       -2.79140418614710        0.38555298536470
H           -0.68775644509716       -1.17430056902066       -1.35932823178278
H            2.25781371699489       -1.37509450011433       -0.58467112856439
H            1.34497769353242       -2.56948614725743       -1.51068697938636
H            1.65384773928968       -0.96710436210482       -2.18743094716478
H            0.40281151498460        1.01493753890693       -1.34764071560895
H            1.23767086675585        0.50512977835460        1.56858180997617
H            3.87829501244772        2.41582115199868        0.64949990711348
26
 energy: -33.844857081531 gnorm: 0.002168812844 xtb: 6.7.1 (edcfbbe)
C           -2.16317577043194        1.29094358088934       -0.92233005238915
C           -1.12681677813832        1.04791399453126        0.18007594829430
C           -1.68899204937220        0.12626594807604        1.22101030922792
C           -1.27866827992537       -1.11411318747282        1.42227476508876
C           -0.18441553853911       -1.76322096696275        0.63664493771637
C            0.12723131768027       -1.00185942164304       -0.65183331099396
C            1.42163791833851       -1.50680291616676       -1.28250973829017
C            0.20173851128439        0.51349136557132       -0.39210607055320
C            1.30160749553355        0.85117346209336        0.55440657221290
N            2.26133715904883        1.56534656295164        0.15867640534724
O            3.23496661287975        1.86224939274711        1.11561935067430
H           -1.78333330167015        2.00320754836986       -1.65073105442246
H           -2.40641024387299        0.36272166459793       -1.43322570195400
H           -3.07748906769956        1.69179000219635       -0.49092463876623
H           -0.92296008522392        2.01670199834875        0.65504369915527
H           -2.49233820701098        0.54028415362296        1.81543186677771
H           -1.72617703209069       -1.72033208156483        2.19834702534735
H            0.71487019899813       -1.83051937847372        1.25812841755065
H           -0.47276343538978       -2.78986654581838        0.39351003135794
H           -0.69493233570273       -1.17066005312373       -1.35526975684980
H            2.25596899611363       -1.36183000855565       -0.59964557781848
H            1.34502336823255       -2.56695192419465       -1.51405567680970
H            1.63770102949695       -0.96558139470307       -2.20031670580668
H            0.41536456798164        1.01943254468934       -1.33926440284965
H            1.22558080750219        0.48965925032850        1.58062760186265
H            3.87544414197718        2.41055640966460        0.64241575689199
26
 energy: -33.844879479143 gnorm: 0.001396714414 xtb: 6.7.1 (edcfbbe)
C           -2.16222259081287        1.28560115455229       -0.92527504911551
C           -1.12690632936670        1.04891704166998        0.17952172374919
C           -1.68829339480503        0.12837171145707        1.22248510834316
C           -1.27753195468852       -1.11210426002876        1.42358234359366
C           -0.18315673531405       -1.76155405163603        0.63762341340242
C            0.12724663049613       -0.99986969045339       -0.65105734021000
C            1.41849462829808       -1.50563266236454       -1.28745731957678
C            0.20295380531460        0.51492558227679       -0.38911239328378
C            1.30184411876566        0.85083240716352        0.56134656947004
N            2.26139006862676        1.56533834886699        0.16529452579126
O            3.23872842601788        1.85744572455132        1.11807349842668
H           -1.78351880225600        1.99740636369231       -1.65511960873737
H           -2.40214011195527        0.35568386568294       -1.43494025671890
H           -3.07896868454591        1.68488370132647       -0.49706013212551
H           -0.92647642211253        2.01977193662816        0.65152400991176
H           -2.49115828575580        0.54190767125248        1.81802811785657
H           -1.72464490665993       -1.71763699436026        2.20055739725998
H            0.71615300858595       -1.82744858944007        1.25900840130265
H           -0.47088355033999       -2.78847829506629        0.39554019467516
H           -0.69670304372248       -1.16761835924689       -1.35263031262183
H            2.25778220578727       -1.35728367647658       -0.61127802750446
H            1.34186152588657       -2.56674735614409       -1.51505139331728
H            1.62740966394478       -0.96777802927932       -2.20927027702943
H            0.42078889777818        1.02303655911701       -1.33405518755281
H            1.22127287102374        0.49141560387219        1.58752451478805
H            3.87667896180927        2.40661429238566        0.64219747922499
26
 energy: -33.844899152848 gnorm: 0.001952718961 xtb: 6.7.1 (edcfbbe)
C           -2.16140721594479        1.27717899672083       -0.92975809782061
C           -1.12831540066064        1.05023528016549        0.17881864690630
C           -1.68774026836892        0.13068638464886        1.22438327643685
C           -1.27518509045093       -1.10924986921280        1.42557307315651
C           -0.18104489773335       -1.75897730883669        0.63913115514738
C            0.12774328895094       -0.99535341803172       -0.64893222641747
C            1.41343270425117       -1.50375938570613       -1.29424863495647
C            0.20429835246755        0.51847483764282       -0.38419069567045
C            1.30317282385992        0.85227381907494        0.56967083763907
N            2.26702475552705        1.55933950244486        0.17089326058454
O            3.24143710586371        1.85619287288146        1.12491590028944
H           -1.78411625550729        1.98802317424733       -1.66178266933153
H           -2.39593604358747        0.34456484777215       -1.43719382057346
H           -3.08195138225117        1.67401054918432       -0.50675481531727
H           -0.93403605315205        2.02402792943715        0.64697229801428
H           -2.49026841882373        0.54208622628524        1.82184955859654
H           -1.72192314628397       -1.71364298417830        2.20383378924938
H            0.71785705335023       -1.82549751539706        1.26076522879851
H           -0.46953597254432       -2.78522125858999        0.39595196014820
H           -0.69875330155676       -1.16088855057396       -1.34816196854515
H            2.26163969999288       -1.35072965565568       -0.63005800999564
H            1.33440667821109       -2.56666161808099       -1.51390378670414
H            1.61074668899504       -0.97315546150181       -2.22328083791421
H            0.42709805921806        1.02883362179697       -1.32655567216822
H            1.21895917451295        0.49814141780265        1.59627665010644
H            3.88239706166456        2.39906756565900        0.64578560034302
26
 energy: -33.844911018448 gnorm: 0.001235331718 xtb: 6.7.1 (edcfbbe)
C           -2.16135115892676        1.27291925797018       -0.93179257705234
C           -1.12907911251837        1.05039504821556        0.17818165573140
C           -1.68689889340390        0.13119987255367        1.22461414486529
C           -1.27268180536709       -1.10785928145006        1.42678095581719
C           -0.17950978617483       -1.75740208204738        0.63938861459304
C            0.12759978922717       -0.99320556827164       -0.64872358609172
C            1.41093512281318       -1.50288209911206       -1.29718036802063
C            0.20469603780722        0.52040813970168       -0.38345273738924
C            1.30099340871515        0.85686806292229        0.57169586157088
N            2.26807872748293        1.55951047459514        0.17332370938758
O            3.24362320028267        1.85140068720839        1.12901844549065
H           -1.78466898743971        1.98270837672058       -1.66499397417376
H           -2.39371507929656        0.33875107464869       -1.43708126148335
H           -3.08285663942912        1.66875705416148       -0.51036141848109
H           -0.93728294849818        2.02538315725707        0.64484229485827
H           -2.48909148478221        0.54199528415714        1.82279150223462
H           -1.71762873687958       -1.71136658413077        2.20674366164674
H            0.72013384868342       -1.82522670661870        1.26000323115695
H           -0.46921454038119       -2.78317263897662        0.39518950452274
H           -0.70048772533783       -1.15796434991614       -1.34631193122888
H            2.26207053220557       -1.34618800717868       -0.63789769023223
H            1.33097402756342       -2.56696215110047       -1.51110327044223
H            1.60331588530602       -0.97673114909883       -2.22945877352121
H            0.42784243690161        1.03081850254446       -1.32565142555691
H            1.21576378856416        0.50654333637745        1.59943564852550
H            3.88844009288254        2.39130228886649        0.65199978327462
26
 energy: -33.844922842935 gnorm: 0.000681523181 xtb: 6.7.1 (edcfbbe)
C           -2.16326346546688        1.26906228617942       -0.93359407396231
C           -1.13027028166315        1.05103428098450        0.17663782262064
C           -1.68502941091058        0.13249271864099        1.22494235769514
C           -1.26855930639128       -1.10554904295739        1.42888843538376
C           -0.17719176639394       -1.75507229957492        0.63951643653338
C            0.12732618634912       -0.99112061659729       -0.64923422381638
C            1.40896029081889       -1.50134341047724       -1.30020510543169
C            0.20463792370050        0.52266444320582       -0.38447560730215
C            1.29928327156058        0.85825513963470        0.57110512292763
N            2.27236880006874        1.55354041313604        0.17412563105106
O            3.24264471125176        1.84660441661625        1.13606621688180
H           -1.78750260613595        1.97716798324649       -1.66855297202126
H           -2.39383282099940        0.33298612448818       -1.43585553168158
H           -3.08512677481213        1.66421226222679       -0.51291348970112
H           -0.94029910969909        2.02719630383748        0.64164393190651
H           -2.48668771993122        0.54354592606920        1.82358325617071
H           -1.71067824383783       -1.70842865831651        2.21088104904078
H            0.72422955138439       -1.82373189384265        1.25766886163126
H           -0.46792057521334       -2.78083803646570        0.39542478694475
H           -0.70271656294579       -1.15533944010805       -1.34446920899477
H            2.26155147190908       -1.33855308011863       -0.64470308070622
H            1.33042559467757       -2.56686998576771       -1.50710137792711
H            1.59644607372339       -0.98019407591346       -2.23585881269973
H            0.42768106248990        1.03227860973860       -1.32723860943359
H            1.20874044143935        0.51575643294273        1.60179343801295
H            3.89478326502699        2.38024319919127        0.66192474687939
26
 energy: -33.844932554963 gnorm: 0.000949462793 xtb: 6.7.1 (edcfbbe)
C           -2.16653980232479        1.26534190124184       -0.93556875731627
C           -1.13174357435266        1.05186342544912        0.17407332757657
C           -1.68262805879518        0.13471407917491        1.22572656971290
C           -1.26382476988626       -1.10237224772991        1.43134479090151
C           -0.17403128317136       -1.75213830351490        0.63986401299359
C            0.12678126601046       -0.98972905546454       -0.65063330704840
C            1.40801191565639       -1.49889874637118       -1.30321907580691
C            0.20398638038496        0.52450742728627       -0.38630007067463
C            1.29594953986020        0.86001781399964        0.57158223844191
N            2.27596856011829        1.54703724711723        0.17662728641838
O            3.24192595267771        1.83766143679029        1.14358304489172
H           -1.79252316272540        1.97165823996125       -1.67308857319916
H           -2.39632694768734        0.32737459997468       -1.43458826442847
H           -3.08837975207331        1.66041932576824       -0.51486522269459
H           -0.94306453486551        2.02952091565986        0.63651555549674
H           -2.48312497270368        0.54659243430101        1.82545105459473
H           -1.70279357490579       -1.70469807403050        2.21548241503120
H            0.72922383340757       -1.81990273108842        1.25543524562218
H           -0.46495552052176       -2.77841390250750        0.39779071989627
H           -0.70469274802542       -1.15490166706725       -1.34372687422953
H            2.26206279350997       -1.32823332430581       -0.65148116113902
H            1.33331885912306       -2.56591876780116       -1.50320118995496
H            1.58986727340819       -0.98279633248501       -2.24282494057916
H            0.42776055038756        1.03360547628662       -1.32924394956325
H            1.19884756450872        0.52261697543155        1.60362655092170
H            3.90092421298499        2.36507185392258        0.67163857413678
26
 energy: -33.844940364055 gnorm: 0.000685509584 xtb: 6.7.1 (edcfbbe)
C           -2.17066101763525        1.26163200180885       -0.93717203198480
C           -1.13336801189677        1.05302605725654        0.17108131933154
C           -1.68048690933299        0.13737069515510        1.22621641498190
C           -1.25922749631310       -1.09863743377566        1.43329493180921
C           -0.17074940144890       -1.74910721230515        0.64014525508227
C            0.12703732661139       -0.98843300900482       -0.65200637516315
C            1.40800169480257       -1.49622123129404       -1.30626483006180
C            0.20265489662647        0.52633346717120       -0.38884376888595
C            1.29277728017556        0.86038837047869        0.57187457721301
N            2.27926671043820        1.53952710260141        0.17964875141027
O            3.24123510615803        1.82690567294972        1.15130141685593
H           -1.79889906162573        1.96598897940329       -1.67779420877388
H           -2.40114969442931        0.32203734081636       -1.43286993449522
H           -3.09182402547902        1.65754391837505       -0.51563141505232
H           -0.94579533298491        2.03236792151267        0.63046496681853
H           -2.47935991398175        0.54986525253109        1.82771803277213
H           -1.69403084635591       -1.69959429378221        2.22081520447774
H            0.73404568236211       -1.81468276322378        1.25355637602287
H           -0.46145338404877       -2.77610817092520        0.40109810101075
H           -0.70510781202055       -1.15562672712397       -1.34363591552006
H            2.26335793232702       -1.31812565982986       -0.65842363489349
H            1.33756300168594       -2.56456227145580       -1.50014376974772
H            1.58472161159620       -0.98466721678371       -2.24938694283142
H            0.42769406533638        1.03514032548136       -1.33160846949578
H            1.18731615254343        0.52912537235277        1.60502450183459
H            3.90644144688920        2.34851351160896        0.68154144728667
26
 energy: -33.844943986332 gnorm: 0.000400660536 xtb: 6.7.1 (edcfbbe)
C           -2.17424618036171        1.25791125125548       -0.93881754250505
C           -1.13493692218255        1.05387409450678        0.16831567097040
C           -1.67820554001429        0.14002616841350        1.22718269201416
C           -1.25478311123906       -1.09509506806840        1.43531560163884
C           -0.16770521501258       -1.74629866102818        0.64055739004837
C            0.12707376272091       -0.98695750533549       -0.65311375956379
C            1.40790397199709       -1.49345136386966       -1.30873116137817
C            0.20165104112191        0.52796698650762       -0.39021032939842
C            1.28996549246674        0.86148026583592        0.57340496856976
N            2.28237566575117        1.53271224876744        0.18260011186864
O            3.24154679931950        1.81813040599576        1.15758640873435
H           -1.80457435636960        1.95998643453035       -1.68278367990178
H           -2.40533659553278        0.31647996510706       -1.43090235165798
H           -3.09490528618969        1.65483952174004       -0.51686136485534
H           -0.94866996788820        2.03486382239990        0.62464156259967
H           -2.47649829541993        0.55222969183582        1.82959632590313
H           -1.68774656590725       -1.69543522399680        2.22427588048596
H            0.73813359285471       -1.81051000261568        1.25248886189553
H           -0.45849803602313       -2.77357441303998        0.40352712273045
H           -0.70571982540120       -1.15589487061094       -1.34375681128300
H            2.26485643683968       -1.31043788992443       -0.66445412714014
H            1.33994080774562       -2.56265535909502       -1.49847304764669
H            1.58019228726763       -0.98505450321410       -2.25445601180979
H            0.42830421061546        1.03676047347226       -1.33246587343619
H            1.17806232990820        0.53412313506041        1.60684307268447
H            3.91181949893286        2.33398039536921        0.68869039043440
26
 energy: -33.844943161429 gnorm: 0.000886864899 xtb: 6.7.1 (edcfbbe)
C           -2.17775536839851        1.25429488879099       -0.94042520192774
C           -1.13646861476631        1.05469749252280        0.16560232146835
C           -1.67595212258602        0.14263190860070        1.22814628924275
C           -1.25041729749990       -1.09162307473340        1.43730946745911
C           -0.16472289255773       -1.74355461053244        0.64096387724269
C            0.12709999633352       -0.98552924641430       -0.65420529005790
C            1.40781226248559       -1.49074806900628       -1.31113371007484
C            0.20066854477360        0.52955002953054       -0.39155233082878
C            1.28721449105741        0.86254419889965        0.57489884593113
N            2.28541434401058        1.52605290926954        0.18548601345749
O            3.24183428636982        1.80957122085812        1.16373963871272
H           -1.81013559367328        1.95415285630561       -1.68765529232441
H           -2.40943830245055        0.31107487567539       -1.42899123925272
H           -3.09792054816528        1.65221011882153       -0.51805023208944
H           -0.95146399246656        2.03729532289925        0.61893833556468
H           -2.47370161904749        0.55454117362349        1.83142580793917
H           -1.68162193871536       -1.69138105515464        2.22763691036619
H            0.74213489214446       -1.80643162906672        1.25144941290208
H           -0.45560839919036       -2.77109613953312        0.40590966268108
H           -0.70632505954234       -1.15617856334413       -1.34388851653217
H            2.26632907035159       -1.30290354213257       -0.67034867217754
H            1.34228166040747       -2.56079935865528       -1.49681567513194
H            1.57575755971236       -0.98545081148065       -2.25941507897188
H            0.42889572031305        1.03832569789297       -1.33331217242449
H            1.16903010474466        0.53895761033106        1.60860087711180
H            3.91705881635501        2.31979579603074        0.69568595171642
26
 energy: -33.844945409329 gnorm: 0.000280577370 xtb: 6.7.1 (edcfbbe)
C           -2.17662108072018        1.25442678406055       -0.94003364260930
C           -1.13611113919584        1.05469620338152        0.16671621065505
C           -1.67744868687561        0.14162483434090        1.22725653029768
C           -1.25250288016564       -1.09291016617643        1.43606958210804
C           -0.16580824538089       -1.74419419403794        0.64075682561241
C            0.12742145367103       -0.98533776556423       -0.65355395805331
C            1.40771485678824       -1.49127756885013       -1.31071448720868
C            0.20105379124881        0.52963792276130       -0.39079870871957
C            1.28816757145327        0.86244382325335        0.57477849737789
N            2.28468895123203        1.52777170648248        0.18469761645342
O            3.24239983499908        1.81149147627369        1.16166500481570
H           -1.80821966500510        1.95431381997214       -1.68669681662212
H           -2.40797930230359        0.31137787833795       -1.42896255033370
H           -3.09706387349101        1.65227845213897       -0.51836211445789
H           -0.95133001890865        2.03700819668075        0.62083377072000
H           -2.47449954531059        0.55391576740692        1.83125288333868
H           -1.68291547755199       -1.69210349690711        2.22739360186537
H            0.74079653449796       -1.80753056331084        1.25164958451171
H           -0.45649141118363       -2.77170950764081        0.40489230765902
H           -0.70585321170982       -1.15522486176136       -1.34341710903069
H            2.26570339528881       -1.30593069074540       -0.66856566572931
H            1.34079546576588       -2.56088440285456       -1.49850610275864
H            1.57732804259316       -0.98439059043826       -2.25774293305191
H            0.42906534108077        1.03865590880313       -1.33257103891184
H            1.17144588234306        0.53897450720190        1.60879986190031
H            3.91626341683988        2.32287652719033        0.69316285017349
26
 energy: -33.844946146866 gnorm: 0.000227703832 xtb: 6.7.1 (edcfbbe)
C           -2.17635703146432        1.25363747064879       -0.94019122134583
C           -1.13628493692031        1.05477361963344        0.16715916891148
C           -1.67749233357802        0.14156295251421        1.22761672307099
C           -1.25263489363650       -1.09300816363695        1.43624539136790
C           -0.16614649376643       -1.74416341020273        0.64068207354405
C            0.12757631984521       -0.98477535653111       -0.65320289146174
C            1.40756468335215       -1.49098158600670       -1.31069502310663
C            0.20115108285963        0.53013498862799       -0.39024233911274
C            1.28838647450578        0.86283152299151        0.57503995676645
N            2.28486351798250        1.52782585844766        0.18448389189721
O            3.24322273737415        1.81143397294621        1.16089859847100
H           -1.80765880383077        1.95280847305044       -1.68731750326990
H           -2.40757944434142        0.31017252594491       -1.42827896847081
H           -3.09688375032429        1.65181899882459       -0.51915428925733
H           -0.95210351388511        2.03722337921886        0.62118985576691
H           -2.47512330640172        0.55346711638981        1.83108075916963
H           -1.68348595224177       -1.69244220467888        2.22709240387374
H            0.74039141140500       -1.80799928768510        1.25163802901494
H           -0.45694403746187       -2.77159019329581        0.40420966975055
H           -0.70570267641988       -1.15414617208381       -1.34307085320141
H            2.26530925152583       -1.30762653096686       -0.66774469729335
H            1.33965394499175       -2.56021830056674       -1.50024867856681
H            1.57827479455507       -0.98268855184422       -2.25666729379484
H            0.42903025156922        1.03927431974104       -1.33201009877256
H            1.17182109648349        0.54039885858715        1.60947400684587
H            3.91715160782207        2.32227569993115        0.69201332920504
