25
 energy: -29.353815763011 gnorm: 0.053805787037 xtb: 6.7.1 (edcfbbe)
C            4.30555398452700       -0.30575014903100       -0.25354452690100
C            3.02291995949800        0.39591565304900        0.16361637220000
C            1.78748531503400       -0.34669119294600       -0.34476158170500
C            0.49946064603400        0.36231955189200        0.07696894090600
C           -0.73663719325200       -0.38047570964600       -0.43154384660400
C           -2.02254965395100        0.32718270110400       -0.01062038374400
C           -3.26853598110200       -0.38842195159200       -0.50195992674500
C           -4.58540537595900        0.24278059631700       -0.13088170795300
O           -3.22648252311700       -1.42351118416600       -1.16509403991700
H            5.17614885484300        0.24207077999700        0.12044495894800
H            4.38381814078400       -0.36454754588400       -1.34384410898100
H            4.34529430832700       -1.32277941790200        0.14945430591300
H            2.99120537214300        0.46684592489200        1.25708219017700
H            3.02950902429900        1.41978347118900       -0.22799016305700
H            1.78792825173400       -1.37140415068900        0.04643822739700
H            1.82623183812200       -0.41851512368600       -1.43856872566800
H            0.49912171426400        1.38691489015000       -0.31445929822700
H            0.46081364996000        0.43388815616700        1.17076783104100
H           -0.69817069871600       -0.45630215495500       -1.52540974930400
H           -0.73637845474300       -1.40690542248300       -0.04396949601500
H           -2.03787012473700        1.34530839430200       -0.41515745021400
H           -2.07649761634700        0.38446420843600        1.08220783568300
H           -5.40775118092600       -0.35405453064700       -0.53508135876300
H           -4.67905911718200        0.28195891865400        0.95713670951000
H           -4.64015313953600        1.24992528747700       -0.55130132671300
25
 energy: -29.355344421241 gnorm: 0.012893324337 xtb: 6.7.1 (edcfbbe)
C            4.31598934336765       -0.30523540702004       -0.25294515191999
C            3.02952269347332        0.39369896603337        0.16236458872276
C            1.78900012317605       -0.33938954399928       -0.34003720691922
C            0.49627902362099        0.35826137009025        0.07428295294263
C           -0.74090058331032       -0.37928201865435       -0.43088790804406
C           -2.03220648456888        0.31872977368790       -0.01629347893645
C           -3.26882304103111       -0.40029955601406       -0.50958964617906
C           -4.58102585599742        0.23892958203770       -0.13323990817811
O           -3.21855083430618       -1.41760883831795       -1.16110119907962
H            5.18628737718356        0.23601450187976        0.11681935657304
H            4.38683786935599       -0.36560155666057       -1.33827402085058
H            4.34853989594326       -1.31822766925554        0.14629102084874
H            2.98980158851557        0.46250576930876        1.25303191694984
H            3.02806013191187        1.41432619012800       -0.23029971352872
H            1.78926026450919       -1.36001599215368        0.05202201464443
H            1.82749982331151       -0.40872357734024       -1.43049552319463
H            0.49762386821123        1.37933465834081       -0.31830659954766
H            0.45935456171450        0.42726555148336        1.16542638301231
H           -0.70681575489944       -0.45161627845138       -1.52076319898412
H           -0.74495457173143       -1.40052737263852       -0.04196153415735
H           -2.05065593022174        1.33846517844684       -0.40990085291806
H           -2.08891947325691        0.38668853169683        1.07333614745323
H           -5.40486186895287       -0.35023176282407       -0.53255371491249
H           -4.67234447104540        0.29424080399481        0.94988450536639
H           -4.63399769497202        1.24829869620029       -0.53687954789922
25
 energy: -29.355453149174 gnorm: 0.001720544650 xtb: 6.7.1 (edcfbbe)
C            4.31325441711409       -0.30588620094284       -0.25343323238850
C            3.02713196097280        0.39545114186385        0.16342734815483
C            1.78772366640266       -0.33994522084002       -0.34042679876128
C            0.49575755150534        0.35915531347459        0.07484336971549
C           -0.73985061571371       -0.37953810206023       -0.43102530899892
C           -2.03357038661921        0.31625604300435       -0.01791609067307
C           -3.26516958867152       -0.40919412306113       -0.51520220049325
C           -4.57477109524453        0.23799397403313       -0.13367897323311
O           -3.21257857126428       -1.42164488882548       -1.16353648862345
H            5.18197395701345        0.23447457992450        0.11571892260966
H            4.38223011489965       -0.36559336652749       -1.33742935258086
H            4.34396799140846       -1.31734820955971        0.14578032672664
H            2.98802755862084        0.46309988043800        1.25342843117797
H            3.02628818336373        1.41497576156094       -0.22998934069825
H            1.78838941568165       -1.35933169004969        0.05253683238986
H            1.82663268727322       -0.40794921223752       -1.43011993639732
H            0.49607370891827        1.37917865818329       -0.31854584060765
H            0.45780075767986        0.42701815947003        1.16532800553806
H           -0.70774753515155       -0.45035869780330       -1.51979539655287
H           -0.74587923767217       -1.39910194976590       -0.04125645029115
H           -2.05523601039423        1.33722670844731       -0.40774840607006
H           -2.09338735872507        0.38823662114400        1.07114786184913
H           -5.40252955068256       -0.34508407216112       -0.52919067268067
H           -4.66135719307193        0.29897812550280        0.94868973438919
H           -4.62317482764226        1.24893076678664       -0.53167666223644
25
 energy: -29.355464528170 gnorm: 0.000676256872 xtb: 6.7.1 (edcfbbe)
C            4.31262672119403       -0.30622581168075       -0.25366730115814
C            3.02675989945492        0.39649399929230        0.16408707717834
C            1.78703010916997       -0.33886014247411       -0.33974852273521
C            0.49480878191675        0.36004214320669        0.07538841005542
C           -0.73946434390946       -0.37982912886098       -0.43120224199441
C           -2.03439598767051        0.31464580932675       -0.01897101398851
C           -3.26480395663918       -0.41357933271733       -0.51800706769473
C           -4.57282368324105        0.23824772430739       -0.13346579902866
O           -3.21220310142943       -1.42611774144393       -1.16639602495683
H            5.18184686031761        0.23339500334397        0.11502156051890
H            4.37927817773522       -0.36559566261714       -1.33775034562503
H            4.34100826055527       -1.31757092528842        0.14580582968715
H            2.98799732614805        0.46363328506450        1.25386896308175
H            3.02626155089987        1.41559912821085       -0.22968856286362
H            1.78772789526811       -1.35787738097155        0.05352594182440
H            1.82597373497148       -0.40642751081157       -1.42923438508923
H            0.49478873463069        1.37975705837098       -0.31829933547000
H            0.45651234782358        0.42751171141991        1.16570480243194
H           -0.70705468178126       -0.45009072661066       -1.51985079006192
H           -0.74519564092758       -1.39905693906031       -0.04096560044418
H           -2.05772267113667        1.33566949245546       -0.40888933409977
H           -2.09587685641228        0.38661063775911        1.07011609984200
H           -5.40530229193862       -0.33969015424638       -0.52580071032473
H           -4.65298374632157        0.29958171845348        0.94951263980546
H           -4.61479343867692        1.24973374557072       -0.53116460762641
25
 energy: -29.355466300840 gnorm: 0.000297947115 xtb: 6.7.1 (edcfbbe)
C            4.31192639641258       -0.30627388509902       -0.25371614773731
C            3.02672540738962        0.39739725709246        0.16466588821894
C            1.78709180523336       -0.33802140479386       -0.33920884179896
C            0.49451452964057        0.36042753524769        0.07562846051152
C           -0.73887775519691       -0.38053934345591       -0.43164320514858
C           -2.03431237178398        0.31300131953049       -0.02002455791260
C           -3.26566655532597       -0.41422696728390       -0.51844375823332
C           -4.57262699856055        0.23901375612523       -0.13296914163879
O           -3.21415542697713       -1.42693360397156       -1.16696910004172
H            5.18183118333049        0.23268827656211        0.11456649113757
H            4.37825603880070       -0.36572675476011       -1.33791575870876
H            4.33998510670355       -1.31775131355575        0.14571993176266
H            2.98833584376272        0.46454706964655        1.25451357245970
H            3.02660194892169        1.41655791122419       -0.22911370239770
H            1.78781387824269       -1.35715420424669        0.05401587353232
H            1.82606041286120       -0.40568189548845       -1.42877817837367
H            0.49398898904765        1.38025747497622       -0.31796923234687
H            0.45571357750923        0.42803753196137        1.16599351045049
H           -0.70564983014096       -0.45093993497798       -1.52038179327550
H           -0.74379205644670       -1.39992624153162       -0.04146591021686
H           -2.05796707408968        1.33369806731477       -0.41055412450653
H           -2.09613501912554        0.38428298086397        1.06900771572512
H           -5.40719914607265       -0.33666711741758       -0.52391017335188
H           -4.65033758865106        0.29962587474962        0.95019201417354
H           -4.61212529548393        1.25030761128676       -0.53131015101881
25
 energy: -29.355466669849 gnorm: 0.000117775286 xtb: 6.7.1 (edcfbbe)
C            4.31178346458107       -0.30600306011061       -0.25354600522479
C            3.02674432819417        0.39773056731152        0.16488035483488
C            1.78706604024681       -0.33753163231153       -0.33889531015010
C            0.49401408380136        0.36020793448447        0.07547508000801
C           -0.73893985266694       -0.38135286580247       -0.43216697953154
C           -2.03429044207305        0.31212661671042       -0.02058578376239
C           -3.26599769300032       -0.41466638044810       -0.51873522559962
C           -4.57206826083750        0.23968939941455       -0.13252099532390
O           -3.21530663470144       -1.42736052775624       -1.16727174909000
H            5.18202146355753        0.23259924248754        0.11451325320404
H            4.37789569460553       -0.36553164303243       -1.33774933139262
H            4.33962746973004       -1.31750975984191        0.14581628479151
H            2.98846325829973        0.46495468535399        1.25473786524020
H            3.02672793168345        1.41692867076031       -0.22883163469051
H            1.78801287231367       -1.35669161237516        0.05429313149434
H            1.82625831799538       -0.40524090382254       -1.42846610323007
H            0.49311535780366        1.38007470915871       -0.31807742948728
H            0.45484098426288        0.42788193468247        1.16584123237809
H           -0.70516355069665       -0.45179917190463       -1.52090889171219
H           -0.74330594955879       -1.40077490113051       -0.04201036248199
H           -2.05773396644488        1.33279842399624       -0.41112111620662
H           -2.09590186747720        0.38338876949409        1.06843392862025
H           -5.40727110128522       -0.33527882146919       -0.52302066676681
H           -4.64940040416321        0.30037530121587        0.95061813188591
H           -4.61119154416911        1.25098502493416       -0.53077199654279
