23
 energy: -31.570888113831 gnorm: 0.053660240687 xtb: 6.7.1 (edcfbbe)
C           -2.43955620478500        0.89702878956700       -1.06663288432400
C           -1.73347681350800       -0.40195114589200       -0.67030169596600
C           -2.42975504069400       -1.05916568085900        0.52395146505500
C           -0.25592332262100       -0.17386903662400       -0.39889868354200
C            0.18168905200800        0.66951129679400        0.63565117881800
C            1.54536758061800        0.86645969233200        0.86946651945600
C            2.48457216585800        0.21793093483300        0.06607148750100
C            3.92376532226900        0.43005459478100        0.31808499582000
O            4.79256801306900       -0.11187172815600       -0.35377477585900
C            2.06814718188800       -0.62358936626300       -0.96632223395700
C            0.70421560788400       -0.81725103855100       -1.19609353173100
H           -2.44255003089200        1.62767150008100       -0.25046740323600
H           -1.94882424583000        1.36190750634400       -1.92900425811000
H           -3.48190087782200        0.70032486593400       -1.34003526936900
H           -1.82984102651500       -1.09237662716800       -1.51883332658600
H           -3.47191233845000       -1.29298398385200        0.28072112216800
H           -2.43234939583800       -0.40922631875100        1.40573719003500
H           -1.93200051026700       -1.99525235026300        0.80071277049200
H           -0.53937575285100        1.18144386712200        1.26970557969300
H            1.85678207322100        1.52418896789100        1.67646811101300
H            4.18251577066400        1.10718407291000        1.14927659369300
H            2.80020061831600       -1.12920862607800       -1.59268059539800
H            0.39764217428000       -1.47696018613100       -2.00555991271200
23
 energy: -31.573351771039 gnorm: 0.018841819923 xtb: 6.7.1 (edcfbbe)
C           -2.42886985779919        0.89931351558845       -1.06129582633682
C           -1.72772339578149       -0.40300282617935       -0.67163063232727
C           -2.41908136893300       -1.05434236260361        0.52722463925943
C           -0.25706796162482       -0.17560747066190       -0.40102960789634
C            0.17596860755663        0.66187770720808        0.62629817279138
C            1.52684125877477        0.85918379489351        0.86063233845677
C            2.47584651815021        0.21771751774340        0.06586277979614
C            3.91187701268424        0.42006759333451        0.30587541995410
O            4.78791138961526       -0.10435046410780       -0.34449551261802
C            2.05303463970985       -0.62048600587640       -0.96241242793282
C            0.70099319711439       -0.81159577121092       -1.18911818160253
H           -2.42512851548260        1.61654274237388       -0.24120576474578
H           -1.93681048664212        1.35860104347877       -1.91864735818038
H           -3.46588067279269        0.69850155753049       -1.33045591013540
H           -1.81059386339723       -1.09303818949317       -1.51976597329842
H           -3.45595055072760       -1.28313736937135        0.28081200763799
H           -2.41504082449730       -0.39778461597419        1.39664691703236
H           -1.92005805479588       -1.98436646565487        0.79952969692486
H           -0.54522935017815        1.16812124613599        1.25335690429319
H            1.84034263431886        1.51325011270695        1.66311614090562
H            4.15594092852798        1.09945984330070        1.13993999754461
H            2.78816472925245       -1.11854201434875       -1.57948794219985
H            0.39051398694942       -1.46638311881142       -1.99250743436883
23
 energy: -31.573698166849 gnorm: 0.003853482527 xtb: 6.7.1 (edcfbbe)
C           -2.42165507754597        0.90144432976747       -1.05878542645378
C           -1.72588407234013       -0.40590311042552       -0.67520890842318
C           -2.41186631412475       -1.05227595254266        0.52978734442364
C           -0.25933355465220       -0.17933644951453       -0.40560171775487
C            0.17061426788265        0.65717624221791        0.62054914186814
C            1.51553168417738        0.85552083360503        0.85619709340075
C            2.47072112683264        0.21744385507902        0.06555771890680
C            3.90396332589627        0.41582667830481        0.30070819304149
O            4.78940896693306       -0.09766463717031       -0.33628151136796
C            2.04505203084252       -0.62111029746277       -0.96313101364422
C            0.69851173714586       -0.81277361924980       -1.19055139562381
H           -2.40745398802233        1.60871037363543       -0.23346528433180
H           -1.92749276967762        1.35898346202076       -1.91273380873438
H           -3.45818929768531        0.70537701380890       -1.32365234659395
H           -1.80840740156479       -1.09538890838192       -1.52267058199745
H           -3.44825145594330       -1.27783276371133        0.28889310691108
H           -2.39745180631841       -0.38850292983097        1.39047185142934
H           -1.91076753324643       -1.97859932757567        0.80106449712493
H           -0.55291057591009        1.16031608568840        1.24380512727658
H            1.83265629521306        1.50809584766686        1.65682445842729
H            4.13309294249750        1.09981513432371        1.14051701766637
H            2.78636366967904       -1.11369298747782       -1.57351323043215
H            0.38374779993334       -1.46562887277399       -1.99153788216486
23
 energy: -31.573737378290 gnorm: 0.001194452152 xtb: 6.7.1 (edcfbbe)
C           -2.41905723068642        0.90296456022250       -1.05748661161479
C           -1.72642538369384       -0.40767012709971       -0.67737873645115
C           -2.40926580735784       -1.05129895559014        0.53152776901492
C           -0.26026304818527       -0.18258487835143       -0.40959102530798
C            0.16828783144678        0.65461025723392        0.61740771242189
C            1.51233893057905        0.85384401100859        0.85415446590291
C            2.46909291526301        0.21646973030309        0.06436963584728
C            3.90039094716694        0.41653653981248        0.30160322076727
O            4.79169972708840       -0.09280694496121       -0.33032082768017
C            2.04418418874493       -0.62303840706846       -0.96549699118098
C            0.69836121234690       -0.81596520469133       -1.19447559719927
H           -2.39875569355806        1.60752882846813       -0.23011498158080
H           -1.92416924067866        1.36005964010447       -1.91113858015181
H           -3.45696145637070        0.71222064278514       -1.32007812001551
H           -1.81327605650780       -1.09686474972985       -1.52445570112321
H           -3.44700004064102       -1.27572209888612        0.29631586399908
H           -2.38877719908959       -0.38492984185677        1.38995607375774
H           -1.90744565928965       -1.97723734581318        0.80242691448824
H           -0.55704163944866        1.15685335054226        1.23957200663248
H            1.83087671148198        1.50636515311109        1.65470687264123
H            4.12189120570853        1.10285410438626        1.14432280493695
H            2.78935867375400       -1.11351184554839       -1.57330892284520
H            0.38195611192898       -1.46867641838032       -1.99527480230510
23
 energy: -31.573750744733 gnorm: 0.001726300841 xtb: 6.7.1 (edcfbbe)
C           -2.41590218850897        0.90534257705407       -1.05563773228400
C           -1.72769477075347       -0.40939029088123       -0.67948642810451
C           -2.40610573298144       -1.04995519630364        0.53421733162676
C           -0.26073321006612       -0.18741907350551       -0.41553339046599
C            0.16585083753346        0.65073630734281        0.61265837311665
C            1.50934012674703        0.85131126252828        0.85105789567222
C            2.46715744552020        0.21445665665344        0.06190559425010
C            3.89568504410085        0.41924460301028        0.30496218333358
O            4.79429954728152       -0.08519287411511       -0.32097147449836
C            2.04456399017381       -0.62626252663336       -0.96946446572312
C            0.69904611600828       -0.82097352420849       -1.20063921858726
H           -2.38785750314866        1.60841230448479       -0.22701269397342
H           -1.92105110683241        1.36144163167849       -1.91027819033339
H           -3.45619484305034        0.72220170350129       -1.31472379356047
H           -1.82241665195725       -1.09820350303491       -1.52604594563451
H           -3.44619980211403       -1.27251138433874        0.30717537315294
H           -2.37788899383183       -0.38200779122544        1.39140053657984
H           -1.90432400247635       -1.97665864817103        0.80393952600224
H           -0.56186411812292        1.15192710185601        1.23354319554447
H            1.82865495184322        1.50400518929134        1.65181788373729
H            4.10804935160627        1.10778946289346        1.15047684698260
H            2.79419346030007       -1.11451831903570       -1.57457650326732
H            0.38139205273107       -1.47377566884008       -2.00154246061235
23
 energy: -31.573753593357 gnorm: 0.000453598015 xtb: 6.7.1 (edcfbbe)
C           -2.41602642300269        0.90525300629396       -1.05559114288654
C           -1.72774393178828       -0.40899924747311       -0.67900522137690
C           -2.40623075466936       -1.04989211059758        0.53413969147967
C           -0.26042579233252       -0.18717832709375       -0.41523918635631
C            0.16614486028199        0.65075527596726        0.61267987951536
C            1.50967099497592        0.85129987726502        0.85104189471036
C            2.46721401734885        0.21437068645242        0.06179967714343
C            3.89608270067388        0.41961508784399        0.30541648366166
O            4.79385427420923       -0.08531890198565       -0.32112377259681
C            2.04484952537308       -0.62605698035303       -0.96921348220649
C            0.69920875740329       -0.82056943544140       -1.20014324144980
H           -2.38825912075467        1.60945967791789       -0.22796844361675
H           -1.92192746433459        1.36067893158541       -1.91103933082442
H           -3.45631821564686        0.72142100018387       -1.31413026488823
H           -1.82226733499608       -1.09784382160044       -1.52560458504958
H           -3.44633084128625       -1.27177175097746        0.30653271341297
H           -2.37827952503640       -0.38315964613609        1.39223287181066
H           -1.90520132511883       -1.97725362031106        0.80304171874897
H           -0.56130358216523        1.15195918160213        1.23357917837457
H            1.82814766747122        1.50401729093799        1.65183597019694
H            4.10939222944110        1.10746756121288        1.15007134852941
H            2.79340171973129       -1.11481938538513       -1.57494177653725
H            0.38234756422390       -1.47343434990712       -2.00112853684092
23
 energy: -31.573754105051 gnorm: 0.000130933175 xtb: 6.7.1 (edcfbbe)
C           -2.41583565937558        0.90531152682616       -1.05550226425799
C           -1.72783339413926       -0.40899804619068       -0.67900314124724
C           -2.40604015832913       -1.04981606217992        0.53421410054902
C           -0.26037857240866       -0.18737563442358       -0.41548203637793
C            0.16603262363483        0.65053005217487        0.61240352662340
C            1.50949383560705        0.85113439748925        0.85083907654803
C            2.46708976331585        0.21422344599339        0.06161877557939
C            3.89602252065071        0.41991858234940        0.30578592531950
O            4.79414084909119       -0.08478032876834       -0.32046181913466
C            2.04491081502129       -0.62610036140221       -0.96926667571438
C            0.69920290266869       -0.82063914664125       -1.20022858560942
H           -2.38680909580727        1.61000818859477       -0.22833932439792
H           -1.92245930146063        1.35999096992702       -1.91173837165367
H           -3.45650747917247        0.72181729347110       -1.31278289354869
H           -1.82252221215565       -1.09784050102014       -1.52559899962384
H           -3.44652446220429       -1.27053460029984        0.30719639382539
H           -2.37682428667562       -0.38362623745440        1.39268714633234
H           -1.90573412432349       -1.97780117933981        0.80222789551748
H           -0.56145754637870        1.15165528753420        1.23320627055262
H            1.82756621737708        1.50387057380936        1.65165838875511
H            4.10864293905405        1.10765503259592        1.15030930081206
H            2.79306948479154       -1.11504741892401       -1.57522006734424
H            0.38275434122046       -1.47355583412024       -2.00128017855034
