30
 energy: -38.711509588707 gnorm: 0.062729488885 xtb: 6.7.1 (edcfbbe)
C            3.59535766071300        1.54961871211200       -2.42437789873300
C            2.84368203293900        0.45330886027200       -2.25789152844100
C            2.45805138537400       -0.12181167925300       -0.92978939973400
O            1.03023803414900       -0.16697123548400       -0.88685164334200
C            0.53327068266900       -0.66342252133600        0.27831572951700
O            1.20743292588100       -1.05632000254700        1.22090661808000
C           -0.98591030965200       -0.66057506124100        0.24326445913200
C           -1.51062251740900       -2.09714607084500        0.39916051332400
C           -1.15513670951100       -2.98423763379000       -0.78743121626900
C           -1.52888502831600        0.24204726388600        1.36452188816500
C           -1.19268653941700        1.72023034974200        1.14286397330500
C           -1.78826391992700        2.59446489978800        2.23561048026300
H            3.83609437254100        1.91119018486900       -3.41956944181800
H            3.98280665199200        2.11152340695000       -1.57995253343200
H            2.47788371016300       -0.07463321846400       -3.13542598787900
H            2.86353248803500       -1.13674344670900       -0.84759334540500
H            2.83722550990800        0.49417948264600       -0.10584319835300
H           -1.32682475250100       -0.26548372559700       -0.72250537845800
H           -1.11551992198800       -2.55279651946500        1.31540337364600
H           -2.60284406325400       -2.07838723075400        0.49746437997200
H           -1.54305193605200       -2.56415260337200       -1.72085388629600
H           -0.07220068646500       -3.10552104986900       -0.88740843378400
H           -1.59221409406300       -3.97935024170500       -0.65680567729600
H           -2.61965489074300        0.13393627839100        1.41751579033200
H           -1.13029925100900       -0.07952432045800        2.33527239790200
H           -0.10686441199500        1.86602956593700        1.12664521877600
H           -1.57944666994000        2.04762811176800        0.17086192898200
H           -2.87905015373700        2.50533793312700        2.25889957633700
H           -1.39882626748400        2.31249660871400        3.21904816096100
H           -1.53727333089700        3.64508490268400        2.05916910969400
30
 energy: -38.714665386794 gnorm: 0.013333926407 xtb: 6.7.1 (edcfbbe)
C            3.58557590182701        1.54446240110402       -2.42221498019651
C            2.84665199857216        0.45994360108611       -2.26238962741727
C            2.45752336588572       -0.11610955602400       -0.93800211644166
O            1.02968064842152       -0.17633144633974       -0.87004589002022
C            0.51881510479598       -0.66439236215600        0.27616618551020
O            1.18855442006225       -1.04699994433430        1.20026132994008
C           -0.99648164215158       -0.66336783997803        0.24466314216673
C           -1.51343046872522       -2.09994739066591        0.39953787428851
C           -1.15170621814349       -2.98399088212038       -0.78751898384279
C           -1.52889911799946        0.24373694301404        1.36293822670802
C           -1.19104426841639        1.71789863527185        1.14385666891868
C           -1.78587708181727        2.59695588676854        2.23567427534122
H            3.83911886722197        1.90543647426738       -3.40568596893368
H            3.97599144129775        2.09813600555866       -1.58289979050680
H            2.46892508023936       -0.06805175526788       -3.12833428197394
H            2.85890096790029       -1.13191186785928       -0.83370549202212
H            2.83481176943023        0.49301473776230       -0.11037323010397
H           -1.31666760712899       -0.26701343315351       -0.72424800595091
H           -1.10409516436581       -2.53193384107202        1.31685104118492
H           -2.60204459432937       -2.06808865148130        0.50190368301903
H           -1.53634789402581       -2.56255766951935       -1.71592816932610
H           -0.07210181023089       -3.09231644039592       -0.88247227887247
H           -1.58169157468377       -3.97712109860406       -0.66022348781937
H           -2.61624091187714        0.13315381539086        1.41239486200234
H           -1.11681007796123       -0.08679078764565        2.32049202027755
H           -0.10582673197384        1.84813605443371        1.12535645811700
H           -1.57670131496664        2.03755875365649        0.17158647536721
H           -2.87125833648251        2.50377640858181        2.25827251797515
H           -1.39958646054927        2.31105265769435        3.21312300665133
H           -1.53773828982157        3.64366259202420        2.06358856510787
30
 energy: -38.714960849725 gnorm: 0.005378998038 xtb: 6.7.1 (edcfbbe)
C            3.58428903761100        1.53736808784933       -2.41919070948128
C            2.83973898355895        0.46038538461085       -2.26328041496443
C            2.45400951637523       -0.11279467541498       -0.93861938516886
O            1.02581122842312       -0.17777923600014       -0.86319783230018
C            0.51121782660964       -0.66203229744212        0.27438862868355
O            1.18247922497735       -1.04336174268546        1.19464410104109
C           -1.00366750813979       -0.65970400953146        0.23734386461829
C           -1.51555925991153       -2.09679204456680        0.39989749846044
C           -1.14720324537609       -2.97966972272531       -0.78568899724647
C           -1.53141088874142        0.24207540147949        1.36066533086545
C           -1.18801872006574        1.71367183190081        1.14086660918146
C           -1.78122774987430        2.59376382413611        2.23402298231195
H            3.83982714810587        1.90618384535834       -3.39698154302532
H            3.97287346631422        2.08955940923138       -1.58012876761536
H            2.45257348215092       -0.07091652979166       -3.12146545125385
H            2.85455279252792       -1.12923476692253       -0.82460805413121
H            2.83139659362592        0.49672500648437       -0.11081316935601
H           -1.31812277318500       -0.26325154411030       -0.73275850710210
H           -1.09659723552439       -2.51740977142857        1.31655173801305
H           -2.60247609342085       -2.06786313004993        0.50523271488176
H           -1.53204371961121       -2.55847844603016       -1.71220959901149
H           -0.06768458827549       -3.07690130151833       -0.87568121626279
H           -1.56968625765248       -3.97410907773617       -0.65944588722827
H           -2.61727180791038        0.13202476070723        1.41416014174974
H           -1.10981497985735       -0.09451527215506        2.31044187055664
H           -0.10289125438769        1.83709483400156        1.12355992575081
H           -1.57248768382048        2.03339759991320        0.16914895641151
H           -2.86495197408606        2.49935941363817        2.25443493888209
H           -1.39530571047069        2.30482955865493        3.20887748171695
H           -1.53234784996516        3.63837461014022        2.06245678017085
30
 energy: -38.715020035416 gnorm: 0.002467495372 xtb: 6.7.1 (edcfbbe)
C            3.58017224051278        1.53535728508833       -2.41736879356105
C            2.83165331049879        0.46067912755237       -2.26329395256988
C            2.44992121061354       -0.10989292671248       -0.93706636084324
O            1.02146788726124       -0.17771360519229       -0.86166742452677
C            0.50619266011841       -0.66139735180611        0.27256992078652
O            1.17795426088558       -1.04201947805921        1.19448063724475
C           -1.00862220888099       -0.65873968299855        0.23336247267379
C           -1.51683792565497       -2.09657214737568        0.39890537344381
C           -1.14259606791802       -2.97859595489654       -0.78556199021787
C           -1.53329637901143        0.24209856701351        1.35823521351390
C           -1.18560190688272        1.71244842176454        1.13923443530175
C           -1.77691794583143        2.59333621700833        2.23323156617217
H            3.84300730619991        1.90552967918806       -3.39290378456424
H            3.97702218876701        2.07958581476756       -1.57659744538429
H            2.43799587535494       -0.07225975148827       -3.11731745680069
H            2.85199203735590       -1.12565326415233       -0.81829590040189
H            2.82570201839351        0.50241077390653       -0.11009268379601
H           -1.32154685540158       -0.26267503136957       -0.73694375039997
H           -1.09329040167655       -2.51100304430871        1.31567737828616
H           -2.60325025828777       -2.07236333573462        0.50567947190801
H           -1.52821153644094       -2.55859743207385       -1.71206195267518
H           -0.06222591075052       -3.06739114608073       -0.87230542527381
H           -1.55851746630022       -3.97548339283977       -0.66019430018211
H           -2.61873222710830        0.13408835910164        1.41602077332768
H           -1.10738175768436       -0.09802138958672        2.30430151165056
H           -0.10017476301406        1.83136678616379        1.12312183717408
H           -1.56832222752853        2.03354226677281        0.16754026383238
H           -2.86046206935543        2.49922408681978        2.25267511425053
H           -1.39086270025089        2.30146007359883        3.20689749844126
H           -1.52623038797881        3.63725147592635        2.06236178233767
30
 energy: -38.715049988302 gnorm: 0.002243236286 xtb: 6.7.1 (edcfbbe)
C            3.58346966294657        1.52831219920912       -2.41608075036898
C            2.82599704826856        0.45919513275608       -2.26281516262495
C            2.44503277058657       -0.10648535921537       -0.93451292540292
O            1.01633294741617       -0.17564370859853       -0.86142666239914
C            0.50046653968045       -0.65940782718085        0.27057497954464
O            1.17127032137394       -1.04076325068195        1.19467322116859
C           -1.01431307876955       -0.65846319089710        0.23017393509535
C           -1.51796551971660       -2.09760900295966        0.39742662430510
C           -1.13621883226824       -2.97825069023763       -0.78589195179104
C           -1.53600601781713        0.24235689413478        1.35607018612316
C           -1.18278250849442        1.71150247599193        1.13778256566273
C           -1.77135852732161        2.59355175523995        2.23250859806453
H            3.84164203203157        1.90684268535231       -3.38994207109692
H            3.98093129407968        2.06927866140243       -1.57305403709685
H            2.41988231898127       -0.07028065584155       -3.11331537580718
H            2.84803855469048       -1.12137286829043       -0.81079790729367
H            2.81857144642946        0.50950562114122       -0.10899701019539
H           -1.32710537135391       -0.26302409411302       -0.74015034175022
H           -1.09185552659114       -2.50754771440428        1.31472168028944
H           -2.60436184790482       -2.07954600653947        0.50406187900033
H           -1.52305800684989       -2.56095961730788       -1.71325006819121
H           -0.05478657717335       -3.05821627328656       -0.86985530732488
H           -1.54439397913806       -3.97837388098938       -0.66123820712898
H           -2.62145302201440        0.13759349839848        1.41736428690786
H           -1.10790767864563       -0.10056778122745        2.29995182444750
H           -0.09685059751759        1.82586354524418        1.12311791668854
H           -1.56300788702089        2.03491451153401        0.16588276011579
H           -2.85517019966706        2.50180296623248        2.25171216954267
H           -1.38545898678755        2.29895880779654        3.20550897637444
H           -1.51758077142877        3.63683316733458        2.06242020428972
30
 energy: -38.715070934426 gnorm: 0.002237440156 xtb: 6.7.1 (edcfbbe)
C            3.58315938510324        1.52646979591464       -2.41629416453108
C            2.82017603915728        0.46126726160586       -2.26213153978161
C            2.44092412844566       -0.10270884910429       -0.93239154761202
O            1.01225358233589       -0.17381558010362       -0.86188095708727
C            0.49645950114327       -0.65879682622744        0.26938535086204
O            1.16585829757586       -1.04041030461296        1.19483973283135
C           -1.01837533081811       -0.65931975401203        0.22939021007169
C           -1.51867044975695       -2.09955859156825        0.39648563636229
C           -1.13123304614710       -2.97870202242123       -0.78623822027137
C           -1.53855994763879        0.24226524622664        1.35534064313804
C           -1.18076327606363        1.71059199959286        1.13735009211581
C           -1.76685163002396        2.59417399585431        2.23205586827421
H            3.84491775983000        1.90367767745922       -3.38988812601931
H            3.98964114560242        2.05972932890775       -1.57213326851075
H            2.40809469316670       -0.06618596818802       -3.11087848869416
H            2.84592228019712       -1.11625156451764       -0.80568233623090
H            2.81185966522177        0.51658547289608       -0.10827768202322
H           -1.33246712718819       -0.26449431737006       -0.74081097046887
H           -1.09292182414952       -2.50841989651730        1.31443061254438
H           -2.60541486708146       -2.08561012408367        0.50129138305536
H           -1.51930235125907       -2.56417790333029       -1.71456725297127
H           -0.04918538054970       -3.05304344132898       -0.86922168472954
H           -1.53384081203751       -3.98123169120667       -0.66178675536091
H           -2.62437426707953        0.14062489688466        1.41717232177949
H           -1.11138195275333       -0.10169539609311        2.29935507486570
H           -0.09438233108118        1.82190485333231        1.12365670581482
H           -1.55889325388232        2.03586379260010        0.16511182599393
H           -2.85109711810509        2.50589490661364        2.25158703939529
H           -1.38161702330326        2.29846794857868        3.20516802331406
H           -1.50993448885638        3.63690505421578        2.06218650302189
30
 energy: -38.715094959060 gnorm: 0.001685002986 xtb: 6.7.1 (edcfbbe)
C            3.58745229946538        1.52273566162382       -2.41785680460042
C            2.81464172918406        0.46506663198654       -2.26094137368664
C            2.43544325893092       -0.09645168903991       -0.92978195994855
O            1.00697736557011       -0.17045619762141       -0.86202155303885
C            0.49167885495954       -0.65827060187509        0.26867447501236
O            1.15971070132694       -1.04032248654237        1.19457246678771
C           -1.02334269726160       -0.66118724189032        0.22968219123353
C           -1.51982067034338       -2.10271537283327        0.39530389166897
C           -1.12505023441482       -2.98002185919862       -0.78643379477369
C           -1.54282294787492        0.24155435750560        1.35502691236674
C           -1.17861325573510        1.70872474288327        1.13773099293065
C           -1.76081754445347        2.59534929888701        2.23173428727978
H            3.84936394403946        1.89807727360194       -3.39196567121599
H            4.00310091603613        2.04909502164761       -1.57373464723456
H            2.39329800813027       -0.05735650115854       -3.10813786260645
H            2.84300734212400       -1.10817100120500       -0.79943445602724
H            2.80324245928042        0.52676938364177       -0.10750483816234
H           -1.33999296865162       -0.26709132089354       -0.74019141407609
H           -1.09649474813127       -2.51146916848201        1.31458228989955
H           -2.60719298018557       -2.09281177831345        0.49599076208268
H           -1.51471657259173       -2.56935818413202       -1.71600975801622
H           -0.04242649446952       -3.04764736560689       -0.86863152090507
H           -1.52088641734438       -3.98537113170522       -0.66178696982596
H           -2.62930335617749        0.14432939298341        1.41477075243098
H           -1.11916598752832       -0.10341085865236        2.30045939907818
H           -0.09161835153443        1.81565030463342        1.12493326220866
H           -1.55405262260355        2.03602480725035        0.16498118429694
H           -2.84565350743602        2.51289185464403        2.25176134350429
H           -1.37706286040400        2.29881804761071        3.20533971169447
H           -1.49888266190186        3.63702598024750        2.06151273079064
30
 energy: -38.715125839749 gnorm: 0.002080287476 xtb: 6.7.1 (edcfbbe)
C            3.59895126442875        1.51565315804788       -2.42202720919502
C            2.80586468798517        0.47394477851686       -2.25899053607343
C            2.42567530049248       -0.08315500434657       -0.92602927966420
O            0.99781150005116       -0.16320596850972       -0.86058433268180
C            0.48388601421941       -0.65704236747641        0.26896665152052
O            1.15167277083959       -1.04066460405362        1.19333433847238
C           -1.03142753836273       -0.66458206542261        0.23055240974839
C           -1.52310449563577       -2.10775916011039        0.39346889359177
C           -1.11519606664610       -2.98306419029634       -0.78541271022762
C           -1.55184026092560        0.23928904580918        1.35454821154556
C           -1.17577313300053        1.70415168195861        1.13913277687117
C           -1.75037924847067        2.59665148534204        2.23196006671710
H            3.85974839517997        1.88532830144793       -3.39811766838145
H            4.03111227532184        2.03247551029977       -1.58048233124528
H            2.36790140195664       -0.03852272923986       -3.10392570364681
H            2.83792575890918       -1.09195936154789       -0.78998192007095
H            2.78922535752975        0.54579393823074       -0.10648791786105
H           -1.35109866111867       -0.27129228099685       -0.73900942855676
H           -1.10589757452675       -2.51605304757067        1.31605942564109
H           -2.61153144366178       -2.10257050789546        0.48501285835988
H           -1.50637009712880       -2.57903873544944       -1.71731226550805
H           -0.03169876723116       -3.03960088129857       -0.86483602587515
H           -1.50038054907821       -3.99251011487293       -0.65988233801495
H           -2.63946755728204        0.14950096463721        1.40724390904309
H           -1.13645933069116       -0.10828089534793        2.30296879246446
H           -0.08777150981536        1.80226329154176        1.12739243321918
H           -1.54706301655780        2.03473664382813        0.16580841543775
H           -2.83605069205308        2.52507890385631        2.25246638045018
H           -1.36956157620543        2.29857083123547        3.20630080228236
H           -1.47870320851809        3.63586337968034        2.06048733078570
30
 energy: -38.715144182597 gnorm: 0.001705607504 xtb: 6.7.1 (edcfbbe)
C            3.60687090533858        1.51117824688870       -2.42485285070195
C            2.80090477829509        0.47999069517970       -2.25825940002434
C            2.42022817381719       -0.07401041342328       -0.92438924976852
O            0.99279927721974       -0.15796837370898       -0.85879741609558
C            0.47977454050806       -0.65638414474206        0.26929048452190
O            1.14898920517743       -1.04063386427778        1.19228341984411
C           -1.03551508480645       -0.66612231427564        0.23013419520154
C           -1.52566550917503       -2.10978986335070        0.39263957212039
C           -1.11076867277176       -2.98532895555400       -0.78365203473147
C           -1.55763674577939        0.23775824315179        1.35337250020717
C           -1.17468267960363        1.70112923287450        1.13999784435770
C           -1.74500093890857        2.59635872079168        2.23279830424750
H            3.86759285061650        1.87671717020191       -3.40247959629178
H            4.04935530023511        2.02343704958401       -1.58600180526085
H            2.35327234536706       -0.02673647466472       -3.10167376627048
H            2.83505034470722       -1.08157716512237       -0.78560930976815
H            2.78233765381042        0.55735231776654       -0.10593921579797
H           -1.35472391859159       -0.27313283978249       -0.73968438501356
H           -1.11178891151457       -2.51644830004115        1.31745540697069
H           -2.61442784493483       -2.10609254759475        0.47922355505163
H           -1.50165059544916       -2.58474552201437       -1.71704316164997
H           -0.02685176024101       -3.03626725120399       -0.86011671222223
H           -1.49101943433299       -3.99639502807060       -0.65721574950803
H           -2.64572746696413        0.15169629971690        1.40136046016782
H           -1.14724086139989       -0.11226223179449        2.30300097085630
H           -0.08622247337946        1.79354322886703        1.12902676131412
H           -1.54374040557538        2.03393305148627        0.16665018964152
H           -2.83094704994210        2.53057550968918        2.25278770004090
H           -1.36601438930434        2.29627170048051        3.20716616284130
H           -1.46755063241389        3.63395382293962        2.06115115486836
30
 energy: -38.715167461520 gnorm: 0.002197107672 xtb: 6.7.1 (edcfbbe)
C            3.63350553397875        1.49666687745847       -2.43492452191191
C            2.78643139958283        0.49970230267867       -2.25670795123604
C            2.40445816573064       -0.04416800057791       -0.91978391168458
O            0.97851721010087       -0.13890839118647       -0.85288136187717
C            0.46818359373483       -0.65226477425014        0.27042611614852
O            1.14248558718829       -1.04141729424787        1.18776585907148
C           -1.04670736763487       -0.67033916379041        0.22735214639199
C           -1.53381964305621       -2.11493213759402        0.39031766501551
C           -1.09917403124476       -2.99396816630223       -0.77636652801608
C           -1.57548662091868        0.23355709898914        1.34775605239997
C           -1.17207785790303        1.69256774524280        1.14270671002359
C           -1.73047406420548        2.59345680095858        2.23709413518897
H            3.89460872980567        1.84817262245722       -3.41791229860881
H            4.10945217929322        1.99498416796641       -1.60562176722439
H            2.30828054010174        0.01151515120585       -3.09515032404069
H            2.82669822036388       -1.04839354475404       -0.77309404188435
H            2.76328420252748        0.59421152783144       -0.10484440733566
H           -1.36254709179365       -0.27854780498781       -0.74385322138695
H           -1.13017072822422       -2.51520795777202        1.32239357789106
H           -2.62346263243313       -2.11435155394750        0.46250087872461
H           -1.48687570931431       -2.60399391024880       -1.71534292439210
H           -0.01420916411981       -3.03140508501698       -0.84232605380993
H           -1.46778045942409       -4.00844490808005       -0.64603095578847
H           -2.66490274212668        0.15809788188562        1.38002754440147
H           -1.18141509180476       -0.12465051438233        2.30118420304671
H           -0.08244889769990        1.76807832055447        1.13493753953822
H           -1.53399160065437        2.03382709396914        0.16974850698348
H           -2.81720375884375        2.54492461157881        2.25447060616894
H           -1.35773641241899        2.28479185952085        3.21106439598398
H           -1.43542148858315        3.62643914483806        2.06771836136671
30
 energy: -38.715175574081 gnorm: 0.000761530045 xtb: 6.7.1 (edcfbbe)
C            3.63225330063176        1.49715518779436       -2.43497804703076
C            2.78889131954466        0.49875191168490       -2.25716277948716
C            2.40653107663010       -0.04505529819962       -0.92027300507881
O            0.98053956724325       -0.13892971569845       -0.85346411270674
C            0.46984131650166       -0.65294067278583        0.26937003339507
O            1.14397428876821       -1.04189494747124        1.18699761913993
C           -1.04495756103866       -0.66960603952644        0.22633587104735
C           -1.53315174789111       -2.11372495725245        0.39072270566292
C           -1.10153043466550       -2.99434150051798       -0.77561335424168
C           -1.57403277534924        0.23440884599020        1.34661979189173
C           -1.17259555393793        1.69385169952619        1.14258102588772
C           -1.73282737239824        2.59237249799777        2.23795239823989
H            3.89341115345314        1.84904809969600       -3.41780862444491
H            4.10567468175707        1.99648191834332       -1.60573351400789
H            2.31347311206523        0.00959751438332       -3.09567022180241
H            2.82806474655527       -1.04962227564504       -0.77403640620780
H            2.76579143053980        0.59279684985643       -0.10515073773265
H           -1.36028340809328       -0.27818031282195       -0.74513664453829
H           -1.12858144785300       -2.51370689795930        1.32238656131107
H           -2.62256029634933       -2.11187056140114        0.46467987669603
H           -1.48798601404638       -2.60350760363601       -1.71470508802887
H           -0.01685411645374       -3.03542197079164       -0.84167914320047
H           -1.47354672475789       -4.00743695390536       -0.64470452992776
H           -2.66322842403263        0.15790105131648        1.37943271004005
H           -1.17944620776537       -0.12352684961119        2.29977500689609
H           -0.08323850530284        1.77108475520547        1.13525721195888
H           -1.53469182992383        2.03551892444864        0.16987874714489
H           -2.81937287103236        2.54223090528097        2.25459223796202
H           -1.36035150633516        2.28266219724750        3.21168097391516
H           -1.43920919645932        3.62590419844905        2.07047746639551
30
 energy: -38.715186037805 gnorm: 0.001277342087 xtb: 6.7.1 (edcfbbe)
C            3.63601782775380        1.49452124744851       -2.43748286130684
C            2.78946974244717        0.50000705190801       -2.25816092519051
C            2.40782888018127       -0.04164454483817       -0.91994408858657
O            0.98189890584045       -0.13431944352678       -0.85375315915018
C            0.47069310445943       -0.65239397363263        0.26675718034893
O            1.14401001324387       -1.04429858755828        1.18388542491828
C           -1.04387865588463       -0.66857531729123        0.22312095360676
C           -1.53264614031010       -2.11214463353841        0.39111743355268
C           -1.10360651245434       -2.99679636015416       -0.77290517361834
C           -1.57337798287367        0.23606257809324        1.34279292544047
C           -1.17276035358864        1.69595526715300        1.14245094975269
C           -1.73593691796690        2.58919524754917        2.24068969990721
H            3.89648843385681        1.84671226039560       -3.42035889447695
H            4.11246802284287        1.99105169708546       -1.60869977621369
H            2.31080402729539        0.01212315891542       -3.09496294273847
H            2.82875323936888       -1.04619041170870       -0.77217378855553
H            2.76750966603771        0.59745170629060       -0.10606109894608
H           -1.35865596792498       -0.27857271211068       -0.74902438522168
H           -1.12667768869296       -2.50964466002978        1.32304498387436
H           -2.62186267917591       -2.10943186449113        0.46717831163568
H           -1.48676353946860       -2.60618956773387       -1.71351066067738
H           -0.01901376567409       -3.04344382508590       -0.83730814348424
H           -1.48096919709673       -4.00787825808388       -0.64037316522957
H           -2.66243226237521        0.15937349653835        1.37510275651474
H           -1.17944153797035       -0.12276827196369        2.29571759777315
H           -0.08363763019754        1.77467870341191        1.13706103255374
H           -1.53370172590724        2.04066031321331        0.17038856608172
H           -2.82239950192151        2.53799045893200        2.25510757908811
H           -1.36526352955475        2.27478627497514        3.21365694661975
H           -1.44291627428520        3.62372296983452        2.07927075087586
30
 energy: -38.715197112400 gnorm: 0.000613338971 xtb: 6.7.1 (edcfbbe)
C            3.64783185164615        1.48826216830976       -2.44391823432840
C            2.78774130104702        0.50564515236606       -2.25947400560265
C            2.40656340301322       -0.03079377053351       -0.91878335678076
O            0.98087754297468       -0.12358066157967       -0.85293552307559
C            0.46960041897726       -0.65071349283156        0.26335721783805
O            1.14237359411082       -1.04943971630628        1.17804507700344
C           -1.04485070613334       -0.66815063900002        0.21878722302912
C           -1.53327442019414       -2.11129603721234        0.39156917083267
C           -1.10392299840467       -3.00158010289318       -0.76803642236230
C           -1.57581431686126        0.23718670266823        1.33734663665864
C           -1.17272947946231        1.69719088821235        1.14312542374800
C           -1.73797090615286        2.58450470352423        2.24529914822691
H            3.90845753403344        1.83695348182125       -3.42806804692619
H            4.13682274446144        1.97708851319403       -1.61731947768183
H            2.29577369429530        0.02425019957969       -3.09282263779546
H            2.82792191024040       -1.03448119407457       -0.76664588325499
H            2.76620348515957        0.61190196014068       -0.10777322856302
H           -1.35970191909802       -0.28030013509386       -0.75419264975309
H           -1.12736121733340       -2.50475728099416        1.32525296840390
H           -2.62258838481978       -2.10843835133937        0.46744929298909
H           -1.48170825960541       -2.61281752019677       -1.71165888306866
H           -0.01920370711012       -3.05417306867178       -0.82818266600791
H           -1.48692330521331       -4.01042398653431       -0.63316838975965
H           -2.66521002055669        0.16243175198418        1.36586682415386
H           -1.18577212212982       -0.12410996924824        2.29108588660329
H           -0.08349124863913        1.77534417998511        1.14067343455169
H           -1.53116807348210        2.04720096867989        0.17200356318214
H           -2.82466069585708        2.53491023703809        2.25593482808300
H           -1.37109162086218        2.26237823536941        3.21729623515462
H           -1.44272407803936        3.61980678363357        2.09251050365020
30
 energy: -38.715200835682 gnorm: 0.000657642470 xtb: 6.7.1 (edcfbbe)
C            3.65924505564915        1.48250252865639       -2.45003227065724
C            2.78648453414523        0.51133958363906       -2.26070003417393
C            2.40477294622563       -0.02025209687137       -0.91827816001117
O            0.97923101639326       -0.11420723617685       -0.85186873870851
C            0.46860618987676       -0.64949149356442        0.26101222617580
O            1.14198905678409       -1.05452640689958        1.17239191156909
C           -1.04593329816144       -0.66833293966062        0.21656668109824
C           -1.53437580259789       -2.11113595190570        0.39197028017388
C           -1.10405110619101       -3.00536749456908       -0.76427955199879
C           -1.57834169504164        0.23714467488411        1.33440764025761
C           -1.17285229012384        1.69715226517432        1.14475593003306
C           -1.73950672387079        2.58129905803763        2.24882577956944
H            3.91985974494049        1.82665579239614       -3.43575449707826
H            4.15855494537834        1.96565695077574       -1.62620354855503
H            2.28520117797506        0.03531679247732       -3.09138639731803
H            2.82705848663586       -1.02300518424651       -0.76210225421529
H            2.76413354000894        0.62562183107619       -0.10959106627156
H           -1.36132644021693       -0.28157267303531       -0.75667790446065
H           -1.12960046680712       -2.50209416379569        1.32726602145097
H           -2.62383039496967       -2.10792728560666        0.46653619119521
H           -1.47739229715171       -2.61744469951299       -1.70995005416653
H           -0.01922415199218       -3.06200905034260       -0.82046943265268
H           -1.49111714330876       -4.01255304923255       -0.62832272525250
H           -2.66807517143531        0.16410952352747        1.35885002190739
H           -1.19245216062286       -0.12626905438273        2.28916988475886
H           -0.08341453342597        1.77410715453380        1.14458828755193
H           -1.52920556774055        2.05047874488857        0.17412042415226
H           -2.82641146939181        2.53389336333347        2.25588139590538
H           -1.37632835089718        2.25423882941681        3.22050653758425
H           -1.44169763006184        3.61667168698255        2.10139145128489
30
 energy: -38.715202592948 gnorm: 0.000308224626 xtb: 6.7.1 (edcfbbe)
C            3.66246917226999        1.48020299668508       -2.45215963251009
C            2.78665704794567        0.51239839878325       -2.26122073516075
C            2.40438019200210       -0.01681556126411       -0.91809490946518
O            0.97874447676353       -0.11119155160194       -0.85139918966635
C            0.46861471790984       -0.64958057990499        0.26009110246633
O            1.14245109548157       -1.05703939946226        1.16998868681694
C           -1.04607352353660       -0.66843010567812        0.21656220644609
C           -1.53457101743945       -2.11115087108294        0.39223774753812
C           -1.10412396531433       -3.00565434887602       -0.76380151419643
C           -1.57837737258978        0.23666825809976        1.33475557825112
C           -1.17282741213575        1.69678958660845        1.14583520701060
C           -1.74084997445190        2.58071251314527        2.24937713127658
H            3.92369222330273        1.82220070137724       -3.43842510322297
H            4.16442860165325        1.96194790041382       -1.62919298558246
H            2.28186905008130        0.03833301789550       -3.09123745511755
H            2.82685488835837       -1.01919620266800       -0.75996642766938
H            2.76340403240459        0.63052512416293       -0.11037813397467
H           -1.36217441195426       -0.28148991061192       -0.75640965191068
H           -1.13007016277857       -2.50197714643986        1.32771511553473
H           -2.62406697631710       -2.10777878459606        0.46650278812457
H           -1.47609553446479       -2.61712365281826       -1.70971252317724
H           -0.01931203633565       -3.06358299607796       -0.81882042267118
H           -1.49252546145931       -4.01238546500730       -0.62842562389003
H           -2.66813944526596        0.16381708743080        1.35873871115528
H           -1.19298611556467       -0.12718979720138        2.28952589137541
H           -0.08337204469810        1.77386541295235        1.14675378728036
H           -1.52830066535403        2.05017645801217        0.17493700037833
H           -2.82778957524028        2.53360802711103        2.25473362668783
H           -1.37930554171257        2.25331172991258        3.22145978507765
H           -1.44260426155555        3.61602916069775        2.10265397194314
30
 energy: -38.715206706591 gnorm: 0.000532316550 xtb: 6.7.1 (edcfbbe)
C            3.67107474286779        1.47294455407132       -2.45806389458145
C            2.78526388989758        0.51525117591141       -2.26253216144723
C            2.40211661433897       -0.00725575941153       -0.91724285587954
O            0.97629874674165       -0.10275937142996       -0.84954938684688
C            0.46821479701131       -0.65010140329483        0.25819889897299
O            1.14366913214668       -1.06438836551457        1.16379850122825
C           -1.04678064139415       -0.66895343747588        0.21774737409000
C           -1.53498253650792       -2.11175954835824        0.39256837266714
C           -1.10368809249321       -3.00539864710328       -0.76388526459302
C           -1.57769970318851        0.23497465575971        1.33751310047136
C           -1.17243762141797        1.69531759840341        1.14929272408452
C           -1.74482771736818        2.58006159538216        2.24986878029118
H            3.93319925704666        1.80947804184225       -3.44582551954045
H            4.17979789388940        1.95134440506976       -1.63744916103729
H            2.27457374240879        0.04408906502800       -3.09032053994232
H            2.82522211566804       -1.00847697171759       -0.75351353506905
H            2.76032486490820        0.64440730029466       -0.11257969901170
H           -1.36498736733424       -0.28077379151936       -0.75411337951116
H           -1.13103359467162       -2.50314539034894        1.32801372261499
H           -2.62454258168418       -2.10844655903534        0.46610243211277
H           -1.47259181654072       -2.61444441537693       -1.70992580345504
H           -0.01891333739313       -3.06540808043988       -0.81616507717991
H           -1.49447683115307       -4.01151910570040       -0.63116304258128
H           -2.66742604455625        0.16221531029255        1.36187563905036
H           -1.19207516134273       -0.12977326798273        2.29173561789666
H           -0.08302752938463        1.77300732678799        1.15370394346889
H           -1.52496832928079        2.04755740276328        0.17695155674812
H           -2.83180884135142        2.53350435024187        2.25031450498871
H           -1.38791117370590        2.25337430863299        3.22377048039282
H           -1.44557687615215        3.61507702422494        2.10349770074564
30
 energy: -38.715209994336 gnorm: 0.000632219269 xtb: 6.7.1 (edcfbbe)
C            3.67782621435147        1.46512448550760       -2.46388313012931
C            2.78343322507261        0.51662042060473       -2.26331489243539
C            2.39954149013697        0.00152182302185       -0.91540609365704
O            0.97378719424576       -0.09416613298315       -0.84670268271925
C            0.46761899230159       -0.64990075280526        0.25766307864929
O            1.14455730653151       -1.07126556720768        1.15904340825567
C           -1.04741535809057       -0.66946688421340        0.21952784347999
C           -1.53516834305819       -2.11263912833799        0.39219263341802
C           -1.10275009415712       -3.00403801094992       -0.76556463545485
C           -1.57621112547703        0.23314784356653        1.34144236411929
C           -1.17167894747534        1.69364827619430        1.15277404890121
C           -1.74920466469277        2.58005504879878        2.24933470067894
H            3.94131040495114        1.79589303207389       -3.45326415895418
H            4.19281780621669        1.94121327621641       -1.64583219366046
H            2.26602127966794        0.04778140606771       -3.08852194916517
H            2.82279548856710       -0.99866947691643       -0.74584483304873
H            2.75745457708894        0.65777127538833       -0.11437346228683
H           -1.36727066332809       -0.27945184629501       -0.75107366858652
H           -1.13114055685186       -2.50532809681239        1.32702796964400
H           -2.62472427843803       -2.11013124826050        0.46547633614309
H           -1.46972823961294       -2.61040936443947       -1.71130931820753
H           -0.01793843528862       -3.06463621754092       -0.81607067557022
H           -1.49448073916789       -4.01021072537723       -0.63597015864802
H           -2.66585546499410        0.15991532106745        1.36814362885897
H           -1.18836038572339       -0.13217098955253        2.29454024528122
H           -0.08239918463950        1.77241423771197        1.16132224241272
H           -1.52071018280350        2.04390933877171        0.17839781852550
H           -2.83616038930484        2.53340589049061        2.24493479622976
H           -1.39660249853414        2.25519768606123        3.22552172459084
H           -1.44936442748954        3.61486508014555        2.10241304248308
30
 energy: -38.715212219909 gnorm: 0.000410944331 xtb: 6.7.1 (edcfbbe)
C            3.68143658925013        1.45919295430620       -2.46851996033724
C            2.78194644219106        0.51650247417936       -2.26346811332062
C            2.39803844407633        0.00733819032901       -0.91324702740485
O            0.97258999118017       -0.08844525918354       -0.84380065842046
C            0.46749808524128       -0.65061508601684        0.25801647748175
O            1.14533436914538       -1.07524042634490        1.15700699751995
C           -1.04735578169671       -0.66974803338102        0.22120127832899
C           -1.53487254384320       -2.11321671587742        0.39168567513077
C           -1.10230712231459       -3.00204156231248       -0.76800079700557
C           -1.57447285063696        0.23178428197508        1.34494478846846
C           -1.17118788788403        1.69251298723375        1.15542215388723
C           -1.75314897479596        2.58029569727408        2.24853974480998
H            3.94497557050240        1.78562869154345       -3.45934723704717
H            4.20066330141232        1.93486349910152       -1.65281796913145
H            2.26109370530093        0.04757542799274       -3.08625865446966
H            2.82143797142220       -0.99208235097403       -0.73956063954343
H            2.75634948232156        0.66703224107468       -0.11526892537978
H           -1.36795310995922       -0.27807892012384       -0.74848509145569
H           -1.13048357041471       -2.50764751735099        1.32567478941446
H           -2.62438376103728       -2.11100924556981        0.46518419311993
H           -1.46892208964448       -2.60639376645856       -1.71310949534423
H           -0.01750721836376       -3.06272581755642       -0.81842473337728
H           -1.49415207457084       -4.00846234089922       -0.64078941973077
H           -2.66403506314859        0.15771832189105        1.37442792740413
H           -1.18392357453622       -0.13365249557720        2.29698314068477
H           -0.08205194646233        1.77266978702566        1.16727780598314
H           -1.51749818567239        2.04081476194605        0.17934362518788
H           -2.84000314712531        2.53268394318834        2.24070283711275
H           -1.40339162108532        2.25760774169199        3.22653686303787
H           -1.45371342884759        3.61513853687004        2.10077445354416
30
 energy: -38.715212143953 gnorm: 0.000709646748 xtb: 6.7.1 (edcfbbe)
C            3.68483859844485        1.45362796905290       -2.47286082449823
C            2.78053452768047        0.51641692587559       -2.26361571619213
C            2.39659641871592        0.01281924397175       -0.91122960568542
O            0.97143414554685       -0.08306580494100       -0.84109037362838
C            0.46736778234039       -0.65134144959620        0.25831167413560
O            1.14605485021975       -1.07897907047259        1.15506592692979
C           -1.04731579595178       -0.67002117391483        0.22277727675584
C           -1.53460319805830       -2.11376941954984        0.39121905390605
C           -1.10187842653328       -3.00016441277307       -0.77028288820548
C           -1.57283644981708        0.23049724270844        1.34825033470985
C           -1.17071687686595        1.69143695633464        1.15791286903561
C           -1.75684790012348        2.58053245585302        2.24777989524211
H            3.94844993187661        1.77599760029321       -3.46504051403271
H            4.20806368304846        1.92887813707612       -1.65935424350712
H            2.25647724299407        0.04741013034675       -3.08414695458062
H            2.82012838958245       -0.98587908863697       -0.73368221550964
H            2.75527779424375        0.67573801682023       -0.11611248797542
H           -1.36862059865185       -0.27679918612581       -0.74604712797298
H           -1.12988129537721       -2.50983610794443        1.32441805478721
H           -2.62407293120796       -2.11184146211875        0.46490787564911
H           -1.46812376198979       -2.60261303624445       -1.71480477111572
H           -0.01709020740572       -3.06094460138679       -0.82060466006854
H           -1.49384130034081       -4.00681528952741       -0.64532671431209
H           -2.66232283716828        0.15565440684472        1.38037588109450
H           -1.17972970751318       -0.13504873920248        2.29928660342974
H           -0.08171560251855        1.77289951298414        1.17288084800206
H           -1.51446540392582        2.03788763658266        0.18022849774810
H           -2.84360641113654        2.53202657656665        2.23670949084624
H           -1.40977190515481        2.25989311996972        3.22748586120733
H           -1.45778275494894        3.61540291115079        2.09921298295337
30
 energy: -38.715213995344 gnorm: 0.000456726004 xtb: 6.7.1 (edcfbbe)
C            3.68313437717390        1.45369300993032       -2.47319947290750
C            2.78117044783864        0.51471490959254       -2.26339034494979
C            2.39792640921755        0.01122779182561       -0.91075548455252
O            0.97289260971484       -0.08381549714282       -0.84042323978628
C            0.46821500656298       -0.64983019629182        0.25979383829532
O            1.14657324978826       -1.07838934930555        1.15652233020106
C           -1.04638583882686       -0.66954019059293        0.22285130154160
C           -1.53404531720013       -2.11326391997653        0.39076059362901
C           -1.10245083387531       -2.99963473934964       -0.77112612154168
C           -1.57229144312000        0.23083484906044        1.34815413417489
C           -1.17112000528176        1.69201354568454        1.15785853144513
C           -1.75770271198431        2.58039070484667        2.24799457317254
H            3.94599893678398        1.77606060481462       -3.46552408337060
H            4.20495923357037        1.93061197720860       -1.66007825765483
H            2.25797197111756        0.04428833474310       -3.08349867866988
H            2.82133942320409       -0.98753408564006       -0.73306735749182
H            2.75709872904217        0.67428160068027       -0.11597674987314
H           -1.36718355743099       -0.27614548414963       -0.74602809264315
H           -1.12886942144079       -2.50976378421678        1.32353141046638
H           -2.62347508418197       -2.11123209379124        0.46518985618366
H           -1.46977741799199       -2.60197980969016       -1.71513766766264
H           -0.01766081131874       -3.06027240765951       -0.82264422128770
H           -1.49420796667304       -4.00635734088176       -0.64582558523992
H           -2.66167506520190        0.15529368204416        1.38029402240322
H           -1.17895233806116       -0.13443455066693        2.29915373090542
H           -0.08219416435742        1.77416750399197        1.17270828931703
H           -1.51513104141108        2.03838605199514        0.18029922239927
H           -2.84439932710753        2.53082187596990        2.23718239778373
H           -1.41007463854732        2.25985528515994        3.22748267252659
H           -1.45968340999780        3.61555172180423        2.09952248233460
30
 energy: -38.715215674808 gnorm: 0.000373355485 xtb: 6.7.1 (edcfbbe)
C            3.68205608828211        1.45372263459407       -2.47427552835777
C            2.78199235948699        0.51302358770207       -2.26304146280023
C            2.40003016133873        0.00995569284665       -0.90987486041441
O            0.97509867445210       -0.08507072945027       -0.83960823453268
C            0.46945244431404       -0.64932026051436        0.26112340417381
O            1.14711675794677       -1.07705775434370        1.15890757266060
C           -1.04513267152455       -0.66898135968588        0.22267748300550
C           -1.53333647378985       -2.11252992848161        0.39043055457294
C           -1.10333278769280       -2.99924805717684       -0.77171317716057
C           -1.57253842130586        0.23140578621134        1.34715914793548
C           -1.17183994526512        1.69279793045222        1.15763392583577
C           -1.75844473414264        2.57970102471609        2.24886328832741
H            3.94324346071608        1.77591882243638       -3.46707624516590
H            4.20359969272496        1.93242936418189       -1.66198550525770
H            2.25793787455853        0.04136300441865       -3.08231197329162
H            2.82382327978383       -0.98865713092880       -0.73186477310375
H            2.75935884255327        0.67340956570032       -0.11543634337132
H           -1.36488504550449       -0.27584606245715       -0.74661767936273
H           -1.12771344955331       -2.50929643437353        1.32280499757719
H           -2.62271443262719       -2.11004869756897        0.46571802220870
H           -1.47246575913510       -2.60202429340911       -1.71515348033533
H           -0.01858692991742       -3.05941890460723       -0.82505117425712
H           -1.49451973637076       -4.00607126732955       -0.64527036822079
H           -2.66187928971054        0.15556559283361        1.37789482742340
H           -1.18037567821845       -0.13372750143168        2.29859485840233
H           -0.08295053171916        1.77530595125887        1.17206417542532
H           -1.51638858744365        2.03984081050856        0.18054500008054
H           -2.84513466797322        2.52917689436107        2.23860350323709
H           -1.41002079557521        2.25845160300063        3.22778888031339
H           -1.46144969868388        3.61523011653292        2.10109519360045
30
 energy: -38.715216354112 gnorm: 0.000259238380 xtb: 6.7.1 (edcfbbe)
C            3.68185518578094        1.45368024915660       -2.47507094670794
C            2.78237784220954        0.51245398735368       -2.26309819671231
C            2.40053397858338        0.01020708091275       -0.90962759157052
O            0.97554196076758       -0.08564177273673       -0.83946419497116
C            0.46984793935373       -0.65014714510519        0.26105848028010
O            1.14730460331031       -1.07651260832821        1.15954526577933
C           -1.04481490696318       -0.66896310731449        0.22277656486469
C           -1.53303508260675       -2.11247044243798        0.39077067751052
C           -1.10364069820218       -2.99868150643219       -0.77210766418990
C           -1.57276012433254        0.23132383370336        1.34714209968818
C           -1.17213493025055        1.69280009397750        1.15787247923542
C           -1.75892230886605        2.57958808210233        2.24919558463280
H            3.94313398221834        1.77493783088322       -3.46819851850848
H            4.20394993276409        1.93268806801889       -1.66318941563243
H            2.25899008223762        0.03966536135434       -3.08195597568968
H            2.82478693374061       -0.98800487420881       -0.73091498631259
H            2.75936243735614        0.67432095801655       -0.11553587334901
H           -1.36429576786793       -0.27587516343404       -0.74667210437221
H           -1.12709106436734       -2.50948855306547        1.32299434059347
H           -2.62240567857869       -2.10962123970973        0.46639907242616
H           -1.47369744627069       -2.60155421770625       -1.71527093284944
H           -0.01894755551490       -3.05856848182609       -0.82635932369035
H           -1.49440081127520       -4.00558463248195       -0.64550567614672
H           -2.66216892329452        0.15550421511459        1.37725605487664
H           -1.18106576676950       -0.13380034183848        2.29884064572309
H           -0.08321001594449        1.77541236198699        1.17226703412733
H           -1.51684015282021        2.03993820741800        0.18083078817928
H           -2.84563261943965        2.52879420183778        2.23897565427021
H           -1.41041394423516        2.25835988418439        3.22810931941752
H           -1.46220708071852        3.61523967060129        2.10156136824601
