17
 energy: -22.017053050449 gnorm: 0.053219097605 xtb: 6.7.1 (edcfbbe)
O            0.07307828835800        2.12863538451200        1.69306580081700
C            0.03355090572000        1.30200608508800        0.78297041452400
C           -1.27875931119100        0.81691141911600        0.20881659354200
C           -1.25769227617100       -0.69404802551000        0.02281513625600
C           -0.03296492712100       -1.15045358262400       -0.76704581893200
C            1.25587839910500       -0.69211165286600       -0.08811351512300
C            1.29092530747800        0.81889098521700        0.09541168028500
H           -1.43964482298400        1.32613981575400       -0.74754843180200
H           -2.09236842180300        1.09723210294800        0.88590558002600
H           -2.17044560986500       -1.01474022112200       -0.49157653952900
H           -1.25367818780900       -1.18284627482400        1.00522163546800
H           -0.07827296139700       -0.74903245200000       -1.78668831627900
H           -0.03578130995100       -2.24310959163000       -0.84993638800700
H            1.33917392267500       -1.18084891305000        0.89079410239400
H            2.12026150297300       -1.01143472262000       -0.68093354922000
H            1.36615408708900        1.32830134565000       -0.87137342326100
H            2.16058541489500        1.10050829796000        0.69821503884000
17
 energy: -22.018599464768 gnorm: 0.013835056421 xtb: 6.7.1 (edcfbbe)
O            0.07282806810055        2.12949127541039        1.68741075952512
C            0.03298354014419        1.33927860445432        0.77076491682855
C           -1.26803959156562        0.81175541159905        0.21637333936061
C           -1.25084743264604       -0.70290535580273        0.02501766409048
C           -0.03344472038111       -1.14780204720879       -0.77787177728103
C            1.24926780680265       -0.70097935756350       -0.08531713291168
C            1.28092089941491        0.81371902379375        0.10388302755667
H           -1.42951591927015        1.30568202679879       -0.74580813399731
H           -2.07895773474808        1.10585008000679        0.88651928582904
H           -2.16626102456168       -1.01973904305818       -0.48232520304914
H           -1.23435290679713       -1.18679268955091        1.00597239644266
H           -0.07828898180767       -0.72652648434067       -1.78665981939514
H           -0.03672076839035       -2.23670092364875       -0.87111280318012
H            1.31999595930809       -1.18482500355054        0.89324412439636
H            2.11691577392736       -1.01643938038718       -0.67134990506053
H            1.35624927583642        1.30782814696741       -0.86874901106567
H            2.14726775663468        1.10910571607975        0.70000827191014
17
 energy: -22.018827238305 gnorm: 0.006504640833 xtb: 6.7.1 (edcfbbe)
O            0.07298173610112        2.12463294192337        1.69080789280543
C            0.03394208748901        1.32637694123989        0.79225973446135
C           -1.26200707510639        0.81014293963731        0.21656397862983
C           -1.24942986501956       -0.70692411767659        0.02974653769130
C           -0.03342196287958       -1.14556720775270       -0.77731718824774
C            1.24827850877052       -0.70499997789242       -0.08048201595878
C            1.27493111443884        0.81209729089665        0.10460422907670
H           -1.40281748140807        1.29419308647217       -0.75458434374442
H           -2.08172054227274        1.11778150707585        0.86873850915708
H           -2.16667309930168       -1.01588294564209       -0.47600405560674
H           -1.22986657890948       -1.18908673692688        1.00958389866525
H           -0.07792055452397       -0.70842926752031       -1.77799612149401
H           -0.03733650370857       -2.23196428304808       -0.88498240846929
H            1.31584872845325       -1.18712567773217        0.89723667740153
H            2.11787714560654       -1.01258224655326       -0.66508934466912
H            1.32889917831152        1.29629755994741       -0.87513998698420
H            2.14843516396025        1.12104019355086        0.68205400728483
17
 energy: -22.018900478663 gnorm: 0.002457629553 xtb: 6.7.1 (edcfbbe)
O            0.07343774119711        2.11701181850264        1.70100756267205
C            0.03395682913150        1.32742270154063        0.79261191402161
C           -1.26278462111039        0.81101717550853        0.21436923951998
C           -1.24829327306008       -0.70698378555932        0.03166850008336
C           -0.03345689498038       -1.14388165119847       -0.77807933654352
C            1.24731574011685       -0.70506126471201       -0.07846739743833
C            1.27551095002741        0.81297257164677        0.10234957671931
H           -1.39900267142905        1.29215505612344       -0.75894386123311
H           -2.08684703538413        1.11769130024881        0.86133188070326
H           -2.16718187079735       -1.01808973349993       -0.46920555060351
H           -1.22334105951845       -1.18750660685159        1.01209757607238
H           -0.07785343796130       -0.70192035969045       -1.77636177340496
H           -0.03762189690085       -2.22969476175854       -0.89140955354338
H            1.30956757803240       -1.18555539459123        0.90031555588389
H            2.11898624112334       -1.01478779899404       -0.65836220598985
H            1.32471828326774        1.29425335186589       -0.87914666119935
H            2.15288939824661        1.12095738141786        0.67422453427916
17
 energy: -22.018962955362 gnorm: 0.002825661964 xtb: 6.7.1 (edcfbbe)
O            0.07457341984870        2.09170843633505        1.72629939366697
C            0.03415075515842        1.32394997545731        0.79694528001083
C           -1.26236956741241        0.81365477721371        0.20851375726818
C           -1.24620186993442       -0.70614487689678        0.03426596859014
C           -0.03350522657711       -1.14208497920502       -0.77914326171944
C            1.24545999516939       -0.70422539823390       -0.07569571110179
C            1.27457762926589        0.81560913881214        0.09655357680688
H           -1.38603220048114        1.28950807679806       -0.76897412365332
H           -2.09302236953048        1.12256214254036        0.84545673595367
H           -2.16803089999109       -1.02245469382764       -0.45749193844513
H           -1.21232867515062       -1.18061030583561        1.01736853018636
H           -0.07776808220174       -0.69405165263868       -1.77429068294129
H           -0.03797865682060       -2.22701670150801       -0.89944681428056
H            1.29905170495550       -1.17867564884136        0.90653663187408
H            2.12087057689327       -1.01915067814119       -0.64676915487336
H            1.31091869916951        1.29158571930687       -0.88799555853254
H            2.15763476763994        1.12583666866369        0.65786737118933
17
 energy: -22.018988351622 gnorm: 0.003378553409 xtb: 6.7.1 (edcfbbe)
O            0.07531308401728        2.07120909047475        1.74270173119505
C            0.03429873832723        1.31934759620786        0.80021807346116
C           -1.26161883351480        0.81583669974603        0.20461220691362
C           -1.24595136940866       -0.70470442275900        0.03498818068295
C           -0.03346391179597       -1.14167026790060       -0.77819990928827
C            1.24527187424927       -0.70278527869644       -0.07495412797174
C            1.27348276676953        0.81778964207149        0.09273346295640
H           -1.37795311525574        1.28895538729487       -0.77476479038692
H           -2.09478354330790        1.12748485054431        0.83660199505000
H           -2.16843883766067       -1.02353105863237       -0.45392399675476
H           -1.21005060104297       -1.17544562936333        1.01984495355181
H           -0.07773093687648       -0.69402990906356       -1.77344880579884
H           -0.03792414045583       -2.22649790931019       -0.89820253192867
H            1.29699267915116       -1.17351429610593        0.90920448079107
H            2.12159289754800       -1.02022618559990       -0.64325105834674
H            1.30236175054584        1.29102019707718       -0.89305207041706
H            2.15860149871172        1.13076149401386        0.64889220628992
17
 energy: -22.019025554692 gnorm: 0.003110266372 xtb: 6.7.1 (edcfbbe)
O            0.07657140015052        2.03361844230035        1.77055795654158
C            0.03456199536949        1.31064509078879        0.80603130262891
C           -1.25994853768602        0.82025391118393        0.19822244015949
C           -1.24640218124890       -0.70127079820429        0.03534933438003
C           -0.03332014296552       -1.14233104222877       -0.77495386449596
C            1.24574746367926       -0.69935093967542       -0.07463383838022
C            1.27124928960446        0.82220385370841        0.08651595489813
H           -1.36574237283354        1.28905011016355       -0.78370559688553
H           -2.09578235196246        1.13719614722398        0.82360260823125
H           -2.16847477011764       -1.02274602436578       -0.45272063184757
H           -1.21153810180644       -1.16679311551560        1.02280140849363
H           -0.07769663629250       -0.70003652049018       -1.77277670929429
H           -0.03752711308417       -2.22770776169731       -0.88922745647610
H            1.29872150016180       -1.16485928262864        0.91201902083542
H            2.12173349775393       -1.01944103873569       -0.64205543974023
H            1.28941070560068        1.29109551298834       -0.90088246997805
H            2.15843635567804        1.14047345518332        0.63585598092849
17
 energy: -22.019043977733 gnorm: 0.001059768523 xtb: 6.7.1 (edcfbbe)
O            0.07717202799418        2.01341964607817        1.78381512303344
C            0.03469445912622        1.30621572045701        0.80895552013634
C           -1.25902967595901        0.82294084249084        0.19543405124433
C           -1.24751544553647       -0.69898746531270        0.03497121803049
C           -0.03318478951742       -1.14345767182656       -0.77190658556291
C            1.24681957538233       -0.69706592450921       -0.07510839668635
C            1.27008423564998        0.82488918404170        0.08381952723164
H           -1.36092538289270        1.28987559786474       -0.78741254523851
H           -2.09559958604498        1.14234818377087        0.81852183466268
H           -2.16845909001135       -1.01992242601044       -0.45572168293421
H           -1.21644138023277       -1.16308218815976        1.02323917187606
H           -0.07768804754038       -0.70730963397239       -1.77270911261400
H           -0.03709805426822       -2.22964360394612       -0.87953906631757
H            1.30363856134502       -1.16114078223676        0.91202340177536
H            2.12144916899772       -1.01661767576990       -0.64504324096407
H            1.28428461931047        1.29191333225655       -0.90415061889766
H            2.15779880419839        1.14562486478298        0.63081140122392
17
 energy: -22.019052430717 gnorm: 0.000491578207 xtb: 6.7.1 (edcfbbe)
O            0.07786611860398        1.99267203315347        1.79918059089241
C            0.03485005589294        1.30269121334064        0.81241974635630
C           -1.25808945840323        0.82614310404904        0.19262159630015
C           -1.24875038735973       -0.69639652181554        0.03410385152295
C           -0.03302398971766       -1.14573040115953       -0.76830264512362
C            1.24796932453636       -0.69447314642308       -0.07608100459850
C            1.26889499268807        0.82808980219225        0.08110104872124
H           -1.35637537931319        1.29187573662662       -0.79113138679552
H           -2.09593622914491        1.14702624220263        0.81346504709442
H           -2.16828873678740       -1.01567143155989       -0.46047687897152
H           -1.22301896830048       -1.15945319948327        1.02305966711920
H           -0.07768985513066       -0.71808087770285       -1.77293808614434
H           -0.03653382922169       -2.23303289719564       -0.86681318625774
H            1.31016918075254       -1.15750169782775        0.91126540570591
H            2.12085404747107       -1.01236726815836       -0.64976465738954
H            1.27942163457203        1.29390621995462       -0.90745404921493
H            2.15768147886298        1.15030308980564        0.62574494078212
17
 energy: -22.019052997541 gnorm: 0.000560633882 xtb: 6.7.1 (edcfbbe)
O            0.07793295460379        1.99080828788236        1.80066260146887
C            0.03490306769099        1.30205826693843        0.81360994930241
C           -1.25796598436639        0.82640509169698        0.19265378470229
C           -1.24911567984789       -0.69622542867991        0.03388981764959
C           -0.03299297575583       -1.14608094634095       -0.76760594048216
C            1.24831408106923       -0.69430150636675       -0.07632638297536
C            1.26877443146115        0.82835159722137        0.08114402197094
H           -1.35435371932785        1.29250594507057       -0.79125226052531
H           -2.09689939525405        1.14725538773878        0.81216993159133
H           -2.16850020041720       -1.01455402714468       -0.46151775472222
H           -1.22462470153819       -1.15926110180814        1.02280258423691
H           -0.07768037147781       -0.72001977265694       -1.77275693916375
H           -0.03643120230510       -2.23345197534078       -0.86449496925292
H            1.31174573893837       -1.15730716079668        0.91086786788953
H            2.12097127243848       -1.01124960147764       -0.65082006153297
H            1.27739622778167        1.29453332389053       -0.90739629861439
H            2.15852645630764        1.15053362017246        0.62437004845622
