24
 energy: -36.215404954839 gnorm: 0.046163993774 xtb: 6.7.1 (edcfbbe)
O           -4.12494884702300       -0.75136484864900        0.46945944497400
C           -3.73370876018600       -0.42892001379800       -0.86457428721200
C           -2.65656867687800        0.64977818224900       -0.83538842388500
O           -1.53624613916700        0.13649235455000       -0.10373325443000
C           -0.47393205062100        1.09480124270100       -0.03044678647300
C            0.72492491444000        0.46771235759400        0.68152196102700
O            1.37080589312000       -0.45432422758400       -0.20544523277700
C            2.42405406363400       -1.19619138125800        0.42311320093700
C            3.71270487047800       -0.37697002204700        0.45668272184200
O            4.06458174382000        0.03013532571400       -0.86455061839200
H           -3.28563898199500       -0.90538221225100        0.94584477209100
H           -3.35669759554800       -1.34549328873700       -1.32899733785800
H           -4.61634792838500       -0.08717201937800       -1.41191448980800
H           -3.03264729726100        1.54213488686400       -0.32287383685900
H           -2.35134475746000        0.90611200627300       -1.85523515067800
H           -0.82578695706100        1.96282831358800        0.53737124558600
H           -0.19287913524800        1.40357443264900       -1.04361451533200
H            1.43398330719400        1.25428568249000        0.95637458836500
H            0.39172064170000       -0.06313698659200        1.58021844608300
H            2.12844581818200       -1.52956280971100        1.42358098122600
H            2.58197083586100       -2.08425980047800       -0.19792022434000
H            3.59658883671700        0.52758657227500        1.05966417729100
H            4.53697061928100       -0.96622783374900        0.86822629118100
H            3.21999558240600        0.21356408728400       -1.32072571675000
24
 energy: -36.217849651600 gnorm: 0.025032080520 xtb: 6.7.1 (edcfbbe)
O           -4.12914795053921       -0.75457135768321        0.46873748619317
C           -3.71912326439824       -0.43671262442384       -0.84921536055900
C           -2.64823149472089        0.64810110164998       -0.83797839813013
O           -1.53127847391197        0.14291353852505       -0.11448014869692
C           -0.47322433865761        1.08540534860998       -0.03408505763696
C            0.71905439737686        0.46189222692735        0.67956923027086
O            1.36439788099565       -0.45660704759849       -0.19359901394926
C            2.41818995383107       -1.18972143738511        0.41858533359385
C            3.70897130907923       -0.37156142884527        0.45074213222273
O            4.06651061343496        0.02446998531729       -0.86074955074495
H           -3.30871922607197       -0.91095257713443        0.96038445061387
H           -3.33094372494990       -1.33796144809962       -1.33915202804277
H           -4.60338691270658       -0.08694216081264       -1.38496625791201
H           -3.03240729704018        1.54377468420967       -0.33238035099912
H           -2.34950784908470        0.90817268175944       -1.86088800372633
H           -0.81369250597747        1.96409927766152        0.53012699337383
H           -0.17856657730733        1.39420712615954       -1.04384450269535
H            1.41486271461797        1.25949751206186        0.96709074592711
H            0.37551987892904       -0.06417771454031        1.57751017493698
H            2.13088745536835       -1.51645616553063        1.42460378234848
H            2.56562483959174       -2.07006105492776       -0.21411116307692
H            3.59008682390733        0.52190571820243        1.07769017796934
H            4.53170288472024       -0.97006229941916        0.84725871265246
H            3.23242086351362        0.21134811531535       -1.32021142812394
24
 energy: -36.218623763701 gnorm: 0.004938983483 xtb: 6.7.1 (edcfbbe)
O           -4.12357171234505       -0.75723057753692        0.46601021312391
C           -3.70904725624146       -0.44298443543693       -0.83783041663892
C           -2.64079484109565        0.64726320342349       -0.83484131014982
O           -1.52568805238871        0.15291766363978       -0.12009553391255
C           -0.47245258730376        1.08028199458759       -0.04077701025581
C            0.71196616146227        0.45614349044280        0.68117300759419
O            1.35609033500928       -0.45479130062878       -0.18172356886657
C            2.40860022570437       -1.18487460085332        0.41433966615014
C            3.70652871053599       -0.37202496188508        0.44201951912284
O            4.06698604092383        0.02619528730563       -0.85656823709779
H           -3.32005406799006       -0.91955641428784        0.97366875840709
H           -3.30816617648603       -1.33269955972248       -1.34294537463275
H           -4.59593230044337       -0.09356870432715       -1.36939368692245
H           -3.02958746586724        1.55084538337113       -0.34074334243163
H           -2.35355299181354        0.90487673265101       -1.86382365460684
H           -0.80121942652701        1.97292939734978        0.51522181119861
H           -0.16325439050717        1.38753535835378       -1.04917557634589
H            1.39732378778304        1.26078887557113        0.98458521430976
H            0.35800620303251       -0.06647397952200        1.57960017837380
H            2.13443012497170       -1.51144208855479        1.42552872486418
H            2.54761511406959       -2.05885663250716       -0.22741234168487
H            3.58539272637343        0.50977299879593        1.09120480514459
H            4.52630772164331       -0.97884279369053        0.83113684721003
H            3.24407411749972        0.22379566345992       -1.32252073614424
24
 energy: -36.218693480304 gnorm: 0.001870681733 xtb: 6.7.1 (edcfbbe)
O           -4.12128665392623       -0.75974548502402        0.46690845421615
C           -3.70610335178305       -0.44469782502167       -0.83462761998318
C           -2.63933028919534        0.64892500349999       -0.83458316122858
O           -1.52507017223898        0.15796721954012       -0.11936928918541
C           -0.47206784940364        1.08299188207602       -0.04295981272107
C            0.70989435585972        0.45647289411940        0.68382695932822
O            1.35357746377264       -0.45122495266444       -0.17999352489881
C            2.40505995238137       -1.18547133348003        0.41134011275243
C            3.70580602143587       -0.37447704860304        0.43995477704466
O            4.06692700827466        0.02878452919332       -0.85539929886198
H           -3.32161102208614       -0.92605733548457        0.98056056823801
H           -3.30133787930784       -1.33320864497716       -1.33883400601896
H           -4.59220665523137       -0.09915914936887       -1.37060701614775
H           -3.02940784563052        1.55428198169556       -0.34385314846955
H           -2.35492536566918        0.90380067098451       -1.86571207332081
H           -0.79858096362420        1.98112221918572        0.50674694181189
H           -0.15738128561109        1.38574376948406       -1.05203970486229
H            1.39477190650333        1.25933082980096        0.99415472531278
H            0.35035389388421       -0.06702173198413        1.58063028738919
H            2.13504161606797       -1.51499648915455        1.42283985387136
H            2.54165458933342       -2.05896035925347       -0.23173685476089
H            3.58654217312164        0.50459380526257        1.09334639345496
H            4.52296274875463       -0.98542068148151        0.82909841844532
H            3.24671760431810        0.23642623165422       -1.32305402559666
24
 energy: -36.218731858372 gnorm: 0.003145475268 xtb: 6.7.1 (edcfbbe)
O           -4.11767966426137       -0.76200954791179        0.46950432638178
C           -3.70096370062191       -0.44886603398848       -0.83070634611196
C           -2.63881012835739        0.65185273834777       -0.83349328715168
O           -1.52461484291588        0.16838312751165       -0.11509386140497
C           -0.47009627256483        1.09099848522945       -0.04603806639660
C            0.70688161825247        0.45917855873050        0.68910799445752
O            1.35061600246326       -0.44210422949235       -0.17991142916372
C            2.39903770040646       -1.18632215525332        0.40514931910721
C            3.70497457168283       -0.38064917749608        0.43795331616813
O            4.06759383266962        0.03285803990852       -0.85298306270602
H           -3.32220149134617       -0.93523694920253        0.98944726228840
H           -3.28802659705920       -1.33715232187273       -1.32867168941609
H           -4.58624376581971       -0.11248265173390       -1.37490133512386
H           -3.03255769964496        1.55895266669195       -0.34879841747121
H           -2.35713776087195        0.90096041741760       -1.86724800229209
H           -0.79352014479444        1.99770396671595        0.49161818565135
H           -0.14794899576198        1.38186560850474       -1.05731250683047
H            1.39228639538367        1.25639049500548        1.01261561836066
H            0.33661856496951       -0.06927522768269        1.57977223237576
H            2.13207211064064       -1.52291529371678        1.41508611898246
H            2.53138130452406       -2.05796980289769       -0.24171578085140
H            3.58998293668351        0.49360993666140        1.09777090786316
H            4.51775816377434       -0.99985894620914        0.82465292846421
H            3.25059786256942        0.26208829673146       -1.31916646937151
24
 energy: -36.218746195347 gnorm: 0.002078291883 xtb: 6.7.1 (edcfbbe)
O           -4.11770505262623       -0.76162156061223        0.47029365556226
C           -3.69973480736424       -0.44996512695220       -0.83028854242817
C           -2.63934780060243        0.65218526679216       -0.83324642019580
O           -1.52506847124288        0.17030650353845       -0.11325959828485
C           -0.46960613026105        1.09272996210842       -0.04618568651804
C            0.70654131438912        0.46011209718720        0.68912041019186
O            1.35134219881132       -0.43970171806110       -0.18131108925557
C            2.39840928299982       -1.18615482437745        0.40358866820081
C            3.70492870646706       -0.38205317113375        0.43859267872487
O            4.06805602095500        0.03330371875159       -0.85188020510975
H           -3.32202008020685       -0.93455250760903        0.98953464883548
H           -3.28473199715623       -1.33839875800820       -1.32627677224058
H           -4.58511843604099       -0.11575473376898       -1.37536335951527
H           -3.03485494888544        1.55871317786240       -0.34937488736204
H           -2.35659523892964        0.90077086247753       -1.86664387023449
H           -0.79225032477822        2.00007708027077        0.49008650003385
H           -0.14791357113832        1.38090851091282       -1.05802467725467
H            1.39179236774673        1.25623084125187        1.01494406420484
H            0.33516287360656       -0.07055826968321        1.57761346863304
H            2.12949395938156       -1.52405317456279        1.41246721880104
H            2.53008961154785       -2.05653327182216       -0.24511343037138
H            3.59061704715483        0.49099436056139        1.09998255735031
H            4.51742368634271       -1.00264553617873        0.82322826588372
H            3.25108978982995        0.26566027105424       -1.31584564184240
24
 energy: -36.218771290484 gnorm: 0.000736644318 xtb: 6.7.1 (edcfbbe)
O           -4.11802630930840       -0.76058369913019        0.47269220931888
C           -3.69508425399183       -0.45426187800688       -0.82851172852214
C           -2.64129626892495        0.65339269968787       -0.83166339383946
O           -1.52720983048961        0.17761134088940       -0.10591148048877
C           -0.46818894916643        1.09827546809378       -0.04706730729637
C            0.70532846137696        0.46318522287894        0.68864328529028
O            1.35410778262256       -0.43036621352751       -0.18692387886461
C            2.39569348855573       -1.18557608135708        0.39691249834479
C            3.70481456669182       -0.38759887624514        0.44092687416069
O            4.07049928651485        0.03607676982636       -0.84679991470521
H           -3.32258779113704       -0.93133934546281        0.99188407740089
H           -3.27209998841895       -1.34299910200018       -1.31722865272630
H           -4.58046962942886       -0.12834300698634       -1.37789243936605
H           -3.04326726921159        1.55853250935341       -0.35146548532584
H           -2.35469431560261        0.90002063626100       -1.86401578404809
H           -0.78687849336966        2.00903951410833        0.48403218243267
H           -0.14820169193204        1.37687498874228       -1.06130846290414
H            1.38930309827056        1.25611905571418        1.02340719091628
H            0.33009997023850       -0.07565445605873        1.56968324593834
H            2.12010989364005       -1.52862999798000        1.40209310480065
H            2.52502973918816       -2.05108799388352       -0.25862821855549
H            3.59308056052264        0.48031874780061        1.10937466775443
H            4.51556462235709       -1.01394539725004        0.81867778333656
H            3.25437332100306        0.28093909453128       -1.30427241724290
24
 energy: -36.218780774418 gnorm: 0.001222636095 xtb: 6.7.1 (edcfbbe)
O           -4.11897298434266       -0.76045097332662        0.47410555919645
C           -3.69172429006141       -0.45789847761149       -0.82681707743526
C           -2.64267654082650        0.65394221849555       -0.82999307463783
O           -1.52928483679985        0.18326379284229       -0.09962341814529
C           -0.46792761420269        1.10200557985283       -0.04767764357235
C            0.70485750915057        0.46546926583342        0.68737752218943
O            1.35637796921480       -0.42250669704006       -0.19222336930609
C            2.39322078213259       -1.18545957785083        0.39005178654591
C            3.70479591337356       -0.39242960519403        0.44312094425854
O            4.07384627742817        0.04045985142643       -0.84079571961439
H           -3.32478708309267       -0.92714329818966        0.99640066775779
H           -3.26241822308151       -1.34677332958927       -1.30969053599132
H           -4.57643087923722       -0.13865279098909       -1.38105261902863
H           -3.04948827599490        1.55868703927567       -0.35326672373786
H           -2.35330881956324        0.89897308649040       -1.86187515963525
H           -0.78298519296093        2.01600091738116        0.47968091525634
H           -0.14976528870910        1.37429075366311       -1.06401321359519
H            1.38740829086700        1.25669716390400        1.02863712381190
H            0.32789077924074       -0.07933812261085        1.56376197235847
H            2.11274113433466       -1.53376101604987        1.39206574482160
H            2.52125948275133       -2.04689377731327       -0.27099661839488
H            3.59480383474897        0.47043351325069        1.11857024560662
H            4.51319464303969       -1.02429409656131        0.81641615238657
H            3.25937341259059        0.29537857990982       -1.29552550528620
24
 energy: -36.218791546658 gnorm: 0.000759781226 xtb: 6.7.1 (edcfbbe)
O           -4.12150608564217       -0.76044237768857        0.47432236373342
C           -3.69013925792775       -0.46068779904095       -0.82572327467364
C           -2.64360879389542        0.65341468901900       -0.82827876907621
O           -1.53129404180236        0.18632824041770       -0.09437115629043
C           -0.46883664502691        1.10356401791683       -0.04752192382151
C            0.70560656244791        0.46702652594386        0.68510311145862
O            1.35848271879511       -0.41665757649022       -0.19744884566344
C            2.39160354231544       -1.18554046840040        0.38342475998950
C            3.70496156362555       -0.39593489673697        0.44548274658305
O            4.07817885666528        0.04597735548173       -0.83402819306170
H           -3.32912631871001       -0.92072421544309        1.00183242941235
H           -3.25684352617458       -1.34992215763065       -1.30409442914142
H           -4.57334263615894       -0.14562084110733       -1.38478804424323
H           -3.05343777025552        1.55849387358205       -0.35449399597447
H           -2.35210396343000        0.89726482933389       -1.85995595416985
H           -0.78098138079694        2.01949642994029        0.47858521430131
H           -0.15334934015041        1.37350886298836       -1.06544280697283
H            1.38671393145769        1.25831456946872        1.02904868803291
H            0.32987242582338       -0.08124882576494        1.55992365378459
H            2.10738745303190       -1.53894390555257        1.38265135509922
H            2.51982555455617       -2.04359869338177       -0.28182626645153
H            3.59534907812851        0.46216748562630        1.12712277525678
H            4.51084680531858       -1.03239889939458        0.81648090188401
H            3.26574126780551        0.30616377691233       -1.28936638418639
24
 energy: -36.218806719235 gnorm: 0.000611946103 xtb: 6.7.1 (edcfbbe)
O           -4.12770023372285       -0.75924620192908        0.47437189481127
C           -3.68901938690605       -0.46471273912205       -0.82429519792777
C           -2.64449487870817        0.65119098276393       -0.82585451022627
O           -1.53376631267679        0.18871105858145       -0.08689128085954
C           -0.47083783410594        1.10515263887334       -0.04625639492793
C            0.70810599847989        0.46967467025173        0.68075444413986
O            1.36168372811797       -0.40863832620348       -0.20628107818986
C            2.38972150074772       -1.18574910015988        0.37251796801879
C            3.70512600359970       -0.40041382044727        0.45001877194847
O            4.08621848538508        0.05547242752284       -0.82216905073744
H           -3.33834902136051       -0.90870477934717        1.01002398312559
H           -3.25124877034444       -1.35542599472432       -1.29577186567504
H           -4.56915880465745       -0.15398755717743       -1.39076895921307
H           -3.05783880837650        1.55712685329276       -0.35640645179848
H           -2.34981751423474        0.89285562971631       -1.85729452277417
H           -0.77968204073591        2.02208607141755        0.48045184602436
H           -0.16038066419222        1.37440886160690       -1.06614814287651
H            1.38732128703863        1.26234477042530        1.02544513633322
H            0.33665805304353       -0.08249509405500        1.55517972144570
H            2.09948062859664       -1.54805590492616        1.36697939790953
H            2.51944543594568       -2.03812912389794       -0.29980885010726
H            3.59470133492203        0.44999261675605        1.14112513981262
H            4.50697055064370       -1.04379365168797        0.81822600794249
H            3.27686126350099        0.32033571246864       -1.28051005038945
24
 energy: -36.218821408555 gnorm: 0.000901265047 xtb: 6.7.1 (edcfbbe)
O           -4.13574324683186       -0.75609098753868        0.47520262932404
C           -3.68800019434329       -0.46925081950961       -0.82202726575291
C           -2.64471780994464        0.64782771811161       -0.82380550776258
O           -1.53535221204624        0.19051028515234       -0.07967562621487
C           -0.47283568472494        1.10736309364272       -0.04441600809911
C            0.71153436363381        0.47335561388017        0.67575612103206
O            1.36488554371732       -0.39958036606513       -0.21653982708398
C            2.38743622683341       -1.18614889180709        0.35898922083180
C            3.70469735194780       -0.40552691305399        0.45583209922578
O            4.09583116145946        0.06728036725720       -0.80714640583177
H           -3.35036265447535       -0.89606627539344        1.01921973852339
H           -3.24621563877783       -1.36259470007334       -1.28482205843617
H           -4.56424323393313       -0.16284566893519       -1.39705158927738
H           -3.06116269060502        1.55507002420392       -0.35948125327587
H           -2.34698362715431        0.88599949726855       -1.85524027819185
H           -0.77934845268056        2.02420172494152        0.48398839062488
H           -0.16801779987076        1.37721104893623       -1.06597600985432
H            1.38920323340409        1.26762696821942        1.02013278596214
H            0.34568608729130       -0.08268396623409        1.55021208613101
H            2.08994938502576       -1.56030982456112        1.34709504235926
H            2.51959977704804       -2.03059531626958       -0.32298831581144
H            3.59214177848182        0.43534146439371        1.15817606452504
H            4.50188838626735       -1.05668647771519        0.82075454726146
H            3.29012995027774        0.33659240114809       -1.26955062439945
24
 energy: -36.218836150983 gnorm: 0.000971248820 xtb: 6.7.1 (edcfbbe)
O           -4.14357630475161       -0.75072549089716        0.47720435923497
C           -3.68685246251416       -0.47351404568623       -0.81898157485486
C           -2.64390922224378        0.64390648727840       -0.82280169889493
O           -1.53535208471497        0.19137088325042       -0.07451796993137
C           -0.47420510550144        1.10999390471422       -0.04251865683530
C            0.71511363177410        0.47740380139849        0.67107501970179
O            1.36746747969897       -0.39074588332572       -0.22667715933049
C            2.38484554223312       -1.18669647637075        0.34475691843313
C            3.70324720719649       -0.41054055089119        0.46203427389856
O            4.10474280715559        0.07935650669243       -0.79118656918600
H           -3.36245281632922       -0.88563616819959        1.02819571330380
H           -3.24206107220357       -1.37031075694548       -1.27224854459882
H           -4.55914600156244       -0.17123770180067       -1.40225588835477
H           -3.06234797344929        1.55285947840259       -0.36367056974315
H           -2.34418521847317        0.87757060894403       -1.85470458943937
H           -0.77994442830484        2.02555925158549        0.48850110197786
H           -0.17423322937884        1.38183291885116       -1.06499718001076
H            1.39170267393185        1.27305961445780        1.01466807944917
H            0.35468331929425       -0.08208512963652        1.54560671907590
H            2.08008174134135       -1.57404321270859        1.32568210469627
H            2.51990940323093       -2.02194235116668       -0.34803820546361
H            3.58776058567483        0.42037138358010        1.17557417510897
H            4.49597465854766       -1.06916718522430        0.82339518713788
H            3.30273686934818        0.35336011369677       -1.25745708956567
24
 energy: -36.218854783151 gnorm: 0.000935063833 xtb: 6.7.1 (edcfbbe)
O           -4.15223418219396       -0.74175951520105        0.48116593457418
C           -3.68513109216147       -0.47846432403164       -0.81431166551309
C           -2.64190525680448        0.63873553469715       -0.82310636041760
O           -1.53365106484734        0.19161960889594       -0.07108126218872
C           -0.47524228118767        1.11378326346711       -0.04026481679357
C            0.71944097429387        0.48260617376754        0.66564204544109
O            1.37003680153475       -0.38015622291265       -0.23885917979052
C            2.38124228329253       -1.18764161617088        0.32684952950093
C            3.70033707693023       -0.41693367620606        0.46976342292206
O            4.11459808218268        0.09456985335185       -0.77085054712815
H           -3.37617715846024       -0.87488721626123        1.03918514167546
H           -3.23750362624662       -1.38024694157297       -1.25489976932810
H           -4.55292780529556       -0.18170756903334       -1.40707735246893
H           -3.06141114675254        1.55019155814984       -0.37017994330997
H           -2.34095654311419        0.86600400220627       -1.85606849918520
H           -0.78192939711240        2.02645582396957        0.49499487578371
H           -0.18028851817883        1.38975750942717       -1.06298978570482
H            1.39525625415366        1.27932612182315        1.00847939504765
H            0.36519345981892       -0.08111680653905        1.53986536060132
H            2.06730537726937       -1.59230151033115        1.29803543495552
H            2.52045569630689       -2.01031388810719       -0.38016790456770
H            3.58028835498989        0.40117738818531        1.19718503154048
H            4.48799300397117       -1.08417208682134        0.82640687830826
H            3.31721070761132        0.37547453524667       -1.24107800814506
24
 energy: -36.218875262772 gnorm: 0.001063301488 xtb: 6.7.1 (edcfbbe)
O           -4.16106106203450       -0.72818465498377        0.48786326140261
C           -3.68236687647466       -0.48472272531069       -0.80739835069082
C           -2.63858990789891        0.63189819790988       -0.82495768226968
O           -1.53010500564552        0.19132676386358       -0.06937125510819
C           -0.47611474169442        1.11908521148633       -0.03768382788661
C            0.72458305298323        0.48909440023586        0.65873499820409
O            1.37307241149276       -0.36610621975326       -0.25500308306117
C            2.37607718869914       -1.18882348684937        0.30282102293764
C            3.69558030430027       -0.42568314665314        0.48007216033700
O            4.12583308914217        0.11392243232650       -0.74345206232625
H           -3.39078613163306       -0.86170718288110        1.05332990062408
H           -3.23149016618054       -1.39324121541065       -1.23078367037371
H           -4.54514996032267       -0.19625213866986       -1.41145400793609
H           -3.05849108341574        1.54696970087696       -0.37993688667458
H           -2.33747380949509        0.85020787935955       -1.85982253772023
H           -0.78528509113658        2.02686299343217        0.50431036419455
H           -0.18670836774451        1.40227814539521       -1.05990270413027
H            1.39935150623528        1.28665899593818        1.00183325502835
H            0.37736173017675       -0.08080118544842        1.53163722560635
H            2.04998754807945       -1.61611316462572        1.26050613661179
H            2.52076363531152       -1.99442105850268       -0.42272278912543
H            3.56941872836594        0.37529484119281        1.22546182561886
H            4.47707794110194       -1.10389681564724        0.82963466640113
H            3.33451506778771        0.40635343271791       -1.21707800385415
24
 energy: -36.218890744119 gnorm: 0.001167567376 xtb: 6.7.1 (edcfbbe)
O           -4.16674990304297       -0.71424146215923        0.49587770219118
C           -3.67938603938187       -0.49076412591386       -0.79972008513014
C           -2.63509350705478        0.62518602065525       -0.82827814769685
O           -1.52584042690020        0.19070899225377       -0.07042598032419
C           -0.47696858225177        1.12455417161692       -0.03544368916915
C            0.72924380156646        0.49516494479361        0.65157908557546
O            1.37645051614160       -0.35176685541480       -0.27114609824779
C            2.37063636160218       -1.18981455128489        0.27891211010724
C            3.68992900720420       -0.43530696131805        0.48990051321290
O            4.13639344832792        0.13305547104683       -0.71508870745452
H           -3.40094516062296       -0.84847854583305        1.06689465741696
H           -3.22602691080988       -1.40559332707286       -1.20635119139614
H           -4.53834632172415       -0.21146143134595       -1.41313367116170
H           -3.05443413021001        1.54385975397589       -0.39052908409923
H           -2.33491710475233        0.83460714723041       -1.86524833395709
H           -0.78963468288872        2.02635454088211        0.51447916691814
H           -0.19253501628637        1.41683615791821       -1.05637287199548
H            1.40280409041727        1.29292966489917        0.99657342089507
H            0.38822643008561       -0.08182079394065        1.52206543141755
H            2.03172738402972       -1.63914726458617        1.22207168920502
H            2.52174641900976       -1.97770324246856       -0.46438835658226
H            3.55677178614318        0.34751297933062        1.25319444651917
H            4.46544514708073       -1.12398755841611        0.83191515797268
H            3.35150339431732        0.43931627515041       -1.19069920840752
24
 energy: -36.218900939957 gnorm: 0.000820925422 xtb: 6.7.1 (edcfbbe)
O           -4.16719311930904       -0.70459957105737        0.50293016005326
C           -3.67688373194315       -0.49527997326013       -0.79369475735291
C           -2.63281071637389        0.62054160075181       -0.83150464000508
O           -1.52250409225855        0.19026480985884       -0.07278374916042
C           -0.47764158181820        1.12871979222127       -0.03439433309457
C            0.73185536484444        0.49924243223771        0.64634062918226
O            1.37947062245123       -0.33964718506592       -0.28372373822941
C            2.36652184928036       -1.18970222058396        0.26038274122405
C            3.68556027489571       -0.44310453669004        0.49747051808121
O            4.14306831327603        0.14548477377352       -0.69280045782484
H           -3.40302795261536       -0.83797648195867        1.07637833322413
H           -3.22182337147378       -1.41392994131755       -1.18904428865089
H           -4.53453412930481       -0.22346346016117       -1.41195860610276
H           -3.05155055694157        1.54184062270394       -0.39881215851283
H           -2.33430863722862        0.82336418061172       -1.87022771635428
H           -0.79306201580111        2.02558598692829        0.52198341178736
H           -0.19637774366562        1.42856263897243       -1.05391776529304
H            1.40374209128108        1.29680475102462        0.99500822488108
H            0.39419413900999       -0.08446861100070        1.51354132270132
H            2.01782407376789       -1.65421170116920        1.19203777412753
H            2.52187649805605       -1.96455845491575       -0.49510675466971
H            3.54780987521670        0.32573980929086        1.27354974821267
H            4.45673909849765       -1.13993906278687        0.83263576025807
H            3.36305544815649        0.46472980159133       -1.16765170267288
24
 energy: -36.218906389846 gnorm: 0.001702791946 xtb: 6.7.1 (edcfbbe)
O           -4.16691561224126       -0.69400977197842        0.51258010745500
C           -3.67360710240484       -0.50165983258548       -0.78582360783530
C           -2.63087179536888        0.61491032966571       -0.83538512484062
O           -1.51978730139845        0.19099395414306       -0.07393053747009
C           -0.47906171203254        1.13418427056961       -0.03336144600255
C            0.73478484308201        0.50450899880617        0.63944517004833
O            1.38463865128431       -0.32245782703198       -0.30007652919036
C            2.36098600790966       -1.18991669152061        0.23659794958921
C            3.68020698090099       -0.45427331546236        0.50643139375710
O            4.15403106616476        0.16443415793352       -0.66354639392888
H           -3.40395007406182       -0.82174398934255        1.08943474403728
H           -3.21556169233331       -1.42468450746312       -1.16746459345414
H           -4.53015836009816       -0.23977565165366       -1.41003268473980
H           -3.04990687822502        1.53941899349455       -0.40975790282654
H           -2.33337585446670        0.80927695496583       -1.87603501534744
H           -0.79676690586076        2.02618814654421        0.52952661169839
H           -0.20214183441342        1.44127796402967       -1.05182333215577
H            1.40368360986292        1.30157760286587        0.99475291539359
H            0.40091937590719       -0.08917129820069        1.50127995873524
H            1.99826490306618       -1.67492896833426        1.15313888057073
H            2.52191670156131       -1.94744039613135       -0.53572585842263
H            3.53659349689041        0.29462686873738        1.30203616994259
H            4.44495747213306       -1.16282109055420        0.83237658142226
H            3.38112201414227        0.50148509850212       -1.13799950062622
24
 energy: -36.218914229965 gnorm: 0.001454724971 xtb: 6.7.1 (edcfbbe)
O           -4.15862074462012       -0.69466119699039        0.51772792196105
C           -3.67290828736898       -0.50295352160123       -0.78289178948541
C           -2.63137783586732        0.61425492788625       -0.83812333487251
O           -1.51946775892115        0.19149361354959       -0.07736277709980
C           -0.48001366463530        1.13561015300431       -0.03433326080683
C            0.73375718742697        0.50491805839459        0.63757019223369
O            1.38743178344500       -0.31571129739616       -0.30422368328767
C            2.35944694493973       -1.18860234859056        0.23037352243343
C            3.67834204076201       -0.45891409371070        0.50809331771611
O            4.15681943266828        0.16804429013932       -0.65359858664975
H           -3.39168754032197       -0.81653801395430        1.09066521350980
H           -3.21569749809405       -1.42508482174856       -1.16546292074560
H           -4.53288340607466       -0.24357911644615       -1.40258283369600
H           -3.04970913518486        1.53926561237636       -0.41327125373256
H           -2.33544978806365        0.80695920584914       -1.87932826080266
H           -0.79871782398948        2.02603757770594        0.53036521814102
H           -0.20292028676296        1.44519940412562       -1.05178271818879
H            1.40038533097988        1.30086800144035        0.99941557186375
H            0.39858247468906       -0.09406080589033        1.49496394221268
H            1.99174671605355       -1.67717406521192        1.14138998470228
H            2.52231557121250       -1.94123918200828       -0.54476326511058
H            3.53279987295828        0.28278453749858        1.30866282738650
H            4.44124716858449       -1.17035742356374        0.83028862360449
H            3.38657924618464        0.51344050514130       -1.12515369547724
24
 energy: -36.218922438349 gnorm: 0.000748575253 xtb: 6.7.1 (edcfbbe)
O           -4.15513581570236       -0.69240562757488        0.52430146679930
C           -3.67164389253064       -0.50684182032255       -0.77839800612809
C           -2.63160294723120        0.61141653956987       -0.83974661727564
O           -1.51944063068555        0.19300098502762       -0.07681058704567
C           -0.48156270296549        1.13882494848838       -0.03448733642661
C            0.73444662489450        0.50795493365676        0.63373791855849
O            1.39130941428734       -0.30271108870022       -0.31463735634561
C            2.35647814432047       -1.18693584671020        0.21458046672407
C            3.67681708575106       -0.46600693249961        0.51487784327888
O            4.16387914671893        0.17699089139193       -0.63426542648794
H           -3.38666907909196       -0.80647487216749        1.09705849745057
H           -3.21340257017586       -1.43057902813288       -1.15663131828198
H           -4.53278909964026       -0.25182800926381       -1.39857772673719
H           -3.05068642456962        1.53828642998816       -0.41942538759374
H           -2.33577570687025        0.79921500924939       -1.88192354358674
H           -0.80050833708823        2.02780289101632        0.53237551572100
H           -0.20675107887047        1.45057009214652       -1.05193938391968
H            1.39799135128532        1.30350965785332        1.00217853798506
H            0.40071098692748       -0.09886173332702        1.48636243768771
H            1.98043010043064       -1.68727425863795        1.11650152442300
H            2.52121205427291       -1.92980541197436       -0.57036481821835
H            3.52948122083713        0.26389250888011        1.32598532952025
H            4.43538376584300       -1.18571764914007        0.83017733804546
H            3.39782838985301        0.53397739118171       -1.10429141233715
24
 energy: -36.218927612335 gnorm: 0.000839956897 xtb: 6.7.1 (edcfbbe)
O           -4.15093311312885       -0.69266145066646        0.53021634101940
C           -3.67161407811198       -0.50925435952005       -0.77469547108448
C           -2.63207788720895        0.60910461874957       -0.84036598705357
O           -1.51979622603161        0.19382552267812       -0.07585949845523
C           -0.48281670579648        1.14077130664359       -0.03514866626810
C            0.73504809717112        0.51008172357729        0.63035771623430
O            1.39492396824221       -0.29265758991139       -0.32257638210104
C            2.35441235518564       -1.18550936682778        0.20202014209200
C            3.67499156528688       -0.47156741031187        0.52015290620249
O            4.17130121792776        0.18581252511757       -0.61753040496109
H           -3.38006661865095       -0.79976387688522        1.10106016099735
H           -3.21438409832038       -1.43387356387223       -1.15270840519351
H           -4.53462619085766       -0.25530457194380       -1.39283927026944
H           -3.05158186729231        1.53757980406950       -0.42378517384171
H           -2.33645323839605        0.79283212702515       -1.88340160175865
H           -0.80156978766094        2.02920449405606        0.53287378072213
H           -0.20984308609645        1.45347462242905       -1.05293026834447
H            1.39570245798134        1.30558167571842        1.00382845744839
H            0.40258998960431       -0.10259088603085        1.47921899824565
H            1.97164301620039       -1.69515694017689        1.09623514429696
H            2.52183120621249       -1.92008087238712       -0.59048674208280
H            3.52467284292728        0.24768778677369        1.34075853863487
H            4.42937641803011       -1.19800671832120        0.83028332082459
H            3.40926976278298        0.55047140001587       -1.08803967949460
24
 energy: -36.218934748194 gnorm: 0.001025658872 xtb: 6.7.1 (edcfbbe)
O           -4.14309711582489       -0.70163490437977        0.53528970872429
C           -3.67441656076404       -0.50906685065413       -0.77283326390385
C           -2.63451574938349        0.60876537873916       -0.83864450261470
O           -1.52239893431046        0.19479386706288       -0.07328214875165
C           -0.48409458385801        1.14064655455966       -0.03741366999739
C            0.73456614611481        0.51100377382526        0.62836755675536
O            1.39889280613500       -0.28493672972785       -0.32679241546139
C            2.35434580625637       -1.18269177287112        0.19501659879713
C            3.67507856955123       -0.47462056463200        0.52440434956253
O            4.17882746851586        0.18958414651874       -0.60517395230672
H           -3.36656870964905       -0.80085765017362        1.09971240217234
H           -3.22202913295035       -1.43225926536568       -1.16152844865370
H           -4.54215437221985       -0.24893971031178       -1.38224646464319
H           -3.05420912219344        1.53784398114297       -0.42375751503317
H           -2.33861113599299        0.79091609769022       -1.88187924161598
H           -0.80112267926762        2.03158981269823        0.52759321231819
H           -0.21189807414411        1.44923552094602       -1.05676165018988
H            1.39183808265457        1.30679202024359        1.00674643289754
H            0.40193520462867       -0.10612430667297        1.47370633439719
H            1.96759002503249       -1.69762110546567        1.08437762861735
H            2.52383348673061       -1.91253760816934       -0.60136122827439
H            3.52273345963086        0.23822228244948        1.34925046876694
H            4.42554793459696       -1.20586827574332        0.83182282610484
H            3.41992718071074        0.55776530829012       -1.07797506185826
24
 energy: -36.218938558506 gnorm: 0.000397026552 xtb: 6.7.1 (edcfbbe)
O           -4.14223449372936       -0.70292953870984        0.53571950123195
C           -3.67508627956414       -0.50832857816320       -0.77219698499875
C           -2.63484777910192        0.60941935037363       -0.83828868524112
O           -1.52199502007078        0.19467743870355       -0.07441338864804
C           -0.48383748525624        1.14068114379198       -0.03830182694739
C            0.73500358156488        0.51141704916982        0.62707297515149
O            1.39952019660773       -0.28545501965565       -0.32749340769769
C            2.35465346230287       -1.18322777802301        0.19549240075825
C            3.67466343093266       -0.47485871375691        0.52507804611623
O            4.17960985380717        0.19053292489281       -0.60364211743977
H           -3.36537826047332       -0.80591622966401        1.09913961755370
H           -3.22392332995006       -1.43090204271277       -1.16276953038653
H           -4.54360072675252       -0.24734626865320       -1.37991158031341
H           -3.05368320267637        1.53802850724072       -0.42165312760840
H           -2.33981409559530        0.79287070389125       -1.88148785733179
H           -0.80123428199212        2.03154573487099        0.52632897306744
H           -0.21199182686954        1.44881062686283       -1.05762096004683
H            1.39259401325309        1.30730291253739        1.00521940028133
H            0.40255522938117       -0.10563804093598        1.47262986210000
H            1.96638779372102       -1.69955469966977        1.08317134745971
H            2.52602626765582       -1.91143537257440       -0.60151354523925
H            3.52020522632912        0.23784575108876        1.35002979945661
H            4.42530905264830       -1.20533886604871        0.83414194206229
H            3.42109867382769        0.55779900514280       -1.07809289753058
24
 energy: -36.218942226421 gnorm: 0.000541531954 xtb: 6.7.1 (edcfbbe)
O           -4.14062547759691       -0.70466480155655        0.53676188442490
C           -3.67607307604872       -0.50726514925777       -0.77129512218049
C           -2.63546667221570        0.61034098163688       -0.83722792006103
O           -1.52124739203134        0.19403681007166       -0.07610789404562
C           -0.48328068829195        1.14036123181038       -0.04011962477856
C            0.73568202003879        0.51166787566173        0.62514785768835
O            1.40013754174024       -0.28593841998804       -0.32919087671365
C            2.35528105675971       -1.18372200305208        0.19449518507577
C            3.67367581864672       -0.47462109190775        0.52744423461673
O            4.18022627990639        0.19126417335348       -0.60036285510879
H           -3.36316412581149       -0.81341768375290        1.09836469000639
H           -3.22626155237945       -1.42890762632543       -1.16519949157994
H           -4.54575857652177       -0.24430363942159       -1.37646428164695
H           -3.05313279685229        1.53833949488380       -0.41809822144514
H           -2.34227590676140        0.79547551317498       -1.88060844174988
H           -0.80094066373267        2.03100246532719        0.52453410130290
H           -0.21194541735782        1.44842961389832       -1.05950644731073
H            1.39346237051384        1.30790013677964        1.00247224050456
H            0.40381195642433       -0.10504539978593        1.47124976677830
H            1.96552538410614       -1.70143324920787        1.08047886977838
H            2.52842906906030       -1.91042017240208       -0.60339517449969
H            3.51717378155091        0.23822840269509        1.35221832069085
H            4.42447651219158       -1.20426355632308        0.83816965770274
H            3.42229055466239        0.55695609368697       -1.07712250163993
24
 energy: -36.218946408347 gnorm: 0.000569323983 xtb: 6.7.1 (edcfbbe)
O           -4.13827110759743       -0.70739888907195        0.53869384734578
C           -3.67754927126535       -0.50581214488886       -0.76999231692782
C           -2.63652510132483        0.61153802769059       -0.83551155085711
O           -1.52021751462944        0.19283085391704       -0.07871641520869
C           -0.48258757760250        1.13966131558718       -0.04292938481246
C            0.73669625482969        0.51180976720103        0.62232524902557
O            1.40093360745522       -0.28646942857267       -0.33173628004437
C            2.35586826099027       -1.18422697897911        0.19275862709940
C            3.67230935075788       -0.47416220906112        0.53074953838107
O            4.18188738488409        0.19280540546059       -0.59505896321916
H           -3.35970279422034       -0.82318234540364        1.09733592262410
H           -3.22925955974328       -1.42618617520865       -1.16892252210603
H           -4.54894052854469       -0.23990905894690       -1.37157106681796
H           -3.05267054559191        1.53858285494169       -0.41278063522726
H           -2.34626709658651        0.79922099633791       -1.87928106217637
H           -0.80063518036707        2.03006259833394        0.52196329483524
H           -0.21159520394188        1.44808879773186       -1.06239400748766
H            1.39447394068956        1.30858871103262        0.99824567697646
H            0.40564417404895       -0.10410400176730        1.46926562427238
H            1.96411731823995       -1.70412318221267        1.07664901669723
H            2.53178206136727       -1.90903109191830       -0.60638141804239
H            3.51266185849960        0.23807327048005        1.35537307639837
H            4.42287411227751       -1.20316687448378        0.84345434753753
H            3.42497315737505        0.55650978179956       -1.07490064245642
24
 energy: -36.218950417819 gnorm: 0.000409070503 xtb: 6.7.1 (edcfbbe)
O           -4.13545896133280       -0.71121674640255        0.54087371438026
C           -3.67931506205956       -0.50432276296998       -0.76865839913907
C           -2.63809523759831        0.61291879098301       -0.83349138873301
O           -1.51923212279205        0.19151542289256       -0.08203963883184
C           -0.48206098749444        1.13880133800480       -0.04625041326571
C            0.73781480352601        0.51185922458756        0.61883110076104
O            1.40203479423259       -0.28695727756204       -0.33473742587482
C            2.35654844531573       -1.18457501781150        0.19055960354916
C            3.67121738824710       -0.47392640855525        0.53449709516122
O            4.18432203057738        0.19468605273658       -0.58872259198636
H           -3.35519296948154       -0.83254122178680        1.09584525402386
H           -3.23291354449765       -1.42329319404581       -1.17314225019688
H           -4.55282331584451       -0.23552115494069       -1.36589334234723
H           -3.05250540085823        1.53864835387260       -0.40618837838414
H           -2.35141001154207        0.80413391550864       -1.87765861604383
H           -0.80059326813939        2.02894352831600        0.51888962787493
H           -0.21138373118967        1.44775362753753       -1.06571673300744
H            1.39530027386479        1.30940500447172        0.99344411689143
H            0.40750520628160       -0.10324012871833        1.46659449663540
H            1.96288579414907       -1.70675009930610        1.07235240235850
H            2.53549531991787       -1.90769817594443       -0.60952426540948
H            3.50804478933777        0.23714714704901        1.35926398326512
H            4.42108472848923       -1.20288000958905        0.84900594784226
H            3.42873103889083        0.55710979167158       -1.07149594371395
24
 energy: -36.218954656352 gnorm: 0.000276155519 xtb: 6.7.1 (edcfbbe)
O           -4.13187337519686       -0.71610088209990        0.54336704953791
C           -3.68133477238719       -0.50288931119975       -0.76727317972572
C           -2.64024908365560        0.61443690127819       -0.83118068293078
O           -1.51829724836651        0.18990421092036       -0.08615394974283
C           -0.48164622018304        1.13765348233320       -0.05039707992969
C            0.73880443586000        0.51176490632459        0.61477225272810
O            1.40362985307991       -0.28724275939913       -0.33808614004443
C            2.35720947155777       -1.18488143441052        0.18833822382100
C            3.67029563608358       -0.47399675317327        0.53845772136551
O            4.18758343379442        0.19691970076704       -0.58147971522396
H           -3.34921614012315       -0.84112467465385        1.09402585340470
H           -3.23690385745853       -1.42003360547651       -1.17816822475136
H           -4.55738400211483       -0.23087723280220       -1.35934823140612
H           -3.05292950213782        1.53832820813498       -0.39816249589276
H           -2.35793311860775        0.81029354461992       -1.87573714545134
H           -0.80057450671309        2.02744645416256        0.51516419784639
H           -0.21131320107465        1.44727142294331       -1.06984018763380
H            1.39562116715075        1.31026235901247        0.98845565475542
H            0.40917233995447       -0.10273003031424        1.46323076729814
H            1.96130553508464       -1.70938538639116        1.06789302647383
H            2.53949862297626       -1.90624467044234       -0.61262245961610
H            3.50366834799341        0.23537139500061        1.36386736992537
H            4.41912869812841       -1.20331761975531        0.85451286603945
H            3.43373748635511        0.55917177462004       -1.06699753503748
24
 energy: -36.218959647963 gnorm: 0.000355032674 xtb: 6.7.1 (edcfbbe)
O           -4.12680326836777       -0.72310188209655        0.54646427526173
C           -3.68396861833341       -0.50132884698924       -0.76560229213844
C           -2.64342834610601        0.61648777781523       -0.82828082204297
O           -1.51742603478353        0.18801629690644       -0.09168035513088
C           -0.48133714655145        1.13624227233419       -0.05586222429030
C            0.73978459926006        0.51165233169356        0.60946460506690
O            1.40616179769478       -0.28711219598750       -0.34238772090187
C            2.35824674721501       -1.18507016329807        0.18564201007472
C            3.66967422293933       -0.47460681703740        0.54342745726579
O            4.19190824972180        0.19944465293105       -0.57230440949584
H           -3.34063814404530       -0.85037446460884        1.09153518764117
H           -3.24203759810378       -1.41591781718789       -1.18487779987081
H           -4.56351861905504       -0.22557442030437       -1.35073847208320
H           -3.05398754961388        1.53769875980972       -0.38746289467131
H           -2.36676301080118        0.81889837929621       -1.87314344138579
H           -0.80087834860140        2.02576414227025        0.50987913805030
H           -0.21126907653311        1.44635248874258       -1.07525874594374
H            1.39544554755839        1.31122743942840        0.98286807403797
H            0.41056678923056       -0.10256389007831        1.45826689506055
H            1.95933859147056       -1.71203666844455        1.06248166008206
H            2.54440973326569       -1.90451965539012       -0.61616114579747
H            3.49902550767311        0.23241911619983        1.36994287843133
H            4.41717221956232       -1.20469671575973        0.86089831970709
H            3.44032175530394        0.56269987975422       -1.06047222111755
24
 energy: -36.218965018850 gnorm: 0.000498154815 xtb: 6.7.1 (edcfbbe)
O           -4.11921284275771       -0.73304335910367        0.55053680983662
C           -3.68737773540869       -0.49939730804927       -0.76333553478486
C           -2.64786710972858        0.61935917633713       -0.82435659595825
O           -1.51638263263853        0.18572923123926       -0.09913308267733
C           -0.48080059496639        1.13443478214385       -0.06363804600065
C            0.74070285790677        0.51147414319787        0.60267114378905
O            1.41000351266447       -0.28624521306574       -0.34795009010408
C            2.35957446886839       -1.18529333053528        0.18239667156856
C            3.66893680806767       -0.47565912891315        0.54983148443033
O            4.19771340739318        0.20259903524321       -0.56028241728982
H           -3.32805333911898       -0.86203449026745        1.08803811915234
H           -3.24871676992572       -1.41019521365901       -1.19422229570873
H           -4.57185797416861       -0.21879442423214       -1.33874039626721
H           -3.05575330525660        1.53674098813198       -0.37297413362995
H           -2.37890871990717        0.83065812686410       -1.86950286811800
H           -0.80104127817642        2.02377661090920        0.50201583040863
H           -0.21106427290927        1.44473308729538       -1.08310788340454
H            1.39448409468290        1.31235636693814        0.97665611994387
H            0.41160568031390       -0.10311360685918        1.45128546097849
H            1.95617970483086       -1.71524193948551        1.05548497171511
H            2.55046045928456       -1.90217780470434       -0.62056173942198
H            3.49358832130774        0.22814231055570        1.37812450559837
H            4.41460868718413       -1.20694565495928        0.86880982936434
H            3.44917857245770        0.56813761497731       -1.05140790761091
24
 energy: -36.218968977801 gnorm: 0.000549339893 xtb: 6.7.1 (edcfbbe)
O           -4.11053409487666       -0.74398090454623        0.55470888898425
C           -3.69068214441403       -0.49758718501753       -0.76081105309174
C           -2.65256785586435        0.62248498886368       -0.82033582421722
O           -1.51564097047822        0.18395558324557       -0.10659949964895
C           -0.48035821197633        1.13301554301503       -0.07168497269210
C            0.74129887050024        0.51153966190548        0.59577165454397
O            1.41423936040217       -0.28451634788449       -0.35370221602237
C            2.36094986075259       -1.18523349399295        0.17899313031526
C            3.66838648221555       -0.47725038167637        0.55641651012682
O            4.20346791300713        0.20530904546333       -0.54798749280283
H           -3.31410845807466       -0.87429323671369        1.08418676876846
H           -3.25532131925657       -1.40404445524668       -1.20409740977025
H           -4.58043259320783       -0.21223026274922       -1.32570500355842
H           -3.05779342531094        1.53576992850498       -0.35830712282103
H           -2.39134305259168        0.84283003378253       -1.86554854588328
H           -0.80125114346374        2.02267293224622        0.49312693013279
H           -0.21050305320995        1.44259303091627       -1.09133124798060
H            1.39297245801878        1.31333925973618        0.97151883920637
H            0.41165868041621       -0.10403843230156        1.44343001502688
H            1.95268893637924       -1.71795808814666        1.04813574473228
H            2.55632653132103       -1.89951640143117       -0.62515982300514
H            3.48834282285584        0.22331635222023        1.38646999686652
H            4.41227169427799       -1.20981360363818        0.87671542194531
H            3.45793271257772        0.57363643344433       -1.04156573334554
24
 energy: -36.218971048594 gnorm: 0.000327929339 xtb: 6.7.1 (edcfbbe)
O           -4.10427852057541       -0.75116311992858        0.55719117818171
C           -3.69234458112618       -0.49667735892546       -0.75908534657086
C           -2.65535387830911        0.62452102284552       -0.81777976257182
O           -1.51527694473010        0.18356754454050       -0.11073798291041
C           -0.47989070418099        1.13258736255493       -0.07681446041044
C            0.74139581034394        0.51176722695866        0.59198496292076
O            1.41702386745859       -0.28260079875027       -0.35704156780509
C            2.36147930008189       -1.18508402806108        0.17685954137220
C            3.66779312380473       -0.47840874087426        0.56029641266275
O            4.20692486423701        0.20673625487456       -0.54050932339315
H           -3.30458588797753       -0.88231209621648        1.08148928263206
H           -3.25903301323651       -1.40013398622896       -1.21016513305478
H           -4.58551501799493       -0.20877091371274       -1.31708854587398
H           -3.05916159277027        1.53529914459801       -0.34978987885210
H           -2.39872591498688        0.84993114933589       -1.86291539679377
H           -0.80099118244931        2.02279163727179        0.48693765960266
H           -0.20997748966961        1.44105527219056       -1.09678297863592
H            1.39159626135348        1.31386695049065        0.96966905692597
H            0.41096197770667       -0.10507978793175        1.43843670464553
H            1.94984255497082       -1.71953439596384        1.04329467945792
H            2.55920074304572       -1.89755904610523       -0.62826699888959
H            3.48530886272793        0.22005060004491        1.39162658078855
H            4.41032885031408       -1.21206784039963        0.88117193408896
H            3.46327851196147        0.57721794739140       -1.03534266170774
24
 energy: -36.218972294465 gnorm: 0.000143716178 xtb: 6.7.1 (edcfbbe)
O           -4.09956523898658       -0.75605079882684        0.55888590013495
C           -3.69294684578994       -0.49637164411872       -0.75782016482812
C           -2.65693487910880        0.62583956467769       -0.81639909651211
O           -1.51528722603571        0.18397936275983       -0.11265902921623
C           -0.47972386652347        1.13290911389371       -0.07971862914823
C            0.74116429693509        0.51232035996098        0.58995484584408
O            1.41864014190274       -0.28060985139826       -0.35901006974934
C            2.36146435861249       -1.18467811935020        0.17538145561222
C            3.66742003896859       -0.47961357296030        0.56255833184281
O            4.20886358491189        0.20712478131341       -0.53606247692108
H           -3.29780910072278       -0.88797388404152        1.07979540090522
H           -3.26064149134216       -1.39766880676529       -1.21402449878929
H           -4.58837012135098       -0.20703227949322       -1.31136507972775
H           -3.06036387857660        1.53516815175165       -0.34538729646858
H           -2.40275319905722        0.85380722251074       -1.86151189423245
H           -0.80074877547196        2.02389773057774        0.48279605901527
H           -0.20947899465627        1.43990171254941       -1.10001359722839
H            1.39040575812283        1.31425603591774        0.96965193331637
H            0.40977934611316       -0.10575654600435        1.43513006653067
H            1.94760985619155       -1.72021471318129        1.03999997714733
H            2.56031359598622       -1.89590716926797       -0.63052058271909
H            3.48359663725580        0.21759821513285        1.39467832574041
H            4.40906770157048       -1.21409712614719        0.88367964251634
H            3.46629830105109        0.57917226050851       -1.03138156725561
24
 energy: -36.218973053176 gnorm: 0.000124438035 xtb: 6.7.1 (edcfbbe)
O           -4.09598237557698       -0.75927624649390        0.55995996022209
C           -3.69295169022289       -0.49648456481773       -0.75705106925429
C           -2.65776847165639        0.62664691524766       -0.81563757845891
O           -1.51537243306622        0.18490262515104       -0.11311312332654
C           -0.47957449940729        1.13364259718866       -0.08118453062814
C            0.74090362967039        0.51299491646185        0.58919955405202
O            1.41954375078359       -0.27873424703212       -0.35996815811028
C            2.36101596073411       -1.18435214074899        0.17433159241336
C            3.66691910432747       -0.48054567952863        0.56373969176146
O            4.20999562567456        0.20707703611193       -0.53353804923971
H           -3.29285590377070       -0.89180284763679        1.07861800757342
H           -3.26115500133008       -1.39644273481842       -1.21631206135719
H           -4.58994044362562       -0.20663407165458       -1.30775440754329
H           -3.06128187162095        1.53545178219990       -0.34372037171409
H           -2.40459869844353        0.85540761554466       -1.86078867086419
H           -0.80044397389819        2.02532328851562        0.48024172800091
H           -0.20922528835521        1.43935098827434       -1.10182001271251
H            1.38957434435777        1.31460963132325        0.97053584999373
H            0.40875634420713       -0.10615754832376        1.43329815524971
H            1.94563796811243       -1.72063419645602        1.03770993515313
H            2.56017889892820       -1.89463479486183       -0.63232381528405
H            3.48270810963612        0.21584544163077        1.39651850391253
H            4.40775047575644       -1.21586726660651        0.88480208462459
H            3.46816643878527        0.58031350132871       -1.02910525865435
