20
 energy: -29.526781263327 gnorm: 0.049244957410 xtb: 6.7.1 (edcfbbe)
C            2.67977626304000        0.26139140761000        0.24373616235800
C            1.64849587452900       -0.74266676681100       -0.20464588617000
O            1.98561980077100       -1.89051952535300       -0.49456133703900
N            0.32825402540600       -0.31428271038900       -0.25118750535600
C           -0.06420237976500        1.09894192955200       -0.25466023305800
C           -1.51155320432500        1.28691796952400        0.21054424943700
O           -2.41054178582300        0.45841650407200       -0.53803222843000
C           -2.07473921224300       -0.92567372025700       -0.35862742574500
C           -0.65632988915500       -1.21832063036800       -0.85183567047000
H            2.74252280549100        1.08491120438800       -0.47218154557400
H            2.43519969822700        0.63435836884700        1.24173801704400
H            3.65941104606400       -0.22395830220400        0.29350150674800
H            0.04504028058900        1.44710769378100       -1.28873863074900
H            0.60266997264300        1.69368117861100        0.37420820223300
H           -1.81712997467800        2.32810942322000        0.06761476637000
H           -1.61434046599100        1.05202021623800        1.27674441318700
H           -2.79804930125900       -1.52187415609000       -0.92358027674600
H           -2.18363380549700       -1.18378831710000        0.70153621930200
H           -0.39737563853000       -2.26215433459300       -0.64638158872100
H           -0.59909410949300       -1.06261743267800       -1.93607527809600
20
 energy: -29.530856922846 gnorm: 0.016865198431 xtb: 6.7.1 (edcfbbe)
C            2.66354027297223        0.26348058023987        0.24851614774160
C            1.62882930704226       -0.74356978248856       -0.19552433111251
O            1.93296366014374       -1.88923469596935       -0.47092415143203
N            0.32867316949815       -0.31444525558293       -0.24576994245932
C           -0.05626677255388        1.09074222346994       -0.27097029194897
C           -1.49821267857323        1.26427197983336        0.20800113992380
O           -2.39803982227959        0.45232784726628       -0.52723037402310
C           -2.05529355052444       -0.91507932677254       -0.35175536348520
C           -0.64781924414425       -1.20395942667962       -0.86613094516209
H            2.73291882345393        1.08573661297023       -0.46210844703573
H            2.42805817601656        0.65459396993063        1.23713750598524
H            3.62941732104938       -0.23792752150240        0.29259802859044
H            0.02646608737660        1.46649166745062       -1.30107923794573
H            0.60187896453701        1.67411801341830        0.37303005334779
H           -1.81690583525062        2.29779373792503        0.05300773109494
H           -1.58115382771197        1.02256696355812        1.27698178842644
H           -2.78543899062959       -1.49275889447966       -0.92252478194529
H           -2.14446562187448       -1.17746503348499        0.71157411806220
H           -0.36868308978814       -2.23546665470399       -0.64225952186821
H           -0.62046634875869       -1.06221700439836       -1.95545319422925
20
 energy: -29.531516048017 gnorm: 0.005947706504 xtb: 6.7.1 (edcfbbe)
C            2.65459233033093        0.26225431417193        0.25495211326430
C            1.61738862399715       -0.74401064730972       -0.19273478144051
O            1.90506875229246       -1.89682833138535       -0.44073338442692
N            0.32767703372196       -0.30763630809723       -0.25913605594416
C           -0.05437263966772        1.09100541519370       -0.28712600536605
C           -1.49328127677595        1.25722849828734        0.20823108982738
O           -2.39270043756063        0.44597196145166       -0.50811050976979
C           -2.04643839472191       -0.91309520154598       -0.34807494835397
C           -0.64480346558380       -1.19456341399976       -0.87971229548026
H            2.73079934770684        1.07924641089887       -0.45910475277009
H            2.41386124571629        0.66601641168857        1.23555610414816
H            3.61243249492475       -0.24886703355135        0.30718921596795
H            0.01323299539894        1.47651572362101       -1.31532371241820
H            0.60306716855657        1.67158907044873        0.35775651122760
H           -1.82302868761504        2.28704671546880        0.05726509327630
H           -1.54789385007957        1.00892800568429        1.27966373459220
H           -2.78433162151300       -1.48472940183392       -0.91299091402279
H           -2.10917700563313       -1.18415424479742        0.71670316315053
H           -0.34776785432328       -2.22021608134539       -0.65610014313281
H           -0.63432475917087       -1.05170186304882       -1.96905359180386
20
 energy: -29.531823775493 gnorm: 0.004668561375 xtb: 6.7.1 (edcfbbe)
C            2.64928066603028        0.26014427622055        0.26207598095887
C            1.60956172912487       -0.74721270968528       -0.18101830019276
O            1.89031761260161       -1.90714237645973       -0.40457184273124
N            0.32673666145161       -0.29938401045875       -0.27998978884137
C           -0.05412897329149        1.09590366696900       -0.30474652865755
C           -1.48988648128901        1.25309987204288        0.21159494972498
O           -2.39365497713242        0.44034150440829       -0.48789380762516
C           -2.04077445641275       -0.91476684145079       -0.34318138200703
C           -0.64496833013292       -1.18689671443395       -0.89741406918825
H            2.73206740428649        1.06913001346861       -0.46034466502509
H            2.40162683626152        0.67557648125234        1.23578009585488
H            3.60278326152099       -0.25595646632012        0.32667271692906
H            0.00015960313289        1.48504956014373       -1.33242404283652
H            0.60638612984337        1.67812212429328        0.33477567234585
H           -1.82777584475435        2.28106193150312        0.06988324988973
H           -1.51818091520228        1.00172178158817        1.28523109549118
H           -2.78554997661950       -1.48558391076885       -0.89878314316003
H           -2.08000152302434       -1.19603115539179        0.72170623783693
H           -0.33566091335604       -2.21056550498380       -0.68255040910518
H           -0.64833751303758       -1.03661152193697       -1.98568608913628
20
 energy: -29.532251041486 gnorm: 0.010728787921 xtb: 6.7.1 (edcfbbe)
C            2.64204917752344        0.25544130336376        0.27742876761089
C            1.59991610168126       -0.75196104071334       -0.16246488456378
O            1.87169018270430       -1.92482583015044       -0.33707917965813
N            0.32854923381374       -0.28525526806376       -0.32422445259656
C           -0.05573251389273        1.10535430637408       -0.33720642905799
C           -1.48349445901743        1.24829883052570        0.22006013864397
O           -2.39855742105782        0.43031612491381       -0.45049802067300
C           -2.03131025044279       -0.92114757643586       -0.33229884876848
C           -0.64699850044357       -1.17430547893210       -0.93039564671074
H            2.73791872744017        1.05101485605695       -0.45878447842426
H            2.38267896480974        0.68806103297729        1.24079516641117
H            3.59012225167784       -0.26674113154770        0.36470722341124
H           -0.02970498710862        1.49687193118758       -1.36527461372385
H            0.61464712098141        1.69390784518456        0.28598085590927
H           -1.83443167395694        2.27393521252442        0.09519232242386
H           -1.46932422292963        0.99463515107665        1.29594645059589
H           -2.78844925191867       -1.49356810526303       -0.86911291230633
H           -2.03134812852464       -1.21862996822783        0.73117212548861
H           -0.31889764002729       -2.19708351638515       -0.73906607077605
H           -0.67932271131086       -1.00431867846569       -2.01576158271068
20
 energy: -29.532601692017 gnorm: 0.014577152306 xtb: 6.7.1 (edcfbbe)
C            2.63302049454197        0.25086825390207        0.29642744778881
C            1.58959329796229       -0.75619994532119       -0.14086991119383
O            1.85264023108755       -1.93750637236170       -0.27182132931958
N            0.33297659725055       -0.27321939057022       -0.37215503945715
C           -0.05834970715698        1.11368603682743       -0.37243385718618
C           -1.47293998032025        1.24423497184756        0.23144877448139
O           -2.40278877780846        0.41936091024958       -0.40943472902579
C           -2.01927526445063       -0.93055027549436       -0.31869149569445
C           -0.64991727884259       -1.16176590622467       -0.96551907279619
H            2.74406399407894        1.03412610819105       -0.45133755993197
H            2.36361233389706        0.69838534571478        1.25048354051191
H            3.57655853846587       -0.27595591345442        0.40653903199038
H           -0.06862311188805        1.50238260443697       -1.40258503004961
H            0.62690968015374        1.71191757397153        0.22588104685590
H           -1.83573306906591        2.26767566251831        0.12206214132412
H           -1.41901535934237        0.99096492287663        1.30718118673189
H           -2.78912224047477       -1.50550536796595       -0.83524972144824
H           -1.98094791137505       -1.24203683049708        0.74106777371397
H           -0.30558381029997       -2.18532951246207       -0.80575163228691
H           -0.71707865641205       -0.96553287618442       -2.04612563448340
20
 energy: -29.532941083641 gnorm: 0.012039560844 xtb: 6.7.1 (edcfbbe)
C            2.62297550575150        0.24758257713360        0.31517884073520
C            1.58039625199164       -0.75668087507856       -0.12832272363432
O            1.83406931480362       -1.94232106164118       -0.22641210669493
N            0.33971753075790       -0.26543289076284       -0.41319957820243
C           -0.06191665745924        1.11898625150959       -0.40255028854554
C           -1.45935062804508        1.24133029880324        0.24355766235375
O           -2.40290492187717        0.40980873036146       -0.37409786515709
C           -2.00587937479539       -0.94035987502437       -0.30524065065273
C           -0.65273887651295       -1.15175976758177       -0.99314525686352
H            2.75148989518156        1.02258599442856       -0.43826562393799
H            2.34393499985770        0.70474049048724        1.26207516094123
H            3.56259299759550       -0.28298185773572        0.44606996826008
H           -0.10975235028368        1.49890830555249       -1.43557341737584
H            0.63978517502476        1.72835793792864        0.16632962143623
H           -1.83106780572499        2.26278264493192        0.14527333812685
H           -1.37643038914999        0.98930818861773        1.31601603889516
H           -2.78547733370465       -1.51762013332427       -0.80496409020247
H           -1.93806874995784       -1.26004901746322        0.74887578840185
H           -0.29918710206697       -2.17692622713381       -0.86549214011747
H           -0.75218748138542       -0.93025971400898       -2.06699674724092
20
 energy: -29.533259960857 gnorm: 0.005084303382 xtb: 6.7.1 (edcfbbe)
C            2.61043408421893        0.24574629077128        0.33408366961840
C            1.57023120765559       -0.75478762428120       -0.12168716599783
O            1.81277067783343       -1.94242337661349       -0.19593157813933
N            0.34788137621148       -0.26009804354756       -0.45015203502682
C           -0.06700601266174        1.12271041480441       -0.43091588472875
C           -1.44138554598223        1.23813082224114        0.25614108894795
O           -2.39851995517423        0.40182704229781       -0.34338542997371
C           -1.98940067233846       -0.94917548445110       -0.29205647278450
C           -0.65554296114418       -1.14269291857929       -1.01631694372461
H            2.76005543968263        1.01611281433343       -0.41949384367421
H            2.32066618341728        0.70894156431112        1.27482361746737
H            3.54524610229363       -0.28921408748492        0.48445807639114
H           -0.15439063321906        1.48956266639920       -1.46571341131448
H            0.65121069824935        1.74273857009748        0.10511578896176
H           -1.82178264608081        2.25744693881793        0.16778498131294
H           -1.33466554020809        0.98403747965610        1.32250622075050
H           -2.77714594915935       -1.52799847630958       -0.77682834714975
H           -1.89537512660494       -1.27217238675312        0.75550196597230
H           -0.29856799998027       -2.16883575810323       -0.91805860634174
H           -0.78471272700819       -0.89985644760673       -2.08075976004149
20
 energy: -29.533406606743 gnorm: 0.007884578937 xtb: 6.7.1 (edcfbbe)
C            2.59469650616275        0.24344591575905        0.35604124462473
C            1.55653711246971       -0.75405174779376       -0.11262248914471
O            1.78445058274261       -1.95015740636563       -0.14687473022797
N            0.35487109573986       -0.24971361709067       -0.49826901851573
C           -0.07241572719315        1.13018071943107       -0.46891729841306
C           -1.42045372567958        1.23210088508181        0.26967190256181
O           -2.39439163367310        0.39237220754926       -0.30483754713607
C           -1.96973758302004       -0.95710586032253       -0.27730389521498
C           -0.65853707327084       -1.13007739472478       -1.04847822881335
H            2.76986899896304        1.00598887450295       -0.40063855010638
H            2.28833885778740        0.71850025391969        1.28667000668044
H            3.52163016522511       -0.29936415485040        0.53224959341767
H           -0.20485678785134        1.48732463216833       -1.50299259850239
H            0.66211534074802        1.75846063304211        0.03419234371849
H           -1.81500832099259        2.24836113439107        0.19874560591223
H           -1.27606108189622        0.96935516925033        1.33088989014162
H           -2.76971101770628       -1.53655646692902       -0.74223405695340
H           -1.83634802495681       -1.28685010755678        0.76521444709033
H           -0.29170320188148       -2.15530273394846       -0.97811419521125
H           -0.82328448171636       -0.86691093551400       -2.10327649538286
20
 energy: -29.533538638447 gnorm: 0.005765637167 xtb: 6.7.1 (edcfbbe)
C            2.58110294627446        0.24322325551347        0.37066451639194
C            1.54550922880360       -0.75189011583297       -0.10962543208090
O            1.76637949437923       -1.94523210342893       -0.14175087670734
N            0.35798849644576       -0.24503009471477       -0.52454807163049
C           -0.07502166406034        1.13395113279974       -0.48995210080029
C           -1.40295989852101        1.22871984877081        0.27557987349460
O           -2.38433585707783        0.38791190593333       -0.28695974456211
C           -1.95601360418211       -0.96034925650248       -0.26946564688252
C           -0.66082268328420       -1.12576308378584       -1.06355279952590
H            2.76979376338082        1.00501157723787       -0.38211149544832
H            2.26378871700321        0.71970885318274        1.29622150751060
H            3.50255527271055       -0.30277852139701        0.55845309271973
H           -0.23261456006773        1.48282402207657       -1.52006193429382
H            0.66691275028602        1.76625097070905       -0.00789883818162
H           -1.80430555957292        2.24311444474605        0.21787213238831
H           -1.23892791943284        0.95707219613962        1.33100105958107
H           -2.76278869529711       -1.54054409804956       -0.72089621176847
H           -1.80110333668331       -1.28877110203966        0.76953137374850
H           -0.29194373113085       -2.14904875459239       -1.00258941266985
H           -0.84319315997273       -0.85838107676606       -2.11079506075795
20
 energy: -29.533617460663 gnorm: 0.003896490558 xtb: 6.7.1 (edcfbbe)
C            2.56737563620027        0.24244404933203        0.38516049280468
C            1.53510965820587       -0.74958434294312       -0.10962889500079
O            1.74794264304503       -1.94608705584232       -0.12261636759065
N            0.36146805974787       -0.23758367108093       -0.55745377700526
C           -0.07630179957856        1.13926182789977       -0.51357529936669
C           -1.38693977588038        1.22508988349482        0.28302095262262
O           -2.37571051045995        0.38234661682814       -0.26249759271128
C           -1.94303602745851       -0.96393346322066       -0.26098620259007
C           -0.66264949183235       -1.12106357150152       -1.08187412035682
H            2.77223750551155        1.00044418107736       -0.36752341623818
H            2.23433816486314        0.72372409087455        1.30303503729616
H            3.48256012089459       -0.30766574378923        0.59222731744460
H           -0.26232523411885        1.48378695458526       -1.54019274146415
H            0.67459501529517        1.77685890600977       -0.05267280379144
H           -1.79480332088098        2.23739181601513        0.24169605006256
H           -1.19825638803162        0.94700270448661        1.33324748783664
H           -2.75701148684540       -1.54505708697610       -0.69737632217405
H           -1.76513934860185       -1.29656729631362        0.77318583505440
H           -0.28665660458722       -2.14278849916062       -1.03242397949315
H           -0.86679681548722       -0.84802029977578       -2.12363572481391
20
 energy: -29.533685330242 gnorm: 0.002163713542 xtb: 6.7.1 (edcfbbe)
C            2.54901054785926        0.24263838524699        0.40107973250888
C            1.52309047043044       -0.74684437194627       -0.11251368739316
O            1.72945311263295       -1.94502626613762       -0.11073900932531
N            0.36493862030198       -0.23002113129434       -0.59459974043302
C           -0.07654148857293        1.14409034769788       -0.53898672107658
C           -1.36794418677106        1.22145120533369        0.29068424721177
O           -2.36475102370123        0.37738073735240       -0.23338947165059
C           -1.92892204661954       -0.96622324409669       -0.25236208394438
C           -0.66488357445822       -1.11784267890960       -1.10104798519449
H            2.77256553880322        0.99713973740845       -0.34984162040864
H            2.19566445308578        0.72789899766202        1.30926135515459
H            3.45635538273808       -0.31041948527152        0.63161652224134
H           -0.29229405231189        1.48618364282487       -1.55939429868259
H            0.68261659621718        1.78713345596929       -0.10050422883914
H           -1.77971999289129        2.23163997695288        0.26922647095925
H           -1.14971162078276        0.93855752483908        1.33418996606947
H           -2.75029896808622       -1.54797019183021       -0.67178350180395
H           -1.72624248806600       -1.30715000378490        0.77481113334945
H           -0.28217230941227       -2.13746231935590       -1.05875002579004
H           -0.89021297039493       -0.84515431866106       -2.13784112242764
20
 energy: -29.533708064695 gnorm: 0.002071197760 xtb: 6.7.1 (edcfbbe)
C            2.53902558254175        0.24328155378369        0.40927197270124
C            1.51774170758516       -0.74565046683233       -0.11434361508339
O            1.72286577888637       -1.94329521531446       -0.11066612688692
N            0.36691647746308       -0.22738281990038       -0.61208060430665
C           -0.07670526396424        1.14539940992913       -0.55142141794897
C           -1.35793310534791        1.21977893733789        0.29500126385379
O           -2.35926182155452        0.37519276210658       -0.21731125663432
C           -1.92242625115814       -0.96727827267449       -0.24789010513052
C           -0.66639177154289       -1.11631975452630       -1.10982884414431
H            2.77327297155384        0.99621037726108       -0.33986888835964
H            2.17470471667504        0.73056826741676        1.31186608724978
H            3.44216996104494       -0.31047013331745        0.65258647862788
H           -0.30692212577128        1.48597172115549       -1.56899736549888
H            0.68636357827182        1.79127695229718       -0.12400595909332
H           -1.77095470920341        2.22926924584016        0.28173610161116
H           -1.12406963921287        0.93603633403413        1.33467782226499
H           -2.74791438356117       -1.54803390542230       -0.66017977599549
H           -1.70795082555195       -1.31371545733307        0.77503692968497
H           -0.28220996946096       -2.13552614856266       -1.06944809859591
H           -0.90032090769212       -0.84531338727922       -2.14501866779025
20
 energy: -29.533719205026 gnorm: 0.001880721303 xtb: 6.7.1 (edcfbbe)
C            2.53177299624857        0.24448908770097        0.41362768195579
C            1.51503953869955       -0.74457658031116       -0.11772749823654
O            1.72081643802661       -1.94235997835981       -0.11447454814588
N            0.36825123512289       -0.22665398715314       -0.62182763497727
C           -0.07706382167693        1.14539768913764       -0.55805365307886
C           -1.35080704958294        1.21891764567597        0.29833876395478
O           -2.35500342102532        0.37429175450728       -0.20614692354642
C           -1.91858735418883       -0.96771475871815       -0.24531323985625
C           -0.66764155029465       -1.11572493383512       -1.11378859931368
H            2.77528067687988        0.99556206058875       -0.33424970510854
H            2.15853792880863        0.73455785855871        1.31094450865574
H            3.43152146948476       -0.30938553648594        0.66781473855035
H           -0.31478688871699        1.48470441806725       -1.57334269398407
H            0.68761547476783        1.79284258936336       -0.13720951993933
H           -1.76390516272718        2.22836485068479        0.28905578884922
H           -1.10705284729330        0.93534061319775        1.33457646148389
H           -2.74644192071036       -1.54647010568434       -0.65510632264527
H           -1.69820469566049       -1.31891355400725        0.77384082781906
H           -0.28466549261349       -2.13542682239397       -1.07328249253851
H           -0.90467555354774       -0.84724231053417       -2.14856000937296
20
 energy: -29.533695004992 gnorm: 0.003834009996 xtb: 6.7.1 (edcfbbe)
C            2.51500691819931        0.24515403903328        0.43020822225206
C            1.50626740272939       -0.74337584399905       -0.11643197510508
O            1.71098835546431       -1.94076552507262       -0.10968443180666
N            0.37197503319133       -0.22255007389570       -0.65315356136540
C           -0.07970079174793        1.14763317349907       -0.58270975181029
C           -1.33230753492243        1.21569791931345        0.30862312503060
O           -2.34845095602417        0.36913251048353       -0.17216660778440
C           -1.90657848482126       -0.97175069151566       -0.23531946285272
C           -0.67128906018957       -1.11015118815543       -1.13170609058857
H            2.78206103262547        0.98907016354271       -0.31763442464504
H            2.12235800471792        0.74512439448828        1.31438681763746
H            3.40642224191693       -0.31080572851883        0.71119891617972
H           -0.34570343475461        1.47965392515058       -1.59557365842990
H            0.69431207061474        1.80174938085552       -0.18536397659752
H           -1.75065956305954        2.22424312621774        0.31001808392708
H           -1.05732323405466        0.93116899376691        1.33809152923465
H           -2.74337242261672       -1.54676462214724       -0.63488855226022
H           -1.66192717412755       -1.33456113622987        0.77596585594152
H           -0.28692773165755       -2.13098115574267       -1.10178496935172
H           -0.92515067148294       -0.83692166107463       -2.16295915708029
20
 energy: -29.533726664852 gnorm: 0.001814738852 xtb: 6.7.1 (edcfbbe)
C            2.52380923898546        0.24497981332669        0.42179117870081
C            1.51174802577805       -0.74412738303046       -0.11726443861976
O            1.71903116957273       -1.94125935635303       -0.11599300443201
N            0.36965460983927       -0.22549737614047       -0.63494951445711
C           -0.07867870866470        1.14596073434146       -0.56917753922793
C           -1.34179529427831        1.21745472742791        0.30370662290071
O           -2.35214993979156        0.37183695664315       -0.18888846336493
C           -1.91346808633393       -0.96983254495010       -0.24023809859963
C           -0.66972559497287       -1.11296249870372       -1.12145914789677
H            2.78013076087047        0.99092957515641       -0.32681800301735
H            2.14061011640137        0.74189297353815        1.31094747688496
H            3.41884611338913       -0.30959407681574        0.69080811791993
H           -0.32945487592462        1.48060972293764       -1.58396449750569
H            0.69054858492824        1.79692142368249       -0.16003530484653
H           -1.75734498094169        2.22673341530979        0.29780465341117
H           -1.08300419068398        0.93430153480278        1.33646357887382
H           -2.74577152955613       -1.54572145047362       -0.64685445018271
H           -1.68233706351668       -1.32746082721165        0.77476832805233
H           -0.28696489195096       -2.13391483015826       -1.08652696445859
H           -0.91368346314879       -0.84125053333002       -2.15500459960948
20
 energy: -29.533732417143 gnorm: 0.001701059505 xtb: 6.7.1 (edcfbbe)
C            2.52906181329314        0.24482015352169        0.41721910832589
C            1.51528526260930       -0.74371382686373       -0.12058653697938
O            1.72384746336480       -1.94149535698994       -0.12130581156317
N            0.36831304190693       -0.22661289721299       -0.62515239490267
C           -0.07844720731991        1.14554795583169       -0.56190908682018
C           -1.34709478949281        1.21842266150305        0.30148196441151
O           -2.35392446989228        0.37345809717624       -0.19845445042019
C           -1.91724856750917       -0.96866002441205       -0.24304935841547
C           -0.66881764339707       -1.11464353446062       -1.11544399725258
H            2.78341916950361        0.98998597373648       -0.33353713627034
H            2.14768040508132        0.74248740549046        1.30718995127051
H            3.42490452094596       -0.31057903450572        0.68457938288216
H           -0.32144184108372        1.48138741929700       -1.57760116644874
H            0.68837369987737        1.79472165722814       -0.14713788199532
H           -1.76176150904154        2.22796037909062        0.29306800850239
H           -1.09721288818586        0.93477618851228        1.33615293768503
H           -2.74682588077070       -1.54543547977409       -0.65329578021896
H           -1.69378723454842       -1.32311738598738        0.77422373175883
H           -0.28680618783013       -2.13497400251637       -1.07765642384538
H           -0.90751715751032       -0.84433634866534       -2.14966912917867
20
 energy: -29.533736780124 gnorm: 0.000873464118 xtb: 6.7.1 (edcfbbe)
C            2.53108683714249        0.24482412474311        0.41568178198235
C            1.51737382700153       -0.74466196256912       -0.11999503457268
O            1.72852446018398       -1.94162259087572       -0.12651044288276
N            0.36722535836688       -0.22790094313914       -0.61925416622399
C           -0.07823812252184        1.14469335520005       -0.55820736687671
C           -1.34955966090305        1.21910128407129        0.30032162516981
O           -2.35540642468689        0.37419560546172       -0.20171636443602
C           -1.91939094705288       -0.96813410589468       -0.24390256697724
C           -0.66857107095845       -1.11537978970162       -1.11284818914140
H            2.78407789625703        0.98880490821363       -0.33567086812961
H            2.15183808749583        0.74367868371478        1.30490035438128
H            3.42669676279880       -0.30955142783336        0.68154998622452
H           -0.31730897548316        1.48037661816497       -1.57473150096294
H            0.68763250556299        1.79341178675258       -0.14120527776542
H           -1.76319123425560        2.22879992232193        0.28933600069885
H           -1.10364726524595        0.93676323329831        1.33590557575253
H           -2.74804883050549       -1.54464408642882       -0.65644349098637
H           -1.69942215097138       -1.32218083520520        0.77428060620693
H           -0.28676555881255       -2.13602830949158       -1.07444193062259
H           -0.90490549341176       -0.84454547080371       -2.14793280031330
20
 energy: -29.533741508174 gnorm: 0.000997166110 xtb: 6.7.1 (edcfbbe)
C            2.53092654469472        0.24483459963312        0.41646620164401
C            1.51859059314780       -0.74461669584482       -0.12186894153230
O            1.73186193791817       -1.94086321377852       -0.13331630342934
N            0.36706358737604       -0.22815846362027       -0.61852417695004
C           -0.07841604498075        1.14444581150755       -0.55841487155652
C           -1.34946156736938        1.21917216644654        0.30099708997185
O           -2.35581289695841        0.37427105364450       -0.20050159636252
C           -1.91981381565967       -0.96812081643442       -0.24328802955806
C           -0.66879069753974       -1.11535394397806       -1.11250141679544
H            2.78892652661323        0.98626439870290       -0.33595984683930
H            2.14774501465116        0.74691574217349        1.30229350887216
H            3.42457648748245       -0.31017245929952        0.68853040433825
H           -0.31869670198583        1.47918606431860       -1.57543098695098
H            0.68807044331638        1.79368379133147       -0.14280994815895
H           -1.76324236974012        2.22886031287667        0.28983974283629
H           -1.10267779215984        0.93710184286818        1.33669925588263
H           -2.74884636622564       -1.54411713627595       -0.65611249596155
H           -1.69989902429153       -1.32273860423644        0.77489773127574
H           -0.28700291321325       -2.13607675793168       -1.07413845972394
H           -0.90510094507529       -0.84451769210391       -2.14774093047673
20
 energy: -29.533746413344 gnorm: 0.000611363757 xtb: 6.7.1 (edcfbbe)
C            2.53025658929868        0.24482739656495        0.41805993632078
C            1.52136138755056       -0.74453154893833       -0.12717346359231
O            1.73911059287918       -1.94043701036312       -0.14722647107851
N            0.36659731906178       -0.22829569643373       -0.61807043865485
C           -0.07899268199370        1.14422400185458       -0.55895276419006
C           -1.34914775912401        1.21950587157774        0.30264511474540
O           -2.35600243525464        0.37473883160885       -0.19847589301469
C           -1.92019807590808       -0.96782634141075       -0.24206869904369
C           -0.66926845973650       -1.11554671873191       -1.11207205654898
H            2.80073774471442        0.97956818245088       -0.33687302151410
H            2.13771010146928        0.75520844803533        1.29513420233972
H            3.41863706104942       -0.31126176265776        0.70498705079488
H           -0.32110788009637        1.47740874507883       -1.57610548765350
H            0.68834722451290        1.79413999096445       -0.14609383705096
H           -1.76339193086660        2.22915418816187        0.29238208852732
H           -1.10125180317773        0.93685929385144        1.33826430704585
H           -2.74986485176886       -1.54323801191789       -0.65475052563008
H           -1.69990728829976       -1.32308674216457        0.77629941210219
H           -0.28751260222536       -2.13608028029091       -1.07347349317010
H           -0.90611225208410       -0.84533083724053       -2.14732003020906
20
 energy: -29.533747077700 gnorm: 0.000398935650 xtb: 6.7.1 (edcfbbe)
C            2.52908901036793        0.24474885290854        0.41920476591088
C            1.52102042719860       -0.74389796904543       -0.12900691275119
O            1.73891098207596       -1.93963887537048       -0.15003280414810
N            0.36674325164683       -0.22790578116180       -0.61972501996631
C           -0.07902129359425        1.14453614718489       -0.55988605286443
C           -1.34795740441272        1.21926506115775        0.30295424475949
O           -2.35532370340365        0.37436720900539       -0.19720195731708
C           -1.91923778542482       -0.96803655893307       -0.24116940385352
C           -0.66941009489826       -1.11554351738608       -1.11254542002106
H            2.80238953858911        0.97872879548775       -0.33535103020737
H            2.13409567747968        0.75580088307227        1.29462716718695
H            3.41604721895678       -0.31203233382261        0.70942425834761
H           -0.32351837719215        1.47711181026364       -1.57682248991041
H            0.68902066853502        1.79510749177531       -0.14888864448125
H           -1.76212900208709        2.22880231846755        0.29337858256729
H           -1.09891583061012        0.93639293804260        1.33820480551709
H           -2.74903943523116       -1.54376694672587       -0.65275001822023
H           -1.69791249415075       -1.32291109399004        0.77684574568278
H           -0.28710152286994       -2.13610770350056       -1.07473708142772
H           -0.90774983097450       -0.84502072743035       -2.14740680427816
