24
 energy: -32.347968618386 gnorm: 0.038072275750 xtb: 6.7.1 (edcfbbe)
C            0.24908275613700       -1.32192957359600       -1.23358476370200
C            0.52671784780600       -0.41043484348100       -0.28311333527800
O            1.79550677425000       -0.14514792420800        0.20030926422300
C            2.89728447214900       -0.87655836569100       -0.33181151063000
C            4.15829772505100       -0.39620907871600        0.36311338037100
C           -0.52671818496200        0.41043281923500        0.34596118162200
C           -0.24908305331500        1.32192676161300        1.29643336974500
O           -1.79550697679700        0.14514750207800       -0.13746284280100
C           -2.89728434745500        0.87655804653800        0.39465833132000
C           -4.15829750355900        0.39621195873800       -0.30026892237100
H           -0.76774637212100       -1.48869298268300       -1.57563683671600
H            1.00384048691200       -1.93412786921100       -1.70812253531700
H            2.76800533202100       -1.94808456982500       -0.14170573788500
H            2.98853010172800       -0.69420180937700       -1.40858550635700
H            4.30108346869100        0.67774320837800        0.20362693394400
H            5.03697242886200       -0.92891285443600       -0.01117527283100
H            4.08503954931600       -0.55066374521400        1.44476700962100
H            0.76774588972900        1.48868925828200        1.63848643517900
H           -1.00384061231700        1.93412600317900        1.77097045498800
H           -2.98853126183800        0.69419926590700        1.47143183914100
H           -2.76800360539800        1.94808458882700        0.20455477792800
H           -5.03697183934600        0.92891627954900        0.07402010864900
H           -4.30108527247600       -0.67774035362300       -0.14078426833300
H           -4.08503780306200        0.55066827773800       -1.38192205672000
24
 energy: -32.350286251813 gnorm: 0.015037615088 xtb: 6.7.1 (edcfbbe)
C            0.24722057342708       -1.31523813443523       -1.22728650980407
C            0.52428864349386       -0.41173146695474       -0.28481994068046
O            1.77878672754431       -0.13991696640414        0.20257608079268
C            2.87802802127562       -0.86666020865636       -0.32536693117899
C            4.14075351376971       -0.38487674375546        0.37127553679196
C           -0.52428892190214        0.41172977735875        0.34766750602377
C           -0.24722087551137        1.31523551833428        1.29013498796867
O           -1.77878684040949        0.13991662115774       -0.13972963460597
C           -2.87802788162264        0.86665996872309        0.38821370729130
C           -4.14075330135404        0.38487948786563       -0.30843095536478
H           -0.76569628097830       -1.46840847485553       -1.55520331963656
H            0.99748709062112       -1.92495655511818       -1.70015094054636
H            2.73813657733844       -1.94018679438738       -0.14633376813403
H            2.95740654157414       -0.69344010015686       -1.40600366717261
H            4.28602012878720        0.68112595870295        0.20099833670644
H            5.00586463856879       -0.92332189599203       -0.01105649883440
H            4.06939493616363       -0.55058489140460        1.44547632827039
H            0.76569578533102        1.46840478305058        1.61805287556168
H           -0.99748728355346        1.92495419721885        1.76299931636883
H           -2.95740761629439        0.69343781369396        1.46885002185387
H           -2.73813505324095        1.94018678718239        0.20918278775279
H           -5.00586404556480        0.92332524263655        0.07390118224280
H           -4.28602177395210       -0.68112328827040       -0.13815568182744
H           -4.06939330350525        0.55058936446714       -1.38263132204951
24
 energy: -32.350778679496 gnorm: 0.005417667649 xtb: 6.7.1 (edcfbbe)
C            0.24195032497536       -1.31340324490343       -1.22638768495153
C            0.52347553880586       -0.41318507172246       -0.28640020279969
O            1.76608580178998       -0.13521736181107        0.20501651227306
C            2.86184035114542       -0.85879228580940       -0.32039760082030
C            4.12540604615054       -0.37739698452660        0.37600704157386
C           -0.52347563332248        0.41318359718722        0.34924789676261
C           -0.24195052964263        1.31340063846750        1.28923636058419
O           -1.76608597841749        0.13521704720699       -0.14217004169507
C           -2.86184032343349        0.85879214967208        0.38324429602861
C           -4.12540588703802        0.37739958527738       -0.31316246372670
H           -0.77283799282919       -1.45279552725821       -1.54099397681863
H            0.98690101534425       -1.92392062721776       -1.70096834353347
H            2.71776260156678       -1.93412960160054       -0.14589936020634
H            2.93668378241154       -0.68936674911418       -1.40356510058290
H            4.26611069645299        0.68498406015013        0.20067240224892
H            4.98481867024597       -0.91845307460208       -0.00990101474994
H            4.04936776307243       -0.54739529978551        1.44582583404363
H            0.77283769795838        1.45279212583439        1.60384335062229
H           -0.98690118502827        1.92391804661062        1.76381707331373
H           -2.93668491948099        0.68936469468117        1.46641141468561
H           -2.71776127370293        1.93412961569364        0.20874818432932
H           -4.98481815636490        0.91845623496612        0.07274555263561
H           -4.26611217961107       -0.68498155805614       -0.13782973404284
H           -4.04936623104202        0.54739959066115       -1.38298089738404
24
 energy: -32.350826686638 gnorm: 0.002202896837 xtb: 6.7.1 (edcfbbe)
C            0.23785397834665       -1.31349928435012       -1.22719599765626
C            0.52380373847615       -0.41364608988595       -0.28679955549158
O            1.76418362516950       -0.13510354381329        0.20479800052877
C            2.85847039333273       -0.85814500991751       -0.32034357725117
C            4.12067184996807       -0.37523276046072        0.37732498956532
C           -0.52380402987367        0.41364460445769        0.34964702740291
C           -0.23785438961603        1.31349673162317        1.29004461704375
O           -1.76418365077822        0.13510329865960       -0.14195148175273
C           -2.85847023392678        0.85814493160658        0.38319025506120
C           -4.12067156720465        0.37523532252480       -0.31448036601999
H           -0.77980348836544       -1.44703193581861       -1.53650193514140
H            0.97931538853130       -1.92614317537987       -1.70448840497576
H            2.71444279592766       -1.93379916014652       -0.14576929001302
H            2.93342997970130       -0.68866118203736       -1.40381405021173
H            4.25830966971734        0.68764959337085        0.20215981281354
H            4.98146949270581       -0.91490986023599       -0.00697709886794
H            4.04160256477936       -0.54452573478067        1.44710712822921
H            0.77980293164248        1.44702852679825        1.59935134294280
H           -0.97931571755560        1.92614048169655        1.76733725605368
H           -2.93343105521521        0.68865929222114        1.46666037375110
H           -2.71444143431320        1.93379924397258        0.20861800098246
H           -4.98146893267738        0.91491292203361        0.06982165992346
H           -4.25831094685727       -0.68764713244646       -0.13931705154070
H           -4.04160096190889        0.54452992030925       -1.38426215758591
24
 energy: -32.350842270153 gnorm: 0.000658804174 xtb: 6.7.1 (edcfbbe)
C            0.23390751414151       -1.31333284932356       -1.22771812602028
C            0.52405786829890       -0.41397791834518       -0.28708363901316
O            1.76400075935644       -0.13622583145323        0.20365538653759
C            2.85774724565396       -0.85899629530363       -0.32131200816287
C            4.11797264437439       -0.37387842464532        0.37819557452685
C           -0.52405838145626        0.41397637807671        0.34993107100553
C           -0.23390803229831        1.31333026282728        1.29056678122515
O           -1.76400069777972        0.13622569024389       -0.14080874898060
C           -2.85774705362550        0.85899630465991        0.38415865794622
C           -4.11797228632846        0.37388091701673       -0.31535094933788
H           -0.78606601412379       -1.44231949278281       -1.53292811073008
H            0.97172498809041       -1.92831852929284       -1.70796282802068
H            2.71463868522741       -1.93476200318204       -0.14644439433744
H            2.93366806652170       -0.68938398197587       -1.40473172792886
H            4.25252904375552        0.68997055243687        0.20378548216498
H            4.98181381915234       -0.91093049982879       -0.00297858831323
H            4.03587990219533       -0.54187502859635        1.44839970040747
H            0.78606537243021        1.44231607305375        1.59577745164295
H           -0.97172535750350        1.92831585705105        1.77081172124153
H           -2.93366913645170        0.68938231006537        1.46757804520819
H           -2.71463731031968        1.93476217448157        0.20929296952627
H           -4.98181324412888        0.91093342851800        0.06582313812124
H           -4.25253013937470       -0.68996816430016       -0.14094262709973
H           -4.03587825580162        0.54187907059966       -1.38555473381917
24
 energy: -32.350844839104 gnorm: 0.000570964331 xtb: 6.7.1 (edcfbbe)
C            0.23200280936493       -1.31308807198601       -1.22780765928245
C            0.52389843372969       -0.41418103234097       -0.28731257924338
O            1.76439576912140       -0.13742624105897        0.20253605190150
C            2.85850140376857       -0.86013276591598       -0.32230553066693
C            4.11724035766778       -0.37332146227762        0.37861936730444
C           -0.52389891465203        0.41417960876402        0.35016011931956
C           -0.23200322996683        1.31308555265929        1.29065636137649
O           -1.76439572716298        0.13742613731257       -0.13968938366349
C           -2.85850129238809        0.86013282480582        0.38515211980903
C           -4.11724002588371        0.37332385508142       -0.31577477346944
H           -0.78855830389693       -1.44057164080507       -1.53163196032915
H            0.96792562904897       -1.92922312804788       -1.70951946827189
H            2.71617619524183       -1.93590808846459       -0.14740947783618
H            2.93518855518238       -0.69062693790084       -1.40559888556662
H            4.25027377988266        0.69098828424900        0.20450674522238
H            4.98321595612257       -0.90854112243626       -0.00036960386324
H            4.03364307905087       -0.54075233493500        1.44901496340241
H            0.78855774993960        1.44056817550131        1.59448140715995
H           -0.96792591750820        1.92922052151811        1.77236841316899
H           -2.93518968374619        0.69062545115000        1.46844516109217
H           -2.71617490980325        1.93590829445906        0.21025787824253
H           -4.98321544107838        0.90854390040975        0.06321410155946
H           -4.25027479509049       -0.69098599689489       -0.14166383607627
H           -4.03364147693816        0.54075621715471       -1.38617003349986
24
 energy: -32.350845226866 gnorm: 0.000086213614 xtb: 6.7.1 (edcfbbe)
C            0.23166783571720       -1.31308417378384       -1.22786185689347
C            0.52357949950012       -0.41431353119985       -0.28749899230145
O            1.76427610968143       -0.13775486812713        0.20219001949749
C            2.85867281219100       -0.86040423324660       -0.32254436690095
C            4.11699403185637       -0.37310388163530        0.37879183216173
C           -0.52358064967488        0.41431169936791        0.35034608514822
C           -0.23166859159627        1.31308149523001        1.29071039156013
O           -1.76427585565309        0.13775492461117       -0.13934313642860
C           -2.85867246923012        0.86040442150444        0.38539106955276
C           -4.11699348844646        0.37310633533810       -0.31594708752417
H           -0.78873954813251       -1.44071583069063       -1.53180641353189
H            0.96749892998961       -1.92923044322098       -1.70960120199017
H            2.71645099023037       -1.93619269479322       -0.14773068038440
H            2.93544818039700       -0.69099760385872       -1.40583316771596
H            4.24973246582592        0.69112099726440        0.20449035441847
H            4.98325954244621       -0.90804798112647        0.00012607376779
H            4.03309249825423       -0.54067229410213        1.44905182353226
H            0.78873870199174        1.44071217556397        1.59465555983944
H           -0.96749934428807        1.92922783250022        1.77245004280721
H           -2.93544920925167        0.69099631696345        1.46867957378403
H           -2.71644961659641        1.93619304892738        0.21057909766641
H           -4.98325889951524        0.90805077287589        0.06271851387707
H           -4.24973322234599       -0.69111865066707       -0.14164728290632
H           -4.03309070334449        0.54067616630603       -1.38620675324562
