39
 energy: -44.317894977643 gnorm: 0.061983373495 xtb: 6.7.1 (edcfbbe)
C           -0.09392328797100        2.12908333605600       -1.56622552868200
C            0.03245425597600        1.84245385009500       -0.26025872268900
C            1.01350363763200        2.60144996942200        0.62691913544500
C            2.42051772045900        1.96748031966400        0.70907778237500
C            2.30680971756100        0.48530509461000        0.92356922618100
C            2.38528182940400       -0.45103108624700       -0.04294730213500
C            2.93451632352500       -0.22732789737300       -1.42635142870800
C            1.70800136030200       -1.78881122743900        0.15328444354300
C            0.25688840904300       -1.70541566434700        0.66800107100600
C           -0.62871072428500       -0.72637331096600       -0.12753600115700
C           -0.78509308460900        0.75391724028400        0.38681768338700
C           -2.28707041283100        0.66972072062500        0.01219842865900
C           -2.18614812934000       -0.87996011139900        0.10969990546500
C           -2.64966832468800       -1.40996178177000        1.47030297298400
C           -2.89631556291800       -1.61270536214500       -1.02790900782700
H            0.50160118393000        2.91163938615100       -2.02713254961000
H           -0.76817895728800        1.58817626424300       -2.22126408250800
H            1.11773401582600        3.63447353674400        0.27017018158200
H            0.59229970013100        2.68629989626400        1.63720907225400
H            2.97793112004900        2.21634928143100       -0.19796678502600
H            2.97780242668700        2.41324329103400        1.54094125159600
H            1.90289614680800        0.20857637820500        1.89663538016400
H            2.12446806398500       -0.21440595870800       -2.16238470135300
H            3.62286913758500       -1.03906206066300       -1.68661974264800
H            3.50076990651600        0.70113719599400       -1.52413539874200
H            1.68295461134000       -2.32222585946200       -0.80628053281000
H            2.30891573351700       -2.40921604947100        0.82901359597000
H           -0.16619235140000       -2.71479155794100        0.58687427295000
H            0.24601259596800       -1.45400101980400        1.73499425992800
H           -0.38649343755000       -0.78737653235800       -1.19951981129600
H           -0.67730568308000        0.80824631654700        1.48080985751900
H           -2.55823488259200        1.03123269210800       -0.98598643389000
H           -2.96426876585500        1.15005542732400        0.72688064787800
H           -2.15524844921800       -0.89701371357300        2.30168634176000
H           -3.72928149928300       -1.26894756569700        1.59335758752300
H           -2.44128655234300       -2.48077042051100        1.56653233814900
H           -2.60721885882600       -1.21598144965400       -2.00730077518800
H           -3.98356492189200       -1.51359846848700       -0.93912837271200
H           -2.65002401027500       -2.67986309878700       -1.01602825933900
39
 energy: -44.325495419110 gnorm: 0.015440171865 xtb: 6.7.1 (edcfbbe)
C           -0.06025719557244        2.12041925421729       -1.56055042598659
C            0.06247247550901        1.82931577415804       -0.27125936970938
C            1.01262220852196        2.60290218027994        0.62283140009769
C            2.42036249657673        1.97199534887771        0.70407062276193
C            2.24761099797119        0.49653450748738        0.89000114594499
C            2.31993515201958       -0.42998689209191       -0.06377031530149
C            2.91741766014182       -0.22117333981690       -1.42475176589812
C            1.70825373643741       -1.79543567803766        0.15268463636369
C            0.26573515644167       -1.70809780115141        0.68345536896762
C           -0.63994856780968       -0.73658765404407       -0.07530958935409
C           -0.76999773226998        0.75373421718220        0.36902393474861
C           -2.27879995940739        0.66894948676683        0.04500851063885
C           -2.19166079726537       -0.87436602988153        0.08753776515635
C           -2.63490348453934       -1.41202348572614        1.44408630138349
C           -2.90308908335715       -1.61866915971874       -1.03437990594714
H            0.51014299322192        2.91446500817626       -2.01653096634095
H           -0.74706635462221        1.59849751863870       -2.20800225534195
H            1.11640313176970        3.62820848623922        0.25420314330264
H            0.58686598511351        2.66322319971617        1.63062086246514
H            2.97035047049426        2.20162138129200       -0.20936386229090
H            2.96501793822863        2.41753514996646        1.54363747137928
H            1.88177721373716        0.21222987384904        1.87049996465098
H            2.12562545436512       -0.20804859559672       -2.17371487135773
H            3.59695215677954       -1.04276258944630       -1.66682627082022
H            3.48131151436554        0.70592108144532       -1.50395574987387
H            1.69220767681971       -2.32330991203277       -0.80589112398562
H            2.30760188432169       -2.40020245623668        0.84262221138151
H           -0.16807760117679       -2.70954074213432        0.59773246281424
H            0.26183539356292       -1.44444704358876        1.74231328844295
H           -0.39545910791686       -0.77949691241599       -1.13889861198749
H           -0.65186971399148        0.80008926475921        1.45380427033329
H           -2.52548418503051        1.03226249109051       -0.95126353101832
H           -2.95552552653694        1.14283392164859        0.75832937100645
H           -2.14170656259517       -0.89598964861384        2.26725206956479
H           -3.70964561729581       -1.26581767867734        1.56070395279468
H           -2.43014564022902       -2.47815201214470        1.54048871025005
H           -2.60906790716028       -1.21826263845513       -2.00402470879366
H           -3.98461843414333       -1.51833609813011       -0.93830328154089
H           -2.65317822547938       -2.68003177785083       -1.01411085890286
39
 energy: -44.326661805462 gnorm: 0.006253907675 xtb: 6.7.1 (edcfbbe)
C           -0.04904608009625        2.11558657093688       -1.55418348467759
C            0.06614258220256        1.82488549208320       -0.26757484305822
C            1.00493585049856        2.60646821497390        0.62254654764495
C            2.41149713915874        1.97164534555876        0.69956383349653
C            2.22463354765963        0.50075444889593        0.87921047891020
C            2.29291974670922       -0.42230980541509       -0.07000197337277
C            2.89037829975717       -0.21511506574559       -1.42894962542836
C            1.69535868483733       -1.79116384984802        0.15287944135784
C            0.25747553920374       -1.71060094836964        0.69080640476532
C           -0.63374818116708       -0.73844101902944       -0.07491600084214
C           -0.75302127076354        0.74434350696520        0.37804678953033
C           -2.25985994524524        0.66731756294169        0.05452867869314
C           -2.17580706927343       -0.87152856534506        0.08673289668772
C           -2.62593598123223       -1.41683715308280        1.43597085977732
C           -2.89110050458391       -1.60993986778815       -1.03432793785231
H            0.52955930112849        2.89880475901613       -2.01297271626502
H           -0.70731362663441        1.57286337601465       -2.21010899811707
H            1.10192750159360        3.62841218426986        0.24841188949203
H            0.58195895386511        2.65395271904397        1.62966471646041
H            2.95727333302717        2.19448440594259       -0.21614532625590
H            2.95417676650266        2.41299660034440        1.54005436523112
H            1.83539245159845        0.22145428257976        1.84862921124068
H            2.10867490833299       -0.19889066955744       -2.18770807990890
H            3.56474419082269       -1.04161093216788       -1.65958144379213
H            3.45529191911169        0.70971266512428       -1.49701689254649
H            1.68540898302661       -2.32410112616573       -0.80063024852255
H            2.29736301626548       -2.38140432976106        0.85110491450047
H           -0.18211435062038       -2.70898879323850        0.61225909851143
H            0.26955663794199       -1.44086872143851        1.74735093747191
H           -0.38757084667789       -0.77569531637209       -1.13781694174690
H           -0.62811817232298        0.79227891315503        1.46104480933680
H           -2.49363774368014        1.04234760023431       -0.93933161974584
H           -2.93290770123976        1.13343443455341        0.77258489497162
H           -2.12949484306094       -0.90159867431283        2.25393570285718
H           -3.69972794231054       -1.27034154661430        1.54811656952525
H           -2.41968077158025       -2.48119962127155        1.52323819745134
H           -2.60207338153942       -1.21240100394355       -2.00463494679532
H           -3.97005374138972       -1.50919820700268       -0.93046724713974
H           -2.64345719982590       -2.66950786616506       -1.01031291184843
39
 energy: -44.327041754766 gnorm: 0.003396239493 xtb: 6.7.1 (edcfbbe)
C           -0.02136443234177        2.09042848524579       -1.55876547981876
C            0.07273951488164        1.81671173212275       -0.26593217002692
C            0.99552006664691        2.61397994025129        0.62480063192859
C            2.40074829609783        1.97456167460291        0.69828724237871
C            2.20692629040454        0.50551687610862        0.87350818540153
C            2.27402219530242       -0.41905849270848       -0.07429524371074
C            2.86536667693544       -0.21252397295018       -1.43554193331267
C            1.68866857922514       -1.79111527927480        0.15674279256089
C            0.25287531148790       -1.71445135758019        0.69736855670772
C           -0.62987495008593       -0.74006527677776       -0.07257650209810
C           -0.74255179634900        0.73880550425287        0.38812870585869
C           -2.24940111763945        0.67085681838474        0.06491183027458
C           -2.16772263124853       -0.86664719270006        0.08517543556210
C           -2.61853292200584       -1.42287017098918        1.43052004963325
C           -2.88278474569893       -1.59907506198407       -1.04015530079277
H            0.54082159287373        2.88911760956244       -2.01253369182620
H           -0.67302226532391        1.54356413805471       -2.21841433239307
H            1.08841599670219        3.63345185388741        0.24647574313922
H            0.57456346938256        2.65915303060658        1.63114025050077
H            2.94208941838133        2.19635411312423       -0.21926227619385
H            2.94816361487766        2.40945044174560        1.53714300045262
H            1.80937228485229        0.22844551978723        1.84016430293131
H            2.08504130072397       -0.19231008178018       -2.19536595854797
H            3.53535807974568       -1.04115622475886       -1.66524708101833
H            3.43051960926190        0.71110366921368       -1.50099264124599
H            1.68073957929040       -2.33164768936222       -0.79141804501726
H            2.29978187964521       -2.36633637301641        0.85874663525645
H           -0.18881639057102       -2.71178624150858        0.62713188496709
H            0.27238014127879       -1.44022868223949        1.75241894520639
H           -0.37478921013106       -0.77612279768933       -1.13368797998854
H           -0.60770526208375        0.78917450440678        1.46996998788478
H           -2.47540762274732        1.05921739689309       -0.92532078446564
H           -2.91830495061039        1.13154102502448        0.78888546916485
H           -2.12021837308381       -0.91309884290439        2.24959416773167
H           -3.69182400264594       -1.27803939124267        1.54171167317942
H           -2.41067897473063       -2.48718827521998        1.50680093075782
H           -2.59545753041442       -1.20089098445667       -2.01032881961432
H           -3.96099451210984       -1.49859595437880       -0.93316869197435
H           -2.63466220817618       -2.65822598975389       -1.01661948943515
39
 energy: -44.327249173588 gnorm: 0.003885229240 xtb: 6.7.1 (edcfbbe)
C           -0.00748826555337        2.07598492628896       -1.56028255521148
C            0.07001582555397        1.81849496110804       -0.26204505712867
C            0.98727123228009        2.62279457205822        0.62746837898621
C            2.39172493113844        1.97927753195591        0.69567975649322
C            2.19680405460711        0.51025889697270        0.86906172220163
C            2.26309746353959       -0.41743319038117       -0.07733513164007
C            2.84424009787619       -0.21118749691725       -1.44316578386291
C            1.68675203893290       -1.79166197075468        0.16315261892656
C            0.25172308227916       -1.71667044009758        0.70453897434831
C           -0.62727269242243       -0.74028647563839       -0.06822196843078
C           -0.73690618295477        0.73730685026206        0.39651212789862
C           -2.24498692426089        0.67403373322874        0.07697216739011
C           -2.16462330088918       -0.86353825427877        0.08286674543459
C           -2.61556224238773       -1.43006672162892        1.42514788252662
C           -2.87822987059349       -1.58890729202607       -1.04860874041015
H            0.56516261344696        2.86501374657248       -2.01677206058199
H           -0.63212924139960        1.50486830348943       -2.22850094267315
H            1.07827956677744        3.64156758503736        0.24862437039067
H            0.56910643490172        2.66865760070077        1.63422151510560
H            2.92816448100587        2.20251316524194       -0.22426338706047
H            2.94638626803238        2.40805183371566        1.53242062966768
H            1.80373472385473        0.23307908106657        1.83826617698939
H            2.05801049434910       -0.18681349696282       -2.19666829009783
H            3.50934138775330       -1.04129800066438       -1.67941682149240
H            3.40993385386127        0.71166722783157       -1.51166100825059
H            1.67960854367467       -2.34009803068843       -0.78034520351615
H            2.30591001966705       -2.35505352838948        0.86741667738874
H           -0.19031485076677       -2.71377664604873        0.63844897617849
H            0.27168698747090       -1.44062988900174        1.75905955465353
H           -0.36226374536778       -0.77578141142302       -1.12710469353748
H           -0.59255993578724        0.78774788281440        1.47707014727550
H           -2.46907248234713        1.07485042275926       -0.90857671220833
H           -2.91083453110814        1.12869717112989        0.80747803181326
H           -2.11621693842320       -0.92676483398132        2.24769777989108
H           -3.68859327990643       -1.28710706929231        1.53784715345120
H           -2.40607810428923       -2.49481513877987        1.49188447622998
H           -2.58900886602619       -1.18550869538125       -2.01623140598350
H           -3.95668594385132       -1.48943659699644       -0.94272115919940
H           -2.62812670266820       -2.64803031290239       -1.02991494195789
39
 energy: -44.327397553412 gnorm: 0.003075822758 xtb: 6.7.1 (edcfbbe)
C            0.00895980988066        2.05673308793507       -1.56274789536854
C            0.07251160648486        1.81540028249595       -0.26052570722495
C            0.98352165302491        2.62788072225495        0.62862412704946
C            2.38826597768416        1.98419013786320        0.69257096541078
C            2.19749123062754        0.51411554307085        0.86735649612785
C            2.26180013886544       -0.41628264710778       -0.07737696579496
C            2.82907019952136       -0.21009784384772       -1.44941465299514
C            1.68843522809468       -1.79050915385821        0.17117737305161
C            0.25281116833187       -1.71594918415505        0.71121136023399
C           -0.62589278832099       -0.73970186628109       -0.06455936554364
C           -0.73532927164167        0.73774082533757        0.40219957660944
C           -2.24455565422163        0.67536167423614        0.08604423451238
C           -2.16461480759588       -0.86271974701317        0.08207737278100
C           -2.61777514879720       -1.43729187208610        1.42084297627626
C           -2.87548083499215       -1.58041513688281       -1.05626100918360
H            0.58131174458887        2.84611943830724       -2.01985813530156
H           -0.61103674775960        1.48114627117131       -2.23046356812427
H            1.07256114060255        3.64673306506591        0.24881986927835
H            0.56552368383586        2.67620065109201        1.63574458671052
H            2.92079606822229        2.20921347409277       -0.22973346053054
H            2.94725296947318        2.41145885518009        1.52762868641735
H            1.81373158456249        0.23591221770619        1.84058319897933
H            2.03260313285139       -0.18216498693161       -2.19245857334715
H            3.48909199649349       -1.04149851890536       -1.69639737160588
H            3.39633417733773        0.71178602773992       -1.52425559850732
H            1.68221557885510       -2.34530598513152       -0.76905320327402
H            2.31025267646357       -2.34791250560328        0.87754955635108
H           -0.18854337715705       -2.71333665638661        0.64440313862007
H            0.26896768097072       -1.44010359614711        1.76601702296094
H           -0.35496875915701       -0.77577637402055       -1.12190013357132
H           -0.58659887182714        0.78846776764488        1.48189202151553
H           -2.47103281288927        1.08411063920141       -0.89564180354396
H           -2.90930307771258        1.12466478263359        0.82136163595217
H           -2.11858783841107       -0.93929775861610        2.24728368699901
H           -3.69085631243505       -1.29520741949338        1.53499938568984
H           -2.40777319320198       -2.50258852889911        1.48144263421332
H           -2.58262733129977       -1.16911054607067       -2.01986012143928
H           -3.95455731971191       -1.48226894100777       -0.95406713740834
H           -2.62397529964111       -2.63969619458506       -1.04525520297821
39
 energy: -44.327543158600 gnorm: 0.002149171118 xtb: 6.7.1 (edcfbbe)
C            0.02229030279746        2.03653462115105       -1.56381660262036
C            0.07491670000096        1.81110407575554       -0.25904088682167
C            0.98316036595124        2.62956445165498        0.62756430746120
C            2.38979397484703        1.99062759702364        0.68852985946066
C            2.20463921361029        0.51928501479901        0.86746953591581
C            2.26337840429829       -0.41348273894882       -0.07544492868115
C            2.81103718854708       -0.20769912283005       -1.45596271130446
C            1.69291539073110       -1.78765310827527        0.18249620839631
C            0.25533417441496       -1.71375938142610        0.71856186975697
C           -0.62501436677309       -0.73907906176924       -0.05951427123079
C           -0.73551556017828        0.73846153985767        0.40795873207522
C           -2.24573983654701        0.67582975069443        0.09563296273452
C           -2.16569541163206       -0.86272676259383        0.08238317354792
C           -2.62300831457169       -1.44695094941482        1.41536683909488
C           -2.87175882332613       -1.56975603759217       -1.06553775449352
H            0.59949610342201        2.82060976446643       -2.02466429674678
H           -0.59424489014215        1.45568231142452       -2.22867655067684
H            1.06871507652918        3.64880624935930        0.24648514533516
H            0.56573385312431        2.68012347522705        1.63551797636129
H            2.91800090469356        2.21595275254653       -0.23674183641065
H            2.95153698305164        2.42056799283985        1.52104259212196
H            1.83390943305243        0.24014202216552        1.84586854971462
H            2.00049920771175       -0.17449581963129       -2.18441025388593
H            3.46369873438374       -1.04113485358621       -1.71800435944116
H            3.38158532439882        0.71207941084707       -1.53935938110056
H            1.68940803602909       -2.34945722462441       -0.75410826476740
H            2.31407274922663       -2.33982178042530        0.89346098185849
H           -0.18410502656671       -2.71204126097716        0.64915389019927
H            0.26589223679360       -1.43783310952862        1.77364322133013
H           -0.35132741442949       -0.77610443970906       -1.11560980802128
H           -0.58412026180796        0.78899770101858        1.48695524616107
H           -2.47789451612162        1.09124153587137       -0.88200991250539
H           -2.90920148348558        1.11904475846567        0.83630711317576
H           -2.12573696602774       -0.95535112209542        2.24734978116741
H           -3.69634656629793       -1.30462947497355        1.52872231565975
H           -2.41441356007221       -2.51306640503604        1.46965316797041
H           -2.57454178227880       -1.14712474174583       -2.02331564888087
H           -3.95150785591254       -1.47325406913037       -0.96800533704251
H           -2.61984172144455       -2.62923356085565       -1.06590066487004
39
 energy: -44.327663697150 gnorm: 0.002424932365 xtb: 6.7.1 (edcfbbe)
C            0.03308001820012        2.01659047262273       -1.56482585330636
C            0.07862242985135        1.80543565328782       -0.25791522852546
C            0.98529865938581        2.62965824945689        0.62482329122811
C            2.39425316965967        1.99686408386560        0.68385349963329
C            2.21466329190980        0.52495847490510        0.86922853497680
C            2.26373174754093       -0.40933748283387       -0.07247717165550
C            2.78949762042348       -0.20372142878921       -1.46181789835095
C            1.69727409290058       -1.78364147514318        0.19487912732569
C            0.25729035733547       -1.71167571267145        0.72652966889422
C           -0.62372188537049       -0.73938677796297       -0.05407173244561
C           -0.73434664959318        0.73792758421864        0.41361911335447
C           -2.24535491532432        0.67545010124843        0.10558697714495
C           -2.16575418809992       -0.86340304088781        0.08297705321344
C           -2.62967106793659       -1.45794047621190        1.40837711803843
C           -2.86705921946497       -1.55800508541732       -1.07531980633812
H            0.61532094731105        2.79380675638753       -2.03134165752132
H           -0.58301610767531        1.43102532090141       -2.22508870206644
H            1.06556823242313        3.64890204816467        0.24147542528586
H            0.56955538109692        2.68088503870392        1.63381001524845
H            2.91895814661900        2.21991557949408       -0.24410569191894
H            2.95704301332277        2.43254436286151        1.51289963303657
H            1.85704067398488        0.24619310839317        1.85264154104038
H            1.96541348962959       -0.16346717632171       -2.17519484378922
H            3.43281967224907       -1.03999778194520       -1.73906044090348
H            3.36423773888235        0.71299781196344       -1.55318324841521
H            1.69893782907272       -2.35303113855895       -0.73735249332221
H            2.31669045882460       -2.32880548645817        0.91296642131974
H           -0.17946543216936       -2.71118142726246        0.65566192507665
H            0.26365733366078       -1.43443139701194        1.78144142507675
H           -0.34872904996309       -0.77685852543132       -1.10939481873847
H           -0.58106959718518        0.78874135065450        1.49221793939455
H           -2.48361945606094        1.09700254105018       -0.86815314878071
H           -2.90633301920574        1.11305680214983        0.85203583544859
H           -2.13514693835485       -0.97406533627474        2.24674526213057
H           -3.70338380279466       -1.31463469160413        1.51873497655502
H           -2.42353821633332       -2.52494591304671        1.45505523093379
H           -2.56603838255292       -1.12324949077647       -2.02661004603815
H           -3.94729930843100       -1.46270067280805       -0.98151541497333
H           -2.61540706776871       -2.61747482291288       -1.08813181726962
39
 energy: -44.327765880547 gnorm: 0.002274992047 xtb: 6.7.1 (edcfbbe)
C            0.04049736989702        1.99784080958800       -1.56619097813277
C            0.08309387017470        1.79885510866839       -0.25752679779177
C            0.98915054644554        2.62887973170414        0.62022055783940
C            2.40056637679472        2.00245679378588        0.67887269617142
C            2.22561156790389        0.53071485675057        0.87243836199231
C            2.26152144210757       -0.40454327908060       -0.06878704429072
C            2.76455217516735       -0.19856562920618       -1.46657920274877
C            1.70131521167131       -1.77953777858727        0.20830888374973
C            0.25869198222063       -1.71018393627477        0.73516052247319
C           -0.62203173456275       -0.74102741904406       -0.04855194749147
C           -0.73130679484655        0.73592173438438        0.41911130050513
C           -2.24313673970437        0.67518420751858        0.11584167835810
C           -2.16491358336202       -0.86382330861220        0.08325564006978
C           -2.63667916460414       -1.47020000698671        1.39981800836132
C           -2.86182202915308       -1.54493131533787       -1.08572145299645
H            0.62596496468870        2.76839156461952       -2.03964391999848
H           -0.57615622291676        1.40660547139784       -2.22106394735269
H            1.06356053330843        3.64742132409726        0.23360297823460
H            0.57580326690811        2.68040159712636        1.63009542381158
H            2.92259096476478        2.22136225308279       -0.25143940357325
H            2.96342076149198        2.44550889147501        1.50389861408248
H            1.88216527140999        0.25347371437163        1.86124374085716
H            1.92851886774673       -0.15002515322489       -2.16531763744563
H            3.39727906736791       -1.03804419774174       -1.75791465915931
H            3.34372434918955        0.71459196290569       -1.56499544854738
H            1.70964499017161       -2.35726786807126       -0.71857529381598
H            2.31953796046820       -2.31513747736869        0.93484849115295
H           -0.17489769109989       -2.71109781699611        0.66509140006906
H            0.26239463948505       -1.43020961633730        1.78939435694368
H           -0.34559095558819       -0.77911976778781       -1.10331114944387
H           -0.57525514869725        0.78753480443712        1.49745284937474
H           -2.48689367831501        1.10318968251584       -0.85392363472720
H           -2.90036662519556        1.10767584839150        0.86853003629490
H           -2.14522507937228       -0.99594654678090        2.24547078804177
H           -3.71069815668955       -1.32525363041832        1.50588959391242
H           -2.43386801919869       -2.53825901927376        1.43688904657888
H           -2.55772458505677       -1.09828454250264       -2.03038227889052
H           -3.94235514860722       -1.45039483049640       -0.99447366086313
H           -2.61068482241427       -2.60415721669197       -1.11103651160814
39
 energy: -44.327843346353 gnorm: 0.001631392700 xtb: 6.7.1 (edcfbbe)
C            0.04450492398709        1.98058499942393       -1.56855129907656
C            0.08814398767325        1.79190703134798       -0.25835328388274
C            0.99389813195918        2.62836224520603        0.61346455664229
C            2.40745750811790        2.00724729261902        0.67364320250561
C            2.23711019283904        0.53617862947900        0.87693099034594
C            2.25735075908249       -0.39991065441045       -0.06405475377604
C            2.73625955565636       -0.19298260332239       -1.47018747263948
C            1.70503818895589       -1.77577312385037        0.22338971907740
C            0.25972693986909       -1.70967142740074        0.74530185245536
C           -0.61941426567863       -0.74401326942476       -0.04293100225844
C           -0.72573731814214        0.73263775175264        0.42449357258619
C           -2.23871091519459        0.67490290230406        0.12734283243359
C           -2.16292392935081       -0.86413628406643        0.08278402832430
C           -2.64366842916951       -1.48395702166833        1.38939770950306
C           -2.85632213168419       -1.53007226671170       -1.09727837657475
H            0.63072168003706        2.74525579589717       -2.05005959237888
H           -0.57357350149420        1.38320783192188       -2.21717488711050
H            1.06321025885549        3.64524335409174        0.22201925317882
H            0.58279511804350        2.68156222073854        1.62381580304399
H            2.92783072932301        2.22102565869479       -0.25851449149878
H            2.96963740654384        2.45837735348455        1.49450999341636
H            1.90952752437160        0.26133258113326        1.87171627502457
H            1.88910822424168       -0.13550411552060       -2.15414649294335
H            3.35764355081907       -1.03561187908212       -1.77504482884942
H            3.31956329048327        0.71655602848810       -1.57547817213934
H            1.72092173132279       -2.36281610598104       -0.69714277834714
H            2.32298094832113       -2.29932703941144        0.95887719493800
H           -0.17051263796872       -2.71209249887540        0.67808675649677
H            0.26133023597998       -1.42552432203957        1.79843677100910
H           -0.34027054849513       -0.78364195508792       -1.09696752871282
H           -0.56497113300764        0.78547024095149        1.50238975864393
H           -2.48737577748286        1.11065090407691       -0.83783343527773
H           -2.89108341246205        1.10216819652865        0.88707914428033
H           -2.15502250426765       -1.02177666632531        2.24323323242485
H           -3.71780991537949       -1.33670336467223        1.49092499421596
H           -2.44488881560531       -2.55319637535059        1.41422421923743
H           -2.54945837195530       -1.07137284735991       -2.03504260105693
H           -3.93700559061800       -1.43565343044325       -1.00776696189413
H           -2.60601168852719       -2.58893376713610       -1.13553390137004
39
 energy: -44.327891915872 gnorm: 0.001218854482 xtb: 6.7.1 (edcfbbe)
C            0.04202577687239        1.96709077717134       -1.57225930754185
C            0.09312269370634        1.78522634888411       -0.26120092789321
C            0.99958873110959        2.62856093436373        0.60305648796288
C            2.41462739782044        2.01091144602083        0.66828154762399
C            2.24869844185710        0.54093591662899        0.88262715058901
C            2.25166435907886       -0.39644281104191       -0.05750738873235
C            2.70471048517061       -0.18863699274798       -1.47188209473972
C            1.70905536020976       -1.77328172398518        0.24159341200867
C            0.26090625049425       -1.71019739202607        0.75762186151711
C           -0.61532437460096       -0.74846534061278       -0.03752185540370
C           -0.71704225814572        0.72812114326791        0.42958082459392
C           -2.23173782408984        0.67458091095269        0.14096722953567
C           -2.15940500072119       -0.86419580697872        0.08141119334313
C           -2.65005129244114       -1.50010507422152        1.37647753834405
C           -2.84994332980369       -1.51235238726456       -1.11059697953166
H            0.62462792759186        2.72831086398993       -2.06275021953711
H           -0.57851496883461        1.36343624690521       -2.21356779521951
H            1.06645733772268        3.64225589936229        0.20390587078882
H            0.58953046355787        2.68743006605560        1.61310005589496
H            2.93530314006270        2.21875697930557       -0.26478571425217
H            2.97488214771902        2.47043633692794        1.48549489461417
H            1.93963432958243        0.26927513100320        1.88410149991709
H            1.84661815024190       -0.12256061074318       -2.14017680902301
H            3.31432446438430       -1.03409797991680       -1.78992984029967
H            3.29124734996917        0.71759273207866       -1.58506110759797
H            1.73312101647365       -2.37084389686594       -0.67144725418651
H            2.32739542478516       -2.28231653153487        0.98642913085749
H           -0.16603175211525       -2.71411925991964        0.69515296459748
H            0.25982368934324       -1.42023888244733        1.80922051645425
H           -0.33157333355135       -0.79144815063438       -1.09035429031619
H           -0.54825897624749        0.78250525545762        1.50647123189070
H           -2.48543254087281        1.12023401038458       -0.81833719814465
H           -2.87796399259589        1.09562968338821        0.90919890616438
H           -2.16354112188158       -1.05338522645878        2.23947257494229
H           -3.72395757513391       -1.34923747203806        1.47385239482027
H           -2.45658495250046       -2.57063671630772        1.38562195733073
H           -2.54007001811668       -1.04093618954593       -2.04082401253638
H           -3.93062616788643       -1.41696861611817       -1.02240973894239
H           -2.60130545821512       -2.57082362073973       -1.16302670989647
39
 energy: -44.327918788289 gnorm: 0.000953414367 xtb: 6.7.1 (edcfbbe)
C            0.03324144541583        1.97104880773118       -1.57408981913814
C            0.09290463573707        1.78567014308588       -0.26375260732439
C            1.00129403207374        2.62980532402495        0.59744720663216
C            2.41549751055640        2.01007961662844        0.66729807922339
C            2.25020354256313        0.54056415495431        0.88427921470741
C            2.25080185148466       -0.39800667661286       -0.05442880178766
C            2.69851006333100       -0.19117834829745       -1.47012122612830
C            1.71022319208280       -1.77463717363384        0.24783532850283
C            0.26139285283009       -1.71116679931288        0.76155032191821
C           -0.61285169389901       -0.74990287937783       -0.03690370268599
C           -0.71299606206759        0.72698720910092        0.42989808890175
C           -2.22853714032609        0.67412284891196        0.14555976993224
C           -2.15706638247363       -0.86423182496917        0.08043678491021
C           -2.64985004430234       -1.50487068514397        1.37219379858922
C           -2.84734952344216       -1.50697653956703       -1.11446369287014
H            0.61076299400123        2.73479684807151       -2.06645834300470
H           -0.58972176865593        1.36769173445726       -2.21316277969216
H            1.07141544324418        3.64139143400105        0.19372013332193
H            0.58992790910843        2.69464147738098        1.60667282360045
H            2.93875924403670        2.21637305760823       -0.26472366723566
H            2.97394498170360        2.47079483561090        1.48495059511545
H            1.94534328184444        0.27007626733624        1.88690223999714
H            1.83842982474662       -0.12517114921217       -2.13511561454754
H            3.30645224325833       -1.03681108360430       -1.78966805165316
H            3.28442991358350        0.71503607453108       -1.58625220742144
H            1.73613656713231       -2.37495206375472       -0.66311837910930
H            2.32834341750004       -2.27994912986995        0.99475729750781
H           -0.16563924620714       -2.71506670858711        0.70070020350186
H            0.25863176238344       -1.41904739722486        1.81255061056774
H           -0.32689316655496       -0.79516168694261       -1.08900596950570
H           -0.53984445349949        0.78183944438881        1.50592805054223
H           -2.48433977820213        1.12338527794912       -0.81127240884496
H           -2.87258066612078        1.09260743652118        0.91688710059207
H           -2.16287114298492       -1.06359788737656        2.23731978492816
H           -3.72339144688323       -1.35201915147568        1.46964638635133
H           -2.45864405717557       -2.57560455257734        1.37595498910879
H           -2.53604774930609       -1.03280380853432       -2.04267681009797
H           -3.92796703533986       -1.41032184915822       -1.02682841317778
H           -2.60005535117752       -2.56543459706196       -1.17044631423091
39
 energy: -44.327950698362 gnorm: 0.000683324753 xtb: 6.7.1 (edcfbbe)
C            0.01483212329778        1.98184093876188       -1.57741807065327
C            0.09128322463250        1.78818075807158       -0.26859081374274
C            1.00399732235657        2.63285310604562        0.58722320093040
C            2.41590766261501        2.00802658515098        0.66639869142045
C            2.24986246657209        0.53918587516368        0.88691420923787
C            2.25008776054246       -0.40216734451315       -0.04932338992803
C            2.69079815834108       -0.19843606000209       -1.46776506925024
C            1.71261493660569       -1.77872881507787        0.25915500112466
C            0.26224342051277       -1.71225558866645        0.76732384530421
C           -0.60805412984115       -0.75096106392932       -0.03678013029111
C           -0.70663231606060        0.72632499614347        0.43014282430388
C           -2.22369000115461        0.67363451924947        0.15359919455323
C           -2.15256953310988       -0.86406206479989        0.07905618013247
C           -2.64776283484164       -1.51299162506983        1.36588617805706
C           -2.84143629870458       -1.49845246201568       -1.12119998444074
H            0.58281353723890        2.75174624076283       -2.07181456802064
H           -0.61258328918769        1.37984433493542       -2.21351411777669
H            1.08173127622005        3.64049162447121        0.17467312142329
H            0.58972955485902        2.70989406972243        1.59477848414056
H            2.94472504416031        2.21161147753754       -0.26343012913433
H            2.97093372327352        2.46965342636838        1.48597530411986
H            1.95033744115874        0.27006484402493        1.89164165109104
H            1.82663303620709       -0.13413254936679       -2.12826906591831
H            3.29774179961431       -1.04449978344989       -1.78915051055647
H            3.27559087229062        0.70808847348365       -1.58898021430537
H            1.74186384661119       -2.38470085660506       -0.64825405643017
H            2.32933742883956       -2.27825507219533        1.01127916191976
H           -0.16613335916231       -2.71557443015318        0.70760784997723
H            0.25587734173485       -1.41723799953389        1.81753402757545
H           -0.31851942775947       -0.79934286718844       -1.08766217007797
H           -0.52589130552014        0.78211132469392        1.50462296098597
H           -2.48538845718477        1.12963446383275       -0.79847506774453
H           -2.86359076160702        1.08656516450280        0.93147916270641
H           -2.15902884691790       -1.08046243786179        2.23449980192717
H           -3.72068003349183       -1.35611776134413        1.46433233000684
H           -2.46140792786597       -2.58455110369005        1.36100628549110
H           -2.52674704600452       -1.01977228066648       -2.04616550056200
H           -3.92207041395531       -1.39969786551879       -1.03557356380330
H           -2.59675599531569       -2.55735219127522       -1.18276304379667
39
 energy: -44.327958169309 gnorm: 0.000572670180 xtb: 6.7.1 (edcfbbe)
C            0.00648474339858        1.98637002474087       -1.57819264859147
C            0.08993959933728        1.78990884164424       -0.27043918630322
C            1.00528913991301        2.63455576008570        0.58235823647900
C            2.41583029434718        2.00688513930062        0.66475125599583
C            2.25007002413045        0.53845624655454        0.88733393204115
C            2.25135820327201       -0.40439818490079       -0.04718076245882
C            2.68909424353907       -0.20251180323485       -1.46683565676605
C            1.71363824575662       -1.77997246176148        0.26433698416442
C            0.26232032045790       -1.71249769324226        0.76970662278322
C           -0.60595319557479       -0.75037118112860       -0.03549800772463
C           -0.70476579526898        0.72718089741120        0.43069304613343
C           -2.22258358468330        0.67333932297368        0.15849816531532
C           -2.15062104566572       -0.86406776627344        0.07853819238452
C           -2.64716623174604       -1.51700172465990        1.36279732678681
C           -2.83812340903898       -1.49437680785432       -1.12466597736203
H            0.57165841934599        2.75771177134158       -2.07347472497733
H           -0.62461749510854        1.38659057748837       -2.21241656092799
H            1.08602233102122        3.64042471714114        0.16613144995926
H            0.59059485674971        2.71677262270256        1.58930785936185
H            2.94681516669051        2.20852036165160       -0.26430892928705
H            2.96990836479618        2.46915226362148        1.48465472405120
H            1.95023639357555        0.27028604232250        1.89209433744305
H            1.82388531806925       -0.14079068390865       -2.12604982486505
H            3.29626084207232       -1.04850145769605       -1.78774930774085
H            3.27247526095818        0.70440905954743       -1.59099154003757
H            1.74514883514068       -2.38870528259454       -0.64102332060143
H            2.32875598772559       -2.27743073459401        1.01892078381792
H           -0.16733267335910       -2.71521130048369        0.70918850636300
H            0.25425681318976       -1.41725662680133        1.81975098738616
H           -0.31526218412635       -0.79906717417586       -1.08590481322735
H           -0.52112485315730        0.78382836131248        1.50453125427953
H           -2.48854006129386        1.13233673209127       -0.79084137543653
H           -2.86026000901756        1.08280028479632        0.94002409986081
H           -2.15769311911645       -1.08824312505931        2.23286080823493
H           -3.71980010670791       -1.35872532496727        1.46202636726579
H           -2.46256268173870       -2.58875957579718        1.35450344647371
H           -2.52086120610440       -1.01341353143950       -2.04755343909499
H           -3.91884896443284       -1.39499174370830       -1.04115346394021
H           -2.59392678734720       -2.55323484244696       -1.18872884724204
39
 energy: -44.327962723052 gnorm: 0.000349826449 xtb: 6.7.1 (edcfbbe)
C            0.00255136015772        1.98742570707291       -1.57785896295237
C            0.08851237900502        1.79099198589970       -0.27032500567062
C            1.00581884330031        2.63549868794694        0.58050878840776
C            2.41590490275875        2.00702254644116        0.66268191335259
C            2.24892519405853        0.53892078940992        0.88617706407051
C            2.25090420167719       -0.40515330247642       -0.04714529799796
C            2.68905775772871       -0.20566932170479       -1.46680215902581
C            1.71399612930970       -1.78056634462422        0.26692215575891
C            0.26217411917554       -1.71174548613947        0.77071410731056
C           -0.60528894842205       -0.74913857452747       -0.03473102753436
C           -0.70475370206013        0.72819348567270        0.43235651588126
C           -2.22281491668658        0.67352480160714        0.16178687235176
C           -2.14991568474418       -0.86364984994365        0.07874167711076
C           -2.64727373708687       -1.51970780174689        1.36107393253554
C           -2.83534358553735       -1.49163424073303       -1.12678876359092
H            0.56693703556355        2.75896028728837       -2.07374197209030
H           -0.62979313616393        1.38795114395389       -2.21123450055296
H            1.08751382619013        3.64052176365929        0.16260551221317
H            0.59195483014927        2.71982853187237        1.58757583956356
H            2.94666215795128        2.20726880147168       -0.26682077399439
H            2.97082282179786        2.46943816919072        1.48198222959875
H            1.94989801209389        0.27127200753696        1.89162829657203
H            1.82359508021245       -0.14593099048420       -2.12585031847765
H            3.29679699523575       -1.05182619579830       -1.78633651376443
H            3.27156117917416        0.70153764613976       -1.59264598587211
H            1.74691598606879       -2.39170112714087       -0.63676673625619
H            2.32831398675051       -2.27591817635853        1.02376283485117
H           -0.16798370508827       -2.71414413162968        0.70904380748897
H            0.25330608102428       -1.41729931693887        1.82100086254984
H           -0.31393075170842       -0.79715850128239       -1.08501810100203
H           -0.51987405930070        0.78543011714217        1.50597571467307
H           -2.49152156039298        1.13489154407846       -0.78564485635812
H           -2.85922201211618        1.08004934273255        0.94578338105802
H           -2.15783492528356       -1.09312767937161        2.23225731511330
H           -3.71984801973080       -1.36112361083243        1.46034603470640
H           -2.46323558291969       -2.59158133363839        1.35044286859747
H           -2.51634699057806       -1.00891954238806       -2.04813522145667
H           -3.91615853169660       -1.39237880127055       -1.04504121432901
H           -2.59098302986803       -2.55035303008764       -1.19248031284321
39
 energy: -44.327967745460 gnorm: 0.000288156107 xtb: 6.7.1 (edcfbbe)
C            0.00057803857917        1.98645414480627       -1.57681545970706
C            0.08708532246881        1.79176583350188       -0.26905330346850
C            1.00605223117220        2.63647628667948        0.57994432929891
C            2.41606298337901        2.00772255913179        0.65920554055432
C            2.24913639343356        0.53993525792721        0.88451464422445
C            2.25147025752162       -0.40560657367398       -0.04743697812305
C            2.68999510342126       -0.20896859490055       -1.46749358532410
C            1.71415984761672       -1.78024598444598        0.26916823834629
C            0.26185647516685       -1.71088121063851        0.77191889307222
C           -0.60517112262022       -0.74744626331868       -0.03285062372797
C           -0.70575873881171        0.72959549464973        0.43508167591490
C           -2.22404266263992        0.67400512289694        0.16556022274902
C           -2.14989247588929       -0.86299497504579        0.07907162132377
C           -2.64812118218322       -1.52242787215264        1.35923460898800
C           -2.83277868065241       -1.48875180888129       -1.12904656494301
H            0.56560475292385        2.75691198708809       -2.07374984022900
H           -0.63250959919644        1.38665883242163       -2.20925968609451
H            1.08673904054120        3.64138169467743        0.16158314241946
H            0.59435000000416        2.72085313947076        1.58785727081226
H            2.94456103924293        2.20685781227209       -0.27180325635708
H            2.97313716071811        2.47072042551476        1.47672415198435
H            1.94842584178904        0.27367968094690        1.88977302375925
H            1.82452761182627       -0.15166136525866       -2.12711021456748
H            3.29892698894274       -1.05523981672618       -1.78488188793333
H            3.27171041947664        0.69853967488346       -1.59510917492166
H            1.74798199283752       -2.39350185061544       -0.63294305541001
H            2.32790858566351       -2.27363732325198        1.02773054673751
H           -0.16873505755518       -2.71304048077709        0.70873308061735
H            0.25249416861877       -1.41769390270811        1.82260193305349
H           -0.31308773022689       -0.79398382264722       -1.08302699966167
H           -0.52013707979370        0.78716669248787        1.50859484517203
H           -2.49500836389118        1.13790674507578       -0.77998739338404
H           -2.85958052983267        1.07731418671165        0.95185643947775
H           -2.15954923466647       -1.09787142117177        2.23200159154331
H           -3.72083588624233       -1.36428804902243        1.45779503755133
H           -2.46397121265808       -2.59432872386452        1.34612036517672
H           -2.51215943019145       -1.00380456040957       -2.04864807755023
H           -3.91379798488312       -1.39035650383402       -1.04930043569884
H           -2.58762728341065       -2.54721446780001       -1.19655466567893
39
 energy: -44.327972920488 gnorm: 0.000391411637 xtb: 6.7.1 (edcfbbe)
C           -0.00113616233594        1.98467241011977       -1.57481930384711
C            0.08553168307780        1.79243080029945       -0.26675357232016
C            1.00601503083654        2.63768629958659        0.58013778364611
C            2.41640180167582        2.00923847084227        0.65356716674803
C            2.24905036198264        0.54191332679361        0.88139861914434
C            2.25159950844818       -0.40573718204801       -0.04832859473699
C            2.69193708504868       -0.21301291713707       -1.46837258398490
C            1.71407004153520       -1.77958415047037        0.27174236194199
C            0.26146565645169       -1.70986356255547        0.77410963454274
C           -0.60506070348945       -0.74572736690681       -0.03015991078730
C           -0.70673898924472        0.73086698495620        0.43886643240369
C           -2.22525136402608        0.67431109095931        0.17029811704938
C           -2.14988436971794       -0.86243767018354        0.07937077463558
C           -2.65015913837604       -1.52600524170588        1.35654027355015
C           -2.83037316092160       -1.48478324446327       -1.13188247246997
H            0.56461080702308        2.75355647872998       -2.07340126991303
H           -0.63516724566033        1.38445407421879       -2.20578283043810
H            1.08436702418182        3.64303153172861        0.16239882630234
H            0.59782717675102        2.72059913763521        1.58959401965044
H            2.94047232841514        2.20688212038189       -0.28025655902671
H            2.97747890396652        2.47307128717227        1.46791347359971
H            1.94782519112397        0.27779842624953        1.88730650872119
H            1.82766561620324       -0.15996447798290       -2.12981064156748
H            3.30304855367524       -1.05921605099722       -1.78165573228974
H            3.27219469584713        0.69509847628099       -1.59832274945087
H            1.74852566716256       -2.39519807820802       -0.62866220972652
H            2.32765178158299       -2.27061602399342        1.03185711999726
H           -0.16944321477201       -2.71183705376110        0.70985734222852
H            0.25170829882202       -1.41763600072054        1.82510536596009
H           -0.31171608588591       -0.79052452682004       -1.08004880041947
H           -0.52054547504388        0.78885729566321        1.51225228069178
H           -2.49799271139592        1.14113283910573       -0.77318549194686
H           -2.86014519849396        1.07418170257070        0.95880367661206
H           -2.16327668692471       -1.10393535365815        2.23142803937987
H           -3.72316634895592       -1.36889538279039        1.45387986325901
H           -2.46531325035349       -2.59768620636253        1.34048632099474
H           -2.50837685104388       -0.99669527405984       -2.04929679603307
H           -3.91165728553851       -1.38761057846913       -1.05402866600335
H           -2.58404297163198       -2.54281641000112       -1.20214581610121
39
 energy: -44.327976901029 gnorm: 0.000347198942 xtb: 6.7.1 (edcfbbe)
C           -0.00348763822324        1.98368558824421       -1.57298160531353
C            0.08396351157856        1.79299760304061       -0.26473560617893
C            1.00596312721031        2.63831912777561        0.58031780717585
C            2.41694235893633        2.01061178010381        0.64803717693559
C            2.25023999180368        0.54372145792230        0.87894402127154
C            2.25227206939168       -0.40612508296530       -0.04851805978071
C            2.69367875350257       -0.21724247272586       -1.46880404628790
C            1.71415003084484       -1.77900990078017        0.27451297302751
C            0.26147358300094       -1.70848194808780        0.77683618830793
C           -0.60515782782898       -0.74468020092949       -0.02787122281354
C           -0.70739093770998        0.73157362097002        0.44211112655369
C           -2.22611083562053        0.67471561064052        0.17448384763508
C           -2.15010823578896       -0.86174902156528        0.07954164779497
C           -2.65201741079227       -1.52979651945483        1.35374146812844
C           -2.82847918455588       -1.48060979460110       -1.13470027470109
H            0.56128907907241        2.75241205010337       -2.07285206482465
H           -0.63756718846109        1.38217985448199       -2.20274518566604
H            1.08192107294963        3.64432629055948        0.16367544473535
H            0.60125287943555        2.71951957906501        1.59132463488847
H            2.93616152996003        2.20698975444562       -0.28872293268209
H            2.98200291191873        2.47575326318570        1.45889453135414
H            1.94774239743710        0.28238686614971        1.88497685752362
H            1.83018848185031       -0.16854134426047       -2.13175780334967
H            3.30724718985981       -1.06319148202325       -1.77820956110416
H            3.27213226229153        0.69167098490018       -1.60109570939991
H            1.74849404855421       -2.39642973256477       -0.62463943140204
H            2.32790885436533       -2.26835621737529        1.03543172857392
H           -0.16938769957106       -2.71048419641817        0.71302531338925
H            0.25165694913374       -1.41600844017165        1.82778803477950
H           -0.31033198374861       -0.78876681709112       -1.07734327905716
H           -0.52003069014710        0.78959567836507        1.51532284994822
H           -2.49989888469880        1.14411129278865       -0.76738673116580
H           -2.86052135989408        1.07199549746237        0.96469944443377
H           -2.16692053578334       -1.11045612611952        2.23095106244535
H           -3.72526618087217       -1.37336692498310        1.44952054662893
H           -2.46684237299957       -2.60143596374536        1.33433053543846
H           -2.50594315624069       -0.98911408998970       -2.05010390590610
H           -3.90989912105664       -1.38448398620020       -1.05764220506276
H           -2.58131983910524       -2.53823563815249       -1.20835761627739
39
 energy: -44.327979870421 gnorm: 0.000231289029 xtb: 6.7.1 (edcfbbe)
C           -0.00671296421178        1.98430776243879       -1.57155333198909
C            0.08271836906368        1.79369033041046       -0.26337574171456
C            1.00587368362486        2.63904695516107        0.58031060088058
C            2.41727565028806        2.01183096121649        0.64291583597588
C            2.25114176201512        0.54534047940627        0.87693386632261
C            2.25263230549118       -0.40663513837973       -0.04835056402924
C            2.69500751772066       -0.22135138090084       -1.46882965903279
C            1.71413062408481       -1.77878249953591        0.27738699908042
C            0.26157365142908       -1.70757123536227        0.77997162985677
C           -0.60453761969270       -0.74425420657175       -0.02611789607753
C           -0.70723204429542        0.73177775174085        0.44437395783105
C           -2.22614764190237        0.67451270876617        0.17814749529293
C           -2.14965141185237       -0.86166660565114        0.07951109645179
C           -2.65362207273064       -1.53341353139413        1.35087632390747
C           -2.82712460132727       -1.47645374217470       -1.13737535909989
H            0.55716886213953        2.75279831330365       -2.07272035073934
H           -0.64161851660000        1.38245677146701       -2.20004620062564
H            1.08002243191368        3.64565963021084        0.16470727765740
H            0.60416561235512        2.71860976238294        1.59266269812443
H            2.93225174297683        2.20691726794384       -0.29640869732707
H            2.98570634815127        2.47837452340858        1.45056690949232
H            1.94920482192966        0.28645820965484        1.88385296933767
H            1.83213904695236       -0.17732358790389       -2.13298376788409
H            3.31119705826326       -1.06679282604446       -1.77454988922450
H            3.27136768114941        0.68852858942562       -1.60364785233416
H            1.74798480806351       -2.39769099817124       -0.62081378270784
H            2.32809452636177       -2.26698085443146        1.03891582602876
H           -0.16931591645047       -2.70968804392856        0.71798818256259
H            0.25205409994252       -1.41328432219716        1.83044552423232
H           -0.30825133474037       -0.78844618045037       -1.07515278189612
H           -0.51863750820077        0.78966497237530        1.51734515108249
H           -2.50096174494405        1.14603712875191       -0.76239940888453
H           -2.86008475721241        1.06980227739005        0.96982086343948
H           -2.16988250962609       -1.11691853273061        2.23014250731210
H           -3.72705336064323       -1.37743674326686        1.44541983903791
H           -2.46832056452383       -2.60493219917165        1.32821811639475
H           -2.50437909235964       -0.98147383157005       -2.05085493576045
H           -3.90866163534141       -1.38104095272600       -1.06056457336525
H           -2.57951530726252       -2.53367698289263       -1.21476887761356
39
 energy: -44.327981394898 gnorm: 0.000155293611 xtb: 6.7.1 (edcfbbe)
C           -0.00981920742115        1.98572940826138       -1.57094446154264
C            0.08184795995520        1.79423929150886       -0.26304756099788
C            1.00613825444916        2.63920903106655        0.57965070291839
C            2.41776913200442        2.01225146355133        0.63974078085642
C            2.25202737554217        0.54607631184618        0.87606886462435
C            2.25309758774140       -0.40732389228224       -0.04764314114669
C            2.69522022810432       -0.22429791743680       -1.46850064232727
C            1.71436712364481       -1.77894752585196        0.27991900432042
C            0.26193749402802       -1.70633839981708        0.78263916726119
C           -0.60412046157797       -0.74421642357477       -0.02512345093025
C           -0.70683940453166        0.73180132646531        0.44537681442617
C           -2.22591682908850        0.67439397110304        0.18061515170076
C           -2.14936703270098       -0.86159859046754        0.07927957503377
C           -2.65433585541486       -1.53641001438440        1.34862458753632
C           -2.82612824079817       -1.47345977696540       -1.13948472942022
H            0.55228733771825        2.75522248706859       -2.07253157503208
H           -0.64542940003618        1.38387199873185       -2.19870089272953
H            1.07947918174988        3.64611868885963        0.16463094389856
H            0.60597435668674        2.71808120800451        1.59263150212533
H            2.93027519995458        2.20613381543257       -0.30115045408274
H            2.98811663785838        2.47994608571775        1.44535129938977
H            1.95045752364292        0.28894452131043        1.88347367890697
H            1.83266507675216       -0.18422817703676       -2.13315177617645
H            3.31343779238956       -1.06910306921471       -1.77171115205979
H            3.26955605872253        0.68649171886015       -1.60557041378424
H            1.74773511767414       -2.39870183467711       -0.61774995227389
H            2.32837270364468       -2.26678933865104        1.04165346132773
H           -0.16914510435610       -2.70843736381793        0.72284938121279
H            0.25263233795525       -1.40996840791307        1.83250047419551
H           -0.30667087574981       -0.78898650795688       -1.07378056892104
H           -0.51704924686415        0.78972187041023        1.51811496165375
H           -2.50176205219896        1.14720308802512       -0.75898679290363
H           -2.85923476569362        1.06847184841934        0.97340516268022
H           -2.17111884635095       -1.12228962807950        2.22923758780654
H           -3.72774906909115       -1.38027620618163        1.44279181626545
H           -2.46938937967064       -2.60790799821953        1.32346099582943
H           -2.50331580041102       -0.97584178567035       -2.05148583707349
H           -3.90770484041615       -1.37841899612715       -1.06261162389380
H           -2.57829806784755       -2.53036628031766       -1.21984088867818
39
 energy: -44.327981920077 gnorm: 0.000101174069 xtb: 6.7.1 (edcfbbe)
C           -0.01150819808853        1.98683647592960       -1.57093925073970
C            0.08145460674686        1.79461873342547       -0.26324489534234
C            1.00631235413947        2.63934745644879        0.57907406359481
C            2.41791362033488        2.01229883348950        0.63863692047840
C            2.25253666701550        0.54626223927941        0.87596773756131
C            2.25316737827833       -0.40770229944919       -0.04717167019793
C            2.69461376324973       -0.22569354431863       -1.46833062864749
C            1.71434185105413       -1.77908022704087        0.28121597212387
C            0.26204119782985       -1.70589581836757        0.78403472021304
C           -0.60360189506427       -0.74419204422995       -0.02477556753749
C           -0.70654167962795        0.73188280564872        0.44551301720641
C           -2.22572358003275        0.67420431874244        0.18166016209866
C           -2.14890203746508       -0.86168697791090        0.07917715776879
C           -2.65443735079313       -1.53784040004416        1.34756927769473
C           -2.82530407471975       -1.47205654980954       -1.14056965396302
H            0.55012886113876        2.75659131955290       -2.07263537928126
H           -0.64760328615393        1.38526693708852       -2.19847901942153
H            1.07974041745714        3.64623984826309        0.16401020356098
H            0.60660180834196        2.71831669741228        1.59223677436060
H            2.92983064973829        2.20558693448625       -0.30266446118840
H            2.98876921097755        2.48051142439080        1.44356789886922
H            1.95173056638638        0.28971552802159        1.88374774425908
H            1.83160948757773       -0.18730385152881       -2.13253819818087
H            3.31367277097333       -1.07016554723906       -1.77093468919207
H            3.26776988590720        0.68562122132403       -1.60660620350841
H            1.74743110162203       -2.39940164630410       -0.61612726618671
H            2.32831521137488       -2.26671767149074        1.04318304220329
H           -0.16916942798911       -2.70801579281544        0.72574837783945
H            0.25310319300901       -1.40802370998466        1.83345972892333
H           -0.30564499990240       -0.78946494551964       -1.07324682570890
H           -0.51603750757076        0.78987499862678        1.51812497161328
H           -2.50236643529253        1.14767827704670       -0.75742025218321
H           -2.85861958725880        1.06754371060308        0.97519119699172
H           -2.17111323437732       -1.12511347147534        2.22880609731107
H           -3.72781154612217       -1.38140360367638        1.44176974851631
H           -2.46998264784884       -2.60941952585819        1.32090499294663
H           -2.50243959667792       -0.97316628343435       -2.05185075892536
H           -3.90690771178074       -1.37724982194505       -1.06373139460529
H           -2.57736980638803       -2.52880402733807       -1.22233369132898
