30
 energy: -35.905452330048 gnorm: 0.064935337382 xtb: 6.7.1 (edcfbbe)
C            4.52754880751900        1.04137958822600        0.71008900842900
C            3.23679077923900        0.54073467596800        1.33836114400700
C            2.29610252239800       -0.05034101782700        0.28972244905000
C            1.00225492647300       -0.55200619075200        0.92498494049800
C            0.08837632985100       -1.14058184633900       -0.13378961484600
C           -0.84534348515100       -0.18950749780800       -0.86362547118200
C           -2.20170258013200       -0.13695834008600       -0.16490177289700
C           -3.15365838054200        0.82639454399100       -0.87182504236500
C           -4.50566644282200        0.88260773288400       -0.17877486805500
N            0.15586227061900       -2.42198040854400       -0.34700316808700
O           -0.74493728979900       -2.83120049071600       -1.33438227092900
H            4.32661319965500        1.82404830171000       -0.02842158375600
H            5.18549191567100        1.45990887392400        1.47810705916500
H            5.06267866279200        0.22705212477900        0.21124542910900
H            3.47505882057900       -0.21661813472200        2.09423453003500
H            2.74279226908200        1.37152969972400        1.85552860480700
H            2.06884928216000        0.70625756382600       -0.47129906331100
H            2.79481224490900       -0.87651382411700       -0.23250454411800
H            0.47752327434200        0.26393905558900        1.43376935782800
H            1.21971470164100       -1.32298771025300        1.67335264358400
H           -0.95413732656000       -0.49880116257600       -1.90836821674600
H           -0.39034578026600        0.80740752139800       -0.87556869069000
H           -2.06827965087000        0.17370423409700        0.87883360710800
H           -2.64494005862000       -1.13992342073000       -0.13592652481300
H           -2.71822432873300        1.83221238592200       -0.89250833764400
H           -3.29588390402500        0.51255230185700       -1.91248729497100
H           -4.40214076275500        1.22425288745300        0.85606846101400
H           -5.17069108243300        1.57753564016900       -0.70100257531200
H           -4.98308244332800       -0.10244627324400       -0.16960736214800
H           -0.58143649089700       -3.79165081380400       -1.38045063773800
30
 energy: -35.908852705003 gnorm: 0.019536721224 xtb: 6.7.1 (edcfbbe)
C            4.53231956441521        1.04422536118961        0.71147711436525
C            3.23809565369846        0.54131310176879        1.33500738813124
C            2.29410534383409       -0.05124965761153        0.29238826559683
C            0.99623318691458       -0.56238857418940        0.91689135778434
C            0.07947983553109       -1.13088792150375       -0.13056782013252
C           -0.83615976162859       -0.18337944078042       -0.85616582339344
C           -2.19960183240395       -0.13178763980742       -0.16767424443899
C           -3.15613269150929        0.82708763164866       -0.86970423050342
C           -4.51125576748292        0.88525175068205       -0.17935631830467
N            0.12750058245662       -2.38753204991551       -0.33744954104220
O           -0.73413256970121       -2.84527302867386       -1.34613344166809
H            4.32906198228391        1.82025791260335       -0.02566248443885
H            5.19016372572382        1.46132126836970        1.47322639720514
H            5.05955490311340        0.23180247545875        0.21296364291259
H            3.46888401897501       -0.21944435768789        2.08555249285669
H            2.73842470533971        1.36761628637206        1.84866369927220
H            2.06604957404377        0.70906061478819       -0.46079837189756
H            2.79049859449593       -0.87921321512990       -0.22099447725662
H            0.48267918841106        0.25927637115612        1.42246050761487
H            1.22537094094247       -1.33496205263680        1.65474871733063
H           -0.95993839777218       -0.51835005000698       -1.88965107333861
H           -0.38603065163057        0.81337230171953       -0.86530031237749
H           -2.06741730888117        0.18303065041657        0.87236737951997
H           -2.63585874014620       -1.13460242968711       -0.15245837641573
H           -2.71564363526185        1.82821537837040       -0.88827321531707
H           -3.28992825290023        0.50755794576129       -1.90675901748261
H           -4.40463052299505        1.22170954520288        0.85149529155006
H           -5.17698820237907        1.57562481832626       -0.69639306120813
H           -4.97998848709374       -0.09801291414043       -0.16915044153200
H           -0.56471497839613       -3.79964008206423       -1.37289980836583
30
 energy: -35.909268359100 gnorm: 0.005358780404 xtb: 6.7.1 (edcfbbe)
C            4.52777558236544        1.04221032066587        0.71028602286761
C            3.23270861482777        0.53882714573999        1.33507668225913
C            2.29202685958380       -0.05182856137148        0.28761639357834
C            0.99307685148721       -0.56820714378313        0.91483367044608
C            0.07825185739645       -1.12203362931487       -0.13366484392004
C           -0.82993692242814       -0.17069704881424       -0.85411342108931
C           -2.19771560794403       -0.12592747310453       -0.16564880578207
C           -3.15452272970614        0.83088520445838       -0.87053615777358
C           -4.51061374371500        0.88443095812348       -0.17903457215237
N            0.12736598357690       -2.36768294937468       -0.34219097589607
O           -0.73646523436109       -2.86339663835973       -1.33322804352873
H            4.32331115248058        1.81695578344841       -0.02525983264337
H            5.18351333371994        1.45786271114541        1.47148232809361
H            5.05245587816943        0.23007818811025        0.21258827248344
H            3.46293645435807       -0.22318330637858        2.08289539228348
H            2.73235812658181        1.36430101259550        1.84732554425697
H            2.06154511591401        0.71092248345798       -0.46039008309055
H            2.78836210660809       -0.87907069843775       -0.22345378907067
H            0.48637425540585        0.25153667434901        1.42880884718578
H            1.23137611802197       -1.34800199500094        1.63969670011503
H           -0.96106134925476       -0.51628940291828       -1.88218880254740
H           -0.38946269695787        0.82846579263963       -0.86447814433086
H           -2.06962912048310        0.18748978346598        0.87422909099637
H           -2.62599770203898       -1.13058168081334       -0.16108273935905
H           -2.71598255429927        1.83183881031877       -0.88785573965189
H           -3.28631308484942        0.50876470585488       -1.90582804194472
H           -4.40258624796915        1.21968794852933        0.85022863501337
H           -5.17622320916334        1.57220469837058       -0.69509018526898
H           -4.97382675401643       -0.09946572980772       -0.16997769898793
H           -0.54310133331360       -3.81009596379516       -1.35919550751561
30
 energy: -35.909329166682 gnorm: 0.003154627264 xtb: 6.7.1 (edcfbbe)
C            4.52648772583763        1.04210602148330        0.70985491897345
C            3.23115538607203        0.53814332091980        1.33436656362046
C            2.29145391096217       -0.05192413625700        0.28573401889627
C            0.99350564199424       -0.57163019857558        0.91483328553102
C            0.07593440886073       -1.12095888457684       -0.13324432276240
C           -0.82884213407127       -0.16619420626439       -0.85456271231529
C           -2.19775027622710       -0.12160777833538       -0.16550022530681
C           -3.15496256366765        0.83450149029264       -0.87081005931113
C           -4.51137106746954        0.88486392772545       -0.17888183815044
N            0.11986500788547       -2.36901867687740       -0.33394161892984
O           -0.72657385484900       -2.87013133221041       -1.33632014653054
H            4.32069489775892        1.81680276321691       -0.02542024220297
H            5.18200481705524        1.45749752597556        1.47138838111931
H            5.05022057282938        0.22946251021969        0.21191353333380
H            3.46121757507121       -0.22452964435454        2.08130979349696
H            2.73029021836372        1.36307527920807        1.84662576535262
H            2.05856021355895        0.71135888062733       -0.46046117760095
H            2.78785161353766       -0.87799468487444       -0.22645999668519
H            0.48995236091513        0.24593610597079        1.43489113578886
H            1.23489219384205       -1.35518814189088        1.63404578791576
H           -0.96209893222259       -0.51285066042956       -1.88168363652088
H           -0.38928091800587        0.83273230770274       -0.86620178527115
H           -2.07079634707813        0.19048527699004        0.87461956861194
H           -2.62356828096524       -1.12689494557161       -0.16345353256393
H           -2.71815523387876        1.83608358879204       -0.88787549084190
H           -3.28639154268982        0.51181784983078       -1.90580256662925
H           -4.40290421773213        1.21953409873896        0.85056638600850
H           -5.17853703796450        1.57139680545914       -0.69455185104076
H           -4.97138529486375       -0.10060647110507       -0.17065431361343
H           -0.53146884286219       -3.81626799183113       -1.35247342734611
30
 energy: -35.909360922851 gnorm: 0.001304692896 xtb: 6.7.1 (edcfbbe)
C            4.52463698325850        1.04233428853845        0.70926420375253
C            3.22915999475522        0.53767556791774        1.33342542964868
C            2.28918230883456       -0.05105298497552        0.28460948439779
C            0.99377564602163       -0.57629813108105        0.91606604644323
C            0.07482999025984       -1.11997139444297       -0.13429384050375
C           -0.82706992988986       -0.16242898807073       -0.85683123465615
C           -2.19690377704610       -0.11766351254351       -0.16711208735371
C           -3.15504114108552        0.83855136175963       -0.87106771278890
C           -4.51174624522111        0.88537588403392       -0.17867728534378
N            0.11862837655844       -2.36985233014759       -0.33173371040575
O           -0.72390303594739       -2.87815648834359       -1.33115093896603
H            4.31795376138661        1.81741055510668       -0.02557671296088
H            5.18043020684151        1.45727128061085        1.47104243704923
H            5.04780456603759        0.22955191662615        0.21059871557351
H            3.45920343909938       -0.22608705931142        2.07919757102673
H            2.72811984611044        1.36182271638462        1.84657352505315
H            2.05266409916877        0.71336149868060       -0.45898033496460
H            2.78625776071231       -0.87458681243408       -0.23084132849363
H            0.49282435276885        0.23657572782244        1.44574174357351
H            1.23958382231845       -1.36615428642691        1.62675330732730
H           -0.96111282002517       -0.50687603823649       -1.88430399311110
H           -0.38708605564615        0.83585034131558       -0.86717401360248
H           -2.07034419065339        0.19302452449885        0.87328840437572
H           -2.62188633605280       -1.12304891917355       -0.16647883522602
H           -2.72024352141556        1.84100276641584       -0.88716888692192
H           -3.28651115950661        0.51676860857448       -1.90628239302592
H           -4.40351887389559        1.21919137377920        0.85123825260036
H           -5.18119336100973        1.57063336722445       -0.69346457240957
H           -4.96872825777390       -0.10169749318744       -0.17146590025412
H           -0.51976644896625       -3.82252734091560       -1.34334514480743
30
 energy: -35.909371960910 gnorm: 0.001217682771 xtb: 6.7.1 (edcfbbe)
C            4.52239524283374        1.04311865889373        0.70821030702534
C            3.22745216022028        0.53804054912442        1.33284423120947
C            2.28633132543129       -0.04877045877254        0.28419801749982
C            0.99461203170231       -0.58128004821267        0.91681757604334
C            0.07349676324101       -1.12107850083350       -0.13417506664132
C           -0.82599014729876       -0.16230176935054       -0.85778724257523
C           -2.19632227953499       -0.11519272431321       -0.16902604861556
C           -3.15430244810122        0.84227055742230       -0.87158648851901
C           -4.51097047005577        0.88597015838470       -0.17879720033127
N            0.11752310803439       -2.37121060061690       -0.32994218899200
O           -0.72266639391661       -2.88349392869423       -1.32709268166030
H            4.31575556845527        1.81909057846512       -0.02582009260236
H            5.17872381778991        1.45725696237902        1.47003854232471
H            5.04565115173891        0.23091941260475        0.20846178289210
H            3.45804305543287       -0.22705355612196        2.07725325690560
H            2.72722140938022        1.36149940312875        1.84802715620169
H            2.04515971432861        0.71772212539078       -0.45588162011679
H            2.78451095720719       -0.86861800979361       -0.23653034646624
H            0.49395374353366        0.22542286417961        1.45595133937965
H            1.24446534540956       -1.37717067808055        1.61930554606046
H           -0.95892512502785       -0.50424303346815       -1.88634245977982
H           -0.38305294704960        0.83481465281343       -0.86595191162870
H           -2.06864551644157        0.19496839360543        0.87142274115622
H           -2.62286039365381       -1.12001420411512       -0.16821799004877
H           -2.72062463026494        1.84533610099046       -0.88540285538027
H           -3.28594454725462        0.52315663575822       -1.90774027081780
H           -4.40375811250801        1.21895177539743        0.85159600675324
H           -5.18198419800675        1.57053305175141       -0.69263557298579
H           -4.96650268341376       -0.10186734386311       -0.17257358974232
H           -0.51274550221397       -3.82677702405440       -1.33677268152217
30
 energy: -35.909378500312 gnorm: 0.000633574401 xtb: 6.7.1 (edcfbbe)
C            4.52100489871736        1.04436325268738        0.70754976869471
C            3.22667479504662        0.53884893102007        1.33266251722439
C            2.28416733506124       -0.04636078201659        0.28441222154266
C            0.99534820654291       -0.58433365897756        0.91705838309631
C            0.07363887747173       -1.12355691988697       -0.13391798110748
C           -0.82535463170882       -0.16418854886117       -0.85696779613758
C           -2.19559135018109       -0.11518835432323       -0.16938043397779
C           -3.15268260125643        0.84361960139921       -0.87125785965022
C           -4.50971961559617        0.88668205601390       -0.17950643263992
N            0.11714312839673       -2.37332042648557       -0.33010304409568
O           -0.72422152711388       -2.88525659035737       -1.32642276278005
H            4.31420020681474        1.82098644444530       -0.02572334533280
H            5.17801628523031        1.45783814279655        1.46917031013166
H            5.04407992785351        0.23273713854061        0.20670005023684
H            3.45792806281844       -0.22730797028142        2.07586700100062
H            2.72736369449016        1.36174911871406        1.84975913672886
H            2.04002611524220        0.72240451723926       -0.45252522509887
H            2.78348759341769       -0.86300216331178       -0.24054635113747
H            0.49303191993002        0.21878743361770        1.45988745528655
H            1.24785927420359       -1.38220062858732        1.61630350079535
H           -0.95729703891034       -0.50562839864766       -1.88604061047675
H           -0.38082015999536        0.83257137689126       -0.86447910931688
H           -2.06753395783941        0.19515492538455        0.87107839586089
H           -2.62418739092641       -1.11932970487311       -0.16813117636521
H           -2.71863004856024        1.84658443118815       -0.88294447157147
H           -3.28360469731123        0.52662507116992       -1.90822478018047
H           -4.40327586705803        1.21899816612867        0.85115973638124
H           -5.18065905910797        1.57146952557449       -0.69314838519857
H           -4.96526088979644       -0.10112532211969       -0.17403909646803
H           -0.51513148587847       -3.82862066408254       -1.33639942041892
30
 energy: -35.909389695169 gnorm: 0.001170423776 xtb: 6.7.1 (edcfbbe)
C            4.51716114596867        1.04779957379756        0.70605858007346
C            3.22429659540599        0.54062850937733        1.33250913404362
C            2.27903205713299       -0.03985371831913        0.28397050774518
C            0.99748174050228       -0.59227973276271        0.91754578792008
C            0.07391452573557       -1.12970524793439       -0.13303200488227
C           -0.82355570725365       -0.16817345207616       -0.85515717725405
C           -2.19337323982828       -0.11551825349251       -0.16876608312159
C           -3.14740447670012        0.84686712717223       -0.87004701763539
C           -4.50595304826750        0.88851524245099       -0.18152300496812
N            0.11481726435853       -2.37918236272803       -0.32974010108427
O           -0.72901321723756       -2.88930225720232       -1.32537523880347
H            4.30918944428833        1.82627100443301       -0.02491806739708
H            5.17577871241130        1.45933428812150        1.46734439327349
H            5.03939314645242        0.23753252599037        0.20212463470765
H            3.45717099542350       -0.22871538000059        2.07201977575930
H            2.72681278351918        1.36164049672133        1.85452984190993
H            2.02674066662952        0.73513751081645       -0.44396014422428
H            2.78105306392700       -0.84788699170260       -0.25212047993050
H            0.49103038871895        0.20237325918894        1.46918874385617
H            1.25830369464298       -1.39429845262122        1.60911340952826
H           -0.95492069130707       -0.50904036324873       -1.88479274893890
H           -0.37641007477445        0.82772842616161       -0.86219423928355
H           -2.06503768868239        0.19423811561848        0.87199571982945
H           -2.62579781399991       -1.11823777636965       -0.16775079235592
H           -2.71224963659251        1.84946046819499       -0.87659876274487
H           -3.27573654706272        0.53425126696769       -1.90874418838545
H           -4.40196137346769        1.21903695000519        0.84996400785100
H           -5.17590505353722        1.57404517538083       -0.69538793258172
H           -4.96145548431692       -0.09930273962535       -0.17870066099021
H           -0.52340217209228       -3.83336321231595       -1.33570569689007
30
 energy: -35.909398622665 gnorm: 0.001248285600 xtb: 6.7.1 (edcfbbe)
C            4.51271795992734        1.05271760161637        0.70474911574148
C            3.22168370172505        0.54206562116878        1.33221857686301
C            2.27364315474431       -0.03272871739558        0.28297540965713
C            0.99989946924123       -0.60139820431469        0.91781796750727
C            0.07489603118862       -1.13668152487029       -0.13240068869189
C           -0.82080395192527       -0.17250602194200       -0.85333117017546
C           -2.19049689790546       -0.11656469433266       -0.16729238112145
C           -3.14092466356944        0.84995836468485       -0.86785693605287
C           -4.50183886480072        0.89115135212647       -0.18408855740455
N            0.11165083354490       -2.38622812452906       -0.32933381735331
O           -0.73597524226803       -2.89288082687265       -1.32385271559123
H            4.30226625076226        1.83361433760924       -0.02291950308165
H            5.17299051853583        1.46190742275623        1.46584650260368
H            5.03407446941841        0.24455270535516        0.19656003043361
H            3.45677467071379       -0.23137058406435        2.06671814299666
H            2.72550872119189        1.36004421768810        1.86019063671006
H            2.01197467433085        0.74910226259339       -0.43426543570482
H            2.77808839800709       -0.83091257035319       -0.26560467647637
H            0.48970654343756        0.18423205415459        1.47917681475373
H            1.27042903572566       -1.40746181496245        1.60089813561868
H           -0.95318459263676       -0.51283211794311       -1.88297635489583
H           -0.37156586037331        0.82235891719930       -0.86028907760882
H           -2.06189681337032        0.19141649192364        0.87394790029214
H           -2.62631015538498       -1.11779128436659       -0.16785785363288
H           -2.70405487582134        1.85181244365456       -0.86907380786529
H           -3.26598364825515        0.54147507049852       -1.90814760441201
H           -4.40094675792913        1.21919100032361        0.84848197568111
H           -5.16966689089643        1.57819734303566       -0.69867018421797
H           -4.95769076209672       -0.09649294864216       -0.18508579858512
H           -0.53496445526482       -3.83794777180041       -1.33468445096122
30
 energy: -35.909404359434 gnorm: 0.000627437857 xtb: 6.7.1 (edcfbbe)
C            4.50881566873642        1.05780553707590        0.70384893757728
C            3.21992237258499        0.54221354785488        1.33199462523722
C            2.27026700029759       -0.02806790742496        0.28173144674067
C            1.00209241804308       -0.60838257984209        0.91763175231818
C            0.07515051136234       -1.14169848345377       -0.13147562784190
C           -0.81874808406901       -0.17564018258072       -0.85211401276580
C           -2.18851474478839       -0.11811300749496       -0.16559322584231
C           -3.13540947044876        0.85192788377348       -0.86607958989875
C           -4.49826623817676        0.89347091788997       -0.18606750672015
N            0.10795395319702       -2.39151204227241       -0.32837190293125
O           -0.74243677819828       -2.89491137063128       -1.32255809733126
H            4.29537789822125        1.84135144032941       -0.02010394655358
H            5.16989391582976        1.46492461633845        1.46528046474877
H            5.03038806265001        0.25255988026807        0.19127320819148
H            3.45780433637268       -0.23486944766104        2.06166427463022
H            2.72392870569826        1.35669087518425        1.86545252873442
H            2.00151745723980        0.75861827826853       -0.42718074111124
H            2.77592832461271       -0.81890623946561       -0.27592720266951
H            0.49000500384158        0.17080698075202        1.48609047253729
H            1.28014051467088       -1.41710157757138        1.59437529623481
H           -0.95244790659360       -0.51554078468693       -1.88158778218117
H           -0.36844455424569        0.81849654321813       -0.85883828256547
H           -2.05965090591589        0.18760885250489        0.87621212720220
H           -2.62612922090696       -1.11842742977979       -0.16852809763267
H           -2.69684942046067        1.85301422054659       -0.86341973207674
H           -3.25801409093987        0.54618873888765       -1.90743180603371
H           -4.40027064268898        1.21905058699175        0.84755536102216
H           -5.16318081267609        1.58273133975590       -0.70139176872524
H           -4.95564810269593       -0.09344959946337       -0.19094372749995
H           -0.54517517055657       -3.84083958731220       -1.33364724976819
30
 energy: -35.909408393964 gnorm: 0.000295672624 xtb: 6.7.1 (edcfbbe)
C            4.50566554443060        1.06312137208668        0.70344165358080
C            3.21925376884796        0.54106710060124        1.33163166087059
C            2.26869335423978       -0.02609059051245        0.28055048242381
C            1.00400800561134       -0.61359060697654        0.91741849145735
C            0.07596638061907       -1.14503784311972       -0.13131119444079
C           -0.81692909664733       -0.17757196611304       -0.85124674574377
C           -2.18723247612979       -0.11960091139362       -0.16478579772392
C           -3.13185790618287        0.85299122675228       -0.86460351233966
C           -4.49621619982976        0.89588535572688       -0.18759269784995
N            0.10519068463557       -2.39529904692195       -0.32756260975417
O           -0.74803464482402       -2.89632796912814       -1.32057357796740
H            4.28848053165273        1.84934778015013       -0.01651035186391
H            5.16706249758877        1.46855023678150        1.46550690824968
H            5.02825457906782        0.26151211068706        0.18619206314220
H            3.46061197346012       -0.23912667320611        2.05675468319049
H            2.72234523134932        1.35157692909923        1.87017582817264
H            1.99555541105478        0.76373193479234       -0.42278566938863
H            2.77497324823326       -0.81215006778519       -0.28283969613569
H            0.49143836939308        0.16158232221940        1.49086525612076
H            1.28668351641821       -1.42441112793709        1.58958981227741
H           -0.95161305491551       -0.51681197899519       -1.88059960355643
H           -0.36658686741619        0.81629698920575       -0.85755984769812
H           -2.05855301947519        0.18381258088799        0.87759260232218
H           -2.62574251632799       -1.11933819586780       -0.17018829230806
H           -2.69169690014406        1.85330407570652       -0.85953827447009
H           -3.25294519618073        0.54898097574404       -1.90656269746016
H           -4.39973059249197        1.21872216184740        0.84701636631747
H           -5.15844380181362        1.58783297474510       -0.70289575911630
H           -4.95543281736812       -0.09017314553859       -0.19599529043998
H           -0.55316800685835       -3.84278600353869       -1.33173399484263
30
 energy: -35.909412809163 gnorm: 0.000741212229 xtb: 6.7.1 (edcfbbe)
C            4.50263647140221        1.06939061420275        0.70309306790414
C            3.21963755848843        0.53879607955347        1.33134467310620
C            2.26852674148078       -0.02615749580754        0.27958778437131
C            1.00587197250672       -0.61786607513718        0.91698076187582
C            0.07579027242307       -1.14763302659250       -0.13059511843361
C           -0.81586457982502       -0.17897270425693       -0.85038524714127
C           -2.18693765462891       -0.12150267351017       -0.16455656654359
C           -3.12907908196245        0.85374771706336       -0.86394143522747
C           -4.49431061619540        0.89827468012335       -0.18867441752778
N            0.10216490734214       -2.39813099323779       -0.32642536177205
O           -0.75330767408081       -2.89734920802741       -1.31841856599979
H            4.28063445603247        1.85875419175792       -0.01197062967644
H            5.16405703987823        1.47321078790385        1.46597894219007
H            5.02720528245045        0.27269003918576        0.18025428413763
H            3.46568276924117       -0.24444029120706        2.05155651208196
H            2.72082134566738        1.34439875388770        1.87543221770450
H            1.99264322235265        0.76569061818782       -0.42007838189031
H            2.77494764187615       -0.80922401139632       -0.28749062663357
H            0.49372465641243        0.15484335972166        1.49396639303042
H            1.29139824457355       -1.43015021650102        1.58598490234146
H           -0.95041296488971       -0.51711614241221       -1.87999922295310
H           -0.36558040095728        0.81477802019846       -0.85541695061153
H           -2.05885861011248        0.17927238434522        0.87861012654948
H           -2.62602001172952       -1.12087463939977       -0.17294905819364
H           -2.68714330812924        1.85326744784208       -0.85694138927580
H           -3.24946512423814        0.55130090638133       -1.90642448578536
H           -4.39871330742732        1.21777702031103        0.84705554814667
H           -5.15351153326926        1.59376427833637       -0.70310437322422
H           -4.95648171653805       -0.08637451404971       -0.20092492269470
H           -0.56005599814738       -3.84416490746701       -1.32969826482970
30
 energy: -35.909419332969 gnorm: 0.001023715027 xtb: 6.7.1 (edcfbbe)
C            4.49731357121991        1.07975164230299        0.70232048392391
C            3.22050748229937        0.53459268675840        1.33098536091070
C            2.26857527471767       -0.02710671809471        0.27819092223834
C            1.00892489460022       -0.62461753967388        0.91661634343289
C            0.07604446925621       -1.15154912012780       -0.12983681350926
C           -0.81411346186199       -0.18099820507411       -0.84881556003487
C           -2.18659031811533       -0.12402900013210       -0.16522285398555
C           -3.12535238703291        0.85536620369565       -0.86329864630418
C           -4.49162070201652        0.90216195610765       -0.19022059367478
N            0.09793146390237       -2.40242707051818       -0.32455589377373
O           -0.76087651270816       -2.89975111322315       -1.31456139650258
H            4.26710249625342        1.87453269601267       -0.00423163359840
H            5.15899100973495        1.48074728977699        1.46648108238447
H            5.02528073082556        0.29165009893014        0.16975540421132
H            3.47491402151678       -0.25354106000031        2.04302058604709
H            2.71852518043836        1.33188475491856        1.88450034086744
H            1.98907054536459        0.76780915911015       -0.41661074232730
H            2.77538107397072       -0.80613552978748       -0.29419236698156
H            0.49723890328243        0.14449147636367        1.49897593617278
H            1.29805993433635       -1.43967520395401        1.58082832281595
H           -0.94748575021519       -0.51694857699570       -1.87928642464586
H           -0.36360369797846        0.81257776657589       -0.85115294720877
H           -2.05996595634863        0.17273176746087        0.87924748214637
H           -2.62700251080866       -1.12270256168196       -0.17822716652805
H           -2.68071064225047        1.85368217932505       -0.85316977653430
H           -3.24501857351011        0.55581983723112       -1.90671676876322
H           -4.39658038596270        1.21575233644609        0.84738658727406
H           -5.14671369521656        1.60336928314046       -0.70223619528952
H           -4.95818176662213       -0.08035921462761       -0.20863030155599
H           -0.57004469107424       -3.84708022026577       -1.32549257618172
30
 energy: -35.909426495328 gnorm: 0.000925680268 xtb: 6.7.1 (edcfbbe)
C            4.48961613812173        1.09492199476968        0.70110242543409
C            3.22230863124358        0.52844205679273        1.33038206571227
C            2.26856431457493       -0.02938550081125        0.27720957846058
C            1.01271735420557       -0.63407574475396        0.91612766218932
C            0.07580607657380       -1.15754895261614       -0.12849045262841
C           -0.81171429555382       -0.18382012778424       -0.84650041081770
C           -2.18607021460270       -0.12734169863439       -0.16685903769312
C           -3.12017738224605        0.85803295704256       -0.86284887904557
C           -4.48749949627220        0.90734452207382       -0.19215567898103
N            0.09223027612061       -2.40862494666832       -0.32229970182848
O           -0.77134646252021       -2.90336124112332       -1.30941393054527
H            4.24687240179987        1.89736627812022        0.00726376659659
H            5.15236651209088        1.49176342325404        1.46656511393110
H            5.02187631916229        0.31960374810221        0.15391763892922
H            3.48914625476826       -0.26619477675288        2.03072630598550
H            2.71591529947500        1.31354841600431        1.89740137852773
H            1.98480023226888        0.76916280483376       -0.41173325003332
H            2.77580527492471       -0.80325679012769       -0.30185867774991
H            0.50157240234198        0.13046958704884        1.50500142188113
H            1.30607142611871       -1.45219793565039        1.57465564170300
H           -0.94234226764623       -0.51627811553335       -1.87855883134922
H           -0.36031968625824        0.80941860555867       -0.84446974517730
H           -2.06188597051082        0.16405910504063        0.87946201152184
H           -2.62892714888662       -1.12484727656908       -0.18601795459179
H           -2.67196686354079        1.85474233392976       -0.84803229004572
H           -3.23906127673597        0.56308873621937       -1.90770424889453
H           -4.39273878832441        1.21252841426460        0.84801095529765
H           -5.13760076868723        1.61620853196392       -0.70008149265434
H           -4.95970501672004       -0.07232306819489       -0.21891611417189
H           -0.58431327528868       -3.85144533979945       -1.32003507493681
30
 energy: -35.909430361510 gnorm: 0.000475028278 xtb: 6.7.1 (edcfbbe)
C            4.48262942092745        1.10605908843193        0.69954309260759
C            3.22350057918331        0.52361704791205        1.33031162323515
C            2.26853878272350       -0.03175121497152        0.27689105230013
C            1.01547817177496       -0.64108710666617        0.91640388749133
C            0.07609722702834       -1.16191150779344       -0.12752429708313
C           -0.80964142082310       -0.18587285749043       -0.84469130054013
C           -2.18550019933156       -0.12938945843428       -0.16874827105201
C           -3.11631575645926        0.86049480493355       -0.86287047157498
C           -4.48410492972808        0.91100610922263       -0.19332575586696
N            0.08837671062157       -2.41299679759938       -0.32058664892055
O           -0.77791195164350       -2.90591092133265       -1.30614001006207
H            4.23002764846991        1.91402719843001        0.01585865753075
H            5.14678603892409        1.49974383615800        1.46533997502217
H            5.01770671286628        0.34098268400871        0.14104962982065
H            3.50041424866061       -0.27517121876332        2.02187821283452
H            2.71428343718524        1.29947965004832        1.90730182613749
H            1.98177441738212        0.76930251282732       -0.40807438021930
H            2.77605526785644       -0.80216289686697       -0.30671619759683
H            0.50428852787740        0.12018141487951        1.50961235975847
H            1.31135498578850       -1.46154838106217        1.57100062426333
H           -0.93769331585393       -0.51546405155733       -1.87812578192400
H           -0.35713650418077        0.80692925409696       -0.83897375047486
H           -2.06334484847814        0.15805334763898        0.87895790035797
H           -2.63048282929301       -1.12590384200344       -0.19253033654870
H           -2.66563258426840        1.85603485575484       -0.84414046765990
H           -3.23469232541797        0.56949705979088       -1.90891644919442
H           -4.38929328070957        1.21042763796690        0.84846341728820
H           -5.13130090391793        1.62474403446326       -0.69795947157053
H           -4.95976168745228       -0.06672564842513       -0.22554452527395
H           -0.59449963971547       -3.85468463359773       -1.31589394805985
30
 energy: -35.909431973450 gnorm: 0.000148153049 xtb: 6.7.1 (edcfbbe)
C            4.47869731536514        1.11174706367313        0.69824506038798
C            3.22425423951743        0.52126986015323        1.33027114815297
C            2.26806040789756       -0.03354290794772        0.27769282950051
C            1.01608272250293       -0.64465095912420        0.91713075052104
C            0.07584605861889       -1.16435608849968       -0.12670490373933
C           -0.80829354356976       -0.18670656142054       -0.84385630432849
C           -2.18488647086567       -0.13017890366782       -0.17005901596000
C           -3.11412572139668        0.86212031984572       -0.86288023238378
C           -4.48207537821438        0.91269788047100       -0.19375467136290
N            0.08669628447309       -2.41532570838583       -0.32000793368379
O           -0.78046981564259       -2.90724117045654       -1.30520370774394
H            4.22022403672195        1.92231808450372        0.02011741407115
H            5.14452792691478        1.50380829311047        1.46349778343964
H            5.01423297615946        0.35191837464608        0.13344866330785
H            3.50654381481284       -0.27921351560751        2.01741898034223
H            2.71368509929463        1.29236688418606        1.91210786315217
H            1.98024178186425        0.76831284425548       -0.40590554353281
H            2.77566797693895       -0.80264568668561       -0.30758593309926
H            0.50484736429273        0.11537550078572        1.51188713572445
H            1.31265475631923       -1.46598345393684        1.57030378006355
H           -0.93451048119144       -0.51474169285476       -1.87809382702654
H           -0.35503545188464        0.80584257095186       -0.83597881268266
H           -2.06396390590453        0.15520684100750        0.87838058318608
H           -2.63109740381550       -1.12611642258021       -0.19623213587686
H           -2.66240707122805        1.85713508168982       -0.84189944829390
H           -3.23233225047024        0.57349081229415       -1.90959398560960
H           -4.38703240225897        1.20993662634160        0.84860967338006
H           -5.12858313953331        1.62800606297957       -0.69696078104971
H           -4.95855168092310       -0.06450929070825       -0.22789590629705
H           -0.59889804479824       -3.85634073901969       -1.31464832753352
30
 energy: -35.909432776029 gnorm: 0.000213015275 xtb: 6.7.1 (edcfbbe)
C            4.47577287487083        1.11474098133181        0.69683832354431
C            3.22437605113601        0.51981054063701        1.33067374629276
C            2.26746446111967       -0.03464413527218        0.27847228623788
C            1.01611296739081       -0.64658133050476        0.91807322322532
C            0.07592782216089       -1.16565993797167       -0.12614503316591
C           -0.80730116169551       -0.18724453641588       -0.84337655785004
C           -2.18429078161080       -0.13046966405974       -0.17074625883342
C           -3.11252742624762        0.86330147696143       -0.86282319758655
C           -4.48061341321695        0.91358705163510       -0.19394685709335
N            0.08597756360611       -2.41654883872852       -0.31962558017099
O           -0.78103198531546       -2.90772246137053       -1.30535430784619
H            4.21378123794012        1.92718922892018        0.02233036895072
H            5.14317356835054        1.50550391131891        1.46139072912226
H            5.01112497425376        0.35794236849428        0.12781336294194
H            3.51000662199557       -0.28171733176660        2.01524212753292
H            2.71326101136711        1.28833461512234        1.91546454531637
H            1.97883629405768        0.76767535751097       -0.40433787155174
H            2.77492197332341       -0.80312068308228       -0.30785011221296
H            0.50461993322805        0.11281558809711        1.51343427085490
H            1.31298865033049       -1.46825814827436        1.57067000088885
H           -0.93263098276999       -0.51452549140819       -1.87798241776413
H           -0.35348315197553        0.80505072800527       -0.83445886612149
H           -2.06390626693570        0.15362435690916        0.87812549882727
H           -2.63127309805537       -1.12604020090780       -0.19836592571933
H           -2.66025188675785        1.85802965901376       -0.84024828127485
H           -3.23044447255333        0.57622851160314       -1.91000269387505
H           -4.38576672342454        1.21050678026496        0.84852713952186
H           -5.12715388570530        1.62893463340672       -0.69701179504341
H           -4.95694266367047       -0.06367762940909       -0.22844279233015
H           -0.60072810519988       -3.85706540006061       -1.31448687979226
