15
 energy: -20.075319526129 gnorm: 0.068751817879 xtb: 6.7.1 (edcfbbe)
C           -1.44775662246600        1.13061136390000       -0.11110822210600
C           -1.25566072543800       -0.18979942663200        0.62142675853200
C           -0.21554258255100       -1.08407293000500       -0.04559797533100
C            1.17171939784400       -0.53650913020000        0.14756240991500
N            1.87882818491600       -0.15208985640200       -0.86434844792300
O            3.11444488753700        0.31246036646100       -0.40005252606700
H           -0.52986136543100        1.72648197761400       -0.10716866430900
H           -1.74514604245500        0.96257648592800       -1.15113202496600
H           -2.23230730109100        1.71980010715700        0.37428998319500
H           -2.21507095619000       -0.71957384878000        0.64506788147500
H           -0.97269534781600        0.01366489737200        1.66095735699000
H           -0.23680715679200       -2.07457210465000        0.42196776354100
H           -0.42779478636700       -1.20676823388100       -1.11290504503300
H            1.55108634875600       -0.47594426496900        1.18335393812900
H            3.56256406754400        0.57373459708900       -1.22638371568500
15
 energy: -20.078722096793 gnorm: 0.018998256203 xtb: 6.7.1 (edcfbbe)
C           -1.44559121704308        1.13163604244396       -0.11006754199149
C           -1.26497428168458       -0.19213961012598        0.62003230385254
C           -0.21233108170414       -1.08347099272623       -0.04038808327425
C            1.16189487754073       -0.53790336600694        0.15676232721752
N            1.87380972118898       -0.15797103864388       -0.82078301873327
O            3.12973308896680        0.32431612839102       -0.42108032924964
H           -0.52244426330148        1.70942220348939       -0.10663629435405
H           -1.73569131298410        0.96162607269388       -1.14595472910284
H           -2.22357649634509        1.72518781085295        0.36983342115933
H           -2.22011691977882       -0.72476499497663        0.63754750294218
H           -0.97699163328454        0.00155264791280        1.65723154431404
H           -0.24272129128979       -2.07647001396153        0.41935952214833
H           -0.41551480512609       -1.18675763238460       -1.10775820625753
H            1.53251259678253       -0.46854534562596        1.18050116147678
H            3.56200301806267        0.57428208866976       -1.25267010979065
15
 energy: -20.079158967660 gnorm: 0.005886033026 xtb: 6.7.1 (edcfbbe)
C           -1.43917814471092        1.13043198259636       -0.10957032584388
C           -1.27024897224787       -0.19524212038289        0.62071946647889
C           -0.20868064719923       -1.08190661718177       -0.03952710033530
C            1.15666457334261       -0.53327777594563        0.16955845285202
N            1.87039728250450       -0.16272426560733       -0.79856576779392
O            3.13081617373217        0.33459191959071       -0.43701942740405
H           -0.50954041660276        1.69434737163870       -0.10283488871004
H           -1.72603721359797        0.96042762484524       -1.14459585887967
H           -2.21146261250389        1.72965637500304        0.36761653008030
H           -2.22291082385012       -0.72956418567688        0.62627479863820
H           -0.98746660411853       -0.00804663761825        1.65951942292946
H           -0.24513858527583       -2.07688009461886        0.41337341378635
H           -0.40467606916115       -1.17357793615488       -1.10847953170281
H            1.51684089689248       -0.45786823289800        1.19562594924657
H            3.55062116279653        0.56963259241247       -1.27616566298512
15
 energy: -20.079284551701 gnorm: 0.005002485371 xtb: 6.7.1 (edcfbbe)
C           -1.43310207343979        1.12980624136253       -0.10787189242669
C           -1.27443401370375       -0.19920990693361        0.61934841204703
C           -0.20593975829997       -1.08242696120609       -0.03796282942103
C            1.15526710150004       -0.52951641675375        0.18033110066594
N            1.87005312307630       -0.16643381545234       -0.78939097174755
O            3.12878282066848        0.34176797093328       -0.44801836493763
H           -0.49792660225482        1.68409227550854       -0.09817975015643
H           -1.71870898345473        0.96250127894152       -1.14341315102752
H           -2.20075473373417        1.73501682383468        0.36827801413376
H           -2.22665916493874       -0.73345997150598        0.61405351047311
H           -0.99899245336439       -0.01734068562204        1.66070902396603
H           -0.24493350373756       -2.07946641551900        0.40927569142661
H           -0.39576011780272       -1.16738875235479       -1.10835733425530
H            1.50331531529916       -0.44226320393186        1.21153829384149
H            3.53979304418667        0.56432153870095       -1.29441028222483
15
 energy: -20.079373538323 gnorm: 0.002815281336 xtb: 6.7.1 (edcfbbe)
C           -1.42398395013468        1.12903144570252       -0.10453643622121
C           -1.28068144050366       -0.20572149456920        0.61590579798254
C           -0.20238480486021       -1.08322518875423       -0.03478786010746
C            1.15386864412123       -0.52052735633319        0.19470251324888
N            1.87070761608904       -0.17471091937545       -0.78126044042376
O            3.12292924972382        0.35257037953967       -0.46161037573974
H           -0.48177334622183        1.67155557520703       -0.08903015142468
H           -1.70824282449040        0.96976752910483       -1.14195861611287
H           -2.18544093915661        1.74163950052572        0.37204342283500
H           -2.23315251643766       -0.73905012105593        0.59210398885622
H           -1.01985290757057       -0.03251077906465        1.66257928004600
H           -0.24136237755090       -2.08253547055227        0.40653613992513
H           -0.38215227025341       -1.16353559655030       -1.10716688993568
H            1.48681367808617       -0.41585880464992        1.23094625941692
H            3.52470818915974        0.55311130082742       -1.31853716198830
15
 energy: -20.079397277451 gnorm: 0.001914464438 xtb: 6.7.1 (edcfbbe)
C           -1.41967624542520        1.12893864742355       -0.10214237043618
C           -1.28372417613681       -0.20931294701007        0.61302028127650
C           -0.20109112393743       -1.08420101559819       -0.03236278517387
C            1.15353768378815       -0.51564055278443        0.19915898390747
N            1.86952497530418       -0.17614896122494       -0.78002905613924
O            3.12092274374947        0.35325912292608       -0.46712940213931
H           -0.47510941045025        1.66740582511256       -0.08264996251374
H           -1.70276260055545        0.97578377035557       -1.14104888170997
H           -2.17907061436591        1.74351294791017        0.37552035506112
H           -2.23674529571022       -0.74138508065894        0.57868214856089
H           -1.03230554694060       -0.04095717020826        1.66293289479439
H           -0.23749678493695       -2.08365774981836        0.40878979166755
H           -0.37627936142956       -1.16611220359685       -1.10533608030371
H            1.48081795743906       -0.39860240410051        1.23545244324529
H            3.51945779960757        0.54711777127470       -1.32692888974019
15
 energy: -20.079421862573 gnorm: 0.002332385767 xtb: 6.7.1 (edcfbbe)
C           -1.41463612179426        1.12973239668459       -0.09837112527708
C           -1.28803257591725       -0.21355429422467        0.60825692307235
C           -0.20053921882633       -1.08524873689053       -0.02872722309988
C            1.15293630923770       -0.50941841471071        0.20124355333505
N            1.87036576000355       -0.18402095271736       -0.78226785348395
O            3.11658979706226        0.35828284317373       -0.47187332159451
H           -0.46775856247608        1.66402822370578       -0.07344276182053
H           -1.69633587270678        0.98599888681587       -1.13927085097832
H           -2.17192599467125        1.74519569598557        0.38204459793798
H           -2.24192980413683       -0.74324990187566        0.55924821555832
H           -1.05010365907648       -0.05235303526364        1.66260923715389
H           -0.23107093192644       -2.08302597161679        0.41698123527080
H           -0.37090362990234       -1.17488087458382       -1.10190079604813
H            1.47685171566936       -0.37762118448111        1.23483318605669
H            3.51649278946123        0.54013532000083       -1.33343354572568
15
 energy: -20.079435213519 gnorm: 0.001943931637 xtb: 6.7.1 (edcfbbe)
C           -1.41277812748509        1.13022149790413       -0.09632061600856
C           -1.28996408201546       -0.21552101088320        0.60628407156291
C           -0.20061771375848       -1.08619347752163       -0.02755647962032
C            1.15155480914503       -0.50592259587312        0.19962409397266
N            1.86963637514370       -0.18426427109263       -0.78423486353419
O            3.11673392641135        0.35724923656535       -0.47357479944834
H           -0.46524246565847        1.66314873453402       -0.06774167600122
H           -1.69257852102176        0.99067883939396       -1.13824528091876
H           -2.17015139666849        1.74501711862991        0.38478726866315
H           -2.24391674475605       -0.74438187437680        0.55070473957861
H           -1.05757208170417       -0.05780825355901        1.66235213449281
H           -0.22798259786391       -2.08227437997716        0.42261586855754
H           -0.37052971739809       -1.18116972996076       -1.10044331501433
H            1.47473941635023       -0.36570890872284        1.23198755823940
H            3.51866892127971        0.53692907494187       -1.33430923416436
15
 energy: -20.079452024831 gnorm: 0.001058004690 xtb: 6.7.1 (edcfbbe)
C           -1.40991454172987        1.13140651130765       -0.09223262184224
C           -1.29387575383146       -0.21882830903033        0.60331117062024
C           -0.20057395483055       -1.08756501389215       -0.02649469861184
C            1.14844115450413       -0.49986167340429        0.19516910519883
N            1.87104768534052       -0.18937291606716       -0.78860492742149
O            3.11604599937537        0.35984929600833       -0.47603712941300
H           -0.46105514853319        1.66144299998038       -0.05560383516737
H           -1.68459102491599        0.99853227011999       -1.13613663254038
H           -2.16815274670085        1.74484393854963        0.38889314918530
H           -2.24749856581041       -0.74663537022044        0.53662284117725
H           -1.06963281127421       -0.06775185782364        1.66187663524610
H           -0.22264258222478       -2.08003463407533        0.43260670366195
H           -0.37155086394022       -1.19255014730788       -1.09844199129432
H            1.46910116422182       -0.34361445871823        1.22679379912025
H            3.52485199034976        0.53013936457557       -1.33579209756229
15
 energy: -20.079459490275 gnorm: 0.000578603252 xtb: 6.7.1 (edcfbbe)
C           -1.40839546205727        1.13164255933004       -0.08967611907386
C           -1.29622213548381       -0.22082856239792        0.60231583753219
C           -0.19990982159248       -1.08783465567617       -0.02623707086097
C            1.14628780223560       -0.49438690848749        0.19330354844859
N            1.87264818413893       -0.19270626509257       -0.79063336706893
O            3.11545645455049        0.36092286670154       -0.47812913761568
H           -0.45929588890217        1.66057597923701       -0.04658268604072
H           -1.67783561775375        1.00196476562460       -1.13532676870818
H           -2.16836634226329        1.74424021492832        0.38958137873523
H           -2.24934988010224       -0.74852040789658        0.52965934329024
H           -1.07596448427902       -0.07338294057471        1.66213480117474
H           -0.21874980654346       -2.07891760003245        0.43588947581069
H           -0.37187621844431       -1.19677800273314       -1.09755121856252
H            1.46385346881980       -0.32989991377114        1.22490249030136
H            3.52771974767705        0.52390887084278       -1.33772103700518
15
 energy: -20.079465555752 gnorm: 0.000916970472 xtb: 6.7.1 (edcfbbe)
C           -1.40766852505818        1.13173718182312       -0.08737892645215
C           -1.29766292739970       -0.22219284821560        0.60191108956735
C           -0.19929303817708       -1.08762844128350       -0.02638601790249
C            1.14563766998007       -0.49182373787219        0.19191993211446
N            1.87494085461701       -0.19724018974522       -0.79192755968286
O            3.11508229737551        0.36189793843168       -0.48004716938638
H           -0.45958094137812        1.66173048577424       -0.03695247736671
H           -1.67022130034317        1.00403931990522       -1.13506367507214
H           -2.17144826045267        1.74228047393205        0.38842833122596
H           -2.25036460473601       -0.74986656108032        0.52558911234090
H           -1.07978579212184       -0.07730741022138        1.66246610858117
H           -0.21600611902185       -2.07814312691342        0.43670554601712
H           -0.37218827892139       -1.19822151737648       -1.09733174554620
H            1.45865571659729       -0.31714831182501        1.22371425111901
H            3.52990324904020        0.51788674466892       -1.33971732920003
15
 energy: -20.079472669937 gnorm: 0.000906949255 xtb: 6.7.1 (edcfbbe)
C           -1.40795665424116        1.13171635517852       -0.08475781467841
C           -1.29876836650102       -0.22351202519163        0.60182985398194
C           -0.19873581220050       -1.08684853165909       -0.02668628283404
C            1.14450263267277       -0.48682863595709        0.19096112865359
N            1.87732748749934       -0.20097712855578       -0.79288378897387
O            3.11610663169486        0.36093029855935       -0.48253525845834
H           -0.46260191213746        1.66560990100074       -0.02407062283685
H           -1.66007935139046        1.00560283084286       -1.13529251771224
H           -2.17879397616151        1.73799619777337        0.38531909253522
H           -2.25081937132838       -0.75177408618134        0.52256660687799
H           -1.08283086390888       -0.08080556339166        1.66303190533590
H           -0.21284327745919       -2.07738325318107        0.43637916081250
H           -0.37199270132004       -1.19819866472487       -1.09754014917502
H            1.45382202838715       -0.30426892121826        1.22190155401813
H            3.53366350639455        0.50874122670805       -1.34229339718950
15
 energy: -20.079478944013 gnorm: 0.000647061676 xtb: 6.7.1 (edcfbbe)
C           -1.40914479792849        1.13196643970444       -0.08187005498999
C           -1.29971017463234       -0.22492844838280        0.60143915548589
C           -0.19805073016598       -1.08550499565212       -0.02703817363454
C            1.14430736506862       -0.48271679895370        0.19015280584538
N            1.88020664765545       -0.20623995965549       -0.79416515781233
O            3.11786341181108        0.35912598929642       -0.48545273956832
H           -0.46765747935672        1.67150510556139       -0.00936303691922
H           -1.64933275352856        1.00794576520730       -1.13550157825602
H           -2.18857306491725        1.73227508573934        0.38193388680515
H           -2.25139374250648       -0.75377639293215        0.51929432582666
H           -1.08592924471417       -0.08451723380088        1.66354476036545
H           -0.20975875882922       -2.07627217731346        0.43578476590884
H           -0.37049793828168       -1.19764618468016       -1.09798404370145
H            1.44955132678207       -0.28948818433963        1.22042309631413
H            3.53811993354373        0.49827199020361       -1.34526854131261
15
 energy: -20.079482142003 gnorm: 0.000282252598 xtb: 6.7.1 (edcfbbe)
C           -1.41099045036253        1.13235192308105       -0.07963130756677
C           -1.30075626357148       -0.22594838987811        0.60082581061184
C           -0.19715166192828       -1.08377874890518       -0.02697709038764
C            1.14463065242410       -0.47917269427803        0.18977856945035
N            1.88224258348794       -0.20943556220696       -0.79487137500651
O            3.12015525721791        0.35660060358884       -0.48789511465720
H           -0.47271176208690        1.67618731733356        0.00185714366702
H           -1.64206669366368        1.01013524453548       -1.13538832677931
H           -2.19692472123243        1.72766079021049        0.37955011517818
H           -2.25181582116465       -0.75567454343545        0.51611651765198
H           -1.08932777965633       -0.08720358343904        1.66365657205375
H           -0.20677175496767       -2.07471548732032        0.43574701479791
H           -0.36850716217793       -1.19677159701943       -1.09799593334330
H            1.44794870402723       -0.27955131451969        1.21904911284793
H            3.54204687365475        0.48931604225490       -1.34789223816123
15
 energy: -20.079483265208 gnorm: 0.000224481047 xtb: 6.7.1 (edcfbbe)
C           -1.41211665239951        1.13266103095076       -0.07829826922622
C           -1.30146310801094       -0.22660263960296        0.60029385517060
C           -0.19657646015399       -1.08271634318472       -0.02691419463202
C            1.14482736965107       -0.47682698693477        0.18978366374614
N            1.88365002944006       -0.21149776237788       -0.79532515298495
O            3.12176650566778        0.35506507917859       -0.48949689198131
H           -0.47544171649683        1.67842631402336        0.00769123584547
H           -1.63905152017506        1.01198079350320       -1.13504168389314
H           -2.20101502183001        1.72528260633288        0.37909724200262
H           -2.25184871634931       -0.75722796477808        0.51316504397178
H           -1.09207773347947       -0.08922805149380        1.66375926922555
H           -0.20500898077253       -2.07356642191106        0.43619106162695
H           -0.36710238683744       -1.19646191089842       -1.09803239803964
H            1.44704832772097       -0.27318567450578        1.21874648780724
H            3.54441006402528        0.48389793170079       -1.34968979828205
15
 energy: -20.079483733827 gnorm: 0.000122536002 xtb: 6.7.1 (edcfbbe)
C           -1.41288793449726        1.13288446317839       -0.07745898090190
C           -1.30221926141776       -0.22705661431548        0.59985058785627
C           -0.19600577809897       -1.08197693555864       -0.02664225729927
C            1.14509708921623       -0.47531832721581        0.18967887617328
N            1.88440281588689       -0.21226774080136       -0.79555218377229
O            3.12282643685218        0.35407470990040       -0.49045835892267
H           -0.47683326642447        1.67935077981994        0.01085985016163
H           -1.63781486179832        1.01315168309409       -1.13473247662789
H           -2.20316284750884        1.72423796096504        0.37920793466599
H           -2.25216838126079       -0.75815149276898        0.51089969781068
H           -1.09439484841141       -0.09050025133473        1.66368086039349
H           -0.20356981277377       -2.07270190295244        0.43679469254985
H           -0.36612053273609       -1.19642177306946       -1.09772592834112
H            1.44697907716469       -0.26986393835676        1.21831503282863
H            3.54587210580775        0.48055937941792       -1.35078787621766
