29
 energy: -37.926699205756 gnorm: 0.031144625758 xtb: 6.7.1 (edcfbbe)
O           -0.81577693759500       -1.90306226805000       -1.34166486267400
C           -0.91790825906000       -0.49257367637500       -1.13075830306900
C           -2.38188346251900       -0.10740724818700       -1.35477589692300
C           -2.64607849554600        1.35893034635900       -1.03899629639800
C           -2.20787282378300        1.70830607056300        0.37885331625300
C           -0.73986912852100        1.35996783933400        0.61022077117100
C           -0.44610796424900       -0.11759409800400        0.29385822860800
C            1.02753766146400       -0.43805659224800        0.51468507239600
C            2.03934489725800        0.17529484784500       -0.24022248397400
C            3.38123044732500       -0.14669138700600       -0.02732890517700
C            3.72976299497000       -1.08476601830900        0.94125900774800
C            2.73713159085400       -1.70137246604300        1.69870563742800
C            1.39494396806400       -1.38059722755800        1.48755853608600
H            0.11503539941300       -2.14857289877600       -1.18910997317500
H           -0.30142239406800       -0.00021081549400       -1.89232949128400
H           -2.66473810814300       -0.32378928236300       -2.39228000344300
H           -3.02898954931700       -0.74257734993600       -0.73536681375200
H           -3.71363644219300        1.57524626464300       -1.15838563591700
H           -2.10878733563600        1.99127867572400       -1.75631543108700
H           -2.83130246333300        1.16650791053500        1.10064173255500
H           -2.36516361569100        2.77757560372700        0.55999132184300
H           -0.12174690675400        2.01897316887300       -0.01262673481800
H           -0.47546013847000        1.57982006723400        1.65215428649300
H           -1.02646419204700       -0.72998016074000        0.99933920247600
H            1.79507377535900        0.91194259224300       -1.00215719440400
H            4.15554562982200        0.33665004264000       -0.61764889015500
H            4.77451695319600       -1.33400195342000        1.10698477845200
H            3.00713735960800       -2.43300523303800        2.45593601001200
H            0.63594753959100       -1.87623475417200        2.08977901473100
29
 energy: -37.928985194943 gnorm: 0.011409425587 xtb: 6.7.1 (edcfbbe)
O           -0.80361966758719       -1.88910660043897       -1.33621967858444
C           -0.91004463387090       -0.48532915667893       -1.12445698400695
C           -2.37447452942528       -0.10994326917607       -1.34414229208398
C           -2.63638249130011        1.35920882362123       -1.03842634649818
C           -2.20433730830066        1.70326466022297        0.38184259987622
C           -0.73312923035715        1.36195128711548        0.59993084658390
C           -0.44601359581919       -0.11459414926809        0.29835612278956
C            1.01903957217095       -0.44480204155910        0.50892345670119
C            2.02381397721866        0.16596968510500       -0.23812860964404
C            3.35780112797208       -0.14803412588124       -0.02591968585115
C            3.71096702569843       -1.07902438164357        0.93687050494425
C            2.72324108962513       -1.69264002643863        1.68836687060269
C            1.38993725567415       -1.37816917268117        1.47400280878814
H            0.11538805236801       -2.14284643326101       -1.17483655928564
H           -0.28729593624569        0.03249028641214       -1.86891859412671
H           -2.64067512901626       -0.33319823004644       -2.38115973933927
H           -2.99721802400004       -0.74749569214383       -0.70903241272118
H           -3.70172360729974        1.57098708662578       -1.16177749397239
H           -2.09090910340448        1.98708249205068       -1.74961874741624
H           -2.82238470125410        1.15037478989910        1.09561953218859
H           -2.36087263024899        2.76962622786637        0.56643004368295
H           -0.11311833133696        2.00120792107248       -0.03564032998555
H           -0.45842550892493        1.56849347099938        1.63865977089024
H           -1.03432989764961       -0.72852854423643        0.99146268468520
H            1.77409842708456        0.89867088294254       -0.99387349411555
H            4.12582036581285        0.33587451296392       -0.61455895224184
H            4.75173268207139       -1.32517706927969        1.10102891261385
H            2.99143640383970       -2.41958410004072        2.44334522207683
H            0.63167834650438       -1.86672913412220        2.07187054345147
29
 energy: -37.929435473679 gnorm: 0.004541658885 xtb: 6.7.1 (edcfbbe)
O           -0.78627371171749       -1.87764307437006       -1.34348857893890
C           -0.90144263226966       -0.48235409867018       -1.12196304993013
C           -2.36703595808438       -0.11383245021158       -1.33893343437759
C           -2.62768652547360        1.35695651698370       -1.03826097030996
C           -2.19854135420363        1.70021132066355        0.38392567173928
C           -0.72654877805889        1.36355121479033        0.59701292406262
C           -0.44912454752485       -0.11423556875778        0.30340939204780
C            1.00909857649851       -0.44496977089052        0.51317952654888
C            2.00861741192488        0.16417122005326       -0.23617298321991
C            3.33972095545079       -0.14852663576642       -0.02958904035525
C            3.69756190108788       -1.07724907978510        0.93134358506582
C            2.71260646301877       -1.69227758637626        1.68223239044697
C            1.38227479565959       -1.37829865953076        1.47181730526990
H            0.12442964366934       -2.13778754802894       -1.16686121034792
H           -0.27748734007427        0.05758550772492       -1.85367065331341
H           -2.63170974750697       -0.34601013256350       -2.37175586806366
H           -2.97423445237348       -0.74762464387997       -0.68975000295498
H           -3.69058932681551        1.57004961961775       -1.16756092491260
H           -2.07358323317633        1.97849338523761       -1.74570721193780
H           -2.80884085925645        1.13697654180708        1.09333655911209
H           -2.35899006908324        2.76368397942883        0.57396119199099
H           -0.11291505768022        1.98920995260174       -0.05443084191521
H           -0.44081252696356        1.57582876301087        1.63000899056556
H           -1.04378078329938       -0.72521274847261        0.99178874114904
H            1.75218104003974        0.89289009577350       -0.99083008116950
H            4.10292543421551        0.33780422447577       -0.61890448888934
H            4.73723465660467       -1.31817929836818        1.09520226929199
H            2.98076243527009       -2.41687177485901        2.43647616453755
H            0.62218359012111       -1.86633927163713        2.06418462880957
29
 energy: -37.929546769029 gnorm: 0.002416522666 xtb: 6.7.1 (edcfbbe)
O           -0.77215047307181       -1.86912259409629       -1.35272797832316
C           -0.89740390326343       -0.47967290605075       -1.12123902521801
C           -2.36499231019128       -0.11669014192248       -1.33497219873838
C           -2.62344949402669        1.35578896223044       -1.03900343165245
C           -2.19782430874888        1.69896079378000        0.38479826974757
C           -0.72462191542434        1.36557232051218        0.59317932161361
C           -0.45056327063964       -0.11405201757097        0.30661100427512
C            1.00434235897744       -0.44758480521742        0.51689890764357
C            2.00160153819946        0.16313810375074       -0.23498944301594
C            3.33292664587761       -0.14823736835310       -0.03087231875853
C            3.69309069210013       -1.07715607134220        0.92981800886904
C            2.70980609199200       -1.69478838030431        1.68184119722322
C            1.37870045223751       -1.38260340410582        1.47353177965337
H            0.13520333192791       -2.13103325787953       -1.16190416883191
H           -0.27619040261026        0.07292873689442       -1.84696884510363
H           -2.63382809207640       -0.35533126397520       -2.36443314607376
H           -2.96622920710455       -0.74682829349574       -0.67780759278580
H           -3.68465213557404        1.57220058794536       -1.17291051167984
H           -2.06309323805249        1.97346252121307       -1.74457334391645
H           -2.80415403478871        1.12961077259692        1.09226151594588
H           -2.36330873857002        2.76077138882962        0.57787438884877
H           -0.11578291846192        1.98486445092422       -0.06814284077986
H           -0.43114633040359        1.58609790933541        1.62192206889808
H           -1.05009952308188       -0.72126518822246        0.99395193468659
H            1.74089614922725        0.89201879264738       -0.98816199167318
H            4.09371030132980        0.33805382788042       -0.62331716279285
H            4.73296829555088       -1.31755754153460        1.09069180322873
H            2.97905052884009       -2.42129450416186        2.43375574780289
H            0.61719390982882       -1.87025143030651        2.06488805090924
29
 energy: -37.929605513130 gnorm: 0.001553467623 xtb: 6.7.1 (edcfbbe)
O           -0.75615818839745       -1.86049165346644       -1.36466688806381
C           -0.89518649360712       -0.47641172491387       -1.12108561986400
C           -2.36548057855032       -0.12032667205989       -1.33017613474185
C           -2.62225825082137        1.35383266240459       -1.04023151727492
C           -2.19856413381455        1.69772971696391        0.38433175381788
C           -0.72388221707262        1.36905654943983        0.58905332893551
C           -0.45110880297750       -0.11243538821639        0.30896712199041
C            1.00195589016201       -0.44865455569551        0.52198374356994
C            1.99836479082461        0.16309246521170       -0.23208934713002
C            3.33006966901865       -0.14991920454578       -0.03159132154793
C            3.69080175816964       -1.08099309496173        0.92762104691116
C            2.70875065428048       -1.70011462410670        1.68100055303719
C            1.37654495444648       -1.38694940546952        1.47638923536201
H            0.14883787881986       -2.12076294282394       -1.15653440589137
H           -0.28029552428876        0.08868302934097       -1.84265978587475
H           -2.64067654801305       -0.36632132737204       -2.35618762264895
H           -2.96279475644012       -0.74618466394214       -0.66536617971469
H           -3.68185511744543        1.57454090736008       -1.17937090290084
H           -2.05588638527187        1.96749170472473       -1.74467950530780
H           -2.80151559327384        1.12351628555476        1.09084363547295
H           -2.36985110763941        2.75806141147618        0.58008114626122
H           -0.12092992466450        1.98416344693574       -0.08155069737796
H           -0.42309116083434        1.59945532235137        1.61364396392207
H           -1.05499002522343       -0.71554575872946        0.99637054172064
H            1.73478901327042        0.89285762294233       -0.98376064477251
H            4.08974850834599        0.33699038014390       -0.62555516650305
H            4.73125499972906       -1.32089156547476        1.08687320480479
H            2.97939889522769       -2.42833696423771        2.43132015468587
H            0.61400779603974       -1.87513195883335        2.06702630912474
29
 energy: -37.929626238753 gnorm: 0.001212387381 xtb: 6.7.1 (edcfbbe)
O           -0.74329913449786       -1.85403330222024       -1.37293104657521
C           -0.89460477979235       -0.47269294373993       -1.12147145820715
C           -2.36762219194458       -0.12423477856351       -1.32523363391425
C           -2.62461583351521        1.35087839621050       -1.04080554749356
C           -2.20078032389111        1.69777466903974        0.38295869145792
C           -0.72479493410871        1.37320887010752        0.58519496241874
C           -0.45029887190551       -0.10919812099792        0.30937045982015
C            1.00281152582227       -0.44812299232860        0.52386950418440
C            2.00060082544067        0.16367738662753       -0.22934176455957
C            3.33215874711745       -0.15230482356951       -0.03012382175993
C            3.69082521894986       -1.08642785824109        0.92707905868755
C            2.70813969360820       -1.70505420165515        1.67997708914035
C            1.37574309929667       -1.38922282248273        1.47681122027359
H            0.16065766582076       -2.10909080231418       -1.15246562392964
H           -0.28742423103838        0.10060050344535       -1.84240025530431
H           -2.64804906575467       -0.37655121752588       -2.34872447599833
H           -2.96257628208752       -0.74725139561347       -0.65499874447130
H           -3.68360928128279        1.57331193255419       -1.18226397047666
H           -2.05668494760946        1.96184501850763       -1.74657572275844
H           -2.80141764451002        1.12197279483292        1.09050680541840
H           -2.37595996193404        2.75752983769514        0.57904344245430
H           -0.12597610247478        1.98763303530763       -0.08989524211462
H           -0.42093844597896        1.60970777161001        1.60748540471489
H           -1.05544022154570       -0.71009045223748        0.99784336792803
H            1.73768988457735        0.89585335104653       -0.97894465413656
H            4.09272710408897        0.33369988863394       -0.62405890577976
H            4.73114986717092       -1.33005210994540        1.08421848622457
H            2.97859769731845       -2.43604685052455        2.42816113115663
H            0.61299092465900       -1.87731878365817        2.06771524360168
29
 energy: -37.929637995819 gnorm: 0.000585247365 xtb: 6.7.1 (edcfbbe)
O           -0.73831378411028       -1.85193627878396       -1.37389234529609
C           -0.89442641396304       -0.47063825173568       -1.12156339289893
C           -2.36862938027835       -0.12663241881585       -1.32275902206913
C           -2.62806692592556        1.34834418577075       -1.04057837315708
C           -2.20207022935630        1.69839082639175        0.38164720122390
C           -0.72546669384309        1.37596442431090        0.58400359927940
C           -0.44912191123609       -0.10608778501779        0.30853472307778
C            1.00457075652964       -0.44512129549256        0.52344776126135
C            2.00418786311490        0.16540822215862       -0.22792194016912
C            3.33496205996557       -0.15434266004146       -0.02897854707673
C            3.69107498927969       -1.09127516993254        0.92624567287736
C            2.70664585429709       -1.70796594818808        1.67803109963234
C            1.37523182005919       -1.38809237326009        1.47521894729030
H            0.16563326253874       -2.10296981551716       -1.15066751405489
H           -0.29084934267679        0.10472941324259       -1.84344517457492
H           -2.65032413029061       -0.38147574063209       -2.34536925349049
H           -2.96145793867810       -0.74971771338431       -0.65053694289336
H           -3.68774630258870        1.56868345781211       -1.18041489441959
H           -2.06286977479481        1.95911389467596       -1.74871755423830
H           -2.80181086939253        1.12408192762442        1.09126865355239
H           -2.37765260393251        2.75848658999600        0.57566570633573
H           -0.12724513744826        1.99136523946646       -0.09074098317022
H           -0.42282393685695        1.61265766010728        1.60649023074933
H           -1.05299349869781       -0.70739373232359        0.99766687293371
H            1.74377371214356        0.89917684724426       -0.97671447343004
H            4.09720454318642        0.33117140680591       -0.62100702305943
H            4.73077077606172       -1.33777855687901        1.08362293343548
H            2.97541848674288       -2.44009915245195        2.42562839583406
H            0.61239475014929       -1.87604720315011        2.06583563651713
29
 energy: -37.929647533180 gnorm: 0.000639834547 xtb: 6.7.1 (edcfbbe)
O           -0.73167529438598       -1.84891986430547       -1.37410899837416
C           -0.89267033431160       -0.46791849536934       -1.12152466726927
C           -2.36836548852048       -0.12973746876490       -1.32008520196760
C           -2.63197839565031        1.34486492095336       -1.03991097567995
C           -2.20340808454468        1.69997095754866        0.38031577072886
C           -0.72615458170636        1.37948260748014        0.58255930887168
C           -0.44780146738479       -0.10219251780771        0.30800139360056
C            1.00588757182217       -0.44183129719340        0.52254357229200
C            2.00735954294670        0.16763149702755       -0.22669589702382
C            3.33714714683707       -0.15610528823015       -0.02760742095675
C            3.69057941381516       -1.09620157396615        0.92544634209421
C            2.70402742843388       -1.71132087107579        1.67569634082084
C            1.37386103156144       -1.38726793452289        1.47269023398763
H            0.17212781453919       -2.09653961326728       -1.14702873567513
H           -0.29198883986642        0.10992891434837       -1.84396996246510
H           -2.65121004128385       -0.38754637218568       -2.34153799652933
H           -2.95709439797378       -0.75359727532472       -0.64511847290424
H           -3.69297733406728        1.56094913721237       -1.17651008373435
H           -2.07143445629684        1.95606774808045       -1.75135730312327
H           -2.80152555888007        1.12764812591232        1.09291462650867
H           -2.37937429471564        2.76066752098323        0.57086502948968
H           -0.12817145464921        1.99551795538919       -0.09183132223900
H           -0.42496664498659        1.61635628876507        1.60543137464989
H           -1.05073238906860       -0.70395526699945        0.99753301075081
H            1.74979078286243        0.90398170453210       -0.97397704542577
H            4.10109638636132        0.32799480637818       -0.61844902565029
H            4.72924926037434       -1.34748042894090        1.08151061466348
H            2.97017903590884       -2.44617038968504        2.42141193341677
H            0.61022364282881       -1.87427752697141        2.06279355714488
29
 energy: -37.929653497087 gnorm: 0.000541425884 xtb: 6.7.1 (edcfbbe)
O           -0.72456723313472       -1.84583132292123       -1.37423387478774
C           -0.89053713643488       -0.46563907396973       -1.12110851076059
C           -2.36757894037613       -0.13268312823650       -1.31775248748940
C           -2.63572972204136        1.34147613114189       -1.03928592967706
C           -2.20425334719796        1.70118276391366        0.37904679067030
C           -0.72620790145710        1.38331004637156        0.58087724380455
C           -0.44648904243112       -0.09827273420844        0.30803948485119
C            1.00667523598557       -0.43815640503762        0.52357289427193
C            2.00942107046344        0.17041881283134       -0.22452681477738
C            3.33828690859680       -0.15803855731954       -0.02683561551665
C            3.68955312645964       -1.10182427753228        0.92339264840644
C            2.70154531792439       -1.71581279614213        1.67279680280883
C            1.37243197763288       -1.38694513750016        1.47130931642759
H            0.17903751546159       -2.09110605845819       -1.14392795592325
H           -0.29212427505613        0.11468647019885       -1.84364557477972
H           -2.65161843773433       -0.39296553927360       -2.33808552707487
H           -2.95209908092533       -0.75758258742620       -0.64034135009941
H           -3.69808189233914        1.55306670874338       -1.17264640149087
H           -2.07989706954756        1.95347446661801       -1.75370749186267
H           -2.80057823306560        1.13088735692055        1.09471988532749
H           -2.38090811786801        2.76236223958580        0.56601112276688
H           -0.12907083787255        1.99927113755534       -0.09434892404868
H           -0.42525028572605        1.62171694135018        1.60355773554178
H           -1.04962240425572       -0.69969193586767        0.99769901553623
H            1.75379221044756        0.90881836596657       -0.97048848521627
H            4.10350141852666        0.32582298700363       -0.61623490447862
H            4.72753353242652       -1.35556539733185        1.07924840909444
H            2.96553077985668       -2.45274450651506        2.41713966923100
H            0.60730486368081       -1.87363497045988        2.05975882924643
29
 energy: -37.929657281610 gnorm: 0.000376454677 xtb: 6.7.1 (edcfbbe)
O           -0.71951824218591       -1.84373497267931       -1.37357044627248
C           -0.88867708237676       -0.46416821502234       -1.12052817704159
C           -2.36668778116633       -0.13498446374488       -1.31602235166840
C           -2.63848017372100        1.33872086985528       -1.03846893244265
C           -2.20480749094415        1.70262429474371        0.37823081270709
C           -0.72618712138778        1.38662281894175        0.57892378707811
C           -0.44552346524203       -0.09521233806074        0.30854625692628
C            1.00711071409544       -0.43639436859848        0.52431117288380
C            2.01073881097370        0.17243014524919       -0.22248437127507
C            3.33906734321964       -0.15858844508532       -0.02536131172952
C            3.68881706351799       -1.10509810189981        0.92267441065993
C            2.69994063954485       -1.71922589704890        1.67087934855189
C            1.37140688792213       -1.38789505214078        1.47001448176394
H            0.18419647762017       -2.08764068697818       -1.14252631427986
H           -0.29185883469192        0.11752374946867       -1.84335128460141
H           -2.65123701604004       -0.39672478016775       -2.33578933611263
H           -2.94870719555613       -0.76085435413402       -0.63747560626999
H           -3.70191476511102        1.54654683987067       -1.16915551495810
H           -2.08676955219867        1.95153716597065       -1.75534702350998
H           -2.79943117656273        1.13381804262579        1.09648736606825
H           -2.38226100156088        2.76417924301616        0.56238845564292
H           -0.13034701225160        2.00210583446510       -0.09790796935318
H           -0.42457606843921        1.62729671272075        1.60091044421982
H           -1.04931117196384       -0.69564565781104        0.99853762096457
H            1.75625186779871        0.91318815602335       -0.96648343942810
H            4.10499972823333        0.32469544092918       -0.61435127875127
H            4.72629591373670       -1.36205616295874        1.07669961644339
H            2.96247806713161       -2.45903175948998        2.41291612668953
H            0.60499163760456       -1.87403405805937        2.05730345709661
29
 energy: -37.929660119296 gnorm: 0.000259407448 xtb: 6.7.1 (edcfbbe)
O           -0.71618960073539       -1.84258371517167       -1.37224958562930
C           -0.88746318750300       -0.46344047845473       -1.11956504547852
C           -2.36609342218827       -0.13680759836736       -1.31463133033729
C           -2.64057795598437        1.33657728959516       -1.03779929555825
C           -2.20500855346244        1.70364309071214        0.37755963547105
C           -0.72574677936949        1.38960721725055        0.57652913213024
C           -0.44484198755317       -0.09272333249303        0.30939066376103
C            1.00735817250675       -0.43479236457264        0.52570627129082
C            2.01158954466770        0.17474943340196       -0.21980720772362
C            3.33953616493713       -0.15855500785736       -0.02381711784684
C            3.68814798109495       -1.10810128299297        0.92162971911097
C            2.69871150790451       -1.72283197749523        1.66863337668733
C            1.37056257929327       -1.38918669844707        1.46901717695419
H            0.18811129255583       -2.08541665879975       -1.14177829224857
H           -0.29161435183177        0.11920324146285       -1.84250724063126
H           -2.65061739066793       -0.39938511166716       -2.33422472111024
H           -2.94672567900442       -0.76354887377981       -0.63564860428408
H           -3.70483097595327        1.54155105134426       -1.16633690415216
H           -2.09202353874392        1.94995826828951       -1.75663993107561
H           -2.79790354918329        1.13577665828207        1.09801759511609
H           -2.38338739287900        2.76541791774975        0.55965724756017
H           -0.13171064026093        2.00391374146927       -0.10301565406461
H           -0.42250945955903        1.63325663093695        1.59734416242187
H           -1.04934288699436       -0.69169490773993        1.00003038763174
H            1.75764314342538        0.91756563695445       -0.96190702232153
H            4.10594715537753        0.32524764363156       -0.61178569010568
H            4.72534680329498       -1.36678285571017        1.07469869772567
H            2.96042940514150       -2.46492916551225        2.40868665130209
H            0.60320360167331       -1.87568779201877        2.05481292540623
29
 energy: -37.929662843324 gnorm: 0.000318943779 xtb: 6.7.1 (edcfbbe)
O           -0.71426068325686       -1.84258273332741       -1.36917746707927
C           -0.88675367967345       -0.46348667664100       -1.11796268905389
C           -2.36572963008809       -0.13848338057257       -1.31318939160200
C           -2.64276004228502        1.33463537552543       -1.03720830843984
C           -2.20496684196143        1.70475508183807        0.37670340620112
C           -0.72501261967983        1.39289695394079        0.57365258900067
C           -0.44410700347053       -0.09005235201410        0.31044185866641
C            1.00768059810742       -0.43327693427067        0.52707862170821
C            2.01259368087350        0.17776074202888       -0.21636829578702
C            3.34017522434620       -0.15751228472693       -0.02137560866263
C            3.68763181577680       -1.11072279040767        0.92083177397293
C            2.69755244392103       -1.72697815753330        1.66573493971033
C            1.36974011098213       -1.39126369087899        1.46725467561239
H            0.19119482087577       -2.08402839301743       -1.14162890919465
H           -0.29150611374700        0.11898221499322       -1.84148343916272
H           -2.64986474597982       -0.40172259343069       -2.33277351210336
H           -2.94562735010010       -0.76597035307751       -0.63421474826295
H           -3.70775278253849        1.53706402781107       -1.16379377712564
H           -2.09713169801266        1.94837553900445       -1.75796540703059
H           -2.79583875833426        1.13758267905229        1.09935064490359
H           -2.38448336568286        2.76663970060509        0.55704237876174
H           -0.13337599117044        2.00537656890539       -0.10955282644316
H           -0.41938619259461        1.64045359788565        1.59279788857555
H           -1.04910811936739       -0.68708241724115        1.00226542543711
H            1.75923560421440        0.92327262699673       -0.95594848258187
H            4.10710302872813        0.32744805716693       -0.60772266470227
H            4.72454612627916       -1.37125365610368        1.07280326714724
H            2.95853829380768       -2.47202170004000        2.40312208750784
H            0.60167387002938       -1.87880505247033        2.05128597002866
29
 energy: -37.929664993711 gnorm: 0.000310931331 xtb: 6.7.1 (edcfbbe)
O           -0.71354703881638       -1.84324413591768       -1.36491640251465
C           -0.88639875037475       -0.46379817743175       -1.11617805842959
C           -2.36575412784970       -0.14024853468563       -1.31147267794316
C           -2.64435752045367        1.33284552325694       -1.03678785293543
C           -2.20495312451596        1.70596127265554        0.37584026572317
C           -0.72421458794440        1.39630519954494        0.57009990474062
C           -0.44347439255799       -0.08742518320125        0.31154481720495
C            1.00806546741247       -0.43156113447419        0.52832991065930
C            2.01380812053771        0.18149010971366       -0.21237850279316
C            3.34104178777630       -0.15575384234502       -0.01832544738553
C            3.68727057942778       -1.11328247225926        0.91998751657449
C            2.69637582455385       -1.73163340489175        1.66205107709498
C            1.36891634154066       -1.39372053093684        1.46471730734825
H            0.19334783465675       -2.08310181633874       -1.14099508518635
H           -0.29151829189482        0.11773238389587       -1.84079578534151
H           -2.64965150653787       -0.40447573718657       -2.33093126237251
H           -2.94517355591451       -0.76790690685657       -0.63211444433736
H           -3.70990198020320        1.53327172246249       -1.16174382294027
H           -2.10114854442514        1.94651993714054       -1.75945124577333
H           -2.79366925517575        1.13904158550846        1.10046821905827
H           -2.38574271904253        2.76787582766497        0.55478008572904
H           -0.13512485816082        2.00679764653699       -0.11701484143328
H           -0.41615892168556        1.64791101930890        1.58743162129388
H           -1.04869579104836       -0.68233624924686        1.00500423468627
H            1.76123828343415        0.92996240705975       -0.94922030904413
H            4.10863926987604        0.33105141374842       -0.60227287249298
H            4.72391432925918       -1.37522507673566        1.07140843464989
H            2.95655309568247       -2.47990230581527        2.39646960920874
H            0.60031403244280       -1.88315054017391        2.04646560695333
29
 energy: -37.929666373318 gnorm: 0.000260203817 xtb: 6.7.1 (edcfbbe)
O           -0.71363366775888       -1.84456287972048       -1.36105937265855
C           -0.88655515520082       -0.46460289616494       -1.11458180389388
C           -2.36601990358471       -0.14147301457188       -1.30984364121710
C           -2.64564731211372        1.33175686309025       -1.03682217076437
C           -2.20485592717976        1.70687013254677        0.37483345447638
C           -0.72359015356958        1.39892644167462        0.56775223909683
C           -0.44287187638172       -0.08523795595615        0.31216690516064
C            1.00849968239280       -0.43020540736872        0.52878985418758
C            2.01499984465342        0.18473714220014       -0.20927324470572
C            3.34195066124256       -0.15376622117202       -0.01549082603221
C            3.68715216078352       -1.11475976462315        0.91965702762391
C            2.69545007222785       -1.73529609007786        1.65880154604103
C            1.36829367842557       -1.39594321758711        1.46188303424896
H            0.19434396724720       -2.08309596718605       -1.13985582967127
H           -0.29192047907071        0.11577335695567       -1.84035236768041
H           -2.65009099531327       -0.40697864203869       -2.32893233377361
H           -2.94492716197010       -0.76873968574814       -0.62967668807808
H           -3.71145493644641        1.53129369090634       -1.16116815326368
H           -2.10343702892157        1.94485674290644       -1.76070343116102
H           -2.79203491859038        1.14007461413534        1.10076544066607
H           -2.38667737048365        2.76874137179181        0.55285595326673
H           -0.13641751508261        2.00790029413480       -0.12226575820276
H           -0.41369082893224        1.65348708095532        1.58377659161961
H           -1.04795701581179       -0.67861950691338        1.00698737520701
H            1.76330801411007        0.93586916658848       -0.94370760305977
H            4.11017699159312        0.33462262863584       -0.59727482728351
H            4.72354227936131       -1.37801517106402        1.07060392556838
H            2.95477863330330       -2.48651912951351        2.39050625725762
H            0.59928626106996       -1.88709397681520        2.04162844702715
29
 energy: -37.929667422133 gnorm: 0.000147139656 xtb: 6.7.1 (edcfbbe)
O           -0.71425718343110       -1.84551648060793       -1.35807708252933
C           -0.88685202898304       -0.46508131290998       -1.11364237397845
C           -2.36646713306487       -0.14236676627971       -1.30860890260386
C           -2.64595369702367        1.33114912640083       -1.03712689251524
C           -2.20486713389713        1.70761772226780        0.37405543217074
C           -0.72334993511389        1.40040866901459        0.56623945994454
C           -0.44246400284291       -0.08399121959044        0.31243062757508
C            1.00890354676073       -0.42920741089606        0.52882971016453
C            2.01594329084914        0.18721033974059       -0.20719164548320
C            3.34270695177207       -0.15213099229115       -0.01347728584506
C            3.68720110655078       -1.11559915057816        0.91936178653143
C            2.69489831705252       -1.73783473650438        1.65624636931387
C            1.36797678223659       -1.39750604958270        1.45951347258303
H            0.19413158732875       -2.08338000580058       -1.13811038410215
H           -0.29237519923353        0.11399709229275       -1.84057172779655
H           -2.65112317033585       -0.40925633108524       -2.32716008036050
H           -2.94492144194672       -0.76876332145826       -0.62727150716409
H           -3.71175256883043        1.53062511866708       -1.16152063858308
H           -2.10383697094653        1.94345749595925       -1.76173176952756
H           -2.79135732502309        1.14091476442520        1.10059887500517
H           -2.38718775328272        2.76948238534784        0.55155181795226
H           -0.13697820375819        2.00876482346342       -0.12491089139261
H           -0.41285638799608        1.65629126824978        1.58168733749462
H           -1.04721982614236       -0.67655526597279        1.00823970475742
H            1.76497951357167        0.94011839008540       -0.94004381713576
H            4.11143482886523        0.33761890072921       -0.59344314919473
H            4.72344021203480       -1.37935142000035        1.07040037432084
H            2.95354938339016       -2.49101400163859        2.38614037978480
H            0.59865444143842       -1.89010163144691        2.03759280061584
29
 energy: -37.929668369763 gnorm: 0.000145232579 xtb: 6.7.1 (edcfbbe)
O           -0.71487995406806       -1.84646151327703       -1.35628043683380
C           -0.88718104178753       -0.46566943072952       -1.11308328357046
C           -2.36685859172709       -0.14297169931634       -1.30751509744641
C           -2.64567223274801        1.33095347691878       -1.03771334928978
C           -2.20482948933495        1.70818058317141        0.37332398260952
C           -0.72327209294568        1.40115729518612        0.56567139367795
C           -0.44235418615713       -0.08336249817431        0.31250916036363
C            1.00909622012346       -0.42860224808839        0.52852962070327
C            2.01646995312643        0.18906958354960       -0.20591724923013
C            3.34316015413284       -0.15057975233974       -0.01204887697579
C            3.68726063287316       -1.11575965550062        0.91913573817855
C            2.69457418994841       -1.73947894710854        1.65422358123441
C            1.36778594271528       -1.39871822195112        1.45745396148365
H            0.19333375503212       -2.08426176588570       -1.13559116869061
H           -0.29284204280569        0.11263632431567       -1.84081473792035
H           -2.65227185532815       -0.41125520390152       -2.32544521266026
H           -2.94491197813609       -0.76823295649685       -0.62483353725965
H           -3.71128418877143        1.53101759386772       -1.16270692669630
H           -2.10285799399803        1.94224150638324       -1.76265594074581
H           -2.79134325592011        1.14175415244370        1.10007286366549
H           -2.38717234749605        2.77010902065953        0.55034139704750
H           -0.13688955395268        2.00937872134693       -0.12562265352755
H           -0.41297463846324        1.65734111453992        1.58110805066340
H           -1.04674042783259       -0.67564821888373        1.00890251063041
H            1.76600021977747        0.94322690877643       -0.93763886961783
H            4.11222330856205        0.34025285533098       -0.59064113574463
H            4.72343213320480       -1.37970424799312        1.07030501636524
H            2.95276661136776       -2.49411616405874        2.38274548421690
H            0.59823275060747       -1.89249661278427        2.03418571537144
